2026-08-12 04:46:52,444 [INFO] __main__: Logging to file: logs/pipeline_run_2026-08-12T04-46-52Z.log
2026-08-12 04:46:52,444 [INFO] __main__: === Stage 1/8: Ingestion ===
2026-08-12 04:46:52,477 [INFO] src.ingestion: [ACC.NS] fetching fresh data
2026-08-12 04:46:53,514 [INFO] src.ingestion: [AMBUJACEM.NS] fetching fresh data
2026-08-12 04:46:54,473 [INFO] src.ingestion: [ULTRACEMCO.NS] fetching fresh data
2026-08-12 04:46:55,562 [INFO] src.ingestion: [SHREECEM.NS] fetching fresh data
2026-08-12 04:46:56,518 [INFO] src.ingestion: [JKCEMENT.NS] fetching fresh data
2026-08-12 04:46:57,465 [INFO] src.ingestion: [RAMCOCEM.NS] fetching fresh data
2026-08-12 04:46:58,389 [INFO] src.ingestion: [HEIDELBERG.NS] fetching fresh data
2026-08-12 04:46:59,224 [INFO] src.ingestion: [DALBHARAT.NS] fetching fresh data
2026-08-12 04:47:00,200 [INFO] src.ingestion: [INFY.NS] fetching fresh data
2026-08-12 04:47:01,107 [INFO] src.ingestion: [TCS.NS] fetching fresh data
2026-08-12 04:47:01,973 [INFO] src.ingestion: [WIPRO.NS] fetching fresh data
2026-08-12 04:47:02,905 [INFO] src.ingestion: [HCLTECH.NS] fetching fresh data
2026-08-12 04:47:03,793 [INFO] src.ingestion: [TECHM.NS] fetching fresh data
2026-08-12 04:47:04,624 [INFO] src.ingestion: [LTIM.NS] fetching fresh data
2026-08-12 04:47:04,803 [ERROR] yfinance: HTTP Error 404: {"quoteSummary":{"result":null,"error":{"code":"Not Found","description":"Quote not found for symbol: LTIM.NS"}}}
2026-08-12 04:47:04,932 [WARNING] src.ingestion: [LTIM.NS] attempt 1 failed: yfinance returned an empty info payload for LTIM.NS (no exception, but no usable data — likely a transient Yahoo-side issue or an invalid/delisted symbol)
2026-08-12 04:47:07,104 [ERROR] yfinance: HTTP Error 404: {"quoteSummary":{"result":null,"error":{"code":"Not Found","description":"Quote not found for symbol: LTIM.NS"}}}
2026-08-12 04:47:07,161 [WARNING] src.ingestion: [LTIM.NS] attempt 2 failed: yfinance returned an empty info payload for LTIM.NS (no exception, but no usable data — likely a transient Yahoo-side issue or an invalid/delisted symbol)
2026-08-12 04:47:11,313 [ERROR] yfinance: HTTP Error 404: {"quoteSummary":{"result":null,"error":{"code":"Not Found","description":"Quote not found for symbol: LTIM.NS"}}}
2026-08-12 04:47:11,359 [WARNING] src.ingestion: [LTIM.NS] attempt 3 failed: yfinance returned an empty info payload for LTIM.NS (no exception, but no usable data — likely a transient Yahoo-side issue or an invalid/delisted symbol)
2026-08-12 04:47:11,760 [INFO] src.ingestion: [PERSISTENT.NS] fetching fresh data
2026-08-12 04:47:12,626 [INFO] src.ingestion: [COFORGE.NS] fetching fresh data
2026-08-12 04:47:13,632 [INFO] src.ingestion: [MPHASIS.NS] fetching fresh data
2026-08-12 04:47:14,569 [INFO] src.ingestion: [LTTS.NS] fetching fresh data
2026-08-12 04:47:15,500 [INFO] src.ingestion: [TATAELXSI.NS] fetching fresh data
2026-08-12 04:47:16,325 [INFO] src.ingestion: [CYIENT.NS] fetching fresh data
2026-08-12 04:47:17,320 [INFO] src.ingestion: [KPITTECH.NS] fetching fresh data
2026-08-12 04:47:18,310 [INFO] src.ingestion: [HDFCBANK.NS] fetching fresh data
2026-08-12 04:47:19,255 [INFO] src.ingestion: [ICICIBANK.NS] fetching fresh data
2026-08-12 04:47:20,264 [INFO] src.ingestion: [SBIN.NS] fetching fresh data
2026-08-12 04:47:21,024 [INFO] src.ingestion: [AXISBANK.NS] fetching fresh data
2026-08-12 04:47:21,810 [INFO] src.ingestion: [KOTAKBANK.NS] fetching fresh data
2026-08-12 04:47:22,761 [INFO] src.ingestion: [INDUSINDBK.NS] fetching fresh data
2026-08-12 04:47:23,599 [INFO] src.ingestion: [FEDERALBNK.NS] fetching fresh data
2026-08-12 04:47:24,548 [INFO] src.ingestion: [BANDHANBNK.NS] fetching fresh data
2026-08-12 04:47:25,306 [INFO] src.ingestion: [IDFCFIRSTB.NS] fetching fresh data
2026-08-12 04:47:26,176 [INFO] src.ingestion: [PNB.NS] fetching fresh data
2026-08-12 04:47:26,901 [INFO] src.ingestion: [BANKBARODA.NS] fetching fresh data
2026-08-12 04:47:27,738 [INFO] src.ingestion: [CANBK.NS] fetching fresh data
2026-08-12 04:47:28,610 [INFO] src.ingestion: [UNIONBANK.NS] fetching fresh data
2026-08-12 04:47:29,529 [INFO] src.ingestion: [AUBANK.NS] fetching fresh data
2026-08-12 04:47:30,398 [INFO] src.ingestion: [RBLBANK.NS] fetching fresh data
2026-08-12 04:47:31,217 [INFO] src.ingestion: [BANKINDIA.NS] fetching fresh data
2026-08-12 04:47:32,003 [INFO] src.ingestion: [CENTRALBK.NS] fetching fresh data
2026-08-12 04:47:32,963 [INFO] src.ingestion: [IOB.NS] fetching fresh data
2026-08-12 04:47:33,756 [INFO] src.ingestion: [UCOBANK.NS] fetching fresh data
2026-08-12 04:47:34,723 [INFO] src.ingestion: [BAJFINANCE.NS] fetching fresh data
2026-08-12 04:47:35,528 [INFO] src.ingestion: [BAJAJFINSV.NS] fetching fresh data
2026-08-12 04:47:36,393 [INFO] src.ingestion: [CHOLAFIN.NS] fetching fresh data
2026-08-12 04:47:37,289 [INFO] src.ingestion: [MUTHOOTFIN.NS] fetching fresh data
2026-08-12 04:47:38,117 [INFO] src.ingestion: [LICHSGFIN.NS] fetching fresh data
2026-08-12 04:47:38,956 [INFO] src.ingestion: [SHRIRAMFIN.NS] fetching fresh data
2026-08-12 04:47:39,799 [INFO] src.ingestion: [PFC.NS] fetching fresh data
2026-08-12 04:47:40,610 [INFO] src.ingestion: [RECLTD.NS] fetching fresh data
2026-08-12 04:47:41,599 [INFO] src.ingestion: [IRFC.NS] fetching fresh data
2026-08-12 04:47:42,432 [INFO] src.ingestion: [HUDCO.NS] fetching fresh data
2026-08-12 04:47:43,329 [INFO] src.ingestion: [BAJAJHLDNG.NS] fetching fresh data
2026-08-12 04:47:44,175 [INFO] src.ingestion: [SBICARD.NS] fetching fresh data
2026-08-12 04:47:45,103 [INFO] src.ingestion: [MANAPPURAM.NS] fetching fresh data
2026-08-12 04:47:45,970 [INFO] src.ingestion: [POONAWALLA.NS] fetching fresh data
2026-08-12 04:47:46,806 [INFO] src.ingestion: [HDFCLIFE.NS] fetching fresh data
2026-08-12 04:47:47,650 [INFO] src.ingestion: [SBILIFE.NS] fetching fresh data
2026-08-12 04:47:48,579 [INFO] src.ingestion: [ICICIPRULI.NS] fetching fresh data
2026-08-12 04:47:49,479 [INFO] src.ingestion: [ICICIGI.NS] fetching fresh data
2026-08-12 04:47:50,350 [INFO] src.ingestion: [LICI.NS] fetching fresh data
2026-08-12 04:47:51,226 [INFO] src.ingestion: [GICRE.NS] fetching fresh data
2026-08-12 04:47:52,170 [INFO] src.ingestion: [MARUTI.NS] fetching fresh data
2026-08-12 04:47:53,066 [INFO] src.ingestion: [TMPV.NS] fetching fresh data
2026-08-12 04:47:53,987 [INFO] src.ingestion: [TMCV.NS] fetching fresh data
2026-08-12 04:47:54,892 [INFO] src.ingestion: [M&M.NS] fetching fresh data
2026-08-12 04:47:55,714 [INFO] src.ingestion: [EICHERMOT.NS] fetching fresh data
2026-08-12 04:47:56,673 [INFO] src.ingestion: [HEROMOTOCO.NS] fetching fresh data
2026-08-12 04:47:57,529 [INFO] src.ingestion: [BAJAJ-AUTO.NS] fetching fresh data
2026-08-12 04:47:58,472 [INFO] src.ingestion: [TVSMOTOR.NS] fetching fresh data
2026-08-12 04:47:59,478 [INFO] src.ingestion: [ASHOKLEY.NS] fetching fresh data
2026-08-12 04:48:00,414 [INFO] src.ingestion: [BHARATFORG.NS] fetching fresh data
2026-08-12 04:48:01,433 [INFO] src.ingestion: [MOTHERSON.NS] fetching fresh data
2026-08-12 04:48:02,347 [INFO] src.ingestion: [BOSCHLTD.NS] fetching fresh data
2026-08-12 04:48:03,316 [INFO] src.ingestion: [MRF.NS] fetching fresh data
2026-08-12 04:48:04,258 [INFO] src.ingestion: [ENDURANCE.NS] fetching fresh data
2026-08-12 04:48:05,218 [INFO] src.ingestion: [EXIDEIND.NS] fetching fresh data
2026-08-12 04:48:06,160 [INFO] src.ingestion: [ARE&M.NS] fetching fresh data
2026-08-12 04:48:07,068 [INFO] src.ingestion: [SUNDRMFAST.NS] fetching fresh data
2026-08-12 04:48:07,910 [INFO] src.ingestion: [UNOMINDA.NS] fetching fresh data
2026-08-12 04:48:08,905 [INFO] src.ingestion: [SUNPHARMA.NS] fetching fresh data
2026-08-12 04:48:09,764 [INFO] src.ingestion: [DRREDDY.NS] fetching fresh data
2026-08-12 04:48:10,661 [INFO] src.ingestion: [CIPLA.NS] fetching fresh data
2026-08-12 04:48:11,659 [INFO] src.ingestion: [DIVISLAB.NS] fetching fresh data
2026-08-12 04:48:12,604 [INFO] src.ingestion: [LUPIN.NS] fetching fresh data
2026-08-12 04:48:13,435 [INFO] src.ingestion: [AUROPHARMA.NS] fetching fresh data
2026-08-12 04:48:14,293 [INFO] src.ingestion: [BIOCON.NS] fetching fresh data
2026-08-12 04:48:15,171 [INFO] src.ingestion: [TORNTPHARM.NS] fetching fresh data
2026-08-12 04:48:16,054 [INFO] src.ingestion: [ALKEM.NS] fetching fresh data
2026-08-12 04:48:16,954 [INFO] src.ingestion: [ABBOTINDIA.NS] fetching fresh data
2026-08-12 04:48:17,759 [INFO] src.ingestion: [APOLLOHOSP.NS] fetching fresh data
2026-08-12 04:48:18,802 [INFO] src.ingestion: [FORTIS.NS] fetching fresh data
2026-08-12 04:48:19,654 [INFO] src.ingestion: [LALPATHLAB.NS] fetching fresh data
2026-08-12 04:48:20,611 [INFO] src.ingestion: [METROPOLIS.NS] fetching fresh data
2026-08-12 04:48:21,631 [INFO] src.ingestion: [GLAND.NS] fetching fresh data
2026-08-12 04:48:22,431 [INFO] src.ingestion: [LAURUSLABS.NS] fetching fresh data
2026-08-12 04:48:23,323 [INFO] src.ingestion: [GLENMARK.NS] fetching fresh data
2026-08-12 04:48:24,194 [INFO] src.ingestion: [IPCALAB.NS] fetching fresh data
2026-08-12 04:48:25,056 [INFO] src.ingestion: [HINDUNILVR.NS] fetching fresh data
2026-08-12 04:48:25,896 [INFO] src.ingestion: [ITC.NS] fetching fresh data
2026-08-12 04:48:26,728 [INFO] src.ingestion: [NESTLEIND.NS] fetching fresh data
2026-08-12 04:48:27,603 [INFO] src.ingestion: [BRITANNIA.NS] fetching fresh data
2026-08-12 04:48:28,503 [INFO] src.ingestion: [DABUR.NS] fetching fresh data
2026-08-12 04:48:29,313 [INFO] src.ingestion: [GODREJCP.NS] fetching fresh data
2026-08-12 04:48:30,185 [INFO] src.ingestion: [MARICO.NS] fetching fresh data
2026-08-12 04:48:31,033 [INFO] src.ingestion: [COLPAL.NS] fetching fresh data
2026-08-12 04:48:31,851 [INFO] src.ingestion: [TATACONSUM.NS] fetching fresh data
2026-08-12 04:48:32,669 [INFO] src.ingestion: [VBL.NS] fetching fresh data
2026-08-12 04:48:33,490 [INFO] src.ingestion: [UNITDSPR.NS] fetching fresh data
2026-08-12 04:48:34,416 [INFO] src.ingestion: [EMAMILTD.NS] fetching fresh data
2026-08-12 04:48:35,341 [INFO] src.ingestion: [TATASTEEL.NS] fetching fresh data
2026-08-12 04:48:36,368 [INFO] src.ingestion: [JSWSTEEL.NS] fetching fresh data
2026-08-12 04:48:37,219 [INFO] src.ingestion: [HINDALCO.NS] fetching fresh data
2026-08-12 04:48:38,154 [INFO] src.ingestion: [VEDL.NS] fetching fresh data
2026-08-12 04:48:39,109 [INFO] src.ingestion: [COALINDIA.NS] fetching fresh data
2026-08-12 04:48:40,067 [INFO] src.ingestion: [NMDC.NS] fetching fresh data
2026-08-12 04:48:41,013 [INFO] src.ingestion: [SAIL.NS] fetching fresh data
2026-08-12 04:48:41,922 [INFO] src.ingestion: [JINDALSTEL.NS] fetching fresh data
2026-08-12 04:48:42,779 [INFO] src.ingestion: [APLAPOLLO.NS] fetching fresh data
2026-08-12 04:48:43,682 [INFO] src.ingestion: [NATIONALUM.NS] fetching fresh data
2026-08-12 04:48:44,613 [INFO] src.ingestion: [HINDCOPPER.NS] fetching fresh data
2026-08-12 04:48:45,503 [INFO] src.ingestion: [RATNAMANI.NS] fetching fresh data
2026-08-12 04:48:46,422 [INFO] src.ingestion: [HINDZINC.NS] fetching fresh data
2026-08-12 04:48:47,426 [INFO] src.ingestion: [WELCORP.NS] fetching fresh data
2026-08-12 04:48:48,377 [INFO] src.ingestion: [JSL.NS] fetching fresh data
2026-08-12 04:48:49,272 [INFO] src.ingestion: [RELIANCE.NS] fetching fresh data
2026-08-12 04:48:50,196 [INFO] src.ingestion: [ONGC.NS] fetching fresh data
2026-08-12 04:48:51,120 [INFO] src.ingestion: [BPCL.NS] fetching fresh data
2026-08-12 04:48:51,988 [INFO] src.ingestion: [IOC.NS] fetching fresh data
2026-08-12 04:48:52,817 [INFO] src.ingestion: [GAIL.NS] fetching fresh data
2026-08-12 04:48:53,654 [INFO] src.ingestion: [NTPC.NS] fetching fresh data
2026-08-12 04:48:54,613 [INFO] src.ingestion: [POWERGRID.NS] fetching fresh data
2026-08-12 04:48:55,611 [INFO] src.ingestion: [TATAPOWER.NS] fetching fresh data
2026-08-12 04:48:56,531 [INFO] src.ingestion: [ADANIGREEN.NS] fetching fresh data
2026-08-12 04:48:57,382 [INFO] src.ingestion: [ADANIPOWER.NS] fetching fresh data
2026-08-12 04:48:58,406 [INFO] src.ingestion: [TORNTPOWER.NS] fetching fresh data
2026-08-12 04:48:59,294 [INFO] src.ingestion: [LT.NS] fetching fresh data
2026-08-12 04:49:00,200 [INFO] src.ingestion: [SIEMENS.NS] fetching fresh data
2026-08-12 04:49:01,138 [INFO] src.ingestion: [ABB.NS] fetching fresh data
2026-08-12 04:49:02,109 [INFO] src.ingestion: [HAL.NS] fetching fresh data
2026-08-12 04:49:03,035 [INFO] src.ingestion: [BEL.NS] fetching fresh data
2026-08-12 04:49:03,915 [INFO] src.ingestion: [BHEL.NS] fetching fresh data
2026-08-12 04:49:04,791 [INFO] src.ingestion: [CUMMINSIND.NS] fetching fresh data
2026-08-12 04:49:05,634 [INFO] src.ingestion: [THERMAX.NS] fetching fresh data
2026-08-12 04:49:06,553 [INFO] src.ingestion: [POLYCAB.NS] fetching fresh data
2026-08-12 04:49:07,369 [INFO] src.ingestion: [KEI.NS] fetching fresh data
2026-08-12 04:49:08,232 [INFO] src.ingestion: [HAVELLS.NS] fetching fresh data
2026-08-12 04:49:09,082 [INFO] src.ingestion: [CROMPTON.NS] fetching fresh data
2026-08-12 04:49:10,041 [INFO] src.ingestion: [SUPREMEIND.NS] fetching fresh data
2026-08-12 04:49:10,913 [INFO] src.ingestion: [ASTRAL.NS] fetching fresh data
2026-08-12 04:49:11,825 [INFO] src.ingestion: [GRINDWELL.NS] fetching fresh data
2026-08-12 04:49:12,858 [INFO] src.ingestion: [CARBORUNIV.NS] fetching fresh data
2026-08-12 04:49:13,731 [INFO] src.ingestion: [TIMKEN.NS] fetching fresh data
2026-08-12 04:49:14,685 [INFO] src.ingestion: [SKFINDIA.NS] fetching fresh data
2026-08-12 04:49:15,561 [INFO] src.ingestion: [SRF.NS] fetching fresh data
2026-08-12 04:49:16,497 [INFO] src.ingestion: [PIIND.NS] fetching fresh data
2026-08-12 04:49:17,382 [INFO] src.ingestion: [DEEPAKNTR.NS] fetching fresh data
2026-08-12 04:49:18,245 [INFO] src.ingestion: [AARTIIND.NS] fetching fresh data
2026-08-12 04:49:19,160 [INFO] src.ingestion: [NAVINFLUOR.NS] fetching fresh data
2026-08-12 04:49:20,052 [INFO] src.ingestion: [UPL.NS] fetching fresh data
2026-08-12 04:49:20,901 [INFO] src.ingestion: [COROMANDEL.NS] fetching fresh data
2026-08-12 04:49:21,724 [INFO] src.ingestion: [CHAMBLFERT.NS] fetching fresh data
2026-08-12 04:49:22,591 [INFO] src.ingestion: [GNFC.NS] fetching fresh data
2026-08-12 04:49:23,426 [INFO] src.ingestion: [PIDILITIND.NS] fetching fresh data
2026-08-12 04:49:24,271 [INFO] src.ingestion: [TATACHEM.NS] fetching fresh data
2026-08-12 04:49:25,249 [INFO] src.ingestion: [GHCL.NS] fetching fresh data
2026-08-12 04:49:26,103 [INFO] src.ingestion: [TITAN.NS] fetching fresh data
2026-08-12 04:49:27,045 [INFO] src.ingestion: [DMART.NS] fetching fresh data
2026-08-12 04:49:28,076 [INFO] src.ingestion: [TRENT.NS] fetching fresh data
2026-08-12 04:49:28,965 [INFO] src.ingestion: [BATAINDIA.NS] fetching fresh data
2026-08-12 04:49:29,982 [INFO] src.ingestion: [PAGEIND.NS] fetching fresh data
2026-08-12 04:49:30,950 [INFO] src.ingestion: [JUBLFOOD.NS] fetching fresh data
2026-08-12 04:49:31,849 [INFO] src.ingestion: [VOLTAS.NS] fetching fresh data
2026-08-12 04:49:32,675 [INFO] src.ingestion: [DIXON.NS] fetching fresh data
2026-08-12 04:49:33,604 [INFO] src.ingestion: [RELAXO.NS] fetching fresh data
2026-08-12 04:49:34,543 [INFO] src.ingestion: [KAJARIACER.NS] fetching fresh data
2026-08-12 04:49:35,476 [INFO] src.ingestion: [WHIRLPOOL.NS] fetching fresh data
2026-08-12 04:49:36,428 [INFO] src.ingestion: [BLUESTARCO.NS] fetching fresh data
2026-08-12 04:49:37,314 [INFO] src.ingestion: [PGHH.NS] fetching fresh data
2026-08-12 04:49:38,236 [INFO] src.ingestion: [GILLETTE.NS] fetching fresh data
2026-08-12 04:49:39,228 [INFO] src.ingestion: [BHARTIARTL.NS] fetching fresh data
2026-08-12 04:49:40,081 [INFO] src.ingestion: [IDEA.NS] fetching fresh data
2026-08-12 04:49:40,969 [INFO] src.ingestion: [INDUSTOWER.NS] fetching fresh data
2026-08-12 04:49:41,920 [INFO] src.ingestion: [PVRINOX.NS] fetching fresh data
2026-08-12 04:49:42,760 [INFO] src.ingestion: [ZEEL.NS] fetching fresh data
2026-08-12 04:49:43,733 [INFO] src.ingestion: [ADANIPORTS.NS] fetching fresh data
2026-08-12 04:49:44,585 [INFO] src.ingestion: [ADANIENT.NS] fetching fresh data
2026-08-12 04:49:45,492 [INFO] src.ingestion: [GMRAIRPORT.NS] fetching fresh data
2026-08-12 04:49:46,477 [INFO] src.ingestion: [CONCOR.NS] fetching fresh data
2026-08-12 04:49:47,469 [INFO] src.ingestion: [IRCTC.NS] fetching fresh data
2026-08-12 04:49:48,334 [INFO] src.ingestion: [INDIGO.NS] fetching fresh data
2026-08-12 04:49:49,361 [INFO] src.ingestion: [RVNL.NS] fetching fresh data
2026-08-12 04:49:50,194 [INFO] src.ingestion: [IRCON.NS] fetching fresh data
2026-08-12 04:49:51,128 [INFO] src.ingestion: [NBCC.NS] fetching fresh data
2026-08-12 04:49:51,933 [INFO] src.ingestion: [NCC.NS] fetching fresh data
2026-08-12 04:49:52,783 [INFO] src.ingestion: [MAZDOCK.NS] fetching fresh data
2026-08-12 04:49:53,642 [INFO] src.ingestion: [COCHINSHIP.NS] fetching fresh data
2026-08-12 04:49:54,573 [INFO] src.ingestion: [DLF.NS] fetching fresh data
2026-08-12 04:49:55,421 [INFO] src.ingestion: [GODREJPROP.NS] fetching fresh data
2026-08-12 04:49:56,280 [INFO] src.ingestion: [OBEROIRLTY.NS] fetching fresh data
2026-08-12 04:49:57,181 [INFO] src.ingestion: [PRESTIGE.NS] fetching fresh data
2026-08-12 04:49:58,142 [INFO] src.ingestion: [PHOENIXLTD.NS] fetching fresh data
2026-08-12 04:49:59,564 [INFO] src.ingestion: [SOBHA.NS] fetching fresh data
2026-08-12 04:50:00,502 [INFO] src.ingestion: Fetched 200/201 tickers successfully
2026-08-12 04:50:00,502 [WARNING] src.ingestion: Failed tickers (excluded from downstream, not silently zeroed): ['LTIM.NS']
2026-08-12 04:50:00,502 [INFO] __main__: Ingestion validation passed: 200/201 tickers (100%)
2026-08-12 04:50:00,502 [INFO] __main__: === Stage 2/8: Cleaning ===
2026-08-12 04:50:00,510 [WARNING] src.cleaning: [ASHOKLEY.NS] EXCLUDED: missing critical fields: ['market_cap']
2026-08-12 04:50:00,510 [WARNING] src.cleaning: [BIOCON.NS] EXCLUDED: missing critical fields: ['market_cap']
2026-08-12 04:50:00,510 [WARNING] src.cleaning: [BOSCHLTD.NS] EXCLUDED: missing critical fields: ['market_cap']
2026-08-12 04:50:00,511 [WARNING] src.cleaning: [IOC.NS] EXCLUDED: missing critical fields: ['market_cap']
2026-08-12 04:50:00,511 [WARNING] src.cleaning: [JUBLFOOD.NS] EXCLUDED: missing critical fields: ['market_cap']
2026-08-12 04:50:00,511 [WARNING] src.cleaning: [LTIM.NS] EXCLUDED: ingestion failed: yfinance returned an empty info payload for LTIM.NS (no exception, but no usable data — likely a transient Yahoo-side issue or an invalid/delisted symbol)
2026-08-12 04:50:00,511 [WARNING] src.cleaning: [RECLTD.NS] EXCLUDED: missing critical fields: ['market_cap']
2026-08-12 04:50:00,511 [WARNING] src.cleaning: [RELIANCE.NS] EXCLUDED: missing critical fields: ['market_cap']
2026-08-12 04:50:00,511 [WARNING] src.cleaning: [TCS.NS] EXCLUDED: missing critical fields: ['market_cap']
2026-08-12 04:50:00,511 [WARNING] src.cleaning: [TVSMOTOR.NS] EXCLUDED: missing critical fields: ['market_cap']
2026-08-12 04:50:00,512 [INFO] src.cleaning: [AARTIIND.NS] non-critical missing fields: ['return_on_equity']
2026-08-12 04:50:00,512 [INFO] src.cleaning: [ACC.NS] non-critical missing fields: ['return_on_equity']
2026-08-12 04:50:00,512 [INFO] src.cleaning: [ADANIENT.NS] non-critical missing fields: ['return_on_equity']
2026-08-12 04:50:00,512 [INFO] src.cleaning: [ADANIGREEN.NS] non-critical missing fields: ['return_on_equity']
2026-08-12 04:50:00,512 [INFO] src.cleaning: [ADANIPORTS.NS] non-critical missing fields: ['return_on_equity']
2026-08-12 04:50:00,512 [INFO] src.cleaning: [ADANIPOWER.NS] non-critical missing fields: ['return_on_equity']
2026-08-12 04:50:00,512 [INFO] src.cleaning: [AMBUJACEM.NS] non-critical missing fields: ['return_on_equity']
2026-08-12 04:50:00,512 [INFO] src.cleaning: [APLAPOLLO.NS] non-critical missing fields: ['return_on_equity']
2026-08-12 04:50:00,512 [INFO] src.cleaning: [ARE&M.NS] non-critical missing fields: ['return_on_equity']
2026-08-12 04:50:00,512 [INFO] src.cleaning: [AUBANK.NS] non-critical missing fields: ['ev_to_ebitda', 'return_on_equity', 'debt_to_equity']
2026-08-12 04:50:00,512 [INFO] src.cleaning: [AUROPHARMA.NS] non-critical missing fields: ['return_on_equity']
2026-08-12 04:50:00,512 [INFO] src.cleaning: [AXISBANK.NS] non-critical missing fields: ['ev_to_ebitda', 'debt_to_equity']
2026-08-12 04:50:00,512 [INFO] src.cleaning: [BAJAJ-AUTO.NS] non-critical missing fields: ['return_on_equity']
2026-08-12 04:50:00,512 [INFO] src.cleaning: [BAJAJFINSV.NS] non-critical missing fields: ['return_on_equity']
2026-08-12 04:50:00,512 [WARNING] src.cleaning: [BAJAJHLDNG.NS] outlier values flagged: ['net_margin']
2026-08-12 04:50:00,512 [INFO] src.cleaning: [BAJFINANCE.NS] non-critical missing fields: ['ev_to_ebitda', 'return_on_equity']
2026-08-12 04:50:00,512 [INFO] src.cleaning: [BANDHANBNK.NS] non-critical missing fields: ['ev_to_ebitda', 'return_on_equity', 'debt_to_equity']
2026-08-12 04:50:00,512 [INFO] src.cleaning: [BANKBARODA.NS] non-critical missing fields: ['ev_to_ebitda', 'debt_to_equity']
2026-08-12 04:50:00,512 [INFO] src.cleaning: [BANKINDIA.NS] non-critical missing fields: ['ev_to_ebitda', 'debt_to_equity']
2026-08-12 04:50:00,512 [INFO] src.cleaning: [BEL.NS] non-critical missing fields: ['return_on_equity']
2026-08-12 04:50:00,513 [INFO] src.cleaning: [BHARATFORG.NS] non-critical missing fields: ['return_on_equity']
2026-08-12 04:50:00,513 [INFO] src.cleaning: [BHEL.NS] non-critical missing fields: ['return_on_equity']
2026-08-12 04:50:00,513 [INFO] src.cleaning: [BLUESTARCO.NS] non-critical missing fields: ['return_on_equity']
2026-08-12 04:50:00,513 [INFO] src.cleaning: [BPCL.NS] non-critical missing fields: ['return_on_equity']
2026-08-12 04:50:00,513 [INFO] src.cleaning: [BRITANNIA.NS] non-critical missing fields: ['return_on_equity']
2026-08-12 04:50:00,513 [INFO] src.cleaning: [CANBK.NS] non-critical missing fields: ['ev_to_ebitda', 'return_on_equity', 'debt_to_equity']
2026-08-12 04:50:00,513 [INFO] src.cleaning: [CARBORUNIV.NS] non-critical missing fields: ['ev_to_ebitda', 'return_on_equity', 'total_debt']
2026-08-12 04:50:00,513 [INFO] src.cleaning: [CENTRALBK.NS] non-critical missing fields: ['ev_to_ebitda', 'debt_to_equity']
2026-08-12 04:50:00,513 [INFO] src.cleaning: [CHAMBLFERT.NS] non-critical missing fields: ['return_on_equity']
2026-08-12 04:50:00,513 [INFO] src.cleaning: [CHOLAFIN.NS] non-critical missing fields: ['ev_to_ebitda', 'return_on_equity']
2026-08-12 04:50:00,513 [INFO] src.cleaning: [CIPLA.NS] non-critical missing fields: ['return_on_equity']
2026-08-12 04:50:00,513 [INFO] src.cleaning: [COALINDIA.NS] non-critical missing fields: ['return_on_equity']
2026-08-12 04:50:00,513 [INFO] src.cleaning: [COFORGE.NS] non-critical missing fields: ['return_on_equity']
2026-08-12 04:50:00,513 [INFO] src.cleaning: [COLPAL.NS] non-critical missing fields: ['return_on_equity']
2026-08-12 04:50:00,513 [INFO] src.cleaning: [CONCOR.NS] non-critical missing fields: ['return_on_equity']
2026-08-12 04:50:00,513 [INFO] src.cleaning: [COROMANDEL.NS] non-critical missing fields: ['return_on_equity']
2026-08-12 04:50:00,513 [INFO] src.cleaning: [CROMPTON.NS] non-critical missing fields: ['trailing_pe', 'return_on_equity']
2026-08-12 04:50:00,513 [INFO] src.cleaning: [CUMMINSIND.NS] non-critical missing fields: ['return_on_equity']
2026-08-12 04:50:00,514 [INFO] src.cleaning: [CYIENT.NS] non-critical missing fields: ['return_on_equity']
2026-08-12 04:50:00,514 [INFO] src.cleaning: [DABUR.NS] non-critical missing fields: ['return_on_equity']
2026-08-12 04:50:00,514 [INFO] src.cleaning: [DALBHARAT.NS] non-critical missing fields: ['return_on_equity']
2026-08-12 04:50:00,514 [INFO] src.cleaning: [DEEPAKNTR.NS] non-critical missing fields: ['return_on_equity']
2026-08-12 04:50:00,514 [INFO] src.cleaning: [DIVISLAB.NS] non-critical missing fields: ['return_on_equity']
2026-08-12 04:50:00,514 [INFO] src.cleaning: [DIXON.NS] non-critical missing fields: ['return_on_equity']
2026-08-12 04:50:00,514 [INFO] src.cleaning: [DMART.NS] non-critical missing fields: ['return_on_equity']
2026-08-12 04:50:00,514 [INFO] src.cleaning: [EICHERMOT.NS] non-critical missing fields: ['return_on_equity']
2026-08-12 04:50:00,514 [INFO] src.cleaning: [EMAMILTD.NS] non-critical missing fields: ['return_on_equity']
2026-08-12 04:50:00,514 [INFO] src.cleaning: [EXIDEIND.NS] non-critical missing fields: ['return_on_equity']
2026-08-12 04:50:00,514 [INFO] src.cleaning: [FEDERALBNK.NS] non-critical missing fields: ['ev_to_ebitda', 'return_on_equity', 'debt_to_equity']
2026-08-12 04:50:00,514 [INFO] src.cleaning: [FORTIS.NS] non-critical missing fields: ['return_on_equity']
2026-08-12 04:50:00,514 [INFO] src.cleaning: [GAIL.NS] non-critical missing fields: ['return_on_equity']
2026-08-12 04:50:00,514 [INFO] src.cleaning: [GHCL.NS] non-critical missing fields: ['return_on_equity']
2026-08-12 04:50:00,514 [INFO] src.cleaning: [GICRE.NS] non-critical missing fields: ['debt_to_equity']
2026-08-12 04:50:00,514 [INFO] src.cleaning: [GILLETTE.NS] non-critical missing fields: ['return_on_equity']
2026-08-12 04:50:00,514 [INFO] src.cleaning: [GLENMARK.NS] non-critical missing fields: ['return_on_equity']
2026-08-12 04:50:00,514 [WARNING] src.cleaning: [GMRAIRPORT.NS] outlier values flagged: ['trailing_pe']
2026-08-12 04:50:00,514 [WARNING] src.cleaning: [GMRAIRPORT.NS] negative/zero equity — DuPont ROE math will be invalid downstream
2026-08-12 04:50:00,515 [INFO] src.cleaning: [GMRAIRPORT.NS] non-critical missing fields: ['return_on_equity', 'debt_to_equity']
2026-08-12 04:50:00,515 [INFO] src.cleaning: [GNFC.NS] non-critical missing fields: ['return_on_equity']
2026-08-12 04:50:00,515 [INFO] src.cleaning: [GODREJCP.NS] non-critical missing fields: ['return_on_equity']
2026-08-12 04:50:00,515 [INFO] src.cleaning: [GODREJPROP.NS] non-critical missing fields: ['return_on_equity']
2026-08-12 04:50:00,515 [INFO] src.cleaning: [GRINDWELL.NS] non-critical missing fields: ['return_on_equity']
2026-08-12 04:50:00,515 [INFO] src.cleaning: [HAVELLS.NS] non-critical missing fields: ['return_on_equity']
2026-08-12 04:50:00,515 [WARNING] src.cleaning: [HCLTECH.NS] outlier values flagged: ['ev_to_ebitda']
2026-08-12 04:50:00,515 [INFO] src.cleaning: [HDFCBANK.NS] non-critical missing fields: ['ev_to_ebitda', 'debt_to_equity']
2026-08-12 04:50:00,515 [INFO] src.cleaning: [HEIDELBERG.NS] non-critical missing fields: ['return_on_equity']
2026-08-12 04:50:00,515 [INFO] src.cleaning: [HEROMOTOCO.NS] non-critical missing fields: ['return_on_equity']
2026-08-12 04:50:00,515 [INFO] src.cleaning: [HINDALCO.NS] non-critical missing fields: ['return_on_equity']
2026-08-12 04:50:00,515 [INFO] src.cleaning: [HINDCOPPER.NS] non-critical missing fields: ['ev_to_ebitda', 'return_on_equity', 'total_debt']
2026-08-12 04:50:00,515 [INFO] src.cleaning: [HINDUNILVR.NS] non-critical missing fields: ['return_on_equity']
2026-08-12 04:50:00,515 [INFO] src.cleaning: [HINDZINC.NS] non-critical missing fields: ['return_on_equity']
2026-08-12 04:50:00,515 [INFO] src.cleaning: [HUDCO.NS] non-critical missing fields: ['ev_to_ebitda', 'return_on_equity']
2026-08-12 04:50:00,515 [INFO] src.cleaning: [ICICIBANK.NS] non-critical missing fields: ['ev_to_ebitda', 'debt_to_equity']
2026-08-12 04:50:00,515 [INFO] src.cleaning: [ICICIGI.NS] non-critical missing fields: ['debt_to_equity']
2026-08-12 04:50:00,515 [WARNING] src.cleaning: [IDEA.NS] negative/zero equity — DuPont ROE math will be invalid downstream
2026-08-12 04:50:00,515 [INFO] src.cleaning: [IDEA.NS] non-critical missing fields: ['return_on_equity', 'debt_to_equity']
2026-08-12 04:50:00,515 [INFO] src.cleaning: [IDFCFIRSTB.NS] non-critical missing fields: ['ev_to_ebitda', 'return_on_equity', 'debt_to_equity', 'total_debt']
2026-08-12 04:50:00,515 [INFO] src.cleaning: [INDIGO.NS] non-critical missing fields: ['trailing_pe', 'return_on_equity']
2026-08-12 04:50:00,515 [INFO] src.cleaning: [INDUSINDBK.NS] non-critical missing fields: ['ev_to_ebitda', 'return_on_equity', 'debt_to_equity']
2026-08-12 04:50:00,515 [WARNING] src.cleaning: [INFY.NS] outlier values flagged: ['ev_to_ebitda']
2026-08-12 04:50:00,515 [INFO] src.cleaning: [IOB.NS] non-critical missing fields: ['ev_to_ebitda', 'debt_to_equity']
2026-08-12 04:50:00,515 [INFO] src.cleaning: [IRFC.NS] non-critical missing fields: ['ev_to_ebitda', 'return_on_equity']
2026-08-12 04:50:00,515 [INFO] src.cleaning: [ITC.NS] non-critical missing fields: ['return_on_equity']
2026-08-12 04:50:00,515 [INFO] src.cleaning: [JINDALSTEL.NS] non-critical missing fields: ['return_on_equity']
2026-08-12 04:50:00,515 [INFO] src.cleaning: [JKCEMENT.NS] non-critical missing fields: ['return_on_equity']
2026-08-12 04:50:00,515 [INFO] src.cleaning: [JSL.NS] non-critical missing fields: ['return_on_equity']
2026-08-12 04:50:00,515 [INFO] src.cleaning: [JSWSTEEL.NS] non-critical missing fields: ['return_on_equity']
2026-08-12 04:50:00,515 [INFO] src.cleaning: [KAJARIACER.NS] non-critical missing fields: ['return_on_equity']
2026-08-12 04:50:00,515 [INFO] src.cleaning: [KEI.NS] non-critical missing fields: ['return_on_equity']
2026-08-12 04:50:00,515 [INFO] src.cleaning: [KOTAKBANK.NS] non-critical missing fields: ['ev_to_ebitda', 'return_on_equity', 'debt_to_equity']
2026-08-12 04:50:00,515 [INFO] src.cleaning: [KPITTECH.NS] non-critical missing fields: ['return_on_equity']
2026-08-12 04:50:00,516 [INFO] src.cleaning: [LALPATHLAB.NS] non-critical missing fields: ['return_on_equity']
2026-08-12 04:50:00,516 [INFO] src.cleaning: [LAURUSLABS.NS] non-critical missing fields: ['return_on_equity']
2026-08-12 04:50:00,516 [INFO] src.cleaning: [LICHSGFIN.NS] non-critical missing fields: ['ev_to_ebitda', 'return_on_equity']
2026-08-12 04:50:00,516 [INFO] src.cleaning: [LICI.NS] non-critical missing fields: ['return_on_equity']
2026-08-12 04:50:00,516 [INFO] src.cleaning: [LTTS.NS] non-critical missing fields: ['return_on_equity']
2026-08-12 04:50:00,516 [INFO] src.cleaning: [LT.NS] non-critical missing fields: ['return_on_equity']
2026-08-12 04:50:00,516 [INFO] src.cleaning: [LUPIN.NS] non-critical missing fields: ['return_on_equity']
2026-08-12 04:50:00,516 [INFO] src.cleaning: [M&M.NS] non-critical missing fields: ['return_on_equity']
2026-08-12 04:50:00,516 [INFO] src.cleaning: [MANAPPURAM.NS] non-critical missing fields: ['ev_to_ebitda']
2026-08-12 04:50:00,516 [INFO] src.cleaning: [MARICO.NS] non-critical missing fields: ['return_on_equity']
2026-08-12 04:50:00,516 [INFO] src.cleaning: [MARUTI.NS] non-critical missing fields: ['return_on_equity']
2026-08-12 04:50:00,516 [INFO] src.cleaning: [MAZDOCK.NS] non-critical missing fields: ['return_on_equity']
2026-08-12 04:50:00,516 [INFO] src.cleaning: [METROPOLIS.NS] non-critical missing fields: ['return_on_equity']
2026-08-12 04:50:00,516 [INFO] src.cleaning: [MOTHERSON.NS] non-critical missing fields: ['return_on_equity']
2026-08-12 04:50:00,516 [INFO] src.cleaning: [MUTHOOTFIN.NS] non-critical missing fields: ['ev_to_ebitda']
2026-08-12 04:50:00,516 [INFO] src.cleaning: [NATIONALUM.NS] non-critical missing fields: ['return_on_equity']
2026-08-12 04:50:00,516 [INFO] src.cleaning: [NAVINFLUOR.NS] non-critical missing fields: ['return_on_equity']
2026-08-12 04:50:00,516 [INFO] src.cleaning: [NCC.NS] non-critical missing fields: ['return_on_equity']
2026-08-12 04:50:00,516 [INFO] src.cleaning: [NESTLEIND.NS] non-critical missing fields: ['return_on_equity']
2026-08-12 04:50:00,516 [INFO] src.cleaning: [NTPC.NS] non-critical missing fields: ['return_on_equity']
2026-08-12 04:50:00,516 [INFO] src.cleaning: [OBEROIRLTY.NS] non-critical missing fields: ['return_on_equity']
2026-08-12 04:50:00,516 [INFO] src.cleaning: [ONGC.NS] non-critical missing fields: ['return_on_equity']
2026-08-12 04:50:00,516 [INFO] src.cleaning: [PERSISTENT.NS] non-critical missing fields: ['return_on_equity']
2026-08-12 04:50:00,516 [INFO] src.cleaning: [PFC.NS] non-critical missing fields: ['ev_to_ebitda', 'return_on_equity']
2026-08-12 04:50:00,516 [INFO] src.cleaning: [PGHH.NS] non-critical missing fields: ['return_on_equity']
2026-08-12 04:50:00,516 [INFO] src.cleaning: [PHOENIXLTD.NS] non-critical missing fields: ['return_on_equity']
2026-08-12 04:50:00,516 [INFO] src.cleaning: [PIDILITIND.NS] non-critical missing fields: ['return_on_equity']
2026-08-12 04:50:00,516 [INFO] src.cleaning: [PNB.NS] non-critical missing fields: ['ev_to_ebitda', 'debt_to_equity']
2026-08-12 04:50:00,516 [INFO] src.cleaning: [POONAWALLA.NS] non-critical missing fields: ['ev_to_ebitda', 'return_on_equity']
2026-08-12 04:50:00,516 [INFO] src.cleaning: [POWERGRID.NS] non-critical missing fields: ['return_on_equity']
2026-08-12 04:50:00,516 [INFO] src.cleaning: [PVRINOX.NS] non-critical missing fields: ['return_on_equity']
2026-08-12 04:50:00,516 [INFO] src.cleaning: [RAMCOCEM.NS] non-critical missing fields: ['ev_to_ebitda', 'return_on_equity', 'total_debt']
2026-08-12 04:50:00,516 [INFO] src.cleaning: [RATNAMANI.NS] non-critical missing fields: ['ev_to_ebitda', 'return_on_equity', 'total_debt']
2026-08-12 04:50:00,516 [INFO] src.cleaning: [RBLBANK.NS] non-critical missing fields: ['ev_to_ebitda', 'return_on_equity', 'debt_to_equity']
2026-08-12 04:50:00,516 [INFO] src.cleaning: [SAIL.NS] non-critical missing fields: ['return_on_equity']
2026-08-12 04:50:00,516 [INFO] src.cleaning: [SBICARD.NS] non-critical missing fields: ['ev_to_ebitda', 'return_on_equity']
2026-08-12 04:50:00,516 [INFO] src.cleaning: [SBILIFE.NS] non-critical missing fields: ['debt_to_equity']
2026-08-12 04:50:00,516 [INFO] src.cleaning: [SBIN.NS] non-critical missing fields: ['ev_to_ebitda', 'debt_to_equity']
2026-08-12 04:50:00,516 [INFO] src.cleaning: [SHREECEM.NS] non-critical missing fields: ['return_on_equity']
2026-08-12 04:50:00,517 [INFO] src.cleaning: [SHRIRAMFIN.NS] non-critical missing fields: ['ev_to_ebitda']
2026-08-12 04:50:00,517 [INFO] src.cleaning: [SIEMENS.NS] non-critical missing fields: ['return_on_equity']
2026-08-12 04:50:00,517 [INFO] src.cleaning: [SOBHA.NS] non-critical missing fields: ['return_on_equity']
2026-08-12 04:50:00,517 [INFO] src.cleaning: [SRF.NS] non-critical missing fields: ['return_on_equity']
2026-08-12 04:50:00,517 [INFO] src.cleaning: [SUNDRMFAST.NS] non-critical missing fields: ['return_on_equity']
2026-08-12 04:50:00,517 [INFO] src.cleaning: [SUNPHARMA.NS] non-critical missing fields: ['return_on_equity']
2026-08-12 04:50:00,517 [INFO] src.cleaning: [SUPREMEIND.NS] non-critical missing fields: ['return_on_equity']
2026-08-12 04:50:00,517 [INFO] src.cleaning: [TATACHEM.NS] non-critical missing fields: ['trailing_pe', 'return_on_equity']
2026-08-12 04:50:00,517 [INFO] src.cleaning: [TATACONSUM.NS] non-critical missing fields: ['return_on_equity']
2026-08-12 04:50:00,517 [INFO] src.cleaning: [TATAELXSI.NS] non-critical missing fields: ['return_on_equity']
2026-08-12 04:50:00,517 [INFO] src.cleaning: [TATAPOWER.NS] non-critical missing fields: ['return_on_equity']
2026-08-12 04:50:00,517 [INFO] src.cleaning: [TATASTEEL.NS] non-critical missing fields: ['return_on_equity']
2026-08-12 04:50:00,517 [INFO] src.cleaning: [TECHM.NS] non-critical missing fields: ['return_on_equity']
2026-08-12 04:50:00,517 [INFO] src.cleaning: [THERMAX.NS] non-critical missing fields: ['return_on_equity']
2026-08-12 04:50:00,517 [INFO] src.cleaning: [TIMKEN.NS] non-critical missing fields: ['return_on_equity']
2026-08-12 04:50:00,517 [INFO] src.cleaning: [TITAN.NS] non-critical missing fields: ['return_on_equity']
2026-08-12 04:50:00,517 [INFO] src.cleaning: [TMPV.NS] non-critical missing fields: ['trailing_pe']
2026-08-12 04:50:00,517 [INFO] src.cleaning: [TORNTPHARM.NS] non-critical missing fields: ['return_on_equity']
2026-08-12 04:50:00,517 [INFO] src.cleaning: [TORNTPOWER.NS] non-critical missing fields: ['return_on_equity']
2026-08-12 04:50:00,517 [INFO] src.cleaning: [TRENT.NS] non-critical missing fields: ['return_on_equity']
2026-08-12 04:50:00,517 [INFO] src.cleaning: [UCOBANK.NS] non-critical missing fields: ['ev_to_ebitda', 'debt_to_equity']
2026-08-12 04:50:00,517 [INFO] src.cleaning: [ULTRACEMCO.NS] non-critical missing fields: ['return_on_equity']
2026-08-12 04:50:00,517 [INFO] src.cleaning: [UNIONBANK.NS] non-critical missing fields: ['ev_to_ebitda', 'debt_to_equity', 'revenue_growth', 'total_debt']
2026-08-12 04:50:00,517 [INFO] src.cleaning: [UNITDSPR.NS] non-critical missing fields: ['return_on_equity']
2026-08-12 04:50:00,517 [INFO] src.cleaning: [UNOMINDA.NS] non-critical missing fields: ['return_on_equity']
2026-08-12 04:50:00,517 [INFO] src.cleaning: [UPL.NS] non-critical missing fields: ['return_on_equity']
2026-08-12 04:50:00,517 [INFO] src.cleaning: [VEDL.NS] non-critical missing fields: ['return_on_equity']
2026-08-12 04:50:00,517 [INFO] src.cleaning: [WELCORP.NS] non-critical missing fields: ['return_on_equity']
2026-08-12 04:50:00,517 [INFO] src.cleaning: [WHIRLPOOL.NS] non-critical missing fields: ['return_on_equity']
2026-08-12 04:50:00,517 [INFO] src.cleaning: [ZEEL.NS] non-critical missing fields: ['ev_to_ebitda', 'return_on_equity', 'total_debt']
2026-08-12 04:50:00,524 [INFO] src.cleaning: Cleaned 191/201 tickers -> data/processed/cleaned_universe.csv
2026-08-12 04:50:00,525 [INFO] src.cleaning: Full flag audit trail -> data/processed/cleaning_flags.csv
2026-08-12 04:50:00,525 [INFO] __main__: Cleaning validation passed: 191/201 tickers retained (95%)
2026-08-12 04:50:00,525 [INFO] __main__: === Stage 3/8: Scoring ===
2026-08-12 04:50:00,584 [INFO] src.scoring: Scored 191 companies -> data/processed/scored_universe.csv
2026-08-12 04:50:00,584 [INFO] src.scoring: Top 10 shortlist -> data/processed/shortlist_top_n.csv
2026-08-12 04:50:00,585 [WARNING] src.scoring: 24 companies scored on fewer than all 4 buckets (reweighted, not zero-filled) — see 'buckets_used' column: ['IOB.NS', 'UNIONBANK.NS', 'BANKINDIA.NS', 'CANBK.NS', 'PNB.NS', 'ICICIGI.NS', 'IDEA.NS', 'GICRE.NS', 'FEDERALBNK.NS', 'UCOBANK.NS', 'BANKBARODA.NS', 'AXISBANK.NS', 'KOTAKBANK.NS', 'SBIN.NS', 'ICICIBANK.NS', 'CENTRALBK.NS', 'SBILIFE.NS', 'HDFCBANK.NS', 'GMRAIRPORT.NS', 'AUBANK.NS', 'BANDHANBNK.NS', 'IDFCFIRSTB.NS', 'RBLBANK.NS', 'INDUSINDBK.NS']
2026-08-12 04:50:00,587 [INFO] __main__: Scoring validation passed: 191 companies ranked, all scores in valid range
2026-08-12 04:50:00,587 [INFO] __main__: === Stage 4/8: Comps + DuPont ===
2026-08-12 04:50:00,598 [INFO] src.comps_dupont: Comps + DuPont report for top 10 -> data/processed/comps_dupont_report.csv
2026-08-12 04:50:00,599 [WARNING] src.comps_dupont: 1 companies have a DuPont-implied ROE that diverges >5pp from reported ROE (possible data inconsistency, worth a manual check): ['IOB.NS']
2026-08-12 04:50:00,599 [INFO] __main__: === Stage 5/8: Explainability ===
2026-08-12 04:50:00,636 [INFO] src.explainability: Explanations for top 10 companies -> data/processed/explanations.csv
2026-08-12 04:50:00,637 [INFO] __main__: === Stage 6/8: Baseline Comparison ===
2026-08-12 04:50:00,644 [INFO] src.baseline_comparison: Baseline comparison -> data/processed/baseline_comparison.csv
2026-08-12 04:50:00,644 [INFO] __main__: === Stage 7/8: Acquisition Likelihood ===
2026-08-12 04:50:00,648 [INFO] src.acquisition_likelihood: 2 companies excluded from acquisition-likelihood scoring (negative/zero equity — financial distress, not a value-target thesis): ['IDEA.NS', 'GMRAIRPORT.NS']
2026-08-12 04:50:00,659 [INFO] src.acquisition_likelihood: Acquisition likelihood scoring -> data/processed/acquisition_likelihood.csv
2026-08-12 04:50:00,659 [INFO] __main__: === Stage 8/8: Historical Snapshot ===
2026-08-12 04:50:00,666 [INFO] src.history_tracker: Recorded shortlist snapshot for 2026-08-12 (10 companies) -> data/history/shortlist_history.csv (5 distinct days tracked so far)
2026-08-12 04:50:00,672 [INFO] src.history_tracker: Recorded acquisition-likelihood snapshot for 2026-08-12 (10 companies) -> data/history/acquisition_likelihood_history.csv (5 distinct days tracked so far)
2026-08-12 04:50:00,672 [INFO] __main__: === Pipeline completed successfully ===
2026-08-12 04:50:00,672 [INFO] __main__:   ingestion: {'total': 201, 'ok': 200}
2026-08-12 04:50:00,672 [INFO] __main__:   cleaning: {'retained': 191, 'input': 201}
2026-08-12 04:50:00,672 [INFO] __main__:   scoring: {'ranked': 191}
2026-08-12 04:50:00,673 [INFO] __main__:   comps_dupont: {'companies': 10}
2026-08-12 04:50:00,673 [INFO] __main__:   explainability: {'companies': 10}
2026-08-12 04:50:00,673 [INFO] __main__:   baseline_comparison: {'correlation': np.float64(0.46694749493532495), 'overlap_pct': 0.1}
2026-08-12 04:50:00,673 [INFO] __main__:   acquisition_likelihood: {'companies': 10}
2026-08-12 04:50:00,673 [INFO] __main__:   history_tracker: {'recorded': True}
