2026-07-22 05:50:52,444 [INFO] __main__: Logging to file: logs/pipeline_run_2026-07-22T05-50-52Z.log
2026-07-22 05:50:52,444 [INFO] __main__: === Stage 1/8: Ingestion ===
2026-07-22 05:50:52,473 [INFO] src.ingestion: [ACC.NS] fetching fresh data
2026-07-22 05:50:53,706 [INFO] src.ingestion: [AMBUJACEM.NS] fetching fresh data
2026-07-22 05:50:54,594 [INFO] src.ingestion: [ULTRACEMCO.NS] fetching fresh data
2026-07-22 05:50:55,510 [INFO] src.ingestion: [SHREECEM.NS] fetching fresh data
2026-07-22 05:50:56,908 [INFO] src.ingestion: [JKCEMENT.NS] fetching fresh data
2026-07-22 05:50:57,738 [INFO] src.ingestion: [RAMCOCEM.NS] fetching fresh data
2026-07-22 05:50:58,659 [INFO] src.ingestion: [HEIDELBERG.NS] fetching fresh data
2026-07-22 05:50:59,499 [INFO] src.ingestion: [DALBHARAT.NS] fetching fresh data
2026-07-22 05:51:00,403 [INFO] src.ingestion: [INFY.NS] fetching fresh data
2026-07-22 05:51:01,385 [INFO] src.ingestion: [TCS.NS] fetching fresh data
2026-07-22 05:51:02,308 [INFO] src.ingestion: [WIPRO.NS] fetching fresh data
2026-07-22 05:51:03,175 [INFO] src.ingestion: [HCLTECH.NS] fetching fresh data
2026-07-22 05:51:03,983 [INFO] src.ingestion: [TECHM.NS] fetching fresh data
2026-07-22 05:51:04,933 [INFO] src.ingestion: [LTIM.NS] fetching fresh data
2026-07-22 05:51:05,075 [ERROR] yfinance: HTTP Error 404: {"quoteSummary":{"result":null,"error":{"code":"Not Found","description":"Quote not found for symbol: LTIM.NS"}}}
2026-07-22 05:51:05,173 [WARNING] src.ingestion: [LTIM.NS] attempt 1 failed: yfinance returned an empty info payload for LTIM.NS (no exception, but no usable data — likely a transient Yahoo-side issue or an invalid/delisted symbol)
2026-07-22 05:51:07,373 [ERROR] yfinance: HTTP Error 404: {"quoteSummary":{"result":null,"error":{"code":"Not Found","description":"Quote not found for symbol: LTIM.NS"}}}
2026-07-22 05:51:07,425 [WARNING] src.ingestion: [LTIM.NS] attempt 2 failed: yfinance returned an empty info payload for LTIM.NS (no exception, but no usable data — likely a transient Yahoo-side issue or an invalid/delisted symbol)
2026-07-22 05:51:11,582 [ERROR] yfinance: HTTP Error 404: {"quoteSummary":{"result":null,"error":{"code":"Not Found","description":"Quote not found for symbol: LTIM.NS"}}}
2026-07-22 05:51:11,630 [WARNING] src.ingestion: [LTIM.NS] attempt 3 failed: yfinance returned an empty info payload for LTIM.NS (no exception, but no usable data — likely a transient Yahoo-side issue or an invalid/delisted symbol)
2026-07-22 05:51:12,031 [INFO] src.ingestion: [PERSISTENT.NS] fetching fresh data
2026-07-22 05:51:12,919 [INFO] src.ingestion: [COFORGE.NS] fetching fresh data
2026-07-22 05:51:13,902 [INFO] src.ingestion: [MPHASIS.NS] fetching fresh data
2026-07-22 05:51:14,766 [INFO] src.ingestion: [LTTS.NS] fetching fresh data
2026-07-22 05:51:15,585 [INFO] src.ingestion: [TATAELXSI.NS] fetching fresh data
2026-07-22 05:51:16,494 [INFO] src.ingestion: [CYIENT.NS] fetching fresh data
2026-07-22 05:51:17,493 [INFO] src.ingestion: [KPITTECH.NS] fetching fresh data
2026-07-22 05:51:18,501 [INFO] src.ingestion: [HDFCBANK.NS] fetching fresh data
2026-07-22 05:51:19,305 [INFO] src.ingestion: [ICICIBANK.NS] fetching fresh data
2026-07-22 05:51:20,211 [INFO] src.ingestion: [SBIN.NS] fetching fresh data
2026-07-22 05:51:21,003 [INFO] src.ingestion: [AXISBANK.NS] fetching fresh data
2026-07-22 05:51:21,779 [INFO] src.ingestion: [KOTAKBANK.NS] fetching fresh data
2026-07-22 05:51:22,690 [INFO] src.ingestion: [INDUSINDBK.NS] fetching fresh data
2026-07-22 05:51:23,509 [INFO] src.ingestion: [FEDERALBNK.NS] fetching fresh data
2026-07-22 05:51:24,420 [INFO] src.ingestion: [BANDHANBNK.NS] fetching fresh data
2026-07-22 05:51:25,349 [INFO] src.ingestion: [IDFCFIRSTB.NS] fetching fresh data
2026-07-22 05:51:26,306 [INFO] src.ingestion: [PNB.NS] fetching fresh data
2026-07-22 05:51:27,114 [INFO] src.ingestion: [BANKBARODA.NS] fetching fresh data
2026-07-22 05:51:27,980 [INFO] src.ingestion: [CANBK.NS] fetching fresh data
2026-07-22 05:51:28,804 [INFO] src.ingestion: [UNIONBANK.NS] fetching fresh data
2026-07-22 05:51:29,640 [INFO] src.ingestion: [AUBANK.NS] fetching fresh data
2026-07-22 05:51:30,566 [INFO] src.ingestion: [RBLBANK.NS] fetching fresh data
2026-07-22 05:51:32,003 [INFO] src.ingestion: [BANKINDIA.NS] fetching fresh data
2026-07-22 05:51:33,001 [INFO] src.ingestion: [CENTRALBK.NS] fetching fresh data
2026-07-22 05:51:34,422 [INFO] src.ingestion: [IOB.NS] fetching fresh data
2026-07-22 05:51:35,199 [INFO] src.ingestion: [UCOBANK.NS] fetching fresh data
2026-07-22 05:51:36,163 [INFO] src.ingestion: [BAJFINANCE.NS] fetching fresh data
2026-07-22 05:51:36,934 [INFO] src.ingestion: [BAJAJFINSV.NS] fetching fresh data
2026-07-22 05:51:37,771 [INFO] src.ingestion: [CHOLAFIN.NS] fetching fresh data
2026-07-22 05:51:38,626 [INFO] src.ingestion: [MUTHOOTFIN.NS] fetching fresh data
2026-07-22 05:51:39,407 [INFO] src.ingestion: [LICHSGFIN.NS] fetching fresh data
2026-07-22 05:51:40,272 [INFO] src.ingestion: [SHRIRAMFIN.NS] fetching fresh data
2026-07-22 05:51:41,104 [INFO] src.ingestion: [PFC.NS] fetching fresh data
2026-07-22 05:51:42,011 [INFO] src.ingestion: [RECLTD.NS] fetching fresh data
2026-07-22 05:51:43,010 [INFO] src.ingestion: [IRFC.NS] fetching fresh data
2026-07-22 05:51:43,840 [INFO] src.ingestion: [HUDCO.NS] fetching fresh data
2026-07-22 05:51:44,664 [INFO] src.ingestion: [BAJAJHLDNG.NS] fetching fresh data
2026-07-22 05:51:45,869 [INFO] src.ingestion: [SBICARD.NS] fetching fresh data
2026-07-22 05:51:46,747 [INFO] src.ingestion: [MANAPPURAM.NS] fetching fresh data
2026-07-22 05:51:47,604 [INFO] src.ingestion: [POONAWALLA.NS] fetching fresh data
2026-07-22 05:51:48,519 [INFO] src.ingestion: [HDFCLIFE.NS] fetching fresh data
2026-07-22 05:51:49,496 [INFO] src.ingestion: [SBILIFE.NS] fetching fresh data
2026-07-22 05:51:50,417 [INFO] src.ingestion: [ICICIPRULI.NS] fetching fresh data
2026-07-22 05:51:51,306 [INFO] src.ingestion: [ICICIGI.NS] fetching fresh data
2026-07-22 05:51:52,179 [INFO] src.ingestion: [LICI.NS] fetching fresh data
2026-07-22 05:51:53,146 [INFO] src.ingestion: [GICRE.NS] fetching fresh data
2026-07-22 05:51:53,942 [INFO] src.ingestion: [MARUTI.NS] fetching fresh data
2026-07-22 05:51:54,749 [INFO] src.ingestion: [TMPV.NS] fetching fresh data
2026-07-22 05:51:55,637 [INFO] src.ingestion: [TMCV.NS] fetching fresh data
2026-07-22 05:51:56,494 [INFO] src.ingestion: [M&M.NS] fetching fresh data
2026-07-22 05:51:57,304 [INFO] src.ingestion: [EICHERMOT.NS] fetching fresh data
2026-07-22 05:51:58,106 [INFO] src.ingestion: [HEROMOTOCO.NS] fetching fresh data
2026-07-22 05:51:58,936 [INFO] src.ingestion: [BAJAJ-AUTO.NS] fetching fresh data
2026-07-22 05:51:59,755 [INFO] src.ingestion: [TVSMOTOR.NS] fetching fresh data
2026-07-22 05:52:00,683 [INFO] src.ingestion: [ASHOKLEY.NS] fetching fresh data
2026-07-22 05:52:01,664 [INFO] src.ingestion: [BHARATFORG.NS] fetching fresh data
2026-07-22 05:52:02,697 [INFO] src.ingestion: [MOTHERSON.NS] fetching fresh data
2026-07-22 05:52:03,668 [INFO] src.ingestion: [BOSCHLTD.NS] fetching fresh data
2026-07-22 05:52:04,616 [INFO] src.ingestion: [MRF.NS] fetching fresh data
2026-07-22 05:52:05,421 [INFO] src.ingestion: [ENDURANCE.NS] fetching fresh data
2026-07-22 05:52:06,326 [INFO] src.ingestion: [EXIDEIND.NS] fetching fresh data
2026-07-22 05:52:07,259 [INFO] src.ingestion: [ARE&M.NS] fetching fresh data
2026-07-22 05:52:08,108 [INFO] src.ingestion: [SUNDRMFAST.NS] fetching fresh data
2026-07-22 05:52:09,035 [INFO] src.ingestion: [UNOMINDA.NS] fetching fresh data
2026-07-22 05:52:09,993 [INFO] src.ingestion: [SUNPHARMA.NS] fetching fresh data
2026-07-22 05:52:10,851 [INFO] src.ingestion: [DRREDDY.NS] fetching fresh data
2026-07-22 05:52:11,701 [INFO] src.ingestion: [CIPLA.NS] fetching fresh data
2026-07-22 05:52:12,624 [INFO] src.ingestion: [DIVISLAB.NS] fetching fresh data
2026-07-22 05:52:13,502 [INFO] src.ingestion: [LUPIN.NS] fetching fresh data
2026-07-22 05:52:14,301 [INFO] src.ingestion: [AUROPHARMA.NS] fetching fresh data
2026-07-22 05:52:15,275 [INFO] src.ingestion: [BIOCON.NS] fetching fresh data
2026-07-22 05:52:16,126 [INFO] src.ingestion: [TORNTPHARM.NS] fetching fresh data
2026-07-22 05:52:17,052 [INFO] src.ingestion: [ALKEM.NS] fetching fresh data
2026-07-22 05:52:17,966 [INFO] src.ingestion: [ABBOTINDIA.NS] fetching fresh data
2026-07-22 05:52:18,810 [INFO] src.ingestion: [APOLLOHOSP.NS] fetching fresh data
2026-07-22 05:52:19,845 [INFO] src.ingestion: [FORTIS.NS] fetching fresh data
2026-07-22 05:52:20,917 [INFO] src.ingestion: [LALPATHLAB.NS] fetching fresh data
2026-07-22 05:52:21,745 [INFO] src.ingestion: [METROPOLIS.NS] fetching fresh data
2026-07-22 05:52:22,768 [INFO] src.ingestion: [GLAND.NS] fetching fresh data
2026-07-22 05:52:23,606 [INFO] src.ingestion: [LAURUSLABS.NS] fetching fresh data
2026-07-22 05:52:24,539 [INFO] src.ingestion: [GLENMARK.NS] fetching fresh data
2026-07-22 05:52:25,360 [INFO] src.ingestion: [IPCALAB.NS] fetching fresh data
2026-07-22 05:52:26,159 [INFO] src.ingestion: [HINDUNILVR.NS] fetching fresh data
2026-07-22 05:52:27,004 [INFO] src.ingestion: [ITC.NS] fetching fresh data
2026-07-22 05:52:27,848 [INFO] src.ingestion: [NESTLEIND.NS] fetching fresh data
2026-07-22 05:52:28,652 [INFO] src.ingestion: [BRITANNIA.NS] fetching fresh data
2026-07-22 05:52:29,523 [INFO] src.ingestion: [DABUR.NS] fetching fresh data
2026-07-22 05:52:30,558 [INFO] src.ingestion: [GODREJCP.NS] fetching fresh data
2026-07-22 05:52:31,449 [INFO] src.ingestion: [MARICO.NS] fetching fresh data
2026-07-22 05:52:32,239 [INFO] src.ingestion: [COLPAL.NS] fetching fresh data
2026-07-22 05:52:33,144 [INFO] src.ingestion: [TATACONSUM.NS] fetching fresh data
2026-07-22 05:52:34,003 [INFO] src.ingestion: [VBL.NS] fetching fresh data
2026-07-22 05:52:34,895 [INFO] src.ingestion: [UNITDSPR.NS] fetching fresh data
2026-07-22 05:52:35,700 [INFO] src.ingestion: [EMAMILTD.NS] fetching fresh data
2026-07-22 05:52:36,591 [INFO] src.ingestion: [TATASTEEL.NS] fetching fresh data
2026-07-22 05:52:37,420 [INFO] src.ingestion: [JSWSTEEL.NS] fetching fresh data
2026-07-22 05:52:38,354 [INFO] src.ingestion: [HINDALCO.NS] fetching fresh data
2026-07-22 05:52:39,169 [INFO] src.ingestion: [VEDL.NS] fetching fresh data
2026-07-22 05:52:40,092 [INFO] src.ingestion: [COALINDIA.NS] fetching fresh data
2026-07-22 05:52:41,058 [INFO] src.ingestion: [NMDC.NS] fetching fresh data
2026-07-22 05:52:41,904 [INFO] src.ingestion: [SAIL.NS] fetching fresh data
2026-07-22 05:52:42,716 [INFO] src.ingestion: [JINDALSTEL.NS] fetching fresh data
2026-07-22 05:52:43,676 [INFO] src.ingestion: [APLAPOLLO.NS] fetching fresh data
2026-07-22 05:52:44,573 [INFO] src.ingestion: [NATIONALUM.NS] fetching fresh data
2026-07-22 05:52:45,426 [INFO] src.ingestion: [HINDCOPPER.NS] fetching fresh data
2026-07-22 05:52:46,232 [INFO] src.ingestion: [RATNAMANI.NS] fetching fresh data
2026-07-22 05:52:47,101 [INFO] src.ingestion: [HINDZINC.NS] fetching fresh data
2026-07-22 05:52:47,888 [INFO] src.ingestion: [WELCORP.NS] fetching fresh data
2026-07-22 05:52:48,836 [INFO] src.ingestion: [JSL.NS] fetching fresh data
2026-07-22 05:52:49,632 [INFO] src.ingestion: [RELIANCE.NS] fetching fresh data
2026-07-22 05:52:50,423 [INFO] src.ingestion: [ONGC.NS] fetching fresh data
2026-07-22 05:52:51,340 [INFO] src.ingestion: [BPCL.NS] fetching fresh data
2026-07-22 05:52:52,658 [INFO] src.ingestion: [IOC.NS] fetching fresh data
2026-07-22 05:52:53,520 [INFO] src.ingestion: [GAIL.NS] fetching fresh data
2026-07-22 05:52:54,617 [INFO] src.ingestion: [NTPC.NS] fetching fresh data
2026-07-22 05:52:55,496 [INFO] src.ingestion: [POWERGRID.NS] fetching fresh data
2026-07-22 05:52:56,313 [INFO] src.ingestion: [TATAPOWER.NS] fetching fresh data
2026-07-22 05:52:57,205 [INFO] src.ingestion: [ADANIGREEN.NS] fetching fresh data
2026-07-22 05:52:58,050 [INFO] src.ingestion: [ADANIPOWER.NS] fetching fresh data
2026-07-22 05:52:59,068 [INFO] src.ingestion: [TORNTPOWER.NS] fetching fresh data
2026-07-22 05:52:59,924 [INFO] src.ingestion: [LT.NS] fetching fresh data
2026-07-22 05:53:00,785 [INFO] src.ingestion: [SIEMENS.NS] fetching fresh data
2026-07-22 05:53:01,700 [INFO] src.ingestion: [ABB.NS] fetching fresh data
2026-07-22 05:53:02,476 [INFO] src.ingestion: [HAL.NS] fetching fresh data
2026-07-22 05:53:03,473 [INFO] src.ingestion: [BEL.NS] fetching fresh data
2026-07-22 05:53:04,396 [INFO] src.ingestion: [BHEL.NS] fetching fresh data
2026-07-22 05:53:05,262 [INFO] src.ingestion: [CUMMINSIND.NS] fetching fresh data
2026-07-22 05:53:06,132 [INFO] src.ingestion: [THERMAX.NS] fetching fresh data
2026-07-22 05:53:07,035 [INFO] src.ingestion: [POLYCAB.NS] fetching fresh data
2026-07-22 05:53:07,899 [INFO] src.ingestion: [KEI.NS] fetching fresh data
2026-07-22 05:53:08,733 [INFO] src.ingestion: [HAVELLS.NS] fetching fresh data
2026-07-22 05:53:09,601 [INFO] src.ingestion: [CROMPTON.NS] fetching fresh data
2026-07-22 05:53:10,450 [INFO] src.ingestion: [SUPREMEIND.NS] fetching fresh data
2026-07-22 05:53:11,389 [INFO] src.ingestion: [ASTRAL.NS] fetching fresh data
2026-07-22 05:53:12,315 [INFO] src.ingestion: [GRINDWELL.NS] fetching fresh data
2026-07-22 05:53:13,125 [INFO] src.ingestion: [CARBORUNIV.NS] fetching fresh data
2026-07-22 05:53:13,977 [INFO] src.ingestion: [TIMKEN.NS] fetching fresh data
2026-07-22 05:53:14,882 [INFO] src.ingestion: [SKFINDIA.NS] fetching fresh data
2026-07-22 05:53:15,664 [INFO] src.ingestion: [SRF.NS] fetching fresh data
2026-07-22 05:53:16,700 [INFO] src.ingestion: [PIIND.NS] fetching fresh data
2026-07-22 05:53:17,537 [INFO] src.ingestion: [DEEPAKNTR.NS] fetching fresh data
2026-07-22 05:53:18,494 [INFO] src.ingestion: [AARTIIND.NS] fetching fresh data
2026-07-22 05:53:19,411 [INFO] src.ingestion: [NAVINFLUOR.NS] fetching fresh data
2026-07-22 05:53:20,405 [INFO] src.ingestion: [UPL.NS] fetching fresh data
2026-07-22 05:53:21,250 [INFO] src.ingestion: [COROMANDEL.NS] fetching fresh data
2026-07-22 05:53:22,082 [INFO] src.ingestion: [CHAMBLFERT.NS] fetching fresh data
2026-07-22 05:53:23,036 [INFO] src.ingestion: [GNFC.NS] fetching fresh data
2026-07-22 05:53:23,903 [INFO] src.ingestion: [PIDILITIND.NS] fetching fresh data
2026-07-22 05:53:24,725 [INFO] src.ingestion: [TATACHEM.NS] fetching fresh data
2026-07-22 05:53:25,645 [INFO] src.ingestion: [GHCL.NS] fetching fresh data
2026-07-22 05:53:26,516 [INFO] src.ingestion: [TITAN.NS] fetching fresh data
2026-07-22 05:53:27,478 [INFO] src.ingestion: [DMART.NS] fetching fresh data
2026-07-22 05:53:28,395 [INFO] src.ingestion: [TRENT.NS] fetching fresh data
2026-07-22 05:53:29,249 [INFO] src.ingestion: [BATAINDIA.NS] fetching fresh data
2026-07-22 05:53:30,217 [INFO] src.ingestion: [PAGEIND.NS] fetching fresh data
2026-07-22 05:53:31,094 [INFO] src.ingestion: [JUBLFOOD.NS] fetching fresh data
2026-07-22 05:53:32,058 [INFO] src.ingestion: [VOLTAS.NS] fetching fresh data
2026-07-22 05:53:32,928 [INFO] src.ingestion: [DIXON.NS] fetching fresh data
2026-07-22 05:53:33,942 [INFO] src.ingestion: [RELAXO.NS] fetching fresh data
2026-07-22 05:53:34,865 [INFO] src.ingestion: [KAJARIACER.NS] fetching fresh data
2026-07-22 05:53:35,690 [INFO] src.ingestion: [WHIRLPOOL.NS] fetching fresh data
2026-07-22 05:53:36,500 [INFO] src.ingestion: [BLUESTARCO.NS] fetching fresh data
2026-07-22 05:53:37,473 [INFO] src.ingestion: [PGHH.NS] fetching fresh data
2026-07-22 05:53:38,375 [INFO] src.ingestion: [GILLETTE.NS] fetching fresh data
2026-07-22 05:53:39,261 [INFO] src.ingestion: [BHARTIARTL.NS] fetching fresh data
2026-07-22 05:53:40,183 [INFO] src.ingestion: [IDEA.NS] fetching fresh data
2026-07-22 05:53:41,049 [INFO] src.ingestion: [INDUSTOWER.NS] fetching fresh data
2026-07-22 05:53:41,946 [INFO] src.ingestion: [PVRINOX.NS] fetching fresh data
2026-07-22 05:53:42,911 [INFO] src.ingestion: [ZEEL.NS] fetching fresh data
2026-07-22 05:53:43,866 [INFO] src.ingestion: [ADANIPORTS.NS] fetching fresh data
2026-07-22 05:53:44,777 [INFO] src.ingestion: [ADANIENT.NS] fetching fresh data
2026-07-22 05:53:45,630 [INFO] src.ingestion: [GMRAIRPORT.NS] fetching fresh data
2026-07-22 05:53:46,581 [INFO] src.ingestion: [CONCOR.NS] fetching fresh data
2026-07-22 05:53:47,400 [INFO] src.ingestion: [IRCTC.NS] fetching fresh data
2026-07-22 05:53:48,362 [INFO] src.ingestion: [INDIGO.NS] fetching fresh data
2026-07-22 05:53:49,176 [INFO] src.ingestion: [RVNL.NS] fetching fresh data
2026-07-22 05:53:50,070 [INFO] src.ingestion: [IRCON.NS] fetching fresh data
2026-07-22 05:53:50,884 [INFO] src.ingestion: [NBCC.NS] fetching fresh data
2026-07-22 05:53:51,931 [INFO] src.ingestion: [NCC.NS] fetching fresh data
2026-07-22 05:53:52,753 [INFO] src.ingestion: [MAZDOCK.NS] fetching fresh data
2026-07-22 05:53:53,588 [INFO] src.ingestion: [COCHINSHIP.NS] fetching fresh data
2026-07-22 05:53:54,562 [INFO] src.ingestion: [DLF.NS] fetching fresh data
2026-07-22 05:53:55,605 [INFO] src.ingestion: [GODREJPROP.NS] fetching fresh data
2026-07-22 05:53:56,477 [INFO] src.ingestion: [OBEROIRLTY.NS] fetching fresh data
2026-07-22 05:53:57,329 [INFO] src.ingestion: [PRESTIGE.NS] fetching fresh data
2026-07-22 05:53:58,333 [INFO] src.ingestion: [PHOENIXLTD.NS] fetching fresh data
2026-07-22 05:53:59,157 [INFO] src.ingestion: [SOBHA.NS] fetching fresh data
2026-07-22 05:54:00,075 [INFO] src.ingestion: Fetched 200/201 tickers successfully
2026-07-22 05:54:00,076 [WARNING] src.ingestion: Failed tickers (excluded from downstream, not silently zeroed): ['LTIM.NS']
2026-07-22 05:54:00,076 [INFO] __main__: Ingestion validation passed: 200/201 tickers (100%)
2026-07-22 05:54:00,076 [INFO] __main__: === Stage 2/8: Cleaning ===
2026-07-22 05:54:00,083 [WARNING] src.cleaning: [ASHOKLEY.NS] EXCLUDED: missing critical fields: ['market_cap']
2026-07-22 05:54:00,083 [WARNING] src.cleaning: [BIOCON.NS] EXCLUDED: missing critical fields: ['market_cap']
2026-07-22 05:54:00,083 [WARNING] src.cleaning: [BOSCHLTD.NS] EXCLUDED: missing critical fields: ['market_cap']
2026-07-22 05:54:00,083 [WARNING] src.cleaning: [CROMPTON.NS] EXCLUDED: missing critical fields: ['trailing_pe']
2026-07-22 05:54:00,084 [WARNING] src.cleaning: [INDIGO.NS] EXCLUDED: missing critical fields: ['trailing_pe']
2026-07-22 05:54:00,084 [WARNING] src.cleaning: [IOC.NS] EXCLUDED: missing critical fields: ['market_cap']
2026-07-22 05:54:00,084 [WARNING] src.cleaning: [JSWSTEEL.NS] EXCLUDED: missing critical fields: ['market_cap']
2026-07-22 05:54:00,084 [WARNING] src.cleaning: [JUBLFOOD.NS] EXCLUDED: missing critical fields: ['market_cap']
2026-07-22 05:54:00,084 [WARNING] src.cleaning: [LTIM.NS] EXCLUDED: ingestion failed: yfinance returned an empty info payload for LTIM.NS (no exception, but no usable data — likely a transient Yahoo-side issue or an invalid/delisted symbol)
2026-07-22 05:54:00,084 [WARNING] src.cleaning: [RECLTD.NS] EXCLUDED: missing critical fields: ['market_cap']
2026-07-22 05:54:00,084 [WARNING] src.cleaning: [RELIANCE.NS] EXCLUDED: missing critical fields: ['market_cap']
2026-07-22 05:54:00,084 [WARNING] src.cleaning: [TATACHEM.NS] EXCLUDED: missing critical fields: ['trailing_pe']
2026-07-22 05:54:00,085 [WARNING] src.cleaning: [TCS.NS] EXCLUDED: missing critical fields: ['market_cap']
2026-07-22 05:54:00,085 [WARNING] src.cleaning: [TMPV.NS] EXCLUDED: missing critical fields: ['trailing_pe']
2026-07-22 05:54:00,085 [WARNING] src.cleaning: [TVSMOTOR.NS] EXCLUDED: missing critical fields: ['market_cap']
2026-07-22 05:54:00,085 [INFO] src.cleaning: [ABB.NS] non-critical missing fields: ['return_on_equity']
2026-07-22 05:54:00,085 [INFO] src.cleaning: [AUBANK.NS] non-critical missing fields: ['ev_to_ebitda', 'return_on_equity', 'debt_to_equity']
2026-07-22 05:54:00,085 [INFO] src.cleaning: [AXISBANK.NS] non-critical missing fields: ['ev_to_ebitda', 'debt_to_equity']
2026-07-22 05:54:00,085 [WARNING] src.cleaning: [BAJAJHLDNG.NS] outlier values flagged: ['net_margin']
2026-07-22 05:54:00,085 [INFO] src.cleaning: [BAJFINANCE.NS] non-critical missing fields: ['ev_to_ebitda']
2026-07-22 05:54:00,085 [INFO] src.cleaning: [BANDHANBNK.NS] non-critical missing fields: ['ev_to_ebitda', 'debt_to_equity']
2026-07-22 05:54:00,085 [INFO] src.cleaning: [BANKBARODA.NS] non-critical missing fields: ['ev_to_ebitda', 'debt_to_equity']
2026-07-22 05:54:00,085 [INFO] src.cleaning: [BANKINDIA.NS] non-critical missing fields: ['ev_to_ebitda', 'debt_to_equity']
2026-07-22 05:54:00,085 [INFO] src.cleaning: [BHEL.NS] non-critical missing fields: ['return_on_equity']
2026-07-22 05:54:00,085 [INFO] src.cleaning: [CANBK.NS] non-critical missing fields: ['ev_to_ebitda', 'debt_to_equity']
2026-07-22 05:54:00,085 [INFO] src.cleaning: [CENTRALBK.NS] non-critical missing fields: ['ev_to_ebitda', 'debt_to_equity']
2026-07-22 05:54:00,085 [INFO] src.cleaning: [CHOLAFIN.NS] non-critical missing fields: ['ev_to_ebitda']
2026-07-22 05:54:00,085 [INFO] src.cleaning: [DMART.NS] non-critical missing fields: ['return_on_equity']
2026-07-22 05:54:00,085 [INFO] src.cleaning: [FEDERALBNK.NS] non-critical missing fields: ['ev_to_ebitda', 'return_on_equity', 'debt_to_equity']
2026-07-22 05:54:00,085 [INFO] src.cleaning: [GICRE.NS] non-critical missing fields: ['debt_to_equity']
2026-07-22 05:54:00,085 [WARNING] src.cleaning: [GMRAIRPORT.NS] outlier values flagged: ['trailing_pe']
2026-07-22 05:54:00,085 [WARNING] src.cleaning: [GMRAIRPORT.NS] negative/zero equity — DuPont ROE math will be invalid downstream
2026-07-22 05:54:00,085 [INFO] src.cleaning: [GMRAIRPORT.NS] non-critical missing fields: ['return_on_equity', 'debt_to_equity']
2026-07-22 05:54:00,085 [INFO] src.cleaning: [HAVELLS.NS] non-critical missing fields: ['return_on_equity']
2026-07-22 05:54:00,085 [WARNING] src.cleaning: [HCLTECH.NS] outlier values flagged: ['ev_to_ebitda']
2026-07-22 05:54:00,085 [INFO] src.cleaning: [HDFCBANK.NS] non-critical missing fields: ['ev_to_ebitda', 'debt_to_equity']
2026-07-22 05:54:00,085 [INFO] src.cleaning: [HUDCO.NS] non-critical missing fields: ['ev_to_ebitda']
2026-07-22 05:54:00,085 [INFO] src.cleaning: [ICICIBANK.NS] non-critical missing fields: ['ev_to_ebitda', 'debt_to_equity']
2026-07-22 05:54:00,085 [INFO] src.cleaning: [ICICIGI.NS] non-critical missing fields: ['debt_to_equity']
2026-07-22 05:54:00,085 [WARNING] src.cleaning: [IDEA.NS] negative/zero equity — DuPont ROE math will be invalid downstream
2026-07-22 05:54:00,086 [INFO] src.cleaning: [IDEA.NS] non-critical missing fields: ['return_on_equity', 'debt_to_equity']
2026-07-22 05:54:00,086 [INFO] src.cleaning: [IDFCFIRSTB.NS] non-critical missing fields: ['ev_to_ebitda', 'return_on_equity', 'debt_to_equity', 'total_debt']
2026-07-22 05:54:00,086 [INFO] src.cleaning: [INDUSINDBK.NS] non-critical missing fields: ['ev_to_ebitda', 'debt_to_equity']
2026-07-22 05:54:00,086 [WARNING] src.cleaning: [INFY.NS] outlier values flagged: ['ev_to_ebitda']
2026-07-22 05:54:00,086 [INFO] src.cleaning: [IOB.NS] non-critical missing fields: ['ev_to_ebitda', 'debt_to_equity']
2026-07-22 05:54:00,086 [INFO] src.cleaning: [IRFC.NS] non-critical missing fields: ['ev_to_ebitda']
2026-07-22 05:54:00,086 [INFO] src.cleaning: [JKCEMENT.NS] non-critical missing fields: ['return_on_equity']
2026-07-22 05:54:00,086 [INFO] src.cleaning: [KOTAKBANK.NS] non-critical missing fields: ['ev_to_ebitda', 'return_on_equity', 'debt_to_equity']
2026-07-22 05:54:00,086 [INFO] src.cleaning: [LICHSGFIN.NS] non-critical missing fields: ['ev_to_ebitda']
2026-07-22 05:54:00,086 [INFO] src.cleaning: [LTTS.NS] non-critical missing fields: ['return_on_equity']
2026-07-22 05:54:00,086 [INFO] src.cleaning: [MANAPPURAM.NS] non-critical missing fields: ['ev_to_ebitda']
2026-07-22 05:54:00,086 [INFO] src.cleaning: [MUTHOOTFIN.NS] non-critical missing fields: ['ev_to_ebitda']
2026-07-22 05:54:00,086 [INFO] src.cleaning: [OBEROIRLTY.NS] non-critical missing fields: ['return_on_equity']
2026-07-22 05:54:00,086 [INFO] src.cleaning: [PFC.NS] non-critical missing fields: ['ev_to_ebitda']
2026-07-22 05:54:00,086 [INFO] src.cleaning: [PNB.NS] non-critical missing fields: ['ev_to_ebitda', 'return_on_equity', 'debt_to_equity']
2026-07-22 05:54:00,086 [INFO] src.cleaning: [POLYCAB.NS] non-critical missing fields: ['return_on_equity']
2026-07-22 05:54:00,086 [INFO] src.cleaning: [POONAWALLA.NS] non-critical missing fields: ['ev_to_ebitda', 'return_on_equity']
2026-07-22 05:54:00,086 [INFO] src.cleaning: [RBLBANK.NS] non-critical missing fields: ['ev_to_ebitda', 'return_on_equity', 'debt_to_equity']
2026-07-22 05:54:00,086 [INFO] src.cleaning: [SBICARD.NS] non-critical missing fields: ['ev_to_ebitda']
2026-07-22 05:54:00,086 [INFO] src.cleaning: [SBILIFE.NS] non-critical missing fields: ['debt_to_equity']
2026-07-22 05:54:00,086 [INFO] src.cleaning: [SBIN.NS] non-critical missing fields: ['ev_to_ebitda', 'debt_to_equity']
2026-07-22 05:54:00,086 [INFO] src.cleaning: [SHREECEM.NS] non-critical missing fields: ['return_on_equity']
2026-07-22 05:54:00,086 [INFO] src.cleaning: [SHRIRAMFIN.NS] non-critical missing fields: ['ev_to_ebitda']
2026-07-22 05:54:00,086 [INFO] src.cleaning: [SIEMENS.NS] non-critical missing fields: ['return_on_equity']
2026-07-22 05:54:00,086 [INFO] src.cleaning: [TATAELXSI.NS] non-critical missing fields: ['return_on_equity']
2026-07-22 05:54:00,086 [INFO] src.cleaning: [TECHM.NS] non-critical missing fields: ['return_on_equity']
2026-07-22 05:54:00,086 [INFO] src.cleaning: [UCOBANK.NS] non-critical missing fields: ['ev_to_ebitda', 'debt_to_equity']
2026-07-22 05:54:00,086 [INFO] src.cleaning: [ULTRACEMCO.NS] non-critical missing fields: ['return_on_equity']
2026-07-22 05:54:00,086 [INFO] src.cleaning: [UNIONBANK.NS] non-critical missing fields: ['ev_to_ebitda', 'debt_to_equity', 'revenue_growth', 'total_debt']
2026-07-22 05:54:00,086 [INFO] src.cleaning: [VBL.NS] non-critical missing fields: ['return_on_equity']
2026-07-22 05:54:00,095 [INFO] src.cleaning: Cleaned 186/201 tickers -> data/processed/cleaned_universe.csv
2026-07-22 05:54:00,095 [INFO] src.cleaning: Full flag audit trail -> data/processed/cleaning_flags.csv
2026-07-22 05:54:00,095 [INFO] __main__: Cleaning validation passed: 186/201 tickers retained (93%)
2026-07-22 05:54:00,095 [INFO] __main__: === Stage 3/8: Scoring ===
2026-07-22 05:54:00,149 [INFO] src.scoring: Scored 186 companies -> data/processed/scored_universe.csv
2026-07-22 05:54:00,149 [INFO] src.scoring: Top 10 shortlist -> data/processed/shortlist_top_n.csv
2026-07-22 05:54:00,150 [WARNING] src.scoring: 24 companies scored on fewer than all 4 buckets (reweighted, not zero-filled) — see 'buckets_used' column: ['PNB.NS', 'UNIONBANK.NS', 'IOB.NS', 'CANBK.NS', 'IDEA.NS', 'ICICIGI.NS', 'GICRE.NS', 'BANKINDIA.NS', 'AXISBANK.NS', 'BANKBARODA.NS', 'KOTAKBANK.NS', 'SBIN.NS', 'CENTRALBK.NS', 'FEDERALBNK.NS', 'HDFCBANK.NS', 'ICICIBANK.NS', 'GMRAIRPORT.NS', 'BANDHANBNK.NS', 'IDFCFIRSTB.NS', 'AUBANK.NS', 'UCOBANK.NS', 'RBLBANK.NS', 'INDUSINDBK.NS', 'SBILIFE.NS']
2026-07-22 05:54:00,151 [INFO] __main__: Scoring validation passed: 186 companies ranked, all scores in valid range
2026-07-22 05:54:00,151 [INFO] __main__: === Stage 4/8: Comps + DuPont ===
2026-07-22 05:54:00,161 [INFO] src.comps_dupont: Comps + DuPont report for top 10 -> data/processed/comps_dupont_report.csv
2026-07-22 05:54:00,162 [WARNING] src.comps_dupont: 2 companies have a DuPont-implied ROE that diverges >5pp from reported ROE (possible data inconsistency, worth a manual check): ['IOB.NS', 'LICI.NS']
2026-07-22 05:54:00,162 [INFO] __main__: === Stage 5/8: Explainability ===
2026-07-22 05:54:00,194 [INFO] src.explainability: Explanations for top 10 companies -> data/processed/explanations.csv
2026-07-22 05:54:00,194 [INFO] __main__: === Stage 6/8: Baseline Comparison ===
2026-07-22 05:54:00,200 [INFO] src.baseline_comparison: Baseline comparison -> data/processed/baseline_comparison.csv
2026-07-22 05:54:00,201 [INFO] __main__: === Stage 7/8: Acquisition Likelihood ===
2026-07-22 05:54:00,204 [INFO] src.acquisition_likelihood: 2 companies excluded from acquisition-likelihood scoring (negative/zero equity — financial distress, not a value-target thesis): ['IDEA.NS', 'GMRAIRPORT.NS']
2026-07-22 05:54:00,213 [INFO] src.acquisition_likelihood: Acquisition likelihood scoring -> data/processed/acquisition_likelihood.csv
2026-07-22 05:54:00,214 [INFO] __main__: === Stage 8/8: Historical Snapshot ===
2026-07-22 05:54:00,218 [INFO] src.history_tracker: Recorded shortlist snapshot for 2026-07-22 (10 companies) -> data/history/shortlist_history.csv (1 distinct days tracked so far)
2026-07-22 05:54:00,222 [INFO] src.history_tracker: Recorded acquisition-likelihood snapshot for 2026-07-22 (10 companies) -> data/history/acquisition_likelihood_history.csv (1 distinct days tracked so far)
2026-07-22 05:54:00,222 [INFO] __main__: === Pipeline completed successfully ===
2026-07-22 05:54:00,222 [INFO] __main__:   ingestion: {'total': 201, 'ok': 200}
2026-07-22 05:54:00,222 [INFO] __main__:   cleaning: {'retained': 186, 'input': 201}
2026-07-22 05:54:00,222 [INFO] __main__:   scoring: {'ranked': 186}
2026-07-22 05:54:00,222 [INFO] __main__:   comps_dupont: {'companies': 10}
2026-07-22 05:54:00,222 [INFO] __main__:   explainability: {'companies': 10}
2026-07-22 05:54:00,222 [INFO] __main__:   baseline_comparison: {'correlation': np.float64(0.4655073220538116), 'overlap_pct': 0.2}
2026-07-22 05:54:00,222 [INFO] __main__:   acquisition_likelihood: {'companies': 10}
2026-07-22 05:54:00,222 [INFO] __main__:   history_tracker: {'recorded': True}
