2026-07-30 05:41:29,269 [INFO] __main__: Logging to file: logs/pipeline_run_2026-07-30T05-41-29Z.log
2026-07-30 05:41:29,269 [INFO] __main__: === Stage 1/8: Ingestion ===
2026-07-30 05:41:29,302 [INFO] src.ingestion: [ACC.NS] fetching fresh data
2026-07-30 05:41:34,176 [INFO] src.ingestion: [AMBUJACEM.NS] fetching fresh data
2026-07-30 05:41:36,213 [INFO] src.ingestion: [ULTRACEMCO.NS] fetching fresh data
2026-07-30 05:41:38,233 [INFO] src.ingestion: [SHREECEM.NS] fetching fresh data
2026-07-30 05:41:40,263 [INFO] src.ingestion: [JKCEMENT.NS] fetching fresh data
2026-07-30 05:41:42,348 [INFO] src.ingestion: [RAMCOCEM.NS] fetching fresh data
2026-07-30 05:41:44,392 [INFO] src.ingestion: [HEIDELBERG.NS] fetching fresh data
2026-07-30 05:41:46,399 [INFO] src.ingestion: [DALBHARAT.NS] fetching fresh data
2026-07-30 05:41:48,626 [INFO] src.ingestion: [INFY.NS] fetching fresh data
2026-07-30 05:41:50,658 [INFO] src.ingestion: [TCS.NS] fetching fresh data
2026-07-30 05:41:52,625 [INFO] src.ingestion: [WIPRO.NS] fetching fresh data
2026-07-30 05:41:54,668 [INFO] src.ingestion: [HCLTECH.NS] fetching fresh data
2026-07-30 05:41:56,642 [INFO] src.ingestion: [TECHM.NS] fetching fresh data
2026-07-30 05:41:58,771 [INFO] src.ingestion: [LTIM.NS] fetching fresh data
2026-07-30 05:41:59,702 [ERROR] yfinance: HTTP Error 404: {"quoteSummary":{"result":null,"error":{"code":"Not Found","description":"Quote not found for symbol: LTIM.NS"}}}
2026-07-30 05:42:00,164 [WARNING] src.ingestion: [LTIM.NS] attempt 1 failed: yfinance returned an empty info payload for LTIM.NS (no exception, but no usable data — likely a transient Yahoo-side issue or an invalid/delisted symbol)
2026-07-30 05:42:03,366 [ERROR] yfinance: HTTP Error 404: {"quoteSummary":{"result":null,"error":{"code":"Not Found","description":"Quote not found for symbol: LTIM.NS"}}}
2026-07-30 05:42:03,628 [WARNING] src.ingestion: [LTIM.NS] attempt 2 failed: yfinance returned an empty info payload for LTIM.NS (no exception, but no usable data — likely a transient Yahoo-side issue or an invalid/delisted symbol)
2026-07-30 05:42:08,535 [ERROR] yfinance: HTTP Error 404: {"quoteSummary":{"result":null,"error":{"code":"Not Found","description":"Quote not found for symbol: LTIM.NS"}}}
2026-07-30 05:42:08,759 [WARNING] src.ingestion: [LTIM.NS] attempt 3 failed: yfinance returned an empty info payload for LTIM.NS (no exception, but no usable data — likely a transient Yahoo-side issue or an invalid/delisted symbol)
2026-07-30 05:42:09,160 [INFO] src.ingestion: [PERSISTENT.NS] fetching fresh data
2026-07-30 05:42:11,183 [INFO] src.ingestion: [COFORGE.NS] fetching fresh data
2026-07-30 05:42:13,182 [INFO] src.ingestion: [MPHASIS.NS] fetching fresh data
2026-07-30 05:42:15,189 [INFO] src.ingestion: [LTTS.NS] fetching fresh data
2026-07-30 05:42:17,169 [INFO] src.ingestion: [TATAELXSI.NS] fetching fresh data
2026-07-30 05:42:19,456 [INFO] src.ingestion: [CYIENT.NS] fetching fresh data
2026-07-30 05:42:21,475 [INFO] src.ingestion: [KPITTECH.NS] fetching fresh data
2026-07-30 05:42:23,506 [INFO] src.ingestion: [HDFCBANK.NS] fetching fresh data
2026-07-30 05:42:25,471 [INFO] src.ingestion: [ICICIBANK.NS] fetching fresh data
2026-07-30 05:42:27,688 [INFO] src.ingestion: [SBIN.NS] fetching fresh data
2026-07-30 05:42:29,659 [INFO] src.ingestion: [AXISBANK.NS] fetching fresh data
2026-07-30 05:42:31,597 [INFO] src.ingestion: [KOTAKBANK.NS] fetching fresh data
2026-07-30 05:42:33,511 [INFO] src.ingestion: [INDUSINDBK.NS] fetching fresh data
2026-07-30 05:42:35,494 [INFO] src.ingestion: [FEDERALBNK.NS] fetching fresh data
2026-07-30 05:42:37,596 [INFO] src.ingestion: [BANDHANBNK.NS] fetching fresh data
2026-07-30 05:42:39,629 [INFO] src.ingestion: [IDFCFIRSTB.NS] fetching fresh data
2026-07-30 05:42:41,711 [INFO] src.ingestion: [PNB.NS] fetching fresh data
2026-07-30 05:42:43,629 [INFO] src.ingestion: [BANKBARODA.NS] fetching fresh data
2026-07-30 05:42:45,656 [INFO] src.ingestion: [CANBK.NS] fetching fresh data
2026-07-30 05:42:47,671 [INFO] src.ingestion: [UNIONBANK.NS] fetching fresh data
2026-07-30 05:42:49,545 [INFO] src.ingestion: [AUBANK.NS] fetching fresh data
2026-07-30 05:42:51,446 [INFO] src.ingestion: [RBLBANK.NS] fetching fresh data
2026-07-30 05:42:53,459 [INFO] src.ingestion: [BANKINDIA.NS] fetching fresh data
2026-07-30 05:42:55,434 [INFO] src.ingestion: [CENTRALBK.NS] fetching fresh data
2026-07-30 05:42:57,572 [INFO] src.ingestion: [IOB.NS] fetching fresh data
2026-07-30 05:42:59,551 [INFO] src.ingestion: [UCOBANK.NS] fetching fresh data
2026-07-30 05:43:01,458 [INFO] src.ingestion: [BAJFINANCE.NS] fetching fresh data
2026-07-30 05:43:03,432 [INFO] src.ingestion: [BAJAJFINSV.NS] fetching fresh data
2026-07-30 05:43:05,451 [INFO] src.ingestion: [CHOLAFIN.NS] fetching fresh data
2026-07-30 05:43:07,415 [INFO] src.ingestion: [MUTHOOTFIN.NS] fetching fresh data
2026-07-30 05:43:09,349 [INFO] src.ingestion: [LICHSGFIN.NS] fetching fresh data
2026-07-30 05:43:11,315 [INFO] src.ingestion: [SHRIRAMFIN.NS] fetching fresh data
2026-07-30 05:43:13,439 [INFO] src.ingestion: [PFC.NS] fetching fresh data
2026-07-30 05:43:15,573 [INFO] src.ingestion: [RECLTD.NS] fetching fresh data
2026-07-30 05:43:17,498 [INFO] src.ingestion: [IRFC.NS] fetching fresh data
2026-07-30 05:43:19,522 [INFO] src.ingestion: [HUDCO.NS] fetching fresh data
2026-07-30 05:43:21,593 [INFO] src.ingestion: [BAJAJHLDNG.NS] fetching fresh data
2026-07-30 05:43:23,590 [INFO] src.ingestion: [SBICARD.NS] fetching fresh data
2026-07-30 05:43:25,561 [INFO] src.ingestion: [MANAPPURAM.NS] fetching fresh data
2026-07-30 05:43:27,467 [INFO] src.ingestion: [POONAWALLA.NS] fetching fresh data
2026-07-30 05:43:29,504 [INFO] src.ingestion: [HDFCLIFE.NS] fetching fresh data
2026-07-30 05:43:31,533 [INFO] src.ingestion: [SBILIFE.NS] fetching fresh data
2026-07-30 05:43:33,529 [INFO] src.ingestion: [ICICIPRULI.NS] fetching fresh data
2026-07-30 05:43:35,621 [INFO] src.ingestion: [ICICIGI.NS] fetching fresh data
2026-07-30 05:43:37,576 [INFO] src.ingestion: [LICI.NS] fetching fresh data
2026-07-30 05:43:39,626 [INFO] src.ingestion: [GICRE.NS] fetching fresh data
2026-07-30 05:43:41,595 [INFO] src.ingestion: [MARUTI.NS] fetching fresh data
2026-07-30 05:43:43,568 [INFO] src.ingestion: [TMPV.NS] fetching fresh data
2026-07-30 05:43:45,777 [INFO] src.ingestion: [TMCV.NS] fetching fresh data
2026-07-30 05:43:48,116 [INFO] src.ingestion: [M&M.NS] fetching fresh data
2026-07-30 05:43:50,372 [INFO] src.ingestion: [EICHERMOT.NS] fetching fresh data
2026-07-30 05:43:52,311 [INFO] src.ingestion: [HEROMOTOCO.NS] fetching fresh data
2026-07-30 05:43:54,346 [INFO] src.ingestion: [BAJAJ-AUTO.NS] fetching fresh data
2026-07-30 05:43:56,477 [INFO] src.ingestion: [TVSMOTOR.NS] fetching fresh data
2026-07-30 05:43:58,577 [INFO] src.ingestion: [ASHOKLEY.NS] fetching fresh data
2026-07-30 05:44:01,062 [INFO] src.ingestion: [BHARATFORG.NS] fetching fresh data
2026-07-30 05:44:03,118 [INFO] src.ingestion: [MOTHERSON.NS] fetching fresh data
2026-07-30 05:44:05,058 [INFO] src.ingestion: [BOSCHLTD.NS] fetching fresh data
2026-07-30 05:44:07,149 [INFO] src.ingestion: [MRF.NS] fetching fresh data
2026-07-30 05:44:09,265 [INFO] src.ingestion: [ENDURANCE.NS] fetching fresh data
2026-07-30 05:44:11,248 [INFO] src.ingestion: [EXIDEIND.NS] fetching fresh data
2026-07-30 05:44:13,228 [INFO] src.ingestion: [ARE&M.NS] fetching fresh data
2026-07-30 05:44:15,189 [INFO] src.ingestion: [SUNDRMFAST.NS] fetching fresh data
2026-07-30 05:44:17,138 [INFO] src.ingestion: [UNOMINDA.NS] fetching fresh data
2026-07-30 05:44:19,250 [INFO] src.ingestion: [SUNPHARMA.NS] fetching fresh data
2026-07-30 05:44:21,324 [INFO] src.ingestion: [DRREDDY.NS] fetching fresh data
2026-07-30 05:44:23,335 [INFO] src.ingestion: [CIPLA.NS] fetching fresh data
2026-07-30 05:44:25,409 [INFO] src.ingestion: [DIVISLAB.NS] fetching fresh data
2026-07-30 05:44:27,439 [INFO] src.ingestion: [LUPIN.NS] fetching fresh data
2026-07-30 05:44:29,697 [INFO] src.ingestion: [AUROPHARMA.NS] fetching fresh data
2026-07-30 05:44:31,635 [INFO] src.ingestion: [BIOCON.NS] fetching fresh data
2026-07-30 05:44:33,636 [INFO] src.ingestion: [TORNTPHARM.NS] fetching fresh data
2026-07-30 05:44:35,791 [INFO] src.ingestion: [ALKEM.NS] fetching fresh data
2026-07-30 05:44:37,849 [INFO] src.ingestion: [ABBOTINDIA.NS] fetching fresh data
2026-07-30 05:44:40,115 [INFO] src.ingestion: [APOLLOHOSP.NS] fetching fresh data
2026-07-30 05:44:42,481 [INFO] src.ingestion: [FORTIS.NS] fetching fresh data
2026-07-30 05:44:44,414 [INFO] src.ingestion: [LALPATHLAB.NS] fetching fresh data
2026-07-30 05:44:53,559 [INFO] src.ingestion: [METROPOLIS.NS] fetching fresh data
2026-07-30 05:44:55,510 [INFO] src.ingestion: [GLAND.NS] fetching fresh data
2026-07-30 05:44:57,607 [INFO] src.ingestion: [LAURUSLABS.NS] fetching fresh data
2026-07-30 05:44:59,713 [INFO] src.ingestion: [GLENMARK.NS] fetching fresh data
2026-07-30 05:45:01,696 [INFO] src.ingestion: [IPCALAB.NS] fetching fresh data
2026-07-30 05:45:03,798 [INFO] src.ingestion: [HINDUNILVR.NS] fetching fresh data
2026-07-30 05:45:05,718 [INFO] src.ingestion: [ITC.NS] fetching fresh data
2026-07-30 05:45:07,772 [INFO] src.ingestion: [NESTLEIND.NS] fetching fresh data
2026-07-30 05:45:09,947 [INFO] src.ingestion: [BRITANNIA.NS] fetching fresh data
2026-07-30 05:45:11,971 [INFO] src.ingestion: [DABUR.NS] fetching fresh data
2026-07-30 05:45:14,279 [INFO] src.ingestion: [GODREJCP.NS] fetching fresh data
2026-07-30 05:45:16,302 [INFO] src.ingestion: [MARICO.NS] fetching fresh data
2026-07-30 05:45:18,396 [INFO] src.ingestion: [COLPAL.NS] fetching fresh data
2026-07-30 05:45:20,400 [INFO] src.ingestion: [TATACONSUM.NS] fetching fresh data
2026-07-30 05:45:22,459 [INFO] src.ingestion: [VBL.NS] fetching fresh data
2026-07-30 05:45:24,489 [INFO] src.ingestion: [UNITDSPR.NS] fetching fresh data
2026-07-30 05:45:26,449 [INFO] src.ingestion: [EMAMILTD.NS] fetching fresh data
2026-07-30 05:45:28,696 [INFO] src.ingestion: [TATASTEEL.NS] fetching fresh data
2026-07-30 05:45:30,758 [INFO] src.ingestion: [JSWSTEEL.NS] fetching fresh data
2026-07-30 05:45:32,847 [INFO] src.ingestion: [HINDALCO.NS] fetching fresh data
2026-07-30 05:45:34,873 [INFO] src.ingestion: [VEDL.NS] fetching fresh data
2026-07-30 05:45:36,895 [INFO] src.ingestion: [COALINDIA.NS] fetching fresh data
2026-07-30 05:45:38,879 [INFO] src.ingestion: [NMDC.NS] fetching fresh data
2026-07-30 05:45:40,922 [INFO] src.ingestion: [SAIL.NS] fetching fresh data
2026-07-30 05:45:43,065 [INFO] src.ingestion: [JINDALSTEL.NS] fetching fresh data
2026-07-30 05:45:45,096 [INFO] src.ingestion: [APLAPOLLO.NS] fetching fresh data
2026-07-30 05:45:47,129 [INFO] src.ingestion: [NATIONALUM.NS] fetching fresh data
2026-07-30 05:45:49,194 [INFO] src.ingestion: [HINDCOPPER.NS] fetching fresh data
2026-07-30 05:45:51,328 [INFO] src.ingestion: [RATNAMANI.NS] fetching fresh data
2026-07-30 05:45:53,371 [INFO] src.ingestion: [HINDZINC.NS] fetching fresh data
2026-07-30 05:45:55,485 [INFO] src.ingestion: [WELCORP.NS] fetching fresh data
2026-07-30 05:45:57,695 [INFO] src.ingestion: [JSL.NS] fetching fresh data
2026-07-30 05:45:59,658 [INFO] src.ingestion: [RELIANCE.NS] fetching fresh data
2026-07-30 05:46:01,657 [INFO] src.ingestion: [ONGC.NS] fetching fresh data
2026-07-30 05:46:03,675 [INFO] src.ingestion: [BPCL.NS] fetching fresh data
2026-07-30 05:46:05,691 [INFO] src.ingestion: [IOC.NS] fetching fresh data
2026-07-30 05:46:07,798 [INFO] src.ingestion: [GAIL.NS] fetching fresh data
2026-07-30 05:46:09,788 [INFO] src.ingestion: [NTPC.NS] fetching fresh data
2026-07-30 05:46:11,842 [INFO] src.ingestion: [POWERGRID.NS] fetching fresh data
2026-07-30 05:46:13,967 [INFO] src.ingestion: [TATAPOWER.NS] fetching fresh data
2026-07-30 05:46:15,939 [INFO] src.ingestion: [ADANIGREEN.NS] fetching fresh data
2026-07-30 05:46:17,967 [INFO] src.ingestion: [ADANIPOWER.NS] fetching fresh data
2026-07-30 05:46:20,112 [INFO] src.ingestion: [TORNTPOWER.NS] fetching fresh data
2026-07-30 05:46:22,226 [INFO] src.ingestion: [LT.NS] fetching fresh data
2026-07-30 05:46:24,277 [INFO] src.ingestion: [SIEMENS.NS] fetching fresh data
2026-07-30 05:46:26,229 [INFO] src.ingestion: [ABB.NS] fetching fresh data
2026-07-30 05:46:28,278 [INFO] src.ingestion: [HAL.NS] fetching fresh data
2026-07-30 05:46:30,375 [INFO] src.ingestion: [BEL.NS] fetching fresh data
2026-07-30 05:46:32,519 [INFO] src.ingestion: [BHEL.NS] fetching fresh data
2026-07-30 05:46:34,598 [INFO] src.ingestion: [CUMMINSIND.NS] fetching fresh data
2026-07-30 05:46:36,582 [INFO] src.ingestion: [THERMAX.NS] fetching fresh data
2026-07-30 05:46:38,642 [INFO] src.ingestion: [POLYCAB.NS] fetching fresh data
2026-07-30 05:46:40,702 [INFO] src.ingestion: [KEI.NS] fetching fresh data
2026-07-30 05:46:42,719 [INFO] src.ingestion: [HAVELLS.NS] fetching fresh data
2026-07-30 05:46:44,716 [INFO] src.ingestion: [CROMPTON.NS] fetching fresh data
2026-07-30 05:46:46,772 [INFO] src.ingestion: [SUPREMEIND.NS] fetching fresh data
2026-07-30 05:46:48,949 [INFO] src.ingestion: [ASTRAL.NS] fetching fresh data
2026-07-30 05:46:51,026 [INFO] src.ingestion: [GRINDWELL.NS] fetching fresh data
2026-07-30 05:46:53,085 [INFO] src.ingestion: [CARBORUNIV.NS] fetching fresh data
2026-07-30 05:46:55,063 [INFO] src.ingestion: [TIMKEN.NS] fetching fresh data
2026-07-30 05:46:57,188 [INFO] src.ingestion: [SKFINDIA.NS] fetching fresh data
2026-07-30 05:46:59,486 [INFO] src.ingestion: [SRF.NS] fetching fresh data
2026-07-30 05:47:01,475 [INFO] src.ingestion: [PIIND.NS] fetching fresh data
2026-07-30 05:47:03,495 [INFO] src.ingestion: [DEEPAKNTR.NS] fetching fresh data
2026-07-30 05:47:05,907 [INFO] src.ingestion: [AARTIIND.NS] fetching fresh data
2026-07-30 05:47:08,367 [INFO] src.ingestion: [NAVINFLUOR.NS] fetching fresh data
2026-07-30 05:47:10,289 [INFO] src.ingestion: [UPL.NS] fetching fresh data
2026-07-30 05:47:12,269 [INFO] src.ingestion: [COROMANDEL.NS] fetching fresh data
2026-07-30 05:47:14,239 [INFO] src.ingestion: [CHAMBLFERT.NS] fetching fresh data
2026-07-30 05:47:16,350 [INFO] src.ingestion: [GNFC.NS] fetching fresh data
2026-07-30 05:47:18,332 [INFO] src.ingestion: [PIDILITIND.NS] fetching fresh data
2026-07-30 05:47:20,480 [INFO] src.ingestion: [TATACHEM.NS] fetching fresh data
2026-07-30 05:47:22,444 [INFO] src.ingestion: [GHCL.NS] fetching fresh data
2026-07-30 05:47:24,430 [INFO] src.ingestion: [TITAN.NS] fetching fresh data
2026-07-30 05:47:26,563 [INFO] src.ingestion: [DMART.NS] fetching fresh data
2026-07-30 05:47:28,482 [INFO] src.ingestion: [TRENT.NS] fetching fresh data
2026-07-30 05:47:30,619 [INFO] src.ingestion: [BATAINDIA.NS] fetching fresh data
2026-07-30 05:47:32,605 [INFO] src.ingestion: [PAGEIND.NS] fetching fresh data
2026-07-30 05:47:34,776 [INFO] src.ingestion: [JUBLFOOD.NS] fetching fresh data
2026-07-30 05:47:36,706 [INFO] src.ingestion: [VOLTAS.NS] fetching fresh data
2026-07-30 05:47:38,811 [INFO] src.ingestion: [DIXON.NS] fetching fresh data
2026-07-30 05:47:40,907 [INFO] src.ingestion: [RELAXO.NS] fetching fresh data
2026-07-30 05:47:42,865 [INFO] src.ingestion: [KAJARIACER.NS] fetching fresh data
2026-07-30 05:47:44,903 [INFO] src.ingestion: [WHIRLPOOL.NS] fetching fresh data
2026-07-30 05:47:46,856 [INFO] src.ingestion: [BLUESTARCO.NS] fetching fresh data
2026-07-30 05:47:48,886 [INFO] src.ingestion: [PGHH.NS] fetching fresh data
2026-07-30 05:47:50,999 [INFO] src.ingestion: [GILLETTE.NS] fetching fresh data
2026-07-30 05:47:52,913 [INFO] src.ingestion: [BHARTIARTL.NS] fetching fresh data
2026-07-30 05:47:55,039 [INFO] src.ingestion: [IDEA.NS] fetching fresh data
2026-07-30 05:47:57,175 [INFO] src.ingestion: [INDUSTOWER.NS] fetching fresh data
2026-07-30 05:47:59,166 [INFO] src.ingestion: [PVRINOX.NS] fetching fresh data
2026-07-30 05:48:01,307 [INFO] src.ingestion: [ZEEL.NS] fetching fresh data
2026-07-30 05:48:03,425 [INFO] src.ingestion: [ADANIPORTS.NS] fetching fresh data
2026-07-30 05:48:05,539 [INFO] src.ingestion: [ADANIENT.NS] fetching fresh data
2026-07-30 05:48:07,642 [INFO] src.ingestion: [GMRAIRPORT.NS] fetching fresh data
2026-07-30 05:48:09,829 [INFO] src.ingestion: [CONCOR.NS] fetching fresh data
2026-07-30 05:48:11,913 [INFO] src.ingestion: [IRCTC.NS] fetching fresh data
2026-07-30 05:48:13,965 [INFO] src.ingestion: [INDIGO.NS] fetching fresh data
2026-07-30 05:48:15,990 [INFO] src.ingestion: [RVNL.NS] fetching fresh data
2026-07-30 05:48:17,984 [INFO] src.ingestion: [IRCON.NS] fetching fresh data
2026-07-30 05:48:19,991 [INFO] src.ingestion: [NBCC.NS] fetching fresh data
2026-07-30 05:48:22,103 [INFO] src.ingestion: [NCC.NS] fetching fresh data
2026-07-30 05:48:24,085 [INFO] src.ingestion: [MAZDOCK.NS] fetching fresh data
2026-07-30 05:48:26,185 [INFO] src.ingestion: [COCHINSHIP.NS] fetching fresh data
2026-07-30 05:48:28,148 [INFO] src.ingestion: [DLF.NS] fetching fresh data
2026-07-30 05:48:30,161 [INFO] src.ingestion: [GODREJPROP.NS] fetching fresh data
2026-07-30 05:48:32,282 [INFO] src.ingestion: [OBEROIRLTY.NS] fetching fresh data
2026-07-30 05:48:34,209 [INFO] src.ingestion: [PRESTIGE.NS] fetching fresh data
2026-07-30 05:48:36,243 [INFO] src.ingestion: [PHOENIXLTD.NS] fetching fresh data
2026-07-30 05:48:38,392 [INFO] src.ingestion: [SOBHA.NS] fetching fresh data
2026-07-30 05:48:40,430 [INFO] src.ingestion: Fetched 200/201 tickers successfully
2026-07-30 05:48:40,430 [WARNING] src.ingestion: Failed tickers (excluded from downstream, not silently zeroed): ['LTIM.NS']
2026-07-30 05:48:40,430 [INFO] __main__: Ingestion validation passed: 200/201 tickers (100%)
2026-07-30 05:48:40,430 [INFO] __main__: === Stage 2/8: Cleaning ===
2026-07-30 05:48:40,439 [WARNING] src.cleaning: [CROMPTON.NS] EXCLUDED: missing critical fields: ['trailing_pe']
2026-07-30 05:48:40,439 [WARNING] src.cleaning: [INDIGO.NS] EXCLUDED: missing critical fields: ['trailing_pe']
2026-07-30 05:48:40,439 [WARNING] src.cleaning: [LTIM.NS] EXCLUDED: ingestion failed: yfinance returned an empty info payload for LTIM.NS (no exception, but no usable data — likely a transient Yahoo-side issue or an invalid/delisted symbol)
2026-07-30 05:48:40,440 [WARNING] src.cleaning: [TATACHEM.NS] EXCLUDED: missing critical fields: ['trailing_pe']
2026-07-30 05:48:40,440 [WARNING] src.cleaning: [TMPV.NS] EXCLUDED: missing critical fields: ['trailing_pe']
2026-07-30 05:48:40,440 [INFO] src.cleaning: [ABB.NS] non-critical missing fields: ['return_on_equity']
2026-07-30 05:48:40,440 [INFO] src.cleaning: [ACC.NS] non-critical missing fields: ['return_on_equity']
2026-07-30 05:48:40,440 [INFO] src.cleaning: [ADANIGREEN.NS] non-critical missing fields: ['return_on_equity']
2026-07-30 05:48:40,440 [INFO] src.cleaning: [ADANIPOWER.NS] non-critical missing fields: ['return_on_equity']
2026-07-30 05:48:40,440 [INFO] src.cleaning: [AMBUJACEM.NS] non-critical missing fields: ['return_on_equity']
2026-07-30 05:48:40,440 [INFO] src.cleaning: [AUBANK.NS] non-critical missing fields: ['ev_to_ebitda', 'return_on_equity', 'debt_to_equity']
2026-07-30 05:48:40,440 [INFO] src.cleaning: [AXISBANK.NS] non-critical missing fields: ['ev_to_ebitda', 'debt_to_equity']
2026-07-30 05:48:40,440 [INFO] src.cleaning: [BAJAJ-AUTO.NS] non-critical missing fields: ['return_on_equity']
2026-07-30 05:48:40,440 [WARNING] src.cleaning: [BAJAJHLDNG.NS] outlier values flagged: ['net_margin']
2026-07-30 05:48:40,440 [INFO] src.cleaning: [BAJFINANCE.NS] non-critical missing fields: ['ev_to_ebitda']
2026-07-30 05:48:40,440 [INFO] src.cleaning: [BANDHANBNK.NS] non-critical missing fields: ['ev_to_ebitda', 'return_on_equity', 'debt_to_equity']
2026-07-30 05:48:40,440 [INFO] src.cleaning: [BANKBARODA.NS] non-critical missing fields: ['ev_to_ebitda', 'debt_to_equity']
2026-07-30 05:48:40,440 [INFO] src.cleaning: [BANKINDIA.NS] non-critical missing fields: ['ev_to_ebitda', 'debt_to_equity']
2026-07-30 05:48:40,441 [INFO] src.cleaning: [BEL.NS] non-critical missing fields: ['return_on_equity']
2026-07-30 05:48:40,441 [INFO] src.cleaning: [BHEL.NS] non-critical missing fields: ['return_on_equity']
2026-07-30 05:48:40,441 [INFO] src.cleaning: [BPCL.NS] non-critical missing fields: ['return_on_equity']
2026-07-30 05:48:40,441 [INFO] src.cleaning: [CANBK.NS] non-critical missing fields: ['ev_to_ebitda', 'return_on_equity', 'debt_to_equity']
2026-07-30 05:48:40,441 [INFO] src.cleaning: [CENTRALBK.NS] non-critical missing fields: ['ev_to_ebitda', 'debt_to_equity']
2026-07-30 05:48:40,441 [INFO] src.cleaning: [CHOLAFIN.NS] non-critical missing fields: ['ev_to_ebitda']
2026-07-30 05:48:40,441 [INFO] src.cleaning: [CIPLA.NS] non-critical missing fields: ['return_on_equity']
2026-07-30 05:48:40,441 [INFO] src.cleaning: [COALINDIA.NS] non-critical missing fields: ['return_on_equity']
2026-07-30 05:48:40,441 [INFO] src.cleaning: [COFORGE.NS] non-critical missing fields: ['return_on_equity']
2026-07-30 05:48:40,441 [INFO] src.cleaning: [CONCOR.NS] non-critical missing fields: ['return_on_equity']
2026-07-30 05:48:40,441 [INFO] src.cleaning: [COROMANDEL.NS] non-critical missing fields: ['return_on_equity']
2026-07-30 05:48:40,441 [INFO] src.cleaning: [CYIENT.NS] non-critical missing fields: ['return_on_equity']
2026-07-30 05:48:40,441 [INFO] src.cleaning: [DALBHARAT.NS] non-critical missing fields: ['return_on_equity']
2026-07-30 05:48:40,441 [INFO] src.cleaning: [DMART.NS] non-critical missing fields: ['return_on_equity']
2026-07-30 05:48:40,441 [INFO] src.cleaning: [FEDERALBNK.NS] non-critical missing fields: ['ev_to_ebitda', 'return_on_equity', 'debt_to_equity']
2026-07-30 05:48:40,441 [INFO] src.cleaning: [GICRE.NS] non-critical missing fields: ['debt_to_equity']
2026-07-30 05:48:40,441 [WARNING] src.cleaning: [GMRAIRPORT.NS] outlier values flagged: ['trailing_pe']
2026-07-30 05:48:40,441 [WARNING] src.cleaning: [GMRAIRPORT.NS] negative/zero equity — DuPont ROE math will be invalid downstream
2026-07-30 05:48:40,441 [INFO] src.cleaning: [GMRAIRPORT.NS] non-critical missing fields: ['return_on_equity', 'debt_to_equity']
2026-07-30 05:48:40,441 [INFO] src.cleaning: [GRINDWELL.NS] non-critical missing fields: ['return_on_equity']
2026-07-30 05:48:40,441 [INFO] src.cleaning: [HAVELLS.NS] non-critical missing fields: ['return_on_equity']
2026-07-30 05:48:40,441 [WARNING] src.cleaning: [HCLTECH.NS] outlier values flagged: ['ev_to_ebitda']
2026-07-30 05:48:40,441 [INFO] src.cleaning: [HDFCBANK.NS] non-critical missing fields: ['ev_to_ebitda', 'debt_to_equity']
2026-07-30 05:48:40,441 [INFO] src.cleaning: [HINDUNILVR.NS] non-critical missing fields: ['return_on_equity']
2026-07-30 05:48:40,441 [INFO] src.cleaning: [HINDZINC.NS] non-critical missing fields: ['return_on_equity']
2026-07-30 05:48:40,441 [INFO] src.cleaning: [HUDCO.NS] non-critical missing fields: ['ev_to_ebitda', 'return_on_equity']
2026-07-30 05:48:40,441 [INFO] src.cleaning: [ICICIBANK.NS] non-critical missing fields: ['ev_to_ebitda', 'debt_to_equity']
2026-07-30 05:48:40,441 [INFO] src.cleaning: [ICICIGI.NS] non-critical missing fields: ['debt_to_equity']
2026-07-30 05:48:40,441 [WARNING] src.cleaning: [IDEA.NS] negative/zero equity — DuPont ROE math will be invalid downstream
2026-07-30 05:48:40,441 [INFO] src.cleaning: [IDEA.NS] non-critical missing fields: ['return_on_equity', 'debt_to_equity']
2026-07-30 05:48:40,441 [INFO] src.cleaning: [IDFCFIRSTB.NS] non-critical missing fields: ['ev_to_ebitda', 'return_on_equity', 'debt_to_equity', 'total_debt']
2026-07-30 05:48:40,441 [INFO] src.cleaning: [INDUSINDBK.NS] non-critical missing fields: ['ev_to_ebitda', 'return_on_equity', 'debt_to_equity']
2026-07-30 05:48:40,441 [INFO] src.cleaning: [INDUSTOWER.NS] non-critical missing fields: ['return_on_equity']
2026-07-30 05:48:40,441 [WARNING] src.cleaning: [INFY.NS] outlier values flagged: ['ev_to_ebitda']
2026-07-30 05:48:40,441 [INFO] src.cleaning: [IOB.NS] non-critical missing fields: ['ev_to_ebitda', 'debt_to_equity']
2026-07-30 05:48:40,441 [INFO] src.cleaning: [IRFC.NS] non-critical missing fields: ['ev_to_ebitda']
2026-07-30 05:48:40,441 [INFO] src.cleaning: [JINDALSTEL.NS] non-critical missing fields: ['return_on_equity']
2026-07-30 05:48:40,442 [INFO] src.cleaning: [JKCEMENT.NS] non-critical missing fields: ['return_on_equity']
2026-07-30 05:48:40,442 [INFO] src.cleaning: [JSWSTEEL.NS] non-critical missing fields: ['return_on_equity']
2026-07-30 05:48:40,442 [INFO] src.cleaning: [KOTAKBANK.NS] non-critical missing fields: ['ev_to_ebitda', 'return_on_equity', 'debt_to_equity']
2026-07-30 05:48:40,442 [INFO] src.cleaning: [LALPATHLAB.NS] non-critical missing fields: ['return_on_equity']
2026-07-30 05:48:40,442 [INFO] src.cleaning: [LAURUSLABS.NS] non-critical missing fields: ['return_on_equity']
2026-07-30 05:48:40,442 [INFO] src.cleaning: [LICHSGFIN.NS] non-critical missing fields: ['ev_to_ebitda']
2026-07-30 05:48:40,442 [INFO] src.cleaning: [LTTS.NS] non-critical missing fields: ['return_on_equity']
2026-07-30 05:48:40,442 [INFO] src.cleaning: [LT.NS] non-critical missing fields: ['return_on_equity']
2026-07-30 05:48:40,442 [INFO] src.cleaning: [MANAPPURAM.NS] non-critical missing fields: ['ev_to_ebitda']
2026-07-30 05:48:40,442 [INFO] src.cleaning: [MUTHOOTFIN.NS] non-critical missing fields: ['ev_to_ebitda']
2026-07-30 05:48:40,442 [INFO] src.cleaning: [NESTLEIND.NS] non-critical missing fields: ['return_on_equity']
2026-07-30 05:48:40,442 [INFO] src.cleaning: [NTPC.NS] non-critical missing fields: ['return_on_equity']
2026-07-30 05:48:40,442 [INFO] src.cleaning: [OBEROIRLTY.NS] non-critical missing fields: ['return_on_equity']
2026-07-30 05:48:40,442 [INFO] src.cleaning: [PFC.NS] non-critical missing fields: ['ev_to_ebitda']
2026-07-30 05:48:40,442 [INFO] src.cleaning: [PHOENIXLTD.NS] non-critical missing fields: ['ev_to_ebitda', 'return_on_equity', 'total_debt']
2026-07-30 05:48:40,442 [INFO] src.cleaning: [PNB.NS] non-critical missing fields: ['ev_to_ebitda', 'debt_to_equity']
2026-07-30 05:48:40,442 [INFO] src.cleaning: [POONAWALLA.NS] non-critical missing fields: ['ev_to_ebitda', 'return_on_equity']
2026-07-30 05:48:40,442 [INFO] src.cleaning: [PVRINOX.NS] non-critical missing fields: ['return_on_equity']
2026-07-30 05:48:40,442 [INFO] src.cleaning: [RBLBANK.NS] non-critical missing fields: ['ev_to_ebitda', 'return_on_equity', 'debt_to_equity']
2026-07-30 05:48:40,442 [INFO] src.cleaning: [RECLTD.NS] non-critical missing fields: ['ev_to_ebitda', 'return_on_equity']
2026-07-30 05:48:40,442 [INFO] src.cleaning: [RELIANCE.NS] non-critical missing fields: ['return_on_equity']
2026-07-30 05:48:40,442 [INFO] src.cleaning: [SAIL.NS] non-critical missing fields: ['return_on_equity']
2026-07-30 05:48:40,442 [INFO] src.cleaning: [SBICARD.NS] non-critical missing fields: ['ev_to_ebitda', 'return_on_equity']
2026-07-30 05:48:40,442 [INFO] src.cleaning: [SBILIFE.NS] non-critical missing fields: ['debt_to_equity']
2026-07-30 05:48:40,442 [INFO] src.cleaning: [SBIN.NS] non-critical missing fields: ['ev_to_ebitda', 'debt_to_equity']
2026-07-30 05:48:40,442 [INFO] src.cleaning: [SHREECEM.NS] non-critical missing fields: ['return_on_equity']
2026-07-30 05:48:40,442 [INFO] src.cleaning: [SHRIRAMFIN.NS] non-critical missing fields: ['ev_to_ebitda']
2026-07-30 05:48:40,442 [INFO] src.cleaning: [SIEMENS.NS] non-critical missing fields: ['return_on_equity']
2026-07-30 05:48:40,442 [INFO] src.cleaning: [SOBHA.NS] non-critical missing fields: ['return_on_equity']
2026-07-30 05:48:40,442 [INFO] src.cleaning: [SRF.NS] non-critical missing fields: ['return_on_equity']
2026-07-30 05:48:40,442 [INFO] src.cleaning: [SUPREMEIND.NS] non-critical missing fields: ['return_on_equity']
2026-07-30 05:48:40,443 [INFO] src.cleaning: [TATACONSUM.NS] non-critical missing fields: ['return_on_equity']
2026-07-30 05:48:40,443 [INFO] src.cleaning: [TATAELXSI.NS] non-critical missing fields: ['return_on_equity']
2026-07-30 05:48:40,443 [INFO] src.cleaning: [TATAPOWER.NS] non-critical missing fields: ['return_on_equity']
2026-07-30 05:48:40,443 [INFO] src.cleaning: [TECHM.NS] non-critical missing fields: ['return_on_equity']
2026-07-30 05:48:40,443 [INFO] src.cleaning: [TVSMOTOR.NS] non-critical missing fields: ['return_on_equity']
2026-07-30 05:48:40,443 [INFO] src.cleaning: [UCOBANK.NS] non-critical missing fields: ['ev_to_ebitda', 'debt_to_equity']
2026-07-30 05:48:40,443 [INFO] src.cleaning: [ULTRACEMCO.NS] non-critical missing fields: ['return_on_equity']
2026-07-30 05:48:40,443 [INFO] src.cleaning: [UNIONBANK.NS] non-critical missing fields: ['ev_to_ebitda', 'debt_to_equity', 'revenue_growth', 'total_debt']
2026-07-30 05:48:40,443 [INFO] src.cleaning: [UNITDSPR.NS] non-critical missing fields: ['return_on_equity']
2026-07-30 05:48:40,443 [INFO] src.cleaning: [WELCORP.NS] non-critical missing fields: ['return_on_equity']
2026-07-30 05:48:40,454 [INFO] src.cleaning: Cleaned 196/201 tickers -> data/processed/cleaned_universe.csv
2026-07-30 05:48:40,454 [INFO] src.cleaning: Full flag audit trail -> data/processed/cleaning_flags.csv
2026-07-30 05:48:40,454 [INFO] __main__: Cleaning validation passed: 196/201 tickers retained (98%)
2026-07-30 05:48:40,454 [INFO] __main__: === Stage 3/8: Scoring ===
2026-07-30 05:48:40,514 [INFO] src.scoring: Scored 196 companies -> data/processed/scored_universe.csv
2026-07-30 05:48:40,514 [INFO] src.scoring: Top 10 shortlist -> data/processed/shortlist_top_n.csv
2026-07-30 05:48:40,515 [WARNING] src.scoring: 24 companies scored on fewer than all 4 buckets (reweighted, not zero-filled) — see 'buckets_used' column: ['UNIONBANK.NS', 'IOB.NS', 'BANKINDIA.NS', 'CANBK.NS', 'PNB.NS', 'IDEA.NS', 'ICICIGI.NS', 'GICRE.NS', 'FEDERALBNK.NS', 'UCOBANK.NS', 'BANKBARODA.NS', 'KOTAKBANK.NS', 'SBIN.NS', 'AXISBANK.NS', 'ICICIBANK.NS', 'CENTRALBK.NS', 'HDFCBANK.NS', 'SBILIFE.NS', 'GMRAIRPORT.NS', 'AUBANK.NS', 'BANDHANBNK.NS', 'IDFCFIRSTB.NS', 'RBLBANK.NS', 'INDUSINDBK.NS']
2026-07-30 05:48:40,516 [INFO] __main__: Scoring validation passed: 196 companies ranked, all scores in valid range
2026-07-30 05:48:40,516 [INFO] __main__: === Stage 4/8: Comps + DuPont ===
2026-07-30 05:48:40,527 [INFO] src.comps_dupont: Comps + DuPont report for top 10 -> data/processed/comps_dupont_report.csv
2026-07-30 05:48:40,528 [WARNING] src.comps_dupont: 1 companies have a DuPont-implied ROE that diverges >5pp from reported ROE (possible data inconsistency, worth a manual check): ['IOB.NS']
2026-07-30 05:48:40,528 [INFO] __main__: === Stage 5/8: Explainability ===
2026-07-30 05:48:40,564 [INFO] src.explainability: Explanations for top 10 companies -> data/processed/explanations.csv
2026-07-30 05:48:40,565 [INFO] __main__: === Stage 6/8: Baseline Comparison ===
2026-07-30 05:48:40,572 [INFO] src.baseline_comparison: Baseline comparison -> data/processed/baseline_comparison.csv
2026-07-30 05:48:40,572 [INFO] __main__: === Stage 7/8: Acquisition Likelihood ===
2026-07-30 05:48:40,576 [INFO] src.acquisition_likelihood: 2 companies excluded from acquisition-likelihood scoring (negative/zero equity — financial distress, not a value-target thesis): ['IDEA.NS', 'GMRAIRPORT.NS']
2026-07-30 05:48:40,586 [INFO] src.acquisition_likelihood: Acquisition likelihood scoring -> data/processed/acquisition_likelihood.csv
2026-07-30 05:48:40,587 [INFO] __main__: === Stage 8/8: Historical Snapshot ===
2026-07-30 05:48:40,591 [INFO] src.history_tracker: Recorded shortlist snapshot for 2026-07-30 (10 companies) -> data/history/shortlist_history.csv (1 distinct days tracked so far)
2026-07-30 05:48:40,595 [INFO] src.history_tracker: Recorded acquisition-likelihood snapshot for 2026-07-30 (10 companies) -> data/history/acquisition_likelihood_history.csv (1 distinct days tracked so far)
2026-07-30 05:48:40,595 [INFO] __main__: === Pipeline completed successfully ===
2026-07-30 05:48:40,595 [INFO] __main__:   ingestion: {'total': 201, 'ok': 200}
2026-07-30 05:48:40,595 [INFO] __main__:   cleaning: {'retained': 196, 'input': 201}
2026-07-30 05:48:40,595 [INFO] __main__:   scoring: {'ranked': 196}
2026-07-30 05:48:40,595 [INFO] __main__:   comps_dupont: {'companies': 10}
2026-07-30 05:48:40,596 [INFO] __main__:   explainability: {'companies': 10}
2026-07-30 05:48:40,596 [INFO] __main__:   baseline_comparison: {'correlation': np.float64(0.44818749053701923), 'overlap_pct': 0.1}
2026-07-30 05:48:40,596 [INFO] __main__:   acquisition_likelihood: {'companies': 10}
2026-07-30 05:48:40,596 [INFO] __main__:   history_tracker: {'recorded': True}
