2026-09-03 07:49:18,431 [INFO] __main__: Logging to file: logs/pipeline_run_2026-09-03T07-49-18Z.log
2026-09-03 07:49:18,431 [INFO] __main__: === Stage 1/8: Ingestion ===
2026-09-03 07:49:18,458 [INFO] src.ingestion: [ACC.NS] fetching fresh data
2026-09-03 07:49:19,980 [INFO] src.ingestion: [AMBUJACEM.NS] fetching fresh data
2026-09-03 07:49:21,078 [INFO] src.ingestion: [ULTRACEMCO.NS] fetching fresh data
2026-09-03 07:49:22,197 [INFO] src.ingestion: [SHREECEM.NS] fetching fresh data
2026-09-03 07:49:23,446 [INFO] src.ingestion: [JKCEMENT.NS] fetching fresh data
2026-09-03 07:49:24,622 [INFO] src.ingestion: [RAMCOCEM.NS] fetching fresh data
2026-09-03 07:49:25,879 [INFO] src.ingestion: [HEIDELBERG.NS] fetching fresh data
2026-09-03 07:49:27,076 [INFO] src.ingestion: [DALBHARAT.NS] fetching fresh data
2026-09-03 07:49:28,228 [INFO] src.ingestion: [INFY.NS] fetching fresh data
2026-09-03 07:49:29,407 [INFO] src.ingestion: [TCS.NS] fetching fresh data
2026-09-03 07:49:30,499 [INFO] src.ingestion: [WIPRO.NS] fetching fresh data
2026-09-03 07:49:31,623 [INFO] src.ingestion: [HCLTECH.NS] fetching fresh data
2026-09-03 07:49:32,613 [INFO] src.ingestion: [TECHM.NS] fetching fresh data
2026-09-03 07:49:33,585 [INFO] src.ingestion: [LTIM.NS] fetching fresh data
2026-09-03 07:49:33,899 [ERROR] yfinance: HTTP Error 404: {"quoteSummary":{"result":null,"error":{"code":"Not Found","description":"Quote not found for symbol: LTIM.NS"}}}
2026-09-03 07:49:34,032 [WARNING] src.ingestion: [LTIM.NS] attempt 1 failed: yfinance returned an empty info payload for LTIM.NS (no exception, but no usable data — likely a transient Yahoo-side issue or an invalid/delisted symbol)
2026-09-03 07:49:36,362 [ERROR] yfinance: HTTP Error 404: {"quoteSummary":{"result":null,"error":{"code":"Not Found","description":"Quote not found for symbol: LTIM.NS"}}}
2026-09-03 07:49:36,417 [WARNING] src.ingestion: [LTIM.NS] attempt 2 failed: yfinance returned an empty info payload for LTIM.NS (no exception, but no usable data — likely a transient Yahoo-side issue or an invalid/delisted symbol)
2026-09-03 07:49:40,789 [ERROR] yfinance: HTTP Error 404: {"quoteSummary":{"result":null,"error":{"code":"Not Found","description":"Quote not found for symbol: LTIM.NS"}}}
2026-09-03 07:49:40,856 [WARNING] src.ingestion: [LTIM.NS] attempt 3 failed: yfinance returned an empty info payload for LTIM.NS (no exception, but no usable data — likely a transient Yahoo-side issue or an invalid/delisted symbol)
2026-09-03 07:49:41,257 [INFO] src.ingestion: [PERSISTENT.NS] fetching fresh data
2026-09-03 07:49:42,326 [INFO] src.ingestion: [COFORGE.NS] fetching fresh data
2026-09-03 07:49:43,535 [INFO] src.ingestion: [MPHASIS.NS] fetching fresh data
2026-09-03 07:49:44,657 [INFO] src.ingestion: [LTTS.NS] fetching fresh data
2026-09-03 07:49:45,676 [INFO] src.ingestion: [TATAELXSI.NS] fetching fresh data
2026-09-03 07:49:46,699 [INFO] src.ingestion: [CYIENT.NS] fetching fresh data
2026-09-03 07:49:47,727 [INFO] src.ingestion: [KPITTECH.NS] fetching fresh data
2026-09-03 07:49:48,938 [INFO] src.ingestion: [HDFCBANK.NS] fetching fresh data
2026-09-03 07:49:49,887 [INFO] src.ingestion: [ICICIBANK.NS] fetching fresh data
2026-09-03 07:49:50,936 [INFO] src.ingestion: [SBIN.NS] fetching fresh data
2026-09-03 07:49:51,909 [INFO] src.ingestion: [AXISBANK.NS] fetching fresh data
2026-09-03 07:49:52,939 [INFO] src.ingestion: [KOTAKBANK.NS] fetching fresh data
2026-09-03 07:49:53,886 [INFO] src.ingestion: [INDUSINDBK.NS] fetching fresh data
2026-09-03 07:49:54,936 [INFO] src.ingestion: [FEDERALBNK.NS] fetching fresh data
2026-09-03 07:49:56,026 [INFO] src.ingestion: [BANDHANBNK.NS] fetching fresh data
2026-09-03 07:49:57,122 [INFO] src.ingestion: [IDFCFIRSTB.NS] fetching fresh data
2026-09-03 07:49:58,080 [INFO] src.ingestion: [PNB.NS] fetching fresh data
2026-09-03 07:49:59,056 [INFO] src.ingestion: [BANKBARODA.NS] fetching fresh data
2026-09-03 07:50:00,140 [INFO] src.ingestion: [CANBK.NS] fetching fresh data
2026-09-03 07:50:01,114 [INFO] src.ingestion: [UNIONBANK.NS] fetching fresh data
2026-09-03 07:50:02,151 [INFO] src.ingestion: [AUBANK.NS] fetching fresh data
2026-09-03 07:50:03,103 [INFO] src.ingestion: [RBLBANK.NS] fetching fresh data
2026-09-03 07:50:04,057 [INFO] src.ingestion: [BANKINDIA.NS] fetching fresh data
2026-09-03 07:50:05,190 [INFO] src.ingestion: [CENTRALBK.NS] fetching fresh data
2026-09-03 07:50:06,396 [INFO] src.ingestion: [IOB.NS] fetching fresh data
2026-09-03 07:50:07,459 [INFO] src.ingestion: [UCOBANK.NS] fetching fresh data
2026-09-03 07:50:08,643 [INFO] src.ingestion: [BAJFINANCE.NS] fetching fresh data
2026-09-03 07:50:09,800 [INFO] src.ingestion: [BAJAJFINSV.NS] fetching fresh data
2026-09-03 07:50:10,757 [INFO] src.ingestion: [CHOLAFIN.NS] fetching fresh data
2026-09-03 07:50:11,762 [INFO] src.ingestion: [MUTHOOTFIN.NS] fetching fresh data
2026-09-03 07:50:12,875 [INFO] src.ingestion: [LICHSGFIN.NS] fetching fresh data
2026-09-03 07:50:13,819 [INFO] src.ingestion: [SHRIRAMFIN.NS] fetching fresh data
2026-09-03 07:50:14,842 [INFO] src.ingestion: [PFC.NS] fetching fresh data
2026-09-03 07:50:15,806 [INFO] src.ingestion: [RECLTD.NS] fetching fresh data
2026-09-03 07:50:16,807 [INFO] src.ingestion: [IRFC.NS] fetching fresh data
2026-09-03 07:50:18,005 [INFO] src.ingestion: [HUDCO.NS] fetching fresh data
2026-09-03 07:50:19,087 [INFO] src.ingestion: [BAJAJHLDNG.NS] fetching fresh data
2026-09-03 07:50:20,161 [INFO] src.ingestion: [SBICARD.NS] fetching fresh data
2026-09-03 07:50:21,263 [INFO] src.ingestion: [MANAPPURAM.NS] fetching fresh data
2026-09-03 07:50:22,452 [INFO] src.ingestion: [POONAWALLA.NS] fetching fresh data
2026-09-03 07:50:23,585 [INFO] src.ingestion: [HDFCLIFE.NS] fetching fresh data
2026-09-03 07:50:24,787 [INFO] src.ingestion: [SBILIFE.NS] fetching fresh data
2026-09-03 07:50:25,795 [INFO] src.ingestion: [ICICIPRULI.NS] fetching fresh data
2026-09-03 07:50:26,855 [INFO] src.ingestion: [ICICIGI.NS] fetching fresh data
2026-09-03 07:50:27,934 [INFO] src.ingestion: [LICI.NS] fetching fresh data
2026-09-03 07:50:29,155 [INFO] src.ingestion: [GICRE.NS] fetching fresh data
2026-09-03 07:50:30,278 [INFO] src.ingestion: [MARUTI.NS] fetching fresh data
2026-09-03 07:50:31,347 [INFO] src.ingestion: [TMPV.NS] fetching fresh data
2026-09-03 07:50:32,426 [INFO] src.ingestion: [TMCV.NS] fetching fresh data
2026-09-03 07:50:33,502 [INFO] src.ingestion: [M&M.NS] fetching fresh data
2026-09-03 07:50:34,511 [INFO] src.ingestion: [EICHERMOT.NS] fetching fresh data
2026-09-03 07:50:35,616 [INFO] src.ingestion: [HEROMOTOCO.NS] fetching fresh data
2026-09-03 07:50:36,669 [INFO] src.ingestion: [BAJAJ-AUTO.NS] fetching fresh data
2026-09-03 07:50:37,794 [INFO] src.ingestion: [TVSMOTOR.NS] fetching fresh data
2026-09-03 07:50:38,934 [INFO] src.ingestion: [ASHOKLEY.NS] fetching fresh data
2026-09-03 07:50:40,005 [INFO] src.ingestion: [BHARATFORG.NS] fetching fresh data
2026-09-03 07:50:41,145 [INFO] src.ingestion: [MOTHERSON.NS] fetching fresh data
2026-09-03 07:50:42,260 [INFO] src.ingestion: [BOSCHLTD.NS] fetching fresh data
2026-09-03 07:50:43,277 [INFO] src.ingestion: [MRF.NS] fetching fresh data
2026-09-03 07:50:44,263 [INFO] src.ingestion: [ENDURANCE.NS] fetching fresh data
2026-09-03 07:50:45,373 [INFO] src.ingestion: [EXIDEIND.NS] fetching fresh data
2026-09-03 07:50:46,550 [INFO] src.ingestion: [ARE&M.NS] fetching fresh data
2026-09-03 07:50:47,585 [INFO] src.ingestion: [SUNDRMFAST.NS] fetching fresh data
2026-09-03 07:50:48,678 [INFO] src.ingestion: [UNOMINDA.NS] fetching fresh data
2026-09-03 07:50:49,694 [INFO] src.ingestion: [SUNPHARMA.NS] fetching fresh data
2026-09-03 07:50:50,736 [INFO] src.ingestion: [DRREDDY.NS] fetching fresh data
2026-09-03 07:50:51,753 [INFO] src.ingestion: [CIPLA.NS] fetching fresh data
2026-09-03 07:50:52,768 [INFO] src.ingestion: [DIVISLAB.NS] fetching fresh data
2026-09-03 07:50:53,764 [INFO] src.ingestion: [LUPIN.NS] fetching fresh data
2026-09-03 07:50:54,832 [INFO] src.ingestion: [AUROPHARMA.NS] fetching fresh data
2026-09-03 07:50:55,909 [INFO] src.ingestion: [BIOCON.NS] fetching fresh data
2026-09-03 07:50:57,125 [INFO] src.ingestion: [TORNTPHARM.NS] fetching fresh data
2026-09-03 07:50:58,103 [INFO] src.ingestion: [ALKEM.NS] fetching fresh data
2026-09-03 07:50:59,127 [INFO] src.ingestion: [ABBOTINDIA.NS] fetching fresh data
2026-09-03 07:51:00,450 [INFO] src.ingestion: [APOLLOHOSP.NS] fetching fresh data
2026-09-03 07:51:01,670 [INFO] src.ingestion: [FORTIS.NS] fetching fresh data
2026-09-03 07:51:02,674 [INFO] src.ingestion: [LALPATHLAB.NS] fetching fresh data
2026-09-03 07:51:03,641 [INFO] src.ingestion: [METROPOLIS.NS] fetching fresh data
2026-09-03 07:51:04,696 [INFO] src.ingestion: [GLAND.NS] fetching fresh data
2026-09-03 07:51:05,708 [INFO] src.ingestion: [LAURUSLABS.NS] fetching fresh data
2026-09-03 07:51:06,736 [INFO] src.ingestion: [GLENMARK.NS] fetching fresh data
2026-09-03 07:51:07,854 [INFO] src.ingestion: [IPCALAB.NS] fetching fresh data
2026-09-03 07:51:08,984 [INFO] src.ingestion: [HINDUNILVR.NS] fetching fresh data
2026-09-03 07:51:10,036 [INFO] src.ingestion: [ITC.NS] fetching fresh data
2026-09-03 07:51:11,141 [INFO] src.ingestion: [NESTLEIND.NS] fetching fresh data
2026-09-03 07:51:12,246 [INFO] src.ingestion: [BRITANNIA.NS] fetching fresh data
2026-09-03 07:51:13,487 [INFO] src.ingestion: [DABUR.NS] fetching fresh data
2026-09-03 07:51:14,542 [INFO] src.ingestion: [GODREJCP.NS] fetching fresh data
2026-09-03 07:51:15,676 [INFO] src.ingestion: [MARICO.NS] fetching fresh data
2026-09-03 07:51:16,835 [INFO] src.ingestion: [COLPAL.NS] fetching fresh data
2026-09-03 07:51:17,834 [INFO] src.ingestion: [TATACONSUM.NS] fetching fresh data
2026-09-03 07:51:18,916 [INFO] src.ingestion: [VBL.NS] fetching fresh data
2026-09-03 07:51:20,096 [INFO] src.ingestion: [UNITDSPR.NS] fetching fresh data
2026-09-03 07:51:21,123 [INFO] src.ingestion: [EMAMILTD.NS] fetching fresh data
2026-09-03 07:51:22,244 [INFO] src.ingestion: [TATASTEEL.NS] fetching fresh data
2026-09-03 07:51:23,279 [INFO] src.ingestion: [JSWSTEEL.NS] fetching fresh data
2026-09-03 07:51:24,458 [INFO] src.ingestion: [HINDALCO.NS] fetching fresh data
2026-09-03 07:51:25,471 [INFO] src.ingestion: [VEDL.NS] fetching fresh data
2026-09-03 07:51:26,520 [INFO] src.ingestion: [COALINDIA.NS] fetching fresh data
2026-09-03 07:51:27,522 [INFO] src.ingestion: [NMDC.NS] fetching fresh data
2026-09-03 07:51:28,575 [INFO] src.ingestion: [SAIL.NS] fetching fresh data
2026-09-03 07:51:29,693 [INFO] src.ingestion: [JINDALSTEL.NS] fetching fresh data
2026-09-03 07:51:30,919 [INFO] src.ingestion: [APLAPOLLO.NS] fetching fresh data
2026-09-03 07:51:31,990 [INFO] src.ingestion: [NATIONALUM.NS] fetching fresh data
2026-09-03 07:51:33,107 [INFO] src.ingestion: [HINDCOPPER.NS] fetching fresh data
2026-09-03 07:51:34,434 [INFO] src.ingestion: [RATNAMANI.NS] fetching fresh data
2026-09-03 07:51:35,431 [INFO] src.ingestion: [HINDZINC.NS] fetching fresh data
2026-09-03 07:51:36,474 [INFO] src.ingestion: [WELCORP.NS] fetching fresh data
2026-09-03 07:51:37,596 [INFO] src.ingestion: [JSL.NS] fetching fresh data
2026-09-03 07:51:38,733 [INFO] src.ingestion: [RELIANCE.NS] fetching fresh data
2026-09-03 07:51:39,798 [INFO] src.ingestion: [ONGC.NS] fetching fresh data
2026-09-03 07:51:40,813 [INFO] src.ingestion: [BPCL.NS] fetching fresh data
2026-09-03 07:51:41,864 [INFO] src.ingestion: [IOC.NS] fetching fresh data
2026-09-03 07:51:43,007 [INFO] src.ingestion: [GAIL.NS] fetching fresh data
2026-09-03 07:51:44,151 [INFO] src.ingestion: [NTPC.NS] fetching fresh data
2026-09-03 07:51:45,405 [INFO] src.ingestion: [POWERGRID.NS] fetching fresh data
2026-09-03 07:51:46,557 [INFO] src.ingestion: [TATAPOWER.NS] fetching fresh data
2026-09-03 07:51:47,733 [INFO] src.ingestion: [ADANIGREEN.NS] fetching fresh data
2026-09-03 07:51:48,870 [INFO] src.ingestion: [ADANIPOWER.NS] fetching fresh data
2026-09-03 07:51:49,864 [INFO] src.ingestion: [TORNTPOWER.NS] fetching fresh data
2026-09-03 07:51:50,866 [INFO] src.ingestion: [LT.NS] fetching fresh data
2026-09-03 07:51:51,986 [INFO] src.ingestion: [SIEMENS.NS] fetching fresh data
2026-09-03 07:51:53,183 [INFO] src.ingestion: [ABB.NS] fetching fresh data
2026-09-03 07:51:54,370 [INFO] src.ingestion: [HAL.NS] fetching fresh data
2026-09-03 07:51:55,434 [INFO] src.ingestion: [BEL.NS] fetching fresh data
2026-09-03 07:51:56,493 [INFO] src.ingestion: [BHEL.NS] fetching fresh data
2026-09-03 07:51:57,524 [INFO] src.ingestion: [CUMMINSIND.NS] fetching fresh data
2026-09-03 07:51:58,508 [INFO] src.ingestion: [THERMAX.NS] fetching fresh data
2026-09-03 07:51:59,559 [INFO] src.ingestion: [POLYCAB.NS] fetching fresh data
2026-09-03 07:52:00,679 [INFO] src.ingestion: [KEI.NS] fetching fresh data
2026-09-03 07:52:01,802 [INFO] src.ingestion: [HAVELLS.NS] fetching fresh data
2026-09-03 07:52:02,890 [INFO] src.ingestion: [CROMPTON.NS] fetching fresh data
2026-09-03 07:52:03,982 [INFO] src.ingestion: [SUPREMEIND.NS] fetching fresh data
2026-09-03 07:52:05,099 [INFO] src.ingestion: [ASTRAL.NS] fetching fresh data
2026-09-03 07:52:06,193 [INFO] src.ingestion: [GRINDWELL.NS] fetching fresh data
2026-09-03 07:52:07,397 [INFO] src.ingestion: [CARBORUNIV.NS] fetching fresh data
2026-09-03 07:52:08,440 [INFO] src.ingestion: [TIMKEN.NS] fetching fresh data
2026-09-03 07:52:09,559 [INFO] src.ingestion: [SKFINDIA.NS] fetching fresh data
2026-09-03 07:52:10,646 [INFO] src.ingestion: [SRF.NS] fetching fresh data
2026-09-03 07:52:11,820 [INFO] src.ingestion: [PIIND.NS] fetching fresh data
2026-09-03 07:52:12,925 [INFO] src.ingestion: [DEEPAKNTR.NS] fetching fresh data
2026-09-03 07:52:13,967 [INFO] src.ingestion: [AARTIIND.NS] fetching fresh data
2026-09-03 07:52:15,014 [INFO] src.ingestion: [NAVINFLUOR.NS] fetching fresh data
2026-09-03 07:52:16,108 [INFO] src.ingestion: [UPL.NS] fetching fresh data
2026-09-03 07:52:17,263 [INFO] src.ingestion: [COROMANDEL.NS] fetching fresh data
2026-09-03 07:52:18,297 [INFO] src.ingestion: [CHAMBLFERT.NS] fetching fresh data
2026-09-03 07:52:19,305 [INFO] src.ingestion: [GNFC.NS] fetching fresh data
2026-09-03 07:52:20,317 [INFO] src.ingestion: [PIDILITIND.NS] fetching fresh data
2026-09-03 07:52:21,297 [INFO] src.ingestion: [TATACHEM.NS] fetching fresh data
2026-09-03 07:52:22,304 [INFO] src.ingestion: [GHCL.NS] fetching fresh data
2026-09-03 07:52:23,308 [INFO] src.ingestion: [TITAN.NS] fetching fresh data
2026-09-03 07:52:24,321 [INFO] src.ingestion: [DMART.NS] fetching fresh data
2026-09-03 07:52:25,340 [INFO] src.ingestion: [TRENT.NS] fetching fresh data
2026-09-03 07:52:26,434 [INFO] src.ingestion: [BATAINDIA.NS] fetching fresh data
2026-09-03 07:52:27,522 [INFO] src.ingestion: [PAGEIND.NS] fetching fresh data
2026-09-03 07:52:28,593 [INFO] src.ingestion: [JUBLFOOD.NS] fetching fresh data
2026-09-03 07:52:29,672 [INFO] src.ingestion: [VOLTAS.NS] fetching fresh data
2026-09-03 07:52:30,804 [INFO] src.ingestion: [DIXON.NS] fetching fresh data
2026-09-03 07:52:31,815 [INFO] src.ingestion: [RELAXO.NS] fetching fresh data
2026-09-03 07:52:32,820 [INFO] src.ingestion: [KAJARIACER.NS] fetching fresh data
2026-09-03 07:52:33,965 [INFO] src.ingestion: [WHIRLPOOL.NS] fetching fresh data
2026-09-03 07:52:35,134 [INFO] src.ingestion: [BLUESTARCO.NS] fetching fresh data
2026-09-03 07:52:36,252 [INFO] src.ingestion: [PGHH.NS] fetching fresh data
2026-09-03 07:52:37,312 [INFO] src.ingestion: [GILLETTE.NS] fetching fresh data
2026-09-03 07:52:38,249 [INFO] src.ingestion: [BHARTIARTL.NS] fetching fresh data
2026-09-03 07:52:39,320 [INFO] src.ingestion: [IDEA.NS] fetching fresh data
2026-09-03 07:52:40,440 [INFO] src.ingestion: [INDUSTOWER.NS] fetching fresh data
2026-09-03 07:52:41,526 [INFO] src.ingestion: [PVRINOX.NS] fetching fresh data
2026-09-03 07:52:42,557 [INFO] src.ingestion: [ZEEL.NS] fetching fresh data
2026-09-03 07:52:43,666 [INFO] src.ingestion: [ADANIPORTS.NS] fetching fresh data
2026-09-03 07:52:44,818 [INFO] src.ingestion: [ADANIENT.NS] fetching fresh data
2026-09-03 07:52:46,009 [INFO] src.ingestion: [GMRAIRPORT.NS] fetching fresh data
2026-09-03 07:52:47,059 [INFO] src.ingestion: [CONCOR.NS] fetching fresh data
2026-09-03 07:52:48,152 [INFO] src.ingestion: [IRCTC.NS] fetching fresh data
2026-09-03 07:52:49,210 [INFO] src.ingestion: [INDIGO.NS] fetching fresh data
2026-09-03 07:52:50,394 [INFO] src.ingestion: [RVNL.NS] fetching fresh data
2026-09-03 07:52:51,422 [INFO] src.ingestion: [IRCON.NS] fetching fresh data
2026-09-03 07:52:52,623 [INFO] src.ingestion: [NBCC.NS] fetching fresh data
2026-09-03 07:52:53,620 [INFO] src.ingestion: [NCC.NS] fetching fresh data
2026-09-03 07:52:54,667 [INFO] src.ingestion: [MAZDOCK.NS] fetching fresh data
2026-09-03 07:52:55,664 [INFO] src.ingestion: [COCHINSHIP.NS] fetching fresh data
2026-09-03 07:52:56,760 [INFO] src.ingestion: [DLF.NS] fetching fresh data
2026-09-03 07:52:57,988 [INFO] src.ingestion: [GODREJPROP.NS] fetching fresh data
2026-09-03 07:52:58,948 [INFO] src.ingestion: [OBEROIRLTY.NS] fetching fresh data
2026-09-03 07:52:59,948 [INFO] src.ingestion: [PRESTIGE.NS] fetching fresh data
2026-09-03 07:53:00,969 [INFO] src.ingestion: [PHOENIXLTD.NS] fetching fresh data
2026-09-03 07:53:02,116 [INFO] src.ingestion: [SOBHA.NS] fetching fresh data
2026-09-03 07:53:03,118 [INFO] src.ingestion: Fetched 200/201 tickers successfully
2026-09-03 07:53:03,119 [WARNING] src.ingestion: Failed tickers (excluded from downstream, not silently zeroed): ['LTIM.NS']
2026-09-03 07:53:03,119 [INFO] __main__: Ingestion validation passed: 200/201 tickers (100%)
2026-09-03 07:53:03,119 [INFO] __main__: === Stage 2/8: Cleaning ===
2026-09-03 07:53:03,126 [WARNING] src.cleaning: [ASHOKLEY.NS] EXCLUDED: missing critical fields: ['market_cap']
2026-09-03 07:53:03,126 [WARNING] src.cleaning: [BIOCON.NS] EXCLUDED: missing critical fields: ['market_cap']
2026-09-03 07:53:03,126 [WARNING] src.cleaning: [BOSCHLTD.NS] EXCLUDED: missing critical fields: ['market_cap']
2026-09-03 07:53:03,126 [WARNING] src.cleaning: [IOC.NS] EXCLUDED: missing critical fields: ['market_cap']
2026-09-03 07:53:03,126 [WARNING] src.cleaning: [JUBLFOOD.NS] EXCLUDED: missing critical fields: ['market_cap']
2026-09-03 07:53:03,127 [WARNING] src.cleaning: [LTIM.NS] EXCLUDED: ingestion failed: yfinance returned an empty info payload for LTIM.NS (no exception, but no usable data — likely a transient Yahoo-side issue or an invalid/delisted symbol)
2026-09-03 07:53:03,127 [WARNING] src.cleaning: [RECLTD.NS] EXCLUDED: missing critical fields: ['market_cap']
2026-09-03 07:53:03,127 [WARNING] src.cleaning: [RELIANCE.NS] EXCLUDED: missing critical fields: ['market_cap']
2026-09-03 07:53:03,127 [WARNING] src.cleaning: [TCS.NS] EXCLUDED: missing critical fields: ['market_cap']
2026-09-03 07:53:03,127 [WARNING] src.cleaning: [TVSMOTOR.NS] EXCLUDED: missing critical fields: ['market_cap']
2026-09-03 07:53:03,127 [INFO] src.cleaning: [AARTIIND.NS] non-critical missing fields: ['return_on_equity']
2026-09-03 07:53:03,127 [INFO] src.cleaning: [ABBOTINDIA.NS] non-critical missing fields: ['return_on_equity']
2026-09-03 07:53:03,127 [INFO] src.cleaning: [ACC.NS] non-critical missing fields: ['return_on_equity']
2026-09-03 07:53:03,127 [INFO] src.cleaning: [ADANIENT.NS] non-critical missing fields: ['return_on_equity']
2026-09-03 07:53:03,127 [INFO] src.cleaning: [ADANIGREEN.NS] non-critical missing fields: ['return_on_equity']
2026-09-03 07:53:03,127 [INFO] src.cleaning: [ADANIPORTS.NS] non-critical missing fields: ['return_on_equity']
2026-09-03 07:53:03,127 [INFO] src.cleaning: [ADANIPOWER.NS] non-critical missing fields: ['return_on_equity']
2026-09-03 07:53:03,127 [INFO] src.cleaning: [ALKEM.NS] non-critical missing fields: ['return_on_equity']
2026-09-03 07:53:03,128 [INFO] src.cleaning: [AMBUJACEM.NS] non-critical missing fields: ['return_on_equity']
2026-09-03 07:53:03,128 [INFO] src.cleaning: [APLAPOLLO.NS] non-critical missing fields: ['return_on_equity']
2026-09-03 07:53:03,128 [INFO] src.cleaning: [APOLLOHOSP.NS] non-critical missing fields: ['return_on_equity']
2026-09-03 07:53:03,128 [INFO] src.cleaning: [ARE&M.NS] non-critical missing fields: ['return_on_equity']
2026-09-03 07:53:03,128 [INFO] src.cleaning: [ASTRAL.NS] non-critical missing fields: ['return_on_equity']
2026-09-03 07:53:03,128 [INFO] src.cleaning: [AUBANK.NS] non-critical missing fields: ['ev_to_ebitda', 'return_on_equity', 'debt_to_equity']
2026-09-03 07:53:03,128 [INFO] src.cleaning: [AUROPHARMA.NS] non-critical missing fields: ['return_on_equity']
2026-09-03 07:53:03,128 [INFO] src.cleaning: [AXISBANK.NS] non-critical missing fields: ['ev_to_ebitda', 'debt_to_equity']
2026-09-03 07:53:03,128 [INFO] src.cleaning: [BAJAJ-AUTO.NS] non-critical missing fields: ['return_on_equity']
2026-09-03 07:53:03,128 [INFO] src.cleaning: [BAJAJFINSV.NS] non-critical missing fields: ['return_on_equity']
2026-09-03 07:53:03,128 [WARNING] src.cleaning: [BAJAJHLDNG.NS] outlier values flagged: ['net_margin']
2026-09-03 07:53:03,128 [INFO] src.cleaning: [BAJFINANCE.NS] non-critical missing fields: ['ev_to_ebitda', 'return_on_equity']
2026-09-03 07:53:03,128 [INFO] src.cleaning: [BANDHANBNK.NS] non-critical missing fields: ['ev_to_ebitda', 'return_on_equity', 'debt_to_equity']
2026-09-03 07:53:03,128 [INFO] src.cleaning: [BANKBARODA.NS] non-critical missing fields: ['ev_to_ebitda', 'debt_to_equity']
2026-09-03 07:53:03,128 [INFO] src.cleaning: [BANKINDIA.NS] non-critical missing fields: ['ev_to_ebitda', 'debt_to_equity']
2026-09-03 07:53:03,128 [INFO] src.cleaning: [BATAINDIA.NS] non-critical missing fields: ['return_on_equity']
2026-09-03 07:53:03,128 [INFO] src.cleaning: [BEL.NS] non-critical missing fields: ['return_on_equity']
2026-09-03 07:53:03,128 [INFO] src.cleaning: [BHARATFORG.NS] non-critical missing fields: ['return_on_equity']
2026-09-03 07:53:03,128 [INFO] src.cleaning: [BHEL.NS] non-critical missing fields: ['return_on_equity']
2026-09-03 07:53:03,128 [INFO] src.cleaning: [BLUESTARCO.NS] non-critical missing fields: ['return_on_equity']
2026-09-03 07:53:03,128 [INFO] src.cleaning: [BPCL.NS] non-critical missing fields: ['return_on_equity']
2026-09-03 07:53:03,128 [INFO] src.cleaning: [BRITANNIA.NS] non-critical missing fields: ['return_on_equity']
2026-09-03 07:53:03,128 [INFO] src.cleaning: [CANBK.NS] non-critical missing fields: ['ev_to_ebitda', 'return_on_equity', 'debt_to_equity']
2026-09-03 07:53:03,128 [INFO] src.cleaning: [CARBORUNIV.NS] non-critical missing fields: ['return_on_equity']
2026-09-03 07:53:03,128 [INFO] src.cleaning: [CENTRALBK.NS] non-critical missing fields: ['ev_to_ebitda', 'debt_to_equity']
2026-09-03 07:53:03,128 [INFO] src.cleaning: [CHAMBLFERT.NS] non-critical missing fields: ['return_on_equity']
2026-09-03 07:53:03,128 [INFO] src.cleaning: [CHOLAFIN.NS] non-critical missing fields: ['ev_to_ebitda', 'return_on_equity']
2026-09-03 07:53:03,128 [INFO] src.cleaning: [CIPLA.NS] non-critical missing fields: ['return_on_equity']
2026-09-03 07:53:03,128 [INFO] src.cleaning: [COALINDIA.NS] non-critical missing fields: ['return_on_equity']
2026-09-03 07:53:03,128 [INFO] src.cleaning: [COCHINSHIP.NS] non-critical missing fields: ['return_on_equity']
2026-09-03 07:53:03,128 [INFO] src.cleaning: [COFORGE.NS] non-critical missing fields: ['return_on_equity']
2026-09-03 07:53:03,128 [INFO] src.cleaning: [COLPAL.NS] non-critical missing fields: ['return_on_equity']
2026-09-03 07:53:03,129 [INFO] src.cleaning: [CONCOR.NS] non-critical missing fields: ['return_on_equity']
2026-09-03 07:53:03,129 [INFO] src.cleaning: [COROMANDEL.NS] non-critical missing fields: ['return_on_equity']
2026-09-03 07:53:03,129 [INFO] src.cleaning: [CROMPTON.NS] non-critical missing fields: ['trailing_pe', 'return_on_equity']
2026-09-03 07:53:03,129 [INFO] src.cleaning: [CUMMINSIND.NS] non-critical missing fields: ['return_on_equity']
2026-09-03 07:53:03,129 [INFO] src.cleaning: [CYIENT.NS] non-critical missing fields: ['return_on_equity']
2026-09-03 07:53:03,129 [INFO] src.cleaning: [DABUR.NS] non-critical missing fields: ['return_on_equity']
2026-09-03 07:53:03,129 [INFO] src.cleaning: [DALBHARAT.NS] non-critical missing fields: ['return_on_equity']
2026-09-03 07:53:03,129 [INFO] src.cleaning: [DEEPAKNTR.NS] non-critical missing fields: ['return_on_equity']
2026-09-03 07:53:03,129 [INFO] src.cleaning: [DIVISLAB.NS] non-critical missing fields: ['return_on_equity']
2026-09-03 07:53:03,129 [INFO] src.cleaning: [DIXON.NS] non-critical missing fields: ['return_on_equity']
2026-09-03 07:53:03,129 [INFO] src.cleaning: [DMART.NS] non-critical missing fields: ['return_on_equity']
2026-09-03 07:53:03,129 [INFO] src.cleaning: [EICHERMOT.NS] non-critical missing fields: ['return_on_equity']
2026-09-03 07:53:03,129 [INFO] src.cleaning: [EMAMILTD.NS] non-critical missing fields: ['return_on_equity']
2026-09-03 07:53:03,129 [INFO] src.cleaning: [ENDURANCE.NS] non-critical missing fields: ['return_on_equity']
2026-09-03 07:53:03,129 [INFO] src.cleaning: [EXIDEIND.NS] non-critical missing fields: ['return_on_equity']
2026-09-03 07:53:03,129 [INFO] src.cleaning: [FEDERALBNK.NS] non-critical missing fields: ['ev_to_ebitda', 'return_on_equity', 'debt_to_equity']
2026-09-03 07:53:03,129 [INFO] src.cleaning: [FORTIS.NS] non-critical missing fields: ['return_on_equity']
2026-09-03 07:53:03,129 [INFO] src.cleaning: [GAIL.NS] non-critical missing fields: ['return_on_equity']
2026-09-03 07:53:03,129 [INFO] src.cleaning: [GHCL.NS] non-critical missing fields: ['return_on_equity']
2026-09-03 07:53:03,129 [INFO] src.cleaning: [GICRE.NS] non-critical missing fields: ['ev_to_ebitda', 'debt_to_equity']
2026-09-03 07:53:03,129 [INFO] src.cleaning: [GILLETTE.NS] non-critical missing fields: ['return_on_equity']
2026-09-03 07:53:03,129 [INFO] src.cleaning: [GLAND.NS] non-critical missing fields: ['return_on_equity']
2026-09-03 07:53:03,129 [INFO] src.cleaning: [GLENMARK.NS] non-critical missing fields: ['return_on_equity']
2026-09-03 07:53:03,129 [WARNING] src.cleaning: [GMRAIRPORT.NS] negative/zero equity — DuPont ROE math will be invalid downstream
2026-09-03 07:53:03,129 [INFO] src.cleaning: [GMRAIRPORT.NS] non-critical missing fields: ['return_on_equity', 'debt_to_equity']
2026-09-03 07:53:03,129 [INFO] src.cleaning: [GNFC.NS] non-critical missing fields: ['return_on_equity']
2026-09-03 07:53:03,129 [INFO] src.cleaning: [GODREJCP.NS] non-critical missing fields: ['return_on_equity']
2026-09-03 07:53:03,129 [INFO] src.cleaning: [GODREJPROP.NS] non-critical missing fields: ['return_on_equity']
2026-09-03 07:53:03,129 [INFO] src.cleaning: [GRINDWELL.NS] non-critical missing fields: ['return_on_equity']
2026-09-03 07:53:03,129 [INFO] src.cleaning: [HAL.NS] non-critical missing fields: ['return_on_equity']
2026-09-03 07:53:03,129 [INFO] src.cleaning: [HAVELLS.NS] non-critical missing fields: ['return_on_equity']
2026-09-03 07:53:03,129 [WARNING] src.cleaning: [HCLTECH.NS] outlier values flagged: ['ev_to_ebitda']
2026-09-03 07:53:03,129 [INFO] src.cleaning: [HDFCBANK.NS] non-critical missing fields: ['ev_to_ebitda', 'debt_to_equity']
2026-09-03 07:53:03,130 [INFO] src.cleaning: [HEIDELBERG.NS] non-critical missing fields: ['return_on_equity']
2026-09-03 07:53:03,130 [INFO] src.cleaning: [HEROMOTOCO.NS] non-critical missing fields: ['return_on_equity']
2026-09-03 07:53:03,130 [INFO] src.cleaning: [HINDALCO.NS] non-critical missing fields: ['return_on_equity']
2026-09-03 07:53:03,130 [INFO] src.cleaning: [HINDCOPPER.NS] non-critical missing fields: ['return_on_equity']
2026-09-03 07:53:03,130 [INFO] src.cleaning: [HINDUNILVR.NS] non-critical missing fields: ['return_on_equity']
2026-09-03 07:53:03,130 [INFO] src.cleaning: [HINDZINC.NS] non-critical missing fields: ['return_on_equity']
2026-09-03 07:53:03,130 [INFO] src.cleaning: [HUDCO.NS] non-critical missing fields: ['ev_to_ebitda', 'return_on_equity']
2026-09-03 07:53:03,130 [INFO] src.cleaning: [ICICIBANK.NS] non-critical missing fields: ['ev_to_ebitda', 'debt_to_equity']
2026-09-03 07:53:03,130 [INFO] src.cleaning: [ICICIGI.NS] non-critical missing fields: ['debt_to_equity']
2026-09-03 07:53:03,130 [WARNING] src.cleaning: [IDEA.NS] negative/zero equity — DuPont ROE math will be invalid downstream
2026-09-03 07:53:03,130 [INFO] src.cleaning: [IDEA.NS] non-critical missing fields: ['return_on_equity', 'debt_to_equity']
2026-09-03 07:53:03,130 [INFO] src.cleaning: [IDFCFIRSTB.NS] non-critical missing fields: ['ev_to_ebitda', 'return_on_equity', 'debt_to_equity', 'total_debt']
2026-09-03 07:53:03,130 [INFO] src.cleaning: [INDIGO.NS] non-critical missing fields: ['trailing_pe', 'return_on_equity']
2026-09-03 07:53:03,130 [INFO] src.cleaning: [INDUSINDBK.NS] non-critical missing fields: ['ev_to_ebitda', 'return_on_equity', 'debt_to_equity']
2026-09-03 07:53:03,130 [WARNING] src.cleaning: [INFY.NS] outlier values flagged: ['ev_to_ebitda']
2026-09-03 07:53:03,130 [INFO] src.cleaning: [IOB.NS] non-critical missing fields: ['ev_to_ebitda', 'debt_to_equity']
2026-09-03 07:53:03,130 [INFO] src.cleaning: [IPCALAB.NS] non-critical missing fields: ['return_on_equity']
2026-09-03 07:53:03,130 [INFO] src.cleaning: [IRCON.NS] non-critical missing fields: ['return_on_equity']
2026-09-03 07:53:03,130 [INFO] src.cleaning: [IRCTC.NS] non-critical missing fields: ['return_on_equity']
2026-09-03 07:53:03,130 [INFO] src.cleaning: [IRFC.NS] non-critical missing fields: ['ev_to_ebitda', 'return_on_equity']
2026-09-03 07:53:03,130 [INFO] src.cleaning: [ITC.NS] non-critical missing fields: ['return_on_equity']
2026-09-03 07:53:03,130 [INFO] src.cleaning: [JINDALSTEL.NS] non-critical missing fields: ['return_on_equity']
2026-09-03 07:53:03,130 [INFO] src.cleaning: [JKCEMENT.NS] non-critical missing fields: ['return_on_equity']
2026-09-03 07:53:03,130 [INFO] src.cleaning: [JSL.NS] non-critical missing fields: ['return_on_equity']
2026-09-03 07:53:03,130 [INFO] src.cleaning: [JSWSTEEL.NS] non-critical missing fields: ['return_on_equity']
2026-09-03 07:53:03,130 [INFO] src.cleaning: [KAJARIACER.NS] non-critical missing fields: ['return_on_equity']
2026-09-03 07:53:03,130 [INFO] src.cleaning: [KEI.NS] non-critical missing fields: ['return_on_equity']
2026-09-03 07:53:03,130 [INFO] src.cleaning: [KOTAKBANK.NS] non-critical missing fields: ['ev_to_ebitda', 'return_on_equity', 'debt_to_equity']
2026-09-03 07:53:03,130 [INFO] src.cleaning: [KPITTECH.NS] non-critical missing fields: ['return_on_equity']
2026-09-03 07:53:03,130 [INFO] src.cleaning: [LALPATHLAB.NS] non-critical missing fields: ['return_on_equity']
2026-09-03 07:53:03,130 [INFO] src.cleaning: [LAURUSLABS.NS] non-critical missing fields: ['return_on_equity']
2026-09-03 07:53:03,130 [INFO] src.cleaning: [LICHSGFIN.NS] non-critical missing fields: ['ev_to_ebitda', 'return_on_equity']
2026-09-03 07:53:03,131 [INFO] src.cleaning: [LICI.NS] non-critical missing fields: ['return_on_equity']
2026-09-03 07:53:03,131 [INFO] src.cleaning: [LTTS.NS] non-critical missing fields: ['return_on_equity']
2026-09-03 07:53:03,131 [INFO] src.cleaning: [LT.NS] non-critical missing fields: ['return_on_equity']
2026-09-03 07:53:03,131 [INFO] src.cleaning: [LUPIN.NS] non-critical missing fields: ['return_on_equity']
2026-09-03 07:53:03,131 [INFO] src.cleaning: [M&M.NS] non-critical missing fields: ['return_on_equity']
2026-09-03 07:53:03,131 [INFO] src.cleaning: [MANAPPURAM.NS] non-critical missing fields: ['ev_to_ebitda', 'return_on_equity']
2026-09-03 07:53:03,131 [INFO] src.cleaning: [MARICO.NS] non-critical missing fields: ['return_on_equity']
2026-09-03 07:53:03,131 [INFO] src.cleaning: [MARUTI.NS] non-critical missing fields: ['return_on_equity']
2026-09-03 07:53:03,131 [INFO] src.cleaning: [MAZDOCK.NS] non-critical missing fields: ['return_on_equity']
2026-09-03 07:53:03,131 [INFO] src.cleaning: [METROPOLIS.NS] non-critical missing fields: ['return_on_equity']
2026-09-03 07:53:03,131 [INFO] src.cleaning: [MOTHERSON.NS] non-critical missing fields: ['return_on_equity']
2026-09-03 07:53:03,131 [INFO] src.cleaning: [MRF.NS] non-critical missing fields: ['return_on_equity']
2026-09-03 07:53:03,131 [INFO] src.cleaning: [MUTHOOTFIN.NS] non-critical missing fields: ['ev_to_ebitda']
2026-09-03 07:53:03,131 [INFO] src.cleaning: [NATIONALUM.NS] non-critical missing fields: ['return_on_equity']
2026-09-03 07:53:03,131 [INFO] src.cleaning: [NAVINFLUOR.NS] non-critical missing fields: ['return_on_equity']
2026-09-03 07:53:03,131 [INFO] src.cleaning: [NBCC.NS] non-critical missing fields: ['return_on_equity']
2026-09-03 07:53:03,131 [INFO] src.cleaning: [NCC.NS] non-critical missing fields: ['return_on_equity']
2026-09-03 07:53:03,131 [INFO] src.cleaning: [NESTLEIND.NS] non-critical missing fields: ['return_on_equity']
2026-09-03 07:53:03,131 [INFO] src.cleaning: [NMDC.NS] non-critical missing fields: ['return_on_equity']
2026-09-03 07:53:03,131 [INFO] src.cleaning: [NTPC.NS] non-critical missing fields: ['return_on_equity']
2026-09-03 07:53:03,131 [INFO] src.cleaning: [OBEROIRLTY.NS] non-critical missing fields: ['return_on_equity']
2026-09-03 07:53:03,131 [INFO] src.cleaning: [ONGC.NS] non-critical missing fields: ['return_on_equity']
2026-09-03 07:53:03,131 [INFO] src.cleaning: [PAGEIND.NS] non-critical missing fields: ['return_on_equity']
2026-09-03 07:53:03,131 [INFO] src.cleaning: [PFC.NS] non-critical missing fields: ['ev_to_ebitda', 'return_on_equity']
2026-09-03 07:53:03,132 [INFO] src.cleaning: [PGHH.NS] non-critical missing fields: ['return_on_equity']
2026-09-03 07:53:03,132 [INFO] src.cleaning: [PHOENIXLTD.NS] non-critical missing fields: ['return_on_equity']
2026-09-03 07:53:03,132 [INFO] src.cleaning: [PIDILITIND.NS] non-critical missing fields: ['return_on_equity']
2026-09-03 07:53:03,132 [INFO] src.cleaning: [PIIND.NS] non-critical missing fields: ['return_on_equity']
2026-09-03 07:53:03,132 [INFO] src.cleaning: [PNB.NS] non-critical missing fields: ['ev_to_ebitda', 'debt_to_equity']
2026-09-03 07:53:03,132 [INFO] src.cleaning: [POONAWALLA.NS] non-critical missing fields: ['ev_to_ebitda', 'return_on_equity']
2026-09-03 07:53:03,132 [INFO] src.cleaning: [POWERGRID.NS] non-critical missing fields: ['return_on_equity']
2026-09-03 07:53:03,132 [INFO] src.cleaning: [PVRINOX.NS] non-critical missing fields: ['return_on_equity']
2026-09-03 07:53:03,132 [INFO] src.cleaning: [RAMCOCEM.NS] non-critical missing fields: ['return_on_equity']
2026-09-03 07:53:03,132 [INFO] src.cleaning: [RATNAMANI.NS] non-critical missing fields: ['return_on_equity']
2026-09-03 07:53:03,132 [INFO] src.cleaning: [RBLBANK.NS] non-critical missing fields: ['ev_to_ebitda', 'return_on_equity', 'debt_to_equity']
2026-09-03 07:53:03,132 [INFO] src.cleaning: [RELAXO.NS] non-critical missing fields: ['return_on_equity']
2026-09-03 07:53:03,132 [INFO] src.cleaning: [RVNL.NS] non-critical missing fields: ['return_on_equity']
2026-09-03 07:53:03,132 [INFO] src.cleaning: [SAIL.NS] non-critical missing fields: ['return_on_equity']
2026-09-03 07:53:03,132 [INFO] src.cleaning: [SBICARD.NS] non-critical missing fields: ['ev_to_ebitda', 'return_on_equity']
2026-09-03 07:53:03,132 [INFO] src.cleaning: [SBILIFE.NS] non-critical missing fields: ['debt_to_equity']
2026-09-03 07:53:03,132 [INFO] src.cleaning: [SBIN.NS] non-critical missing fields: ['ev_to_ebitda', 'debt_to_equity']
2026-09-03 07:53:03,132 [INFO] src.cleaning: [SHREECEM.NS] non-critical missing fields: ['return_on_equity']
2026-09-03 07:53:03,132 [INFO] src.cleaning: [SHRIRAMFIN.NS] non-critical missing fields: ['ev_to_ebitda']
2026-09-03 07:53:03,132 [INFO] src.cleaning: [SIEMENS.NS] non-critical missing fields: ['return_on_equity']
2026-09-03 07:53:03,132 [INFO] src.cleaning: [SKFINDIA.NS] non-critical missing fields: ['return_on_equity']
2026-09-03 07:53:03,132 [INFO] src.cleaning: [SOBHA.NS] non-critical missing fields: ['return_on_equity']
2026-09-03 07:53:03,132 [INFO] src.cleaning: [SRF.NS] non-critical missing fields: ['return_on_equity']
2026-09-03 07:53:03,132 [INFO] src.cleaning: [SUNDRMFAST.NS] non-critical missing fields: ['return_on_equity']
2026-09-03 07:53:03,132 [INFO] src.cleaning: [SUNPHARMA.NS] non-critical missing fields: ['return_on_equity']
2026-09-03 07:53:03,133 [INFO] src.cleaning: [SUPREMEIND.NS] non-critical missing fields: ['return_on_equity']
2026-09-03 07:53:03,133 [INFO] src.cleaning: [TATACHEM.NS] non-critical missing fields: ['trailing_pe', 'return_on_equity']
2026-09-03 07:53:03,133 [INFO] src.cleaning: [TATACONSUM.NS] non-critical missing fields: ['return_on_equity']
2026-09-03 07:53:03,133 [INFO] src.cleaning: [TATAELXSI.NS] non-critical missing fields: ['return_on_equity']
2026-09-03 07:53:03,133 [INFO] src.cleaning: [TATAPOWER.NS] non-critical missing fields: ['return_on_equity']
2026-09-03 07:53:03,133 [INFO] src.cleaning: [TATASTEEL.NS] non-critical missing fields: ['return_on_equity']
2026-09-03 07:53:03,133 [INFO] src.cleaning: [TECHM.NS] non-critical missing fields: ['return_on_equity']
2026-09-03 07:53:03,133 [INFO] src.cleaning: [THERMAX.NS] non-critical missing fields: ['return_on_equity']
2026-09-03 07:53:03,133 [INFO] src.cleaning: [TIMKEN.NS] non-critical missing fields: ['return_on_equity']
2026-09-03 07:53:03,133 [INFO] src.cleaning: [TITAN.NS] non-critical missing fields: ['return_on_equity']
2026-09-03 07:53:03,133 [INFO] src.cleaning: [TMCV.NS] non-critical missing fields: ['return_on_equity']
2026-09-03 07:53:03,133 [INFO] src.cleaning: [TMPV.NS] non-critical missing fields: ['trailing_pe', 'return_on_equity']
2026-09-03 07:53:03,133 [INFO] src.cleaning: [TORNTPHARM.NS] non-critical missing fields: ['return_on_equity']
2026-09-03 07:53:03,133 [INFO] src.cleaning: [TORNTPOWER.NS] non-critical missing fields: ['return_on_equity']
2026-09-03 07:53:03,133 [INFO] src.cleaning: [TRENT.NS] non-critical missing fields: ['return_on_equity']
2026-09-03 07:53:03,133 [INFO] src.cleaning: [UCOBANK.NS] non-critical missing fields: ['ev_to_ebitda', 'debt_to_equity']
2026-09-03 07:53:03,133 [INFO] src.cleaning: [ULTRACEMCO.NS] non-critical missing fields: ['return_on_equity']
2026-09-03 07:53:03,133 [INFO] src.cleaning: [UNIONBANK.NS] non-critical missing fields: ['ev_to_ebitda', 'debt_to_equity', 'revenue_growth', 'total_debt']
2026-09-03 07:53:03,133 [INFO] src.cleaning: [UNITDSPR.NS] non-critical missing fields: ['return_on_equity']
2026-09-03 07:53:03,133 [INFO] src.cleaning: [UNOMINDA.NS] non-critical missing fields: ['return_on_equity']
2026-09-03 07:53:03,133 [INFO] src.cleaning: [UPL.NS] non-critical missing fields: ['return_on_equity']
2026-09-03 07:53:03,133 [INFO] src.cleaning: [VEDL.NS] non-critical missing fields: ['return_on_equity']
2026-09-03 07:53:03,133 [INFO] src.cleaning: [VOLTAS.NS] non-critical missing fields: ['return_on_equity']
2026-09-03 07:53:03,133 [INFO] src.cleaning: [WELCORP.NS] non-critical missing fields: ['return_on_equity']
2026-09-03 07:53:03,133 [INFO] src.cleaning: [WHIRLPOOL.NS] non-critical missing fields: ['return_on_equity']
2026-09-03 07:53:03,134 [INFO] src.cleaning: [ZEEL.NS] non-critical missing fields: ['return_on_equity']
2026-09-03 07:53:03,144 [INFO] src.cleaning: Cleaned 191/201 tickers -> data/processed/cleaned_universe.csv
2026-09-03 07:53:03,144 [INFO] src.cleaning: Full flag audit trail -> data/processed/cleaning_flags.csv
2026-09-03 07:53:03,144 [INFO] __main__: Cleaning validation passed: 191/201 tickers retained (95%)
2026-09-03 07:53:03,144 [INFO] __main__: === Stage 3/8: Scoring ===
2026-09-03 07:53:03,198 [INFO] src.scoring: Scored 191 companies -> data/processed/scored_universe.csv
2026-09-03 07:53:03,198 [INFO] src.scoring: Top 10 shortlist -> data/processed/shortlist_top_n.csv
2026-09-03 07:53:03,199 [WARNING] src.scoring: 24 companies scored on fewer than all 4 buckets (reweighted, not zero-filled) — see 'buckets_used' column: ['UNIONBANK.NS', 'IOB.NS', 'BANKINDIA.NS', 'CANBK.NS', 'PNB.NS', 'ICICIGI.NS', 'IDEA.NS', 'GICRE.NS', 'FEDERALBNK.NS', 'UCOBANK.NS', 'BANKBARODA.NS', 'AXISBANK.NS', 'SBIN.NS', 'CENTRALBK.NS', 'KOTAKBANK.NS', 'SBILIFE.NS', 'ICICIBANK.NS', 'HDFCBANK.NS', 'BANDHANBNK.NS', 'AUBANK.NS', 'GMRAIRPORT.NS', 'IDFCFIRSTB.NS', 'RBLBANK.NS', 'INDUSINDBK.NS']
2026-09-03 07:53:03,200 [INFO] __main__: Scoring validation passed: 191 companies ranked, all scores in valid range
2026-09-03 07:53:03,201 [INFO] __main__: === Stage 4/8: Comps + DuPont ===
2026-09-03 07:53:03,211 [INFO] src.comps_dupont: Comps + DuPont report for top 10 -> data/processed/comps_dupont_report.csv
2026-09-03 07:53:03,212 [WARNING] src.comps_dupont: 1 companies have a DuPont-implied ROE that diverges >5pp from reported ROE (possible data inconsistency, worth a manual check): ['IOB.NS']
2026-09-03 07:53:03,212 [INFO] __main__: === Stage 5/8: Explainability ===
2026-09-03 07:53:03,243 [INFO] src.explainability: Explanations for top 10 companies -> data/processed/explanations.csv
2026-09-03 07:53:03,243 [INFO] __main__: === Stage 6/8: Baseline Comparison ===
2026-09-03 07:53:03,250 [INFO] src.baseline_comparison: Baseline comparison -> data/processed/baseline_comparison.csv
2026-09-03 07:53:03,250 [INFO] __main__: === Stage 7/8: Acquisition Likelihood ===
2026-09-03 07:53:03,253 [INFO] src.acquisition_likelihood: 2 companies excluded from acquisition-likelihood scoring (negative/zero equity — financial distress, not a value-target thesis): ['IDEA.NS', 'GMRAIRPORT.NS']
2026-09-03 07:53:03,263 [INFO] src.acquisition_likelihood: Acquisition likelihood scoring -> data/processed/acquisition_likelihood.csv
2026-09-03 07:53:03,263 [INFO] __main__: === Stage 8/8: Historical Snapshot ===
2026-09-03 07:53:03,270 [INFO] src.history_tracker: Recorded shortlist snapshot for 2026-09-03 (10 companies) -> data/history/shortlist_history.csv (5 distinct days tracked so far)
2026-09-03 07:53:03,275 [INFO] src.history_tracker: Recorded acquisition-likelihood snapshot for 2026-09-03 (10 companies) -> data/history/acquisition_likelihood_history.csv (5 distinct days tracked so far)
2026-09-03 07:53:03,275 [INFO] __main__: === Pipeline completed successfully ===
2026-09-03 07:53:03,275 [INFO] __main__:   ingestion: {'total': 201, 'ok': 200}
2026-09-03 07:53:03,275 [INFO] __main__:   cleaning: {'retained': 191, 'input': 201}
2026-09-03 07:53:03,275 [INFO] __main__:   scoring: {'ranked': 191}
2026-09-03 07:53:03,275 [INFO] __main__:   comps_dupont: {'companies': 10}
2026-09-03 07:53:03,275 [INFO] __main__:   explainability: {'companies': 10}
2026-09-03 07:53:03,275 [INFO] __main__:   baseline_comparison: {'correlation': np.float64(0.4836137985521363), 'overlap_pct': 0.1}
2026-09-03 07:53:03,275 [INFO] __main__:   acquisition_likelihood: {'companies': 10}
2026-09-03 07:53:03,275 [INFO] __main__:   history_tracker: {'recorded': True}
