2026-09-30 09:21:23,667 [INFO] __main__: Logging to file: logs/pipeline_run_2026-09-30T09-21-23Z.log
2026-09-30 09:21:23,667 [INFO] __main__: === Stage 1/8: Ingestion ===
2026-09-30 09:21:23,686 [INFO] src.ingestion: [ACC.NS] fetching fresh data
2026-09-30 09:21:25,016 [INFO] src.ingestion: [AMBUJACEM.NS] fetching fresh data
2026-09-30 09:21:25,892 [INFO] src.ingestion: [ULTRACEMCO.NS] fetching fresh data
2026-09-30 09:21:26,852 [INFO] src.ingestion: [SHREECEM.NS] fetching fresh data
2026-09-30 09:21:27,753 [INFO] src.ingestion: [JKCEMENT.NS] fetching fresh data
2026-09-30 09:21:28,690 [INFO] src.ingestion: [RAMCOCEM.NS] fetching fresh data
2026-09-30 09:21:29,674 [INFO] src.ingestion: [HEIDELBERG.NS] fetching fresh data
2026-09-30 09:21:30,527 [INFO] src.ingestion: [DALBHARAT.NS] fetching fresh data
2026-09-30 09:21:31,404 [INFO] src.ingestion: [INFY.NS] fetching fresh data
2026-09-30 09:21:32,296 [INFO] src.ingestion: [TCS.NS] fetching fresh data
2026-09-30 09:21:33,168 [INFO] src.ingestion: [WIPRO.NS] fetching fresh data
2026-09-30 09:21:34,099 [INFO] src.ingestion: [HCLTECH.NS] fetching fresh data
2026-09-30 09:21:34,937 [INFO] src.ingestion: [TECHM.NS] fetching fresh data
2026-09-30 09:21:35,817 [INFO] src.ingestion: [LTIM.NS] fetching fresh data
2026-09-30 09:21:35,988 [ERROR] yfinance: HTTP Error 404: {"quoteSummary":{"result":null,"error":{"code":"Not Found","description":"Quote not found for symbol: LTIM.NS"}}}
2026-09-30 09:21:36,085 [WARNING] src.ingestion: [LTIM.NS] attempt 1 failed: yfinance returned an empty info payload for LTIM.NS (no exception, but no usable data — likely a transient Yahoo-side issue or an invalid/delisted symbol)
2026-09-30 09:21:38,283 [ERROR] yfinance: HTTP Error 404: {"quoteSummary":{"result":null,"error":{"code":"Not Found","description":"Quote not found for symbol: LTIM.NS"}}}
2026-09-30 09:21:38,333 [WARNING] src.ingestion: [LTIM.NS] attempt 2 failed: yfinance returned an empty info payload for LTIM.NS (no exception, but no usable data — likely a transient Yahoo-side issue or an invalid/delisted symbol)
2026-09-30 09:21:42,505 [ERROR] yfinance: HTTP Error 404: {"quoteSummary":{"result":null,"error":{"code":"Not Found","description":"Quote not found for symbol: LTIM.NS"}}}
2026-09-30 09:21:42,552 [WARNING] src.ingestion: [LTIM.NS] attempt 3 failed: yfinance returned an empty info payload for LTIM.NS (no exception, but no usable data — likely a transient Yahoo-side issue or an invalid/delisted symbol)
2026-09-30 09:21:42,952 [INFO] src.ingestion: [PERSISTENT.NS] fetching fresh data
2026-09-30 09:21:43,797 [INFO] src.ingestion: [COFORGE.NS] fetching fresh data
2026-09-30 09:21:44,858 [INFO] src.ingestion: [MPHASIS.NS] fetching fresh data
2026-09-30 09:21:45,684 [INFO] src.ingestion: [LTTS.NS] fetching fresh data
2026-09-30 09:21:46,654 [INFO] src.ingestion: [TATAELXSI.NS] fetching fresh data
2026-09-30 09:21:47,610 [INFO] src.ingestion: [CYIENT.NS] fetching fresh data
2026-09-30 09:21:48,629 [INFO] src.ingestion: [KPITTECH.NS] fetching fresh data
2026-09-30 09:21:49,552 [INFO] src.ingestion: [HDFCBANK.NS] fetching fresh data
2026-09-30 09:21:50,516 [INFO] src.ingestion: [ICICIBANK.NS] fetching fresh data
2026-09-30 09:21:51,403 [INFO] src.ingestion: [SBIN.NS] fetching fresh data
2026-09-30 09:21:52,273 [INFO] src.ingestion: [AXISBANK.NS] fetching fresh data
2026-09-30 09:21:53,369 [INFO] src.ingestion: [KOTAKBANK.NS] fetching fresh data
2026-09-30 09:21:54,193 [INFO] src.ingestion: [INDUSINDBK.NS] fetching fresh data
2026-09-30 09:21:55,061 [INFO] src.ingestion: [FEDERALBNK.NS] fetching fresh data
2026-09-30 09:21:55,857 [INFO] src.ingestion: [BANDHANBNK.NS] fetching fresh data
2026-09-30 09:21:56,691 [INFO] src.ingestion: [IDFCFIRSTB.NS] fetching fresh data
2026-09-30 09:21:57,541 [INFO] src.ingestion: [PNB.NS] fetching fresh data
2026-09-30 09:21:58,388 [INFO] src.ingestion: [BANKBARODA.NS] fetching fresh data
2026-09-30 09:21:59,232 [INFO] src.ingestion: [CANBK.NS] fetching fresh data
2026-09-30 09:22:00,225 [INFO] src.ingestion: [UNIONBANK.NS] fetching fresh data
2026-09-30 09:22:01,052 [INFO] src.ingestion: [AUBANK.NS] fetching fresh data
2026-09-30 09:22:01,999 [INFO] src.ingestion: [RBLBANK.NS] fetching fresh data
2026-09-30 09:22:02,846 [INFO] src.ingestion: [BANKINDIA.NS] fetching fresh data
2026-09-30 09:22:03,817 [INFO] src.ingestion: [CENTRALBK.NS] fetching fresh data
2026-09-30 09:22:04,626 [INFO] src.ingestion: [IOB.NS] fetching fresh data
2026-09-30 09:22:05,510 [INFO] src.ingestion: [UCOBANK.NS] fetching fresh data
2026-09-30 09:22:06,451 [INFO] src.ingestion: [BAJFINANCE.NS] fetching fresh data
2026-09-30 09:22:07,298 [INFO] src.ingestion: [BAJAJFINSV.NS] fetching fresh data
2026-09-30 09:22:08,377 [INFO] src.ingestion: [CHOLAFIN.NS] fetching fresh data
2026-09-30 09:22:09,306 [INFO] src.ingestion: [MUTHOOTFIN.NS] fetching fresh data
2026-09-30 09:22:10,120 [INFO] src.ingestion: [LICHSGFIN.NS] fetching fresh data
2026-09-30 09:22:11,072 [INFO] src.ingestion: [SHRIRAMFIN.NS] fetching fresh data
2026-09-30 09:22:11,902 [INFO] src.ingestion: [PFC.NS] fetching fresh data
2026-09-30 09:22:12,950 [INFO] src.ingestion: [RECLTD.NS] fetching fresh data
2026-09-30 09:22:13,925 [INFO] src.ingestion: [IRFC.NS] fetching fresh data
2026-09-30 09:22:14,845 [INFO] src.ingestion: [HUDCO.NS] fetching fresh data
2026-09-30 09:22:15,797 [INFO] src.ingestion: [BAJAJHLDNG.NS] fetching fresh data
2026-09-30 09:22:16,649 [INFO] src.ingestion: [SBICARD.NS] fetching fresh data
2026-09-30 09:22:17,441 [INFO] src.ingestion: [MANAPPURAM.NS] fetching fresh data
2026-09-30 09:22:18,318 [INFO] src.ingestion: [POONAWALLA.NS] fetching fresh data
2026-09-30 09:22:19,160 [INFO] src.ingestion: [HDFCLIFE.NS] fetching fresh data
2026-09-30 09:22:20,130 [INFO] src.ingestion: [SBILIFE.NS] fetching fresh data
2026-09-30 09:22:20,931 [INFO] src.ingestion: [ICICIPRULI.NS] fetching fresh data
2026-09-30 09:22:21,732 [INFO] src.ingestion: [ICICIGI.NS] fetching fresh data
2026-09-30 09:22:22,649 [INFO] src.ingestion: [LICI.NS] fetching fresh data
2026-09-30 09:22:23,473 [INFO] src.ingestion: [GICRE.NS] fetching fresh data
2026-09-30 09:22:24,410 [INFO] src.ingestion: [MARUTI.NS] fetching fresh data
2026-09-30 09:22:25,497 [INFO] src.ingestion: [TMPV.NS] fetching fresh data
2026-09-30 09:22:26,477 [INFO] src.ingestion: [TMCV.NS] fetching fresh data
2026-09-30 09:22:27,440 [INFO] src.ingestion: [M&M.NS] fetching fresh data
2026-09-30 09:22:28,357 [INFO] src.ingestion: [EICHERMOT.NS] fetching fresh data
2026-09-30 09:22:29,278 [INFO] src.ingestion: [HEROMOTOCO.NS] fetching fresh data
2026-09-30 09:22:30,211 [INFO] src.ingestion: [BAJAJ-AUTO.NS] fetching fresh data
2026-09-30 09:22:31,125 [INFO] src.ingestion: [TVSMOTOR.NS] fetching fresh data
2026-09-30 09:22:32,011 [INFO] src.ingestion: [ASHOKLEY.NS] fetching fresh data
2026-09-30 09:22:32,897 [INFO] src.ingestion: [BHARATFORG.NS] fetching fresh data
2026-09-30 09:22:33,789 [INFO] src.ingestion: [MOTHERSON.NS] fetching fresh data
2026-09-30 09:22:34,609 [INFO] src.ingestion: [BOSCHLTD.NS] fetching fresh data
2026-09-30 09:22:35,640 [INFO] src.ingestion: [MRF.NS] fetching fresh data
2026-09-30 09:22:36,473 [INFO] src.ingestion: [ENDURANCE.NS] fetching fresh data
2026-09-30 09:22:37,418 [INFO] src.ingestion: [EXIDEIND.NS] fetching fresh data
2026-09-30 09:22:38,239 [INFO] src.ingestion: [ARE&M.NS] fetching fresh data
2026-09-30 09:22:39,051 [INFO] src.ingestion: [SUNDRMFAST.NS] fetching fresh data
2026-09-30 09:22:40,012 [INFO] src.ingestion: [UNOMINDA.NS] fetching fresh data
2026-09-30 09:22:40,980 [INFO] src.ingestion: [SUNPHARMA.NS] fetching fresh data
2026-09-30 09:22:41,830 [INFO] src.ingestion: [DRREDDY.NS] fetching fresh data
2026-09-30 09:22:42,784 [INFO] src.ingestion: [CIPLA.NS] fetching fresh data
2026-09-30 09:22:43,622 [INFO] src.ingestion: [DIVISLAB.NS] fetching fresh data
2026-09-30 09:22:44,562 [INFO] src.ingestion: [LUPIN.NS] fetching fresh data
2026-09-30 09:22:45,400 [INFO] src.ingestion: [AUROPHARMA.NS] fetching fresh data
2026-09-30 09:22:46,201 [INFO] src.ingestion: [BIOCON.NS] fetching fresh data
2026-09-30 09:22:47,035 [INFO] src.ingestion: [TORNTPHARM.NS] fetching fresh data
2026-09-30 09:22:47,940 [INFO] src.ingestion: [ALKEM.NS] fetching fresh data
2026-09-30 09:22:48,829 [INFO] src.ingestion: [ABBOTINDIA.NS] fetching fresh data
2026-09-30 09:22:49,614 [INFO] src.ingestion: [APOLLOHOSP.NS] fetching fresh data
2026-09-30 09:22:50,435 [INFO] src.ingestion: [FORTIS.NS] fetching fresh data
2026-09-30 09:22:51,268 [INFO] src.ingestion: [LALPATHLAB.NS] fetching fresh data
2026-09-30 09:22:52,134 [INFO] src.ingestion: [METROPOLIS.NS] fetching fresh data
2026-09-30 09:22:52,963 [INFO] src.ingestion: [GLAND.NS] fetching fresh data
2026-09-30 09:22:53,838 [INFO] src.ingestion: [LAURUSLABS.NS] fetching fresh data
2026-09-30 09:22:54,831 [INFO] src.ingestion: [GLENMARK.NS] fetching fresh data
2026-09-30 09:22:55,648 [INFO] src.ingestion: [IPCALAB.NS] fetching fresh data
2026-09-30 09:22:56,568 [INFO] src.ingestion: [HINDUNILVR.NS] fetching fresh data
2026-09-30 09:22:57,472 [INFO] src.ingestion: [ITC.NS] fetching fresh data
2026-09-30 09:22:58,467 [INFO] src.ingestion: [NESTLEIND.NS] fetching fresh data
2026-09-30 09:22:59,341 [INFO] src.ingestion: [BRITANNIA.NS] fetching fresh data
2026-09-30 09:23:00,123 [INFO] src.ingestion: [DABUR.NS] fetching fresh data
2026-09-30 09:23:00,943 [INFO] src.ingestion: [GODREJCP.NS] fetching fresh data
2026-09-30 09:23:01,938 [INFO] src.ingestion: [MARICO.NS] fetching fresh data
2026-09-30 09:23:02,861 [INFO] src.ingestion: [COLPAL.NS] fetching fresh data
2026-09-30 09:23:03,744 [INFO] src.ingestion: [TATACONSUM.NS] fetching fresh data
2026-09-30 09:23:04,762 [INFO] src.ingestion: [VBL.NS] fetching fresh data
2026-09-30 09:23:05,818 [INFO] src.ingestion: [UNITDSPR.NS] fetching fresh data
2026-09-30 09:23:06,674 [INFO] src.ingestion: [EMAMILTD.NS] fetching fresh data
2026-09-30 09:23:07,597 [INFO] src.ingestion: [TATASTEEL.NS] fetching fresh data
2026-09-30 09:23:08,406 [INFO] src.ingestion: [JSWSTEEL.NS] fetching fresh data
2026-09-30 09:23:09,441 [INFO] src.ingestion: [HINDALCO.NS] fetching fresh data
2026-09-30 09:23:10,354 [INFO] src.ingestion: [VEDL.NS] fetching fresh data
2026-09-30 09:23:11,302 [INFO] src.ingestion: [COALINDIA.NS] fetching fresh data
2026-09-30 09:23:12,227 [INFO] src.ingestion: [NMDC.NS] fetching fresh data
2026-09-30 09:23:13,060 [INFO] src.ingestion: [SAIL.NS] fetching fresh data
2026-09-30 09:23:13,925 [INFO] src.ingestion: [JINDALSTEL.NS] fetching fresh data
2026-09-30 09:23:14,781 [INFO] src.ingestion: [APLAPOLLO.NS] fetching fresh data
2026-09-30 09:23:15,623 [INFO] src.ingestion: [NATIONALUM.NS] fetching fresh data
2026-09-30 09:23:16,475 [INFO] src.ingestion: [HINDCOPPER.NS] fetching fresh data
2026-09-30 09:23:17,475 [INFO] src.ingestion: [RATNAMANI.NS] fetching fresh data
2026-09-30 09:23:18,388 [INFO] src.ingestion: [HINDZINC.NS] fetching fresh data
2026-09-30 09:23:19,397 [INFO] src.ingestion: [WELCORP.NS] fetching fresh data
2026-09-30 09:23:20,316 [INFO] src.ingestion: [JSL.NS] fetching fresh data
2026-09-30 09:23:21,128 [INFO] src.ingestion: [RELIANCE.NS] fetching fresh data
2026-09-30 09:23:22,030 [INFO] src.ingestion: [ONGC.NS] fetching fresh data
2026-09-30 09:23:22,836 [INFO] src.ingestion: [BPCL.NS] fetching fresh data
2026-09-30 09:23:23,809 [INFO] src.ingestion: [IOC.NS] fetching fresh data
2026-09-30 09:23:24,692 [INFO] src.ingestion: [GAIL.NS] fetching fresh data
2026-09-30 09:23:25,662 [INFO] src.ingestion: [NTPC.NS] fetching fresh data
2026-09-30 09:23:26,490 [INFO] src.ingestion: [POWERGRID.NS] fetching fresh data
2026-09-30 09:23:27,442 [INFO] src.ingestion: [TATAPOWER.NS] fetching fresh data
2026-09-30 09:23:28,333 [INFO] src.ingestion: [ADANIGREEN.NS] fetching fresh data
2026-09-30 09:23:29,260 [INFO] src.ingestion: [ADANIPOWER.NS] fetching fresh data
2026-09-30 09:23:30,284 [INFO] src.ingestion: [TORNTPOWER.NS] fetching fresh data
2026-09-30 09:23:31,249 [INFO] src.ingestion: [LT.NS] fetching fresh data
2026-09-30 09:23:32,103 [INFO] src.ingestion: [SIEMENS.NS] fetching fresh data
2026-09-30 09:23:32,938 [INFO] src.ingestion: [ABB.NS] fetching fresh data
2026-09-30 09:23:33,895 [INFO] src.ingestion: [HAL.NS] fetching fresh data
2026-09-30 09:23:34,784 [INFO] src.ingestion: [BEL.NS] fetching fresh data
2026-09-30 09:23:35,654 [INFO] src.ingestion: [BHEL.NS] fetching fresh data
2026-09-30 09:23:36,567 [INFO] src.ingestion: [CUMMINSIND.NS] fetching fresh data
2026-09-30 09:23:37,591 [INFO] src.ingestion: [THERMAX.NS] fetching fresh data
2026-09-30 09:23:38,421 [INFO] src.ingestion: [POLYCAB.NS] fetching fresh data
2026-09-30 09:23:39,408 [INFO] src.ingestion: [KEI.NS] fetching fresh data
2026-09-30 09:23:40,271 [INFO] src.ingestion: [HAVELLS.NS] fetching fresh data
2026-09-30 09:23:41,132 [INFO] src.ingestion: [CROMPTON.NS] fetching fresh data
2026-09-30 09:23:42,019 [INFO] src.ingestion: [SUPREMEIND.NS] fetching fresh data
2026-09-30 09:23:43,004 [INFO] src.ingestion: [ASTRAL.NS] fetching fresh data
2026-09-30 09:23:43,882 [INFO] src.ingestion: [GRINDWELL.NS] fetching fresh data
2026-09-30 09:23:44,750 [INFO] src.ingestion: [CARBORUNIV.NS] fetching fresh data
2026-09-30 09:23:45,650 [INFO] src.ingestion: [TIMKEN.NS] fetching fresh data
2026-09-30 09:23:46,463 [INFO] src.ingestion: [SKFINDIA.NS] fetching fresh data
2026-09-30 09:23:47,428 [INFO] src.ingestion: [SRF.NS] fetching fresh data
2026-09-30 09:23:48,446 [INFO] src.ingestion: [PIIND.NS] fetching fresh data
2026-09-30 09:23:49,531 [INFO] src.ingestion: [DEEPAKNTR.NS] fetching fresh data
2026-09-30 09:23:50,509 [INFO] src.ingestion: [AARTIIND.NS] fetching fresh data
2026-09-30 09:23:51,422 [INFO] src.ingestion: [NAVINFLUOR.NS] fetching fresh data
2026-09-30 09:23:52,301 [INFO] src.ingestion: [UPL.NS] fetching fresh data
2026-09-30 09:23:53,301 [INFO] src.ingestion: [COROMANDEL.NS] fetching fresh data
2026-09-30 09:23:54,223 [INFO] src.ingestion: [CHAMBLFERT.NS] fetching fresh data
2026-09-30 09:23:55,057 [INFO] src.ingestion: [GNFC.NS] fetching fresh data
2026-09-30 09:23:56,012 [INFO] src.ingestion: [PIDILITIND.NS] fetching fresh data
2026-09-30 09:23:56,882 [INFO] src.ingestion: [TATACHEM.NS] fetching fresh data
2026-09-30 09:23:57,754 [INFO] src.ingestion: [GHCL.NS] fetching fresh data
2026-09-30 09:23:58,572 [INFO] src.ingestion: [TITAN.NS] fetching fresh data
2026-09-30 09:23:59,475 [INFO] src.ingestion: [DMART.NS] fetching fresh data
2026-09-30 09:24:00,545 [INFO] src.ingestion: [TRENT.NS] fetching fresh data
2026-09-30 09:24:01,432 [INFO] src.ingestion: [BATAINDIA.NS] fetching fresh data
2026-09-30 09:24:02,423 [INFO] src.ingestion: [PAGEIND.NS] fetching fresh data
2026-09-30 09:24:03,299 [INFO] src.ingestion: [JUBLFOOD.NS] fetching fresh data
2026-09-30 09:24:04,234 [INFO] src.ingestion: [VOLTAS.NS] fetching fresh data
2026-09-30 09:24:05,152 [INFO] src.ingestion: [DIXON.NS] fetching fresh data
2026-09-30 09:24:06,096 [INFO] src.ingestion: [RELAXO.NS] fetching fresh data
2026-09-30 09:24:07,045 [INFO] src.ingestion: [KAJARIACER.NS] fetching fresh data
2026-09-30 09:24:07,861 [INFO] src.ingestion: [WHIRLPOOL.NS] fetching fresh data
2026-09-30 09:24:08,785 [INFO] src.ingestion: [BLUESTARCO.NS] fetching fresh data
2026-09-30 09:24:09,797 [INFO] src.ingestion: [PGHH.NS] fetching fresh data
2026-09-30 09:24:10,664 [INFO] src.ingestion: [GILLETTE.NS] fetching fresh data
2026-09-30 09:24:11,582 [INFO] src.ingestion: [BHARTIARTL.NS] fetching fresh data
2026-09-30 09:24:12,369 [INFO] src.ingestion: [IDEA.NS] fetching fresh data
2026-09-30 09:24:13,242 [INFO] src.ingestion: [INDUSTOWER.NS] fetching fresh data
2026-09-30 09:24:14,126 [INFO] src.ingestion: [PVRINOX.NS] fetching fresh data
2026-09-30 09:24:14,906 [INFO] src.ingestion: [ZEEL.NS] fetching fresh data
2026-09-30 09:24:15,878 [INFO] src.ingestion: [ADANIPORTS.NS] fetching fresh data
2026-09-30 09:24:16,896 [INFO] src.ingestion: [ADANIENT.NS] fetching fresh data
2026-09-30 09:24:18,037 [INFO] src.ingestion: [GMRAIRPORT.NS] fetching fresh data
2026-09-30 09:24:18,911 [INFO] src.ingestion: [CONCOR.NS] fetching fresh data
2026-09-30 09:24:19,765 [INFO] src.ingestion: [IRCTC.NS] fetching fresh data
2026-09-30 09:24:20,705 [INFO] src.ingestion: [INDIGO.NS] fetching fresh data
2026-09-30 09:24:21,710 [INFO] src.ingestion: [RVNL.NS] fetching fresh data
2026-09-30 09:24:22,534 [INFO] src.ingestion: [IRCON.NS] fetching fresh data
2026-09-30 09:24:23,341 [INFO] src.ingestion: [NBCC.NS] fetching fresh data
2026-09-30 09:24:24,252 [INFO] src.ingestion: [NCC.NS] fetching fresh data
2026-09-30 09:24:25,138 [INFO] src.ingestion: [MAZDOCK.NS] fetching fresh data
2026-09-30 09:24:25,992 [INFO] src.ingestion: [COCHINSHIP.NS] fetching fresh data
2026-09-30 09:24:26,874 [INFO] src.ingestion: [DLF.NS] fetching fresh data
2026-09-30 09:24:27,850 [INFO] src.ingestion: [GODREJPROP.NS] fetching fresh data
2026-09-30 09:24:28,745 [INFO] src.ingestion: [OBEROIRLTY.NS] fetching fresh data
2026-09-30 09:24:29,715 [INFO] src.ingestion: [PRESTIGE.NS] fetching fresh data
2026-09-30 09:24:30,637 [INFO] src.ingestion: [PHOENIXLTD.NS] fetching fresh data
2026-09-30 09:24:31,554 [INFO] src.ingestion: [SOBHA.NS] fetching fresh data
2026-09-30 09:24:32,397 [INFO] src.ingestion: Fetched 200/201 tickers successfully
2026-09-30 09:24:32,397 [WARNING] src.ingestion: Failed tickers (excluded from downstream, not silently zeroed): ['LTIM.NS']
2026-09-30 09:24:32,398 [INFO] __main__: Ingestion validation passed: 200/201 tickers (100%)
2026-09-30 09:24:32,398 [INFO] __main__: === Stage 2/8: Cleaning ===
2026-09-30 09:24:32,402 [WARNING] src.cleaning: [ASHOKLEY.NS] EXCLUDED: missing critical fields: ['market_cap']
2026-09-30 09:24:32,402 [WARNING] src.cleaning: [BIOCON.NS] EXCLUDED: missing critical fields: ['market_cap']
2026-09-30 09:24:32,402 [WARNING] src.cleaning: [BOSCHLTD.NS] EXCLUDED: missing critical fields: ['market_cap']
2026-09-30 09:24:32,402 [WARNING] src.cleaning: [IOC.NS] EXCLUDED: missing critical fields: ['market_cap']
2026-09-30 09:24:32,402 [WARNING] src.cleaning: [JUBLFOOD.NS] EXCLUDED: missing critical fields: ['market_cap']
2026-09-30 09:24:32,402 [WARNING] src.cleaning: [LTIM.NS] EXCLUDED: ingestion failed: yfinance returned an empty info payload for LTIM.NS (no exception, but no usable data — likely a transient Yahoo-side issue or an invalid/delisted symbol)
2026-09-30 09:24:32,402 [WARNING] src.cleaning: [RECLTD.NS] EXCLUDED: missing critical fields: ['market_cap']
2026-09-30 09:24:32,402 [WARNING] src.cleaning: [RELIANCE.NS] EXCLUDED: missing critical fields: ['market_cap']
2026-09-30 09:24:32,402 [WARNING] src.cleaning: [TCS.NS] EXCLUDED: missing critical fields: ['market_cap']
2026-09-30 09:24:32,402 [WARNING] src.cleaning: [TVSMOTOR.NS] EXCLUDED: missing critical fields: ['market_cap']
2026-09-30 09:24:32,403 [INFO] src.cleaning: [AARTIIND.NS] non-critical missing fields: ['return_on_equity']
2026-09-30 09:24:32,403 [INFO] src.cleaning: [ABBOTINDIA.NS] non-critical missing fields: ['return_on_equity']
2026-09-30 09:24:32,403 [INFO] src.cleaning: [ACC.NS] non-critical missing fields: ['return_on_equity']
2026-09-30 09:24:32,403 [INFO] src.cleaning: [ADANIENT.NS] non-critical missing fields: ['return_on_equity']
2026-09-30 09:24:32,403 [INFO] src.cleaning: [ADANIGREEN.NS] non-critical missing fields: ['return_on_equity']
2026-09-30 09:24:32,403 [INFO] src.cleaning: [ADANIPORTS.NS] non-critical missing fields: ['return_on_equity']
2026-09-30 09:24:32,403 [INFO] src.cleaning: [ADANIPOWER.NS] non-critical missing fields: ['return_on_equity']
2026-09-30 09:24:32,403 [INFO] src.cleaning: [ALKEM.NS] non-critical missing fields: ['return_on_equity']
2026-09-30 09:24:32,403 [INFO] src.cleaning: [AMBUJACEM.NS] non-critical missing fields: ['return_on_equity']
2026-09-30 09:24:32,403 [INFO] src.cleaning: [APLAPOLLO.NS] non-critical missing fields: ['return_on_equity']
2026-09-30 09:24:32,403 [INFO] src.cleaning: [APOLLOHOSP.NS] non-critical missing fields: ['return_on_equity']
2026-09-30 09:24:32,403 [INFO] src.cleaning: [ARE&M.NS] non-critical missing fields: ['return_on_equity']
2026-09-30 09:24:32,403 [INFO] src.cleaning: [ASTRAL.NS] non-critical missing fields: ['return_on_equity']
2026-09-30 09:24:32,403 [INFO] src.cleaning: [AUBANK.NS] non-critical missing fields: ['ev_to_ebitda', 'return_on_equity', 'debt_to_equity']
2026-09-30 09:24:32,403 [INFO] src.cleaning: [AUROPHARMA.NS] non-critical missing fields: ['return_on_equity']
2026-09-30 09:24:32,403 [INFO] src.cleaning: [AXISBANK.NS] non-critical missing fields: ['ev_to_ebitda', 'debt_to_equity']
2026-09-30 09:24:32,403 [INFO] src.cleaning: [BAJAJ-AUTO.NS] non-critical missing fields: ['return_on_equity']
2026-09-30 09:24:32,403 [INFO] src.cleaning: [BAJAJFINSV.NS] non-critical missing fields: ['return_on_equity']
2026-09-30 09:24:32,403 [WARNING] src.cleaning: [BAJAJHLDNG.NS] outlier values flagged: ['net_margin']
2026-09-30 09:24:32,403 [INFO] src.cleaning: [BAJFINANCE.NS] non-critical missing fields: ['ev_to_ebitda', 'return_on_equity']
2026-09-30 09:24:32,403 [INFO] src.cleaning: [BANDHANBNK.NS] non-critical missing fields: ['ev_to_ebitda', 'return_on_equity', 'debt_to_equity']
2026-09-30 09:24:32,403 [INFO] src.cleaning: [BANKBARODA.NS] non-critical missing fields: ['ev_to_ebitda', 'debt_to_equity']
2026-09-30 09:24:32,403 [INFO] src.cleaning: [BANKINDIA.NS] non-critical missing fields: ['ev_to_ebitda', 'debt_to_equity']
2026-09-30 09:24:32,403 [INFO] src.cleaning: [BATAINDIA.NS] non-critical missing fields: ['return_on_equity']
2026-09-30 09:24:32,403 [INFO] src.cleaning: [BEL.NS] non-critical missing fields: ['return_on_equity']
2026-09-30 09:24:32,403 [INFO] src.cleaning: [BHARATFORG.NS] non-critical missing fields: ['return_on_equity']
2026-09-30 09:24:32,403 [INFO] src.cleaning: [BHEL.NS] non-critical missing fields: ['return_on_equity']
2026-09-30 09:24:32,403 [INFO] src.cleaning: [BLUESTARCO.NS] non-critical missing fields: ['return_on_equity']
2026-09-30 09:24:32,403 [INFO] src.cleaning: [BPCL.NS] non-critical missing fields: ['return_on_equity']
2026-09-30 09:24:32,403 [INFO] src.cleaning: [BRITANNIA.NS] non-critical missing fields: ['return_on_equity']
2026-09-30 09:24:32,403 [INFO] src.cleaning: [CANBK.NS] non-critical missing fields: ['ev_to_ebitda', 'return_on_equity', 'debt_to_equity']
2026-09-30 09:24:32,403 [INFO] src.cleaning: [CARBORUNIV.NS] non-critical missing fields: ['return_on_equity']
2026-09-30 09:24:32,403 [INFO] src.cleaning: [CENTRALBK.NS] non-critical missing fields: ['ev_to_ebitda', 'debt_to_equity']
2026-09-30 09:24:32,403 [INFO] src.cleaning: [CHAMBLFERT.NS] non-critical missing fields: ['return_on_equity']
2026-09-30 09:24:32,403 [INFO] src.cleaning: [CHOLAFIN.NS] non-critical missing fields: ['ev_to_ebitda', 'return_on_equity']
2026-09-30 09:24:32,403 [INFO] src.cleaning: [CIPLA.NS] non-critical missing fields: ['return_on_equity']
2026-09-30 09:24:32,403 [INFO] src.cleaning: [COALINDIA.NS] non-critical missing fields: ['return_on_equity']
2026-09-30 09:24:32,403 [INFO] src.cleaning: [COCHINSHIP.NS] non-critical missing fields: ['return_on_equity']
2026-09-30 09:24:32,403 [INFO] src.cleaning: [COFORGE.NS] non-critical missing fields: ['return_on_equity']
2026-09-30 09:24:32,403 [INFO] src.cleaning: [COLPAL.NS] non-critical missing fields: ['return_on_equity']
2026-09-30 09:24:32,403 [INFO] src.cleaning: [CONCOR.NS] non-critical missing fields: ['return_on_equity']
2026-09-30 09:24:32,403 [INFO] src.cleaning: [COROMANDEL.NS] non-critical missing fields: ['return_on_equity']
2026-09-30 09:24:32,403 [INFO] src.cleaning: [CROMPTON.NS] non-critical missing fields: ['trailing_pe', 'return_on_equity']
2026-09-30 09:24:32,403 [INFO] src.cleaning: [CUMMINSIND.NS] non-critical missing fields: ['return_on_equity']
2026-09-30 09:24:32,403 [INFO] src.cleaning: [CYIENT.NS] non-critical missing fields: ['return_on_equity']
2026-09-30 09:24:32,403 [INFO] src.cleaning: [DABUR.NS] non-critical missing fields: ['return_on_equity']
2026-09-30 09:24:32,403 [INFO] src.cleaning: [DALBHARAT.NS] non-critical missing fields: ['return_on_equity']
2026-09-30 09:24:32,403 [INFO] src.cleaning: [DEEPAKNTR.NS] non-critical missing fields: ['return_on_equity']
2026-09-30 09:24:32,403 [INFO] src.cleaning: [DIVISLAB.NS] non-critical missing fields: ['return_on_equity']
2026-09-30 09:24:32,403 [INFO] src.cleaning: [DIXON.NS] non-critical missing fields: ['return_on_equity']
2026-09-30 09:24:32,404 [INFO] src.cleaning: [DMART.NS] non-critical missing fields: ['return_on_equity']
2026-09-30 09:24:32,404 [INFO] src.cleaning: [EICHERMOT.NS] non-critical missing fields: ['return_on_equity']
2026-09-30 09:24:32,404 [INFO] src.cleaning: [EMAMILTD.NS] non-critical missing fields: ['return_on_equity']
2026-09-30 09:24:32,404 [INFO] src.cleaning: [ENDURANCE.NS] non-critical missing fields: ['return_on_equity']
2026-09-30 09:24:32,404 [INFO] src.cleaning: [EXIDEIND.NS] non-critical missing fields: ['return_on_equity']
2026-09-30 09:24:32,404 [INFO] src.cleaning: [FEDERALBNK.NS] non-critical missing fields: ['ev_to_ebitda', 'return_on_equity', 'debt_to_equity']
2026-09-30 09:24:32,404 [INFO] src.cleaning: [FORTIS.NS] non-critical missing fields: ['return_on_equity']
2026-09-30 09:24:32,404 [INFO] src.cleaning: [GAIL.NS] non-critical missing fields: ['return_on_equity']
2026-09-30 09:24:32,404 [INFO] src.cleaning: [GHCL.NS] non-critical missing fields: ['return_on_equity']
2026-09-30 09:24:32,404 [INFO] src.cleaning: [GICRE.NS] non-critical missing fields: ['ev_to_ebitda', 'debt_to_equity']
2026-09-30 09:24:32,404 [INFO] src.cleaning: [GILLETTE.NS] non-critical missing fields: ['return_on_equity']
2026-09-30 09:24:32,404 [INFO] src.cleaning: [GLAND.NS] non-critical missing fields: ['return_on_equity']
2026-09-30 09:24:32,404 [INFO] src.cleaning: [GLENMARK.NS] non-critical missing fields: ['return_on_equity']
2026-09-30 09:24:32,404 [WARNING] src.cleaning: [GMRAIRPORT.NS] negative/zero equity — DuPont ROE math will be invalid downstream
2026-09-30 09:24:32,404 [INFO] src.cleaning: [GMRAIRPORT.NS] non-critical missing fields: ['return_on_equity', 'debt_to_equity']
2026-09-30 09:24:32,404 [INFO] src.cleaning: [GNFC.NS] non-critical missing fields: ['return_on_equity']
2026-09-30 09:24:32,404 [INFO] src.cleaning: [GODREJCP.NS] non-critical missing fields: ['return_on_equity']
2026-09-30 09:24:32,404 [INFO] src.cleaning: [GODREJPROP.NS] non-critical missing fields: ['return_on_equity']
2026-09-30 09:24:32,404 [INFO] src.cleaning: [GRINDWELL.NS] non-critical missing fields: ['return_on_equity']
2026-09-30 09:24:32,404 [INFO] src.cleaning: [HAL.NS] non-critical missing fields: ['return_on_equity']
2026-09-30 09:24:32,404 [INFO] src.cleaning: [HAVELLS.NS] non-critical missing fields: ['return_on_equity']
2026-09-30 09:24:32,404 [WARNING] src.cleaning: [HCLTECH.NS] outlier values flagged: ['ev_to_ebitda']
2026-09-30 09:24:32,404 [INFO] src.cleaning: [HDFCBANK.NS] non-critical missing fields: ['ev_to_ebitda', 'debt_to_equity']
2026-09-30 09:24:32,404 [INFO] src.cleaning: [HEIDELBERG.NS] non-critical missing fields: ['return_on_equity']
2026-09-30 09:24:32,404 [INFO] src.cleaning: [HEROMOTOCO.NS] non-critical missing fields: ['return_on_equity']
2026-09-30 09:24:32,404 [INFO] src.cleaning: [HINDALCO.NS] non-critical missing fields: ['return_on_equity']
2026-09-30 09:24:32,404 [INFO] src.cleaning: [HINDCOPPER.NS] non-critical missing fields: ['return_on_equity']
2026-09-30 09:24:32,404 [INFO] src.cleaning: [HINDUNILVR.NS] non-critical missing fields: ['return_on_equity']
2026-09-30 09:24:32,404 [INFO] src.cleaning: [HINDZINC.NS] non-critical missing fields: ['return_on_equity']
2026-09-30 09:24:32,404 [INFO] src.cleaning: [HUDCO.NS] non-critical missing fields: ['ev_to_ebitda', 'return_on_equity']
2026-09-30 09:24:32,404 [INFO] src.cleaning: [ICICIBANK.NS] non-critical missing fields: ['ev_to_ebitda', 'debt_to_equity']
2026-09-30 09:24:32,404 [INFO] src.cleaning: [ICICIGI.NS] non-critical missing fields: ['debt_to_equity']
2026-09-30 09:24:32,404 [WARNING] src.cleaning: [IDEA.NS] negative/zero equity — DuPont ROE math will be invalid downstream
2026-09-30 09:24:32,404 [INFO] src.cleaning: [IDEA.NS] non-critical missing fields: ['return_on_equity', 'debt_to_equity']
2026-09-30 09:24:32,404 [INFO] src.cleaning: [IDFCFIRSTB.NS] non-critical missing fields: ['ev_to_ebitda', 'debt_to_equity']
2026-09-30 09:24:32,404 [WARNING] src.cleaning: [INDIGO.NS] outlier values flagged: ['debt_to_equity']
2026-09-30 09:24:32,404 [INFO] src.cleaning: [INDIGO.NS] non-critical missing fields: ['trailing_pe', 'return_on_equity']
2026-09-30 09:24:32,404 [INFO] src.cleaning: [INDUSINDBK.NS] non-critical missing fields: ['ev_to_ebitda', 'return_on_equity', 'debt_to_equity']
2026-09-30 09:24:32,404 [WARNING] src.cleaning: [INFY.NS] outlier values flagged: ['ev_to_ebitda']
2026-09-30 09:24:32,404 [INFO] src.cleaning: [IOB.NS] non-critical missing fields: ['ev_to_ebitda', 'debt_to_equity']
2026-09-30 09:24:32,404 [INFO] src.cleaning: [IPCALAB.NS] non-critical missing fields: ['return_on_equity']
2026-09-30 09:24:32,404 [INFO] src.cleaning: [IRCON.NS] non-critical missing fields: ['return_on_equity']
2026-09-30 09:24:32,404 [INFO] src.cleaning: [IRCTC.NS] non-critical missing fields: ['return_on_equity']
2026-09-30 09:24:32,404 [INFO] src.cleaning: [IRFC.NS] non-critical missing fields: ['ev_to_ebitda', 'return_on_equity']
2026-09-30 09:24:32,404 [INFO] src.cleaning: [ITC.NS] non-critical missing fields: ['return_on_equity']
2026-09-30 09:24:32,404 [INFO] src.cleaning: [JINDALSTEL.NS] non-critical missing fields: ['return_on_equity']
2026-09-30 09:24:32,404 [INFO] src.cleaning: [JKCEMENT.NS] non-critical missing fields: ['return_on_equity']
2026-09-30 09:24:32,404 [INFO] src.cleaning: [JSL.NS] non-critical missing fields: ['return_on_equity']
2026-09-30 09:24:32,404 [INFO] src.cleaning: [JSWSTEEL.NS] non-critical missing fields: ['return_on_equity']
2026-09-30 09:24:32,404 [INFO] src.cleaning: [KAJARIACER.NS] non-critical missing fields: ['return_on_equity']
2026-09-30 09:24:32,404 [INFO] src.cleaning: [KEI.NS] non-critical missing fields: ['return_on_equity']
2026-09-30 09:24:32,404 [INFO] src.cleaning: [KOTAKBANK.NS] non-critical missing fields: ['ev_to_ebitda', 'return_on_equity', 'debt_to_equity']
2026-09-30 09:24:32,404 [INFO] src.cleaning: [KPITTECH.NS] non-critical missing fields: ['return_on_equity']
2026-09-30 09:24:32,404 [INFO] src.cleaning: [LALPATHLAB.NS] non-critical missing fields: ['return_on_equity']
2026-09-30 09:24:32,404 [INFO] src.cleaning: [LAURUSLABS.NS] non-critical missing fields: ['return_on_equity']
2026-09-30 09:24:32,404 [INFO] src.cleaning: [LICHSGFIN.NS] non-critical missing fields: ['ev_to_ebitda', 'return_on_equity']
2026-09-30 09:24:32,404 [INFO] src.cleaning: [LICI.NS] non-critical missing fields: ['return_on_equity']
2026-09-30 09:24:32,404 [INFO] src.cleaning: [LTTS.NS] non-critical missing fields: ['return_on_equity']
2026-09-30 09:24:32,404 [INFO] src.cleaning: [LT.NS] non-critical missing fields: ['return_on_equity']
2026-09-30 09:24:32,404 [INFO] src.cleaning: [LUPIN.NS] non-critical missing fields: ['return_on_equity']
2026-09-30 09:24:32,405 [INFO] src.cleaning: [M&M.NS] non-critical missing fields: ['return_on_equity']
2026-09-30 09:24:32,405 [INFO] src.cleaning: [MANAPPURAM.NS] non-critical missing fields: ['ev_to_ebitda', 'return_on_equity']
2026-09-30 09:24:32,405 [INFO] src.cleaning: [MARICO.NS] non-critical missing fields: ['return_on_equity']
2026-09-30 09:24:32,405 [INFO] src.cleaning: [MARUTI.NS] non-critical missing fields: ['return_on_equity']
2026-09-30 09:24:32,405 [INFO] src.cleaning: [MAZDOCK.NS] non-critical missing fields: ['return_on_equity']
2026-09-30 09:24:32,405 [INFO] src.cleaning: [METROPOLIS.NS] non-critical missing fields: ['return_on_equity']
2026-09-30 09:24:32,405 [INFO] src.cleaning: [MOTHERSON.NS] non-critical missing fields: ['return_on_equity']
2026-09-30 09:24:32,405 [INFO] src.cleaning: [MRF.NS] non-critical missing fields: ['return_on_equity']
2026-09-30 09:24:32,405 [INFO] src.cleaning: [MUTHOOTFIN.NS] non-critical missing fields: ['ev_to_ebitda']
2026-09-30 09:24:32,405 [INFO] src.cleaning: [NATIONALUM.NS] non-critical missing fields: ['return_on_equity']
2026-09-30 09:24:32,405 [INFO] src.cleaning: [NAVINFLUOR.NS] non-critical missing fields: ['return_on_equity']
2026-09-30 09:24:32,405 [INFO] src.cleaning: [NBCC.NS] non-critical missing fields: ['return_on_equity']
2026-09-30 09:24:32,405 [INFO] src.cleaning: [NCC.NS] non-critical missing fields: ['return_on_equity']
2026-09-30 09:24:32,405 [INFO] src.cleaning: [NESTLEIND.NS] non-critical missing fields: ['return_on_equity']
2026-09-30 09:24:32,405 [INFO] src.cleaning: [NMDC.NS] non-critical missing fields: ['return_on_equity']
2026-09-30 09:24:32,405 [INFO] src.cleaning: [NTPC.NS] non-critical missing fields: ['return_on_equity']
2026-09-30 09:24:32,405 [INFO] src.cleaning: [OBEROIRLTY.NS] non-critical missing fields: ['return_on_equity']
2026-09-30 09:24:32,405 [INFO] src.cleaning: [ONGC.NS] non-critical missing fields: ['return_on_equity']
2026-09-30 09:24:32,405 [INFO] src.cleaning: [PAGEIND.NS] non-critical missing fields: ['return_on_equity']
2026-09-30 09:24:32,405 [INFO] src.cleaning: [PFC.NS] non-critical missing fields: ['ev_to_ebitda', 'return_on_equity']
2026-09-30 09:24:32,405 [INFO] src.cleaning: [PGHH.NS] non-critical missing fields: ['return_on_equity']
2026-09-30 09:24:32,405 [INFO] src.cleaning: [PHOENIXLTD.NS] non-critical missing fields: ['return_on_equity']
2026-09-30 09:24:32,405 [INFO] src.cleaning: [PIDILITIND.NS] non-critical missing fields: ['return_on_equity']
2026-09-30 09:24:32,405 [INFO] src.cleaning: [PIIND.NS] non-critical missing fields: ['return_on_equity']
2026-09-30 09:24:32,405 [INFO] src.cleaning: [PNB.NS] non-critical missing fields: ['ev_to_ebitda', 'debt_to_equity']
2026-09-30 09:24:32,405 [INFO] src.cleaning: [POONAWALLA.NS] non-critical missing fields: ['ev_to_ebitda', 'return_on_equity']
2026-09-30 09:24:32,405 [INFO] src.cleaning: [POWERGRID.NS] non-critical missing fields: ['return_on_equity']
2026-09-30 09:24:32,405 [INFO] src.cleaning: [PVRINOX.NS] non-critical missing fields: ['return_on_equity']
2026-09-30 09:24:32,405 [INFO] src.cleaning: [RAMCOCEM.NS] non-critical missing fields: ['return_on_equity']
2026-09-30 09:24:32,405 [INFO] src.cleaning: [RATNAMANI.NS] non-critical missing fields: ['return_on_equity']
2026-09-30 09:24:32,405 [INFO] src.cleaning: [RBLBANK.NS] non-critical missing fields: ['ev_to_ebitda', 'return_on_equity', 'debt_to_equity']
2026-09-30 09:24:32,405 [INFO] src.cleaning: [RELAXO.NS] non-critical missing fields: ['return_on_equity']
2026-09-30 09:24:32,405 [INFO] src.cleaning: [RVNL.NS] non-critical missing fields: ['return_on_equity']
2026-09-30 09:24:32,405 [INFO] src.cleaning: [SAIL.NS] non-critical missing fields: ['return_on_equity']
2026-09-30 09:24:32,405 [INFO] src.cleaning: [SBICARD.NS] non-critical missing fields: ['ev_to_ebitda', 'return_on_equity']
2026-09-30 09:24:32,405 [INFO] src.cleaning: [SBILIFE.NS] non-critical missing fields: ['debt_to_equity']
2026-09-30 09:24:32,405 [INFO] src.cleaning: [SBIN.NS] non-critical missing fields: ['ev_to_ebitda', 'debt_to_equity']
2026-09-30 09:24:32,405 [INFO] src.cleaning: [SHREECEM.NS] non-critical missing fields: ['return_on_equity']
2026-09-30 09:24:32,405 [INFO] src.cleaning: [SHRIRAMFIN.NS] non-critical missing fields: ['ev_to_ebitda']
2026-09-30 09:24:32,405 [INFO] src.cleaning: [SIEMENS.NS] non-critical missing fields: ['return_on_equity']
2026-09-30 09:24:32,405 [INFO] src.cleaning: [SKFINDIA.NS] non-critical missing fields: ['return_on_equity']
2026-09-30 09:24:32,405 [INFO] src.cleaning: [SOBHA.NS] non-critical missing fields: ['return_on_equity']
2026-09-30 09:24:32,405 [INFO] src.cleaning: [SRF.NS] non-critical missing fields: ['return_on_equity']
2026-09-30 09:24:32,405 [INFO] src.cleaning: [SUNDRMFAST.NS] non-critical missing fields: ['return_on_equity']
2026-09-30 09:24:32,405 [INFO] src.cleaning: [SUNPHARMA.NS] non-critical missing fields: ['return_on_equity']
2026-09-30 09:24:32,405 [INFO] src.cleaning: [SUPREMEIND.NS] non-critical missing fields: ['return_on_equity']
2026-09-30 09:24:32,405 [INFO] src.cleaning: [TATACHEM.NS] non-critical missing fields: ['trailing_pe', 'return_on_equity']
2026-09-30 09:24:32,405 [INFO] src.cleaning: [TATACONSUM.NS] non-critical missing fields: ['return_on_equity']
2026-09-30 09:24:32,405 [INFO] src.cleaning: [TATAELXSI.NS] non-critical missing fields: ['return_on_equity']
2026-09-30 09:24:32,405 [INFO] src.cleaning: [TATAPOWER.NS] non-critical missing fields: ['return_on_equity']
2026-09-30 09:24:32,405 [INFO] src.cleaning: [TATASTEEL.NS] non-critical missing fields: ['return_on_equity']
2026-09-30 09:24:32,405 [INFO] src.cleaning: [TECHM.NS] non-critical missing fields: ['return_on_equity']
2026-09-30 09:24:32,405 [INFO] src.cleaning: [THERMAX.NS] non-critical missing fields: ['return_on_equity']
2026-09-30 09:24:32,405 [INFO] src.cleaning: [TIMKEN.NS] non-critical missing fields: ['return_on_equity']
2026-09-30 09:24:32,405 [INFO] src.cleaning: [TITAN.NS] non-critical missing fields: ['return_on_equity']
2026-09-30 09:24:32,405 [INFO] src.cleaning: [TMCV.NS] non-critical missing fields: ['return_on_equity']
2026-09-30 09:24:32,405 [INFO] src.cleaning: [TMPV.NS] non-critical missing fields: ['trailing_pe', 'return_on_equity']
2026-09-30 09:24:32,405 [INFO] src.cleaning: [TORNTPHARM.NS] non-critical missing fields: ['return_on_equity']
2026-09-30 09:24:32,405 [INFO] src.cleaning: [TORNTPOWER.NS] non-critical missing fields: ['return_on_equity']
2026-09-30 09:24:32,405 [INFO] src.cleaning: [TRENT.NS] non-critical missing fields: ['return_on_equity']
2026-09-30 09:24:32,405 [INFO] src.cleaning: [UCOBANK.NS] non-critical missing fields: ['ev_to_ebitda', 'debt_to_equity']
2026-09-30 09:24:32,406 [INFO] src.cleaning: [ULTRACEMCO.NS] non-critical missing fields: ['return_on_equity']
2026-09-30 09:24:32,406 [INFO] src.cleaning: [UNIONBANK.NS] non-critical missing fields: ['ev_to_ebitda', 'debt_to_equity']
2026-09-30 09:24:32,406 [INFO] src.cleaning: [UNITDSPR.NS] non-critical missing fields: ['return_on_equity']
2026-09-30 09:24:32,406 [INFO] src.cleaning: [UNOMINDA.NS] non-critical missing fields: ['return_on_equity']
2026-09-30 09:24:32,406 [INFO] src.cleaning: [UPL.NS] non-critical missing fields: ['return_on_equity']
2026-09-30 09:24:32,406 [INFO] src.cleaning: [VEDL.NS] non-critical missing fields: ['return_on_equity']
2026-09-30 09:24:32,406 [INFO] src.cleaning: [VOLTAS.NS] non-critical missing fields: ['return_on_equity']
2026-09-30 09:24:32,406 [INFO] src.cleaning: [WELCORP.NS] non-critical missing fields: ['return_on_equity']
2026-09-30 09:24:32,406 [INFO] src.cleaning: [WHIRLPOOL.NS] non-critical missing fields: ['return_on_equity']
2026-09-30 09:24:32,406 [INFO] src.cleaning: [ZEEL.NS] non-critical missing fields: ['return_on_equity']
2026-09-30 09:24:32,411 [INFO] src.cleaning: Cleaned 191/201 tickers -> data/processed/cleaned_universe.csv
2026-09-30 09:24:32,411 [INFO] src.cleaning: Full flag audit trail -> data/processed/cleaning_flags.csv
2026-09-30 09:24:32,412 [INFO] __main__: Cleaning validation passed: 191/201 tickers retained (95%)
2026-09-30 09:24:32,412 [INFO] __main__: === Stage 3/8: Scoring ===
2026-09-30 09:24:32,449 [INFO] src.scoring: Scored 191 companies -> data/processed/scored_universe.csv
2026-09-30 09:24:32,449 [INFO] src.scoring: Top 10 shortlist -> data/processed/shortlist_top_n.csv
2026-09-30 09:24:32,450 [WARNING] src.scoring: 24 companies scored on fewer than all 4 buckets (reweighted, not zero-filled) — see 'buckets_used' column: ['IOB.NS', 'BANKINDIA.NS', 'UNIONBANK.NS', 'CANBK.NS', 'IDEA.NS', 'ICICIGI.NS', 'PNB.NS', 'GICRE.NS', 'FEDERALBNK.NS', 'UCOBANK.NS', 'BANKBARODA.NS', 'CENTRALBK.NS', 'SBIN.NS', 'AXISBANK.NS', 'KOTAKBANK.NS', 'ICICIBANK.NS', 'HDFCBANK.NS', 'SBILIFE.NS', 'AUBANK.NS', 'BANDHANBNK.NS', 'GMRAIRPORT.NS', 'IDFCFIRSTB.NS', 'RBLBANK.NS', 'INDUSINDBK.NS']
2026-09-30 09:24:32,451 [INFO] __main__: Scoring validation passed: 191 companies ranked, all scores in valid range
2026-09-30 09:24:32,451 [INFO] __main__: === Stage 4/8: Comps + DuPont ===
2026-09-30 09:24:32,459 [INFO] src.comps_dupont: Comps + DuPont report for top 10 -> data/processed/comps_dupont_report.csv
2026-09-30 09:24:32,459 [WARNING] src.comps_dupont: 1 companies have a DuPont-implied ROE that diverges >5pp from reported ROE (possible data inconsistency, worth a manual check): ['IOB.NS']
2026-09-30 09:24:32,459 [INFO] __main__: === Stage 5/8: Explainability ===
2026-09-30 09:24:32,481 [INFO] src.explainability: Explanations for top 10 companies -> data/processed/explanations.csv
2026-09-30 09:24:32,481 [INFO] __main__: === Stage 6/8: Baseline Comparison ===
2026-09-30 09:24:32,486 [INFO] src.baseline_comparison: Baseline comparison -> data/processed/baseline_comparison.csv
2026-09-30 09:24:32,487 [INFO] __main__: === Stage 7/8: Acquisition Likelihood ===
2026-09-30 09:24:32,489 [INFO] src.acquisition_likelihood: 2 companies excluded from acquisition-likelihood scoring (negative/zero equity — financial distress, not a value-target thesis): ['IDEA.NS', 'GMRAIRPORT.NS']
2026-09-30 09:24:32,496 [INFO] src.acquisition_likelihood: Acquisition likelihood scoring -> data/processed/acquisition_likelihood.csv
2026-09-30 09:24:32,496 [INFO] __main__: === Stage 8/8: Historical Snapshot ===
2026-09-30 09:24:32,501 [INFO] src.history_tracker: Recorded shortlist snapshot for 2026-09-30 (10 companies) -> data/history/shortlist_history.csv (5 distinct days tracked so far)
2026-09-30 09:24:32,506 [INFO] src.history_tracker: Recorded acquisition-likelihood snapshot for 2026-09-30 (10 companies) -> data/history/acquisition_likelihood_history.csv (5 distinct days tracked so far)
2026-09-30 09:24:32,506 [INFO] __main__: === Pipeline completed successfully ===
2026-09-30 09:24:32,506 [INFO] __main__:   ingestion: {'total': 201, 'ok': 200}
2026-09-30 09:24:32,506 [INFO] __main__:   cleaning: {'retained': 191, 'input': 201}
2026-09-30 09:24:32,506 [INFO] __main__:   scoring: {'ranked': 191}
2026-09-30 09:24:32,506 [INFO] __main__:   comps_dupont: {'companies': 10}
2026-09-30 09:24:32,506 [INFO] __main__:   explainability: {'companies': 10}
2026-09-30 09:24:32,506 [INFO] __main__:   baseline_comparison: {'correlation': np.float64(0.49036113634432993), 'overlap_pct': 0.0}
2026-09-30 09:24:32,506 [INFO] __main__:   acquisition_likelihood: {'companies': 10}
2026-09-30 09:24:32,506 [INFO] __main__:   history_tracker: {'recorded': True}
