2026-10-10 09:28:08,115 [INFO] __main__: Logging to file: logs/pipeline_run_2026-10-10T09-28-08Z.log
2026-10-10 09:28:08,115 [INFO] __main__: === Stage 1/8: Ingestion ===
2026-10-10 09:28:08,130 [INFO] src.ingestion: [ACC.NS] fetching fresh data
2026-10-10 09:28:09,731 [INFO] src.ingestion: [AMBUJACEM.NS] fetching fresh data
2026-10-10 09:28:10,763 [INFO] src.ingestion: [ULTRACEMCO.NS] fetching fresh data
2026-10-10 09:28:11,946 [INFO] src.ingestion: [SHREECEM.NS] fetching fresh data
2026-10-10 09:28:13,247 [INFO] src.ingestion: [JKCEMENT.NS] fetching fresh data
2026-10-10 09:28:14,472 [INFO] src.ingestion: [RAMCOCEM.NS] fetching fresh data
2026-10-10 09:28:15,604 [INFO] src.ingestion: [HEIDELBERG.NS] fetching fresh data
2026-10-10 09:28:16,691 [INFO] src.ingestion: [DALBHARAT.NS] fetching fresh data
2026-10-10 09:28:17,977 [INFO] src.ingestion: [INFY.NS] fetching fresh data
2026-10-10 09:28:19,213 [INFO] src.ingestion: [TCS.NS] fetching fresh data
2026-10-10 09:28:20,404 [INFO] src.ingestion: [WIPRO.NS] fetching fresh data
2026-10-10 09:28:21,508 [INFO] src.ingestion: [HCLTECH.NS] fetching fresh data
2026-10-10 09:28:22,877 [INFO] src.ingestion: [TECHM.NS] fetching fresh data
2026-10-10 09:28:24,021 [INFO] src.ingestion: [LTIM.NS] fetching fresh data
2026-10-10 09:28:24,312 [ERROR] yfinance: HTTP Error 404: {"quoteSummary":{"result":null,"error":{"code":"Not Found","description":"Quote not found for symbol: LTIM.NS"}}}
2026-10-10 09:28:24,517 [WARNING] src.ingestion: [LTIM.NS] attempt 1 failed: yfinance returned an empty info payload for LTIM.NS (no exception, but no usable data — likely a transient Yahoo-side issue or an invalid/delisted symbol)
2026-10-10 09:28:26,883 [ERROR] yfinance: HTTP Error 404: {"quoteSummary":{"result":null,"error":{"code":"Not Found","description":"Quote not found for symbol: LTIM.NS"}}}
2026-10-10 09:28:26,985 [WARNING] src.ingestion: [LTIM.NS] attempt 2 failed: yfinance returned an empty info payload for LTIM.NS (no exception, but no usable data — likely a transient Yahoo-side issue or an invalid/delisted symbol)
2026-10-10 09:28:31,279 [ERROR] yfinance: HTTP Error 404: {"quoteSummary":{"result":null,"error":{"code":"Not Found","description":"Quote not found for symbol: LTIM.NS"}}}
2026-10-10 09:28:31,384 [WARNING] src.ingestion: [LTIM.NS] attempt 3 failed: yfinance returned an empty info payload for LTIM.NS (no exception, but no usable data — likely a transient Yahoo-side issue or an invalid/delisted symbol)
2026-10-10 09:28:31,784 [INFO] src.ingestion: [PERSISTENT.NS] fetching fresh data
2026-10-10 09:28:32,951 [INFO] src.ingestion: [COFORGE.NS] fetching fresh data
2026-10-10 09:28:34,110 [INFO] src.ingestion: [MPHASIS.NS] fetching fresh data
2026-10-10 09:28:35,294 [INFO] src.ingestion: [LTTS.NS] fetching fresh data
2026-10-10 09:28:36,603 [INFO] src.ingestion: [TATAELXSI.NS] fetching fresh data
2026-10-10 09:28:37,715 [INFO] src.ingestion: [CYIENT.NS] fetching fresh data
2026-10-10 09:28:38,778 [INFO] src.ingestion: [KPITTECH.NS] fetching fresh data
2026-10-10 09:28:39,798 [INFO] src.ingestion: [HDFCBANK.NS] fetching fresh data
2026-10-10 09:28:41,006 [INFO] src.ingestion: [ICICIBANK.NS] fetching fresh data
2026-10-10 09:28:42,191 [INFO] src.ingestion: [SBIN.NS] fetching fresh data
2026-10-10 09:28:43,318 [INFO] src.ingestion: [AXISBANK.NS] fetching fresh data
2026-10-10 09:28:44,331 [INFO] src.ingestion: [KOTAKBANK.NS] fetching fresh data
2026-10-10 09:28:45,467 [INFO] src.ingestion: [INDUSINDBK.NS] fetching fresh data
2026-10-10 09:28:46,559 [INFO] src.ingestion: [FEDERALBNK.NS] fetching fresh data
2026-10-10 09:28:47,763 [INFO] src.ingestion: [BANDHANBNK.NS] fetching fresh data
2026-10-10 09:28:49,060 [INFO] src.ingestion: [IDFCFIRSTB.NS] fetching fresh data
2026-10-10 09:28:50,125 [INFO] src.ingestion: [PNB.NS] fetching fresh data
2026-10-10 09:28:51,108 [INFO] src.ingestion: [BANKBARODA.NS] fetching fresh data
2026-10-10 09:28:52,185 [INFO] src.ingestion: [CANBK.NS] fetching fresh data
2026-10-10 09:28:53,381 [INFO] src.ingestion: [UNIONBANK.NS] fetching fresh data
2026-10-10 09:28:54,369 [INFO] src.ingestion: [AUBANK.NS] fetching fresh data
2026-10-10 09:28:55,366 [INFO] src.ingestion: [RBLBANK.NS] fetching fresh data
2026-10-10 09:28:56,553 [INFO] src.ingestion: [BANKINDIA.NS] fetching fresh data
2026-10-10 09:28:57,592 [INFO] src.ingestion: [CENTRALBK.NS] fetching fresh data
2026-10-10 09:28:58,731 [INFO] src.ingestion: [IOB.NS] fetching fresh data
2026-10-10 09:28:59,739 [INFO] src.ingestion: [UCOBANK.NS] fetching fresh data
2026-10-10 09:29:01,072 [INFO] src.ingestion: [BAJFINANCE.NS] fetching fresh data
2026-10-10 09:29:02,221 [INFO] src.ingestion: [BAJAJFINSV.NS] fetching fresh data
2026-10-10 09:29:03,227 [INFO] src.ingestion: [CHOLAFIN.NS] fetching fresh data
2026-10-10 09:29:04,383 [INFO] src.ingestion: [MUTHOOTFIN.NS] fetching fresh data
2026-10-10 09:29:05,572 [INFO] src.ingestion: [LICHSGFIN.NS] fetching fresh data
2026-10-10 09:29:06,809 [INFO] src.ingestion: [SHRIRAMFIN.NS] fetching fresh data
2026-10-10 09:29:07,933 [INFO] src.ingestion: [PFC.NS] fetching fresh data
2026-10-10 09:29:09,009 [INFO] src.ingestion: [RECLTD.NS] fetching fresh data
2026-10-10 09:29:10,162 [INFO] src.ingestion: [IRFC.NS] fetching fresh data
2026-10-10 09:29:11,271 [INFO] src.ingestion: [HUDCO.NS] fetching fresh data
2026-10-10 09:29:12,271 [INFO] src.ingestion: [BAJAJHLDNG.NS] fetching fresh data
2026-10-10 09:29:13,385 [INFO] src.ingestion: [SBICARD.NS] fetching fresh data
2026-10-10 09:29:14,421 [INFO] src.ingestion: [MANAPPURAM.NS] fetching fresh data
2026-10-10 09:29:15,619 [INFO] src.ingestion: [POONAWALLA.NS] fetching fresh data
2026-10-10 09:29:16,763 [INFO] src.ingestion: [HDFCLIFE.NS] fetching fresh data
2026-10-10 09:29:17,851 [INFO] src.ingestion: [SBILIFE.NS] fetching fresh data
2026-10-10 09:29:18,999 [INFO] src.ingestion: [ICICIPRULI.NS] fetching fresh data
2026-10-10 09:29:20,041 [INFO] src.ingestion: [ICICIGI.NS] fetching fresh data
2026-10-10 09:29:21,222 [INFO] src.ingestion: [LICI.NS] fetching fresh data
2026-10-10 09:29:22,317 [INFO] src.ingestion: [GICRE.NS] fetching fresh data
2026-10-10 09:29:23,358 [INFO] src.ingestion: [MARUTI.NS] fetching fresh data
2026-10-10 09:29:24,630 [INFO] src.ingestion: [TMPV.NS] fetching fresh data
2026-10-10 09:29:25,833 [INFO] src.ingestion: [TMCV.NS] fetching fresh data
2026-10-10 09:29:27,165 [INFO] src.ingestion: [M&M.NS] fetching fresh data
2026-10-10 09:29:28,339 [INFO] src.ingestion: [EICHERMOT.NS] fetching fresh data
2026-10-10 09:29:29,585 [INFO] src.ingestion: [HEROMOTOCO.NS] fetching fresh data
2026-10-10 09:29:30,631 [INFO] src.ingestion: [BAJAJ-AUTO.NS] fetching fresh data
2026-10-10 09:29:31,666 [INFO] src.ingestion: [TVSMOTOR.NS] fetching fresh data
2026-10-10 09:29:32,847 [INFO] src.ingestion: [ASHOKLEY.NS] fetching fresh data
2026-10-10 09:29:34,019 [INFO] src.ingestion: [BHARATFORG.NS] fetching fresh data
2026-10-10 09:29:35,253 [INFO] src.ingestion: [MOTHERSON.NS] fetching fresh data
2026-10-10 09:29:36,395 [INFO] src.ingestion: [BOSCHLTD.NS] fetching fresh data
2026-10-10 09:29:37,537 [INFO] src.ingestion: [MRF.NS] fetching fresh data
2026-10-10 09:29:38,778 [INFO] src.ingestion: [ENDURANCE.NS] fetching fresh data
2026-10-10 09:29:39,907 [INFO] src.ingestion: [EXIDEIND.NS] fetching fresh data
2026-10-10 09:29:41,101 [INFO] src.ingestion: [ARE&M.NS] fetching fresh data
2026-10-10 09:29:42,249 [INFO] src.ingestion: [SUNDRMFAST.NS] fetching fresh data
2026-10-10 09:29:43,266 [INFO] src.ingestion: [UNOMINDA.NS] fetching fresh data
2026-10-10 09:29:44,385 [INFO] src.ingestion: [SUNPHARMA.NS] fetching fresh data
2026-10-10 09:29:45,477 [INFO] src.ingestion: [DRREDDY.NS] fetching fresh data
2026-10-10 09:29:46,673 [INFO] src.ingestion: [CIPLA.NS] fetching fresh data
2026-10-10 09:29:47,837 [INFO] src.ingestion: [DIVISLAB.NS] fetching fresh data
2026-10-10 09:29:48,940 [INFO] src.ingestion: [LUPIN.NS] fetching fresh data
2026-10-10 09:29:50,137 [INFO] src.ingestion: [AUROPHARMA.NS] fetching fresh data
2026-10-10 09:29:51,363 [INFO] src.ingestion: [BIOCON.NS] fetching fresh data
2026-10-10 09:29:52,571 [INFO] src.ingestion: [TORNTPHARM.NS] fetching fresh data
2026-10-10 09:29:53,726 [INFO] src.ingestion: [ALKEM.NS] fetching fresh data
2026-10-10 09:29:54,874 [INFO] src.ingestion: [ABBOTINDIA.NS] fetching fresh data
2026-10-10 09:29:55,846 [INFO] src.ingestion: [APOLLOHOSP.NS] fetching fresh data
2026-10-10 09:29:57,102 [INFO] src.ingestion: [FORTIS.NS] fetching fresh data
2026-10-10 09:29:58,313 [INFO] src.ingestion: [LALPATHLAB.NS] fetching fresh data
2026-10-10 09:29:59,411 [INFO] src.ingestion: [METROPOLIS.NS] fetching fresh data
2026-10-10 09:30:00,644 [INFO] src.ingestion: [GLAND.NS] fetching fresh data
2026-10-10 09:30:01,871 [INFO] src.ingestion: [LAURUSLABS.NS] fetching fresh data
2026-10-10 09:30:03,103 [INFO] src.ingestion: [GLENMARK.NS] fetching fresh data
2026-10-10 09:30:04,459 [INFO] src.ingestion: [IPCALAB.NS] fetching fresh data
2026-10-10 09:30:05,619 [INFO] src.ingestion: [HINDUNILVR.NS] fetching fresh data
2026-10-10 09:30:06,677 [INFO] src.ingestion: [ITC.NS] fetching fresh data
2026-10-10 09:30:07,809 [INFO] src.ingestion: [NESTLEIND.NS] fetching fresh data
2026-10-10 09:30:08,887 [INFO] src.ingestion: [BRITANNIA.NS] fetching fresh data
2026-10-10 09:30:10,006 [INFO] src.ingestion: [DABUR.NS] fetching fresh data
2026-10-10 09:30:11,144 [INFO] src.ingestion: [GODREJCP.NS] fetching fresh data
2026-10-10 09:30:12,219 [INFO] src.ingestion: [MARICO.NS] fetching fresh data
2026-10-10 09:30:13,367 [INFO] src.ingestion: [COLPAL.NS] fetching fresh data
2026-10-10 09:30:14,514 [INFO] src.ingestion: [TATACONSUM.NS] fetching fresh data
2026-10-10 09:30:15,664 [INFO] src.ingestion: [VBL.NS] fetching fresh data
2026-10-10 09:30:16,862 [INFO] src.ingestion: [UNITDSPR.NS] fetching fresh data
2026-10-10 09:30:18,123 [INFO] src.ingestion: [EMAMILTD.NS] fetching fresh data
2026-10-10 09:30:19,179 [INFO] src.ingestion: [TATASTEEL.NS] fetching fresh data
2026-10-10 09:30:20,345 [INFO] src.ingestion: [JSWSTEEL.NS] fetching fresh data
2026-10-10 09:30:21,419 [INFO] src.ingestion: [HINDALCO.NS] fetching fresh data
2026-10-10 09:30:22,581 [INFO] src.ingestion: [VEDL.NS] fetching fresh data
2026-10-10 09:30:23,713 [INFO] src.ingestion: [COALINDIA.NS] fetching fresh data
2026-10-10 09:30:24,969 [INFO] src.ingestion: [NMDC.NS] fetching fresh data
2026-10-10 09:30:26,386 [INFO] src.ingestion: [SAIL.NS] fetching fresh data
2026-10-10 09:30:27,611 [INFO] src.ingestion: [JINDALSTEL.NS] fetching fresh data
2026-10-10 09:30:28,623 [INFO] src.ingestion: [APLAPOLLO.NS] fetching fresh data
2026-10-10 09:30:29,857 [INFO] src.ingestion: [NATIONALUM.NS] fetching fresh data
2026-10-10 09:30:31,121 [INFO] src.ingestion: [HINDCOPPER.NS] fetching fresh data
2026-10-10 09:30:32,273 [INFO] src.ingestion: [RATNAMANI.NS] fetching fresh data
2026-10-10 09:30:33,436 [INFO] src.ingestion: [HINDZINC.NS] fetching fresh data
2026-10-10 09:30:34,572 [INFO] src.ingestion: [WELCORP.NS] fetching fresh data
2026-10-10 09:30:35,610 [INFO] src.ingestion: [JSL.NS] fetching fresh data
2026-10-10 09:30:36,644 [INFO] src.ingestion: [RELIANCE.NS] fetching fresh data
2026-10-10 09:30:37,759 [INFO] src.ingestion: [ONGC.NS] fetching fresh data
2026-10-10 09:30:38,787 [INFO] src.ingestion: [BPCL.NS] fetching fresh data
2026-10-10 09:30:40,040 [INFO] src.ingestion: [IOC.NS] fetching fresh data
2026-10-10 09:30:41,277 [INFO] src.ingestion: [GAIL.NS] fetching fresh data
2026-10-10 09:30:42,312 [INFO] src.ingestion: [NTPC.NS] fetching fresh data
2026-10-10 09:30:43,362 [INFO] src.ingestion: [POWERGRID.NS] fetching fresh data
2026-10-10 09:30:44,547 [INFO] src.ingestion: [TATAPOWER.NS] fetching fresh data
2026-10-10 09:30:45,672 [INFO] src.ingestion: [ADANIGREEN.NS] fetching fresh data
2026-10-10 09:30:46,834 [INFO] src.ingestion: [ADANIPOWER.NS] fetching fresh data
2026-10-10 09:30:48,023 [INFO] src.ingestion: [TORNTPOWER.NS] fetching fresh data
2026-10-10 09:30:49,185 [INFO] src.ingestion: [LT.NS] fetching fresh data
2026-10-10 09:30:50,335 [INFO] src.ingestion: [SIEMENS.NS] fetching fresh data
2026-10-10 09:30:51,411 [INFO] src.ingestion: [ABB.NS] fetching fresh data
2026-10-10 09:30:52,445 [INFO] src.ingestion: [HAL.NS] fetching fresh data
2026-10-10 09:30:53,603 [INFO] src.ingestion: [BEL.NS] fetching fresh data
2026-10-10 09:30:54,718 [INFO] src.ingestion: [BHEL.NS] fetching fresh data
2026-10-10 09:30:55,798 [INFO] src.ingestion: [CUMMINSIND.NS] fetching fresh data
2026-10-10 09:30:56,828 [INFO] src.ingestion: [THERMAX.NS] fetching fresh data
2026-10-10 09:30:57,823 [INFO] src.ingestion: [POLYCAB.NS] fetching fresh data
2026-10-10 09:30:58,890 [INFO] src.ingestion: [KEI.NS] fetching fresh data
2026-10-10 09:31:00,114 [INFO] src.ingestion: [HAVELLS.NS] fetching fresh data
2026-10-10 09:31:01,283 [INFO] src.ingestion: [CROMPTON.NS] fetching fresh data
2026-10-10 09:31:02,365 [INFO] src.ingestion: [SUPREMEIND.NS] fetching fresh data
2026-10-10 09:31:03,402 [INFO] src.ingestion: [ASTRAL.NS] fetching fresh data
2026-10-10 09:31:04,527 [INFO] src.ingestion: [GRINDWELL.NS] fetching fresh data
2026-10-10 09:31:05,619 [INFO] src.ingestion: [CARBORUNIV.NS] fetching fresh data
2026-10-10 09:31:06,743 [INFO] src.ingestion: [TIMKEN.NS] fetching fresh data
2026-10-10 09:31:07,876 [INFO] src.ingestion: [SKFINDIA.NS] fetching fresh data
2026-10-10 09:31:08,904 [INFO] src.ingestion: [SRF.NS] fetching fresh data
2026-10-10 09:31:09,921 [INFO] src.ingestion: [PIIND.NS] fetching fresh data
2026-10-10 09:31:11,077 [INFO] src.ingestion: [DEEPAKNTR.NS] fetching fresh data
2026-10-10 09:31:12,107 [INFO] src.ingestion: [AARTIIND.NS] fetching fresh data
2026-10-10 09:31:13,265 [INFO] src.ingestion: [NAVINFLUOR.NS] fetching fresh data
2026-10-10 09:31:14,323 [INFO] src.ingestion: [UPL.NS] fetching fresh data
2026-10-10 09:31:15,532 [INFO] src.ingestion: [COROMANDEL.NS] fetching fresh data
2026-10-10 09:31:16,668 [INFO] src.ingestion: [CHAMBLFERT.NS] fetching fresh data
2026-10-10 09:31:17,884 [INFO] src.ingestion: [GNFC.NS] fetching fresh data
2026-10-10 09:31:19,087 [INFO] src.ingestion: [PIDILITIND.NS] fetching fresh data
2026-10-10 09:31:20,163 [INFO] src.ingestion: [TATACHEM.NS] fetching fresh data
2026-10-10 09:31:21,276 [INFO] src.ingestion: [GHCL.NS] fetching fresh data
2026-10-10 09:31:22,435 [INFO] src.ingestion: [TITAN.NS] fetching fresh data
2026-10-10 09:31:23,546 [INFO] src.ingestion: [DMART.NS] fetching fresh data
2026-10-10 09:31:24,733 [INFO] src.ingestion: [TRENT.NS] fetching fresh data
2026-10-10 09:31:25,823 [INFO] src.ingestion: [BATAINDIA.NS] fetching fresh data
2026-10-10 09:31:26,918 [INFO] src.ingestion: [PAGEIND.NS] fetching fresh data
2026-10-10 09:31:28,051 [INFO] src.ingestion: [JUBLFOOD.NS] fetching fresh data
2026-10-10 09:31:29,165 [INFO] src.ingestion: [VOLTAS.NS] fetching fresh data
2026-10-10 09:31:30,357 [INFO] src.ingestion: [DIXON.NS] fetching fresh data
2026-10-10 09:31:31,608 [INFO] src.ingestion: [RELAXO.NS] fetching fresh data
2026-10-10 09:31:32,630 [INFO] src.ingestion: [KAJARIACER.NS] fetching fresh data
2026-10-10 09:31:33,794 [INFO] src.ingestion: [WHIRLPOOL.NS] fetching fresh data
2026-10-10 09:31:34,937 [INFO] src.ingestion: [BLUESTARCO.NS] fetching fresh data
2026-10-10 09:31:36,027 [INFO] src.ingestion: [PGHH.NS] fetching fresh data
2026-10-10 09:31:37,102 [INFO] src.ingestion: [GILLETTE.NS] fetching fresh data
2026-10-10 09:31:38,164 [INFO] src.ingestion: [BHARTIARTL.NS] fetching fresh data
2026-10-10 09:31:39,165 [INFO] src.ingestion: [IDEA.NS] fetching fresh data
2026-10-10 09:31:40,308 [INFO] src.ingestion: [INDUSTOWER.NS] fetching fresh data
2026-10-10 09:31:41,446 [INFO] src.ingestion: [PVRINOX.NS] fetching fresh data
2026-10-10 09:31:42,578 [INFO] src.ingestion: [ZEEL.NS] fetching fresh data
2026-10-10 09:31:43,765 [INFO] src.ingestion: [ADANIPORTS.NS] fetching fresh data
2026-10-10 09:31:44,890 [INFO] src.ingestion: [ADANIENT.NS] fetching fresh data
2026-10-10 09:31:46,165 [INFO] src.ingestion: [GMRAIRPORT.NS] fetching fresh data
2026-10-10 09:31:47,286 [INFO] src.ingestion: [CONCOR.NS] fetching fresh data
2026-10-10 09:31:48,383 [INFO] src.ingestion: [IRCTC.NS] fetching fresh data
2026-10-10 09:31:49,496 [INFO] src.ingestion: [INDIGO.NS] fetching fresh data
2026-10-10 09:31:50,712 [INFO] src.ingestion: [RVNL.NS] fetching fresh data
2026-10-10 09:31:51,718 [INFO] src.ingestion: [IRCON.NS] fetching fresh data
2026-10-10 09:31:52,884 [INFO] src.ingestion: [NBCC.NS] fetching fresh data
2026-10-10 09:31:53,928 [INFO] src.ingestion: [NCC.NS] fetching fresh data
2026-10-10 09:31:54,996 [INFO] src.ingestion: [MAZDOCK.NS] fetching fresh data
2026-10-10 09:31:56,115 [INFO] src.ingestion: [COCHINSHIP.NS] fetching fresh data
2026-10-10 09:31:57,360 [INFO] src.ingestion: [DLF.NS] fetching fresh data
2026-10-10 09:31:58,438 [INFO] src.ingestion: [GODREJPROP.NS] fetching fresh data
2026-10-10 09:31:59,481 [INFO] src.ingestion: [OBEROIRLTY.NS] fetching fresh data
2026-10-10 09:32:00,651 [INFO] src.ingestion: [PRESTIGE.NS] fetching fresh data
2026-10-10 09:32:01,946 [INFO] src.ingestion: [PHOENIXLTD.NS] fetching fresh data
2026-10-10 09:32:03,180 [INFO] src.ingestion: [SOBHA.NS] fetching fresh data
2026-10-10 09:32:04,326 [INFO] src.ingestion: Fetched 200/201 tickers successfully
2026-10-10 09:32:04,326 [WARNING] src.ingestion: Failed tickers (excluded from downstream, not silently zeroed): ['LTIM.NS']
2026-10-10 09:32:04,326 [INFO] __main__: Ingestion validation passed: 200/201 tickers (100%)
2026-10-10 09:32:04,326 [INFO] __main__: === Stage 2/8: Cleaning ===
2026-10-10 09:32:04,329 [WARNING] src.cleaning: [ASHOKLEY.NS] EXCLUDED: missing critical fields: ['market_cap']
2026-10-10 09:32:04,329 [WARNING] src.cleaning: [BOSCHLTD.NS] EXCLUDED: missing critical fields: ['market_cap']
2026-10-10 09:32:04,330 [WARNING] src.cleaning: [IOC.NS] EXCLUDED: missing critical fields: ['market_cap']
2026-10-10 09:32:04,330 [WARNING] src.cleaning: [JUBLFOOD.NS] EXCLUDED: missing critical fields: ['market_cap']
2026-10-10 09:32:04,330 [WARNING] src.cleaning: [LTIM.NS] EXCLUDED: ingestion failed: yfinance returned an empty info payload for LTIM.NS (no exception, but no usable data — likely a transient Yahoo-side issue or an invalid/delisted symbol)
2026-10-10 09:32:04,330 [WARNING] src.cleaning: [RECLTD.NS] EXCLUDED: missing critical fields: ['market_cap']
2026-10-10 09:32:04,330 [WARNING] src.cleaning: [RELIANCE.NS] EXCLUDED: missing critical fields: ['market_cap']
2026-10-10 09:32:04,330 [WARNING] src.cleaning: [TCS.NS] EXCLUDED: missing critical fields: ['market_cap']
2026-10-10 09:32:04,330 [WARNING] src.cleaning: [TVSMOTOR.NS] EXCLUDED: missing critical fields: ['market_cap']
2026-10-10 09:32:04,330 [INFO] src.cleaning: [AARTIIND.NS] non-critical missing fields: ['return_on_equity']
2026-10-10 09:32:04,330 [INFO] src.cleaning: [ABBOTINDIA.NS] non-critical missing fields: ['return_on_equity']
2026-10-10 09:32:04,330 [INFO] src.cleaning: [ACC.NS] non-critical missing fields: ['return_on_equity']
2026-10-10 09:32:04,330 [INFO] src.cleaning: [ADANIENT.NS] non-critical missing fields: ['return_on_equity']
2026-10-10 09:32:04,330 [INFO] src.cleaning: [ADANIGREEN.NS] non-critical missing fields: ['return_on_equity']
2026-10-10 09:32:04,330 [INFO] src.cleaning: [ADANIPORTS.NS] non-critical missing fields: ['return_on_equity']
2026-10-10 09:32:04,330 [INFO] src.cleaning: [ADANIPOWER.NS] non-critical missing fields: ['return_on_equity']
2026-10-10 09:32:04,330 [INFO] src.cleaning: [ALKEM.NS] non-critical missing fields: ['return_on_equity']
2026-10-10 09:32:04,330 [INFO] src.cleaning: [AMBUJACEM.NS] non-critical missing fields: ['return_on_equity']
2026-10-10 09:32:04,330 [INFO] src.cleaning: [APLAPOLLO.NS] non-critical missing fields: ['return_on_equity']
2026-10-10 09:32:04,330 [INFO] src.cleaning: [APOLLOHOSP.NS] non-critical missing fields: ['return_on_equity']
2026-10-10 09:32:04,330 [INFO] src.cleaning: [ARE&M.NS] non-critical missing fields: ['return_on_equity']
2026-10-10 09:32:04,330 [INFO] src.cleaning: [ASTRAL.NS] non-critical missing fields: ['return_on_equity']
2026-10-10 09:32:04,330 [INFO] src.cleaning: [AUBANK.NS] non-critical missing fields: ['ev_to_ebitda', 'return_on_equity', 'debt_to_equity']
2026-10-10 09:32:04,330 [INFO] src.cleaning: [AUROPHARMA.NS] non-critical missing fields: ['return_on_equity']
2026-10-10 09:32:04,330 [INFO] src.cleaning: [AXISBANK.NS] non-critical missing fields: ['ev_to_ebitda', 'debt_to_equity']
2026-10-10 09:32:04,330 [INFO] src.cleaning: [BAJAJ-AUTO.NS] non-critical missing fields: ['return_on_equity']
2026-10-10 09:32:04,330 [INFO] src.cleaning: [BAJAJFINSV.NS] non-critical missing fields: ['return_on_equity']
2026-10-10 09:32:04,330 [WARNING] src.cleaning: [BAJAJHLDNG.NS] outlier values flagged: ['net_margin']
2026-10-10 09:32:04,330 [INFO] src.cleaning: [BAJFINANCE.NS] non-critical missing fields: ['ev_to_ebitda', 'return_on_equity']
2026-10-10 09:32:04,330 [INFO] src.cleaning: [BANDHANBNK.NS] non-critical missing fields: ['ev_to_ebitda', 'return_on_equity', 'debt_to_equity']
2026-10-10 09:32:04,330 [INFO] src.cleaning: [BANKBARODA.NS] non-critical missing fields: ['ev_to_ebitda', 'debt_to_equity']
2026-10-10 09:32:04,330 [INFO] src.cleaning: [BANKINDIA.NS] non-critical missing fields: ['ev_to_ebitda', 'debt_to_equity']
2026-10-10 09:32:04,330 [INFO] src.cleaning: [BATAINDIA.NS] non-critical missing fields: ['return_on_equity']
2026-10-10 09:32:04,330 [INFO] src.cleaning: [BEL.NS] non-critical missing fields: ['return_on_equity']
2026-10-10 09:32:04,330 [INFO] src.cleaning: [BHARATFORG.NS] non-critical missing fields: ['return_on_equity']
2026-10-10 09:32:04,330 [INFO] src.cleaning: [BHEL.NS] non-critical missing fields: ['return_on_equity']
2026-10-10 09:32:04,330 [INFO] src.cleaning: [BIOCON.NS] non-critical missing fields: ['return_on_equity']
2026-10-10 09:32:04,330 [INFO] src.cleaning: [BLUESTARCO.NS] non-critical missing fields: ['return_on_equity']
2026-10-10 09:32:04,330 [INFO] src.cleaning: [BPCL.NS] non-critical missing fields: ['return_on_equity']
2026-10-10 09:32:04,331 [INFO] src.cleaning: [BRITANNIA.NS] non-critical missing fields: ['return_on_equity']
2026-10-10 09:32:04,331 [INFO] src.cleaning: [CANBK.NS] non-critical missing fields: ['ev_to_ebitda', 'return_on_equity', 'debt_to_equity']
2026-10-10 09:32:04,331 [INFO] src.cleaning: [CARBORUNIV.NS] non-critical missing fields: ['return_on_equity']
2026-10-10 09:32:04,331 [INFO] src.cleaning: [CENTRALBK.NS] non-critical missing fields: ['ev_to_ebitda', 'debt_to_equity']
2026-10-10 09:32:04,331 [INFO] src.cleaning: [CHAMBLFERT.NS] non-critical missing fields: ['return_on_equity']
2026-10-10 09:32:04,331 [INFO] src.cleaning: [CHOLAFIN.NS] non-critical missing fields: ['ev_to_ebitda', 'return_on_equity']
2026-10-10 09:32:04,331 [INFO] src.cleaning: [CIPLA.NS] non-critical missing fields: ['return_on_equity']
2026-10-10 09:32:04,331 [INFO] src.cleaning: [COALINDIA.NS] non-critical missing fields: ['return_on_equity']
2026-10-10 09:32:04,331 [INFO] src.cleaning: [COCHINSHIP.NS] non-critical missing fields: ['return_on_equity']
2026-10-10 09:32:04,331 [INFO] src.cleaning: [COFORGE.NS] non-critical missing fields: ['return_on_equity']
2026-10-10 09:32:04,331 [INFO] src.cleaning: [COLPAL.NS] non-critical missing fields: ['return_on_equity']
2026-10-10 09:32:04,331 [INFO] src.cleaning: [CONCOR.NS] non-critical missing fields: ['return_on_equity']
2026-10-10 09:32:04,331 [INFO] src.cleaning: [COROMANDEL.NS] non-critical missing fields: ['return_on_equity']
2026-10-10 09:32:04,331 [INFO] src.cleaning: [CROMPTON.NS] non-critical missing fields: ['trailing_pe', 'return_on_equity']
2026-10-10 09:32:04,331 [INFO] src.cleaning: [CUMMINSIND.NS] non-critical missing fields: ['return_on_equity']
2026-10-10 09:32:04,331 [INFO] src.cleaning: [CYIENT.NS] non-critical missing fields: ['return_on_equity']
2026-10-10 09:32:04,331 [INFO] src.cleaning: [DABUR.NS] non-critical missing fields: ['return_on_equity']
2026-10-10 09:32:04,331 [INFO] src.cleaning: [DALBHARAT.NS] non-critical missing fields: ['return_on_equity']
2026-10-10 09:32:04,331 [INFO] src.cleaning: [DEEPAKNTR.NS] non-critical missing fields: ['return_on_equity']
2026-10-10 09:32:04,331 [INFO] src.cleaning: [DIVISLAB.NS] non-critical missing fields: ['return_on_equity']
2026-10-10 09:32:04,331 [INFO] src.cleaning: [DIXON.NS] non-critical missing fields: ['return_on_equity']
2026-10-10 09:32:04,331 [INFO] src.cleaning: [DMART.NS] non-critical missing fields: ['return_on_equity']
2026-10-10 09:32:04,331 [INFO] src.cleaning: [EICHERMOT.NS] non-critical missing fields: ['return_on_equity']
2026-10-10 09:32:04,331 [INFO] src.cleaning: [EMAMILTD.NS] non-critical missing fields: ['return_on_equity']
2026-10-10 09:32:04,331 [INFO] src.cleaning: [ENDURANCE.NS] non-critical missing fields: ['return_on_equity']
2026-10-10 09:32:04,331 [INFO] src.cleaning: [EXIDEIND.NS] non-critical missing fields: ['return_on_equity']
2026-10-10 09:32:04,331 [INFO] src.cleaning: [FEDERALBNK.NS] non-critical missing fields: ['ev_to_ebitda', 'return_on_equity', 'debt_to_equity']
2026-10-10 09:32:04,331 [INFO] src.cleaning: [FORTIS.NS] non-critical missing fields: ['return_on_equity']
2026-10-10 09:32:04,331 [INFO] src.cleaning: [GAIL.NS] non-critical missing fields: ['return_on_equity']
2026-10-10 09:32:04,331 [INFO] src.cleaning: [GHCL.NS] non-critical missing fields: ['return_on_equity']
2026-10-10 09:32:04,331 [INFO] src.cleaning: [GICRE.NS] non-critical missing fields: ['ev_to_ebitda', 'debt_to_equity']
2026-10-10 09:32:04,331 [INFO] src.cleaning: [GILLETTE.NS] non-critical missing fields: ['return_on_equity']
2026-10-10 09:32:04,331 [INFO] src.cleaning: [GLAND.NS] non-critical missing fields: ['return_on_equity']
2026-10-10 09:32:04,331 [INFO] src.cleaning: [GLENMARK.NS] non-critical missing fields: ['return_on_equity']
2026-10-10 09:32:04,331 [WARNING] src.cleaning: [GMRAIRPORT.NS] negative/zero equity — DuPont ROE math will be invalid downstream
2026-10-10 09:32:04,331 [INFO] src.cleaning: [GMRAIRPORT.NS] non-critical missing fields: ['return_on_equity', 'debt_to_equity']
2026-10-10 09:32:04,331 [INFO] src.cleaning: [GNFC.NS] non-critical missing fields: ['return_on_equity']
2026-10-10 09:32:04,331 [INFO] src.cleaning: [GODREJCP.NS] non-critical missing fields: ['return_on_equity']
2026-10-10 09:32:04,331 [INFO] src.cleaning: [GODREJPROP.NS] non-critical missing fields: ['return_on_equity']
2026-10-10 09:32:04,331 [INFO] src.cleaning: [GRINDWELL.NS] non-critical missing fields: ['return_on_equity']
2026-10-10 09:32:04,331 [INFO] src.cleaning: [HAL.NS] non-critical missing fields: ['return_on_equity']
2026-10-10 09:32:04,331 [INFO] src.cleaning: [HAVELLS.NS] non-critical missing fields: ['return_on_equity']
2026-10-10 09:32:04,331 [WARNING] src.cleaning: [HCLTECH.NS] outlier values flagged: ['ev_to_ebitda']
2026-10-10 09:32:04,331 [INFO] src.cleaning: [HDFCBANK.NS] non-critical missing fields: ['ev_to_ebitda', 'debt_to_equity']
2026-10-10 09:32:04,331 [INFO] src.cleaning: [HEIDELBERG.NS] non-critical missing fields: ['return_on_equity']
2026-10-10 09:32:04,331 [INFO] src.cleaning: [HEROMOTOCO.NS] non-critical missing fields: ['return_on_equity']
2026-10-10 09:32:04,331 [INFO] src.cleaning: [HINDALCO.NS] non-critical missing fields: ['return_on_equity']
2026-10-10 09:32:04,331 [INFO] src.cleaning: [HINDCOPPER.NS] non-critical missing fields: ['return_on_equity']
2026-10-10 09:32:04,331 [INFO] src.cleaning: [HINDUNILVR.NS] non-critical missing fields: ['return_on_equity']
2026-10-10 09:32:04,331 [INFO] src.cleaning: [HINDZINC.NS] non-critical missing fields: ['return_on_equity']
2026-10-10 09:32:04,331 [INFO] src.cleaning: [HUDCO.NS] non-critical missing fields: ['ev_to_ebitda', 'return_on_equity']
2026-10-10 09:32:04,331 [INFO] src.cleaning: [ICICIBANK.NS] non-critical missing fields: ['ev_to_ebitda', 'debt_to_equity']
2026-10-10 09:32:04,331 [INFO] src.cleaning: [ICICIGI.NS] non-critical missing fields: ['debt_to_equity']
2026-10-10 09:32:04,331 [WARNING] src.cleaning: [IDEA.NS] negative/zero equity — DuPont ROE math will be invalid downstream
2026-10-10 09:32:04,331 [INFO] src.cleaning: [IDEA.NS] non-critical missing fields: ['return_on_equity', 'debt_to_equity']
2026-10-10 09:32:04,331 [INFO] src.cleaning: [IDFCFIRSTB.NS] non-critical missing fields: ['ev_to_ebitda', 'debt_to_equity']
2026-10-10 09:32:04,331 [WARNING] src.cleaning: [INDIGO.NS] outlier values flagged: ['debt_to_equity']
2026-10-10 09:32:04,331 [INFO] src.cleaning: [INDIGO.NS] non-critical missing fields: ['trailing_pe', 'return_on_equity']
2026-10-10 09:32:04,331 [INFO] src.cleaning: [INDUSINDBK.NS] non-critical missing fields: ['ev_to_ebitda', 'return_on_equity', 'debt_to_equity']
2026-10-10 09:32:04,331 [WARNING] src.cleaning: [INFY.NS] outlier values flagged: ['ev_to_ebitda']
2026-10-10 09:32:04,331 [INFO] src.cleaning: [IOB.NS] non-critical missing fields: ['ev_to_ebitda', 'debt_to_equity']
2026-10-10 09:32:04,331 [INFO] src.cleaning: [IPCALAB.NS] non-critical missing fields: ['return_on_equity']
2026-10-10 09:32:04,331 [INFO] src.cleaning: [IRCON.NS] non-critical missing fields: ['return_on_equity']
2026-10-10 09:32:04,331 [INFO] src.cleaning: [IRCTC.NS] non-critical missing fields: ['return_on_equity']
2026-10-10 09:32:04,331 [INFO] src.cleaning: [IRFC.NS] non-critical missing fields: ['ev_to_ebitda', 'return_on_equity']
2026-10-10 09:32:04,331 [INFO] src.cleaning: [ITC.NS] non-critical missing fields: ['return_on_equity']
2026-10-10 09:32:04,331 [INFO] src.cleaning: [JINDALSTEL.NS] non-critical missing fields: ['return_on_equity']
2026-10-10 09:32:04,331 [INFO] src.cleaning: [JKCEMENT.NS] non-critical missing fields: ['return_on_equity']
2026-10-10 09:32:04,331 [INFO] src.cleaning: [JSL.NS] non-critical missing fields: ['return_on_equity']
2026-10-10 09:32:04,331 [INFO] src.cleaning: [JSWSTEEL.NS] non-critical missing fields: ['return_on_equity']
2026-10-10 09:32:04,331 [INFO] src.cleaning: [KAJARIACER.NS] non-critical missing fields: ['return_on_equity']
2026-10-10 09:32:04,331 [INFO] src.cleaning: [KEI.NS] non-critical missing fields: ['return_on_equity']
2026-10-10 09:32:04,331 [INFO] src.cleaning: [KOTAKBANK.NS] non-critical missing fields: ['ev_to_ebitda', 'return_on_equity', 'debt_to_equity']
2026-10-10 09:32:04,331 [INFO] src.cleaning: [KPITTECH.NS] non-critical missing fields: ['return_on_equity']
2026-10-10 09:32:04,331 [INFO] src.cleaning: [LALPATHLAB.NS] non-critical missing fields: ['return_on_equity']
2026-10-10 09:32:04,331 [INFO] src.cleaning: [LAURUSLABS.NS] non-critical missing fields: ['return_on_equity']
2026-10-10 09:32:04,331 [INFO] src.cleaning: [LICHSGFIN.NS] non-critical missing fields: ['ev_to_ebitda', 'return_on_equity']
2026-10-10 09:32:04,331 [INFO] src.cleaning: [LICI.NS] non-critical missing fields: ['return_on_equity']
2026-10-10 09:32:04,331 [INFO] src.cleaning: [LTTS.NS] non-critical missing fields: ['return_on_equity']
2026-10-10 09:32:04,331 [INFO] src.cleaning: [LT.NS] non-critical missing fields: ['return_on_equity']
2026-10-10 09:32:04,331 [INFO] src.cleaning: [LUPIN.NS] non-critical missing fields: ['return_on_equity']
2026-10-10 09:32:04,331 [INFO] src.cleaning: [M&M.NS] non-critical missing fields: ['return_on_equity']
2026-10-10 09:32:04,331 [INFO] src.cleaning: [MANAPPURAM.NS] non-critical missing fields: ['ev_to_ebitda', 'return_on_equity']
2026-10-10 09:32:04,331 [INFO] src.cleaning: [MARICO.NS] non-critical missing fields: ['return_on_equity']
2026-10-10 09:32:04,331 [INFO] src.cleaning: [MARUTI.NS] non-critical missing fields: ['return_on_equity']
2026-10-10 09:32:04,332 [INFO] src.cleaning: [MAZDOCK.NS] non-critical missing fields: ['return_on_equity']
2026-10-10 09:32:04,333 [INFO] src.cleaning: [METROPOLIS.NS] non-critical missing fields: ['return_on_equity']
2026-10-10 09:32:04,333 [INFO] src.cleaning: [MOTHERSON.NS] non-critical missing fields: ['return_on_equity']
2026-10-10 09:32:04,333 [INFO] src.cleaning: [MRF.NS] non-critical missing fields: ['return_on_equity']
2026-10-10 09:32:04,333 [INFO] src.cleaning: [MUTHOOTFIN.NS] non-critical missing fields: ['ev_to_ebitda']
2026-10-10 09:32:04,333 [INFO] src.cleaning: [NATIONALUM.NS] non-critical missing fields: ['return_on_equity']
2026-10-10 09:32:04,333 [INFO] src.cleaning: [NAVINFLUOR.NS] non-critical missing fields: ['return_on_equity']
2026-10-10 09:32:04,333 [INFO] src.cleaning: [NBCC.NS] non-critical missing fields: ['return_on_equity']
2026-10-10 09:32:04,333 [INFO] src.cleaning: [NCC.NS] non-critical missing fields: ['return_on_equity']
2026-10-10 09:32:04,333 [INFO] src.cleaning: [NESTLEIND.NS] non-critical missing fields: ['return_on_equity']
2026-10-10 09:32:04,333 [INFO] src.cleaning: [NMDC.NS] non-critical missing fields: ['return_on_equity']
2026-10-10 09:32:04,333 [INFO] src.cleaning: [NTPC.NS] non-critical missing fields: ['return_on_equity']
2026-10-10 09:32:04,333 [INFO] src.cleaning: [OBEROIRLTY.NS] non-critical missing fields: ['return_on_equity']
2026-10-10 09:32:04,333 [INFO] src.cleaning: [ONGC.NS] non-critical missing fields: ['return_on_equity']
2026-10-10 09:32:04,333 [INFO] src.cleaning: [PAGEIND.NS] non-critical missing fields: ['return_on_equity']
2026-10-10 09:32:04,333 [INFO] src.cleaning: [PFC.NS] non-critical missing fields: ['ev_to_ebitda', 'return_on_equity']
2026-10-10 09:32:04,333 [INFO] src.cleaning: [PGHH.NS] non-critical missing fields: ['return_on_equity']
2026-10-10 09:32:04,333 [INFO] src.cleaning: [PHOENIXLTD.NS] non-critical missing fields: ['return_on_equity']
2026-10-10 09:32:04,333 [INFO] src.cleaning: [PIDILITIND.NS] non-critical missing fields: ['return_on_equity']
2026-10-10 09:32:04,333 [INFO] src.cleaning: [PIIND.NS] non-critical missing fields: ['return_on_equity']
2026-10-10 09:32:04,333 [INFO] src.cleaning: [PNB.NS] non-critical missing fields: ['ev_to_ebitda', 'debt_to_equity']
2026-10-10 09:32:04,333 [INFO] src.cleaning: [POONAWALLA.NS] non-critical missing fields: ['ev_to_ebitda', 'return_on_equity']
2026-10-10 09:32:04,333 [INFO] src.cleaning: [POWERGRID.NS] non-critical missing fields: ['return_on_equity']
2026-10-10 09:32:04,333 [INFO] src.cleaning: [PVRINOX.NS] non-critical missing fields: ['return_on_equity']
2026-10-10 09:32:04,333 [INFO] src.cleaning: [RAMCOCEM.NS] non-critical missing fields: ['return_on_equity']
2026-10-10 09:32:04,333 [INFO] src.cleaning: [RATNAMANI.NS] non-critical missing fields: ['return_on_equity']
2026-10-10 09:32:04,333 [INFO] src.cleaning: [RBLBANK.NS] non-critical missing fields: ['ev_to_ebitda', 'return_on_equity', 'debt_to_equity']
2026-10-10 09:32:04,333 [INFO] src.cleaning: [RELAXO.NS] non-critical missing fields: ['return_on_equity']
2026-10-10 09:32:04,333 [INFO] src.cleaning: [RVNL.NS] non-critical missing fields: ['return_on_equity']
2026-10-10 09:32:04,333 [INFO] src.cleaning: [SAIL.NS] non-critical missing fields: ['return_on_equity']
2026-10-10 09:32:04,333 [INFO] src.cleaning: [SBICARD.NS] non-critical missing fields: ['ev_to_ebitda', 'return_on_equity']
2026-10-10 09:32:04,333 [INFO] src.cleaning: [SBILIFE.NS] non-critical missing fields: ['debt_to_equity']
2026-10-10 09:32:04,333 [INFO] src.cleaning: [SBIN.NS] non-critical missing fields: ['ev_to_ebitda', 'debt_to_equity']
2026-10-10 09:32:04,333 [INFO] src.cleaning: [SHREECEM.NS] non-critical missing fields: ['return_on_equity']
2026-10-10 09:32:04,333 [INFO] src.cleaning: [SHRIRAMFIN.NS] non-critical missing fields: ['ev_to_ebitda']
2026-10-10 09:32:04,333 [INFO] src.cleaning: [SIEMENS.NS] non-critical missing fields: ['return_on_equity']
2026-10-10 09:32:04,333 [INFO] src.cleaning: [SKFINDIA.NS] non-critical missing fields: ['return_on_equity']
2026-10-10 09:32:04,333 [INFO] src.cleaning: [SOBHA.NS] non-critical missing fields: ['return_on_equity']
2026-10-10 09:32:04,333 [INFO] src.cleaning: [SRF.NS] non-critical missing fields: ['return_on_equity']
2026-10-10 09:32:04,333 [INFO] src.cleaning: [SUNDRMFAST.NS] non-critical missing fields: ['return_on_equity']
2026-10-10 09:32:04,333 [INFO] src.cleaning: [SUNPHARMA.NS] non-critical missing fields: ['return_on_equity']
2026-10-10 09:32:04,333 [INFO] src.cleaning: [SUPREMEIND.NS] non-critical missing fields: ['return_on_equity']
2026-10-10 09:32:04,333 [INFO] src.cleaning: [TATACHEM.NS] non-critical missing fields: ['trailing_pe', 'return_on_equity']
2026-10-10 09:32:04,333 [INFO] src.cleaning: [TATACONSUM.NS] non-critical missing fields: ['return_on_equity']
2026-10-10 09:32:04,333 [INFO] src.cleaning: [TATAELXSI.NS] non-critical missing fields: ['return_on_equity']
2026-10-10 09:32:04,333 [INFO] src.cleaning: [TATAPOWER.NS] non-critical missing fields: ['return_on_equity']
2026-10-10 09:32:04,333 [INFO] src.cleaning: [TATASTEEL.NS] non-critical missing fields: ['return_on_equity']
2026-10-10 09:32:04,333 [INFO] src.cleaning: [TECHM.NS] non-critical missing fields: ['return_on_equity']
2026-10-10 09:32:04,333 [INFO] src.cleaning: [THERMAX.NS] non-critical missing fields: ['return_on_equity']
2026-10-10 09:32:04,333 [INFO] src.cleaning: [TIMKEN.NS] non-critical missing fields: ['return_on_equity']
2026-10-10 09:32:04,333 [INFO] src.cleaning: [TITAN.NS] non-critical missing fields: ['return_on_equity']
2026-10-10 09:32:04,333 [INFO] src.cleaning: [TMCV.NS] non-critical missing fields: ['return_on_equity']
2026-10-10 09:32:04,333 [INFO] src.cleaning: [TMPV.NS] non-critical missing fields: ['trailing_pe', 'return_on_equity']
2026-10-10 09:32:04,333 [INFO] src.cleaning: [TORNTPHARM.NS] non-critical missing fields: ['return_on_equity']
2026-10-10 09:32:04,333 [INFO] src.cleaning: [TORNTPOWER.NS] non-critical missing fields: ['return_on_equity']
2026-10-10 09:32:04,333 [INFO] src.cleaning: [TRENT.NS] non-critical missing fields: ['return_on_equity']
2026-10-10 09:32:04,333 [INFO] src.cleaning: [UCOBANK.NS] non-critical missing fields: ['ev_to_ebitda', 'debt_to_equity']
2026-10-10 09:32:04,333 [INFO] src.cleaning: [ULTRACEMCO.NS] non-critical missing fields: ['return_on_equity']
2026-10-10 09:32:04,334 [INFO] src.cleaning: [UNIONBANK.NS] non-critical missing fields: ['ev_to_ebitda', 'debt_to_equity']
2026-10-10 09:32:04,334 [INFO] src.cleaning: [UNITDSPR.NS] non-critical missing fields: ['return_on_equity']
2026-10-10 09:32:04,334 [INFO] src.cleaning: [UNOMINDA.NS] non-critical missing fields: ['return_on_equity']
2026-10-10 09:32:04,334 [INFO] src.cleaning: [UPL.NS] non-critical missing fields: ['return_on_equity']
2026-10-10 09:32:04,334 [INFO] src.cleaning: [VEDL.NS] non-critical missing fields: ['return_on_equity']
2026-10-10 09:32:04,334 [INFO] src.cleaning: [VOLTAS.NS] non-critical missing fields: ['return_on_equity']
2026-10-10 09:32:04,334 [INFO] src.cleaning: [WELCORP.NS] non-critical missing fields: ['return_on_equity']
2026-10-10 09:32:04,334 [INFO] src.cleaning: [WHIRLPOOL.NS] non-critical missing fields: ['return_on_equity']
2026-10-10 09:32:04,334 [INFO] src.cleaning: [ZEEL.NS] non-critical missing fields: ['return_on_equity']
2026-10-10 09:32:04,339 [INFO] src.cleaning: Cleaned 192/201 tickers -> data/processed/cleaned_universe.csv
2026-10-10 09:32:04,339 [INFO] src.cleaning: Full flag audit trail -> data/processed/cleaning_flags.csv
2026-10-10 09:32:04,339 [INFO] __main__: Cleaning validation passed: 192/201 tickers retained (96%)
2026-10-10 09:32:04,339 [INFO] __main__: === Stage 3/8: Scoring ===
2026-10-10 09:32:04,369 [INFO] src.scoring: Scored 192 companies -> data/processed/scored_universe.csv
2026-10-10 09:32:04,369 [INFO] src.scoring: Top 10 shortlist -> data/processed/shortlist_top_n.csv
2026-10-10 09:32:04,369 [WARNING] src.scoring: 24 companies scored on fewer than all 4 buckets (reweighted, not zero-filled) — see 'buckets_used' column: ['IOB.NS', 'BANKINDIA.NS', 'UNIONBANK.NS', 'CANBK.NS', 'IDEA.NS', 'ICICIGI.NS', 'PNB.NS', 'GICRE.NS', 'FEDERALBNK.NS', 'CENTRALBK.NS', 'BANKBARODA.NS', 'UCOBANK.NS', 'AXISBANK.NS', 'ICICIBANK.NS', 'SBIN.NS', 'KOTAKBANK.NS', 'HDFCBANK.NS', 'SBILIFE.NS', 'AUBANK.NS', 'BANDHANBNK.NS', 'GMRAIRPORT.NS', 'IDFCFIRSTB.NS', 'RBLBANK.NS', 'INDUSINDBK.NS']
2026-10-10 09:32:04,370 [INFO] __main__: Scoring validation passed: 192 companies ranked, all scores in valid range
2026-10-10 09:32:04,370 [INFO] __main__: === Stage 4/8: Comps + DuPont ===
2026-10-10 09:32:04,376 [INFO] src.comps_dupont: Comps + DuPont report for top 10 -> data/processed/comps_dupont_report.csv
2026-10-10 09:32:04,376 [WARNING] src.comps_dupont: 1 companies have a DuPont-implied ROE that diverges >5pp from reported ROE (possible data inconsistency, worth a manual check): ['IOB.NS']
2026-10-10 09:32:04,376 [INFO] __main__: === Stage 5/8: Explainability ===
2026-10-10 09:32:04,393 [INFO] src.explainability: Explanations for top 10 companies -> data/processed/explanations.csv
2026-10-10 09:32:04,393 [INFO] __main__: === Stage 6/8: Baseline Comparison ===
2026-10-10 09:32:04,397 [INFO] src.baseline_comparison: Baseline comparison -> data/processed/baseline_comparison.csv
2026-10-10 09:32:04,397 [INFO] __main__: === Stage 7/8: Acquisition Likelihood ===
2026-10-10 09:32:04,398 [INFO] src.acquisition_likelihood: 2 companies excluded from acquisition-likelihood scoring (negative/zero equity — financial distress, not a value-target thesis): ['IDEA.NS', 'GMRAIRPORT.NS']
2026-10-10 09:32:04,403 [INFO] src.acquisition_likelihood: Acquisition likelihood scoring -> data/processed/acquisition_likelihood.csv
2026-10-10 09:32:04,404 [INFO] __main__: === Stage 8/8: Historical Snapshot ===
2026-10-10 09:32:04,407 [INFO] src.history_tracker: Recorded shortlist snapshot for 2026-10-10 (10 companies) -> data/history/shortlist_history.csv (5 distinct days tracked so far)
2026-10-10 09:32:04,410 [INFO] src.history_tracker: Recorded acquisition-likelihood snapshot for 2026-10-10 (10 companies) -> data/history/acquisition_likelihood_history.csv (5 distinct days tracked so far)
2026-10-10 09:32:04,411 [INFO] __main__: === Pipeline completed successfully ===
2026-10-10 09:32:04,411 [INFO] __main__:   ingestion: {'total': 201, 'ok': 200}
2026-10-10 09:32:04,411 [INFO] __main__:   cleaning: {'retained': 192, 'input': 201}
2026-10-10 09:32:04,411 [INFO] __main__:   scoring: {'ranked': 192}
2026-10-10 09:32:04,411 [INFO] __main__:   comps_dupont: {'companies': 10}
2026-10-10 09:32:04,411 [INFO] __main__:   explainability: {'companies': 10}
2026-10-10 09:32:04,411 [INFO] __main__:   baseline_comparison: {'correlation': np.float64(0.47808414990181713), 'overlap_pct': 0.0}
2026-10-10 09:32:04,411 [INFO] __main__:   acquisition_likelihood: {'companies': 10}
2026-10-10 09:32:04,411 [INFO] __main__:   history_tracker: {'recorded': True}
