2026-09-10 07:53:40,601 [INFO] __main__: Logging to file: logs/pipeline_run_2026-09-10T07-53-40Z.log
2026-09-10 07:53:40,602 [INFO] __main__: === Stage 1/8: Ingestion ===
2026-09-10 07:53:40,635 [INFO] src.ingestion: [ACC.NS] fetching fresh data
2026-09-10 07:53:41,900 [INFO] src.ingestion: [AMBUJACEM.NS] fetching fresh data
2026-09-10 07:53:42,710 [INFO] src.ingestion: [ULTRACEMCO.NS] fetching fresh data
2026-09-10 07:53:43,698 [INFO] src.ingestion: [SHREECEM.NS] fetching fresh data
2026-09-10 07:53:44,546 [INFO] src.ingestion: [JKCEMENT.NS] fetching fresh data
2026-09-10 07:53:45,467 [INFO] src.ingestion: [RAMCOCEM.NS] fetching fresh data
2026-09-10 07:53:46,466 [INFO] src.ingestion: [HEIDELBERG.NS] fetching fresh data
2026-09-10 07:53:47,387 [INFO] src.ingestion: [DALBHARAT.NS] fetching fresh data
2026-09-10 07:53:48,300 [INFO] src.ingestion: [INFY.NS] fetching fresh data
2026-09-10 07:53:49,156 [INFO] src.ingestion: [TCS.NS] fetching fresh data
2026-09-10 07:53:50,031 [INFO] src.ingestion: [WIPRO.NS] fetching fresh data
2026-09-10 07:53:50,965 [INFO] src.ingestion: [HCLTECH.NS] fetching fresh data
2026-09-10 07:53:51,808 [INFO] src.ingestion: [TECHM.NS] fetching fresh data
2026-09-10 07:53:52,704 [INFO] src.ingestion: [LTIM.NS] fetching fresh data
2026-09-10 07:53:52,858 [ERROR] yfinance: HTTP Error 404: {"quoteSummary":{"result":null,"error":{"code":"Not Found","description":"Quote not found for symbol: LTIM.NS"}}}
2026-09-10 07:53:52,947 [WARNING] src.ingestion: [LTIM.NS] attempt 1 failed: yfinance returned an empty info payload for LTIM.NS (no exception, but no usable data — likely a transient Yahoo-side issue or an invalid/delisted symbol)
2026-09-10 07:53:55,094 [ERROR] yfinance: HTTP Error 404: {"quoteSummary":{"result":null,"error":{"code":"Not Found","description":"Quote not found for symbol: LTIM.NS"}}}
2026-09-10 07:53:55,136 [WARNING] src.ingestion: [LTIM.NS] attempt 2 failed: yfinance returned an empty info payload for LTIM.NS (no exception, but no usable data — likely a transient Yahoo-side issue or an invalid/delisted symbol)
2026-09-10 07:53:59,290 [ERROR] yfinance: HTTP Error 404: {"quoteSummary":{"result":null,"error":{"code":"Not Found","description":"Quote not found for symbol: LTIM.NS"}}}
2026-09-10 07:53:59,332 [WARNING] src.ingestion: [LTIM.NS] attempt 3 failed: yfinance returned an empty info payload for LTIM.NS (no exception, but no usable data — likely a transient Yahoo-side issue or an invalid/delisted symbol)
2026-09-10 07:53:59,733 [INFO] src.ingestion: [PERSISTENT.NS] fetching fresh data
2026-09-10 07:54:00,604 [INFO] src.ingestion: [COFORGE.NS] fetching fresh data
2026-09-10 07:54:01,476 [INFO] src.ingestion: [MPHASIS.NS] fetching fresh data
2026-09-10 07:54:02,349 [INFO] src.ingestion: [LTTS.NS] fetching fresh data
2026-09-10 07:54:03,177 [INFO] src.ingestion: [TATAELXSI.NS] fetching fresh data
2026-09-10 07:54:04,092 [INFO] src.ingestion: [CYIENT.NS] fetching fresh data
2026-09-10 07:54:04,991 [INFO] src.ingestion: [KPITTECH.NS] fetching fresh data
2026-09-10 07:54:05,860 [INFO] src.ingestion: [HDFCBANK.NS] fetching fresh data
2026-09-10 07:54:06,640 [INFO] src.ingestion: [ICICIBANK.NS] fetching fresh data
2026-09-10 07:54:07,479 [INFO] src.ingestion: [SBIN.NS] fetching fresh data
2026-09-10 07:54:08,338 [INFO] src.ingestion: [AXISBANK.NS] fetching fresh data
2026-09-10 07:54:09,165 [INFO] src.ingestion: [KOTAKBANK.NS] fetching fresh data
2026-09-10 07:54:10,093 [INFO] src.ingestion: [INDUSINDBK.NS] fetching fresh data
2026-09-10 07:54:11,008 [INFO] src.ingestion: [FEDERALBNK.NS] fetching fresh data
2026-09-10 07:54:11,976 [INFO] src.ingestion: [BANDHANBNK.NS] fetching fresh data
2026-09-10 07:54:12,801 [INFO] src.ingestion: [IDFCFIRSTB.NS] fetching fresh data
2026-09-10 07:54:13,733 [INFO] src.ingestion: [PNB.NS] fetching fresh data
2026-09-10 07:54:14,556 [INFO] src.ingestion: [BANKBARODA.NS] fetching fresh data
2026-09-10 07:54:15,360 [INFO] src.ingestion: [CANBK.NS] fetching fresh data
2026-09-10 07:54:16,232 [INFO] src.ingestion: [UNIONBANK.NS] fetching fresh data
2026-09-10 07:54:17,177 [INFO] src.ingestion: [AUBANK.NS] fetching fresh data
2026-09-10 07:54:18,054 [INFO] src.ingestion: [RBLBANK.NS] fetching fresh data
2026-09-10 07:54:18,871 [INFO] src.ingestion: [BANKINDIA.NS] fetching fresh data
2026-09-10 07:54:19,614 [INFO] src.ingestion: [CENTRALBK.NS] fetching fresh data
2026-09-10 07:54:20,445 [INFO] src.ingestion: [IOB.NS] fetching fresh data
2026-09-10 07:54:21,285 [INFO] src.ingestion: [UCOBANK.NS] fetching fresh data
2026-09-10 07:54:22,101 [INFO] src.ingestion: [BAJFINANCE.NS] fetching fresh data
2026-09-10 07:54:22,992 [INFO] src.ingestion: [BAJAJFINSV.NS] fetching fresh data
2026-09-10 07:54:23,938 [INFO] src.ingestion: [CHOLAFIN.NS] fetching fresh data
2026-09-10 07:54:24,761 [INFO] src.ingestion: [MUTHOOTFIN.NS] fetching fresh data
2026-09-10 07:54:25,605 [INFO] src.ingestion: [LICHSGFIN.NS] fetching fresh data
2026-09-10 07:54:26,476 [INFO] src.ingestion: [SHRIRAMFIN.NS] fetching fresh data
2026-09-10 07:54:27,271 [INFO] src.ingestion: [PFC.NS] fetching fresh data
2026-09-10 07:54:28,110 [INFO] src.ingestion: [RECLTD.NS] fetching fresh data
2026-09-10 07:54:28,935 [INFO] src.ingestion: [IRFC.NS] fetching fresh data
2026-09-10 07:54:29,805 [INFO] src.ingestion: [HUDCO.NS] fetching fresh data
2026-09-10 07:54:30,610 [INFO] src.ingestion: [BAJAJHLDNG.NS] fetching fresh data
2026-09-10 07:54:31,374 [INFO] src.ingestion: [SBICARD.NS] fetching fresh data
2026-09-10 07:54:32,203 [INFO] src.ingestion: [MANAPPURAM.NS] fetching fresh data
2026-09-10 07:54:33,099 [INFO] src.ingestion: [POONAWALLA.NS] fetching fresh data
2026-09-10 07:54:34,100 [INFO] src.ingestion: [HDFCLIFE.NS] fetching fresh data
2026-09-10 07:54:34,907 [INFO] src.ingestion: [SBILIFE.NS] fetching fresh data
2026-09-10 07:54:35,820 [INFO] src.ingestion: [ICICIPRULI.NS] fetching fresh data
2026-09-10 07:54:36,689 [INFO] src.ingestion: [ICICIGI.NS] fetching fresh data
2026-09-10 07:54:37,631 [INFO] src.ingestion: [LICI.NS] fetching fresh data
2026-09-10 07:54:38,552 [INFO] src.ingestion: [GICRE.NS] fetching fresh data
2026-09-10 07:54:39,510 [INFO] src.ingestion: [MARUTI.NS] fetching fresh data
2026-09-10 07:54:40,358 [INFO] src.ingestion: [TMPV.NS] fetching fresh data
2026-09-10 07:54:41,335 [INFO] src.ingestion: [TMCV.NS] fetching fresh data
2026-09-10 07:54:42,301 [INFO] src.ingestion: [M&M.NS] fetching fresh data
2026-09-10 07:54:43,298 [INFO] src.ingestion: [EICHERMOT.NS] fetching fresh data
2026-09-10 07:54:44,213 [INFO] src.ingestion: [HEROMOTOCO.NS] fetching fresh data
2026-09-10 07:54:45,050 [INFO] src.ingestion: [BAJAJ-AUTO.NS] fetching fresh data
2026-09-10 07:54:45,967 [INFO] src.ingestion: [TVSMOTOR.NS] fetching fresh data
2026-09-10 07:54:46,843 [INFO] src.ingestion: [ASHOKLEY.NS] fetching fresh data
2026-09-10 07:54:47,779 [INFO] src.ingestion: [BHARATFORG.NS] fetching fresh data
2026-09-10 07:54:48,602 [INFO] src.ingestion: [MOTHERSON.NS] fetching fresh data
2026-09-10 07:54:49,452 [INFO] src.ingestion: [BOSCHLTD.NS] fetching fresh data
2026-09-10 07:54:50,414 [INFO] src.ingestion: [MRF.NS] fetching fresh data
2026-09-10 07:54:51,222 [INFO] src.ingestion: [ENDURANCE.NS] fetching fresh data
2026-09-10 07:54:52,118 [INFO] src.ingestion: [EXIDEIND.NS] fetching fresh data
2026-09-10 07:54:53,049 [INFO] src.ingestion: [ARE&M.NS] fetching fresh data
2026-09-10 07:54:53,989 [INFO] src.ingestion: [SUNDRMFAST.NS] fetching fresh data
2026-09-10 07:54:55,112 [INFO] src.ingestion: [UNOMINDA.NS] fetching fresh data
2026-09-10 07:54:55,981 [INFO] src.ingestion: [SUNPHARMA.NS] fetching fresh data
2026-09-10 07:54:56,817 [INFO] src.ingestion: [DRREDDY.NS] fetching fresh data
2026-09-10 07:54:57,668 [INFO] src.ingestion: [CIPLA.NS] fetching fresh data
2026-09-10 07:54:58,605 [INFO] src.ingestion: [DIVISLAB.NS] fetching fresh data
2026-09-10 07:54:59,506 [INFO] src.ingestion: [LUPIN.NS] fetching fresh data
2026-09-10 07:55:00,364 [INFO] src.ingestion: [AUROPHARMA.NS] fetching fresh data
2026-09-10 07:55:01,204 [INFO] src.ingestion: [BIOCON.NS] fetching fresh data
2026-09-10 07:55:02,162 [INFO] src.ingestion: [TORNTPHARM.NS] fetching fresh data
2026-09-10 07:55:03,097 [INFO] src.ingestion: [ALKEM.NS] fetching fresh data
2026-09-10 07:55:03,997 [INFO] src.ingestion: [ABBOTINDIA.NS] fetching fresh data
2026-09-10 07:55:04,964 [INFO] src.ingestion: [APOLLOHOSP.NS] fetching fresh data
2026-09-10 07:55:05,802 [INFO] src.ingestion: [FORTIS.NS] fetching fresh data
2026-09-10 07:55:06,750 [INFO] src.ingestion: [LALPATHLAB.NS] fetching fresh data
2026-09-10 07:55:07,593 [INFO] src.ingestion: [METROPOLIS.NS] fetching fresh data
2026-09-10 07:55:08,505 [INFO] src.ingestion: [GLAND.NS] fetching fresh data
2026-09-10 07:55:09,312 [INFO] src.ingestion: [LAURUSLABS.NS] fetching fresh data
2026-09-10 07:55:10,185 [INFO] src.ingestion: [GLENMARK.NS] fetching fresh data
2026-09-10 07:55:11,064 [INFO] src.ingestion: [IPCALAB.NS] fetching fresh data
2026-09-10 07:55:11,969 [INFO] src.ingestion: [HINDUNILVR.NS] fetching fresh data
2026-09-10 07:55:12,811 [INFO] src.ingestion: [ITC.NS] fetching fresh data
2026-09-10 07:55:13,742 [INFO] src.ingestion: [NESTLEIND.NS] fetching fresh data
2026-09-10 07:55:14,691 [INFO] src.ingestion: [BRITANNIA.NS] fetching fresh data
2026-09-10 07:55:15,663 [INFO] src.ingestion: [DABUR.NS] fetching fresh data
2026-09-10 07:55:16,561 [INFO] src.ingestion: [GODREJCP.NS] fetching fresh data
2026-09-10 07:55:17,479 [INFO] src.ingestion: [MARICO.NS] fetching fresh data
2026-09-10 07:55:18,437 [INFO] src.ingestion: [COLPAL.NS] fetching fresh data
2026-09-10 07:55:19,215 [INFO] src.ingestion: [TATACONSUM.NS] fetching fresh data
2026-09-10 07:55:20,192 [INFO] src.ingestion: [VBL.NS] fetching fresh data
2026-09-10 07:55:21,103 [INFO] src.ingestion: [UNITDSPR.NS] fetching fresh data
2026-09-10 07:55:21,968 [INFO] src.ingestion: [EMAMILTD.NS] fetching fresh data
2026-09-10 07:55:22,875 [INFO] src.ingestion: [TATASTEEL.NS] fetching fresh data
2026-09-10 07:55:23,785 [INFO] src.ingestion: [JSWSTEEL.NS] fetching fresh data
2026-09-10 07:55:24,703 [INFO] src.ingestion: [HINDALCO.NS] fetching fresh data
2026-09-10 07:55:25,554 [INFO] src.ingestion: [VEDL.NS] fetching fresh data
2026-09-10 07:55:26,514 [INFO] src.ingestion: [COALINDIA.NS] fetching fresh data
2026-09-10 07:55:27,384 [INFO] src.ingestion: [NMDC.NS] fetching fresh data
2026-09-10 07:55:28,349 [INFO] src.ingestion: [SAIL.NS] fetching fresh data
2026-09-10 07:55:29,292 [INFO] src.ingestion: [JINDALSTEL.NS] fetching fresh data
2026-09-10 07:55:30,226 [INFO] src.ingestion: [APLAPOLLO.NS] fetching fresh data
2026-09-10 07:55:31,118 [INFO] src.ingestion: [NATIONALUM.NS] fetching fresh data
2026-09-10 07:55:32,173 [INFO] src.ingestion: [HINDCOPPER.NS] fetching fresh data
2026-09-10 07:55:33,065 [INFO] src.ingestion: [RATNAMANI.NS] fetching fresh data
2026-09-10 07:55:33,978 [INFO] src.ingestion: [HINDZINC.NS] fetching fresh data
2026-09-10 07:55:34,926 [INFO] src.ingestion: [WELCORP.NS] fetching fresh data
2026-09-10 07:55:35,813 [INFO] src.ingestion: [JSL.NS] fetching fresh data
2026-09-10 07:55:36,693 [INFO] src.ingestion: [RELIANCE.NS] fetching fresh data
2026-09-10 07:55:37,702 [INFO] src.ingestion: [ONGC.NS] fetching fresh data
2026-09-10 07:55:38,549 [INFO] src.ingestion: [BPCL.NS] fetching fresh data
2026-09-10 07:55:39,544 [INFO] src.ingestion: [IOC.NS] fetching fresh data
2026-09-10 07:55:40,490 [INFO] src.ingestion: [GAIL.NS] fetching fresh data
2026-09-10 07:55:41,367 [INFO] src.ingestion: [NTPC.NS] fetching fresh data
2026-09-10 07:55:42,214 [INFO] src.ingestion: [POWERGRID.NS] fetching fresh data
2026-09-10 07:55:43,019 [INFO] src.ingestion: [TATAPOWER.NS] fetching fresh data
2026-09-10 07:55:43,883 [INFO] src.ingestion: [ADANIGREEN.NS] fetching fresh data
2026-09-10 07:55:44,762 [INFO] src.ingestion: [ADANIPOWER.NS] fetching fresh data
2026-09-10 07:55:45,710 [INFO] src.ingestion: [TORNTPOWER.NS] fetching fresh data
2026-09-10 07:55:46,586 [INFO] src.ingestion: [LT.NS] fetching fresh data
2026-09-10 07:55:47,474 [INFO] src.ingestion: [SIEMENS.NS] fetching fresh data
2026-09-10 07:55:48,380 [INFO] src.ingestion: [ABB.NS] fetching fresh data
2026-09-10 07:55:49,224 [INFO] src.ingestion: [HAL.NS] fetching fresh data
2026-09-10 07:55:50,197 [INFO] src.ingestion: [BEL.NS] fetching fresh data
2026-09-10 07:55:51,054 [INFO] src.ingestion: [BHEL.NS] fetching fresh data
2026-09-10 07:55:51,949 [INFO] src.ingestion: [CUMMINSIND.NS] fetching fresh data
2026-09-10 07:55:52,837 [INFO] src.ingestion: [THERMAX.NS] fetching fresh data
2026-09-10 07:55:53,822 [INFO] src.ingestion: [POLYCAB.NS] fetching fresh data
2026-09-10 07:55:54,680 [INFO] src.ingestion: [KEI.NS] fetching fresh data
2026-09-10 07:55:55,534 [INFO] src.ingestion: [HAVELLS.NS] fetching fresh data
2026-09-10 07:55:56,558 [INFO] src.ingestion: [CROMPTON.NS] fetching fresh data
2026-09-10 07:55:57,370 [INFO] src.ingestion: [SUPREMEIND.NS] fetching fresh data
2026-09-10 07:55:58,300 [INFO] src.ingestion: [ASTRAL.NS] fetching fresh data
2026-09-10 07:55:59,186 [INFO] src.ingestion: [GRINDWELL.NS] fetching fresh data
2026-09-10 07:55:59,963 [INFO] src.ingestion: [CARBORUNIV.NS] fetching fresh data
2026-09-10 07:56:00,860 [INFO] src.ingestion: [TIMKEN.NS] fetching fresh data
2026-09-10 07:56:01,757 [INFO] src.ingestion: [SKFINDIA.NS] fetching fresh data
2026-09-10 07:56:02,605 [INFO] src.ingestion: [SRF.NS] fetching fresh data
2026-09-10 07:56:03,467 [INFO] src.ingestion: [PIIND.NS] fetching fresh data
2026-09-10 07:56:04,258 [INFO] src.ingestion: [DEEPAKNTR.NS] fetching fresh data
2026-09-10 07:56:05,041 [INFO] src.ingestion: [AARTIIND.NS] fetching fresh data
2026-09-10 07:56:06,042 [INFO] src.ingestion: [NAVINFLUOR.NS] fetching fresh data
2026-09-10 07:56:06,958 [INFO] src.ingestion: [UPL.NS] fetching fresh data
2026-09-10 07:56:07,798 [INFO] src.ingestion: [COROMANDEL.NS] fetching fresh data
2026-09-10 07:56:08,652 [INFO] src.ingestion: [CHAMBLFERT.NS] fetching fresh data
2026-09-10 07:56:09,543 [INFO] src.ingestion: [GNFC.NS] fetching fresh data
2026-09-10 07:56:10,470 [INFO] src.ingestion: [PIDILITIND.NS] fetching fresh data
2026-09-10 07:56:11,333 [INFO] src.ingestion: [TATACHEM.NS] fetching fresh data
2026-09-10 07:56:12,135 [INFO] src.ingestion: [GHCL.NS] fetching fresh data
2026-09-10 07:56:13,047 [INFO] src.ingestion: [TITAN.NS] fetching fresh data
2026-09-10 07:56:13,972 [INFO] src.ingestion: [DMART.NS] fetching fresh data
2026-09-10 07:56:14,908 [INFO] src.ingestion: [TRENT.NS] fetching fresh data
2026-09-10 07:56:15,822 [INFO] src.ingestion: [BATAINDIA.NS] fetching fresh data
2026-09-10 07:56:16,737 [INFO] src.ingestion: [PAGEIND.NS] fetching fresh data
2026-09-10 07:56:17,673 [INFO] src.ingestion: [JUBLFOOD.NS] fetching fresh data
2026-09-10 07:56:18,542 [INFO] src.ingestion: [VOLTAS.NS] fetching fresh data
2026-09-10 07:56:19,392 [INFO] src.ingestion: [DIXON.NS] fetching fresh data
2026-09-10 07:56:20,350 [INFO] src.ingestion: [RELAXO.NS] fetching fresh data
2026-09-10 07:56:21,187 [INFO] src.ingestion: [KAJARIACER.NS] fetching fresh data
2026-09-10 07:56:22,131 [INFO] src.ingestion: [WHIRLPOOL.NS] fetching fresh data
2026-09-10 07:56:23,001 [INFO] src.ingestion: [BLUESTARCO.NS] fetching fresh data
2026-09-10 07:56:23,930 [INFO] src.ingestion: [PGHH.NS] fetching fresh data
2026-09-10 07:56:24,729 [INFO] src.ingestion: [GILLETTE.NS] fetching fresh data
2026-09-10 07:56:25,553 [INFO] src.ingestion: [BHARTIARTL.NS] fetching fresh data
2026-09-10 07:56:26,428 [INFO] src.ingestion: [IDEA.NS] fetching fresh data
2026-09-10 07:56:27,253 [INFO] src.ingestion: [INDUSTOWER.NS] fetching fresh data
2026-09-10 07:56:28,137 [INFO] src.ingestion: [PVRINOX.NS] fetching fresh data
2026-09-10 07:56:28,973 [INFO] src.ingestion: [ZEEL.NS] fetching fresh data
2026-09-10 07:56:29,870 [INFO] src.ingestion: [ADANIPORTS.NS] fetching fresh data
2026-09-10 07:56:30,792 [INFO] src.ingestion: [ADANIENT.NS] fetching fresh data
2026-09-10 07:56:31,735 [INFO] src.ingestion: [GMRAIRPORT.NS] fetching fresh data
2026-09-10 07:56:32,652 [INFO] src.ingestion: [CONCOR.NS] fetching fresh data
2026-09-10 07:56:33,546 [INFO] src.ingestion: [IRCTC.NS] fetching fresh data
2026-09-10 07:56:34,426 [INFO] src.ingestion: [INDIGO.NS] fetching fresh data
2026-09-10 07:56:35,265 [INFO] src.ingestion: [RVNL.NS] fetching fresh data
2026-09-10 07:56:36,228 [INFO] src.ingestion: [IRCON.NS] fetching fresh data
2026-09-10 07:56:37,257 [INFO] src.ingestion: [NBCC.NS] fetching fresh data
2026-09-10 07:56:38,141 [INFO] src.ingestion: [NCC.NS] fetching fresh data
2026-09-10 07:56:39,021 [INFO] src.ingestion: [MAZDOCK.NS] fetching fresh data
2026-09-10 07:56:40,015 [INFO] src.ingestion: [COCHINSHIP.NS] fetching fresh data
2026-09-10 07:56:40,951 [INFO] src.ingestion: [DLF.NS] fetching fresh data
2026-09-10 07:56:41,781 [INFO] src.ingestion: [GODREJPROP.NS] fetching fresh data
2026-09-10 07:56:42,577 [INFO] src.ingestion: [OBEROIRLTY.NS] fetching fresh data
2026-09-10 07:56:43,403 [INFO] src.ingestion: [PRESTIGE.NS] fetching fresh data
2026-09-10 07:56:44,246 [INFO] src.ingestion: [PHOENIXLTD.NS] fetching fresh data
2026-09-10 07:56:45,099 [INFO] src.ingestion: [SOBHA.NS] fetching fresh data
2026-09-10 07:56:46,066 [INFO] src.ingestion: Fetched 200/201 tickers successfully
2026-09-10 07:56:46,067 [WARNING] src.ingestion: Failed tickers (excluded from downstream, not silently zeroed): ['LTIM.NS']
2026-09-10 07:56:46,067 [INFO] __main__: Ingestion validation passed: 200/201 tickers (100%)
2026-09-10 07:56:46,067 [INFO] __main__: === Stage 2/8: Cleaning ===
2026-09-10 07:56:46,075 [WARNING] src.cleaning: [LTIM.NS] EXCLUDED: ingestion failed: yfinance returned an empty info payload for LTIM.NS (no exception, but no usable data — likely a transient Yahoo-side issue or an invalid/delisted symbol)
2026-09-10 07:56:46,076 [INFO] src.cleaning: [AARTIIND.NS] non-critical missing fields: ['return_on_equity']
2026-09-10 07:56:46,076 [INFO] src.cleaning: [ABBOTINDIA.NS] non-critical missing fields: ['return_on_equity']
2026-09-10 07:56:46,076 [INFO] src.cleaning: [ACC.NS] non-critical missing fields: ['return_on_equity']
2026-09-10 07:56:46,076 [INFO] src.cleaning: [ADANIENT.NS] non-critical missing fields: ['return_on_equity']
2026-09-10 07:56:46,076 [INFO] src.cleaning: [ADANIGREEN.NS] non-critical missing fields: ['return_on_equity']
2026-09-10 07:56:46,076 [INFO] src.cleaning: [ADANIPORTS.NS] non-critical missing fields: ['return_on_equity']
2026-09-10 07:56:46,076 [INFO] src.cleaning: [ADANIPOWER.NS] non-critical missing fields: ['return_on_equity']
2026-09-10 07:56:46,076 [INFO] src.cleaning: [ALKEM.NS] non-critical missing fields: ['return_on_equity']
2026-09-10 07:56:46,076 [INFO] src.cleaning: [AMBUJACEM.NS] non-critical missing fields: ['return_on_equity']
2026-09-10 07:56:46,076 [INFO] src.cleaning: [APLAPOLLO.NS] non-critical missing fields: ['return_on_equity']
2026-09-10 07:56:46,076 [INFO] src.cleaning: [APOLLOHOSP.NS] non-critical missing fields: ['return_on_equity']
2026-09-10 07:56:46,076 [INFO] src.cleaning: [ARE&M.NS] non-critical missing fields: ['return_on_equity']
2026-09-10 07:56:46,076 [INFO] src.cleaning: [ASHOKLEY.NS] non-critical missing fields: ['return_on_equity']
2026-09-10 07:56:46,076 [INFO] src.cleaning: [ASTRAL.NS] non-critical missing fields: ['return_on_equity']
2026-09-10 07:56:46,076 [INFO] src.cleaning: [AUBANK.NS] non-critical missing fields: ['ev_to_ebitda', 'return_on_equity', 'debt_to_equity']
2026-09-10 07:56:46,076 [INFO] src.cleaning: [AUROPHARMA.NS] non-critical missing fields: ['return_on_equity']
2026-09-10 07:56:46,076 [INFO] src.cleaning: [AXISBANK.NS] non-critical missing fields: ['ev_to_ebitda', 'debt_to_equity']
2026-09-10 07:56:46,076 [INFO] src.cleaning: [BAJAJ-AUTO.NS] non-critical missing fields: ['return_on_equity']
2026-09-10 07:56:46,076 [INFO] src.cleaning: [BAJAJFINSV.NS] non-critical missing fields: ['return_on_equity']
2026-09-10 07:56:46,076 [WARNING] src.cleaning: [BAJAJHLDNG.NS] outlier values flagged: ['net_margin']
2026-09-10 07:56:46,076 [INFO] src.cleaning: [BAJFINANCE.NS] non-critical missing fields: ['ev_to_ebitda', 'return_on_equity']
2026-09-10 07:56:46,077 [INFO] src.cleaning: [BANDHANBNK.NS] non-critical missing fields: ['ev_to_ebitda', 'return_on_equity', 'debt_to_equity']
2026-09-10 07:56:46,077 [INFO] src.cleaning: [BANKBARODA.NS] non-critical missing fields: ['ev_to_ebitda', 'debt_to_equity']
2026-09-10 07:56:46,077 [INFO] src.cleaning: [BANKINDIA.NS] non-critical missing fields: ['ev_to_ebitda', 'debt_to_equity']
2026-09-10 07:56:46,077 [INFO] src.cleaning: [BATAINDIA.NS] non-critical missing fields: ['return_on_equity']
2026-09-10 07:56:46,077 [INFO] src.cleaning: [BEL.NS] non-critical missing fields: ['return_on_equity']
2026-09-10 07:56:46,077 [INFO] src.cleaning: [BHARATFORG.NS] non-critical missing fields: ['return_on_equity']
2026-09-10 07:56:46,077 [INFO] src.cleaning: [BHEL.NS] non-critical missing fields: ['return_on_equity']
2026-09-10 07:56:46,077 [INFO] src.cleaning: [BIOCON.NS] non-critical missing fields: ['return_on_equity']
2026-09-10 07:56:46,077 [INFO] src.cleaning: [BLUESTARCO.NS] non-critical missing fields: ['return_on_equity']
2026-09-10 07:56:46,077 [INFO] src.cleaning: [BOSCHLTD.NS] non-critical missing fields: ['return_on_equity']
2026-09-10 07:56:46,077 [INFO] src.cleaning: [BPCL.NS] non-critical missing fields: ['return_on_equity']
2026-09-10 07:56:46,077 [INFO] src.cleaning: [BRITANNIA.NS] non-critical missing fields: ['return_on_equity']
2026-09-10 07:56:46,077 [INFO] src.cleaning: [CANBK.NS] non-critical missing fields: ['ev_to_ebitda', 'return_on_equity', 'debt_to_equity']
2026-09-10 07:56:46,077 [INFO] src.cleaning: [CARBORUNIV.NS] non-critical missing fields: ['return_on_equity']
2026-09-10 07:56:46,077 [INFO] src.cleaning: [CENTRALBK.NS] non-critical missing fields: ['ev_to_ebitda', 'debt_to_equity']
2026-09-10 07:56:46,077 [INFO] src.cleaning: [CHAMBLFERT.NS] non-critical missing fields: ['return_on_equity']
2026-09-10 07:56:46,077 [INFO] src.cleaning: [CHOLAFIN.NS] non-critical missing fields: ['ev_to_ebitda', 'return_on_equity']
2026-09-10 07:56:46,077 [INFO] src.cleaning: [CIPLA.NS] non-critical missing fields: ['return_on_equity']
2026-09-10 07:56:46,077 [INFO] src.cleaning: [COALINDIA.NS] non-critical missing fields: ['return_on_equity']
2026-09-10 07:56:46,077 [INFO] src.cleaning: [COCHINSHIP.NS] non-critical missing fields: ['return_on_equity']
2026-09-10 07:56:46,077 [INFO] src.cleaning: [COFORGE.NS] non-critical missing fields: ['return_on_equity']
2026-09-10 07:56:46,077 [INFO] src.cleaning: [COLPAL.NS] non-critical missing fields: ['return_on_equity']
2026-09-10 07:56:46,077 [INFO] src.cleaning: [CONCOR.NS] non-critical missing fields: ['return_on_equity']
2026-09-10 07:56:46,077 [INFO] src.cleaning: [COROMANDEL.NS] non-critical missing fields: ['return_on_equity']
2026-09-10 07:56:46,077 [INFO] src.cleaning: [CROMPTON.NS] non-critical missing fields: ['trailing_pe', 'return_on_equity']
2026-09-10 07:56:46,077 [INFO] src.cleaning: [CUMMINSIND.NS] non-critical missing fields: ['return_on_equity']
2026-09-10 07:56:46,077 [INFO] src.cleaning: [CYIENT.NS] non-critical missing fields: ['return_on_equity']
2026-09-10 07:56:46,077 [INFO] src.cleaning: [DABUR.NS] non-critical missing fields: ['return_on_equity']
2026-09-10 07:56:46,077 [INFO] src.cleaning: [DALBHARAT.NS] non-critical missing fields: ['return_on_equity']
2026-09-10 07:56:46,077 [INFO] src.cleaning: [DEEPAKNTR.NS] non-critical missing fields: ['return_on_equity']
2026-09-10 07:56:46,077 [INFO] src.cleaning: [DIVISLAB.NS] non-critical missing fields: ['return_on_equity']
2026-09-10 07:56:46,077 [INFO] src.cleaning: [DIXON.NS] non-critical missing fields: ['return_on_equity']
2026-09-10 07:56:46,077 [INFO] src.cleaning: [DMART.NS] non-critical missing fields: ['return_on_equity']
2026-09-10 07:56:46,077 [INFO] src.cleaning: [EICHERMOT.NS] non-critical missing fields: ['return_on_equity']
2026-09-10 07:56:46,077 [INFO] src.cleaning: [EMAMILTD.NS] non-critical missing fields: ['return_on_equity']
2026-09-10 07:56:46,078 [INFO] src.cleaning: [ENDURANCE.NS] non-critical missing fields: ['return_on_equity']
2026-09-10 07:56:46,078 [INFO] src.cleaning: [EXIDEIND.NS] non-critical missing fields: ['return_on_equity']
2026-09-10 07:56:46,078 [INFO] src.cleaning: [FEDERALBNK.NS] non-critical missing fields: ['ev_to_ebitda', 'return_on_equity', 'debt_to_equity']
2026-09-10 07:56:46,078 [INFO] src.cleaning: [FORTIS.NS] non-critical missing fields: ['return_on_equity']
2026-09-10 07:56:46,078 [INFO] src.cleaning: [GAIL.NS] non-critical missing fields: ['return_on_equity']
2026-09-10 07:56:46,078 [INFO] src.cleaning: [GHCL.NS] non-critical missing fields: ['return_on_equity']
2026-09-10 07:56:46,078 [INFO] src.cleaning: [GICRE.NS] non-critical missing fields: ['ev_to_ebitda', 'debt_to_equity']
2026-09-10 07:56:46,078 [INFO] src.cleaning: [GILLETTE.NS] non-critical missing fields: ['return_on_equity']
2026-09-10 07:56:46,078 [INFO] src.cleaning: [GLAND.NS] non-critical missing fields: ['return_on_equity']
2026-09-10 07:56:46,078 [INFO] src.cleaning: [GLENMARK.NS] non-critical missing fields: ['return_on_equity']
2026-09-10 07:56:46,078 [WARNING] src.cleaning: [GMRAIRPORT.NS] negative/zero equity — DuPont ROE math will be invalid downstream
2026-09-10 07:56:46,078 [INFO] src.cleaning: [GMRAIRPORT.NS] non-critical missing fields: ['return_on_equity', 'debt_to_equity']
2026-09-10 07:56:46,078 [INFO] src.cleaning: [GNFC.NS] non-critical missing fields: ['return_on_equity']
2026-09-10 07:56:46,078 [INFO] src.cleaning: [GODREJCP.NS] non-critical missing fields: ['return_on_equity']
2026-09-10 07:56:46,078 [INFO] src.cleaning: [GODREJPROP.NS] non-critical missing fields: ['return_on_equity']
2026-09-10 07:56:46,078 [INFO] src.cleaning: [GRINDWELL.NS] non-critical missing fields: ['return_on_equity']
2026-09-10 07:56:46,078 [INFO] src.cleaning: [HAL.NS] non-critical missing fields: ['return_on_equity']
2026-09-10 07:56:46,078 [INFO] src.cleaning: [HAVELLS.NS] non-critical missing fields: ['return_on_equity']
2026-09-10 07:56:46,078 [WARNING] src.cleaning: [HCLTECH.NS] outlier values flagged: ['ev_to_ebitda']
2026-09-10 07:56:46,078 [INFO] src.cleaning: [HDFCBANK.NS] non-critical missing fields: ['ev_to_ebitda', 'debt_to_equity']
2026-09-10 07:56:46,079 [INFO] src.cleaning: [HEIDELBERG.NS] non-critical missing fields: ['return_on_equity']
2026-09-10 07:56:46,079 [INFO] src.cleaning: [HEROMOTOCO.NS] non-critical missing fields: ['return_on_equity']
2026-09-10 07:56:46,079 [INFO] src.cleaning: [HINDALCO.NS] non-critical missing fields: ['return_on_equity']
2026-09-10 07:56:46,079 [INFO] src.cleaning: [HINDCOPPER.NS] non-critical missing fields: ['return_on_equity']
2026-09-10 07:56:46,079 [INFO] src.cleaning: [HINDUNILVR.NS] non-critical missing fields: ['return_on_equity']
2026-09-10 07:56:46,079 [INFO] src.cleaning: [HINDZINC.NS] non-critical missing fields: ['return_on_equity']
2026-09-10 07:56:46,079 [INFO] src.cleaning: [HUDCO.NS] non-critical missing fields: ['ev_to_ebitda', 'return_on_equity']
2026-09-10 07:56:46,079 [INFO] src.cleaning: [ICICIBANK.NS] non-critical missing fields: ['ev_to_ebitda', 'debt_to_equity']
2026-09-10 07:56:46,079 [INFO] src.cleaning: [ICICIGI.NS] non-critical missing fields: ['debt_to_equity']
2026-09-10 07:56:46,079 [WARNING] src.cleaning: [IDEA.NS] negative/zero equity — DuPont ROE math will be invalid downstream
2026-09-10 07:56:46,079 [INFO] src.cleaning: [IDEA.NS] non-critical missing fields: ['return_on_equity', 'debt_to_equity']
2026-09-10 07:56:46,079 [INFO] src.cleaning: [IDFCFIRSTB.NS] non-critical missing fields: ['ev_to_ebitda', 'return_on_equity', 'debt_to_equity', 'total_debt']
2026-09-10 07:56:46,079 [INFO] src.cleaning: [INDIGO.NS] non-critical missing fields: ['trailing_pe', 'return_on_equity']
2026-09-10 07:56:46,079 [INFO] src.cleaning: [INDUSINDBK.NS] non-critical missing fields: ['ev_to_ebitda', 'return_on_equity', 'debt_to_equity']
2026-09-10 07:56:46,079 [WARNING] src.cleaning: [INFY.NS] outlier values flagged: ['ev_to_ebitda']
2026-09-10 07:56:46,079 [INFO] src.cleaning: [IOB.NS] non-critical missing fields: ['ev_to_ebitda', 'debt_to_equity']
2026-09-10 07:56:46,079 [INFO] src.cleaning: [IOC.NS] non-critical missing fields: ['return_on_equity']
2026-09-10 07:56:46,079 [INFO] src.cleaning: [IPCALAB.NS] non-critical missing fields: ['return_on_equity']
2026-09-10 07:56:46,079 [INFO] src.cleaning: [IRCON.NS] non-critical missing fields: ['return_on_equity']
2026-09-10 07:56:46,079 [INFO] src.cleaning: [IRCTC.NS] non-critical missing fields: ['return_on_equity']
2026-09-10 07:56:46,079 [INFO] src.cleaning: [IRFC.NS] non-critical missing fields: ['ev_to_ebitda', 'return_on_equity']
2026-09-10 07:56:46,080 [INFO] src.cleaning: [ITC.NS] non-critical missing fields: ['return_on_equity']
2026-09-10 07:56:46,080 [INFO] src.cleaning: [JINDALSTEL.NS] non-critical missing fields: ['return_on_equity']
2026-09-10 07:56:46,080 [INFO] src.cleaning: [JKCEMENT.NS] non-critical missing fields: ['return_on_equity']
2026-09-10 07:56:46,080 [INFO] src.cleaning: [JSL.NS] non-critical missing fields: ['return_on_equity']
2026-09-10 07:56:46,080 [INFO] src.cleaning: [JSWSTEEL.NS] non-critical missing fields: ['return_on_equity']
2026-09-10 07:56:46,080 [INFO] src.cleaning: [JUBLFOOD.NS] non-critical missing fields: ['return_on_equity']
2026-09-10 07:56:46,080 [INFO] src.cleaning: [KAJARIACER.NS] non-critical missing fields: ['return_on_equity']
2026-09-10 07:56:46,080 [INFO] src.cleaning: [KEI.NS] non-critical missing fields: ['return_on_equity']
2026-09-10 07:56:46,080 [INFO] src.cleaning: [KOTAKBANK.NS] non-critical missing fields: ['ev_to_ebitda', 'return_on_equity', 'debt_to_equity']
2026-09-10 07:56:46,080 [INFO] src.cleaning: [KPITTECH.NS] non-critical missing fields: ['return_on_equity']
2026-09-10 07:56:46,080 [INFO] src.cleaning: [LALPATHLAB.NS] non-critical missing fields: ['return_on_equity']
2026-09-10 07:56:46,080 [INFO] src.cleaning: [LAURUSLABS.NS] non-critical missing fields: ['return_on_equity']
2026-09-10 07:56:46,080 [INFO] src.cleaning: [LICHSGFIN.NS] non-critical missing fields: ['ev_to_ebitda', 'return_on_equity']
2026-09-10 07:56:46,080 [INFO] src.cleaning: [LICI.NS] non-critical missing fields: ['return_on_equity']
2026-09-10 07:56:46,080 [INFO] src.cleaning: [LTTS.NS] non-critical missing fields: ['return_on_equity']
2026-09-10 07:56:46,080 [INFO] src.cleaning: [LT.NS] non-critical missing fields: ['return_on_equity']
2026-09-10 07:56:46,080 [INFO] src.cleaning: [LUPIN.NS] non-critical missing fields: ['return_on_equity']
2026-09-10 07:56:46,080 [INFO] src.cleaning: [M&M.NS] non-critical missing fields: ['return_on_equity']
2026-09-10 07:56:46,080 [INFO] src.cleaning: [MANAPPURAM.NS] non-critical missing fields: ['ev_to_ebitda', 'return_on_equity']
2026-09-10 07:56:46,080 [INFO] src.cleaning: [MARICO.NS] non-critical missing fields: ['return_on_equity']
2026-09-10 07:56:46,080 [INFO] src.cleaning: [MARUTI.NS] non-critical missing fields: ['return_on_equity']
2026-09-10 07:56:46,080 [INFO] src.cleaning: [MAZDOCK.NS] non-critical missing fields: ['return_on_equity']
2026-09-10 07:56:46,080 [INFO] src.cleaning: [METROPOLIS.NS] non-critical missing fields: ['return_on_equity']
2026-09-10 07:56:46,080 [INFO] src.cleaning: [MOTHERSON.NS] non-critical missing fields: ['return_on_equity']
2026-09-10 07:56:46,080 [INFO] src.cleaning: [MRF.NS] non-critical missing fields: ['return_on_equity']
2026-09-10 07:56:46,080 [INFO] src.cleaning: [MUTHOOTFIN.NS] non-critical missing fields: ['ev_to_ebitda']
2026-09-10 07:56:46,080 [INFO] src.cleaning: [NATIONALUM.NS] non-critical missing fields: ['return_on_equity']
2026-09-10 07:56:46,080 [INFO] src.cleaning: [NAVINFLUOR.NS] non-critical missing fields: ['return_on_equity']
2026-09-10 07:56:46,080 [INFO] src.cleaning: [NBCC.NS] non-critical missing fields: ['return_on_equity']
2026-09-10 07:56:46,080 [INFO] src.cleaning: [NCC.NS] non-critical missing fields: ['return_on_equity']
2026-09-10 07:56:46,080 [INFO] src.cleaning: [NESTLEIND.NS] non-critical missing fields: ['return_on_equity']
2026-09-10 07:56:46,080 [INFO] src.cleaning: [NMDC.NS] non-critical missing fields: ['return_on_equity']
2026-09-10 07:56:46,080 [INFO] src.cleaning: [NTPC.NS] non-critical missing fields: ['return_on_equity']
2026-09-10 07:56:46,080 [INFO] src.cleaning: [OBEROIRLTY.NS] non-critical missing fields: ['return_on_equity']
2026-09-10 07:56:46,080 [INFO] src.cleaning: [ONGC.NS] non-critical missing fields: ['return_on_equity']
2026-09-10 07:56:46,081 [INFO] src.cleaning: [PAGEIND.NS] non-critical missing fields: ['return_on_equity']
2026-09-10 07:56:46,081 [INFO] src.cleaning: [PFC.NS] non-critical missing fields: ['ev_to_ebitda', 'return_on_equity']
2026-09-10 07:56:46,081 [INFO] src.cleaning: [PGHH.NS] non-critical missing fields: ['return_on_equity']
2026-09-10 07:56:46,081 [INFO] src.cleaning: [PHOENIXLTD.NS] non-critical missing fields: ['return_on_equity']
2026-09-10 07:56:46,081 [INFO] src.cleaning: [PIDILITIND.NS] non-critical missing fields: ['return_on_equity']
2026-09-10 07:56:46,081 [INFO] src.cleaning: [PIIND.NS] non-critical missing fields: ['return_on_equity']
2026-09-10 07:56:46,081 [INFO] src.cleaning: [PNB.NS] non-critical missing fields: ['ev_to_ebitda', 'debt_to_equity']
2026-09-10 07:56:46,081 [INFO] src.cleaning: [POONAWALLA.NS] non-critical missing fields: ['ev_to_ebitda', 'return_on_equity']
2026-09-10 07:56:46,081 [INFO] src.cleaning: [POWERGRID.NS] non-critical missing fields: ['return_on_equity']
2026-09-10 07:56:46,081 [INFO] src.cleaning: [PVRINOX.NS] non-critical missing fields: ['return_on_equity']
2026-09-10 07:56:46,081 [INFO] src.cleaning: [RAMCOCEM.NS] non-critical missing fields: ['return_on_equity']
2026-09-10 07:56:46,081 [INFO] src.cleaning: [RATNAMANI.NS] non-critical missing fields: ['return_on_equity']
2026-09-10 07:56:46,081 [INFO] src.cleaning: [RBLBANK.NS] non-critical missing fields: ['ev_to_ebitda', 'return_on_equity', 'debt_to_equity']
2026-09-10 07:56:46,081 [INFO] src.cleaning: [RECLTD.NS] non-critical missing fields: ['ev_to_ebitda', 'return_on_equity']
2026-09-10 07:56:46,081 [INFO] src.cleaning: [RELAXO.NS] non-critical missing fields: ['return_on_equity']
2026-09-10 07:56:46,082 [INFO] src.cleaning: [RELIANCE.NS] non-critical missing fields: ['return_on_equity']
2026-09-10 07:56:46,082 [INFO] src.cleaning: [RVNL.NS] non-critical missing fields: ['return_on_equity']
2026-09-10 07:56:46,082 [INFO] src.cleaning: [SAIL.NS] non-critical missing fields: ['return_on_equity']
2026-09-10 07:56:46,082 [INFO] src.cleaning: [SBICARD.NS] non-critical missing fields: ['ev_to_ebitda', 'return_on_equity']
2026-09-10 07:56:46,082 [INFO] src.cleaning: [SBILIFE.NS] non-critical missing fields: ['debt_to_equity']
2026-09-10 07:56:46,082 [INFO] src.cleaning: [SBIN.NS] non-critical missing fields: ['ev_to_ebitda', 'debt_to_equity']
2026-09-10 07:56:46,082 [INFO] src.cleaning: [SHREECEM.NS] non-critical missing fields: ['return_on_equity']
2026-09-10 07:56:46,082 [INFO] src.cleaning: [SHRIRAMFIN.NS] non-critical missing fields: ['ev_to_ebitda']
2026-09-10 07:56:46,082 [INFO] src.cleaning: [SIEMENS.NS] non-critical missing fields: ['return_on_equity']
2026-09-10 07:56:46,082 [INFO] src.cleaning: [SKFINDIA.NS] non-critical missing fields: ['return_on_equity']
2026-09-10 07:56:46,082 [INFO] src.cleaning: [SOBHA.NS] non-critical missing fields: ['return_on_equity']
2026-09-10 07:56:46,082 [INFO] src.cleaning: [SRF.NS] non-critical missing fields: ['return_on_equity']
2026-09-10 07:56:46,082 [INFO] src.cleaning: [SUNDRMFAST.NS] non-critical missing fields: ['return_on_equity']
2026-09-10 07:56:46,082 [INFO] src.cleaning: [SUNPHARMA.NS] non-critical missing fields: ['return_on_equity']
2026-09-10 07:56:46,082 [INFO] src.cleaning: [SUPREMEIND.NS] non-critical missing fields: ['return_on_equity']
2026-09-10 07:56:46,082 [INFO] src.cleaning: [TATACHEM.NS] non-critical missing fields: ['trailing_pe', 'return_on_equity']
2026-09-10 07:56:46,082 [INFO] src.cleaning: [TATACONSUM.NS] non-critical missing fields: ['return_on_equity']
2026-09-10 07:56:46,082 [INFO] src.cleaning: [TATAELXSI.NS] non-critical missing fields: ['return_on_equity']
2026-09-10 07:56:46,082 [INFO] src.cleaning: [TATAPOWER.NS] non-critical missing fields: ['return_on_equity']
2026-09-10 07:56:46,082 [INFO] src.cleaning: [TATASTEEL.NS] non-critical missing fields: ['return_on_equity']
2026-09-10 07:56:46,082 [INFO] src.cleaning: [TECHM.NS] non-critical missing fields: ['return_on_equity']
2026-09-10 07:56:46,082 [INFO] src.cleaning: [THERMAX.NS] non-critical missing fields: ['return_on_equity']
2026-09-10 07:56:46,082 [INFO] src.cleaning: [TIMKEN.NS] non-critical missing fields: ['return_on_equity']
2026-09-10 07:56:46,082 [INFO] src.cleaning: [TITAN.NS] non-critical missing fields: ['return_on_equity']
2026-09-10 07:56:46,082 [INFO] src.cleaning: [TMCV.NS] non-critical missing fields: ['return_on_equity']
2026-09-10 07:56:46,082 [INFO] src.cleaning: [TMPV.NS] non-critical missing fields: ['trailing_pe', 'return_on_equity']
2026-09-10 07:56:46,082 [INFO] src.cleaning: [TORNTPHARM.NS] non-critical missing fields: ['return_on_equity']
2026-09-10 07:56:46,082 [INFO] src.cleaning: [TORNTPOWER.NS] non-critical missing fields: ['return_on_equity']
2026-09-10 07:56:46,082 [INFO] src.cleaning: [TRENT.NS] non-critical missing fields: ['return_on_equity']
2026-09-10 07:56:46,082 [INFO] src.cleaning: [TVSMOTOR.NS] non-critical missing fields: ['return_on_equity']
2026-09-10 07:56:46,082 [INFO] src.cleaning: [UCOBANK.NS] non-critical missing fields: ['ev_to_ebitda', 'debt_to_equity']
2026-09-10 07:56:46,082 [INFO] src.cleaning: [ULTRACEMCO.NS] non-critical missing fields: ['return_on_equity']
2026-09-10 07:56:46,082 [INFO] src.cleaning: [UNIONBANK.NS] non-critical missing fields: ['ev_to_ebitda', 'debt_to_equity', 'revenue_growth', 'total_debt']
2026-09-10 07:56:46,082 [INFO] src.cleaning: [UNITDSPR.NS] non-critical missing fields: ['return_on_equity']
2026-09-10 07:56:46,082 [INFO] src.cleaning: [UNOMINDA.NS] non-critical missing fields: ['return_on_equity']
2026-09-10 07:56:46,082 [INFO] src.cleaning: [UPL.NS] non-critical missing fields: ['return_on_equity']
2026-09-10 07:56:46,082 [INFO] src.cleaning: [VEDL.NS] non-critical missing fields: ['return_on_equity']
2026-09-10 07:56:46,082 [INFO] src.cleaning: [VOLTAS.NS] non-critical missing fields: ['return_on_equity']
2026-09-10 07:56:46,082 [INFO] src.cleaning: [WELCORP.NS] non-critical missing fields: ['return_on_equity']
2026-09-10 07:56:46,082 [INFO] src.cleaning: [WHIRLPOOL.NS] non-critical missing fields: ['return_on_equity']
2026-09-10 07:56:46,082 [INFO] src.cleaning: [ZEEL.NS] non-critical missing fields: ['return_on_equity']
2026-09-10 07:56:46,090 [INFO] src.cleaning: Cleaned 200/201 tickers -> data/processed/cleaned_universe.csv
2026-09-10 07:56:46,091 [INFO] src.cleaning: Full flag audit trail -> data/processed/cleaning_flags.csv
2026-09-10 07:56:46,091 [INFO] __main__: Cleaning validation passed: 200/201 tickers retained (100%)
2026-09-10 07:56:46,091 [INFO] __main__: === Stage 3/8: Scoring ===
2026-09-10 07:56:46,153 [INFO] src.scoring: Scored 200 companies -> data/processed/scored_universe.csv
2026-09-10 07:56:46,153 [INFO] src.scoring: Top 10 shortlist -> data/processed/shortlist_top_n.csv
2026-09-10 07:56:46,154 [WARNING] src.scoring: 24 companies scored on fewer than all 4 buckets (reweighted, not zero-filled) — see 'buckets_used' column: ['UNIONBANK.NS', 'IOB.NS', 'BANKINDIA.NS', 'CANBK.NS', 'PNB.NS', 'ICICIGI.NS', 'IDEA.NS', 'GICRE.NS', 'UCOBANK.NS', 'FEDERALBNK.NS', 'BANKBARODA.NS', 'AXISBANK.NS', 'KOTAKBANK.NS', 'SBIN.NS', 'ICICIBANK.NS', 'CENTRALBK.NS', 'SBILIFE.NS', 'HDFCBANK.NS', 'AUBANK.NS', 'IDFCFIRSTB.NS', 'BANDHANBNK.NS', 'GMRAIRPORT.NS', 'RBLBANK.NS', 'INDUSINDBK.NS']
2026-09-10 07:56:46,155 [INFO] __main__: Scoring validation passed: 200 companies ranked, all scores in valid range
2026-09-10 07:56:46,155 [INFO] __main__: === Stage 4/8: Comps + DuPont ===
2026-09-10 07:56:46,167 [INFO] src.comps_dupont: Comps + DuPont report for top 10 -> data/processed/comps_dupont_report.csv
2026-09-10 07:56:46,168 [WARNING] src.comps_dupont: 1 companies have a DuPont-implied ROE that diverges >5pp from reported ROE (possible data inconsistency, worth a manual check): ['IOB.NS']
2026-09-10 07:56:46,168 [INFO] __main__: === Stage 5/8: Explainability ===
2026-09-10 07:56:46,205 [INFO] src.explainability: Explanations for top 10 companies -> data/processed/explanations.csv
2026-09-10 07:56:46,206 [INFO] __main__: === Stage 6/8: Baseline Comparison ===
2026-09-10 07:56:46,213 [INFO] src.baseline_comparison: Baseline comparison -> data/processed/baseline_comparison.csv
2026-09-10 07:56:46,213 [INFO] __main__: === Stage 7/8: Acquisition Likelihood ===
2026-09-10 07:56:46,218 [INFO] src.acquisition_likelihood: 2 companies excluded from acquisition-likelihood scoring (negative/zero equity — financial distress, not a value-target thesis): ['IDEA.NS', 'GMRAIRPORT.NS']
2026-09-10 07:56:46,229 [INFO] src.acquisition_likelihood: Acquisition likelihood scoring -> data/processed/acquisition_likelihood.csv
2026-09-10 07:56:46,230 [INFO] __main__: === Stage 8/8: Historical Snapshot ===
2026-09-10 07:56:46,238 [INFO] src.history_tracker: Recorded shortlist snapshot for 2026-09-10 (10 companies) -> data/history/shortlist_history.csv (5 distinct days tracked so far)
2026-09-10 07:56:46,244 [INFO] src.history_tracker: Recorded acquisition-likelihood snapshot for 2026-09-10 (10 companies) -> data/history/acquisition_likelihood_history.csv (5 distinct days tracked so far)
2026-09-10 07:56:46,244 [INFO] __main__: === Pipeline completed successfully ===
2026-09-10 07:56:46,244 [INFO] __main__:   ingestion: {'total': 201, 'ok': 200}
2026-09-10 07:56:46,244 [INFO] __main__:   cleaning: {'retained': 200, 'input': 201}
2026-09-10 07:56:46,244 [INFO] __main__:   scoring: {'ranked': 200}
2026-09-10 07:56:46,244 [INFO] __main__:   comps_dupont: {'companies': 10}
2026-09-10 07:56:46,244 [INFO] __main__:   explainability: {'companies': 10}
2026-09-10 07:56:46,244 [INFO] __main__:   baseline_comparison: {'correlation': np.float64(0.471888833732077), 'overlap_pct': 0.1}
2026-09-10 07:56:46,244 [INFO] __main__:   acquisition_likelihood: {'companies': 10}
2026-09-10 07:56:46,244 [INFO] __main__:   history_tracker: {'recorded': True}
