2026-08-08 04:10:56,341 [INFO] __main__: Logging to file: logs/pipeline_run_2026-08-08T04-10-56Z.log
2026-08-08 04:10:56,341 [INFO] __main__: === Stage 1/8: Ingestion ===
2026-08-08 04:10:56,373 [INFO] src.ingestion: [ACC.NS] fetching fresh data
2026-08-08 04:10:57,417 [INFO] src.ingestion: [AMBUJACEM.NS] fetching fresh data
2026-08-08 04:10:58,216 [INFO] src.ingestion: [ULTRACEMCO.NS] fetching fresh data
2026-08-08 04:10:59,059 [INFO] src.ingestion: [SHREECEM.NS] fetching fresh data
2026-08-08 04:10:59,965 [INFO] src.ingestion: [JKCEMENT.NS] fetching fresh data
2026-08-08 04:11:00,768 [INFO] src.ingestion: [RAMCOCEM.NS] fetching fresh data
2026-08-08 04:11:01,573 [INFO] src.ingestion: [HEIDELBERG.NS] fetching fresh data
2026-08-08 04:11:02,364 [INFO] src.ingestion: [DALBHARAT.NS] fetching fresh data
2026-08-08 04:11:03,164 [INFO] src.ingestion: [INFY.NS] fetching fresh data
2026-08-08 04:11:03,947 [INFO] src.ingestion: [TCS.NS] fetching fresh data
2026-08-08 04:11:04,788 [INFO] src.ingestion: [WIPRO.NS] fetching fresh data
2026-08-08 04:11:05,631 [INFO] src.ingestion: [HCLTECH.NS] fetching fresh data
2026-08-08 04:11:06,432 [INFO] src.ingestion: [TECHM.NS] fetching fresh data
2026-08-08 04:11:07,171 [INFO] src.ingestion: [LTIM.NS] fetching fresh data
2026-08-08 04:11:07,272 [ERROR] yfinance: HTTP Error 404: {"quoteSummary":{"result":null,"error":{"code":"Not Found","description":"Quote not found for symbol: LTIM.NS"}}}
2026-08-08 04:11:07,336 [WARNING] src.ingestion: [LTIM.NS] attempt 1 failed: yfinance returned an empty info payload for LTIM.NS (no exception, but no usable data — likely a transient Yahoo-side issue or an invalid/delisted symbol)
2026-08-08 04:11:09,457 [ERROR] yfinance: HTTP Error 404: {"quoteSummary":{"result":null,"error":{"code":"Not Found","description":"Quote not found for symbol: LTIM.NS"}}}
2026-08-08 04:11:09,490 [WARNING] src.ingestion: [LTIM.NS] attempt 2 failed: yfinance returned an empty info payload for LTIM.NS (no exception, but no usable data — likely a transient Yahoo-side issue or an invalid/delisted symbol)
2026-08-08 04:11:13,587 [ERROR] yfinance: HTTP Error 404: {"quoteSummary":{"result":null,"error":{"code":"Not Found","description":"Quote not found for symbol: LTIM.NS"}}}
2026-08-08 04:11:13,620 [WARNING] src.ingestion: [LTIM.NS] attempt 3 failed: yfinance returned an empty info payload for LTIM.NS (no exception, but no usable data — likely a transient Yahoo-side issue or an invalid/delisted symbol)
2026-08-08 04:11:14,021 [INFO] src.ingestion: [PERSISTENT.NS] fetching fresh data
2026-08-08 04:11:14,803 [INFO] src.ingestion: [COFORGE.NS] fetching fresh data
2026-08-08 04:11:15,579 [INFO] src.ingestion: [MPHASIS.NS] fetching fresh data
2026-08-08 04:11:16,398 [INFO] src.ingestion: [LTTS.NS] fetching fresh data
2026-08-08 04:11:17,211 [INFO] src.ingestion: [TATAELXSI.NS] fetching fresh data
2026-08-08 04:11:18,034 [INFO] src.ingestion: [CYIENT.NS] fetching fresh data
2026-08-08 04:11:19,248 [INFO] src.ingestion: [KPITTECH.NS] fetching fresh data
2026-08-08 04:11:20,314 [INFO] src.ingestion: [HDFCBANK.NS] fetching fresh data
2026-08-08 04:11:21,170 [INFO] src.ingestion: [ICICIBANK.NS] fetching fresh data
2026-08-08 04:11:22,078 [INFO] src.ingestion: [SBIN.NS] fetching fresh data
2026-08-08 04:11:22,894 [INFO] src.ingestion: [AXISBANK.NS] fetching fresh data
2026-08-08 04:11:23,650 [INFO] src.ingestion: [KOTAKBANK.NS] fetching fresh data
2026-08-08 04:11:24,413 [INFO] src.ingestion: [INDUSINDBK.NS] fetching fresh data
2026-08-08 04:11:25,182 [INFO] src.ingestion: [FEDERALBNK.NS] fetching fresh data
2026-08-08 04:11:26,000 [INFO] src.ingestion: [BANDHANBNK.NS] fetching fresh data
2026-08-08 04:11:26,812 [INFO] src.ingestion: [IDFCFIRSTB.NS] fetching fresh data
2026-08-08 04:11:27,630 [INFO] src.ingestion: [PNB.NS] fetching fresh data
2026-08-08 04:11:28,467 [INFO] src.ingestion: [BANKBARODA.NS] fetching fresh data
2026-08-08 04:11:29,250 [INFO] src.ingestion: [CANBK.NS] fetching fresh data
2026-08-08 04:11:30,028 [INFO] src.ingestion: [UNIONBANK.NS] fetching fresh data
2026-08-08 04:11:30,794 [INFO] src.ingestion: [AUBANK.NS] fetching fresh data
2026-08-08 04:11:31,583 [INFO] src.ingestion: [RBLBANK.NS] fetching fresh data
2026-08-08 04:11:32,382 [INFO] src.ingestion: [BANKINDIA.NS] fetching fresh data
2026-08-08 04:11:33,134 [INFO] src.ingestion: [CENTRALBK.NS] fetching fresh data
2026-08-08 04:11:33,911 [INFO] src.ingestion: [IOB.NS] fetching fresh data
2026-08-08 04:11:34,644 [INFO] src.ingestion: [UCOBANK.NS] fetching fresh data
2026-08-08 04:11:35,427 [INFO] src.ingestion: [BAJFINANCE.NS] fetching fresh data
2026-08-08 04:11:36,104 [INFO] src.ingestion: [BAJAJFINSV.NS] fetching fresh data
2026-08-08 04:11:36,871 [INFO] src.ingestion: [CHOLAFIN.NS] fetching fresh data
2026-08-08 04:11:37,594 [INFO] src.ingestion: [MUTHOOTFIN.NS] fetching fresh data
2026-08-08 04:11:38,351 [INFO] src.ingestion: [LICHSGFIN.NS] fetching fresh data
2026-08-08 04:11:39,079 [INFO] src.ingestion: [SHRIRAMFIN.NS] fetching fresh data
2026-08-08 04:11:39,788 [INFO] src.ingestion: [PFC.NS] fetching fresh data
2026-08-08 04:11:40,522 [INFO] src.ingestion: [RECLTD.NS] fetching fresh data
2026-08-08 04:11:41,275 [INFO] src.ingestion: [IRFC.NS] fetching fresh data
2026-08-08 04:11:42,001 [INFO] src.ingestion: [HUDCO.NS] fetching fresh data
2026-08-08 04:11:42,772 [INFO] src.ingestion: [BAJAJHLDNG.NS] fetching fresh data
2026-08-08 04:11:43,461 [INFO] src.ingestion: [SBICARD.NS] fetching fresh data
2026-08-08 04:11:44,217 [INFO] src.ingestion: [MANAPPURAM.NS] fetching fresh data
2026-08-08 04:11:44,904 [INFO] src.ingestion: [POONAWALLA.NS] fetching fresh data
2026-08-08 04:11:45,800 [INFO] src.ingestion: [HDFCLIFE.NS] fetching fresh data
2026-08-08 04:11:46,575 [INFO] src.ingestion: [SBILIFE.NS] fetching fresh data
2026-08-08 04:11:47,341 [INFO] src.ingestion: [ICICIPRULI.NS] fetching fresh data
2026-08-08 04:11:48,173 [INFO] src.ingestion: [ICICIGI.NS] fetching fresh data
2026-08-08 04:11:48,948 [INFO] src.ingestion: [LICI.NS] fetching fresh data
2026-08-08 04:11:49,744 [INFO] src.ingestion: [GICRE.NS] fetching fresh data
2026-08-08 04:11:50,630 [INFO] src.ingestion: [MARUTI.NS] fetching fresh data
2026-08-08 04:11:51,446 [INFO] src.ingestion: [TMPV.NS] fetching fresh data
2026-08-08 04:11:52,226 [INFO] src.ingestion: [TMCV.NS] fetching fresh data
2026-08-08 04:11:53,043 [INFO] src.ingestion: [M&M.NS] fetching fresh data
2026-08-08 04:11:53,846 [INFO] src.ingestion: [EICHERMOT.NS] fetching fresh data
2026-08-08 04:11:54,641 [INFO] src.ingestion: [HEROMOTOCO.NS] fetching fresh data
2026-08-08 04:11:55,476 [INFO] src.ingestion: [BAJAJ-AUTO.NS] fetching fresh data
2026-08-08 04:11:56,362 [INFO] src.ingestion: [TVSMOTOR.NS] fetching fresh data
2026-08-08 04:11:57,180 [INFO] src.ingestion: [ASHOKLEY.NS] fetching fresh data
2026-08-08 04:11:58,589 [INFO] src.ingestion: [BHARATFORG.NS] fetching fresh data
2026-08-08 04:11:59,733 [INFO] src.ingestion: [MOTHERSON.NS] fetching fresh data
2026-08-08 04:12:00,557 [INFO] src.ingestion: [BOSCHLTD.NS] fetching fresh data
2026-08-08 04:12:01,391 [INFO] src.ingestion: [MRF.NS] fetching fresh data
2026-08-08 04:12:02,184 [INFO] src.ingestion: [ENDURANCE.NS] fetching fresh data
2026-08-08 04:12:02,997 [INFO] src.ingestion: [EXIDEIND.NS] fetching fresh data
2026-08-08 04:12:03,873 [INFO] src.ingestion: [ARE&M.NS] fetching fresh data
2026-08-08 04:12:04,627 [INFO] src.ingestion: [SUNDRMFAST.NS] fetching fresh data
2026-08-08 04:12:05,765 [INFO] src.ingestion: [UNOMINDA.NS] fetching fresh data
2026-08-08 04:12:06,540 [INFO] src.ingestion: [SUNPHARMA.NS] fetching fresh data
2026-08-08 04:12:07,373 [INFO] src.ingestion: [DRREDDY.NS] fetching fresh data
2026-08-08 04:12:08,209 [INFO] src.ingestion: [CIPLA.NS] fetching fresh data
2026-08-08 04:12:09,089 [INFO] src.ingestion: [DIVISLAB.NS] fetching fresh data
2026-08-08 04:12:09,848 [INFO] src.ingestion: [LUPIN.NS] fetching fresh data
2026-08-08 04:12:10,654 [INFO] src.ingestion: [AUROPHARMA.NS] fetching fresh data
2026-08-08 04:12:11,490 [INFO] src.ingestion: [BIOCON.NS] fetching fresh data
2026-08-08 04:12:12,333 [INFO] src.ingestion: [TORNTPHARM.NS] fetching fresh data
2026-08-08 04:12:13,135 [INFO] src.ingestion: [ALKEM.NS] fetching fresh data
2026-08-08 04:12:14,002 [INFO] src.ingestion: [ABBOTINDIA.NS] fetching fresh data
2026-08-08 04:12:14,799 [INFO] src.ingestion: [APOLLOHOSP.NS] fetching fresh data
2026-08-08 04:12:15,713 [INFO] src.ingestion: [FORTIS.NS] fetching fresh data
2026-08-08 04:12:16,484 [INFO] src.ingestion: [LALPATHLAB.NS] fetching fresh data
2026-08-08 04:12:17,316 [INFO] src.ingestion: [METROPOLIS.NS] fetching fresh data
2026-08-08 04:12:18,161 [INFO] src.ingestion: [GLAND.NS] fetching fresh data
2026-08-08 04:12:19,000 [INFO] src.ingestion: [LAURUSLABS.NS] fetching fresh data
2026-08-08 04:12:19,877 [INFO] src.ingestion: [GLENMARK.NS] fetching fresh data
2026-08-08 04:12:20,659 [INFO] src.ingestion: [IPCALAB.NS] fetching fresh data
2026-08-08 04:12:21,546 [INFO] src.ingestion: [HINDUNILVR.NS] fetching fresh data
2026-08-08 04:12:22,310 [INFO] src.ingestion: [ITC.NS] fetching fresh data
2026-08-08 04:12:23,091 [INFO] src.ingestion: [NESTLEIND.NS] fetching fresh data
2026-08-08 04:12:23,904 [INFO] src.ingestion: [BRITANNIA.NS] fetching fresh data
2026-08-08 04:12:24,700 [INFO] src.ingestion: [DABUR.NS] fetching fresh data
2026-08-08 04:12:25,538 [INFO] src.ingestion: [GODREJCP.NS] fetching fresh data
2026-08-08 04:12:26,296 [INFO] src.ingestion: [MARICO.NS] fetching fresh data
2026-08-08 04:12:27,089 [INFO] src.ingestion: [COLPAL.NS] fetching fresh data
2026-08-08 04:12:27,833 [INFO] src.ingestion: [TATACONSUM.NS] fetching fresh data
2026-08-08 04:12:28,715 [INFO] src.ingestion: [VBL.NS] fetching fresh data
2026-08-08 04:12:29,583 [INFO] src.ingestion: [UNITDSPR.NS] fetching fresh data
2026-08-08 04:12:30,364 [INFO] src.ingestion: [EMAMILTD.NS] fetching fresh data
2026-08-08 04:12:31,164 [INFO] src.ingestion: [TATASTEEL.NS] fetching fresh data
2026-08-08 04:12:31,993 [INFO] src.ingestion: [JSWSTEEL.NS] fetching fresh data
2026-08-08 04:12:32,906 [INFO] src.ingestion: [HINDALCO.NS] fetching fresh data
2026-08-08 04:12:33,682 [INFO] src.ingestion: [VEDL.NS] fetching fresh data
2026-08-08 04:12:34,538 [INFO] src.ingestion: [COALINDIA.NS] fetching fresh data
2026-08-08 04:12:35,357 [INFO] src.ingestion: [NMDC.NS] fetching fresh data
2026-08-08 04:12:36,283 [INFO] src.ingestion: [SAIL.NS] fetching fresh data
2026-08-08 04:12:37,091 [INFO] src.ingestion: [JINDALSTEL.NS] fetching fresh data
2026-08-08 04:12:37,931 [INFO] src.ingestion: [APLAPOLLO.NS] fetching fresh data
2026-08-08 04:12:38,733 [INFO] src.ingestion: [NATIONALUM.NS] fetching fresh data
2026-08-08 04:12:39,503 [INFO] src.ingestion: [HINDCOPPER.NS] fetching fresh data
2026-08-08 04:12:40,356 [INFO] src.ingestion: [RATNAMANI.NS] fetching fresh data
2026-08-08 04:12:41,213 [INFO] src.ingestion: [HINDZINC.NS] fetching fresh data
2026-08-08 04:12:42,011 [INFO] src.ingestion: [WELCORP.NS] fetching fresh data
2026-08-08 04:12:42,781 [INFO] src.ingestion: [JSL.NS] fetching fresh data
2026-08-08 04:12:43,632 [INFO] src.ingestion: [RELIANCE.NS] fetching fresh data
2026-08-08 04:12:44,388 [INFO] src.ingestion: [ONGC.NS] fetching fresh data
2026-08-08 04:12:45,203 [INFO] src.ingestion: [BPCL.NS] fetching fresh data
2026-08-08 04:12:45,946 [INFO] src.ingestion: [IOC.NS] fetching fresh data
2026-08-08 04:12:46,723 [INFO] src.ingestion: [GAIL.NS] fetching fresh data
2026-08-08 04:12:47,637 [INFO] src.ingestion: [NTPC.NS] fetching fresh data
2026-08-08 04:12:48,402 [INFO] src.ingestion: [POWERGRID.NS] fetching fresh data
2026-08-08 04:12:49,152 [INFO] src.ingestion: [TATAPOWER.NS] fetching fresh data
2026-08-08 04:12:50,010 [INFO] src.ingestion: [ADANIGREEN.NS] fetching fresh data
2026-08-08 04:12:50,848 [INFO] src.ingestion: [ADANIPOWER.NS] fetching fresh data
2026-08-08 04:12:51,688 [INFO] src.ingestion: [TORNTPOWER.NS] fetching fresh data
2026-08-08 04:12:52,508 [INFO] src.ingestion: [LT.NS] fetching fresh data
2026-08-08 04:12:53,251 [INFO] src.ingestion: [SIEMENS.NS] fetching fresh data
2026-08-08 04:12:54,025 [INFO] src.ingestion: [ABB.NS] fetching fresh data
2026-08-08 04:12:54,770 [INFO] src.ingestion: [HAL.NS] fetching fresh data
2026-08-08 04:12:55,541 [INFO] src.ingestion: [BEL.NS] fetching fresh data
2026-08-08 04:12:56,393 [INFO] src.ingestion: [BHEL.NS] fetching fresh data
2026-08-08 04:12:57,197 [INFO] src.ingestion: [CUMMINSIND.NS] fetching fresh data
2026-08-08 04:12:57,963 [INFO] src.ingestion: [THERMAX.NS] fetching fresh data
2026-08-08 04:12:58,825 [INFO] src.ingestion: [POLYCAB.NS] fetching fresh data
2026-08-08 04:12:59,652 [INFO] src.ingestion: [KEI.NS] fetching fresh data
2026-08-08 04:13:00,492 [INFO] src.ingestion: [HAVELLS.NS] fetching fresh data
2026-08-08 04:13:01,253 [INFO] src.ingestion: [CROMPTON.NS] fetching fresh data
2026-08-08 04:13:01,993 [INFO] src.ingestion: [SUPREMEIND.NS] fetching fresh data
2026-08-08 04:13:02,862 [INFO] src.ingestion: [ASTRAL.NS] fetching fresh data
2026-08-08 04:13:03,670 [INFO] src.ingestion: [GRINDWELL.NS] fetching fresh data
2026-08-08 04:13:04,460 [INFO] src.ingestion: [CARBORUNIV.NS] fetching fresh data
2026-08-08 04:13:05,303 [INFO] src.ingestion: [TIMKEN.NS] fetching fresh data
2026-08-08 04:13:06,131 [INFO] src.ingestion: [SKFINDIA.NS] fetching fresh data
2026-08-08 04:13:06,939 [INFO] src.ingestion: [SRF.NS] fetching fresh data
2026-08-08 04:13:07,811 [INFO] src.ingestion: [PIIND.NS] fetching fresh data
2026-08-08 04:13:08,565 [INFO] src.ingestion: [DEEPAKNTR.NS] fetching fresh data
2026-08-08 04:13:09,566 [INFO] src.ingestion: [AARTIIND.NS] fetching fresh data
2026-08-08 04:13:10,392 [INFO] src.ingestion: [NAVINFLUOR.NS] fetching fresh data
2026-08-08 04:13:11,255 [INFO] src.ingestion: [UPL.NS] fetching fresh data
2026-08-08 04:13:12,032 [INFO] src.ingestion: [COROMANDEL.NS] fetching fresh data
2026-08-08 04:13:12,895 [INFO] src.ingestion: [CHAMBLFERT.NS] fetching fresh data
2026-08-08 04:13:13,771 [INFO] src.ingestion: [GNFC.NS] fetching fresh data
2026-08-08 04:13:14,597 [INFO] src.ingestion: [PIDILITIND.NS] fetching fresh data
2026-08-08 04:13:15,463 [INFO] src.ingestion: [TATACHEM.NS] fetching fresh data
2026-08-08 04:13:16,269 [INFO] src.ingestion: [GHCL.NS] fetching fresh data
2026-08-08 04:13:17,120 [INFO] src.ingestion: [TITAN.NS] fetching fresh data
2026-08-08 04:13:18,380 [INFO] src.ingestion: [DMART.NS] fetching fresh data
2026-08-08 04:13:19,276 [INFO] src.ingestion: [TRENT.NS] fetching fresh data
2026-08-08 04:13:20,080 [INFO] src.ingestion: [BATAINDIA.NS] fetching fresh data
2026-08-08 04:13:20,831 [INFO] src.ingestion: [PAGEIND.NS] fetching fresh data
2026-08-08 04:13:21,647 [INFO] src.ingestion: [JUBLFOOD.NS] fetching fresh data
2026-08-08 04:13:22,550 [INFO] src.ingestion: [VOLTAS.NS] fetching fresh data
2026-08-08 04:13:23,342 [INFO] src.ingestion: [DIXON.NS] fetching fresh data
2026-08-08 04:13:24,095 [INFO] src.ingestion: [RELAXO.NS] fetching fresh data
2026-08-08 04:13:24,843 [INFO] src.ingestion: [KAJARIACER.NS] fetching fresh data
2026-08-08 04:13:25,760 [INFO] src.ingestion: [WHIRLPOOL.NS] fetching fresh data
2026-08-08 04:13:26,612 [INFO] src.ingestion: [BLUESTARCO.NS] fetching fresh data
2026-08-08 04:13:27,513 [INFO] src.ingestion: [PGHH.NS] fetching fresh data
2026-08-08 04:13:28,366 [INFO] src.ingestion: [GILLETTE.NS] fetching fresh data
2026-08-08 04:13:29,160 [INFO] src.ingestion: [BHARTIARTL.NS] fetching fresh data
2026-08-08 04:13:29,946 [INFO] src.ingestion: [IDEA.NS] fetching fresh data
2026-08-08 04:13:30,764 [INFO] src.ingestion: [INDUSTOWER.NS] fetching fresh data
2026-08-08 04:13:31,585 [INFO] src.ingestion: [PVRINOX.NS] fetching fresh data
2026-08-08 04:13:32,486 [INFO] src.ingestion: [ZEEL.NS] fetching fresh data
2026-08-08 04:13:33,366 [INFO] src.ingestion: [ADANIPORTS.NS] fetching fresh data
2026-08-08 04:13:34,168 [INFO] src.ingestion: [ADANIENT.NS] fetching fresh data
2026-08-08 04:13:35,021 [INFO] src.ingestion: [GMRAIRPORT.NS] fetching fresh data
2026-08-08 04:13:36,101 [INFO] src.ingestion: [CONCOR.NS] fetching fresh data
2026-08-08 04:13:37,037 [INFO] src.ingestion: [IRCTC.NS] fetching fresh data
2026-08-08 04:13:37,880 [INFO] src.ingestion: [INDIGO.NS] fetching fresh data
2026-08-08 04:13:38,770 [INFO] src.ingestion: [RVNL.NS] fetching fresh data
2026-08-08 04:13:39,613 [INFO] src.ingestion: [IRCON.NS] fetching fresh data
2026-08-08 04:13:40,506 [INFO] src.ingestion: [NBCC.NS] fetching fresh data
2026-08-08 04:13:41,281 [INFO] src.ingestion: [NCC.NS] fetching fresh data
2026-08-08 04:13:42,071 [INFO] src.ingestion: [MAZDOCK.NS] fetching fresh data
2026-08-08 04:13:42,962 [INFO] src.ingestion: [COCHINSHIP.NS] fetching fresh data
2026-08-08 04:13:43,765 [INFO] src.ingestion: [DLF.NS] fetching fresh data
2026-08-08 04:13:44,587 [INFO] src.ingestion: [GODREJPROP.NS] fetching fresh data
2026-08-08 04:13:45,496 [INFO] src.ingestion: [OBEROIRLTY.NS] fetching fresh data
2026-08-08 04:13:46,318 [INFO] src.ingestion: [PRESTIGE.NS] fetching fresh data
2026-08-08 04:13:47,122 [INFO] src.ingestion: [PHOENIXLTD.NS] fetching fresh data
2026-08-08 04:13:48,018 [INFO] src.ingestion: [SOBHA.NS] fetching fresh data
2026-08-08 04:13:48,806 [INFO] src.ingestion: Fetched 200/201 tickers successfully
2026-08-08 04:13:48,807 [WARNING] src.ingestion: Failed tickers (excluded from downstream, not silently zeroed): ['LTIM.NS']
2026-08-08 04:13:48,807 [INFO] __main__: Ingestion validation passed: 200/201 tickers (100%)
2026-08-08 04:13:48,807 [INFO] __main__: === Stage 2/8: Cleaning ===
2026-08-08 04:13:48,815 [WARNING] src.cleaning: [LTIM.NS] EXCLUDED: ingestion failed: yfinance returned an empty info payload for LTIM.NS (no exception, but no usable data — likely a transient Yahoo-side issue or an invalid/delisted symbol)
2026-08-08 04:13:48,815 [INFO] src.cleaning: [AARTIIND.NS] non-critical missing fields: ['return_on_equity']
2026-08-08 04:13:48,815 [INFO] src.cleaning: [ACC.NS] non-critical missing fields: ['return_on_equity']
2026-08-08 04:13:48,815 [INFO] src.cleaning: [ADANIENT.NS] non-critical missing fields: ['return_on_equity']
2026-08-08 04:13:48,816 [INFO] src.cleaning: [ADANIGREEN.NS] non-critical missing fields: ['return_on_equity']
2026-08-08 04:13:48,816 [INFO] src.cleaning: [ADANIPORTS.NS] non-critical missing fields: ['return_on_equity']
2026-08-08 04:13:48,816 [INFO] src.cleaning: [ADANIPOWER.NS] non-critical missing fields: ['return_on_equity']
2026-08-08 04:13:48,816 [INFO] src.cleaning: [AMBUJACEM.NS] non-critical missing fields: ['return_on_equity']
2026-08-08 04:13:48,816 [INFO] src.cleaning: [APLAPOLLO.NS] non-critical missing fields: ['return_on_equity']
2026-08-08 04:13:48,816 [INFO] src.cleaning: [AUBANK.NS] non-critical missing fields: ['ev_to_ebitda', 'return_on_equity', 'debt_to_equity']
2026-08-08 04:13:48,816 [INFO] src.cleaning: [AUROPHARMA.NS] non-critical missing fields: ['return_on_equity']
2026-08-08 04:13:48,816 [INFO] src.cleaning: [AXISBANK.NS] non-critical missing fields: ['ev_to_ebitda', 'debt_to_equity']
2026-08-08 04:13:48,816 [INFO] src.cleaning: [BAJAJ-AUTO.NS] non-critical missing fields: ['return_on_equity']
2026-08-08 04:13:48,816 [INFO] src.cleaning: [BAJAJFINSV.NS] non-critical missing fields: ['return_on_equity']
2026-08-08 04:13:48,816 [WARNING] src.cleaning: [BAJAJHLDNG.NS] outlier values flagged: ['net_margin']
2026-08-08 04:13:48,816 [INFO] src.cleaning: [BAJFINANCE.NS] non-critical missing fields: ['ev_to_ebitda', 'return_on_equity']
2026-08-08 04:13:48,816 [INFO] src.cleaning: [BANDHANBNK.NS] non-critical missing fields: ['ev_to_ebitda', 'return_on_equity', 'debt_to_equity']
2026-08-08 04:13:48,816 [INFO] src.cleaning: [BANKBARODA.NS] non-critical missing fields: ['ev_to_ebitda', 'debt_to_equity']
2026-08-08 04:13:48,816 [INFO] src.cleaning: [BANKINDIA.NS] non-critical missing fields: ['ev_to_ebitda', 'debt_to_equity']
2026-08-08 04:13:48,816 [INFO] src.cleaning: [BEL.NS] non-critical missing fields: ['return_on_equity']
2026-08-08 04:13:48,816 [INFO] src.cleaning: [BHEL.NS] non-critical missing fields: ['return_on_equity']
2026-08-08 04:13:48,816 [INFO] src.cleaning: [BIOCON.NS] non-critical missing fields: ['ev_to_ebitda', 'return_on_equity', 'total_debt']
2026-08-08 04:13:48,816 [INFO] src.cleaning: [BLUESTARCO.NS] non-critical missing fields: ['ev_to_ebitda', 'return_on_equity', 'total_debt']
2026-08-08 04:13:48,817 [INFO] src.cleaning: [BPCL.NS] non-critical missing fields: ['return_on_equity']
2026-08-08 04:13:48,817 [INFO] src.cleaning: [BRITANNIA.NS] non-critical missing fields: ['ev_to_ebitda', 'return_on_equity', 'total_debt']
2026-08-08 04:13:48,817 [INFO] src.cleaning: [CANBK.NS] non-critical missing fields: ['ev_to_ebitda', 'return_on_equity', 'debt_to_equity']
2026-08-08 04:13:48,817 [INFO] src.cleaning: [CENTRALBK.NS] non-critical missing fields: ['ev_to_ebitda', 'debt_to_equity']
2026-08-08 04:13:48,817 [INFO] src.cleaning: [CHAMBLFERT.NS] non-critical missing fields: ['return_on_equity']
2026-08-08 04:13:48,817 [INFO] src.cleaning: [CHOLAFIN.NS] non-critical missing fields: ['ev_to_ebitda', 'return_on_equity']
2026-08-08 04:13:48,817 [INFO] src.cleaning: [CIPLA.NS] non-critical missing fields: ['return_on_equity']
2026-08-08 04:13:48,817 [INFO] src.cleaning: [COALINDIA.NS] non-critical missing fields: ['return_on_equity']
2026-08-08 04:13:48,817 [INFO] src.cleaning: [COFORGE.NS] non-critical missing fields: ['return_on_equity']
2026-08-08 04:13:48,817 [INFO] src.cleaning: [COLPAL.NS] non-critical missing fields: ['return_on_equity']
2026-08-08 04:13:48,817 [INFO] src.cleaning: [CONCOR.NS] non-critical missing fields: ['return_on_equity']
2026-08-08 04:13:48,817 [INFO] src.cleaning: [COROMANDEL.NS] non-critical missing fields: ['return_on_equity']
2026-08-08 04:13:48,817 [INFO] src.cleaning: [CROMPTON.NS] non-critical missing fields: ['trailing_pe', 'ev_to_ebitda', 'return_on_equity', 'total_debt']
2026-08-08 04:13:48,817 [INFO] src.cleaning: [CUMMINSIND.NS] non-critical missing fields: ['return_on_equity']
2026-08-08 04:13:48,817 [INFO] src.cleaning: [CYIENT.NS] non-critical missing fields: ['return_on_equity']
2026-08-08 04:13:48,817 [INFO] src.cleaning: [DABUR.NS] non-critical missing fields: ['return_on_equity']
2026-08-08 04:13:48,817 [INFO] src.cleaning: [DALBHARAT.NS] non-critical missing fields: ['return_on_equity']
2026-08-08 04:13:48,817 [INFO] src.cleaning: [DIVISLAB.NS] non-critical missing fields: ['return_on_equity']
2026-08-08 04:13:48,818 [INFO] src.cleaning: [DIXON.NS] non-critical missing fields: ['return_on_equity']
2026-08-08 04:13:48,818 [INFO] src.cleaning: [DMART.NS] non-critical missing fields: ['return_on_equity']
2026-08-08 04:13:48,818 [INFO] src.cleaning: [EICHERMOT.NS] non-critical missing fields: ['return_on_equity']
2026-08-08 04:13:48,818 [INFO] src.cleaning: [EMAMILTD.NS] non-critical missing fields: ['return_on_equity']
2026-08-08 04:13:48,818 [INFO] src.cleaning: [EXIDEIND.NS] non-critical missing fields: ['return_on_equity']
2026-08-08 04:13:48,818 [INFO] src.cleaning: [FEDERALBNK.NS] non-critical missing fields: ['ev_to_ebitda', 'return_on_equity', 'debt_to_equity']
2026-08-08 04:13:48,818 [INFO] src.cleaning: [FORTIS.NS] non-critical missing fields: ['ev_to_ebitda', 'return_on_equity', 'total_debt']
2026-08-08 04:13:48,818 [INFO] src.cleaning: [GAIL.NS] non-critical missing fields: ['return_on_equity']
2026-08-08 04:13:48,818 [INFO] src.cleaning: [GHCL.NS] non-critical missing fields: ['return_on_equity']
2026-08-08 04:13:48,818 [INFO] src.cleaning: [GICRE.NS] non-critical missing fields: ['debt_to_equity']
2026-08-08 04:13:48,818 [INFO] src.cleaning: [GILLETTE.NS] non-critical missing fields: ['return_on_equity']
2026-08-08 04:13:48,818 [INFO] src.cleaning: [GLENMARK.NS] non-critical missing fields: ['return_on_equity']
2026-08-08 04:13:48,818 [WARNING] src.cleaning: [GMRAIRPORT.NS] outlier values flagged: ['trailing_pe']
2026-08-08 04:13:48,818 [WARNING] src.cleaning: [GMRAIRPORT.NS] negative/zero equity — DuPont ROE math will be invalid downstream
2026-08-08 04:13:48,818 [INFO] src.cleaning: [GMRAIRPORT.NS] non-critical missing fields: ['return_on_equity', 'debt_to_equity']
2026-08-08 04:13:48,818 [INFO] src.cleaning: [GNFC.NS] non-critical missing fields: ['ev_to_ebitda', 'return_on_equity', 'total_debt']
2026-08-08 04:13:48,818 [INFO] src.cleaning: [GODREJPROP.NS] non-critical missing fields: ['return_on_equity']
2026-08-08 04:13:48,818 [INFO] src.cleaning: [GRINDWELL.NS] non-critical missing fields: ['return_on_equity']
2026-08-08 04:13:48,818 [INFO] src.cleaning: [HAVELLS.NS] non-critical missing fields: ['return_on_equity']
2026-08-08 04:13:48,818 [WARNING] src.cleaning: [HCLTECH.NS] outlier values flagged: ['ev_to_ebitda']
2026-08-08 04:13:48,818 [INFO] src.cleaning: [HDFCBANK.NS] non-critical missing fields: ['ev_to_ebitda', 'debt_to_equity']
2026-08-08 04:13:48,818 [INFO] src.cleaning: [HEIDELBERG.NS] non-critical missing fields: ['return_on_equity']
2026-08-08 04:13:48,819 [INFO] src.cleaning: [HINDUNILVR.NS] non-critical missing fields: ['return_on_equity']
2026-08-08 04:13:48,819 [INFO] src.cleaning: [HINDZINC.NS] non-critical missing fields: ['return_on_equity']
2026-08-08 04:13:48,819 [INFO] src.cleaning: [HUDCO.NS] non-critical missing fields: ['ev_to_ebitda', 'return_on_equity']
2026-08-08 04:13:48,819 [INFO] src.cleaning: [ICICIBANK.NS] non-critical missing fields: ['ev_to_ebitda', 'debt_to_equity']
2026-08-08 04:13:48,819 [INFO] src.cleaning: [ICICIGI.NS] non-critical missing fields: ['debt_to_equity']
2026-08-08 04:13:48,819 [WARNING] src.cleaning: [IDEA.NS] negative/zero equity — DuPont ROE math will be invalid downstream
2026-08-08 04:13:48,819 [INFO] src.cleaning: [IDEA.NS] non-critical missing fields: ['return_on_equity', 'debt_to_equity']
2026-08-08 04:13:48,819 [INFO] src.cleaning: [IDFCFIRSTB.NS] non-critical missing fields: ['ev_to_ebitda', 'return_on_equity', 'debt_to_equity', 'total_debt']
2026-08-08 04:13:48,819 [INFO] src.cleaning: [INDIGO.NS] non-critical missing fields: ['trailing_pe', 'return_on_equity']
2026-08-08 04:13:48,819 [INFO] src.cleaning: [INDUSINDBK.NS] non-critical missing fields: ['ev_to_ebitda', 'return_on_equity', 'debt_to_equity']
2026-08-08 04:13:48,819 [WARNING] src.cleaning: [INFY.NS] outlier values flagged: ['ev_to_ebitda']
2026-08-08 04:13:48,819 [INFO] src.cleaning: [IOB.NS] non-critical missing fields: ['ev_to_ebitda', 'debt_to_equity']
2026-08-08 04:13:48,819 [INFO] src.cleaning: [IOC.NS] non-critical missing fields: ['return_on_equity']
2026-08-08 04:13:48,819 [INFO] src.cleaning: [IRFC.NS] non-critical missing fields: ['ev_to_ebitda', 'return_on_equity']
2026-08-08 04:13:48,819 [INFO] src.cleaning: [ITC.NS] non-critical missing fields: ['return_on_equity']
2026-08-08 04:13:48,819 [INFO] src.cleaning: [JINDALSTEL.NS] non-critical missing fields: ['return_on_equity']
2026-08-08 04:13:48,819 [INFO] src.cleaning: [JKCEMENT.NS] non-critical missing fields: ['return_on_equity']
2026-08-08 04:13:48,819 [INFO] src.cleaning: [JSL.NS] non-critical missing fields: ['return_on_equity']
2026-08-08 04:13:48,819 [INFO] src.cleaning: [JSWSTEEL.NS] non-critical missing fields: ['return_on_equity']
2026-08-08 04:13:48,819 [INFO] src.cleaning: [KAJARIACER.NS] non-critical missing fields: ['return_on_equity']
2026-08-08 04:13:48,819 [INFO] src.cleaning: [KEI.NS] non-critical missing fields: ['return_on_equity']
2026-08-08 04:13:48,819 [INFO] src.cleaning: [KOTAKBANK.NS] non-critical missing fields: ['ev_to_ebitda', 'return_on_equity', 'debt_to_equity']
2026-08-08 04:13:48,819 [INFO] src.cleaning: [KPITTECH.NS] non-critical missing fields: ['return_on_equity']
2026-08-08 04:13:48,819 [INFO] src.cleaning: [LALPATHLAB.NS] non-critical missing fields: ['return_on_equity']
2026-08-08 04:13:48,819 [INFO] src.cleaning: [LAURUSLABS.NS] non-critical missing fields: ['return_on_equity']
2026-08-08 04:13:48,819 [INFO] src.cleaning: [LICHSGFIN.NS] non-critical missing fields: ['ev_to_ebitda', 'return_on_equity']
2026-08-08 04:13:48,819 [INFO] src.cleaning: [LICI.NS] non-critical missing fields: ['ev_to_ebitda', 'return_on_equity', 'total_debt']
2026-08-08 04:13:48,820 [INFO] src.cleaning: [LTTS.NS] non-critical missing fields: ['return_on_equity']
2026-08-08 04:13:48,820 [INFO] src.cleaning: [LT.NS] non-critical missing fields: ['return_on_equity']
2026-08-08 04:13:48,820 [INFO] src.cleaning: [M&M.NS] non-critical missing fields: ['return_on_equity']
2026-08-08 04:13:48,820 [INFO] src.cleaning: [MANAPPURAM.NS] non-critical missing fields: ['ev_to_ebitda']
2026-08-08 04:13:48,820 [INFO] src.cleaning: [MARICO.NS] non-critical missing fields: ['return_on_equity']
2026-08-08 04:13:48,820 [INFO] src.cleaning: [MARUTI.NS] non-critical missing fields: ['return_on_equity']
2026-08-08 04:13:48,820 [INFO] src.cleaning: [MAZDOCK.NS] non-critical missing fields: ['return_on_equity']
2026-08-08 04:13:48,820 [INFO] src.cleaning: [METROPOLIS.NS] non-critical missing fields: ['return_on_equity']
2026-08-08 04:13:48,820 [INFO] src.cleaning: [MOTHERSON.NS] non-critical missing fields: ['return_on_equity']
2026-08-08 04:13:48,820 [INFO] src.cleaning: [MUTHOOTFIN.NS] non-critical missing fields: ['ev_to_ebitda']
2026-08-08 04:13:48,820 [INFO] src.cleaning: [NATIONALUM.NS] non-critical missing fields: ['return_on_equity']
2026-08-08 04:13:48,820 [INFO] src.cleaning: [NAVINFLUOR.NS] non-critical missing fields: ['ev_to_ebitda', 'return_on_equity', 'total_debt']
2026-08-08 04:13:48,820 [INFO] src.cleaning: [NESTLEIND.NS] non-critical missing fields: ['return_on_equity']
2026-08-08 04:13:48,820 [INFO] src.cleaning: [NTPC.NS] non-critical missing fields: ['return_on_equity']
2026-08-08 04:13:48,820 [INFO] src.cleaning: [OBEROIRLTY.NS] non-critical missing fields: ['return_on_equity']
2026-08-08 04:13:48,820 [INFO] src.cleaning: [ONGC.NS] non-critical missing fields: ['return_on_equity']
2026-08-08 04:13:48,820 [INFO] src.cleaning: [PERSISTENT.NS] non-critical missing fields: ['return_on_equity']
2026-08-08 04:13:48,820 [INFO] src.cleaning: [PFC.NS] non-critical missing fields: ['ev_to_ebitda']
2026-08-08 04:13:48,820 [INFO] src.cleaning: [PGHH.NS] non-critical missing fields: ['return_on_equity']
2026-08-08 04:13:48,820 [INFO] src.cleaning: [PHOENIXLTD.NS] non-critical missing fields: ['return_on_equity']
2026-08-08 04:13:48,820 [INFO] src.cleaning: [PIDILITIND.NS] non-critical missing fields: ['return_on_equity']
2026-08-08 04:13:48,820 [INFO] src.cleaning: [PNB.NS] non-critical missing fields: ['ev_to_ebitda', 'debt_to_equity']
2026-08-08 04:13:48,820 [INFO] src.cleaning: [POONAWALLA.NS] non-critical missing fields: ['ev_to_ebitda', 'return_on_equity']
2026-08-08 04:13:48,820 [INFO] src.cleaning: [POWERGRID.NS] non-critical missing fields: ['return_on_equity']
2026-08-08 04:13:48,820 [INFO] src.cleaning: [PVRINOX.NS] non-critical missing fields: ['return_on_equity']
2026-08-08 04:13:48,821 [INFO] src.cleaning: [RBLBANK.NS] non-critical missing fields: ['ev_to_ebitda', 'return_on_equity', 'debt_to_equity']
2026-08-08 04:13:48,821 [INFO] src.cleaning: [RECLTD.NS] non-critical missing fields: ['ev_to_ebitda', 'return_on_equity']
2026-08-08 04:13:48,821 [INFO] src.cleaning: [RELIANCE.NS] non-critical missing fields: ['return_on_equity']
2026-08-08 04:13:48,821 [INFO] src.cleaning: [SAIL.NS] non-critical missing fields: ['return_on_equity']
2026-08-08 04:13:48,821 [INFO] src.cleaning: [SBICARD.NS] non-critical missing fields: ['ev_to_ebitda', 'return_on_equity']
2026-08-08 04:13:48,821 [INFO] src.cleaning: [SBILIFE.NS] non-critical missing fields: ['debt_to_equity']
2026-08-08 04:13:48,821 [INFO] src.cleaning: [SBIN.NS] non-critical missing fields: ['ev_to_ebitda', 'debt_to_equity']
2026-08-08 04:13:48,821 [INFO] src.cleaning: [SHREECEM.NS] non-critical missing fields: ['return_on_equity']
2026-08-08 04:13:48,821 [INFO] src.cleaning: [SHRIRAMFIN.NS] non-critical missing fields: ['ev_to_ebitda']
2026-08-08 04:13:48,821 [INFO] src.cleaning: [SIEMENS.NS] non-critical missing fields: ['return_on_equity']
2026-08-08 04:13:48,821 [INFO] src.cleaning: [SOBHA.NS] non-critical missing fields: ['return_on_equity']
2026-08-08 04:13:48,821 [INFO] src.cleaning: [SRF.NS] non-critical missing fields: ['return_on_equity']
2026-08-08 04:13:48,821 [INFO] src.cleaning: [SUNDRMFAST.NS] non-critical missing fields: ['return_on_equity']
2026-08-08 04:13:48,821 [INFO] src.cleaning: [SUNPHARMA.NS] non-critical missing fields: ['return_on_equity']
2026-08-08 04:13:48,821 [INFO] src.cleaning: [SUPREMEIND.NS] non-critical missing fields: ['return_on_equity']
2026-08-08 04:13:48,821 [INFO] src.cleaning: [TATACHEM.NS] non-critical missing fields: ['trailing_pe', 'return_on_equity']
2026-08-08 04:13:48,821 [INFO] src.cleaning: [TATACONSUM.NS] non-critical missing fields: ['return_on_equity']
2026-08-08 04:13:48,821 [INFO] src.cleaning: [TATAELXSI.NS] non-critical missing fields: ['return_on_equity']
2026-08-08 04:13:48,821 [INFO] src.cleaning: [TATAPOWER.NS] non-critical missing fields: ['return_on_equity']
2026-08-08 04:13:48,821 [INFO] src.cleaning: [TATASTEEL.NS] non-critical missing fields: ['return_on_equity']
2026-08-08 04:13:48,821 [INFO] src.cleaning: [TECHM.NS] non-critical missing fields: ['return_on_equity']
2026-08-08 04:13:48,821 [INFO] src.cleaning: [THERMAX.NS] non-critical missing fields: ['return_on_equity']
2026-08-08 04:13:48,821 [INFO] src.cleaning: [TIMKEN.NS] non-critical missing fields: ['ev_to_ebitda', 'return_on_equity', 'total_debt']
2026-08-08 04:13:48,821 [INFO] src.cleaning: [TMPV.NS] non-critical missing fields: ['trailing_pe']
2026-08-08 04:13:48,821 [INFO] src.cleaning: [TORNTPHARM.NS] non-critical missing fields: ['return_on_equity']
2026-08-08 04:13:48,821 [INFO] src.cleaning: [TORNTPOWER.NS] non-critical missing fields: ['return_on_equity']
2026-08-08 04:13:48,821 [INFO] src.cleaning: [TRENT.NS] non-critical missing fields: ['return_on_equity']
2026-08-08 04:13:48,822 [INFO] src.cleaning: [TVSMOTOR.NS] non-critical missing fields: ['return_on_equity']
2026-08-08 04:13:48,822 [INFO] src.cleaning: [UCOBANK.NS] non-critical missing fields: ['ev_to_ebitda', 'debt_to_equity']
2026-08-08 04:13:48,822 [INFO] src.cleaning: [ULTRACEMCO.NS] non-critical missing fields: ['return_on_equity']
2026-08-08 04:13:48,822 [INFO] src.cleaning: [UNIONBANK.NS] non-critical missing fields: ['ev_to_ebitda', 'debt_to_equity', 'revenue_growth', 'total_debt']
2026-08-08 04:13:48,822 [INFO] src.cleaning: [UNITDSPR.NS] non-critical missing fields: ['return_on_equity']
2026-08-08 04:13:48,822 [INFO] src.cleaning: [UNOMINDA.NS] non-critical missing fields: ['return_on_equity']
2026-08-08 04:13:48,822 [INFO] src.cleaning: [UPL.NS] non-critical missing fields: ['return_on_equity']
2026-08-08 04:13:48,822 [INFO] src.cleaning: [VEDL.NS] non-critical missing fields: ['return_on_equity']
2026-08-08 04:13:48,822 [INFO] src.cleaning: [WELCORP.NS] non-critical missing fields: ['return_on_equity']
2026-08-08 04:13:48,822 [INFO] src.cleaning: [WHIRLPOOL.NS] non-critical missing fields: ['ev_to_ebitda', 'return_on_equity', 'total_debt']
2026-08-08 04:13:48,829 [INFO] src.cleaning: Cleaned 200/201 tickers -> data/processed/cleaned_universe.csv
2026-08-08 04:13:48,829 [INFO] src.cleaning: Full flag audit trail -> data/processed/cleaning_flags.csv
2026-08-08 04:13:48,829 [INFO] __main__: Cleaning validation passed: 200/201 tickers retained (100%)
2026-08-08 04:13:48,829 [INFO] __main__: === Stage 3/8: Scoring ===
2026-08-08 04:13:48,887 [INFO] src.scoring: Scored 200 companies -> data/processed/scored_universe.csv
2026-08-08 04:13:48,887 [INFO] src.scoring: Top 10 shortlist -> data/processed/shortlist_top_n.csv
2026-08-08 04:13:48,888 [WARNING] src.scoring: 25 companies scored on fewer than all 4 buckets (reweighted, not zero-filled) — see 'buckets_used' column: ['IOB.NS', 'UNIONBANK.NS', 'PNB.NS', 'BANKINDIA.NS', 'ICICIGI.NS', 'CANBK.NS', 'IDEA.NS', 'GICRE.NS', 'FEDERALBNK.NS', 'UCOBANK.NS', 'BANKBARODA.NS', 'AXISBANK.NS', 'KOTAKBANK.NS', 'ICICIBANK.NS', 'CENTRALBK.NS', 'SBILIFE.NS', 'SBIN.NS', 'HDFCBANK.NS', 'GMRAIRPORT.NS', 'AUBANK.NS', 'BANDHANBNK.NS', 'IDFCFIRSTB.NS', 'RBLBANK.NS', 'CROMPTON.NS', 'INDUSINDBK.NS']
2026-08-08 04:13:48,889 [INFO] __main__: Scoring validation passed: 200 companies ranked, all scores in valid range
2026-08-08 04:13:48,889 [INFO] __main__: === Stage 4/8: Comps + DuPont ===
2026-08-08 04:13:48,900 [INFO] src.comps_dupont: Comps + DuPont report for top 10 -> data/processed/comps_dupont_report.csv
2026-08-08 04:13:48,901 [WARNING] src.comps_dupont: 1 companies have a DuPont-implied ROE that diverges >5pp from reported ROE (possible data inconsistency, worth a manual check): ['IOB.NS']
2026-08-08 04:13:48,901 [INFO] __main__: === Stage 5/8: Explainability ===
2026-08-08 04:13:48,936 [INFO] src.explainability: Explanations for top 10 companies -> data/processed/explanations.csv
2026-08-08 04:13:48,936 [INFO] __main__: === Stage 6/8: Baseline Comparison ===
2026-08-08 04:13:48,943 [INFO] src.baseline_comparison: Baseline comparison -> data/processed/baseline_comparison.csv
2026-08-08 04:13:48,943 [INFO] __main__: === Stage 7/8: Acquisition Likelihood ===
2026-08-08 04:13:48,946 [INFO] src.acquisition_likelihood: 2 companies excluded from acquisition-likelihood scoring (negative/zero equity — financial distress, not a value-target thesis): ['IDEA.NS', 'GMRAIRPORT.NS']
2026-08-08 04:13:48,956 [INFO] src.acquisition_likelihood: Acquisition likelihood scoring -> data/processed/acquisition_likelihood.csv
2026-08-08 04:13:48,956 [INFO] __main__: === Stage 8/8: Historical Snapshot ===
2026-08-08 04:13:48,963 [INFO] src.history_tracker: Recorded shortlist snapshot for 2026-08-08 (10 companies) -> data/history/shortlist_history.csv (5 distinct days tracked so far)
2026-08-08 04:13:48,968 [INFO] src.history_tracker: Recorded acquisition-likelihood snapshot for 2026-08-08 (10 companies) -> data/history/acquisition_likelihood_history.csv (5 distinct days tracked so far)
2026-08-08 04:13:48,968 [INFO] __main__: === Pipeline completed successfully ===
2026-08-08 04:13:48,968 [INFO] __main__:   ingestion: {'total': 201, 'ok': 200}
2026-08-08 04:13:48,968 [INFO] __main__:   cleaning: {'retained': 200, 'input': 201}
2026-08-08 04:13:48,968 [INFO] __main__:   scoring: {'ranked': 200}
2026-08-08 04:13:48,969 [INFO] __main__:   comps_dupont: {'companies': 10}
2026-08-08 04:13:48,969 [INFO] __main__:   explainability: {'companies': 10}
2026-08-08 04:13:48,969 [INFO] __main__:   baseline_comparison: {'correlation': np.float64(0.4613350501887123), 'overlap_pct': 0.0}
2026-08-08 04:13:48,969 [INFO] __main__:   acquisition_likelihood: {'companies': 10}
2026-08-08 04:13:48,969 [INFO] __main__:   history_tracker: {'recorded': True}
