2026-07-20 06:18:28,232 [INFO] __main__: Logging to file: logs/pipeline_run_2026-07-20T06-18-28Z.log
2026-07-20 06:18:28,232 [INFO] __main__: === Stage 1/8: Ingestion ===
2026-07-20 06:18:28,254 [INFO] src.ingestion: [ACC.NS] fetching fresh data
2026-07-20 06:18:29,304 [INFO] src.ingestion: [AMBUJACEM.NS] fetching fresh data
2026-07-20 06:18:30,071 [INFO] src.ingestion: [ULTRACEMCO.NS] fetching fresh data
2026-07-20 06:18:31,053 [INFO] src.ingestion: [SHREECEM.NS] fetching fresh data
2026-07-20 06:18:31,841 [INFO] src.ingestion: [JKCEMENT.NS] fetching fresh data
2026-07-20 06:18:32,644 [INFO] src.ingestion: [RAMCOCEM.NS] fetching fresh data
2026-07-20 06:18:33,511 [INFO] src.ingestion: [HEIDELBERG.NS] fetching fresh data
2026-07-20 06:18:34,326 [INFO] src.ingestion: [DALBHARAT.NS] fetching fresh data
2026-07-20 06:18:35,164 [INFO] src.ingestion: [INFY.NS] fetching fresh data
2026-07-20 06:18:36,057 [INFO] src.ingestion: [TCS.NS] fetching fresh data
2026-07-20 06:18:37,310 [INFO] src.ingestion: [WIPRO.NS] fetching fresh data
2026-07-20 06:18:38,288 [INFO] src.ingestion: [HCLTECH.NS] fetching fresh data
2026-07-20 06:18:39,216 [INFO] src.ingestion: [TECHM.NS] fetching fresh data
2026-07-20 06:18:40,058 [INFO] src.ingestion: [LTIM.NS] fetching fresh data
2026-07-20 06:18:40,210 [ERROR] yfinance: HTTP Error 404: {"quoteSummary":{"result":null,"error":{"code":"Not Found","description":"Quote not found for symbol: LTIM.NS"}}}
2026-07-20 06:18:40,323 [WARNING] src.ingestion: [LTIM.NS] attempt 1 failed: yfinance returned an empty info payload for LTIM.NS (no exception, but no usable data — likely a transient Yahoo-side issue or an invalid/delisted symbol)
2026-07-20 06:18:42,568 [ERROR] yfinance: HTTP Error 404: {"quoteSummary":{"result":null,"error":{"code":"Not Found","description":"Quote not found for symbol: LTIM.NS"}}}
2026-07-20 06:18:42,623 [WARNING] src.ingestion: [LTIM.NS] attempt 2 failed: yfinance returned an empty info payload for LTIM.NS (no exception, but no usable data — likely a transient Yahoo-side issue or an invalid/delisted symbol)
2026-07-20 06:18:46,869 [ERROR] yfinance: HTTP Error 404: {"quoteSummary":{"result":null,"error":{"code":"Not Found","description":"Quote not found for symbol: LTIM.NS"}}}
2026-07-20 06:18:46,912 [WARNING] src.ingestion: [LTIM.NS] attempt 3 failed: yfinance returned an empty info payload for LTIM.NS (no exception, but no usable data — likely a transient Yahoo-side issue or an invalid/delisted symbol)
2026-07-20 06:18:47,313 [INFO] src.ingestion: [PERSISTENT.NS] fetching fresh data
2026-07-20 06:18:48,090 [INFO] src.ingestion: [COFORGE.NS] fetching fresh data
2026-07-20 06:18:48,927 [INFO] src.ingestion: [MPHASIS.NS] fetching fresh data
2026-07-20 06:18:49,814 [INFO] src.ingestion: [LTTS.NS] fetching fresh data
2026-07-20 06:18:50,794 [INFO] src.ingestion: [TATAELXSI.NS] fetching fresh data
2026-07-20 06:18:51,700 [INFO] src.ingestion: [CYIENT.NS] fetching fresh data
2026-07-20 06:18:52,611 [INFO] src.ingestion: [KPITTECH.NS] fetching fresh data
2026-07-20 06:18:53,550 [INFO] src.ingestion: [HDFCBANK.NS] fetching fresh data
2026-07-20 06:18:54,520 [INFO] src.ingestion: [ICICIBANK.NS] fetching fresh data
2026-07-20 06:18:55,418 [INFO] src.ingestion: [SBIN.NS] fetching fresh data
2026-07-20 06:18:56,145 [INFO] src.ingestion: [AXISBANK.NS] fetching fresh data
2026-07-20 06:18:56,918 [INFO] src.ingestion: [KOTAKBANK.NS] fetching fresh data
2026-07-20 06:18:57,709 [INFO] src.ingestion: [INDUSINDBK.NS] fetching fresh data
2026-07-20 06:18:58,481 [INFO] src.ingestion: [FEDERALBNK.NS] fetching fresh data
2026-07-20 06:18:59,305 [INFO] src.ingestion: [BANDHANBNK.NS] fetching fresh data
2026-07-20 06:19:00,249 [INFO] src.ingestion: [IDFCFIRSTB.NS] fetching fresh data
2026-07-20 06:19:01,085 [INFO] src.ingestion: [PNB.NS] fetching fresh data
2026-07-20 06:19:01,851 [INFO] src.ingestion: [BANKBARODA.NS] fetching fresh data
2026-07-20 06:19:02,806 [INFO] src.ingestion: [CANBK.NS] fetching fresh data
2026-07-20 06:19:03,695 [INFO] src.ingestion: [UNIONBANK.NS] fetching fresh data
2026-07-20 06:19:04,440 [INFO] src.ingestion: [AUBANK.NS] fetching fresh data
2026-07-20 06:19:05,244 [INFO] src.ingestion: [RBLBANK.NS] fetching fresh data
2026-07-20 06:19:06,123 [INFO] src.ingestion: [BANKINDIA.NS] fetching fresh data
2026-07-20 06:19:07,103 [INFO] src.ingestion: [CENTRALBK.NS] fetching fresh data
2026-07-20 06:19:07,920 [INFO] src.ingestion: [IOB.NS] fetching fresh data
2026-07-20 06:19:08,927 [INFO] src.ingestion: [UCOBANK.NS] fetching fresh data
2026-07-20 06:19:09,706 [INFO] src.ingestion: [BAJFINANCE.NS] fetching fresh data
2026-07-20 06:19:10,480 [INFO] src.ingestion: [BAJAJFINSV.NS] fetching fresh data
2026-07-20 06:19:11,282 [INFO] src.ingestion: [CHOLAFIN.NS] fetching fresh data
2026-07-20 06:19:12,057 [INFO] src.ingestion: [MUTHOOTFIN.NS] fetching fresh data
2026-07-20 06:19:12,970 [INFO] src.ingestion: [LICHSGFIN.NS] fetching fresh data
2026-07-20 06:19:13,904 [INFO] src.ingestion: [SHRIRAMFIN.NS] fetching fresh data
2026-07-20 06:19:14,723 [INFO] src.ingestion: [PFC.NS] fetching fresh data
2026-07-20 06:19:15,757 [INFO] src.ingestion: [RECLTD.NS] fetching fresh data
2026-07-20 06:19:16,557 [INFO] src.ingestion: [IRFC.NS] fetching fresh data
2026-07-20 06:19:17,362 [INFO] src.ingestion: [HUDCO.NS] fetching fresh data
2026-07-20 06:19:18,442 [INFO] src.ingestion: [BAJAJHLDNG.NS] fetching fresh data
2026-07-20 06:19:19,318 [INFO] src.ingestion: [SBICARD.NS] fetching fresh data
2026-07-20 06:19:20,086 [INFO] src.ingestion: [MANAPPURAM.NS] fetching fresh data
2026-07-20 06:19:20,891 [INFO] src.ingestion: [POONAWALLA.NS] fetching fresh data
2026-07-20 06:19:21,828 [INFO] src.ingestion: [HDFCLIFE.NS] fetching fresh data
2026-07-20 06:19:22,732 [INFO] src.ingestion: [SBILIFE.NS] fetching fresh data
2026-07-20 06:19:23,580 [INFO] src.ingestion: [ICICIPRULI.NS] fetching fresh data
2026-07-20 06:19:24,566 [INFO] src.ingestion: [ICICIGI.NS] fetching fresh data
2026-07-20 06:19:25,459 [INFO] src.ingestion: [LICI.NS] fetching fresh data
2026-07-20 06:19:26,259 [INFO] src.ingestion: [GICRE.NS] fetching fresh data
2026-07-20 06:19:27,103 [INFO] src.ingestion: [MARUTI.NS] fetching fresh data
2026-07-20 06:19:28,129 [INFO] src.ingestion: [TMPV.NS] fetching fresh data
2026-07-20 06:19:29,069 [INFO] src.ingestion: [TMCV.NS] fetching fresh data
2026-07-20 06:19:29,849 [INFO] src.ingestion: [M&M.NS] fetching fresh data
2026-07-20 06:19:30,643 [INFO] src.ingestion: [EICHERMOT.NS] fetching fresh data
2026-07-20 06:19:31,493 [INFO] src.ingestion: [HEROMOTOCO.NS] fetching fresh data
2026-07-20 06:19:32,336 [INFO] src.ingestion: [BAJAJ-AUTO.NS] fetching fresh data
2026-07-20 06:19:33,130 [INFO] src.ingestion: [TVSMOTOR.NS] fetching fresh data
2026-07-20 06:19:33,947 [INFO] src.ingestion: [ASHOKLEY.NS] fetching fresh data
2026-07-20 06:19:34,759 [INFO] src.ingestion: [BHARATFORG.NS] fetching fresh data
2026-07-20 06:19:35,696 [INFO] src.ingestion: [MOTHERSON.NS] fetching fresh data
2026-07-20 06:19:36,621 [INFO] src.ingestion: [BOSCHLTD.NS] fetching fresh data
2026-07-20 06:19:37,572 [INFO] src.ingestion: [MRF.NS] fetching fresh data
2026-07-20 06:19:38,479 [INFO] src.ingestion: [ENDURANCE.NS] fetching fresh data
2026-07-20 06:19:39,415 [INFO] src.ingestion: [EXIDEIND.NS] fetching fresh data
2026-07-20 06:19:40,288 [INFO] src.ingestion: [ARE&M.NS] fetching fresh data
2026-07-20 06:19:41,076 [INFO] src.ingestion: [SUNDRMFAST.NS] fetching fresh data
2026-07-20 06:19:41,914 [INFO] src.ingestion: [UNOMINDA.NS] fetching fresh data
2026-07-20 06:19:42,800 [INFO] src.ingestion: [SUNPHARMA.NS] fetching fresh data
2026-07-20 06:19:43,621 [INFO] src.ingestion: [DRREDDY.NS] fetching fresh data
2026-07-20 06:19:44,448 [INFO] src.ingestion: [CIPLA.NS] fetching fresh data
2026-07-20 06:19:45,348 [INFO] src.ingestion: [DIVISLAB.NS] fetching fresh data
2026-07-20 06:19:46,154 [INFO] src.ingestion: [LUPIN.NS] fetching fresh data
2026-07-20 06:19:46,892 [INFO] src.ingestion: [AUROPHARMA.NS] fetching fresh data
2026-07-20 06:19:47,760 [INFO] src.ingestion: [BIOCON.NS] fetching fresh data
2026-07-20 06:19:48,527 [INFO] src.ingestion: [TORNTPHARM.NS] fetching fresh data
2026-07-20 06:19:49,493 [INFO] src.ingestion: [ALKEM.NS] fetching fresh data
2026-07-20 06:19:50,392 [INFO] src.ingestion: [ABBOTINDIA.NS] fetching fresh data
2026-07-20 06:19:51,291 [INFO] src.ingestion: [APOLLOHOSP.NS] fetching fresh data
2026-07-20 06:19:52,099 [INFO] src.ingestion: [FORTIS.NS] fetching fresh data
2026-07-20 06:19:53,063 [INFO] src.ingestion: [LALPATHLAB.NS] fetching fresh data
2026-07-20 06:19:53,862 [INFO] src.ingestion: [METROPOLIS.NS] fetching fresh data
2026-07-20 06:19:54,826 [INFO] src.ingestion: [GLAND.NS] fetching fresh data
2026-07-20 06:19:55,755 [INFO] src.ingestion: [LAURUSLABS.NS] fetching fresh data
2026-07-20 06:19:56,642 [INFO] src.ingestion: [GLENMARK.NS] fetching fresh data
2026-07-20 06:19:57,600 [INFO] src.ingestion: [IPCALAB.NS] fetching fresh data
2026-07-20 06:19:58,494 [INFO] src.ingestion: [HINDUNILVR.NS] fetching fresh data
2026-07-20 06:19:59,306 [INFO] src.ingestion: [ITC.NS] fetching fresh data
2026-07-20 06:20:00,211 [INFO] src.ingestion: [NESTLEIND.NS] fetching fresh data
2026-07-20 06:20:01,114 [INFO] src.ingestion: [BRITANNIA.NS] fetching fresh data
2026-07-20 06:20:02,028 [INFO] src.ingestion: [DABUR.NS] fetching fresh data
2026-07-20 06:20:02,918 [INFO] src.ingestion: [GODREJCP.NS] fetching fresh data
2026-07-20 06:20:03,757 [INFO] src.ingestion: [MARICO.NS] fetching fresh data
2026-07-20 06:20:04,695 [INFO] src.ingestion: [COLPAL.NS] fetching fresh data
2026-07-20 06:20:05,550 [INFO] src.ingestion: [TATACONSUM.NS] fetching fresh data
2026-07-20 06:20:06,323 [INFO] src.ingestion: [VBL.NS] fetching fresh data
2026-07-20 06:20:07,309 [INFO] src.ingestion: [UNITDSPR.NS] fetching fresh data
2026-07-20 06:20:08,262 [INFO] src.ingestion: [EMAMILTD.NS] fetching fresh data
2026-07-20 06:20:09,043 [INFO] src.ingestion: [TATASTEEL.NS] fetching fresh data
2026-07-20 06:20:10,069 [INFO] src.ingestion: [JSWSTEEL.NS] fetching fresh data
2026-07-20 06:20:10,941 [INFO] src.ingestion: [HINDALCO.NS] fetching fresh data
2026-07-20 06:20:11,736 [INFO] src.ingestion: [VEDL.NS] fetching fresh data
2026-07-20 06:20:12,629 [INFO] src.ingestion: [COALINDIA.NS] fetching fresh data
2026-07-20 06:20:13,552 [INFO] src.ingestion: [NMDC.NS] fetching fresh data
2026-07-20 06:20:14,445 [INFO] src.ingestion: [SAIL.NS] fetching fresh data
2026-07-20 06:20:15,288 [INFO] src.ingestion: [JINDALSTEL.NS] fetching fresh data
2026-07-20 06:20:16,110 [INFO] src.ingestion: [APLAPOLLO.NS] fetching fresh data
2026-07-20 06:20:16,940 [INFO] src.ingestion: [NATIONALUM.NS] fetching fresh data
2026-07-20 06:20:17,887 [INFO] src.ingestion: [HINDCOPPER.NS] fetching fresh data
2026-07-20 06:20:18,705 [INFO] src.ingestion: [RATNAMANI.NS] fetching fresh data
2026-07-20 06:20:19,538 [INFO] src.ingestion: [HINDZINC.NS] fetching fresh data
2026-07-20 06:20:20,336 [INFO] src.ingestion: [WELCORP.NS] fetching fresh data
2026-07-20 06:20:21,177 [INFO] src.ingestion: [JSL.NS] fetching fresh data
2026-07-20 06:20:21,960 [INFO] src.ingestion: [RELIANCE.NS] fetching fresh data
2026-07-20 06:20:22,740 [INFO] src.ingestion: [ONGC.NS] fetching fresh data
2026-07-20 06:20:23,708 [INFO] src.ingestion: [BPCL.NS] fetching fresh data
2026-07-20 06:20:24,680 [INFO] src.ingestion: [IOC.NS] fetching fresh data
2026-07-20 06:20:25,530 [INFO] src.ingestion: [GAIL.NS] fetching fresh data
2026-07-20 06:20:26,428 [INFO] src.ingestion: [NTPC.NS] fetching fresh data
2026-07-20 06:20:27,254 [INFO] src.ingestion: [POWERGRID.NS] fetching fresh data
2026-07-20 06:20:28,084 [INFO] src.ingestion: [TATAPOWER.NS] fetching fresh data
2026-07-20 06:20:29,021 [INFO] src.ingestion: [ADANIGREEN.NS] fetching fresh data
2026-07-20 06:20:29,887 [INFO] src.ingestion: [ADANIPOWER.NS] fetching fresh data
2026-07-20 06:20:30,734 [INFO] src.ingestion: [TORNTPOWER.NS] fetching fresh data
2026-07-20 06:20:31,573 [INFO] src.ingestion: [LT.NS] fetching fresh data
2026-07-20 06:20:32,517 [INFO] src.ingestion: [SIEMENS.NS] fetching fresh data
2026-07-20 06:20:33,469 [INFO] src.ingestion: [ABB.NS] fetching fresh data
2026-07-20 06:20:34,269 [INFO] src.ingestion: [HAL.NS] fetching fresh data
2026-07-20 06:20:35,164 [INFO] src.ingestion: [BEL.NS] fetching fresh data
2026-07-20 06:20:36,040 [INFO] src.ingestion: [BHEL.NS] fetching fresh data
2026-07-20 06:20:37,024 [INFO] src.ingestion: [CUMMINSIND.NS] fetching fresh data
2026-07-20 06:20:37,971 [INFO] src.ingestion: [THERMAX.NS] fetching fresh data
2026-07-20 06:20:38,724 [INFO] src.ingestion: [POLYCAB.NS] fetching fresh data
2026-07-20 06:20:39,514 [INFO] src.ingestion: [KEI.NS] fetching fresh data
2026-07-20 06:20:40,346 [INFO] src.ingestion: [HAVELLS.NS] fetching fresh data
2026-07-20 06:20:41,278 [INFO] src.ingestion: [CROMPTON.NS] fetching fresh data
2026-07-20 06:20:42,074 [INFO] src.ingestion: [SUPREMEIND.NS] fetching fresh data
2026-07-20 06:20:42,984 [INFO] src.ingestion: [ASTRAL.NS] fetching fresh data
2026-07-20 06:20:43,769 [INFO] src.ingestion: [GRINDWELL.NS] fetching fresh data
2026-07-20 06:20:44,622 [INFO] src.ingestion: [CARBORUNIV.NS] fetching fresh data
2026-07-20 06:20:45,527 [INFO] src.ingestion: [TIMKEN.NS] fetching fresh data
2026-07-20 06:20:46,459 [INFO] src.ingestion: [SKFINDIA.NS] fetching fresh data
2026-07-20 06:20:47,317 [INFO] src.ingestion: [SRF.NS] fetching fresh data
2026-07-20 06:20:48,233 [INFO] src.ingestion: [PIIND.NS] fetching fresh data
2026-07-20 06:20:49,079 [INFO] src.ingestion: [DEEPAKNTR.NS] fetching fresh data
2026-07-20 06:20:50,049 [INFO] src.ingestion: [AARTIIND.NS] fetching fresh data
2026-07-20 06:20:50,862 [INFO] src.ingestion: [NAVINFLUOR.NS] fetching fresh data
2026-07-20 06:20:51,781 [INFO] src.ingestion: [UPL.NS] fetching fresh data
2026-07-20 06:20:52,632 [INFO] src.ingestion: [COROMANDEL.NS] fetching fresh data
2026-07-20 06:20:53,459 [INFO] src.ingestion: [CHAMBLFERT.NS] fetching fresh data
2026-07-20 06:20:54,303 [INFO] src.ingestion: [GNFC.NS] fetching fresh data
2026-07-20 06:20:55,192 [INFO] src.ingestion: [PIDILITIND.NS] fetching fresh data
2026-07-20 06:20:56,067 [INFO] src.ingestion: [TATACHEM.NS] fetching fresh data
2026-07-20 06:20:56,843 [INFO] src.ingestion: [GHCL.NS] fetching fresh data
2026-07-20 06:20:57,736 [INFO] src.ingestion: [TITAN.NS] fetching fresh data
2026-07-20 06:20:58,633 [INFO] src.ingestion: [DMART.NS] fetching fresh data
2026-07-20 06:20:59,647 [INFO] src.ingestion: [TRENT.NS] fetching fresh data
2026-07-20 06:21:00,470 [INFO] src.ingestion: [BATAINDIA.NS] fetching fresh data
2026-07-20 06:21:01,260 [INFO] src.ingestion: [PAGEIND.NS] fetching fresh data
2026-07-20 06:21:02,178 [INFO] src.ingestion: [JUBLFOOD.NS] fetching fresh data
2026-07-20 06:21:03,032 [INFO] src.ingestion: [VOLTAS.NS] fetching fresh data
2026-07-20 06:21:03,854 [INFO] src.ingestion: [DIXON.NS] fetching fresh data
2026-07-20 06:21:04,815 [INFO] src.ingestion: [RELAXO.NS] fetching fresh data
2026-07-20 06:21:05,683 [INFO] src.ingestion: [KAJARIACER.NS] fetching fresh data
2026-07-20 06:21:06,575 [INFO] src.ingestion: [WHIRLPOOL.NS] fetching fresh data
2026-07-20 06:21:07,415 [INFO] src.ingestion: [BLUESTARCO.NS] fetching fresh data
2026-07-20 06:21:08,259 [INFO] src.ingestion: [PGHH.NS] fetching fresh data
2026-07-20 06:21:09,068 [INFO] src.ingestion: [GILLETTE.NS] fetching fresh data
2026-07-20 06:21:09,902 [INFO] src.ingestion: [BHARTIARTL.NS] fetching fresh data
2026-07-20 06:21:10,801 [INFO] src.ingestion: [IDEA.NS] fetching fresh data
2026-07-20 06:21:11,861 [INFO] src.ingestion: [INDUSTOWER.NS] fetching fresh data
2026-07-20 06:21:12,670 [INFO] src.ingestion: [PVRINOX.NS] fetching fresh data
2026-07-20 06:21:13,578 [INFO] src.ingestion: [ZEEL.NS] fetching fresh data
2026-07-20 06:21:14,486 [INFO] src.ingestion: [ADANIPORTS.NS] fetching fresh data
2026-07-20 06:21:15,402 [INFO] src.ingestion: [ADANIENT.NS] fetching fresh data
2026-07-20 06:21:16,300 [INFO] src.ingestion: [GMRAIRPORT.NS] fetching fresh data
2026-07-20 06:21:17,315 [INFO] src.ingestion: [CONCOR.NS] fetching fresh data
2026-07-20 06:21:18,174 [INFO] src.ingestion: [IRCTC.NS] fetching fresh data
2026-07-20 06:21:19,130 [INFO] src.ingestion: [INDIGO.NS] fetching fresh data
2026-07-20 06:21:20,060 [INFO] src.ingestion: [RVNL.NS] fetching fresh data
2026-07-20 06:21:20,963 [INFO] src.ingestion: [IRCON.NS] fetching fresh data
2026-07-20 06:21:21,794 [INFO] src.ingestion: [NBCC.NS] fetching fresh data
2026-07-20 06:21:22,685 [INFO] src.ingestion: [NCC.NS] fetching fresh data
2026-07-20 06:21:23,574 [INFO] src.ingestion: [MAZDOCK.NS] fetching fresh data
2026-07-20 06:21:24,519 [INFO] src.ingestion: [COCHINSHIP.NS] fetching fresh data
2026-07-20 06:21:25,343 [INFO] src.ingestion: [DLF.NS] fetching fresh data
2026-07-20 06:21:26,216 [INFO] src.ingestion: [GODREJPROP.NS] fetching fresh data
2026-07-20 06:21:27,117 [INFO] src.ingestion: [OBEROIRLTY.NS] fetching fresh data
2026-07-20 06:21:28,116 [INFO] src.ingestion: [PRESTIGE.NS] fetching fresh data
2026-07-20 06:21:29,123 [INFO] src.ingestion: [PHOENIXLTD.NS] fetching fresh data
2026-07-20 06:21:29,939 [INFO] src.ingestion: [SOBHA.NS] fetching fresh data
2026-07-20 06:21:30,920 [INFO] src.ingestion: Fetched 200/201 tickers successfully
2026-07-20 06:21:30,920 [WARNING] src.ingestion: Failed tickers (excluded from downstream, not silently zeroed): ['LTIM.NS']
2026-07-20 06:21:30,920 [INFO] __main__: Ingestion validation passed: 200/201 tickers (100%)
2026-07-20 06:21:30,920 [INFO] __main__: === Stage 2/8: Cleaning ===
2026-07-20 06:21:30,926 [WARNING] src.cleaning: [ASHOKLEY.NS] EXCLUDED: missing critical fields: ['market_cap']
2026-07-20 06:21:30,926 [WARNING] src.cleaning: [AUBANK.NS] EXCLUDED: missing critical fields: ['market_cap']
2026-07-20 06:21:30,926 [WARNING] src.cleaning: [AXISBANK.NS] EXCLUDED: missing critical fields: ['market_cap']
2026-07-20 06:21:30,926 [WARNING] src.cleaning: [BIOCON.NS] EXCLUDED: missing critical fields: ['market_cap']
2026-07-20 06:21:30,926 [WARNING] src.cleaning: [BOSCHLTD.NS] EXCLUDED: missing critical fields: ['market_cap']
2026-07-20 06:21:30,926 [WARNING] src.cleaning: [CROMPTON.NS] EXCLUDED: missing critical fields: ['trailing_pe']
2026-07-20 06:21:30,927 [WARNING] src.cleaning: [INDIGO.NS] EXCLUDED: missing critical fields: ['trailing_pe']
2026-07-20 06:21:30,927 [WARNING] src.cleaning: [IOC.NS] EXCLUDED: missing critical fields: ['market_cap']
2026-07-20 06:21:30,927 [WARNING] src.cleaning: [JSWSTEEL.NS] EXCLUDED: missing critical fields: ['market_cap']
2026-07-20 06:21:30,927 [WARNING] src.cleaning: [JUBLFOOD.NS] EXCLUDED: missing critical fields: ['market_cap']
2026-07-20 06:21:30,927 [WARNING] src.cleaning: [LTIM.NS] EXCLUDED: ingestion failed: yfinance returned an empty info payload for LTIM.NS (no exception, but no usable data — likely a transient Yahoo-side issue or an invalid/delisted symbol)
2026-07-20 06:21:30,927 [WARNING] src.cleaning: [RECLTD.NS] EXCLUDED: missing critical fields: ['market_cap']
2026-07-20 06:21:30,927 [WARNING] src.cleaning: [RELIANCE.NS] EXCLUDED: missing critical fields: ['market_cap']
2026-07-20 06:21:30,927 [WARNING] src.cleaning: [TATACHEM.NS] EXCLUDED: missing critical fields: ['trailing_pe']
2026-07-20 06:21:30,927 [WARNING] src.cleaning: [TCS.NS] EXCLUDED: missing critical fields: ['market_cap']
2026-07-20 06:21:30,927 [WARNING] src.cleaning: [TMPV.NS] EXCLUDED: missing critical fields: ['trailing_pe']
2026-07-20 06:21:30,927 [WARNING] src.cleaning: [TVSMOTOR.NS] EXCLUDED: missing critical fields: ['market_cap']
2026-07-20 06:21:30,927 [INFO] src.cleaning: [ABB.NS] non-critical missing fields: ['return_on_equity']
2026-07-20 06:21:30,927 [WARNING] src.cleaning: [BAJAJHLDNG.NS] outlier values flagged: ['net_margin']
2026-07-20 06:21:30,927 [INFO] src.cleaning: [BAJFINANCE.NS] non-critical missing fields: ['ev_to_ebitda']
2026-07-20 06:21:30,927 [INFO] src.cleaning: [BANDHANBNK.NS] non-critical missing fields: ['ev_to_ebitda', 'debt_to_equity']
2026-07-20 06:21:30,927 [INFO] src.cleaning: [BANKBARODA.NS] non-critical missing fields: ['ev_to_ebitda', 'debt_to_equity']
2026-07-20 06:21:30,927 [INFO] src.cleaning: [BANKINDIA.NS] non-critical missing fields: ['ev_to_ebitda', 'debt_to_equity']
2026-07-20 06:21:30,927 [INFO] src.cleaning: [BHEL.NS] non-critical missing fields: ['return_on_equity']
2026-07-20 06:21:30,927 [INFO] src.cleaning: [CANBK.NS] non-critical missing fields: ['ev_to_ebitda', 'debt_to_equity']
2026-07-20 06:21:30,928 [INFO] src.cleaning: [CENTRALBK.NS] non-critical missing fields: ['ev_to_ebitda', 'debt_to_equity']
2026-07-20 06:21:30,928 [INFO] src.cleaning: [CHOLAFIN.NS] non-critical missing fields: ['ev_to_ebitda']
2026-07-20 06:21:30,928 [INFO] src.cleaning: [DMART.NS] non-critical missing fields: ['return_on_equity']
2026-07-20 06:21:30,928 [INFO] src.cleaning: [FEDERALBNK.NS] non-critical missing fields: ['ev_to_ebitda', 'return_on_equity', 'debt_to_equity']
2026-07-20 06:21:30,928 [INFO] src.cleaning: [GICRE.NS] non-critical missing fields: ['debt_to_equity']
2026-07-20 06:21:30,928 [WARNING] src.cleaning: [GMRAIRPORT.NS] outlier values flagged: ['trailing_pe']
2026-07-20 06:21:30,928 [WARNING] src.cleaning: [GMRAIRPORT.NS] negative/zero equity — DuPont ROE math will be invalid downstream
2026-07-20 06:21:30,928 [INFO] src.cleaning: [GMRAIRPORT.NS] non-critical missing fields: ['return_on_equity', 'debt_to_equity']
2026-07-20 06:21:30,928 [INFO] src.cleaning: [HAVELLS.NS] non-critical missing fields: ['return_on_equity']
2026-07-20 06:21:30,928 [WARNING] src.cleaning: [HCLTECH.NS] outlier values flagged: ['ev_to_ebitda']
2026-07-20 06:21:30,928 [INFO] src.cleaning: [HDFCBANK.NS] non-critical missing fields: ['ev_to_ebitda', 'debt_to_equity']
2026-07-20 06:21:30,928 [INFO] src.cleaning: [HUDCO.NS] non-critical missing fields: ['ev_to_ebitda']
2026-07-20 06:21:30,928 [INFO] src.cleaning: [ICICIBANK.NS] non-critical missing fields: ['ev_to_ebitda', 'debt_to_equity']
2026-07-20 06:21:30,928 [INFO] src.cleaning: [ICICIGI.NS] non-critical missing fields: ['debt_to_equity']
2026-07-20 06:21:30,928 [WARNING] src.cleaning: [IDEA.NS] negative/zero equity — DuPont ROE math will be invalid downstream
2026-07-20 06:21:30,928 [INFO] src.cleaning: [IDEA.NS] non-critical missing fields: ['return_on_equity', 'debt_to_equity']
2026-07-20 06:21:30,928 [INFO] src.cleaning: [IDFCFIRSTB.NS] non-critical missing fields: ['ev_to_ebitda', 'return_on_equity', 'debt_to_equity', 'total_debt']
2026-07-20 06:21:30,928 [INFO] src.cleaning: [INDUSINDBK.NS] non-critical missing fields: ['ev_to_ebitda', 'debt_to_equity']
2026-07-20 06:21:30,928 [WARNING] src.cleaning: [INFY.NS] outlier values flagged: ['ev_to_ebitda']
2026-07-20 06:21:30,928 [INFO] src.cleaning: [IOB.NS] non-critical missing fields: ['ev_to_ebitda', 'debt_to_equity']
2026-07-20 06:21:30,928 [INFO] src.cleaning: [IRFC.NS] non-critical missing fields: ['ev_to_ebitda']
2026-07-20 06:21:30,928 [INFO] src.cleaning: [KOTAKBANK.NS] non-critical missing fields: ['ev_to_ebitda', 'return_on_equity', 'debt_to_equity']
2026-07-20 06:21:30,928 [INFO] src.cleaning: [LICHSGFIN.NS] non-critical missing fields: ['ev_to_ebitda']
2026-07-20 06:21:30,928 [INFO] src.cleaning: [LTTS.NS] non-critical missing fields: ['return_on_equity']
2026-07-20 06:21:30,928 [INFO] src.cleaning: [MANAPPURAM.NS] non-critical missing fields: ['ev_to_ebitda']
2026-07-20 06:21:30,928 [INFO] src.cleaning: [MUTHOOTFIN.NS] non-critical missing fields: ['ev_to_ebitda']
2026-07-20 06:21:30,928 [INFO] src.cleaning: [OBEROIRLTY.NS] non-critical missing fields: ['return_on_equity']
2026-07-20 06:21:30,928 [INFO] src.cleaning: [PFC.NS] non-critical missing fields: ['ev_to_ebitda']
2026-07-20 06:21:30,928 [INFO] src.cleaning: [PNB.NS] non-critical missing fields: ['ev_to_ebitda', 'return_on_equity', 'debt_to_equity']
2026-07-20 06:21:30,928 [INFO] src.cleaning: [POLYCAB.NS] non-critical missing fields: ['return_on_equity']
2026-07-20 06:21:30,928 [INFO] src.cleaning: [POONAWALLA.NS] non-critical missing fields: ['ev_to_ebitda', 'return_on_equity', 'total_debt']
2026-07-20 06:21:30,928 [INFO] src.cleaning: [RBLBANK.NS] non-critical missing fields: ['ev_to_ebitda', 'return_on_equity', 'debt_to_equity']
2026-07-20 06:21:30,928 [INFO] src.cleaning: [SBICARD.NS] non-critical missing fields: ['ev_to_ebitda']
2026-07-20 06:21:30,928 [INFO] src.cleaning: [SBILIFE.NS] non-critical missing fields: ['debt_to_equity']
2026-07-20 06:21:30,928 [INFO] src.cleaning: [SBIN.NS] non-critical missing fields: ['ev_to_ebitda', 'debt_to_equity']
2026-07-20 06:21:30,928 [INFO] src.cleaning: [SHREECEM.NS] non-critical missing fields: ['return_on_equity']
2026-07-20 06:21:30,928 [INFO] src.cleaning: [SHRIRAMFIN.NS] non-critical missing fields: ['ev_to_ebitda']
2026-07-20 06:21:30,928 [INFO] src.cleaning: [SIEMENS.NS] non-critical missing fields: ['return_on_equity']
2026-07-20 06:21:30,928 [INFO] src.cleaning: [TATAELXSI.NS] non-critical missing fields: ['return_on_equity']
2026-07-20 06:21:30,928 [INFO] src.cleaning: [TECHM.NS] non-critical missing fields: ['return_on_equity']
2026-07-20 06:21:30,928 [INFO] src.cleaning: [UCOBANK.NS] non-critical missing fields: ['ev_to_ebitda', 'debt_to_equity']
2026-07-20 06:21:30,928 [INFO] src.cleaning: [UNIONBANK.NS] non-critical missing fields: ['ev_to_ebitda', 'debt_to_equity', 'revenue_growth', 'total_debt']
2026-07-20 06:21:30,929 [INFO] src.cleaning: [VBL.NS] non-critical missing fields: ['return_on_equity']
2026-07-20 06:21:30,936 [INFO] src.cleaning: Cleaned 184/201 tickers -> data/processed/cleaned_universe.csv
2026-07-20 06:21:30,936 [INFO] src.cleaning: Full flag audit trail -> data/processed/cleaning_flags.csv
2026-07-20 06:21:30,936 [INFO] __main__: Cleaning validation passed: 184/201 tickers retained (92%)
2026-07-20 06:21:30,936 [INFO] __main__: === Stage 3/8: Scoring ===
2026-07-20 06:21:30,977 [INFO] src.scoring: Scored 184 companies -> data/processed/scored_universe.csv
2026-07-20 06:21:30,977 [INFO] src.scoring: Top 10 shortlist -> data/processed/shortlist_top_n.csv
2026-07-20 06:21:30,978 [WARNING] src.scoring: 22 companies scored on fewer than all 4 buckets (reweighted, not zero-filled) — see 'buckets_used' column: ['UNIONBANK.NS', 'PNB.NS', 'CANBK.NS', 'BANKINDIA.NS', 'IDEA.NS', 'ICICIGI.NS', 'GICRE.NS', 'IOB.NS', 'FEDERALBNK.NS', 'BANKBARODA.NS', 'HDFCBANK.NS', 'ICICIBANK.NS', 'CENTRALBK.NS', 'SBIN.NS', 'KOTAKBANK.NS', 'GMRAIRPORT.NS', 'IDFCFIRSTB.NS', 'BANDHANBNK.NS', 'UCOBANK.NS', 'RBLBANK.NS', 'INDUSINDBK.NS', 'SBILIFE.NS']
2026-07-20 06:21:30,979 [INFO] __main__: Scoring validation passed: 184 companies ranked, all scores in valid range
2026-07-20 06:21:30,979 [INFO] __main__: === Stage 4/8: Comps + DuPont ===
2026-07-20 06:21:30,987 [INFO] src.comps_dupont: Comps + DuPont report for top 10 -> data/processed/comps_dupont_report.csv
2026-07-20 06:21:30,987 [WARNING] src.comps_dupont: 2 companies have a DuPont-implied ROE that diverges >5pp from reported ROE (possible data inconsistency, worth a manual check): ['LICI.NS', 'GILLETTE.NS']
2026-07-20 06:21:30,987 [INFO] __main__: === Stage 5/8: Explainability ===
2026-07-20 06:21:31,012 [INFO] src.explainability: Explanations for top 10 companies -> data/processed/explanations.csv
2026-07-20 06:21:31,012 [INFO] __main__: === Stage 6/8: Baseline Comparison ===
2026-07-20 06:21:31,017 [INFO] src.baseline_comparison: Baseline comparison -> data/processed/baseline_comparison.csv
2026-07-20 06:21:31,017 [INFO] __main__: === Stage 7/8: Acquisition Likelihood ===
2026-07-20 06:21:31,019 [INFO] src.acquisition_likelihood: 2 companies excluded from acquisition-likelihood scoring (negative/zero equity — financial distress, not a value-target thesis): ['IDEA.NS', 'GMRAIRPORT.NS']
2026-07-20 06:21:31,027 [INFO] src.acquisition_likelihood: Acquisition likelihood scoring -> data/processed/acquisition_likelihood.csv
2026-07-20 06:21:31,027 [INFO] __main__: === Stage 8/8: Historical Snapshot ===
2026-07-20 06:21:31,030 [INFO] src.history_tracker: Recorded shortlist snapshot for 2026-07-20 (10 companies) -> data/history/shortlist_history.csv (1 distinct days tracked so far)
2026-07-20 06:21:31,033 [INFO] src.history_tracker: Recorded acquisition-likelihood snapshot for 2026-07-20 (10 companies) -> data/history/acquisition_likelihood_history.csv (1 distinct days tracked so far)
2026-07-20 06:21:31,033 [INFO] __main__: === Pipeline completed successfully ===
2026-07-20 06:21:31,033 [INFO] __main__:   ingestion: {'total': 201, 'ok': 200}
2026-07-20 06:21:31,033 [INFO] __main__:   cleaning: {'retained': 184, 'input': 201}
2026-07-20 06:21:31,033 [INFO] __main__:   scoring: {'ranked': 184}
2026-07-20 06:21:31,033 [INFO] __main__:   comps_dupont: {'companies': 10}
2026-07-20 06:21:31,033 [INFO] __main__:   explainability: {'companies': 10}
2026-07-20 06:21:31,033 [INFO] __main__:   baseline_comparison: {'correlation': np.float64(0.47168808152414704), 'overlap_pct': 0.1}
2026-07-20 06:21:31,033 [INFO] __main__:   acquisition_likelihood: {'companies': 10}
2026-07-20 06:21:31,033 [INFO] __main__:   history_tracker: {'recorded': True}
