2026-08-30 08:56:56,437 [INFO] __main__: Logging to file: logs/pipeline_run_2026-08-30T08-56-56Z.log
2026-08-30 08:56:56,437 [INFO] __main__: === Stage 1/8: Ingestion ===
2026-08-30 08:56:56,468 [INFO] src.ingestion: [ACC.NS] fetching fresh data
2026-08-30 08:56:57,931 [INFO] src.ingestion: [AMBUJACEM.NS] fetching fresh data
2026-08-30 08:56:58,857 [INFO] src.ingestion: [ULTRACEMCO.NS] fetching fresh data
2026-08-30 08:56:59,969 [INFO] src.ingestion: [SHREECEM.NS] fetching fresh data
2026-08-30 08:57:00,937 [INFO] src.ingestion: [JKCEMENT.NS] fetching fresh data
2026-08-30 08:57:01,835 [INFO] src.ingestion: [RAMCOCEM.NS] fetching fresh data
2026-08-30 08:57:02,889 [INFO] src.ingestion: [HEIDELBERG.NS] fetching fresh data
2026-08-30 08:57:03,820 [INFO] src.ingestion: [DALBHARAT.NS] fetching fresh data
2026-08-30 08:57:04,892 [INFO] src.ingestion: [INFY.NS] fetching fresh data
2026-08-30 08:57:05,862 [INFO] src.ingestion: [TCS.NS] fetching fresh data
2026-08-30 08:57:06,801 [INFO] src.ingestion: [WIPRO.NS] fetching fresh data
2026-08-30 08:57:07,753 [INFO] src.ingestion: [HCLTECH.NS] fetching fresh data
2026-08-30 08:57:08,744 [INFO] src.ingestion: [TECHM.NS] fetching fresh data
2026-08-30 08:57:09,836 [INFO] src.ingestion: [LTIM.NS] fetching fresh data
2026-08-30 08:57:10,047 [ERROR] yfinance: HTTP Error 404: {"quoteSummary":{"result":null,"error":{"code":"Not Found","description":"Quote not found for symbol: LTIM.NS"}}}
2026-08-30 08:57:10,179 [WARNING] src.ingestion: [LTIM.NS] attempt 1 failed: yfinance returned an empty info payload for LTIM.NS (no exception, but no usable data — likely a transient Yahoo-side issue or an invalid/delisted symbol)
2026-08-30 08:57:12,398 [ERROR] yfinance: HTTP Error 404: {"quoteSummary":{"result":null,"error":{"code":"Not Found","description":"Quote not found for symbol: LTIM.NS"}}}
2026-08-30 08:57:12,461 [WARNING] src.ingestion: [LTIM.NS] attempt 2 failed: yfinance returned an empty info payload for LTIM.NS (no exception, but no usable data — likely a transient Yahoo-side issue or an invalid/delisted symbol)
2026-08-30 08:57:16,674 [ERROR] yfinance: HTTP Error 404: {"quoteSummary":{"result":null,"error":{"code":"Not Found","description":"Quote not found for symbol: LTIM.NS"}}}
2026-08-30 08:57:16,736 [WARNING] src.ingestion: [LTIM.NS] attempt 3 failed: yfinance returned an empty info payload for LTIM.NS (no exception, but no usable data — likely a transient Yahoo-side issue or an invalid/delisted symbol)
2026-08-30 08:57:17,137 [INFO] src.ingestion: [PERSISTENT.NS] fetching fresh data
2026-08-30 08:57:18,084 [INFO] src.ingestion: [COFORGE.NS] fetching fresh data
2026-08-30 08:57:19,040 [INFO] src.ingestion: [MPHASIS.NS] fetching fresh data
2026-08-30 08:57:19,950 [INFO] src.ingestion: [LTTS.NS] fetching fresh data
2026-08-30 08:57:20,917 [INFO] src.ingestion: [TATAELXSI.NS] fetching fresh data
2026-08-30 08:57:21,926 [INFO] src.ingestion: [CYIENT.NS] fetching fresh data
2026-08-30 08:57:22,865 [INFO] src.ingestion: [KPITTECH.NS] fetching fresh data
2026-08-30 08:57:23,804 [INFO] src.ingestion: [HDFCBANK.NS] fetching fresh data
2026-08-30 08:57:24,696 [INFO] src.ingestion: [ICICIBANK.NS] fetching fresh data
2026-08-30 08:57:25,718 [INFO] src.ingestion: [SBIN.NS] fetching fresh data
2026-08-30 08:57:26,774 [INFO] src.ingestion: [AXISBANK.NS] fetching fresh data
2026-08-30 08:57:27,745 [INFO] src.ingestion: [KOTAKBANK.NS] fetching fresh data
2026-08-30 08:57:28,699 [INFO] src.ingestion: [INDUSINDBK.NS] fetching fresh data
2026-08-30 08:57:29,604 [INFO] src.ingestion: [FEDERALBNK.NS] fetching fresh data
2026-08-30 08:57:30,501 [INFO] src.ingestion: [BANDHANBNK.NS] fetching fresh data
2026-08-30 08:57:31,475 [INFO] src.ingestion: [IDFCFIRSTB.NS] fetching fresh data
2026-08-30 08:57:32,454 [INFO] src.ingestion: [PNB.NS] fetching fresh data
2026-08-30 08:57:33,435 [INFO] src.ingestion: [BANKBARODA.NS] fetching fresh data
2026-08-30 08:57:34,301 [INFO] src.ingestion: [CANBK.NS] fetching fresh data
2026-08-30 08:57:35,265 [INFO] src.ingestion: [UNIONBANK.NS] fetching fresh data
2026-08-30 08:57:36,219 [INFO] src.ingestion: [AUBANK.NS] fetching fresh data
2026-08-30 08:57:37,170 [INFO] src.ingestion: [RBLBANK.NS] fetching fresh data
2026-08-30 08:57:38,144 [INFO] src.ingestion: [BANKINDIA.NS] fetching fresh data
2026-08-30 08:57:39,164 [INFO] src.ingestion: [CENTRALBK.NS] fetching fresh data
2026-08-30 08:57:40,218 [INFO] src.ingestion: [IOB.NS] fetching fresh data
2026-08-30 08:57:41,073 [INFO] src.ingestion: [UCOBANK.NS] fetching fresh data
2026-08-30 08:57:41,959 [INFO] src.ingestion: [BAJFINANCE.NS] fetching fresh data
2026-08-30 08:57:42,959 [INFO] src.ingestion: [BAJAJFINSV.NS] fetching fresh data
2026-08-30 08:57:43,870 [INFO] src.ingestion: [CHOLAFIN.NS] fetching fresh data
2026-08-30 08:57:44,964 [INFO] src.ingestion: [MUTHOOTFIN.NS] fetching fresh data
2026-08-30 08:57:45,918 [INFO] src.ingestion: [LICHSGFIN.NS] fetching fresh data
2026-08-30 08:57:46,982 [INFO] src.ingestion: [SHRIRAMFIN.NS] fetching fresh data
2026-08-30 08:57:48,004 [INFO] src.ingestion: [PFC.NS] fetching fresh data
2026-08-30 08:57:49,070 [INFO] src.ingestion: [RECLTD.NS] fetching fresh data
2026-08-30 08:57:50,125 [INFO] src.ingestion: [IRFC.NS] fetching fresh data
2026-08-30 08:57:51,116 [INFO] src.ingestion: [HUDCO.NS] fetching fresh data
2026-08-30 08:57:52,065 [INFO] src.ingestion: [BAJAJHLDNG.NS] fetching fresh data
2026-08-30 08:57:52,945 [INFO] src.ingestion: [SBICARD.NS] fetching fresh data
2026-08-30 08:57:53,917 [INFO] src.ingestion: [MANAPPURAM.NS] fetching fresh data
2026-08-30 08:57:54,881 [INFO] src.ingestion: [POONAWALLA.NS] fetching fresh data
2026-08-30 08:57:55,908 [INFO] src.ingestion: [HDFCLIFE.NS] fetching fresh data
2026-08-30 08:57:56,896 [INFO] src.ingestion: [SBILIFE.NS] fetching fresh data
2026-08-30 08:57:57,947 [INFO] src.ingestion: [ICICIPRULI.NS] fetching fresh data
2026-08-30 08:57:58,930 [INFO] src.ingestion: [ICICIGI.NS] fetching fresh data
2026-08-30 08:57:59,990 [INFO] src.ingestion: [LICI.NS] fetching fresh data
2026-08-30 08:58:00,997 [INFO] src.ingestion: [GICRE.NS] fetching fresh data
2026-08-30 08:58:02,071 [INFO] src.ingestion: [MARUTI.NS] fetching fresh data
2026-08-30 08:58:03,104 [INFO] src.ingestion: [TMPV.NS] fetching fresh data
2026-08-30 08:58:04,235 [INFO] src.ingestion: [TMCV.NS] fetching fresh data
2026-08-30 08:58:05,225 [INFO] src.ingestion: [M&M.NS] fetching fresh data
2026-08-30 08:58:06,254 [INFO] src.ingestion: [EICHERMOT.NS] fetching fresh data
2026-08-30 08:58:07,296 [INFO] src.ingestion: [HEROMOTOCO.NS] fetching fresh data
2026-08-30 08:58:08,199 [INFO] src.ingestion: [BAJAJ-AUTO.NS] fetching fresh data
2026-08-30 08:58:09,199 [INFO] src.ingestion: [TVSMOTOR.NS] fetching fresh data
2026-08-30 08:58:10,110 [INFO] src.ingestion: [ASHOKLEY.NS] fetching fresh data
2026-08-30 08:58:11,272 [INFO] src.ingestion: [BHARATFORG.NS] fetching fresh data
2026-08-30 08:58:12,310 [INFO] src.ingestion: [MOTHERSON.NS] fetching fresh data
2026-08-30 08:58:13,368 [INFO] src.ingestion: [BOSCHLTD.NS] fetching fresh data
2026-08-30 08:58:14,447 [INFO] src.ingestion: [MRF.NS] fetching fresh data
2026-08-30 08:58:15,408 [INFO] src.ingestion: [ENDURANCE.NS] fetching fresh data
2026-08-30 08:58:16,330 [INFO] src.ingestion: [EXIDEIND.NS] fetching fresh data
2026-08-30 08:58:17,338 [INFO] src.ingestion: [ARE&M.NS] fetching fresh data
2026-08-30 08:58:18,267 [INFO] src.ingestion: [SUNDRMFAST.NS] fetching fresh data
2026-08-30 08:58:19,353 [INFO] src.ingestion: [UNOMINDA.NS] fetching fresh data
2026-08-30 08:58:20,410 [INFO] src.ingestion: [SUNPHARMA.NS] fetching fresh data
2026-08-30 08:58:21,354 [INFO] src.ingestion: [DRREDDY.NS] fetching fresh data
2026-08-30 08:58:22,451 [INFO] src.ingestion: [CIPLA.NS] fetching fresh data
2026-08-30 08:58:23,385 [INFO] src.ingestion: [DIVISLAB.NS] fetching fresh data
2026-08-30 08:58:24,476 [INFO] src.ingestion: [LUPIN.NS] fetching fresh data
2026-08-30 08:58:25,494 [INFO] src.ingestion: [AUROPHARMA.NS] fetching fresh data
2026-08-30 08:58:26,472 [INFO] src.ingestion: [BIOCON.NS] fetching fresh data
2026-08-30 08:58:27,410 [INFO] src.ingestion: [TORNTPHARM.NS] fetching fresh data
2026-08-30 08:58:28,379 [INFO] src.ingestion: [ALKEM.NS] fetching fresh data
2026-08-30 08:58:29,400 [INFO] src.ingestion: [ABBOTINDIA.NS] fetching fresh data
2026-08-30 08:58:30,464 [INFO] src.ingestion: [APOLLOHOSP.NS] fetching fresh data
2026-08-30 08:58:31,482 [INFO] src.ingestion: [FORTIS.NS] fetching fresh data
2026-08-30 08:58:32,397 [INFO] src.ingestion: [LALPATHLAB.NS] fetching fresh data
2026-08-30 08:58:33,291 [INFO] src.ingestion: [METROPOLIS.NS] fetching fresh data
2026-08-30 08:58:34,366 [INFO] src.ingestion: [GLAND.NS] fetching fresh data
2026-08-30 08:58:35,382 [INFO] src.ingestion: [LAURUSLABS.NS] fetching fresh data
2026-08-30 08:58:36,304 [INFO] src.ingestion: [GLENMARK.NS] fetching fresh data
2026-08-30 08:58:37,290 [INFO] src.ingestion: [IPCALAB.NS] fetching fresh data
2026-08-30 08:58:38,380 [INFO] src.ingestion: [HINDUNILVR.NS] fetching fresh data
2026-08-30 08:58:39,418 [INFO] src.ingestion: [ITC.NS] fetching fresh data
2026-08-30 08:58:40,324 [INFO] src.ingestion: [NESTLEIND.NS] fetching fresh data
2026-08-30 08:58:41,308 [INFO] src.ingestion: [BRITANNIA.NS] fetching fresh data
2026-08-30 08:58:42,290 [INFO] src.ingestion: [DABUR.NS] fetching fresh data
2026-08-30 08:58:43,284 [INFO] src.ingestion: [GODREJCP.NS] fetching fresh data
2026-08-30 08:58:44,280 [INFO] src.ingestion: [MARICO.NS] fetching fresh data
2026-08-30 08:58:45,379 [INFO] src.ingestion: [COLPAL.NS] fetching fresh data
2026-08-30 08:58:46,417 [INFO] src.ingestion: [TATACONSUM.NS] fetching fresh data
2026-08-30 08:58:47,451 [INFO] src.ingestion: [VBL.NS] fetching fresh data
2026-08-30 08:58:48,453 [INFO] src.ingestion: [UNITDSPR.NS] fetching fresh data
2026-08-30 08:58:49,471 [INFO] src.ingestion: [EMAMILTD.NS] fetching fresh data
2026-08-30 08:58:50,502 [INFO] src.ingestion: [TATASTEEL.NS] fetching fresh data
2026-08-30 08:58:51,540 [INFO] src.ingestion: [JSWSTEEL.NS] fetching fresh data
2026-08-30 08:58:52,508 [INFO] src.ingestion: [HINDALCO.NS] fetching fresh data
2026-08-30 08:58:53,520 [INFO] src.ingestion: [VEDL.NS] fetching fresh data
2026-08-30 08:58:54,543 [INFO] src.ingestion: [COALINDIA.NS] fetching fresh data
2026-08-30 08:58:55,574 [INFO] src.ingestion: [NMDC.NS] fetching fresh data
2026-08-30 08:58:56,549 [INFO] src.ingestion: [SAIL.NS] fetching fresh data
2026-08-30 08:58:57,571 [INFO] src.ingestion: [JINDALSTEL.NS] fetching fresh data
2026-08-30 08:58:58,654 [INFO] src.ingestion: [APLAPOLLO.NS] fetching fresh data
2026-08-30 08:58:59,576 [INFO] src.ingestion: [NATIONALUM.NS] fetching fresh data
2026-08-30 08:59:00,632 [INFO] src.ingestion: [HINDCOPPER.NS] fetching fresh data
2026-08-30 08:59:01,605 [INFO] src.ingestion: [RATNAMANI.NS] fetching fresh data
2026-08-30 08:59:02,528 [INFO] src.ingestion: [HINDZINC.NS] fetching fresh data
2026-08-30 08:59:03,591 [INFO] src.ingestion: [WELCORP.NS] fetching fresh data
2026-08-30 08:59:04,581 [INFO] src.ingestion: [JSL.NS] fetching fresh data
2026-08-30 08:59:05,613 [INFO] src.ingestion: [RELIANCE.NS] fetching fresh data
2026-08-30 08:59:06,763 [INFO] src.ingestion: [ONGC.NS] fetching fresh data
2026-08-30 08:59:07,675 [INFO] src.ingestion: [BPCL.NS] fetching fresh data
2026-08-30 08:59:08,664 [INFO] src.ingestion: [IOC.NS] fetching fresh data
2026-08-30 08:59:09,731 [INFO] src.ingestion: [GAIL.NS] fetching fresh data
2026-08-30 08:59:10,682 [INFO] src.ingestion: [NTPC.NS] fetching fresh data
2026-08-30 08:59:11,712 [INFO] src.ingestion: [POWERGRID.NS] fetching fresh data
2026-08-30 08:59:12,796 [INFO] src.ingestion: [TATAPOWER.NS] fetching fresh data
2026-08-30 08:59:13,881 [INFO] src.ingestion: [ADANIGREEN.NS] fetching fresh data
2026-08-30 08:59:14,926 [INFO] src.ingestion: [ADANIPOWER.NS] fetching fresh data
2026-08-30 08:59:15,874 [INFO] src.ingestion: [TORNTPOWER.NS] fetching fresh data
2026-08-30 08:59:16,879 [INFO] src.ingestion: [LT.NS] fetching fresh data
2026-08-30 08:59:17,931 [INFO] src.ingestion: [SIEMENS.NS] fetching fresh data
2026-08-30 08:59:18,873 [INFO] src.ingestion: [ABB.NS] fetching fresh data
2026-08-30 08:59:19,783 [INFO] src.ingestion: [HAL.NS] fetching fresh data
2026-08-30 08:59:20,845 [INFO] src.ingestion: [BEL.NS] fetching fresh data
2026-08-30 08:59:21,799 [INFO] src.ingestion: [BHEL.NS] fetching fresh data
2026-08-30 08:59:22,848 [INFO] src.ingestion: [CUMMINSIND.NS] fetching fresh data
2026-08-30 08:59:24,019 [INFO] src.ingestion: [THERMAX.NS] fetching fresh data
2026-08-30 08:59:25,004 [INFO] src.ingestion: [POLYCAB.NS] fetching fresh data
2026-08-30 08:59:26,052 [INFO] src.ingestion: [KEI.NS] fetching fresh data
2026-08-30 08:59:27,087 [INFO] src.ingestion: [HAVELLS.NS] fetching fresh data
2026-08-30 08:59:28,199 [INFO] src.ingestion: [CROMPTON.NS] fetching fresh data
2026-08-30 08:59:29,198 [INFO] src.ingestion: [SUPREMEIND.NS] fetching fresh data
2026-08-30 08:59:30,150 [INFO] src.ingestion: [ASTRAL.NS] fetching fresh data
2026-08-30 08:59:31,242 [INFO] src.ingestion: [GRINDWELL.NS] fetching fresh data
2026-08-30 08:59:32,308 [INFO] src.ingestion: [CARBORUNIV.NS] fetching fresh data
2026-08-30 08:59:33,360 [INFO] src.ingestion: [TIMKEN.NS] fetching fresh data
2026-08-30 08:59:34,290 [INFO] src.ingestion: [SKFINDIA.NS] fetching fresh data
2026-08-30 08:59:35,280 [INFO] src.ingestion: [SRF.NS] fetching fresh data
2026-08-30 08:59:36,230 [INFO] src.ingestion: [PIIND.NS] fetching fresh data
2026-08-30 08:59:37,162 [INFO] src.ingestion: [DEEPAKNTR.NS] fetching fresh data
2026-08-30 08:59:38,188 [INFO] src.ingestion: [AARTIIND.NS] fetching fresh data
2026-08-30 08:59:39,157 [INFO] src.ingestion: [NAVINFLUOR.NS] fetching fresh data
2026-08-30 08:59:40,095 [INFO] src.ingestion: [UPL.NS] fetching fresh data
2026-08-30 08:59:41,066 [INFO] src.ingestion: [COROMANDEL.NS] fetching fresh data
2026-08-30 08:59:42,016 [INFO] src.ingestion: [CHAMBLFERT.NS] fetching fresh data
2026-08-30 08:59:42,957 [INFO] src.ingestion: [GNFC.NS] fetching fresh data
2026-08-30 08:59:43,844 [INFO] src.ingestion: [PIDILITIND.NS] fetching fresh data
2026-08-30 08:59:44,870 [INFO] src.ingestion: [TATACHEM.NS] fetching fresh data
2026-08-30 08:59:45,952 [INFO] src.ingestion: [GHCL.NS] fetching fresh data
2026-08-30 08:59:46,886 [INFO] src.ingestion: [TITAN.NS] fetching fresh data
2026-08-30 08:59:47,876 [INFO] src.ingestion: [DMART.NS] fetching fresh data
2026-08-30 08:59:48,898 [INFO] src.ingestion: [TRENT.NS] fetching fresh data
2026-08-30 08:59:49,904 [INFO] src.ingestion: [BATAINDIA.NS] fetching fresh data
2026-08-30 08:59:50,953 [INFO] src.ingestion: [PAGEIND.NS] fetching fresh data
2026-08-30 08:59:51,895 [INFO] src.ingestion: [JUBLFOOD.NS] fetching fresh data
2026-08-30 08:59:52,880 [INFO] src.ingestion: [VOLTAS.NS] fetching fresh data
2026-08-30 08:59:53,796 [INFO] src.ingestion: [DIXON.NS] fetching fresh data
2026-08-30 08:59:54,886 [INFO] src.ingestion: [RELAXO.NS] fetching fresh data
2026-08-30 08:59:55,914 [INFO] src.ingestion: [KAJARIACER.NS] fetching fresh data
2026-08-30 08:59:56,934 [INFO] src.ingestion: [WHIRLPOOL.NS] fetching fresh data
2026-08-30 08:59:57,882 [INFO] src.ingestion: [BLUESTARCO.NS] fetching fresh data
2026-08-30 08:59:58,901 [INFO] src.ingestion: [PGHH.NS] fetching fresh data
2026-08-30 08:59:59,841 [INFO] src.ingestion: [GILLETTE.NS] fetching fresh data
2026-08-30 09:00:00,889 [INFO] src.ingestion: [BHARTIARTL.NS] fetching fresh data
2026-08-30 09:00:01,807 [INFO] src.ingestion: [IDEA.NS] fetching fresh data
2026-08-30 09:00:02,803 [INFO] src.ingestion: [INDUSTOWER.NS] fetching fresh data
2026-08-30 09:00:03,743 [INFO] src.ingestion: [PVRINOX.NS] fetching fresh data
2026-08-30 09:00:04,864 [INFO] src.ingestion: [ZEEL.NS] fetching fresh data
2026-08-30 09:00:05,832 [INFO] src.ingestion: [ADANIPORTS.NS] fetching fresh data
2026-08-30 09:00:07,177 [INFO] src.ingestion: [ADANIENT.NS] fetching fresh data
2026-08-30 09:00:08,257 [INFO] src.ingestion: [GMRAIRPORT.NS] fetching fresh data
2026-08-30 09:00:09,263 [INFO] src.ingestion: [CONCOR.NS] fetching fresh data
2026-08-30 09:00:10,305 [INFO] src.ingestion: [IRCTC.NS] fetching fresh data
2026-08-30 09:00:11,263 [INFO] src.ingestion: [INDIGO.NS] fetching fresh data
2026-08-30 09:00:12,268 [INFO] src.ingestion: [RVNL.NS] fetching fresh data
2026-08-30 09:00:13,305 [INFO] src.ingestion: [IRCON.NS] fetching fresh data
2026-08-30 09:00:14,393 [INFO] src.ingestion: [NBCC.NS] fetching fresh data
2026-08-30 09:00:15,336 [INFO] src.ingestion: [NCC.NS] fetching fresh data
2026-08-30 09:00:16,305 [INFO] src.ingestion: [MAZDOCK.NS] fetching fresh data
2026-08-30 09:00:17,203 [INFO] src.ingestion: [COCHINSHIP.NS] fetching fresh data
2026-08-30 09:00:18,174 [INFO] src.ingestion: [DLF.NS] fetching fresh data
2026-08-30 09:00:19,318 [INFO] src.ingestion: [GODREJPROP.NS] fetching fresh data
2026-08-30 09:00:20,294 [INFO] src.ingestion: [OBEROIRLTY.NS] fetching fresh data
2026-08-30 09:00:21,307 [INFO] src.ingestion: [PRESTIGE.NS] fetching fresh data
2026-08-30 09:00:22,371 [INFO] src.ingestion: [PHOENIXLTD.NS] fetching fresh data
2026-08-30 09:00:23,419 [INFO] src.ingestion: [SOBHA.NS] fetching fresh data
2026-08-30 09:00:24,395 [INFO] src.ingestion: Fetched 200/201 tickers successfully
2026-08-30 09:00:24,395 [WARNING] src.ingestion: Failed tickers (excluded from downstream, not silently zeroed): ['LTIM.NS']
2026-08-30 09:00:24,395 [INFO] __main__: Ingestion validation passed: 200/201 tickers (100%)
2026-08-30 09:00:24,395 [INFO] __main__: === Stage 2/8: Cleaning ===
2026-08-30 09:00:24,403 [WARNING] src.cleaning: [LTIM.NS] EXCLUDED: ingestion failed: yfinance returned an empty info payload for LTIM.NS (no exception, but no usable data — likely a transient Yahoo-side issue or an invalid/delisted symbol)
2026-08-30 09:00:24,403 [INFO] src.cleaning: [AARTIIND.NS] non-critical missing fields: ['return_on_equity']
2026-08-30 09:00:24,403 [INFO] src.cleaning: [ABBOTINDIA.NS] non-critical missing fields: ['return_on_equity']
2026-08-30 09:00:24,403 [INFO] src.cleaning: [ACC.NS] non-critical missing fields: ['return_on_equity']
2026-08-30 09:00:24,404 [INFO] src.cleaning: [ADANIENT.NS] non-critical missing fields: ['return_on_equity']
2026-08-30 09:00:24,404 [INFO] src.cleaning: [ADANIGREEN.NS] non-critical missing fields: ['return_on_equity']
2026-08-30 09:00:24,404 [INFO] src.cleaning: [ADANIPORTS.NS] non-critical missing fields: ['return_on_equity']
2026-08-30 09:00:24,404 [INFO] src.cleaning: [ADANIPOWER.NS] non-critical missing fields: ['return_on_equity']
2026-08-30 09:00:24,404 [INFO] src.cleaning: [ALKEM.NS] non-critical missing fields: ['return_on_equity']
2026-08-30 09:00:24,404 [INFO] src.cleaning: [AMBUJACEM.NS] non-critical missing fields: ['return_on_equity']
2026-08-30 09:00:24,404 [INFO] src.cleaning: [APLAPOLLO.NS] non-critical missing fields: ['return_on_equity']
2026-08-30 09:00:24,404 [INFO] src.cleaning: [APOLLOHOSP.NS] non-critical missing fields: ['return_on_equity']
2026-08-30 09:00:24,404 [INFO] src.cleaning: [ARE&M.NS] non-critical missing fields: ['return_on_equity']
2026-08-30 09:00:24,404 [INFO] src.cleaning: [ASHOKLEY.NS] non-critical missing fields: ['return_on_equity']
2026-08-30 09:00:24,404 [INFO] src.cleaning: [ASTRAL.NS] non-critical missing fields: ['return_on_equity']
2026-08-30 09:00:24,404 [INFO] src.cleaning: [AUBANK.NS] non-critical missing fields: ['ev_to_ebitda', 'return_on_equity', 'debt_to_equity']
2026-08-30 09:00:24,404 [INFO] src.cleaning: [AUROPHARMA.NS] non-critical missing fields: ['return_on_equity']
2026-08-30 09:00:24,404 [INFO] src.cleaning: [AXISBANK.NS] non-critical missing fields: ['ev_to_ebitda', 'debt_to_equity']
2026-08-30 09:00:24,404 [INFO] src.cleaning: [BAJAJ-AUTO.NS] non-critical missing fields: ['return_on_equity']
2026-08-30 09:00:24,404 [INFO] src.cleaning: [BAJAJFINSV.NS] non-critical missing fields: ['return_on_equity']
2026-08-30 09:00:24,404 [WARNING] src.cleaning: [BAJAJHLDNG.NS] outlier values flagged: ['net_margin']
2026-08-30 09:00:24,404 [INFO] src.cleaning: [BAJFINANCE.NS] non-critical missing fields: ['ev_to_ebitda', 'return_on_equity']
2026-08-30 09:00:24,404 [INFO] src.cleaning: [BANDHANBNK.NS] non-critical missing fields: ['ev_to_ebitda', 'return_on_equity', 'debt_to_equity']
2026-08-30 09:00:24,404 [INFO] src.cleaning: [BANKBARODA.NS] non-critical missing fields: ['ev_to_ebitda', 'debt_to_equity']
2026-08-30 09:00:24,405 [INFO] src.cleaning: [BANKINDIA.NS] non-critical missing fields: ['ev_to_ebitda', 'debt_to_equity']
2026-08-30 09:00:24,405 [INFO] src.cleaning: [BATAINDIA.NS] non-critical missing fields: ['return_on_equity']
2026-08-30 09:00:24,405 [INFO] src.cleaning: [BEL.NS] non-critical missing fields: ['return_on_equity']
2026-08-30 09:00:24,405 [INFO] src.cleaning: [BHARATFORG.NS] non-critical missing fields: ['return_on_equity']
2026-08-30 09:00:24,405 [INFO] src.cleaning: [BHEL.NS] non-critical missing fields: ['return_on_equity']
2026-08-30 09:00:24,405 [INFO] src.cleaning: [BIOCON.NS] non-critical missing fields: ['return_on_equity']
2026-08-30 09:00:24,405 [INFO] src.cleaning: [BLUESTARCO.NS] non-critical missing fields: ['return_on_equity']
2026-08-30 09:00:24,405 [INFO] src.cleaning: [BOSCHLTD.NS] non-critical missing fields: ['return_on_equity']
2026-08-30 09:00:24,405 [INFO] src.cleaning: [BPCL.NS] non-critical missing fields: ['return_on_equity']
2026-08-30 09:00:24,405 [INFO] src.cleaning: [BRITANNIA.NS] non-critical missing fields: ['return_on_equity']
2026-08-30 09:00:24,405 [INFO] src.cleaning: [CANBK.NS] non-critical missing fields: ['ev_to_ebitda', 'return_on_equity', 'debt_to_equity']
2026-08-30 09:00:24,405 [INFO] src.cleaning: [CARBORUNIV.NS] non-critical missing fields: ['return_on_equity']
2026-08-30 09:00:24,405 [INFO] src.cleaning: [CENTRALBK.NS] non-critical missing fields: ['ev_to_ebitda', 'debt_to_equity']
2026-08-30 09:00:24,405 [INFO] src.cleaning: [CHAMBLFERT.NS] non-critical missing fields: ['return_on_equity']
2026-08-30 09:00:24,405 [INFO] src.cleaning: [CHOLAFIN.NS] non-critical missing fields: ['ev_to_ebitda', 'return_on_equity']
2026-08-30 09:00:24,405 [INFO] src.cleaning: [CIPLA.NS] non-critical missing fields: ['return_on_equity']
2026-08-30 09:00:24,405 [INFO] src.cleaning: [COALINDIA.NS] non-critical missing fields: ['return_on_equity']
2026-08-30 09:00:24,406 [INFO] src.cleaning: [COCHINSHIP.NS] non-critical missing fields: ['return_on_equity']
2026-08-30 09:00:24,406 [INFO] src.cleaning: [COFORGE.NS] non-critical missing fields: ['return_on_equity']
2026-08-30 09:00:24,406 [INFO] src.cleaning: [COLPAL.NS] non-critical missing fields: ['return_on_equity']
2026-08-30 09:00:24,406 [INFO] src.cleaning: [CONCOR.NS] non-critical missing fields: ['return_on_equity']
2026-08-30 09:00:24,406 [INFO] src.cleaning: [COROMANDEL.NS] non-critical missing fields: ['return_on_equity']
2026-08-30 09:00:24,406 [INFO] src.cleaning: [CROMPTON.NS] non-critical missing fields: ['trailing_pe', 'return_on_equity']
2026-08-30 09:00:24,406 [INFO] src.cleaning: [CUMMINSIND.NS] non-critical missing fields: ['return_on_equity']
2026-08-30 09:00:24,406 [INFO] src.cleaning: [CYIENT.NS] non-critical missing fields: ['return_on_equity']
2026-08-30 09:00:24,406 [INFO] src.cleaning: [DABUR.NS] non-critical missing fields: ['return_on_equity']
2026-08-30 09:00:24,406 [INFO] src.cleaning: [DALBHARAT.NS] non-critical missing fields: ['return_on_equity']
2026-08-30 09:00:24,406 [INFO] src.cleaning: [DEEPAKNTR.NS] non-critical missing fields: ['return_on_equity']
2026-08-30 09:00:24,406 [INFO] src.cleaning: [DIVISLAB.NS] non-critical missing fields: ['return_on_equity']
2026-08-30 09:00:24,406 [INFO] src.cleaning: [DIXON.NS] non-critical missing fields: ['return_on_equity']
2026-08-30 09:00:24,406 [INFO] src.cleaning: [DMART.NS] non-critical missing fields: ['return_on_equity']
2026-08-30 09:00:24,406 [INFO] src.cleaning: [EICHERMOT.NS] non-critical missing fields: ['return_on_equity']
2026-08-30 09:00:24,406 [INFO] src.cleaning: [EMAMILTD.NS] non-critical missing fields: ['return_on_equity']
2026-08-30 09:00:24,406 [INFO] src.cleaning: [ENDURANCE.NS] non-critical missing fields: ['return_on_equity']
2026-08-30 09:00:24,407 [INFO] src.cleaning: [EXIDEIND.NS] non-critical missing fields: ['return_on_equity']
2026-08-30 09:00:24,407 [INFO] src.cleaning: [FEDERALBNK.NS] non-critical missing fields: ['ev_to_ebitda', 'return_on_equity', 'debt_to_equity']
2026-08-30 09:00:24,407 [INFO] src.cleaning: [FORTIS.NS] non-critical missing fields: ['return_on_equity']
2026-08-30 09:00:24,407 [INFO] src.cleaning: [GAIL.NS] non-critical missing fields: ['return_on_equity']
2026-08-30 09:00:24,407 [INFO] src.cleaning: [GHCL.NS] non-critical missing fields: ['return_on_equity']
2026-08-30 09:00:24,407 [INFO] src.cleaning: [GICRE.NS] non-critical missing fields: ['ev_to_ebitda', 'debt_to_equity']
2026-08-30 09:00:24,407 [INFO] src.cleaning: [GILLETTE.NS] non-critical missing fields: ['return_on_equity']
2026-08-30 09:00:24,407 [INFO] src.cleaning: [GLAND.NS] non-critical missing fields: ['return_on_equity']
2026-08-30 09:00:24,407 [INFO] src.cleaning: [GLENMARK.NS] non-critical missing fields: ['return_on_equity']
2026-08-30 09:00:24,407 [WARNING] src.cleaning: [GMRAIRPORT.NS] negative/zero equity — DuPont ROE math will be invalid downstream
2026-08-30 09:00:24,407 [INFO] src.cleaning: [GMRAIRPORT.NS] non-critical missing fields: ['return_on_equity', 'debt_to_equity']
2026-08-30 09:00:24,407 [INFO] src.cleaning: [GNFC.NS] non-critical missing fields: ['return_on_equity']
2026-08-30 09:00:24,407 [INFO] src.cleaning: [GODREJCP.NS] non-critical missing fields: ['return_on_equity']
2026-08-30 09:00:24,407 [INFO] src.cleaning: [GODREJPROP.NS] non-critical missing fields: ['return_on_equity']
2026-08-30 09:00:24,407 [INFO] src.cleaning: [GRINDWELL.NS] non-critical missing fields: ['return_on_equity']
2026-08-30 09:00:24,407 [INFO] src.cleaning: [HAL.NS] non-critical missing fields: ['return_on_equity']
2026-08-30 09:00:24,407 [INFO] src.cleaning: [HAVELLS.NS] non-critical missing fields: ['return_on_equity']
2026-08-30 09:00:24,407 [WARNING] src.cleaning: [HCLTECH.NS] outlier values flagged: ['ev_to_ebitda']
2026-08-30 09:00:24,408 [INFO] src.cleaning: [HDFCBANK.NS] non-critical missing fields: ['ev_to_ebitda', 'debt_to_equity']
2026-08-30 09:00:24,408 [INFO] src.cleaning: [HEIDELBERG.NS] non-critical missing fields: ['return_on_equity']
2026-08-30 09:00:24,408 [INFO] src.cleaning: [HEROMOTOCO.NS] non-critical missing fields: ['return_on_equity']
2026-08-30 09:00:24,408 [INFO] src.cleaning: [HINDALCO.NS] non-critical missing fields: ['return_on_equity']
2026-08-30 09:00:24,408 [INFO] src.cleaning: [HINDCOPPER.NS] non-critical missing fields: ['return_on_equity']
2026-08-30 09:00:24,408 [INFO] src.cleaning: [HINDUNILVR.NS] non-critical missing fields: ['return_on_equity']
2026-08-30 09:00:24,408 [INFO] src.cleaning: [HINDZINC.NS] non-critical missing fields: ['return_on_equity']
2026-08-30 09:00:24,408 [INFO] src.cleaning: [HUDCO.NS] non-critical missing fields: ['ev_to_ebitda', 'return_on_equity']
2026-08-30 09:00:24,408 [INFO] src.cleaning: [ICICIBANK.NS] non-critical missing fields: ['ev_to_ebitda', 'debt_to_equity']
2026-08-30 09:00:24,408 [INFO] src.cleaning: [ICICIGI.NS] non-critical missing fields: ['debt_to_equity']
2026-08-30 09:00:24,408 [WARNING] src.cleaning: [IDEA.NS] negative/zero equity — DuPont ROE math will be invalid downstream
2026-08-30 09:00:24,408 [INFO] src.cleaning: [IDEA.NS] non-critical missing fields: ['return_on_equity', 'debt_to_equity']
2026-08-30 09:00:24,408 [INFO] src.cleaning: [IDFCFIRSTB.NS] non-critical missing fields: ['ev_to_ebitda', 'return_on_equity', 'debt_to_equity', 'total_debt']
2026-08-30 09:00:24,408 [INFO] src.cleaning: [INDIGO.NS] non-critical missing fields: ['trailing_pe', 'return_on_equity']
2026-08-30 09:00:24,408 [INFO] src.cleaning: [INDUSINDBK.NS] non-critical missing fields: ['ev_to_ebitda', 'return_on_equity', 'debt_to_equity']
2026-08-30 09:00:24,408 [WARNING] src.cleaning: [INFY.NS] outlier values flagged: ['ev_to_ebitda']
2026-08-30 09:00:24,408 [INFO] src.cleaning: [IOB.NS] non-critical missing fields: ['ev_to_ebitda', 'debt_to_equity']
2026-08-30 09:00:24,408 [INFO] src.cleaning: [IOC.NS] non-critical missing fields: ['return_on_equity']
2026-08-30 09:00:24,409 [INFO] src.cleaning: [IPCALAB.NS] non-critical missing fields: ['return_on_equity']
2026-08-30 09:00:24,409 [INFO] src.cleaning: [IRCON.NS] non-critical missing fields: ['return_on_equity']
2026-08-30 09:00:24,409 [INFO] src.cleaning: [IRCTC.NS] non-critical missing fields: ['return_on_equity']
2026-08-30 09:00:24,409 [INFO] src.cleaning: [IRFC.NS] non-critical missing fields: ['ev_to_ebitda', 'return_on_equity']
2026-08-30 09:00:24,409 [INFO] src.cleaning: [ITC.NS] non-critical missing fields: ['return_on_equity']
2026-08-30 09:00:24,409 [INFO] src.cleaning: [JINDALSTEL.NS] non-critical missing fields: ['return_on_equity']
2026-08-30 09:00:24,409 [INFO] src.cleaning: [JKCEMENT.NS] non-critical missing fields: ['return_on_equity']
2026-08-30 09:00:24,409 [INFO] src.cleaning: [JSL.NS] non-critical missing fields: ['return_on_equity']
2026-08-30 09:00:24,409 [INFO] src.cleaning: [JSWSTEEL.NS] non-critical missing fields: ['return_on_equity']
2026-08-30 09:00:24,409 [INFO] src.cleaning: [JUBLFOOD.NS] non-critical missing fields: ['return_on_equity']
2026-08-30 09:00:24,409 [INFO] src.cleaning: [KAJARIACER.NS] non-critical missing fields: ['return_on_equity']
2026-08-30 09:00:24,409 [INFO] src.cleaning: [KEI.NS] non-critical missing fields: ['return_on_equity']
2026-08-30 09:00:24,409 [INFO] src.cleaning: [KOTAKBANK.NS] non-critical missing fields: ['ev_to_ebitda', 'return_on_equity', 'debt_to_equity']
2026-08-30 09:00:24,409 [INFO] src.cleaning: [KPITTECH.NS] non-critical missing fields: ['return_on_equity']
2026-08-30 09:00:24,409 [INFO] src.cleaning: [LALPATHLAB.NS] non-critical missing fields: ['return_on_equity']
2026-08-30 09:00:24,409 [INFO] src.cleaning: [LAURUSLABS.NS] non-critical missing fields: ['return_on_equity']
2026-08-30 09:00:24,409 [INFO] src.cleaning: [LICHSGFIN.NS] non-critical missing fields: ['ev_to_ebitda', 'return_on_equity']
2026-08-30 09:00:24,409 [INFO] src.cleaning: [LICI.NS] non-critical missing fields: ['return_on_equity']
2026-08-30 09:00:24,410 [INFO] src.cleaning: [LTTS.NS] non-critical missing fields: ['return_on_equity']
2026-08-30 09:00:24,410 [INFO] src.cleaning: [LT.NS] non-critical missing fields: ['return_on_equity']
2026-08-30 09:00:24,410 [INFO] src.cleaning: [LUPIN.NS] non-critical missing fields: ['return_on_equity']
2026-08-30 09:00:24,410 [INFO] src.cleaning: [M&M.NS] non-critical missing fields: ['return_on_equity']
2026-08-30 09:00:24,410 [INFO] src.cleaning: [MANAPPURAM.NS] non-critical missing fields: ['ev_to_ebitda', 'return_on_equity']
2026-08-30 09:00:24,410 [INFO] src.cleaning: [MARICO.NS] non-critical missing fields: ['return_on_equity']
2026-08-30 09:00:24,410 [INFO] src.cleaning: [MARUTI.NS] non-critical missing fields: ['return_on_equity']
2026-08-30 09:00:24,410 [INFO] src.cleaning: [MAZDOCK.NS] non-critical missing fields: ['return_on_equity']
2026-08-30 09:00:24,410 [INFO] src.cleaning: [METROPOLIS.NS] non-critical missing fields: ['return_on_equity']
2026-08-30 09:00:24,410 [INFO] src.cleaning: [MOTHERSON.NS] non-critical missing fields: ['return_on_equity']
2026-08-30 09:00:24,410 [INFO] src.cleaning: [MRF.NS] non-critical missing fields: ['return_on_equity']
2026-08-30 09:00:24,410 [INFO] src.cleaning: [MUTHOOTFIN.NS] non-critical missing fields: ['ev_to_ebitda']
2026-08-30 09:00:24,410 [INFO] src.cleaning: [NATIONALUM.NS] non-critical missing fields: ['return_on_equity']
2026-08-30 09:00:24,410 [INFO] src.cleaning: [NAVINFLUOR.NS] non-critical missing fields: ['return_on_equity']
2026-08-30 09:00:24,410 [INFO] src.cleaning: [NBCC.NS] non-critical missing fields: ['return_on_equity']
2026-08-30 09:00:24,410 [INFO] src.cleaning: [NCC.NS] non-critical missing fields: ['return_on_equity']
2026-08-30 09:00:24,410 [INFO] src.cleaning: [NESTLEIND.NS] non-critical missing fields: ['return_on_equity']
2026-08-30 09:00:24,410 [INFO] src.cleaning: [NMDC.NS] non-critical missing fields: ['return_on_equity']
2026-08-30 09:00:24,410 [INFO] src.cleaning: [NTPC.NS] non-critical missing fields: ['return_on_equity']
2026-08-30 09:00:24,411 [INFO] src.cleaning: [OBEROIRLTY.NS] non-critical missing fields: ['return_on_equity']
2026-08-30 09:00:24,411 [INFO] src.cleaning: [ONGC.NS] non-critical missing fields: ['return_on_equity']
2026-08-30 09:00:24,411 [INFO] src.cleaning: [PAGEIND.NS] non-critical missing fields: ['return_on_equity']
2026-08-30 09:00:24,411 [INFO] src.cleaning: [PFC.NS] non-critical missing fields: ['ev_to_ebitda', 'return_on_equity']
2026-08-30 09:00:24,411 [INFO] src.cleaning: [PGHH.NS] non-critical missing fields: ['return_on_equity']
2026-08-30 09:00:24,411 [INFO] src.cleaning: [PHOENIXLTD.NS] non-critical missing fields: ['return_on_equity']
2026-08-30 09:00:24,411 [INFO] src.cleaning: [PIDILITIND.NS] non-critical missing fields: ['return_on_equity']
2026-08-30 09:00:24,411 [INFO] src.cleaning: [PIIND.NS] non-critical missing fields: ['return_on_equity']
2026-08-30 09:00:24,411 [INFO] src.cleaning: [PNB.NS] non-critical missing fields: ['ev_to_ebitda', 'debt_to_equity']
2026-08-30 09:00:24,411 [INFO] src.cleaning: [POONAWALLA.NS] non-critical missing fields: ['ev_to_ebitda', 'return_on_equity']
2026-08-30 09:00:24,411 [INFO] src.cleaning: [POWERGRID.NS] non-critical missing fields: ['return_on_equity']
2026-08-30 09:00:24,411 [INFO] src.cleaning: [PVRINOX.NS] non-critical missing fields: ['return_on_equity']
2026-08-30 09:00:24,411 [INFO] src.cleaning: [RAMCOCEM.NS] non-critical missing fields: ['return_on_equity']
2026-08-30 09:00:24,411 [INFO] src.cleaning: [RATNAMANI.NS] non-critical missing fields: ['return_on_equity']
2026-08-30 09:00:24,411 [INFO] src.cleaning: [RBLBANK.NS] non-critical missing fields: ['ev_to_ebitda', 'return_on_equity', 'debt_to_equity']
2026-08-30 09:00:24,411 [INFO] src.cleaning: [RECLTD.NS] non-critical missing fields: ['ev_to_ebitda', 'return_on_equity']
2026-08-30 09:00:24,411 [INFO] src.cleaning: [RELAXO.NS] non-critical missing fields: ['return_on_equity']
2026-08-30 09:00:24,412 [INFO] src.cleaning: [RELIANCE.NS] non-critical missing fields: ['return_on_equity']
2026-08-30 09:00:24,412 [INFO] src.cleaning: [RVNL.NS] non-critical missing fields: ['return_on_equity']
2026-08-30 09:00:24,412 [INFO] src.cleaning: [SAIL.NS] non-critical missing fields: ['return_on_equity']
2026-08-30 09:00:24,412 [INFO] src.cleaning: [SBICARD.NS] non-critical missing fields: ['ev_to_ebitda', 'return_on_equity']
2026-08-30 09:00:24,412 [INFO] src.cleaning: [SBILIFE.NS] non-critical missing fields: ['debt_to_equity']
2026-08-30 09:00:24,412 [INFO] src.cleaning: [SBIN.NS] non-critical missing fields: ['ev_to_ebitda', 'debt_to_equity']
2026-08-30 09:00:24,412 [INFO] src.cleaning: [SHREECEM.NS] non-critical missing fields: ['return_on_equity']
2026-08-30 09:00:24,412 [INFO] src.cleaning: [SHRIRAMFIN.NS] non-critical missing fields: ['ev_to_ebitda']
2026-08-30 09:00:24,412 [INFO] src.cleaning: [SIEMENS.NS] non-critical missing fields: ['return_on_equity']
2026-08-30 09:00:24,412 [INFO] src.cleaning: [SKFINDIA.NS] non-critical missing fields: ['return_on_equity']
2026-08-30 09:00:24,412 [INFO] src.cleaning: [SOBHA.NS] non-critical missing fields: ['return_on_equity']
2026-08-30 09:00:24,412 [INFO] src.cleaning: [SRF.NS] non-critical missing fields: ['return_on_equity']
2026-08-30 09:00:24,412 [INFO] src.cleaning: [SUNDRMFAST.NS] non-critical missing fields: ['return_on_equity']
2026-08-30 09:00:24,412 [INFO] src.cleaning: [SUNPHARMA.NS] non-critical missing fields: ['return_on_equity']
2026-08-30 09:00:24,412 [INFO] src.cleaning: [SUPREMEIND.NS] non-critical missing fields: ['return_on_equity']
2026-08-30 09:00:24,412 [INFO] src.cleaning: [TATACHEM.NS] non-critical missing fields: ['trailing_pe', 'return_on_equity']
2026-08-30 09:00:24,412 [INFO] src.cleaning: [TATACONSUM.NS] non-critical missing fields: ['return_on_equity']
2026-08-30 09:00:24,412 [INFO] src.cleaning: [TATAELXSI.NS] non-critical missing fields: ['return_on_equity']
2026-08-30 09:00:24,412 [INFO] src.cleaning: [TATAPOWER.NS] non-critical missing fields: ['return_on_equity']
2026-08-30 09:00:24,412 [INFO] src.cleaning: [TATASTEEL.NS] non-critical missing fields: ['return_on_equity']
2026-08-30 09:00:24,412 [INFO] src.cleaning: [TECHM.NS] non-critical missing fields: ['return_on_equity']
2026-08-30 09:00:24,412 [INFO] src.cleaning: [THERMAX.NS] non-critical missing fields: ['return_on_equity']
2026-08-30 09:00:24,412 [INFO] src.cleaning: [TIMKEN.NS] non-critical missing fields: ['return_on_equity']
2026-08-30 09:00:24,413 [INFO] src.cleaning: [TITAN.NS] non-critical missing fields: ['return_on_equity']
2026-08-30 09:00:24,413 [INFO] src.cleaning: [TMCV.NS] non-critical missing fields: ['return_on_equity']
2026-08-30 09:00:24,413 [INFO] src.cleaning: [TMPV.NS] non-critical missing fields: ['trailing_pe', 'return_on_equity']
2026-08-30 09:00:24,413 [INFO] src.cleaning: [TORNTPHARM.NS] non-critical missing fields: ['return_on_equity']
2026-08-30 09:00:24,413 [INFO] src.cleaning: [TORNTPOWER.NS] non-critical missing fields: ['return_on_equity']
2026-08-30 09:00:24,413 [INFO] src.cleaning: [TRENT.NS] non-critical missing fields: ['return_on_equity']
2026-08-30 09:00:24,413 [INFO] src.cleaning: [TVSMOTOR.NS] non-critical missing fields: ['return_on_equity']
2026-08-30 09:00:24,413 [INFO] src.cleaning: [UCOBANK.NS] non-critical missing fields: ['ev_to_ebitda', 'debt_to_equity']
2026-08-30 09:00:24,413 [INFO] src.cleaning: [ULTRACEMCO.NS] non-critical missing fields: ['return_on_equity']
2026-08-30 09:00:24,413 [INFO] src.cleaning: [UNIONBANK.NS] non-critical missing fields: ['ev_to_ebitda', 'debt_to_equity', 'revenue_growth', 'total_debt']
2026-08-30 09:00:24,413 [INFO] src.cleaning: [UNITDSPR.NS] non-critical missing fields: ['return_on_equity']
2026-08-30 09:00:24,413 [INFO] src.cleaning: [UNOMINDA.NS] non-critical missing fields: ['return_on_equity']
2026-08-30 09:00:24,413 [INFO] src.cleaning: [UPL.NS] non-critical missing fields: ['return_on_equity']
2026-08-30 09:00:24,413 [INFO] src.cleaning: [VEDL.NS] non-critical missing fields: ['return_on_equity']
2026-08-30 09:00:24,413 [INFO] src.cleaning: [VOLTAS.NS] non-critical missing fields: ['return_on_equity']
2026-08-30 09:00:24,413 [INFO] src.cleaning: [WELCORP.NS] non-critical missing fields: ['return_on_equity']
2026-08-30 09:00:24,413 [INFO] src.cleaning: [WHIRLPOOL.NS] non-critical missing fields: ['return_on_equity']
2026-08-30 09:00:24,413 [INFO] src.cleaning: [ZEEL.NS] non-critical missing fields: ['return_on_equity']
2026-08-30 09:00:24,424 [INFO] src.cleaning: Cleaned 200/201 tickers -> data/processed/cleaned_universe.csv
2026-08-30 09:00:24,424 [INFO] src.cleaning: Full flag audit trail -> data/processed/cleaning_flags.csv
2026-08-30 09:00:24,424 [INFO] __main__: Cleaning validation passed: 200/201 tickers retained (100%)
2026-08-30 09:00:24,424 [INFO] __main__: === Stage 3/8: Scoring ===
2026-08-30 09:00:24,483 [INFO] src.scoring: Scored 200 companies -> data/processed/scored_universe.csv
2026-08-30 09:00:24,483 [INFO] src.scoring: Top 10 shortlist -> data/processed/shortlist_top_n.csv
2026-08-30 09:00:24,484 [WARNING] src.scoring: 24 companies scored on fewer than all 4 buckets (reweighted, not zero-filled) — see 'buckets_used' column: ['IOB.NS', 'UNIONBANK.NS', 'BANKINDIA.NS', 'CANBK.NS', 'ICICIGI.NS', 'PNB.NS', 'IDEA.NS', 'GICRE.NS', 'FEDERALBNK.NS', 'UCOBANK.NS', 'BANKBARODA.NS', 'AXISBANK.NS', 'SBIN.NS', 'CENTRALBK.NS', 'KOTAKBANK.NS', 'SBILIFE.NS', 'ICICIBANK.NS', 'HDFCBANK.NS', 'BANDHANBNK.NS', 'AUBANK.NS', 'GMRAIRPORT.NS', 'IDFCFIRSTB.NS', 'RBLBANK.NS', 'INDUSINDBK.NS']
2026-08-30 09:00:24,485 [INFO] __main__: Scoring validation passed: 200 companies ranked, all scores in valid range
2026-08-30 09:00:24,485 [INFO] __main__: === Stage 4/8: Comps + DuPont ===
2026-08-30 09:00:24,497 [INFO] src.comps_dupont: Comps + DuPont report for top 10 -> data/processed/comps_dupont_report.csv
2026-08-30 09:00:24,498 [WARNING] src.comps_dupont: 1 companies have a DuPont-implied ROE that diverges >5pp from reported ROE (possible data inconsistency, worth a manual check): ['IOB.NS']
2026-08-30 09:00:24,498 [INFO] __main__: === Stage 5/8: Explainability ===
2026-08-30 09:00:24,533 [INFO] src.explainability: Explanations for top 10 companies -> data/processed/explanations.csv
2026-08-30 09:00:24,533 [INFO] __main__: === Stage 6/8: Baseline Comparison ===
2026-08-30 09:00:24,540 [INFO] src.baseline_comparison: Baseline comparison -> data/processed/baseline_comparison.csv
2026-08-30 09:00:24,540 [INFO] __main__: === Stage 7/8: Acquisition Likelihood ===
2026-08-30 09:00:24,544 [INFO] src.acquisition_likelihood: 2 companies excluded from acquisition-likelihood scoring (negative/zero equity — financial distress, not a value-target thesis): ['IDEA.NS', 'GMRAIRPORT.NS']
2026-08-30 09:00:24,554 [INFO] src.acquisition_likelihood: Acquisition likelihood scoring -> data/processed/acquisition_likelihood.csv
2026-08-30 09:00:24,554 [INFO] __main__: === Stage 8/8: Historical Snapshot ===
2026-08-30 09:00:24,561 [INFO] src.history_tracker: Recorded shortlist snapshot for 2026-08-30 (10 companies) -> data/history/shortlist_history.csv (5 distinct days tracked so far)
2026-08-30 09:00:24,566 [INFO] src.history_tracker: Recorded acquisition-likelihood snapshot for 2026-08-30 (10 companies) -> data/history/acquisition_likelihood_history.csv (5 distinct days tracked so far)
2026-08-30 09:00:24,566 [INFO] __main__: === Pipeline completed successfully ===
2026-08-30 09:00:24,567 [INFO] __main__:   ingestion: {'total': 201, 'ok': 200}
2026-08-30 09:00:24,567 [INFO] __main__:   cleaning: {'retained': 200, 'input': 201}
2026-08-30 09:00:24,567 [INFO] __main__:   scoring: {'ranked': 200}
2026-08-30 09:00:24,567 [INFO] __main__:   comps_dupont: {'companies': 10}
2026-08-30 09:00:24,567 [INFO] __main__:   explainability: {'companies': 10}
2026-08-30 09:00:24,567 [INFO] __main__:   baseline_comparison: {'correlation': np.float64(0.47340370396521037), 'overlap_pct': 0.0}
2026-08-30 09:00:24,567 [INFO] __main__:   acquisition_likelihood: {'companies': 10}
2026-08-30 09:00:24,567 [INFO] __main__:   history_tracker: {'recorded': True}
