2026-09-28 09:24:23,821 [INFO] __main__: Logging to file: logs/pipeline_run_2026-09-28T09-24-23Z.log
2026-09-28 09:24:23,821 [INFO] __main__: === Stage 1/8: Ingestion ===
2026-09-28 09:24:23,853 [INFO] src.ingestion: [ACC.NS] fetching fresh data
2026-09-28 09:24:25,283 [INFO] src.ingestion: [AMBUJACEM.NS] fetching fresh data
2026-09-28 09:24:26,208 [INFO] src.ingestion: [ULTRACEMCO.NS] fetching fresh data
2026-09-28 09:24:27,287 [INFO] src.ingestion: [SHREECEM.NS] fetching fresh data
2026-09-28 09:24:28,228 [INFO] src.ingestion: [JKCEMENT.NS] fetching fresh data
2026-09-28 09:24:29,226 [INFO] src.ingestion: [RAMCOCEM.NS] fetching fresh data
2026-09-28 09:24:30,314 [INFO] src.ingestion: [HEIDELBERG.NS] fetching fresh data
2026-09-28 09:24:31,288 [INFO] src.ingestion: [DALBHARAT.NS] fetching fresh data
2026-09-28 09:24:32,257 [INFO] src.ingestion: [INFY.NS] fetching fresh data
2026-09-28 09:24:33,293 [INFO] src.ingestion: [TCS.NS] fetching fresh data
2026-09-28 09:24:34,353 [INFO] src.ingestion: [WIPRO.NS] fetching fresh data
2026-09-28 09:24:35,367 [INFO] src.ingestion: [HCLTECH.NS] fetching fresh data
2026-09-28 09:24:36,396 [INFO] src.ingestion: [TECHM.NS] fetching fresh data
2026-09-28 09:24:37,346 [INFO] src.ingestion: [LTIM.NS] fetching fresh data
2026-09-28 09:24:37,566 [ERROR] yfinance: HTTP Error 404: {"quoteSummary":{"result":null,"error":{"code":"Not Found","description":"Quote not found for symbol: LTIM.NS"}}}
2026-09-28 09:24:37,705 [WARNING] src.ingestion: [LTIM.NS] attempt 1 failed: yfinance returned an empty info payload for LTIM.NS (no exception, but no usable data — likely a transient Yahoo-side issue or an invalid/delisted symbol)
2026-09-28 09:24:39,925 [ERROR] yfinance: HTTP Error 404: {"quoteSummary":{"result":null,"error":{"code":"Not Found","description":"Quote not found for symbol: LTIM.NS"}}}
2026-09-28 09:24:39,986 [WARNING] src.ingestion: [LTIM.NS] attempt 2 failed: yfinance returned an empty info payload for LTIM.NS (no exception, but no usable data — likely a transient Yahoo-side issue or an invalid/delisted symbol)
2026-09-28 09:24:44,198 [ERROR] yfinance: HTTP Error 404: {"quoteSummary":{"result":null,"error":{"code":"Not Found","description":"Quote not found for symbol: LTIM.NS"}}}
2026-09-28 09:24:44,325 [WARNING] src.ingestion: [LTIM.NS] attempt 3 failed: yfinance returned an empty info payload for LTIM.NS (no exception, but no usable data — likely a transient Yahoo-side issue or an invalid/delisted symbol)
2026-09-28 09:24:44,726 [INFO] src.ingestion: [PERSISTENT.NS] fetching fresh data
2026-09-28 09:24:45,678 [INFO] src.ingestion: [COFORGE.NS] fetching fresh data
2026-09-28 09:24:46,615 [INFO] src.ingestion: [MPHASIS.NS] fetching fresh data
2026-09-28 09:24:47,631 [INFO] src.ingestion: [LTTS.NS] fetching fresh data
2026-09-28 09:24:48,598 [INFO] src.ingestion: [TATAELXSI.NS] fetching fresh data
2026-09-28 09:24:49,496 [INFO] src.ingestion: [CYIENT.NS] fetching fresh data
2026-09-28 09:24:50,595 [INFO] src.ingestion: [KPITTECH.NS] fetching fresh data
2026-09-28 09:24:51,668 [INFO] src.ingestion: [HDFCBANK.NS] fetching fresh data
2026-09-28 09:24:52,665 [INFO] src.ingestion: [ICICIBANK.NS] fetching fresh data
2026-09-28 09:24:53,723 [INFO] src.ingestion: [SBIN.NS] fetching fresh data
2026-09-28 09:24:54,728 [INFO] src.ingestion: [AXISBANK.NS] fetching fresh data
2026-09-28 09:24:55,655 [INFO] src.ingestion: [KOTAKBANK.NS] fetching fresh data
2026-09-28 09:24:56,611 [INFO] src.ingestion: [INDUSINDBK.NS] fetching fresh data
2026-09-28 09:24:57,631 [INFO] src.ingestion: [FEDERALBNK.NS] fetching fresh data
2026-09-28 09:24:58,649 [INFO] src.ingestion: [BANDHANBNK.NS] fetching fresh data
2026-09-28 09:24:59,675 [INFO] src.ingestion: [IDFCFIRSTB.NS] fetching fresh data
2026-09-28 09:25:00,639 [INFO] src.ingestion: [PNB.NS] fetching fresh data
2026-09-28 09:25:01,575 [INFO] src.ingestion: [BANKBARODA.NS] fetching fresh data
2026-09-28 09:25:02,516 [INFO] src.ingestion: [CANBK.NS] fetching fresh data
2026-09-28 09:25:03,543 [INFO] src.ingestion: [UNIONBANK.NS] fetching fresh data
2026-09-28 09:25:04,421 [INFO] src.ingestion: [AUBANK.NS] fetching fresh data
2026-09-28 09:25:05,343 [INFO] src.ingestion: [RBLBANK.NS] fetching fresh data
2026-09-28 09:25:06,413 [INFO] src.ingestion: [BANKINDIA.NS] fetching fresh data
2026-09-28 09:25:07,335 [INFO] src.ingestion: [CENTRALBK.NS] fetching fresh data
2026-09-28 09:25:08,331 [INFO] src.ingestion: [IOB.NS] fetching fresh data
2026-09-28 09:25:09,287 [INFO] src.ingestion: [UCOBANK.NS] fetching fresh data
2026-09-28 09:25:10,233 [INFO] src.ingestion: [BAJFINANCE.NS] fetching fresh data
2026-09-28 09:25:11,286 [INFO] src.ingestion: [BAJAJFINSV.NS] fetching fresh data
2026-09-28 09:25:12,292 [INFO] src.ingestion: [CHOLAFIN.NS] fetching fresh data
2026-09-28 09:25:13,288 [INFO] src.ingestion: [MUTHOOTFIN.NS] fetching fresh data
2026-09-28 09:25:14,213 [INFO] src.ingestion: [LICHSGFIN.NS] fetching fresh data
2026-09-28 09:25:15,178 [INFO] src.ingestion: [SHRIRAMFIN.NS] fetching fresh data
2026-09-28 09:25:16,122 [INFO] src.ingestion: [PFC.NS] fetching fresh data
2026-09-28 09:25:17,145 [INFO] src.ingestion: [RECLTD.NS] fetching fresh data
2026-09-28 09:25:18,081 [INFO] src.ingestion: [IRFC.NS] fetching fresh data
2026-09-28 09:25:19,110 [INFO] src.ingestion: [HUDCO.NS] fetching fresh data
2026-09-28 09:25:20,087 [INFO] src.ingestion: [BAJAJHLDNG.NS] fetching fresh data
2026-09-28 09:25:21,053 [INFO] src.ingestion: [SBICARD.NS] fetching fresh data
2026-09-28 09:25:21,973 [INFO] src.ingestion: [MANAPPURAM.NS] fetching fresh data
2026-09-28 09:25:22,934 [INFO] src.ingestion: [POONAWALLA.NS] fetching fresh data
2026-09-28 09:25:23,948 [INFO] src.ingestion: [HDFCLIFE.NS] fetching fresh data
2026-09-28 09:25:24,957 [INFO] src.ingestion: [SBILIFE.NS] fetching fresh data
2026-09-28 09:25:25,954 [INFO] src.ingestion: [ICICIPRULI.NS] fetching fresh data
2026-09-28 09:25:26,908 [INFO] src.ingestion: [ICICIGI.NS] fetching fresh data
2026-09-28 09:25:27,806 [INFO] src.ingestion: [LICI.NS] fetching fresh data
2026-09-28 09:25:28,794 [INFO] src.ingestion: [GICRE.NS] fetching fresh data
2026-09-28 09:25:29,746 [INFO] src.ingestion: [MARUTI.NS] fetching fresh data
2026-09-28 09:25:30,801 [INFO] src.ingestion: [TMPV.NS] fetching fresh data
2026-09-28 09:25:31,753 [INFO] src.ingestion: [TMCV.NS] fetching fresh data
2026-09-28 09:25:32,791 [INFO] src.ingestion: [M&M.NS] fetching fresh data
2026-09-28 09:25:33,941 [INFO] src.ingestion: [EICHERMOT.NS] fetching fresh data
2026-09-28 09:25:34,936 [INFO] src.ingestion: [HEROMOTOCO.NS] fetching fresh data
2026-09-28 09:25:35,912 [INFO] src.ingestion: [BAJAJ-AUTO.NS] fetching fresh data
2026-09-28 09:25:36,811 [INFO] src.ingestion: [TVSMOTOR.NS] fetching fresh data
2026-09-28 09:25:37,837 [INFO] src.ingestion: [ASHOKLEY.NS] fetching fresh data
2026-09-28 09:25:38,750 [INFO] src.ingestion: [BHARATFORG.NS] fetching fresh data
2026-09-28 09:25:39,733 [INFO] src.ingestion: [MOTHERSON.NS] fetching fresh data
2026-09-28 09:25:40,699 [INFO] src.ingestion: [BOSCHLTD.NS] fetching fresh data
2026-09-28 09:25:41,708 [INFO] src.ingestion: [MRF.NS] fetching fresh data
2026-09-28 09:25:42,651 [INFO] src.ingestion: [ENDURANCE.NS] fetching fresh data
2026-09-28 09:25:43,622 [INFO] src.ingestion: [EXIDEIND.NS] fetching fresh data
2026-09-28 09:25:44,519 [INFO] src.ingestion: [ARE&M.NS] fetching fresh data
2026-09-28 09:25:45,517 [INFO] src.ingestion: [SUNDRMFAST.NS] fetching fresh data
2026-09-28 09:25:46,448 [INFO] src.ingestion: [UNOMINDA.NS] fetching fresh data
2026-09-28 09:25:47,486 [INFO] src.ingestion: [SUNPHARMA.NS] fetching fresh data
2026-09-28 09:25:48,412 [INFO] src.ingestion: [DRREDDY.NS] fetching fresh data
2026-09-28 09:25:49,374 [INFO] src.ingestion: [CIPLA.NS] fetching fresh data
2026-09-28 09:25:50,335 [INFO] src.ingestion: [DIVISLAB.NS] fetching fresh data
2026-09-28 09:25:51,403 [INFO] src.ingestion: [LUPIN.NS] fetching fresh data
2026-09-28 09:25:52,397 [INFO] src.ingestion: [AUROPHARMA.NS] fetching fresh data
2026-09-28 09:25:53,359 [INFO] src.ingestion: [BIOCON.NS] fetching fresh data
2026-09-28 09:25:54,384 [INFO] src.ingestion: [TORNTPHARM.NS] fetching fresh data
2026-09-28 09:25:55,349 [INFO] src.ingestion: [ALKEM.NS] fetching fresh data
2026-09-28 09:25:56,349 [INFO] src.ingestion: [ABBOTINDIA.NS] fetching fresh data
2026-09-28 09:25:57,305 [INFO] src.ingestion: [APOLLOHOSP.NS] fetching fresh data
2026-09-28 09:25:58,270 [INFO] src.ingestion: [FORTIS.NS] fetching fresh data
2026-09-28 09:25:59,332 [INFO] src.ingestion: [LALPATHLAB.NS] fetching fresh data
2026-09-28 09:26:00,491 [INFO] src.ingestion: [METROPOLIS.NS] fetching fresh data
2026-09-28 09:26:01,422 [INFO] src.ingestion: [GLAND.NS] fetching fresh data
2026-09-28 09:26:02,300 [INFO] src.ingestion: [LAURUSLABS.NS] fetching fresh data
2026-09-28 09:26:03,282 [INFO] src.ingestion: [GLENMARK.NS] fetching fresh data
2026-09-28 09:26:04,230 [INFO] src.ingestion: [IPCALAB.NS] fetching fresh data
2026-09-28 09:26:05,271 [INFO] src.ingestion: [HINDUNILVR.NS] fetching fresh data
2026-09-28 09:26:06,230 [INFO] src.ingestion: [ITC.NS] fetching fresh data
2026-09-28 09:26:07,354 [INFO] src.ingestion: [NESTLEIND.NS] fetching fresh data
2026-09-28 09:26:08,449 [INFO] src.ingestion: [BRITANNIA.NS] fetching fresh data
2026-09-28 09:26:09,369 [INFO] src.ingestion: [DABUR.NS] fetching fresh data
2026-09-28 09:26:10,375 [INFO] src.ingestion: [GODREJCP.NS] fetching fresh data
2026-09-28 09:26:11,443 [INFO] src.ingestion: [MARICO.NS] fetching fresh data
2026-09-28 09:26:12,426 [INFO] src.ingestion: [COLPAL.NS] fetching fresh data
2026-09-28 09:26:13,346 [INFO] src.ingestion: [TATACONSUM.NS] fetching fresh data
2026-09-28 09:26:14,386 [INFO] src.ingestion: [VBL.NS] fetching fresh data
2026-09-28 09:26:15,381 [INFO] src.ingestion: [UNITDSPR.NS] fetching fresh data
2026-09-28 09:26:16,452 [INFO] src.ingestion: [EMAMILTD.NS] fetching fresh data
2026-09-28 09:26:17,379 [INFO] src.ingestion: [TATASTEEL.NS] fetching fresh data
2026-09-28 09:26:18,327 [INFO] src.ingestion: [JSWSTEEL.NS] fetching fresh data
2026-09-28 09:26:19,275 [INFO] src.ingestion: [HINDALCO.NS] fetching fresh data
2026-09-28 09:26:20,398 [INFO] src.ingestion: [VEDL.NS] fetching fresh data
2026-09-28 09:26:21,325 [INFO] src.ingestion: [COALINDIA.NS] fetching fresh data
2026-09-28 09:26:22,343 [INFO] src.ingestion: [NMDC.NS] fetching fresh data
2026-09-28 09:26:23,405 [INFO] src.ingestion: [SAIL.NS] fetching fresh data
2026-09-28 09:26:24,394 [INFO] src.ingestion: [JINDALSTEL.NS] fetching fresh data
2026-09-28 09:26:25,326 [INFO] src.ingestion: [APLAPOLLO.NS] fetching fresh data
2026-09-28 09:26:26,288 [INFO] src.ingestion: [NATIONALUM.NS] fetching fresh data
2026-09-28 09:26:27,248 [INFO] src.ingestion: [HINDCOPPER.NS] fetching fresh data
2026-09-28 09:26:28,302 [INFO] src.ingestion: [RATNAMANI.NS] fetching fresh data
2026-09-28 09:26:29,308 [INFO] src.ingestion: [HINDZINC.NS] fetching fresh data
2026-09-28 09:26:30,251 [INFO] src.ingestion: [WELCORP.NS] fetching fresh data
2026-09-28 09:26:31,271 [INFO] src.ingestion: [JSL.NS] fetching fresh data
2026-09-28 09:26:32,296 [INFO] src.ingestion: [RELIANCE.NS] fetching fresh data
2026-09-28 09:26:33,293 [INFO] src.ingestion: [ONGC.NS] fetching fresh data
2026-09-28 09:26:34,225 [INFO] src.ingestion: [BPCL.NS] fetching fresh data
2026-09-28 09:26:35,139 [INFO] src.ingestion: [IOC.NS] fetching fresh data
2026-09-28 09:26:36,129 [INFO] src.ingestion: [GAIL.NS] fetching fresh data
2026-09-28 09:26:37,118 [INFO] src.ingestion: [NTPC.NS] fetching fresh data
2026-09-28 09:26:38,118 [INFO] src.ingestion: [POWERGRID.NS] fetching fresh data
2026-09-28 09:26:39,155 [INFO] src.ingestion: [TATAPOWER.NS] fetching fresh data
2026-09-28 09:26:40,074 [INFO] src.ingestion: [ADANIGREEN.NS] fetching fresh data
2026-09-28 09:26:41,038 [INFO] src.ingestion: [ADANIPOWER.NS] fetching fresh data
2026-09-28 09:26:41,991 [INFO] src.ingestion: [TORNTPOWER.NS] fetching fresh data
2026-09-28 09:26:42,991 [INFO] src.ingestion: [LT.NS] fetching fresh data
2026-09-28 09:26:43,957 [INFO] src.ingestion: [SIEMENS.NS] fetching fresh data
2026-09-28 09:26:44,997 [INFO] src.ingestion: [ABB.NS] fetching fresh data
2026-09-28 09:26:46,080 [INFO] src.ingestion: [HAL.NS] fetching fresh data
2026-09-28 09:26:47,020 [INFO] src.ingestion: [BEL.NS] fetching fresh data
2026-09-28 09:26:48,089 [INFO] src.ingestion: [BHEL.NS] fetching fresh data
2026-09-28 09:26:49,150 [INFO] src.ingestion: [CUMMINSIND.NS] fetching fresh data
2026-09-28 09:26:50,065 [INFO] src.ingestion: [THERMAX.NS] fetching fresh data
2026-09-28 09:26:51,000 [INFO] src.ingestion: [POLYCAB.NS] fetching fresh data
2026-09-28 09:26:51,976 [INFO] src.ingestion: [KEI.NS] fetching fresh data
2026-09-28 09:26:52,969 [INFO] src.ingestion: [HAVELLS.NS] fetching fresh data
2026-09-28 09:26:53,958 [INFO] src.ingestion: [CROMPTON.NS] fetching fresh data
2026-09-28 09:26:54,931 [INFO] src.ingestion: [SUPREMEIND.NS] fetching fresh data
2026-09-28 09:26:55,986 [INFO] src.ingestion: [ASTRAL.NS] fetching fresh data
2026-09-28 09:26:56,991 [INFO] src.ingestion: [GRINDWELL.NS] fetching fresh data
2026-09-28 09:26:58,083 [INFO] src.ingestion: [CARBORUNIV.NS] fetching fresh data
2026-09-28 09:26:59,139 [INFO] src.ingestion: [TIMKEN.NS] fetching fresh data
2026-09-28 09:27:00,158 [INFO] src.ingestion: [SKFINDIA.NS] fetching fresh data
2026-09-28 09:27:01,168 [INFO] src.ingestion: [SRF.NS] fetching fresh data
2026-09-28 09:27:02,146 [INFO] src.ingestion: [PIIND.NS] fetching fresh data
2026-09-28 09:27:03,119 [INFO] src.ingestion: [DEEPAKNTR.NS] fetching fresh data
2026-09-28 09:27:04,089 [INFO] src.ingestion: [AARTIIND.NS] fetching fresh data
2026-09-28 09:27:05,072 [INFO] src.ingestion: [NAVINFLUOR.NS] fetching fresh data
2026-09-28 09:27:06,040 [INFO] src.ingestion: [UPL.NS] fetching fresh data
2026-09-28 09:27:06,959 [INFO] src.ingestion: [COROMANDEL.NS] fetching fresh data
2026-09-28 09:27:07,927 [INFO] src.ingestion: [CHAMBLFERT.NS] fetching fresh data
2026-09-28 09:27:08,932 [INFO] src.ingestion: [GNFC.NS] fetching fresh data
2026-09-28 09:27:09,979 [INFO] src.ingestion: [PIDILITIND.NS] fetching fresh data
2026-09-28 09:27:10,948 [INFO] src.ingestion: [TATACHEM.NS] fetching fresh data
2026-09-28 09:27:11,832 [INFO] src.ingestion: [GHCL.NS] fetching fresh data
2026-09-28 09:27:12,828 [INFO] src.ingestion: [TITAN.NS] fetching fresh data
2026-09-28 09:27:13,849 [INFO] src.ingestion: [DMART.NS] fetching fresh data
2026-09-28 09:27:15,009 [INFO] src.ingestion: [TRENT.NS] fetching fresh data
2026-09-28 09:27:16,115 [INFO] src.ingestion: [BATAINDIA.NS] fetching fresh data
2026-09-28 09:27:17,088 [INFO] src.ingestion: [PAGEIND.NS] fetching fresh data
2026-09-28 09:27:18,102 [INFO] src.ingestion: [JUBLFOOD.NS] fetching fresh data
2026-09-28 09:27:19,080 [INFO] src.ingestion: [VOLTAS.NS] fetching fresh data
2026-09-28 09:27:20,022 [INFO] src.ingestion: [DIXON.NS] fetching fresh data
2026-09-28 09:27:20,970 [INFO] src.ingestion: [RELAXO.NS] fetching fresh data
2026-09-28 09:27:21,952 [INFO] src.ingestion: [KAJARIACER.NS] fetching fresh data
2026-09-28 09:27:22,910 [INFO] src.ingestion: [WHIRLPOOL.NS] fetching fresh data
2026-09-28 09:27:23,873 [INFO] src.ingestion: [BLUESTARCO.NS] fetching fresh data
2026-09-28 09:27:24,857 [INFO] src.ingestion: [PGHH.NS] fetching fresh data
2026-09-28 09:27:25,785 [INFO] src.ingestion: [GILLETTE.NS] fetching fresh data
2026-09-28 09:27:26,775 [INFO] src.ingestion: [BHARTIARTL.NS] fetching fresh data
2026-09-28 09:27:27,765 [INFO] src.ingestion: [IDEA.NS] fetching fresh data
2026-09-28 09:27:28,757 [INFO] src.ingestion: [INDUSTOWER.NS] fetching fresh data
2026-09-28 09:27:29,636 [INFO] src.ingestion: [PVRINOX.NS] fetching fresh data
2026-09-28 09:27:30,570 [INFO] src.ingestion: [ZEEL.NS] fetching fresh data
2026-09-28 09:27:31,491 [INFO] src.ingestion: [ADANIPORTS.NS] fetching fresh data
2026-09-28 09:27:32,500 [INFO] src.ingestion: [ADANIENT.NS] fetching fresh data
2026-09-28 09:27:33,486 [INFO] src.ingestion: [GMRAIRPORT.NS] fetching fresh data
2026-09-28 09:27:34,447 [INFO] src.ingestion: [CONCOR.NS] fetching fresh data
2026-09-28 09:27:35,326 [INFO] src.ingestion: [IRCTC.NS] fetching fresh data
2026-09-28 09:27:36,372 [INFO] src.ingestion: [INDIGO.NS] fetching fresh data
2026-09-28 09:27:37,390 [INFO] src.ingestion: [RVNL.NS] fetching fresh data
2026-09-28 09:27:38,280 [INFO] src.ingestion: [IRCON.NS] fetching fresh data
2026-09-28 09:27:39,248 [INFO] src.ingestion: [NBCC.NS] fetching fresh data
2026-09-28 09:27:40,255 [INFO] src.ingestion: [NCC.NS] fetching fresh data
2026-09-28 09:27:41,176 [INFO] src.ingestion: [MAZDOCK.NS] fetching fresh data
2026-09-28 09:27:42,153 [INFO] src.ingestion: [COCHINSHIP.NS] fetching fresh data
2026-09-28 09:27:43,106 [INFO] src.ingestion: [DLF.NS] fetching fresh data
2026-09-28 09:27:44,091 [INFO] src.ingestion: [GODREJPROP.NS] fetching fresh data
2026-09-28 09:27:45,065 [INFO] src.ingestion: [OBEROIRLTY.NS] fetching fresh data
2026-09-28 09:27:46,050 [INFO] src.ingestion: [PRESTIGE.NS] fetching fresh data
2026-09-28 09:27:47,052 [INFO] src.ingestion: [PHOENIXLTD.NS] fetching fresh data
2026-09-28 09:27:48,043 [INFO] src.ingestion: [SOBHA.NS] fetching fresh data
2026-09-28 09:27:49,020 [INFO] src.ingestion: Fetched 200/201 tickers successfully
2026-09-28 09:27:49,020 [WARNING] src.ingestion: Failed tickers (excluded from downstream, not silently zeroed): ['LTIM.NS']
2026-09-28 09:27:49,020 [INFO] __main__: Ingestion validation passed: 200/201 tickers (100%)
2026-09-28 09:27:49,021 [INFO] __main__: === Stage 2/8: Cleaning ===
2026-09-28 09:27:49,029 [WARNING] src.cleaning: [LTIM.NS] EXCLUDED: ingestion failed: yfinance returned an empty info payload for LTIM.NS (no exception, but no usable data — likely a transient Yahoo-side issue or an invalid/delisted symbol)
2026-09-28 09:27:49,029 [INFO] src.cleaning: [AARTIIND.NS] non-critical missing fields: ['return_on_equity']
2026-09-28 09:27:49,029 [INFO] src.cleaning: [ABBOTINDIA.NS] non-critical missing fields: ['return_on_equity']
2026-09-28 09:27:49,029 [INFO] src.cleaning: [ACC.NS] non-critical missing fields: ['return_on_equity']
2026-09-28 09:27:49,029 [INFO] src.cleaning: [ADANIENT.NS] non-critical missing fields: ['return_on_equity']
2026-09-28 09:27:49,029 [INFO] src.cleaning: [ADANIGREEN.NS] non-critical missing fields: ['return_on_equity']
2026-09-28 09:27:49,029 [INFO] src.cleaning: [ADANIPORTS.NS] non-critical missing fields: ['return_on_equity']
2026-09-28 09:27:49,030 [INFO] src.cleaning: [ADANIPOWER.NS] non-critical missing fields: ['return_on_equity']
2026-09-28 09:27:49,030 [INFO] src.cleaning: [ALKEM.NS] non-critical missing fields: ['return_on_equity']
2026-09-28 09:27:49,030 [INFO] src.cleaning: [AMBUJACEM.NS] non-critical missing fields: ['return_on_equity']
2026-09-28 09:27:49,030 [INFO] src.cleaning: [APLAPOLLO.NS] non-critical missing fields: ['return_on_equity']
2026-09-28 09:27:49,030 [INFO] src.cleaning: [APOLLOHOSP.NS] non-critical missing fields: ['return_on_equity']
2026-09-28 09:27:49,030 [INFO] src.cleaning: [ARE&M.NS] non-critical missing fields: ['return_on_equity']
2026-09-28 09:27:49,030 [INFO] src.cleaning: [ASHOKLEY.NS] non-critical missing fields: ['return_on_equity']
2026-09-28 09:27:49,030 [INFO] src.cleaning: [ASTRAL.NS] non-critical missing fields: ['return_on_equity']
2026-09-28 09:27:49,030 [INFO] src.cleaning: [AUBANK.NS] non-critical missing fields: ['ev_to_ebitda', 'return_on_equity', 'debt_to_equity']
2026-09-28 09:27:49,030 [INFO] src.cleaning: [AUROPHARMA.NS] non-critical missing fields: ['return_on_equity']
2026-09-28 09:27:49,030 [INFO] src.cleaning: [AXISBANK.NS] non-critical missing fields: ['ev_to_ebitda', 'debt_to_equity']
2026-09-28 09:27:49,030 [INFO] src.cleaning: [BAJAJ-AUTO.NS] non-critical missing fields: ['return_on_equity']
2026-09-28 09:27:49,030 [INFO] src.cleaning: [BAJAJFINSV.NS] non-critical missing fields: ['return_on_equity']
2026-09-28 09:27:49,030 [WARNING] src.cleaning: [BAJAJHLDNG.NS] outlier values flagged: ['net_margin']
2026-09-28 09:27:49,030 [INFO] src.cleaning: [BAJFINANCE.NS] non-critical missing fields: ['ev_to_ebitda', 'return_on_equity']
2026-09-28 09:27:49,030 [INFO] src.cleaning: [BANDHANBNK.NS] non-critical missing fields: ['ev_to_ebitda', 'return_on_equity', 'debt_to_equity']
2026-09-28 09:27:49,030 [INFO] src.cleaning: [BANKBARODA.NS] non-critical missing fields: ['ev_to_ebitda', 'debt_to_equity']
2026-09-28 09:27:49,030 [INFO] src.cleaning: [BANKINDIA.NS] non-critical missing fields: ['ev_to_ebitda', 'debt_to_equity']
2026-09-28 09:27:49,030 [INFO] src.cleaning: [BATAINDIA.NS] non-critical missing fields: ['return_on_equity']
2026-09-28 09:27:49,030 [INFO] src.cleaning: [BEL.NS] non-critical missing fields: ['return_on_equity']
2026-09-28 09:27:49,031 [INFO] src.cleaning: [BHARATFORG.NS] non-critical missing fields: ['return_on_equity']
2026-09-28 09:27:49,031 [INFO] src.cleaning: [BHEL.NS] non-critical missing fields: ['return_on_equity']
2026-09-28 09:27:49,031 [INFO] src.cleaning: [BIOCON.NS] non-critical missing fields: ['return_on_equity']
2026-09-28 09:27:49,031 [INFO] src.cleaning: [BLUESTARCO.NS] non-critical missing fields: ['return_on_equity']
2026-09-28 09:27:49,031 [INFO] src.cleaning: [BOSCHLTD.NS] non-critical missing fields: ['return_on_equity']
2026-09-28 09:27:49,031 [INFO] src.cleaning: [BPCL.NS] non-critical missing fields: ['return_on_equity']
2026-09-28 09:27:49,031 [INFO] src.cleaning: [BRITANNIA.NS] non-critical missing fields: ['return_on_equity']
2026-09-28 09:27:49,031 [INFO] src.cleaning: [CANBK.NS] non-critical missing fields: ['ev_to_ebitda', 'return_on_equity', 'debt_to_equity']
2026-09-28 09:27:49,031 [INFO] src.cleaning: [CARBORUNIV.NS] non-critical missing fields: ['return_on_equity']
2026-09-28 09:27:49,031 [INFO] src.cleaning: [CENTRALBK.NS] non-critical missing fields: ['ev_to_ebitda', 'debt_to_equity']
2026-09-28 09:27:49,031 [INFO] src.cleaning: [CHAMBLFERT.NS] non-critical missing fields: ['return_on_equity']
2026-09-28 09:27:49,031 [INFO] src.cleaning: [CHOLAFIN.NS] non-critical missing fields: ['ev_to_ebitda', 'return_on_equity']
2026-09-28 09:27:49,031 [INFO] src.cleaning: [CIPLA.NS] non-critical missing fields: ['return_on_equity']
2026-09-28 09:27:49,031 [INFO] src.cleaning: [COALINDIA.NS] non-critical missing fields: ['return_on_equity']
2026-09-28 09:27:49,031 [INFO] src.cleaning: [COCHINSHIP.NS] non-critical missing fields: ['return_on_equity']
2026-09-28 09:27:49,031 [INFO] src.cleaning: [COFORGE.NS] non-critical missing fields: ['return_on_equity']
2026-09-28 09:27:49,031 [INFO] src.cleaning: [COLPAL.NS] non-critical missing fields: ['return_on_equity']
2026-09-28 09:27:49,031 [INFO] src.cleaning: [CONCOR.NS] non-critical missing fields: ['return_on_equity']
2026-09-28 09:27:49,031 [INFO] src.cleaning: [COROMANDEL.NS] non-critical missing fields: ['return_on_equity']
2026-09-28 09:27:49,031 [INFO] src.cleaning: [CROMPTON.NS] non-critical missing fields: ['trailing_pe', 'return_on_equity']
2026-09-28 09:27:49,031 [INFO] src.cleaning: [CUMMINSIND.NS] non-critical missing fields: ['return_on_equity']
2026-09-28 09:27:49,031 [INFO] src.cleaning: [CYIENT.NS] non-critical missing fields: ['return_on_equity']
2026-09-28 09:27:49,031 [INFO] src.cleaning: [DABUR.NS] non-critical missing fields: ['return_on_equity']
2026-09-28 09:27:49,031 [INFO] src.cleaning: [DALBHARAT.NS] non-critical missing fields: ['return_on_equity']
2026-09-28 09:27:49,031 [INFO] src.cleaning: [DEEPAKNTR.NS] non-critical missing fields: ['return_on_equity']
2026-09-28 09:27:49,032 [INFO] src.cleaning: [DIVISLAB.NS] non-critical missing fields: ['return_on_equity']
2026-09-28 09:27:49,032 [INFO] src.cleaning: [DIXON.NS] non-critical missing fields: ['return_on_equity']
2026-09-28 09:27:49,032 [INFO] src.cleaning: [DMART.NS] non-critical missing fields: ['return_on_equity']
2026-09-28 09:27:49,032 [INFO] src.cleaning: [EICHERMOT.NS] non-critical missing fields: ['return_on_equity']
2026-09-28 09:27:49,032 [INFO] src.cleaning: [EMAMILTD.NS] non-critical missing fields: ['return_on_equity']
2026-09-28 09:27:49,032 [INFO] src.cleaning: [ENDURANCE.NS] non-critical missing fields: ['return_on_equity']
2026-09-28 09:27:49,032 [INFO] src.cleaning: [EXIDEIND.NS] non-critical missing fields: ['return_on_equity']
2026-09-28 09:27:49,032 [INFO] src.cleaning: [FEDERALBNK.NS] non-critical missing fields: ['ev_to_ebitda', 'return_on_equity', 'debt_to_equity']
2026-09-28 09:27:49,032 [INFO] src.cleaning: [FORTIS.NS] non-critical missing fields: ['return_on_equity']
2026-09-28 09:27:49,032 [INFO] src.cleaning: [GAIL.NS] non-critical missing fields: ['return_on_equity']
2026-09-28 09:27:49,032 [INFO] src.cleaning: [GHCL.NS] non-critical missing fields: ['return_on_equity']
2026-09-28 09:27:49,032 [INFO] src.cleaning: [GICRE.NS] non-critical missing fields: ['ev_to_ebitda', 'debt_to_equity']
2026-09-28 09:27:49,032 [INFO] src.cleaning: [GILLETTE.NS] non-critical missing fields: ['return_on_equity']
2026-09-28 09:27:49,032 [INFO] src.cleaning: [GLAND.NS] non-critical missing fields: ['return_on_equity']
2026-09-28 09:27:49,032 [INFO] src.cleaning: [GLENMARK.NS] non-critical missing fields: ['return_on_equity']
2026-09-28 09:27:49,032 [WARNING] src.cleaning: [GMRAIRPORT.NS] negative/zero equity — DuPont ROE math will be invalid downstream
2026-09-28 09:27:49,032 [INFO] src.cleaning: [GMRAIRPORT.NS] non-critical missing fields: ['return_on_equity', 'debt_to_equity']
2026-09-28 09:27:49,032 [INFO] src.cleaning: [GNFC.NS] non-critical missing fields: ['return_on_equity']
2026-09-28 09:27:49,032 [INFO] src.cleaning: [GODREJCP.NS] non-critical missing fields: ['return_on_equity']
2026-09-28 09:27:49,032 [INFO] src.cleaning: [GODREJPROP.NS] non-critical missing fields: ['return_on_equity']
2026-09-28 09:27:49,032 [INFO] src.cleaning: [GRINDWELL.NS] non-critical missing fields: ['return_on_equity']
2026-09-28 09:27:49,032 [INFO] src.cleaning: [HAL.NS] non-critical missing fields: ['return_on_equity']
2026-09-28 09:27:49,032 [INFO] src.cleaning: [HAVELLS.NS] non-critical missing fields: ['return_on_equity']
2026-09-28 09:27:49,032 [WARNING] src.cleaning: [HCLTECH.NS] outlier values flagged: ['ev_to_ebitda']
2026-09-28 09:27:49,032 [INFO] src.cleaning: [HDFCBANK.NS] non-critical missing fields: ['ev_to_ebitda', 'debt_to_equity']
2026-09-28 09:27:49,032 [INFO] src.cleaning: [HEIDELBERG.NS] non-critical missing fields: ['return_on_equity']
2026-09-28 09:27:49,032 [INFO] src.cleaning: [HEROMOTOCO.NS] non-critical missing fields: ['return_on_equity']
2026-09-28 09:27:49,032 [INFO] src.cleaning: [HINDALCO.NS] non-critical missing fields: ['return_on_equity']
2026-09-28 09:27:49,032 [INFO] src.cleaning: [HINDCOPPER.NS] non-critical missing fields: ['return_on_equity']
2026-09-28 09:27:49,032 [INFO] src.cleaning: [HINDUNILVR.NS] non-critical missing fields: ['return_on_equity']
2026-09-28 09:27:49,032 [INFO] src.cleaning: [HINDZINC.NS] non-critical missing fields: ['return_on_equity']
2026-09-28 09:27:49,032 [INFO] src.cleaning: [HUDCO.NS] non-critical missing fields: ['ev_to_ebitda', 'return_on_equity']
2026-09-28 09:27:49,032 [INFO] src.cleaning: [ICICIBANK.NS] non-critical missing fields: ['ev_to_ebitda', 'debt_to_equity']
2026-09-28 09:27:49,032 [INFO] src.cleaning: [ICICIGI.NS] non-critical missing fields: ['debt_to_equity']
2026-09-28 09:27:49,032 [WARNING] src.cleaning: [IDEA.NS] negative/zero equity — DuPont ROE math will be invalid downstream
2026-09-28 09:27:49,032 [INFO] src.cleaning: [IDEA.NS] non-critical missing fields: ['return_on_equity', 'debt_to_equity']
2026-09-28 09:27:49,032 [INFO] src.cleaning: [IDFCFIRSTB.NS] non-critical missing fields: ['ev_to_ebitda', 'debt_to_equity']
2026-09-28 09:27:49,032 [WARNING] src.cleaning: [INDIGO.NS] outlier values flagged: ['debt_to_equity']
2026-09-28 09:27:49,032 [INFO] src.cleaning: [INDIGO.NS] non-critical missing fields: ['trailing_pe', 'return_on_equity']
2026-09-28 09:27:49,032 [INFO] src.cleaning: [INDUSINDBK.NS] non-critical missing fields: ['ev_to_ebitda', 'return_on_equity', 'debt_to_equity']
2026-09-28 09:27:49,033 [WARNING] src.cleaning: [INFY.NS] outlier values flagged: ['ev_to_ebitda']
2026-09-28 09:27:49,033 [INFO] src.cleaning: [IOB.NS] non-critical missing fields: ['ev_to_ebitda', 'debt_to_equity']
2026-09-28 09:27:49,033 [INFO] src.cleaning: [IOC.NS] non-critical missing fields: ['return_on_equity']
2026-09-28 09:27:49,033 [INFO] src.cleaning: [IPCALAB.NS] non-critical missing fields: ['return_on_equity']
2026-09-28 09:27:49,033 [INFO] src.cleaning: [IRCON.NS] non-critical missing fields: ['return_on_equity']
2026-09-28 09:27:49,033 [INFO] src.cleaning: [IRCTC.NS] non-critical missing fields: ['return_on_equity']
2026-09-28 09:27:49,033 [INFO] src.cleaning: [IRFC.NS] non-critical missing fields: ['ev_to_ebitda', 'return_on_equity']
2026-09-28 09:27:49,033 [INFO] src.cleaning: [ITC.NS] non-critical missing fields: ['return_on_equity']
2026-09-28 09:27:49,033 [INFO] src.cleaning: [JINDALSTEL.NS] non-critical missing fields: ['return_on_equity']
2026-09-28 09:27:49,033 [INFO] src.cleaning: [JKCEMENT.NS] non-critical missing fields: ['return_on_equity']
2026-09-28 09:27:49,033 [INFO] src.cleaning: [JSL.NS] non-critical missing fields: ['return_on_equity']
2026-09-28 09:27:49,033 [INFO] src.cleaning: [JSWSTEEL.NS] non-critical missing fields: ['return_on_equity']
2026-09-28 09:27:49,033 [INFO] src.cleaning: [JUBLFOOD.NS] non-critical missing fields: ['return_on_equity']
2026-09-28 09:27:49,033 [INFO] src.cleaning: [KAJARIACER.NS] non-critical missing fields: ['return_on_equity']
2026-09-28 09:27:49,033 [INFO] src.cleaning: [KEI.NS] non-critical missing fields: ['return_on_equity']
2026-09-28 09:27:49,033 [INFO] src.cleaning: [KOTAKBANK.NS] non-critical missing fields: ['ev_to_ebitda', 'return_on_equity', 'debt_to_equity']
2026-09-28 09:27:49,033 [INFO] src.cleaning: [KPITTECH.NS] non-critical missing fields: ['return_on_equity']
2026-09-28 09:27:49,033 [INFO] src.cleaning: [LALPATHLAB.NS] non-critical missing fields: ['return_on_equity']
2026-09-28 09:27:49,033 [INFO] src.cleaning: [LAURUSLABS.NS] non-critical missing fields: ['return_on_equity']
2026-09-28 09:27:49,033 [INFO] src.cleaning: [LICHSGFIN.NS] non-critical missing fields: ['ev_to_ebitda', 'return_on_equity']
2026-09-28 09:27:49,033 [INFO] src.cleaning: [LICI.NS] non-critical missing fields: ['return_on_equity']
2026-09-28 09:27:49,033 [INFO] src.cleaning: [LTTS.NS] non-critical missing fields: ['return_on_equity']
2026-09-28 09:27:49,033 [INFO] src.cleaning: [LT.NS] non-critical missing fields: ['return_on_equity']
2026-09-28 09:27:49,033 [INFO] src.cleaning: [LUPIN.NS] non-critical missing fields: ['return_on_equity']
2026-09-28 09:27:49,033 [INFO] src.cleaning: [M&M.NS] non-critical missing fields: ['return_on_equity']
2026-09-28 09:27:49,033 [INFO] src.cleaning: [MANAPPURAM.NS] non-critical missing fields: ['ev_to_ebitda', 'return_on_equity']
2026-09-28 09:27:49,033 [INFO] src.cleaning: [MARICO.NS] non-critical missing fields: ['return_on_equity']
2026-09-28 09:27:49,033 [INFO] src.cleaning: [MARUTI.NS] non-critical missing fields: ['return_on_equity']
2026-09-28 09:27:49,033 [INFO] src.cleaning: [MAZDOCK.NS] non-critical missing fields: ['return_on_equity']
2026-09-28 09:27:49,033 [INFO] src.cleaning: [METROPOLIS.NS] non-critical missing fields: ['return_on_equity']
2026-09-28 09:27:49,033 [INFO] src.cleaning: [MOTHERSON.NS] non-critical missing fields: ['return_on_equity']
2026-09-28 09:27:49,033 [INFO] src.cleaning: [MRF.NS] non-critical missing fields: ['return_on_equity']
2026-09-28 09:27:49,033 [INFO] src.cleaning: [MUTHOOTFIN.NS] non-critical missing fields: ['ev_to_ebitda']
2026-09-28 09:27:49,033 [INFO] src.cleaning: [NATIONALUM.NS] non-critical missing fields: ['return_on_equity']
2026-09-28 09:27:49,033 [INFO] src.cleaning: [NAVINFLUOR.NS] non-critical missing fields: ['return_on_equity']
2026-09-28 09:27:49,033 [INFO] src.cleaning: [NBCC.NS] non-critical missing fields: ['return_on_equity']
2026-09-28 09:27:49,034 [INFO] src.cleaning: [NCC.NS] non-critical missing fields: ['return_on_equity']
2026-09-28 09:27:49,034 [INFO] src.cleaning: [NESTLEIND.NS] non-critical missing fields: ['return_on_equity']
2026-09-28 09:27:49,034 [INFO] src.cleaning: [NMDC.NS] non-critical missing fields: ['return_on_equity']
2026-09-28 09:27:49,034 [INFO] src.cleaning: [NTPC.NS] non-critical missing fields: ['return_on_equity']
2026-09-28 09:27:49,034 [INFO] src.cleaning: [OBEROIRLTY.NS] non-critical missing fields: ['return_on_equity']
2026-09-28 09:27:49,034 [INFO] src.cleaning: [ONGC.NS] non-critical missing fields: ['return_on_equity']
2026-09-28 09:27:49,034 [INFO] src.cleaning: [PAGEIND.NS] non-critical missing fields: ['return_on_equity']
2026-09-28 09:27:49,034 [INFO] src.cleaning: [PFC.NS] non-critical missing fields: ['ev_to_ebitda', 'return_on_equity']
2026-09-28 09:27:49,034 [INFO] src.cleaning: [PGHH.NS] non-critical missing fields: ['return_on_equity']
2026-09-28 09:27:49,034 [INFO] src.cleaning: [PHOENIXLTD.NS] non-critical missing fields: ['return_on_equity']
2026-09-28 09:27:49,034 [INFO] src.cleaning: [PIDILITIND.NS] non-critical missing fields: ['return_on_equity']
2026-09-28 09:27:49,034 [INFO] src.cleaning: [PIIND.NS] non-critical missing fields: ['return_on_equity']
2026-09-28 09:27:49,034 [INFO] src.cleaning: [PNB.NS] non-critical missing fields: ['ev_to_ebitda', 'debt_to_equity']
2026-09-28 09:27:49,034 [INFO] src.cleaning: [POONAWALLA.NS] non-critical missing fields: ['ev_to_ebitda', 'return_on_equity']
2026-09-28 09:27:49,034 [INFO] src.cleaning: [POWERGRID.NS] non-critical missing fields: ['return_on_equity']
2026-09-28 09:27:49,034 [INFO] src.cleaning: [PVRINOX.NS] non-critical missing fields: ['return_on_equity']
2026-09-28 09:27:49,034 [INFO] src.cleaning: [RAMCOCEM.NS] non-critical missing fields: ['return_on_equity']
2026-09-28 09:27:49,034 [INFO] src.cleaning: [RATNAMANI.NS] non-critical missing fields: ['return_on_equity']
2026-09-28 09:27:49,034 [INFO] src.cleaning: [RBLBANK.NS] non-critical missing fields: ['ev_to_ebitda', 'return_on_equity', 'debt_to_equity']
2026-09-28 09:27:49,034 [INFO] src.cleaning: [RECLTD.NS] non-critical missing fields: ['ev_to_ebitda', 'return_on_equity']
2026-09-28 09:27:49,034 [INFO] src.cleaning: [RELAXO.NS] non-critical missing fields: ['return_on_equity']
2026-09-28 09:27:49,034 [INFO] src.cleaning: [RELIANCE.NS] non-critical missing fields: ['return_on_equity']
2026-09-28 09:27:49,034 [INFO] src.cleaning: [RVNL.NS] non-critical missing fields: ['return_on_equity']
2026-09-28 09:27:49,034 [INFO] src.cleaning: [SAIL.NS] non-critical missing fields: ['return_on_equity']
2026-09-28 09:27:49,034 [INFO] src.cleaning: [SBICARD.NS] non-critical missing fields: ['ev_to_ebitda', 'return_on_equity']
2026-09-28 09:27:49,034 [INFO] src.cleaning: [SBILIFE.NS] non-critical missing fields: ['debt_to_equity']
2026-09-28 09:27:49,034 [INFO] src.cleaning: [SBIN.NS] non-critical missing fields: ['ev_to_ebitda', 'debt_to_equity']
2026-09-28 09:27:49,034 [INFO] src.cleaning: [SHREECEM.NS] non-critical missing fields: ['return_on_equity']
2026-09-28 09:27:49,034 [INFO] src.cleaning: [SHRIRAMFIN.NS] non-critical missing fields: ['ev_to_ebitda']
2026-09-28 09:27:49,034 [INFO] src.cleaning: [SIEMENS.NS] non-critical missing fields: ['return_on_equity']
2026-09-28 09:27:49,034 [INFO] src.cleaning: [SKFINDIA.NS] non-critical missing fields: ['return_on_equity']
2026-09-28 09:27:49,034 [INFO] src.cleaning: [SOBHA.NS] non-critical missing fields: ['return_on_equity']
2026-09-28 09:27:49,034 [INFO] src.cleaning: [SRF.NS] non-critical missing fields: ['return_on_equity']
2026-09-28 09:27:49,034 [INFO] src.cleaning: [SUNDRMFAST.NS] non-critical missing fields: ['return_on_equity']
2026-09-28 09:27:49,034 [INFO] src.cleaning: [SUNPHARMA.NS] non-critical missing fields: ['return_on_equity']
2026-09-28 09:27:49,034 [INFO] src.cleaning: [SUPREMEIND.NS] non-critical missing fields: ['return_on_equity']
2026-09-28 09:27:49,034 [INFO] src.cleaning: [TATACHEM.NS] non-critical missing fields: ['trailing_pe', 'return_on_equity']
2026-09-28 09:27:49,034 [INFO] src.cleaning: [TATACONSUM.NS] non-critical missing fields: ['return_on_equity']
2026-09-28 09:27:49,034 [INFO] src.cleaning: [TATAELXSI.NS] non-critical missing fields: ['return_on_equity']
2026-09-28 09:27:49,034 [INFO] src.cleaning: [TATAPOWER.NS] non-critical missing fields: ['return_on_equity']
2026-09-28 09:27:49,034 [INFO] src.cleaning: [TATASTEEL.NS] non-critical missing fields: ['return_on_equity']
2026-09-28 09:27:49,034 [INFO] src.cleaning: [TECHM.NS] non-critical missing fields: ['return_on_equity']
2026-09-28 09:27:49,035 [INFO] src.cleaning: [THERMAX.NS] non-critical missing fields: ['return_on_equity']
2026-09-28 09:27:49,035 [INFO] src.cleaning: [TIMKEN.NS] non-critical missing fields: ['return_on_equity']
2026-09-28 09:27:49,035 [INFO] src.cleaning: [TITAN.NS] non-critical missing fields: ['return_on_equity']
2026-09-28 09:27:49,035 [INFO] src.cleaning: [TMCV.NS] non-critical missing fields: ['return_on_equity']
2026-09-28 09:27:49,035 [INFO] src.cleaning: [TMPV.NS] non-critical missing fields: ['trailing_pe', 'return_on_equity']
2026-09-28 09:27:49,035 [INFO] src.cleaning: [TORNTPHARM.NS] non-critical missing fields: ['return_on_equity']
2026-09-28 09:27:49,035 [INFO] src.cleaning: [TORNTPOWER.NS] non-critical missing fields: ['return_on_equity']
2026-09-28 09:27:49,035 [INFO] src.cleaning: [TRENT.NS] non-critical missing fields: ['return_on_equity']
2026-09-28 09:27:49,035 [INFO] src.cleaning: [TVSMOTOR.NS] non-critical missing fields: ['return_on_equity']
2026-09-28 09:27:49,035 [INFO] src.cleaning: [UCOBANK.NS] non-critical missing fields: ['ev_to_ebitda', 'debt_to_equity']
2026-09-28 09:27:49,035 [INFO] src.cleaning: [ULTRACEMCO.NS] non-critical missing fields: ['return_on_equity']
2026-09-28 09:27:49,035 [INFO] src.cleaning: [UNIONBANK.NS] non-critical missing fields: ['ev_to_ebitda', 'debt_to_equity']
2026-09-28 09:27:49,035 [INFO] src.cleaning: [UNITDSPR.NS] non-critical missing fields: ['return_on_equity']
2026-09-28 09:27:49,035 [INFO] src.cleaning: [UNOMINDA.NS] non-critical missing fields: ['return_on_equity']
2026-09-28 09:27:49,035 [INFO] src.cleaning: [UPL.NS] non-critical missing fields: ['return_on_equity']
2026-09-28 09:27:49,035 [INFO] src.cleaning: [VEDL.NS] non-critical missing fields: ['return_on_equity']
2026-09-28 09:27:49,035 [INFO] src.cleaning: [VOLTAS.NS] non-critical missing fields: ['return_on_equity']
2026-09-28 09:27:49,035 [INFO] src.cleaning: [WELCORP.NS] non-critical missing fields: ['return_on_equity']
2026-09-28 09:27:49,035 [INFO] src.cleaning: [WHIRLPOOL.NS] non-critical missing fields: ['return_on_equity']
2026-09-28 09:27:49,035 [INFO] src.cleaning: [ZEEL.NS] non-critical missing fields: ['return_on_equity']
2026-09-28 09:27:49,042 [INFO] src.cleaning: Cleaned 200/201 tickers -> data/processed/cleaned_universe.csv
2026-09-28 09:27:49,042 [INFO] src.cleaning: Full flag audit trail -> data/processed/cleaning_flags.csv
2026-09-28 09:27:49,043 [INFO] __main__: Cleaning validation passed: 200/201 tickers retained (100%)
2026-09-28 09:27:49,043 [INFO] __main__: === Stage 3/8: Scoring ===
2026-09-28 09:27:49,102 [INFO] src.scoring: Scored 200 companies -> data/processed/scored_universe.csv
2026-09-28 09:27:49,102 [INFO] src.scoring: Top 10 shortlist -> data/processed/shortlist_top_n.csv
2026-09-28 09:27:49,103 [WARNING] src.scoring: 24 companies scored on fewer than all 4 buckets (reweighted, not zero-filled) — see 'buckets_used' column: ['IOB.NS', 'BANKINDIA.NS', 'UNIONBANK.NS', 'CANBK.NS', 'ICICIGI.NS', 'IDEA.NS', 'PNB.NS', 'GICRE.NS', 'FEDERALBNK.NS', 'UCOBANK.NS', 'BANKBARODA.NS', 'CENTRALBK.NS', 'SBIN.NS', 'AXISBANK.NS', 'KOTAKBANK.NS', 'ICICIBANK.NS', 'HDFCBANK.NS', 'SBILIFE.NS', 'AUBANK.NS', 'BANDHANBNK.NS', 'GMRAIRPORT.NS', 'IDFCFIRSTB.NS', 'RBLBANK.NS', 'INDUSINDBK.NS']
2026-09-28 09:27:49,104 [INFO] __main__: Scoring validation passed: 200 companies ranked, all scores in valid range
2026-09-28 09:27:49,104 [INFO] __main__: === Stage 4/8: Comps + DuPont ===
2026-09-28 09:27:49,116 [INFO] src.comps_dupont: Comps + DuPont report for top 10 -> data/processed/comps_dupont_report.csv
2026-09-28 09:27:49,116 [WARNING] src.comps_dupont: 1 companies have a DuPont-implied ROE that diverges >5pp from reported ROE (possible data inconsistency, worth a manual check): ['IOB.NS']
2026-09-28 09:27:49,116 [INFO] __main__: === Stage 5/8: Explainability ===
2026-09-28 09:27:49,152 [INFO] src.explainability: Explanations for top 10 companies -> data/processed/explanations.csv
2026-09-28 09:27:49,152 [INFO] __main__: === Stage 6/8: Baseline Comparison ===
2026-09-28 09:27:49,159 [INFO] src.baseline_comparison: Baseline comparison -> data/processed/baseline_comparison.csv
2026-09-28 09:27:49,160 [INFO] __main__: === Stage 7/8: Acquisition Likelihood ===
2026-09-28 09:27:49,163 [INFO] src.acquisition_likelihood: 2 companies excluded from acquisition-likelihood scoring (negative/zero equity — financial distress, not a value-target thesis): ['IDEA.NS', 'GMRAIRPORT.NS']
2026-09-28 09:27:49,173 [INFO] src.acquisition_likelihood: Acquisition likelihood scoring -> data/processed/acquisition_likelihood.csv
2026-09-28 09:27:49,174 [INFO] __main__: === Stage 8/8: Historical Snapshot ===
2026-09-28 09:27:49,180 [INFO] src.history_tracker: Recorded shortlist snapshot for 2026-09-28 (10 companies) -> data/history/shortlist_history.csv (5 distinct days tracked so far)
2026-09-28 09:27:49,186 [INFO] src.history_tracker: Recorded acquisition-likelihood snapshot for 2026-09-28 (10 companies) -> data/history/acquisition_likelihood_history.csv (5 distinct days tracked so far)
2026-09-28 09:27:49,186 [INFO] __main__: === Pipeline completed successfully ===
2026-09-28 09:27:49,186 [INFO] __main__:   ingestion: {'total': 201, 'ok': 200}
2026-09-28 09:27:49,186 [INFO] __main__:   cleaning: {'retained': 200, 'input': 201}
2026-09-28 09:27:49,186 [INFO] __main__:   scoring: {'ranked': 200}
2026-09-28 09:27:49,186 [INFO] __main__:   comps_dupont: {'companies': 10}
2026-09-28 09:27:49,186 [INFO] __main__:   explainability: {'companies': 10}
2026-09-28 09:27:49,186 [INFO] __main__:   baseline_comparison: {'correlation': np.float64(0.4787155086082487), 'overlap_pct': 0.0}
2026-09-28 09:27:49,186 [INFO] __main__:   acquisition_likelihood: {'companies': 10}
2026-09-28 09:27:49,186 [INFO] __main__:   history_tracker: {'recorded': True}
