2026-09-23 08:18:53,573 [INFO] __main__: Logging to file: logs/pipeline_run_2026-09-23T08-18-53Z.log
2026-09-23 08:18:53,574 [INFO] __main__: === Stage 1/8: Ingestion ===
2026-09-23 08:18:53,605 [INFO] src.ingestion: [ACC.NS] fetching fresh data
2026-09-23 08:18:54,699 [INFO] src.ingestion: [AMBUJACEM.NS] fetching fresh data
2026-09-23 08:18:55,549 [INFO] src.ingestion: [ULTRACEMCO.NS] fetching fresh data
2026-09-23 08:18:56,376 [INFO] src.ingestion: [SHREECEM.NS] fetching fresh data
2026-09-23 08:18:57,330 [INFO] src.ingestion: [JKCEMENT.NS] fetching fresh data
2026-09-23 08:18:58,177 [INFO] src.ingestion: [RAMCOCEM.NS] fetching fresh data
2026-09-23 08:18:59,078 [INFO] src.ingestion: [HEIDELBERG.NS] fetching fresh data
2026-09-23 08:19:00,031 [INFO] src.ingestion: [DALBHARAT.NS] fetching fresh data
2026-09-23 08:19:00,891 [INFO] src.ingestion: [INFY.NS] fetching fresh data
2026-09-23 08:19:01,760 [INFO] src.ingestion: [TCS.NS] fetching fresh data
2026-09-23 08:19:02,608 [INFO] src.ingestion: [WIPRO.NS] fetching fresh data
2026-09-23 08:19:03,499 [INFO] src.ingestion: [HCLTECH.NS] fetching fresh data
2026-09-23 08:19:04,371 [INFO] src.ingestion: [TECHM.NS] fetching fresh data
2026-09-23 08:19:05,412 [INFO] src.ingestion: [LTIM.NS] fetching fresh data
2026-09-23 08:19:05,662 [ERROR] yfinance: HTTP Error 404: {"quoteSummary":{"result":null,"error":{"code":"Not Found","description":"Quote not found for symbol: LTIM.NS"}}}
2026-09-23 08:19:05,746 [WARNING] src.ingestion: [LTIM.NS] attempt 1 failed: yfinance returned an empty info payload for LTIM.NS (no exception, but no usable data — likely a transient Yahoo-side issue or an invalid/delisted symbol)
2026-09-23 08:19:07,892 [ERROR] yfinance: HTTP Error 404: {"quoteSummary":{"result":null,"error":{"code":"Not Found","description":"Quote not found for symbol: LTIM.NS"}}}
2026-09-23 08:19:07,933 [WARNING] src.ingestion: [LTIM.NS] attempt 2 failed: yfinance returned an empty info payload for LTIM.NS (no exception, but no usable data — likely a transient Yahoo-side issue or an invalid/delisted symbol)
2026-09-23 08:19:12,076 [ERROR] yfinance: HTTP Error 404: {"quoteSummary":{"result":null,"error":{"code":"Not Found","description":"Quote not found for symbol: LTIM.NS"}}}
2026-09-23 08:19:12,117 [WARNING] src.ingestion: [LTIM.NS] attempt 3 failed: yfinance returned an empty info payload for LTIM.NS (no exception, but no usable data — likely a transient Yahoo-side issue or an invalid/delisted symbol)
2026-09-23 08:19:12,517 [INFO] src.ingestion: [PERSISTENT.NS] fetching fresh data
2026-09-23 08:19:13,389 [INFO] src.ingestion: [COFORGE.NS] fetching fresh data
2026-09-23 08:19:14,260 [INFO] src.ingestion: [MPHASIS.NS] fetching fresh data
2026-09-23 08:19:15,083 [INFO] src.ingestion: [LTTS.NS] fetching fresh data
2026-09-23 08:19:15,927 [INFO] src.ingestion: [TATAELXSI.NS] fetching fresh data
2026-09-23 08:19:16,705 [INFO] src.ingestion: [CYIENT.NS] fetching fresh data
2026-09-23 08:19:17,617 [INFO] src.ingestion: [KPITTECH.NS] fetching fresh data
2026-09-23 08:19:18,571 [INFO] src.ingestion: [HDFCBANK.NS] fetching fresh data
2026-09-23 08:19:19,458 [INFO] src.ingestion: [ICICIBANK.NS] fetching fresh data
2026-09-23 08:19:20,225 [INFO] src.ingestion: [SBIN.NS] fetching fresh data
2026-09-23 08:19:21,064 [INFO] src.ingestion: [AXISBANK.NS] fetching fresh data
2026-09-23 08:19:21,923 [INFO] src.ingestion: [KOTAKBANK.NS] fetching fresh data
2026-09-23 08:19:22,703 [INFO] src.ingestion: [INDUSINDBK.NS] fetching fresh data
2026-09-23 08:19:23,530 [INFO] src.ingestion: [FEDERALBNK.NS] fetching fresh data
2026-09-23 08:19:24,359 [INFO] src.ingestion: [BANDHANBNK.NS] fetching fresh data
2026-09-23 08:19:25,285 [INFO] src.ingestion: [IDFCFIRSTB.NS] fetching fresh data
2026-09-23 08:19:26,210 [INFO] src.ingestion: [PNB.NS] fetching fresh data
2026-09-23 08:19:27,087 [INFO] src.ingestion: [BANKBARODA.NS] fetching fresh data
2026-09-23 08:19:27,834 [INFO] src.ingestion: [CANBK.NS] fetching fresh data
2026-09-23 08:19:28,700 [INFO] src.ingestion: [UNIONBANK.NS] fetching fresh data
2026-09-23 08:19:29,529 [INFO] src.ingestion: [AUBANK.NS] fetching fresh data
2026-09-23 08:19:30,384 [INFO] src.ingestion: [RBLBANK.NS] fetching fresh data
2026-09-23 08:19:31,205 [INFO] src.ingestion: [BANKINDIA.NS] fetching fresh data
2026-09-23 08:19:32,028 [INFO] src.ingestion: [CENTRALBK.NS] fetching fresh data
2026-09-23 08:19:32,949 [INFO] src.ingestion: [IOB.NS] fetching fresh data
2026-09-23 08:19:33,747 [INFO] src.ingestion: [UCOBANK.NS] fetching fresh data
2026-09-23 08:19:34,551 [INFO] src.ingestion: [BAJFINANCE.NS] fetching fresh data
2026-09-23 08:19:35,466 [INFO] src.ingestion: [BAJAJFINSV.NS] fetching fresh data
2026-09-23 08:19:36,306 [INFO] src.ingestion: [CHOLAFIN.NS] fetching fresh data
2026-09-23 08:19:37,251 [INFO] src.ingestion: [MUTHOOTFIN.NS] fetching fresh data
2026-09-23 08:19:38,139 [INFO] src.ingestion: [LICHSGFIN.NS] fetching fresh data
2026-09-23 08:19:39,032 [INFO] src.ingestion: [SHRIRAMFIN.NS] fetching fresh data
2026-09-23 08:19:39,876 [INFO] src.ingestion: [PFC.NS] fetching fresh data
2026-09-23 08:19:40,675 [INFO] src.ingestion: [RECLTD.NS] fetching fresh data
2026-09-23 08:19:41,474 [INFO] src.ingestion: [IRFC.NS] fetching fresh data
2026-09-23 08:19:42,331 [INFO] src.ingestion: [HUDCO.NS] fetching fresh data
2026-09-23 08:19:43,191 [INFO] src.ingestion: [BAJAJHLDNG.NS] fetching fresh data
2026-09-23 08:19:43,971 [INFO] src.ingestion: [SBICARD.NS] fetching fresh data
2026-09-23 08:19:44,816 [INFO] src.ingestion: [MANAPPURAM.NS] fetching fresh data
2026-09-23 08:19:45,692 [INFO] src.ingestion: [POONAWALLA.NS] fetching fresh data
2026-09-23 08:19:46,643 [INFO] src.ingestion: [HDFCLIFE.NS] fetching fresh data
2026-09-23 08:19:47,452 [INFO] src.ingestion: [SBILIFE.NS] fetching fresh data
2026-09-23 08:19:48,299 [INFO] src.ingestion: [ICICIPRULI.NS] fetching fresh data
2026-09-23 08:19:49,180 [INFO] src.ingestion: [ICICIGI.NS] fetching fresh data
2026-09-23 08:19:50,106 [INFO] src.ingestion: [LICI.NS] fetching fresh data
2026-09-23 08:19:50,938 [INFO] src.ingestion: [GICRE.NS] fetching fresh data
2026-09-23 08:19:51,727 [INFO] src.ingestion: [MARUTI.NS] fetching fresh data
2026-09-23 08:19:52,596 [INFO] src.ingestion: [TMPV.NS] fetching fresh data
2026-09-23 08:19:53,528 [INFO] src.ingestion: [TMCV.NS] fetching fresh data
2026-09-23 08:19:54,380 [INFO] src.ingestion: [M&M.NS] fetching fresh data
2026-09-23 08:19:55,278 [INFO] src.ingestion: [EICHERMOT.NS] fetching fresh data
2026-09-23 08:19:56,207 [INFO] src.ingestion: [HEROMOTOCO.NS] fetching fresh data
2026-09-23 08:19:57,027 [INFO] src.ingestion: [BAJAJ-AUTO.NS] fetching fresh data
2026-09-23 08:19:57,947 [INFO] src.ingestion: [TVSMOTOR.NS] fetching fresh data
2026-09-23 08:19:58,799 [INFO] src.ingestion: [ASHOKLEY.NS] fetching fresh data
2026-09-23 08:19:59,663 [INFO] src.ingestion: [BHARATFORG.NS] fetching fresh data
2026-09-23 08:20:00,528 [INFO] src.ingestion: [MOTHERSON.NS] fetching fresh data
2026-09-23 08:20:01,449 [INFO] src.ingestion: [BOSCHLTD.NS] fetching fresh data
2026-09-23 08:20:02,456 [INFO] src.ingestion: [MRF.NS] fetching fresh data
2026-09-23 08:20:03,344 [INFO] src.ingestion: [ENDURANCE.NS] fetching fresh data
2026-09-23 08:20:04,225 [INFO] src.ingestion: [EXIDEIND.NS] fetching fresh data
2026-09-23 08:20:05,088 [INFO] src.ingestion: [ARE&M.NS] fetching fresh data
2026-09-23 08:20:05,998 [INFO] src.ingestion: [SUNDRMFAST.NS] fetching fresh data
2026-09-23 08:20:06,869 [INFO] src.ingestion: [UNOMINDA.NS] fetching fresh data
2026-09-23 08:20:07,723 [INFO] src.ingestion: [SUNPHARMA.NS] fetching fresh data
2026-09-23 08:20:08,684 [INFO] src.ingestion: [DRREDDY.NS] fetching fresh data
2026-09-23 08:20:09,597 [INFO] src.ingestion: [CIPLA.NS] fetching fresh data
2026-09-23 08:20:10,405 [INFO] src.ingestion: [DIVISLAB.NS] fetching fresh data
2026-09-23 08:20:11,344 [INFO] src.ingestion: [LUPIN.NS] fetching fresh data
2026-09-23 08:20:12,290 [INFO] src.ingestion: [AUROPHARMA.NS] fetching fresh data
2026-09-23 08:20:13,169 [INFO] src.ingestion: [BIOCON.NS] fetching fresh data
2026-09-23 08:20:13,996 [INFO] src.ingestion: [TORNTPHARM.NS] fetching fresh data
2026-09-23 08:20:14,853 [INFO] src.ingestion: [ALKEM.NS] fetching fresh data
2026-09-23 08:20:15,698 [INFO] src.ingestion: [ABBOTINDIA.NS] fetching fresh data
2026-09-23 08:20:16,550 [INFO] src.ingestion: [APOLLOHOSP.NS] fetching fresh data
2026-09-23 08:20:17,460 [INFO] src.ingestion: [FORTIS.NS] fetching fresh data
2026-09-23 08:20:18,288 [INFO] src.ingestion: [LALPATHLAB.NS] fetching fresh data
2026-09-23 08:20:19,091 [INFO] src.ingestion: [METROPOLIS.NS] fetching fresh data
2026-09-23 08:20:20,017 [INFO] src.ingestion: [GLAND.NS] fetching fresh data
2026-09-23 08:20:20,891 [INFO] src.ingestion: [LAURUSLABS.NS] fetching fresh data
2026-09-23 08:20:21,744 [INFO] src.ingestion: [GLENMARK.NS] fetching fresh data
2026-09-23 08:20:22,620 [INFO] src.ingestion: [IPCALAB.NS] fetching fresh data
2026-09-23 08:20:23,468 [INFO] src.ingestion: [HINDUNILVR.NS] fetching fresh data
2026-09-23 08:20:24,330 [INFO] src.ingestion: [ITC.NS] fetching fresh data
2026-09-23 08:20:25,217 [INFO] src.ingestion: [NESTLEIND.NS] fetching fresh data
2026-09-23 08:20:26,066 [INFO] src.ingestion: [BRITANNIA.NS] fetching fresh data
2026-09-23 08:20:26,906 [INFO] src.ingestion: [DABUR.NS] fetching fresh data
2026-09-23 08:20:27,715 [INFO] src.ingestion: [GODREJCP.NS] fetching fresh data
2026-09-23 08:20:28,638 [INFO] src.ingestion: [MARICO.NS] fetching fresh data
2026-09-23 08:20:29,481 [INFO] src.ingestion: [COLPAL.NS] fetching fresh data
2026-09-23 08:20:30,338 [INFO] src.ingestion: [TATACONSUM.NS] fetching fresh data
2026-09-23 08:20:31,206 [INFO] src.ingestion: [VBL.NS] fetching fresh data
2026-09-23 08:20:32,151 [INFO] src.ingestion: [UNITDSPR.NS] fetching fresh data
2026-09-23 08:20:32,978 [INFO] src.ingestion: [EMAMILTD.NS] fetching fresh data
2026-09-23 08:20:33,919 [INFO] src.ingestion: [TATASTEEL.NS] fetching fresh data
2026-09-23 08:20:34,746 [INFO] src.ingestion: [JSWSTEEL.NS] fetching fresh data
2026-09-23 08:20:35,601 [INFO] src.ingestion: [HINDALCO.NS] fetching fresh data
2026-09-23 08:20:36,472 [INFO] src.ingestion: [VEDL.NS] fetching fresh data
2026-09-23 08:20:37,324 [INFO] src.ingestion: [COALINDIA.NS] fetching fresh data
2026-09-23 08:20:38,116 [INFO] src.ingestion: [NMDC.NS] fetching fresh data
2026-09-23 08:20:38,970 [INFO] src.ingestion: [SAIL.NS] fetching fresh data
2026-09-23 08:20:39,804 [INFO] src.ingestion: [JINDALSTEL.NS] fetching fresh data
2026-09-23 08:20:40,686 [INFO] src.ingestion: [APLAPOLLO.NS] fetching fresh data
2026-09-23 08:20:41,626 [INFO] src.ingestion: [NATIONALUM.NS] fetching fresh data
2026-09-23 08:20:42,475 [INFO] src.ingestion: [HINDCOPPER.NS] fetching fresh data
2026-09-23 08:20:43,342 [INFO] src.ingestion: [RATNAMANI.NS] fetching fresh data
2026-09-23 08:20:44,197 [INFO] src.ingestion: [HINDZINC.NS] fetching fresh data
2026-09-23 08:20:45,027 [INFO] src.ingestion: [WELCORP.NS] fetching fresh data
2026-09-23 08:20:45,917 [INFO] src.ingestion: [JSL.NS] fetching fresh data
2026-09-23 08:20:46,847 [INFO] src.ingestion: [RELIANCE.NS] fetching fresh data
2026-09-23 08:20:47,676 [INFO] src.ingestion: [ONGC.NS] fetching fresh data
2026-09-23 08:20:48,516 [INFO] src.ingestion: [BPCL.NS] fetching fresh data
2026-09-23 08:20:49,495 [INFO] src.ingestion: [IOC.NS] fetching fresh data
2026-09-23 08:20:50,300 [INFO] src.ingestion: [GAIL.NS] fetching fresh data
2026-09-23 08:20:51,147 [INFO] src.ingestion: [NTPC.NS] fetching fresh data
2026-09-23 08:20:52,116 [INFO] src.ingestion: [POWERGRID.NS] fetching fresh data
2026-09-23 08:20:53,043 [INFO] src.ingestion: [TATAPOWER.NS] fetching fresh data
2026-09-23 08:20:53,894 [INFO] src.ingestion: [ADANIGREEN.NS] fetching fresh data
2026-09-23 08:20:54,762 [INFO] src.ingestion: [ADANIPOWER.NS] fetching fresh data
2026-09-23 08:20:55,587 [INFO] src.ingestion: [TORNTPOWER.NS] fetching fresh data
2026-09-23 08:20:56,543 [INFO] src.ingestion: [LT.NS] fetching fresh data
2026-09-23 08:20:57,339 [INFO] src.ingestion: [SIEMENS.NS] fetching fresh data
2026-09-23 08:20:58,280 [INFO] src.ingestion: [ABB.NS] fetching fresh data
2026-09-23 08:20:59,118 [INFO] src.ingestion: [HAL.NS] fetching fresh data
2026-09-23 08:21:00,052 [INFO] src.ingestion: [BEL.NS] fetching fresh data
2026-09-23 08:21:00,913 [INFO] src.ingestion: [BHEL.NS] fetching fresh data
2026-09-23 08:21:01,755 [INFO] src.ingestion: [CUMMINSIND.NS] fetching fresh data
2026-09-23 08:21:02,581 [INFO] src.ingestion: [THERMAX.NS] fetching fresh data
2026-09-23 08:21:03,484 [INFO] src.ingestion: [POLYCAB.NS] fetching fresh data
2026-09-23 08:21:04,300 [INFO] src.ingestion: [KEI.NS] fetching fresh data
2026-09-23 08:21:05,172 [INFO] src.ingestion: [HAVELLS.NS] fetching fresh data
2026-09-23 08:21:05,979 [INFO] src.ingestion: [CROMPTON.NS] fetching fresh data
2026-09-23 08:21:06,835 [INFO] src.ingestion: [SUPREMEIND.NS] fetching fresh data
2026-09-23 08:21:07,701 [INFO] src.ingestion: [ASTRAL.NS] fetching fresh data
2026-09-23 08:21:08,508 [INFO] src.ingestion: [GRINDWELL.NS] fetching fresh data
2026-09-23 08:21:09,352 [INFO] src.ingestion: [CARBORUNIV.NS] fetching fresh data
2026-09-23 08:21:10,214 [INFO] src.ingestion: [TIMKEN.NS] fetching fresh data
2026-09-23 08:21:11,015 [INFO] src.ingestion: [SKFINDIA.NS] fetching fresh data
2026-09-23 08:21:11,882 [INFO] src.ingestion: [SRF.NS] fetching fresh data
2026-09-23 08:21:12,789 [INFO] src.ingestion: [PIIND.NS] fetching fresh data
2026-09-23 08:21:13,594 [INFO] src.ingestion: [DEEPAKNTR.NS] fetching fresh data
2026-09-23 08:21:14,421 [INFO] src.ingestion: [AARTIIND.NS] fetching fresh data
2026-09-23 08:21:15,298 [INFO] src.ingestion: [NAVINFLUOR.NS] fetching fresh data
2026-09-23 08:21:16,139 [INFO] src.ingestion: [UPL.NS] fetching fresh data
2026-09-23 08:21:17,014 [INFO] src.ingestion: [COROMANDEL.NS] fetching fresh data
2026-09-23 08:21:17,881 [INFO] src.ingestion: [CHAMBLFERT.NS] fetching fresh data
2026-09-23 08:21:18,731 [INFO] src.ingestion: [GNFC.NS] fetching fresh data
2026-09-23 08:21:19,638 [INFO] src.ingestion: [PIDILITIND.NS] fetching fresh data
2026-09-23 08:21:20,499 [INFO] src.ingestion: [TATACHEM.NS] fetching fresh data
2026-09-23 08:21:21,270 [INFO] src.ingestion: [GHCL.NS] fetching fresh data
2026-09-23 08:21:22,088 [INFO] src.ingestion: [TITAN.NS] fetching fresh data
2026-09-23 08:21:22,932 [INFO] src.ingestion: [DMART.NS] fetching fresh data
2026-09-23 08:21:23,817 [INFO] src.ingestion: [TRENT.NS] fetching fresh data
2026-09-23 08:21:24,625 [INFO] src.ingestion: [BATAINDIA.NS] fetching fresh data
2026-09-23 08:21:25,474 [INFO] src.ingestion: [PAGEIND.NS] fetching fresh data
2026-09-23 08:21:26,354 [INFO] src.ingestion: [JUBLFOOD.NS] fetching fresh data
2026-09-23 08:21:27,155 [INFO] src.ingestion: [VOLTAS.NS] fetching fresh data
2026-09-23 08:21:28,015 [INFO] src.ingestion: [DIXON.NS] fetching fresh data
2026-09-23 08:21:28,877 [INFO] src.ingestion: [RELAXO.NS] fetching fresh data
2026-09-23 08:21:30,188 [INFO] src.ingestion: [KAJARIACER.NS] fetching fresh data
2026-09-23 08:21:31,112 [INFO] src.ingestion: [WHIRLPOOL.NS] fetching fresh data
2026-09-23 08:21:32,031 [INFO] src.ingestion: [BLUESTARCO.NS] fetching fresh data
2026-09-23 08:21:32,889 [INFO] src.ingestion: [PGHH.NS] fetching fresh data
2026-09-23 08:21:33,747 [INFO] src.ingestion: [GILLETTE.NS] fetching fresh data
2026-09-23 08:21:34,570 [INFO] src.ingestion: [BHARTIARTL.NS] fetching fresh data
2026-09-23 08:21:35,509 [INFO] src.ingestion: [IDEA.NS] fetching fresh data
2026-09-23 08:21:36,367 [INFO] src.ingestion: [INDUSTOWER.NS] fetching fresh data
2026-09-23 08:21:37,211 [INFO] src.ingestion: [PVRINOX.NS] fetching fresh data
2026-09-23 08:21:38,103 [INFO] src.ingestion: [ZEEL.NS] fetching fresh data
2026-09-23 08:21:39,044 [INFO] src.ingestion: [ADANIPORTS.NS] fetching fresh data
2026-09-23 08:21:39,861 [INFO] src.ingestion: [ADANIENT.NS] fetching fresh data
2026-09-23 08:21:40,676 [INFO] src.ingestion: [GMRAIRPORT.NS] fetching fresh data
2026-09-23 08:21:41,632 [INFO] src.ingestion: [CONCOR.NS] fetching fresh data
2026-09-23 08:21:42,404 [INFO] src.ingestion: [IRCTC.NS] fetching fresh data
2026-09-23 08:21:43,341 [INFO] src.ingestion: [INDIGO.NS] fetching fresh data
2026-09-23 08:21:44,144 [INFO] src.ingestion: [RVNL.NS] fetching fresh data
2026-09-23 08:21:45,125 [INFO] src.ingestion: [IRCON.NS] fetching fresh data
2026-09-23 08:21:45,916 [INFO] src.ingestion: [NBCC.NS] fetching fresh data
2026-09-23 08:21:46,743 [INFO] src.ingestion: [NCC.NS] fetching fresh data
2026-09-23 08:21:47,560 [INFO] src.ingestion: [MAZDOCK.NS] fetching fresh data
2026-09-23 08:21:48,424 [INFO] src.ingestion: [COCHINSHIP.NS] fetching fresh data
2026-09-23 08:21:49,293 [INFO] src.ingestion: [DLF.NS] fetching fresh data
2026-09-23 08:21:50,113 [INFO] src.ingestion: [GODREJPROP.NS] fetching fresh data
2026-09-23 08:21:51,102 [INFO] src.ingestion: [OBEROIRLTY.NS] fetching fresh data
2026-09-23 08:21:51,979 [INFO] src.ingestion: [PRESTIGE.NS] fetching fresh data
2026-09-23 08:21:52,855 [INFO] src.ingestion: [PHOENIXLTD.NS] fetching fresh data
2026-09-23 08:21:53,733 [INFO] src.ingestion: [SOBHA.NS] fetching fresh data
2026-09-23 08:21:54,530 [INFO] src.ingestion: Fetched 200/201 tickers successfully
2026-09-23 08:21:54,530 [WARNING] src.ingestion: Failed tickers (excluded from downstream, not silently zeroed): ['LTIM.NS']
2026-09-23 08:21:54,530 [INFO] __main__: Ingestion validation passed: 200/201 tickers (100%)
2026-09-23 08:21:54,530 [INFO] __main__: === Stage 2/8: Cleaning ===
2026-09-23 08:21:54,539 [WARNING] src.cleaning: [LTIM.NS] EXCLUDED: ingestion failed: yfinance returned an empty info payload for LTIM.NS (no exception, but no usable data — likely a transient Yahoo-side issue or an invalid/delisted symbol)
2026-09-23 08:21:54,539 [INFO] src.cleaning: [AARTIIND.NS] non-critical missing fields: ['return_on_equity']
2026-09-23 08:21:54,539 [INFO] src.cleaning: [ABBOTINDIA.NS] non-critical missing fields: ['return_on_equity']
2026-09-23 08:21:54,539 [INFO] src.cleaning: [ACC.NS] non-critical missing fields: ['return_on_equity']
2026-09-23 08:21:54,539 [INFO] src.cleaning: [ADANIENT.NS] non-critical missing fields: ['return_on_equity']
2026-09-23 08:21:54,539 [INFO] src.cleaning: [ADANIGREEN.NS] non-critical missing fields: ['return_on_equity']
2026-09-23 08:21:54,539 [INFO] src.cleaning: [ADANIPORTS.NS] non-critical missing fields: ['return_on_equity']
2026-09-23 08:21:54,539 [INFO] src.cleaning: [ADANIPOWER.NS] non-critical missing fields: ['return_on_equity']
2026-09-23 08:21:54,539 [INFO] src.cleaning: [ALKEM.NS] non-critical missing fields: ['return_on_equity']
2026-09-23 08:21:54,540 [INFO] src.cleaning: [AMBUJACEM.NS] non-critical missing fields: ['return_on_equity']
2026-09-23 08:21:54,540 [INFO] src.cleaning: [APLAPOLLO.NS] non-critical missing fields: ['return_on_equity']
2026-09-23 08:21:54,540 [INFO] src.cleaning: [APOLLOHOSP.NS] non-critical missing fields: ['return_on_equity']
2026-09-23 08:21:54,540 [INFO] src.cleaning: [ARE&M.NS] non-critical missing fields: ['return_on_equity']
2026-09-23 08:21:54,540 [INFO] src.cleaning: [ASHOKLEY.NS] non-critical missing fields: ['return_on_equity']
2026-09-23 08:21:54,540 [INFO] src.cleaning: [ASTRAL.NS] non-critical missing fields: ['return_on_equity']
2026-09-23 08:21:54,540 [INFO] src.cleaning: [AUBANK.NS] non-critical missing fields: ['ev_to_ebitda', 'return_on_equity', 'debt_to_equity']
2026-09-23 08:21:54,540 [INFO] src.cleaning: [AUROPHARMA.NS] non-critical missing fields: ['return_on_equity']
2026-09-23 08:21:54,540 [INFO] src.cleaning: [AXISBANK.NS] non-critical missing fields: ['ev_to_ebitda', 'debt_to_equity']
2026-09-23 08:21:54,540 [INFO] src.cleaning: [BAJAJ-AUTO.NS] non-critical missing fields: ['return_on_equity']
2026-09-23 08:21:54,540 [INFO] src.cleaning: [BAJAJFINSV.NS] non-critical missing fields: ['return_on_equity']
2026-09-23 08:21:54,540 [WARNING] src.cleaning: [BAJAJHLDNG.NS] outlier values flagged: ['net_margin']
2026-09-23 08:21:54,540 [INFO] src.cleaning: [BAJFINANCE.NS] non-critical missing fields: ['ev_to_ebitda', 'return_on_equity']
2026-09-23 08:21:54,540 [INFO] src.cleaning: [BANDHANBNK.NS] non-critical missing fields: ['ev_to_ebitda', 'return_on_equity', 'debt_to_equity']
2026-09-23 08:21:54,540 [INFO] src.cleaning: [BANKBARODA.NS] non-critical missing fields: ['ev_to_ebitda', 'debt_to_equity']
2026-09-23 08:21:54,540 [INFO] src.cleaning: [BANKINDIA.NS] non-critical missing fields: ['ev_to_ebitda', 'debt_to_equity']
2026-09-23 08:21:54,540 [INFO] src.cleaning: [BATAINDIA.NS] non-critical missing fields: ['return_on_equity']
2026-09-23 08:21:54,540 [INFO] src.cleaning: [BEL.NS] non-critical missing fields: ['return_on_equity']
2026-09-23 08:21:54,540 [INFO] src.cleaning: [BHARATFORG.NS] non-critical missing fields: ['return_on_equity']
2026-09-23 08:21:54,540 [INFO] src.cleaning: [BHEL.NS] non-critical missing fields: ['return_on_equity']
2026-09-23 08:21:54,540 [INFO] src.cleaning: [BIOCON.NS] non-critical missing fields: ['return_on_equity']
2026-09-23 08:21:54,540 [INFO] src.cleaning: [BLUESTARCO.NS] non-critical missing fields: ['return_on_equity']
2026-09-23 08:21:54,541 [INFO] src.cleaning: [BOSCHLTD.NS] non-critical missing fields: ['return_on_equity']
2026-09-23 08:21:54,541 [INFO] src.cleaning: [BPCL.NS] non-critical missing fields: ['return_on_equity']
2026-09-23 08:21:54,541 [INFO] src.cleaning: [BRITANNIA.NS] non-critical missing fields: ['return_on_equity']
2026-09-23 08:21:54,541 [INFO] src.cleaning: [CANBK.NS] non-critical missing fields: ['ev_to_ebitda', 'return_on_equity', 'debt_to_equity']
2026-09-23 08:21:54,541 [INFO] src.cleaning: [CARBORUNIV.NS] non-critical missing fields: ['return_on_equity']
2026-09-23 08:21:54,541 [INFO] src.cleaning: [CENTRALBK.NS] non-critical missing fields: ['ev_to_ebitda', 'debt_to_equity']
2026-09-23 08:21:54,541 [INFO] src.cleaning: [CHAMBLFERT.NS] non-critical missing fields: ['return_on_equity']
2026-09-23 08:21:54,541 [INFO] src.cleaning: [CHOLAFIN.NS] non-critical missing fields: ['ev_to_ebitda', 'return_on_equity']
2026-09-23 08:21:54,541 [INFO] src.cleaning: [CIPLA.NS] non-critical missing fields: ['return_on_equity']
2026-09-23 08:21:54,541 [INFO] src.cleaning: [COALINDIA.NS] non-critical missing fields: ['return_on_equity']
2026-09-23 08:21:54,541 [INFO] src.cleaning: [COCHINSHIP.NS] non-critical missing fields: ['return_on_equity']
2026-09-23 08:21:54,541 [INFO] src.cleaning: [COFORGE.NS] non-critical missing fields: ['return_on_equity']
2026-09-23 08:21:54,541 [INFO] src.cleaning: [COLPAL.NS] non-critical missing fields: ['return_on_equity']
2026-09-23 08:21:54,541 [INFO] src.cleaning: [CONCOR.NS] non-critical missing fields: ['return_on_equity']
2026-09-23 08:21:54,541 [INFO] src.cleaning: [COROMANDEL.NS] non-critical missing fields: ['return_on_equity']
2026-09-23 08:21:54,541 [INFO] src.cleaning: [CROMPTON.NS] non-critical missing fields: ['trailing_pe', 'return_on_equity']
2026-09-23 08:21:54,542 [INFO] src.cleaning: [CUMMINSIND.NS] non-critical missing fields: ['return_on_equity']
2026-09-23 08:21:54,542 [INFO] src.cleaning: [CYIENT.NS] non-critical missing fields: ['return_on_equity']
2026-09-23 08:21:54,542 [INFO] src.cleaning: [DABUR.NS] non-critical missing fields: ['return_on_equity']
2026-09-23 08:21:54,542 [INFO] src.cleaning: [DALBHARAT.NS] non-critical missing fields: ['return_on_equity']
2026-09-23 08:21:54,542 [INFO] src.cleaning: [DEEPAKNTR.NS] non-critical missing fields: ['return_on_equity']
2026-09-23 08:21:54,542 [INFO] src.cleaning: [DIVISLAB.NS] non-critical missing fields: ['return_on_equity']
2026-09-23 08:21:54,542 [INFO] src.cleaning: [DIXON.NS] non-critical missing fields: ['return_on_equity']
2026-09-23 08:21:54,542 [INFO] src.cleaning: [DMART.NS] non-critical missing fields: ['return_on_equity']
2026-09-23 08:21:54,542 [INFO] src.cleaning: [EICHERMOT.NS] non-critical missing fields: ['return_on_equity']
2026-09-23 08:21:54,542 [INFO] src.cleaning: [EMAMILTD.NS] non-critical missing fields: ['return_on_equity']
2026-09-23 08:21:54,542 [INFO] src.cleaning: [ENDURANCE.NS] non-critical missing fields: ['return_on_equity']
2026-09-23 08:21:54,542 [INFO] src.cleaning: [EXIDEIND.NS] non-critical missing fields: ['return_on_equity']
2026-09-23 08:21:54,542 [INFO] src.cleaning: [FEDERALBNK.NS] non-critical missing fields: ['ev_to_ebitda', 'return_on_equity', 'debt_to_equity']
2026-09-23 08:21:54,542 [INFO] src.cleaning: [FORTIS.NS] non-critical missing fields: ['return_on_equity']
2026-09-23 08:21:54,542 [INFO] src.cleaning: [GAIL.NS] non-critical missing fields: ['return_on_equity']
2026-09-23 08:21:54,542 [INFO] src.cleaning: [GHCL.NS] non-critical missing fields: ['return_on_equity']
2026-09-23 08:21:54,542 [INFO] src.cleaning: [GICRE.NS] non-critical missing fields: ['ev_to_ebitda', 'debt_to_equity']
2026-09-23 08:21:54,542 [INFO] src.cleaning: [GILLETTE.NS] non-critical missing fields: ['return_on_equity']
2026-09-23 08:21:54,542 [INFO] src.cleaning: [GLAND.NS] non-critical missing fields: ['return_on_equity']
2026-09-23 08:21:54,542 [INFO] src.cleaning: [GLENMARK.NS] non-critical missing fields: ['return_on_equity']
2026-09-23 08:21:54,542 [WARNING] src.cleaning: [GMRAIRPORT.NS] negative/zero equity — DuPont ROE math will be invalid downstream
2026-09-23 08:21:54,542 [INFO] src.cleaning: [GMRAIRPORT.NS] non-critical missing fields: ['return_on_equity', 'debt_to_equity']
2026-09-23 08:21:54,542 [INFO] src.cleaning: [GNFC.NS] non-critical missing fields: ['return_on_equity']
2026-09-23 08:21:54,542 [INFO] src.cleaning: [GODREJCP.NS] non-critical missing fields: ['return_on_equity']
2026-09-23 08:21:54,542 [INFO] src.cleaning: [GODREJPROP.NS] non-critical missing fields: ['return_on_equity']
2026-09-23 08:21:54,542 [INFO] src.cleaning: [GRINDWELL.NS] non-critical missing fields: ['return_on_equity']
2026-09-23 08:21:54,542 [INFO] src.cleaning: [HAL.NS] non-critical missing fields: ['return_on_equity']
2026-09-23 08:21:54,542 [INFO] src.cleaning: [HAVELLS.NS] non-critical missing fields: ['return_on_equity']
2026-09-23 08:21:54,542 [WARNING] src.cleaning: [HCLTECH.NS] outlier values flagged: ['ev_to_ebitda']
2026-09-23 08:21:54,542 [INFO] src.cleaning: [HDFCBANK.NS] non-critical missing fields: ['ev_to_ebitda', 'debt_to_equity']
2026-09-23 08:21:54,543 [INFO] src.cleaning: [HEIDELBERG.NS] non-critical missing fields: ['return_on_equity']
2026-09-23 08:21:54,543 [INFO] src.cleaning: [HEROMOTOCO.NS] non-critical missing fields: ['return_on_equity']
2026-09-23 08:21:54,543 [INFO] src.cleaning: [HINDALCO.NS] non-critical missing fields: ['return_on_equity']
2026-09-23 08:21:54,543 [INFO] src.cleaning: [HINDCOPPER.NS] non-critical missing fields: ['return_on_equity']
2026-09-23 08:21:54,543 [INFO] src.cleaning: [HINDUNILVR.NS] non-critical missing fields: ['return_on_equity']
2026-09-23 08:21:54,543 [INFO] src.cleaning: [HINDZINC.NS] non-critical missing fields: ['return_on_equity']
2026-09-23 08:21:54,543 [INFO] src.cleaning: [HUDCO.NS] non-critical missing fields: ['ev_to_ebitda', 'return_on_equity']
2026-09-23 08:21:54,543 [INFO] src.cleaning: [ICICIBANK.NS] non-critical missing fields: ['ev_to_ebitda', 'debt_to_equity']
2026-09-23 08:21:54,543 [INFO] src.cleaning: [ICICIGI.NS] non-critical missing fields: ['debt_to_equity']
2026-09-23 08:21:54,543 [WARNING] src.cleaning: [IDEA.NS] negative/zero equity — DuPont ROE math will be invalid downstream
2026-09-23 08:21:54,543 [INFO] src.cleaning: [IDEA.NS] non-critical missing fields: ['return_on_equity', 'debt_to_equity']
2026-09-23 08:21:54,543 [INFO] src.cleaning: [IDFCFIRSTB.NS] non-critical missing fields: ['ev_to_ebitda', 'debt_to_equity']
2026-09-23 08:21:54,543 [WARNING] src.cleaning: [INDIGO.NS] outlier values flagged: ['debt_to_equity']
2026-09-23 08:21:54,543 [INFO] src.cleaning: [INDIGO.NS] non-critical missing fields: ['trailing_pe', 'return_on_equity']
2026-09-23 08:21:54,543 [INFO] src.cleaning: [INDUSINDBK.NS] non-critical missing fields: ['ev_to_ebitda', 'return_on_equity', 'debt_to_equity']
2026-09-23 08:21:54,543 [WARNING] src.cleaning: [INFY.NS] outlier values flagged: ['ev_to_ebitda']
2026-09-23 08:21:54,543 [INFO] src.cleaning: [IOB.NS] non-critical missing fields: ['ev_to_ebitda', 'debt_to_equity']
2026-09-23 08:21:54,543 [INFO] src.cleaning: [IOC.NS] non-critical missing fields: ['return_on_equity']
2026-09-23 08:21:54,543 [INFO] src.cleaning: [IPCALAB.NS] non-critical missing fields: ['return_on_equity']
2026-09-23 08:21:54,543 [INFO] src.cleaning: [IRCON.NS] non-critical missing fields: ['return_on_equity']
2026-09-23 08:21:54,543 [INFO] src.cleaning: [IRCTC.NS] non-critical missing fields: ['return_on_equity']
2026-09-23 08:21:54,543 [INFO] src.cleaning: [IRFC.NS] non-critical missing fields: ['ev_to_ebitda', 'return_on_equity']
2026-09-23 08:21:54,544 [INFO] src.cleaning: [ITC.NS] non-critical missing fields: ['return_on_equity']
2026-09-23 08:21:54,544 [INFO] src.cleaning: [JINDALSTEL.NS] non-critical missing fields: ['return_on_equity']
2026-09-23 08:21:54,544 [INFO] src.cleaning: [JKCEMENT.NS] non-critical missing fields: ['return_on_equity']
2026-09-23 08:21:54,544 [INFO] src.cleaning: [JSL.NS] non-critical missing fields: ['return_on_equity']
2026-09-23 08:21:54,544 [INFO] src.cleaning: [JSWSTEEL.NS] non-critical missing fields: ['return_on_equity']
2026-09-23 08:21:54,544 [INFO] src.cleaning: [JUBLFOOD.NS] non-critical missing fields: ['return_on_equity']
2026-09-23 08:21:54,544 [INFO] src.cleaning: [KAJARIACER.NS] non-critical missing fields: ['return_on_equity']
2026-09-23 08:21:54,544 [INFO] src.cleaning: [KEI.NS] non-critical missing fields: ['return_on_equity']
2026-09-23 08:21:54,544 [INFO] src.cleaning: [KOTAKBANK.NS] non-critical missing fields: ['ev_to_ebitda', 'return_on_equity', 'debt_to_equity']
2026-09-23 08:21:54,544 [INFO] src.cleaning: [KPITTECH.NS] non-critical missing fields: ['return_on_equity']
2026-09-23 08:21:54,544 [INFO] src.cleaning: [LALPATHLAB.NS] non-critical missing fields: ['return_on_equity']
2026-09-23 08:21:54,544 [INFO] src.cleaning: [LAURUSLABS.NS] non-critical missing fields: ['return_on_equity']
2026-09-23 08:21:54,544 [INFO] src.cleaning: [LICHSGFIN.NS] non-critical missing fields: ['ev_to_ebitda', 'return_on_equity']
2026-09-23 08:21:54,544 [INFO] src.cleaning: [LICI.NS] non-critical missing fields: ['return_on_equity']
2026-09-23 08:21:54,544 [INFO] src.cleaning: [LTTS.NS] non-critical missing fields: ['return_on_equity']
2026-09-23 08:21:54,544 [INFO] src.cleaning: [LT.NS] non-critical missing fields: ['return_on_equity']
2026-09-23 08:21:54,544 [INFO] src.cleaning: [LUPIN.NS] non-critical missing fields: ['return_on_equity']
2026-09-23 08:21:54,545 [INFO] src.cleaning: [M&M.NS] non-critical missing fields: ['return_on_equity']
2026-09-23 08:21:54,545 [INFO] src.cleaning: [MANAPPURAM.NS] non-critical missing fields: ['ev_to_ebitda', 'return_on_equity']
2026-09-23 08:21:54,545 [INFO] src.cleaning: [MARICO.NS] non-critical missing fields: ['return_on_equity']
2026-09-23 08:21:54,545 [INFO] src.cleaning: [MARUTI.NS] non-critical missing fields: ['return_on_equity']
2026-09-23 08:21:54,545 [INFO] src.cleaning: [MAZDOCK.NS] non-critical missing fields: ['return_on_equity']
2026-09-23 08:21:54,545 [INFO] src.cleaning: [METROPOLIS.NS] non-critical missing fields: ['return_on_equity']
2026-09-23 08:21:54,545 [INFO] src.cleaning: [MOTHERSON.NS] non-critical missing fields: ['return_on_equity']
2026-09-23 08:21:54,545 [INFO] src.cleaning: [MRF.NS] non-critical missing fields: ['return_on_equity']
2026-09-23 08:21:54,545 [INFO] src.cleaning: [MUTHOOTFIN.NS] non-critical missing fields: ['ev_to_ebitda']
2026-09-23 08:21:54,545 [INFO] src.cleaning: [NATIONALUM.NS] non-critical missing fields: ['return_on_equity']
2026-09-23 08:21:54,545 [INFO] src.cleaning: [NAVINFLUOR.NS] non-critical missing fields: ['return_on_equity']
2026-09-23 08:21:54,545 [INFO] src.cleaning: [NBCC.NS] non-critical missing fields: ['return_on_equity']
2026-09-23 08:21:54,545 [INFO] src.cleaning: [NCC.NS] non-critical missing fields: ['return_on_equity']
2026-09-23 08:21:54,545 [INFO] src.cleaning: [NESTLEIND.NS] non-critical missing fields: ['return_on_equity']
2026-09-23 08:21:54,545 [INFO] src.cleaning: [NMDC.NS] non-critical missing fields: ['return_on_equity']
2026-09-23 08:21:54,545 [INFO] src.cleaning: [NTPC.NS] non-critical missing fields: ['return_on_equity']
2026-09-23 08:21:54,546 [INFO] src.cleaning: [OBEROIRLTY.NS] non-critical missing fields: ['return_on_equity']
2026-09-23 08:21:54,546 [INFO] src.cleaning: [ONGC.NS] non-critical missing fields: ['return_on_equity']
2026-09-23 08:21:54,546 [INFO] src.cleaning: [PAGEIND.NS] non-critical missing fields: ['return_on_equity']
2026-09-23 08:21:54,546 [INFO] src.cleaning: [PFC.NS] non-critical missing fields: ['ev_to_ebitda', 'return_on_equity']
2026-09-23 08:21:54,546 [INFO] src.cleaning: [PGHH.NS] non-critical missing fields: ['return_on_equity']
2026-09-23 08:21:54,546 [INFO] src.cleaning: [PHOENIXLTD.NS] non-critical missing fields: ['return_on_equity']
2026-09-23 08:21:54,546 [INFO] src.cleaning: [PIDILITIND.NS] non-critical missing fields: ['return_on_equity']
2026-09-23 08:21:54,546 [INFO] src.cleaning: [PIIND.NS] non-critical missing fields: ['return_on_equity']
2026-09-23 08:21:54,546 [INFO] src.cleaning: [PNB.NS] non-critical missing fields: ['ev_to_ebitda', 'debt_to_equity']
2026-09-23 08:21:54,546 [INFO] src.cleaning: [POONAWALLA.NS] non-critical missing fields: ['ev_to_ebitda', 'return_on_equity']
2026-09-23 08:21:54,546 [INFO] src.cleaning: [POWERGRID.NS] non-critical missing fields: ['return_on_equity']
2026-09-23 08:21:54,546 [INFO] src.cleaning: [PVRINOX.NS] non-critical missing fields: ['return_on_equity']
2026-09-23 08:21:54,546 [INFO] src.cleaning: [RAMCOCEM.NS] non-critical missing fields: ['return_on_equity']
2026-09-23 08:21:54,546 [INFO] src.cleaning: [RATNAMANI.NS] non-critical missing fields: ['return_on_equity']
2026-09-23 08:21:54,546 [INFO] src.cleaning: [RBLBANK.NS] non-critical missing fields: ['ev_to_ebitda', 'return_on_equity', 'debt_to_equity']
2026-09-23 08:21:54,546 [INFO] src.cleaning: [RECLTD.NS] non-critical missing fields: ['ev_to_ebitda', 'return_on_equity']
2026-09-23 08:21:54,547 [INFO] src.cleaning: [RELAXO.NS] non-critical missing fields: ['return_on_equity']
2026-09-23 08:21:54,547 [INFO] src.cleaning: [RELIANCE.NS] non-critical missing fields: ['return_on_equity']
2026-09-23 08:21:54,547 [INFO] src.cleaning: [RVNL.NS] non-critical missing fields: ['return_on_equity']
2026-09-23 08:21:54,547 [INFO] src.cleaning: [SAIL.NS] non-critical missing fields: ['return_on_equity']
2026-09-23 08:21:54,547 [INFO] src.cleaning: [SBICARD.NS] non-critical missing fields: ['ev_to_ebitda', 'return_on_equity']
2026-09-23 08:21:54,547 [INFO] src.cleaning: [SBILIFE.NS] non-critical missing fields: ['debt_to_equity']
2026-09-23 08:21:54,547 [INFO] src.cleaning: [SBIN.NS] non-critical missing fields: ['ev_to_ebitda', 'debt_to_equity']
2026-09-23 08:21:54,547 [INFO] src.cleaning: [SHREECEM.NS] non-critical missing fields: ['return_on_equity']
2026-09-23 08:21:54,547 [INFO] src.cleaning: [SHRIRAMFIN.NS] non-critical missing fields: ['ev_to_ebitda']
2026-09-23 08:21:54,547 [INFO] src.cleaning: [SIEMENS.NS] non-critical missing fields: ['return_on_equity']
2026-09-23 08:21:54,547 [INFO] src.cleaning: [SKFINDIA.NS] non-critical missing fields: ['return_on_equity']
2026-09-23 08:21:54,547 [INFO] src.cleaning: [SOBHA.NS] non-critical missing fields: ['return_on_equity']
2026-09-23 08:21:54,547 [INFO] src.cleaning: [SRF.NS] non-critical missing fields: ['return_on_equity']
2026-09-23 08:21:54,547 [INFO] src.cleaning: [SUNDRMFAST.NS] non-critical missing fields: ['return_on_equity']
2026-09-23 08:21:54,547 [INFO] src.cleaning: [SUNPHARMA.NS] non-critical missing fields: ['return_on_equity']
2026-09-23 08:21:54,547 [INFO] src.cleaning: [SUPREMEIND.NS] non-critical missing fields: ['return_on_equity']
2026-09-23 08:21:54,548 [INFO] src.cleaning: [TATACHEM.NS] non-critical missing fields: ['trailing_pe', 'return_on_equity']
2026-09-23 08:21:54,548 [INFO] src.cleaning: [TATACONSUM.NS] non-critical missing fields: ['return_on_equity']
2026-09-23 08:21:54,548 [INFO] src.cleaning: [TATAELXSI.NS] non-critical missing fields: ['return_on_equity']
2026-09-23 08:21:54,548 [INFO] src.cleaning: [TATAPOWER.NS] non-critical missing fields: ['return_on_equity']
2026-09-23 08:21:54,548 [INFO] src.cleaning: [TATASTEEL.NS] non-critical missing fields: ['return_on_equity']
2026-09-23 08:21:54,548 [INFO] src.cleaning: [TECHM.NS] non-critical missing fields: ['return_on_equity']
2026-09-23 08:21:54,548 [INFO] src.cleaning: [THERMAX.NS] non-critical missing fields: ['return_on_equity']
2026-09-23 08:21:54,548 [INFO] src.cleaning: [TIMKEN.NS] non-critical missing fields: ['return_on_equity']
2026-09-23 08:21:54,548 [INFO] src.cleaning: [TITAN.NS] non-critical missing fields: ['return_on_equity']
2026-09-23 08:21:54,548 [INFO] src.cleaning: [TMCV.NS] non-critical missing fields: ['return_on_equity']
2026-09-23 08:21:54,548 [INFO] src.cleaning: [TMPV.NS] non-critical missing fields: ['trailing_pe', 'return_on_equity']
2026-09-23 08:21:54,548 [INFO] src.cleaning: [TORNTPHARM.NS] non-critical missing fields: ['return_on_equity']
2026-09-23 08:21:54,548 [INFO] src.cleaning: [TORNTPOWER.NS] non-critical missing fields: ['return_on_equity']
2026-09-23 08:21:54,548 [INFO] src.cleaning: [TRENT.NS] non-critical missing fields: ['return_on_equity']
2026-09-23 08:21:54,548 [INFO] src.cleaning: [TVSMOTOR.NS] non-critical missing fields: ['return_on_equity']
2026-09-23 08:21:54,548 [INFO] src.cleaning: [UCOBANK.NS] non-critical missing fields: ['ev_to_ebitda', 'debt_to_equity']
2026-09-23 08:21:54,549 [INFO] src.cleaning: [ULTRACEMCO.NS] non-critical missing fields: ['return_on_equity']
2026-09-23 08:21:54,549 [INFO] src.cleaning: [UNIONBANK.NS] non-critical missing fields: ['ev_to_ebitda', 'debt_to_equity']
2026-09-23 08:21:54,549 [INFO] src.cleaning: [UNITDSPR.NS] non-critical missing fields: ['return_on_equity']
2026-09-23 08:21:54,549 [INFO] src.cleaning: [UNOMINDA.NS] non-critical missing fields: ['return_on_equity']
2026-09-23 08:21:54,549 [INFO] src.cleaning: [UPL.NS] non-critical missing fields: ['return_on_equity']
2026-09-23 08:21:54,549 [INFO] src.cleaning: [VEDL.NS] non-critical missing fields: ['return_on_equity']
2026-09-23 08:21:54,549 [INFO] src.cleaning: [VOLTAS.NS] non-critical missing fields: ['return_on_equity']
2026-09-23 08:21:54,549 [INFO] src.cleaning: [WELCORP.NS] non-critical missing fields: ['return_on_equity']
2026-09-23 08:21:54,549 [INFO] src.cleaning: [WHIRLPOOL.NS] non-critical missing fields: ['return_on_equity']
2026-09-23 08:21:54,549 [INFO] src.cleaning: [ZEEL.NS] non-critical missing fields: ['return_on_equity']
2026-09-23 08:21:54,556 [INFO] src.cleaning: Cleaned 200/201 tickers -> data/processed/cleaned_universe.csv
2026-09-23 08:21:54,556 [INFO] src.cleaning: Full flag audit trail -> data/processed/cleaning_flags.csv
2026-09-23 08:21:54,557 [INFO] __main__: Cleaning validation passed: 200/201 tickers retained (100%)
2026-09-23 08:21:54,557 [INFO] __main__: === Stage 3/8: Scoring ===
2026-09-23 08:21:54,616 [INFO] src.scoring: Scored 200 companies -> data/processed/scored_universe.csv
2026-09-23 08:21:54,616 [INFO] src.scoring: Top 10 shortlist -> data/processed/shortlist_top_n.csv
2026-09-23 08:21:54,617 [WARNING] src.scoring: 24 companies scored on fewer than all 4 buckets (reweighted, not zero-filled) — see 'buckets_used' column: ['IOB.NS', 'BANKINDIA.NS', 'UNIONBANK.NS', 'CANBK.NS', 'IDEA.NS', 'ICICIGI.NS', 'PNB.NS', 'GICRE.NS', 'UCOBANK.NS', 'FEDERALBNK.NS', 'BANKBARODA.NS', 'CENTRALBK.NS', 'AXISBANK.NS', 'KOTAKBANK.NS', 'ICICIBANK.NS', 'SBIN.NS', 'HDFCBANK.NS', 'SBILIFE.NS', 'AUBANK.NS', 'BANDHANBNK.NS', 'GMRAIRPORT.NS', 'IDFCFIRSTB.NS', 'RBLBANK.NS', 'INDUSINDBK.NS']
2026-09-23 08:21:54,618 [INFO] __main__: Scoring validation passed: 200 companies ranked, all scores in valid range
2026-09-23 08:21:54,619 [INFO] __main__: === Stage 4/8: Comps + DuPont ===
2026-09-23 08:21:54,630 [INFO] src.comps_dupont: Comps + DuPont report for top 10 -> data/processed/comps_dupont_report.csv
2026-09-23 08:21:54,631 [WARNING] src.comps_dupont: 1 companies have a DuPont-implied ROE that diverges >5pp from reported ROE (possible data inconsistency, worth a manual check): ['IOB.NS']
2026-09-23 08:21:54,631 [INFO] __main__: === Stage 5/8: Explainability ===
2026-09-23 08:21:54,668 [INFO] src.explainability: Explanations for top 10 companies -> data/processed/explanations.csv
2026-09-23 08:21:54,668 [INFO] __main__: === Stage 6/8: Baseline Comparison ===
2026-09-23 08:21:54,675 [INFO] src.baseline_comparison: Baseline comparison -> data/processed/baseline_comparison.csv
2026-09-23 08:21:54,676 [INFO] __main__: === Stage 7/8: Acquisition Likelihood ===
2026-09-23 08:21:54,679 [INFO] src.acquisition_likelihood: 2 companies excluded from acquisition-likelihood scoring (negative/zero equity — financial distress, not a value-target thesis): ['IDEA.NS', 'GMRAIRPORT.NS']
2026-09-23 08:21:54,689 [INFO] src.acquisition_likelihood: Acquisition likelihood scoring -> data/processed/acquisition_likelihood.csv
2026-09-23 08:21:54,690 [INFO] __main__: === Stage 8/8: Historical Snapshot ===
2026-09-23 08:21:54,696 [INFO] src.history_tracker: Recorded shortlist snapshot for 2026-09-23 (10 companies) -> data/history/shortlist_history.csv (5 distinct days tracked so far)
2026-09-23 08:21:54,702 [INFO] src.history_tracker: Recorded acquisition-likelihood snapshot for 2026-09-23 (10 companies) -> data/history/acquisition_likelihood_history.csv (5 distinct days tracked so far)
2026-09-23 08:21:54,702 [INFO] __main__: === Pipeline completed successfully ===
2026-09-23 08:21:54,702 [INFO] __main__:   ingestion: {'total': 201, 'ok': 200}
2026-09-23 08:21:54,702 [INFO] __main__:   cleaning: {'retained': 200, 'input': 201}
2026-09-23 08:21:54,702 [INFO] __main__:   scoring: {'ranked': 200}
2026-09-23 08:21:54,702 [INFO] __main__:   comps_dupont: {'companies': 10}
2026-09-23 08:21:54,702 [INFO] __main__:   explainability: {'companies': 10}
2026-09-23 08:21:54,702 [INFO] __main__:   baseline_comparison: {'correlation': np.float64(0.4827946983242279), 'overlap_pct': 0.0}
2026-09-23 08:21:54,702 [INFO] __main__:   acquisition_likelihood: {'companies': 10}
2026-09-23 08:21:54,703 [INFO] __main__:   history_tracker: {'recorded': True}
