2026-08-26 03:53:14,695 [INFO] __main__: Logging to file: logs/pipeline_run_2026-08-26T03-53-14Z.log
2026-08-26 03:53:14,695 [INFO] __main__: === Stage 1/8: Ingestion ===
2026-08-26 03:53:14,727 [INFO] src.ingestion: [ACC.NS] fetching fresh data
2026-08-26 03:53:15,825 [INFO] src.ingestion: [AMBUJACEM.NS] fetching fresh data
2026-08-26 03:53:16,728 [INFO] src.ingestion: [ULTRACEMCO.NS] fetching fresh data
2026-08-26 03:53:17,626 [INFO] src.ingestion: [SHREECEM.NS] fetching fresh data
2026-08-26 03:53:18,458 [INFO] src.ingestion: [JKCEMENT.NS] fetching fresh data
2026-08-26 03:53:19,393 [INFO] src.ingestion: [RAMCOCEM.NS] fetching fresh data
2026-08-26 03:53:20,253 [INFO] src.ingestion: [HEIDELBERG.NS] fetching fresh data
2026-08-26 03:53:21,267 [INFO] src.ingestion: [DALBHARAT.NS] fetching fresh data
2026-08-26 03:53:22,264 [INFO] src.ingestion: [INFY.NS] fetching fresh data
2026-08-26 03:53:23,147 [INFO] src.ingestion: [TCS.NS] fetching fresh data
2026-08-26 03:53:24,152 [INFO] src.ingestion: [WIPRO.NS] fetching fresh data
2026-08-26 03:53:25,027 [INFO] src.ingestion: [HCLTECH.NS] fetching fresh data
2026-08-26 03:53:26,034 [INFO] src.ingestion: [TECHM.NS] fetching fresh data
2026-08-26 03:53:26,956 [INFO] src.ingestion: [LTIM.NS] fetching fresh data
2026-08-26 03:53:27,092 [ERROR] yfinance: HTTP Error 404: {"quoteSummary":{"result":null,"error":{"code":"Not Found","description":"Quote not found for symbol: LTIM.NS"}}}
2026-08-26 03:53:27,214 [WARNING] src.ingestion: [LTIM.NS] attempt 1 failed: yfinance returned an empty info payload for LTIM.NS (no exception, but no usable data — likely a transient Yahoo-side issue or an invalid/delisted symbol)
2026-08-26 03:53:29,362 [ERROR] yfinance: HTTP Error 404: {"quoteSummary":{"result":null,"error":{"code":"Not Found","description":"Quote not found for symbol: LTIM.NS"}}}
2026-08-26 03:53:29,407 [WARNING] src.ingestion: [LTIM.NS] attempt 2 failed: yfinance returned an empty info payload for LTIM.NS (no exception, but no usable data — likely a transient Yahoo-side issue or an invalid/delisted symbol)
2026-08-26 03:53:33,541 [ERROR] yfinance: HTTP Error 404: {"quoteSummary":{"result":null,"error":{"code":"Not Found","description":"Quote not found for symbol: LTIM.NS"}}}
2026-08-26 03:53:33,588 [WARNING] src.ingestion: [LTIM.NS] attempt 3 failed: yfinance returned an empty info payload for LTIM.NS (no exception, but no usable data — likely a transient Yahoo-side issue or an invalid/delisted symbol)
2026-08-26 03:53:33,988 [INFO] src.ingestion: [PERSISTENT.NS] fetching fresh data
2026-08-26 03:53:34,900 [INFO] src.ingestion: [COFORGE.NS] fetching fresh data
2026-08-26 03:53:35,969 [INFO] src.ingestion: [MPHASIS.NS] fetching fresh data
2026-08-26 03:53:36,955 [INFO] src.ingestion: [LTTS.NS] fetching fresh data
2026-08-26 03:53:37,850 [INFO] src.ingestion: [TATAELXSI.NS] fetching fresh data
2026-08-26 03:53:38,679 [INFO] src.ingestion: [CYIENT.NS] fetching fresh data
2026-08-26 03:53:39,890 [INFO] src.ingestion: [KPITTECH.NS] fetching fresh data
2026-08-26 03:53:40,881 [INFO] src.ingestion: [HDFCBANK.NS] fetching fresh data
2026-08-26 03:53:41,806 [INFO] src.ingestion: [ICICIBANK.NS] fetching fresh data
2026-08-26 03:53:42,646 [INFO] src.ingestion: [SBIN.NS] fetching fresh data
2026-08-26 03:53:43,576 [INFO] src.ingestion: [AXISBANK.NS] fetching fresh data
2026-08-26 03:53:44,447 [INFO] src.ingestion: [KOTAKBANK.NS] fetching fresh data
2026-08-26 03:53:45,282 [INFO] src.ingestion: [INDUSINDBK.NS] fetching fresh data
2026-08-26 03:53:46,246 [INFO] src.ingestion: [FEDERALBNK.NS] fetching fresh data
2026-08-26 03:53:47,051 [INFO] src.ingestion: [BANDHANBNK.NS] fetching fresh data
2026-08-26 03:53:48,045 [INFO] src.ingestion: [IDFCFIRSTB.NS] fetching fresh data
2026-08-26 03:53:48,814 [INFO] src.ingestion: [PNB.NS] fetching fresh data
2026-08-26 03:53:49,659 [INFO] src.ingestion: [BANKBARODA.NS] fetching fresh data
2026-08-26 03:53:50,510 [INFO] src.ingestion: [CANBK.NS] fetching fresh data
2026-08-26 03:53:51,355 [INFO] src.ingestion: [UNIONBANK.NS] fetching fresh data
2026-08-26 03:53:52,293 [INFO] src.ingestion: [AUBANK.NS] fetching fresh data
2026-08-26 03:53:53,172 [INFO] src.ingestion: [RBLBANK.NS] fetching fresh data
2026-08-26 03:53:54,077 [INFO] src.ingestion: [BANKINDIA.NS] fetching fresh data
2026-08-26 03:53:55,175 [INFO] src.ingestion: [CENTRALBK.NS] fetching fresh data
2026-08-26 03:53:56,261 [INFO] src.ingestion: [IOB.NS] fetching fresh data
2026-08-26 03:53:57,314 [INFO] src.ingestion: [UCOBANK.NS] fetching fresh data
2026-08-26 03:53:58,175 [INFO] src.ingestion: [BAJFINANCE.NS] fetching fresh data
2026-08-26 03:53:59,081 [INFO] src.ingestion: [BAJAJFINSV.NS] fetching fresh data
2026-08-26 03:54:00,107 [INFO] src.ingestion: [CHOLAFIN.NS] fetching fresh data
2026-08-26 03:54:01,025 [INFO] src.ingestion: [MUTHOOTFIN.NS] fetching fresh data
2026-08-26 03:54:02,058 [INFO] src.ingestion: [LICHSGFIN.NS] fetching fresh data
2026-08-26 03:54:02,894 [INFO] src.ingestion: [SHRIRAMFIN.NS] fetching fresh data
2026-08-26 03:54:03,711 [INFO] src.ingestion: [PFC.NS] fetching fresh data
2026-08-26 03:54:04,501 [INFO] src.ingestion: [RECLTD.NS] fetching fresh data
2026-08-26 03:54:05,322 [INFO] src.ingestion: [IRFC.NS] fetching fresh data
2026-08-26 03:54:06,200 [INFO] src.ingestion: [HUDCO.NS] fetching fresh data
2026-08-26 03:54:07,077 [INFO] src.ingestion: [BAJAJHLDNG.NS] fetching fresh data
2026-08-26 03:54:07,812 [INFO] src.ingestion: [SBICARD.NS] fetching fresh data
2026-08-26 03:54:08,767 [INFO] src.ingestion: [MANAPPURAM.NS] fetching fresh data
2026-08-26 03:54:09,722 [INFO] src.ingestion: [POONAWALLA.NS] fetching fresh data
2026-08-26 03:54:10,719 [INFO] src.ingestion: [HDFCLIFE.NS] fetching fresh data
2026-08-26 03:54:11,564 [INFO] src.ingestion: [SBILIFE.NS] fetching fresh data
2026-08-26 03:54:12,580 [INFO] src.ingestion: [ICICIPRULI.NS] fetching fresh data
2026-08-26 03:54:13,432 [INFO] src.ingestion: [ICICIGI.NS] fetching fresh data
2026-08-26 03:54:14,400 [INFO] src.ingestion: [LICI.NS] fetching fresh data
2026-08-26 03:54:15,367 [INFO] src.ingestion: [GICRE.NS] fetching fresh data
2026-08-26 03:54:16,293 [INFO] src.ingestion: [MARUTI.NS] fetching fresh data
2026-08-26 03:54:17,216 [INFO] src.ingestion: [TMPV.NS] fetching fresh data
2026-08-26 03:54:18,133 [INFO] src.ingestion: [TMCV.NS] fetching fresh data
2026-08-26 03:54:19,140 [INFO] src.ingestion: [M&M.NS] fetching fresh data
2026-08-26 03:54:20,059 [INFO] src.ingestion: [EICHERMOT.NS] fetching fresh data
2026-08-26 03:54:20,951 [INFO] src.ingestion: [HEROMOTOCO.NS] fetching fresh data
2026-08-26 03:54:21,767 [INFO] src.ingestion: [BAJAJ-AUTO.NS] fetching fresh data
2026-08-26 03:54:22,693 [INFO] src.ingestion: [TVSMOTOR.NS] fetching fresh data
2026-08-26 03:54:23,739 [INFO] src.ingestion: [ASHOKLEY.NS] fetching fresh data
2026-08-26 03:54:24,802 [INFO] src.ingestion: [BHARATFORG.NS] fetching fresh data
2026-08-26 03:54:25,622 [INFO] src.ingestion: [MOTHERSON.NS] fetching fresh data
2026-08-26 03:54:26,534 [INFO] src.ingestion: [BOSCHLTD.NS] fetching fresh data
2026-08-26 03:54:27,563 [INFO] src.ingestion: [MRF.NS] fetching fresh data
2026-08-26 03:54:28,436 [INFO] src.ingestion: [ENDURANCE.NS] fetching fresh data
2026-08-26 03:54:29,328 [INFO] src.ingestion: [EXIDEIND.NS] fetching fresh data
2026-08-26 03:54:30,160 [INFO] src.ingestion: [ARE&M.NS] fetching fresh data
2026-08-26 03:54:31,138 [INFO] src.ingestion: [SUNDRMFAST.NS] fetching fresh data
2026-08-26 03:54:32,014 [INFO] src.ingestion: [UNOMINDA.NS] fetching fresh data
2026-08-26 03:54:32,863 [INFO] src.ingestion: [SUNPHARMA.NS] fetching fresh data
2026-08-26 03:54:33,720 [INFO] src.ingestion: [DRREDDY.NS] fetching fresh data
2026-08-26 03:54:34,602 [INFO] src.ingestion: [CIPLA.NS] fetching fresh data
2026-08-26 03:54:35,600 [INFO] src.ingestion: [DIVISLAB.NS] fetching fresh data
2026-08-26 03:54:36,471 [INFO] src.ingestion: [LUPIN.NS] fetching fresh data
2026-08-26 03:54:37,409 [INFO] src.ingestion: [AUROPHARMA.NS] fetching fresh data
2026-08-26 03:54:38,375 [INFO] src.ingestion: [BIOCON.NS] fetching fresh data
2026-08-26 03:54:39,377 [INFO] src.ingestion: [TORNTPHARM.NS] fetching fresh data
2026-08-26 03:54:40,330 [INFO] src.ingestion: [ALKEM.NS] fetching fresh data
2026-08-26 03:54:41,236 [INFO] src.ingestion: [ABBOTINDIA.NS] fetching fresh data
2026-08-26 03:54:42,101 [INFO] src.ingestion: [APOLLOHOSP.NS] fetching fresh data
2026-08-26 03:54:43,115 [INFO] src.ingestion: [FORTIS.NS] fetching fresh data
2026-08-26 03:54:43,921 [INFO] src.ingestion: [LALPATHLAB.NS] fetching fresh data
2026-08-26 03:54:44,738 [INFO] src.ingestion: [METROPOLIS.NS] fetching fresh data
2026-08-26 03:54:45,676 [INFO] src.ingestion: [GLAND.NS] fetching fresh data
2026-08-26 03:54:46,516 [INFO] src.ingestion: [LAURUSLABS.NS] fetching fresh data
2026-08-26 03:54:47,400 [INFO] src.ingestion: [GLENMARK.NS] fetching fresh data
2026-08-26 03:54:48,299 [INFO] src.ingestion: [IPCALAB.NS] fetching fresh data
2026-08-26 03:54:49,299 [INFO] src.ingestion: [HINDUNILVR.NS] fetching fresh data
2026-08-26 03:54:50,215 [INFO] src.ingestion: [ITC.NS] fetching fresh data
2026-08-26 03:54:51,154 [INFO] src.ingestion: [NESTLEIND.NS] fetching fresh data
2026-08-26 03:54:52,135 [INFO] src.ingestion: [BRITANNIA.NS] fetching fresh data
2026-08-26 03:54:53,167 [INFO] src.ingestion: [DABUR.NS] fetching fresh data
2026-08-26 03:54:54,179 [INFO] src.ingestion: [GODREJCP.NS] fetching fresh data
2026-08-26 03:54:55,152 [INFO] src.ingestion: [MARICO.NS] fetching fresh data
2026-08-26 03:54:56,126 [INFO] src.ingestion: [COLPAL.NS] fetching fresh data
2026-08-26 03:54:56,961 [INFO] src.ingestion: [TATACONSUM.NS] fetching fresh data
2026-08-26 03:54:57,964 [INFO] src.ingestion: [VBL.NS] fetching fresh data
2026-08-26 03:54:58,853 [INFO] src.ingestion: [UNITDSPR.NS] fetching fresh data
2026-08-26 03:54:59,760 [INFO] src.ingestion: [EMAMILTD.NS] fetching fresh data
2026-08-26 03:55:00,730 [INFO] src.ingestion: [TATASTEEL.NS] fetching fresh data
2026-08-26 03:55:01,691 [INFO] src.ingestion: [JSWSTEEL.NS] fetching fresh data
2026-08-26 03:55:02,653 [INFO] src.ingestion: [HINDALCO.NS] fetching fresh data
2026-08-26 03:55:03,516 [INFO] src.ingestion: [VEDL.NS] fetching fresh data
2026-08-26 03:55:04,610 [INFO] src.ingestion: [COALINDIA.NS] fetching fresh data
2026-08-26 03:55:05,559 [INFO] src.ingestion: [NMDC.NS] fetching fresh data
2026-08-26 03:55:06,577 [INFO] src.ingestion: [SAIL.NS] fetching fresh data
2026-08-26 03:55:07,566 [INFO] src.ingestion: [JINDALSTEL.NS] fetching fresh data
2026-08-26 03:55:08,408 [INFO] src.ingestion: [APLAPOLLO.NS] fetching fresh data
2026-08-26 03:55:09,402 [INFO] src.ingestion: [NATIONALUM.NS] fetching fresh data
2026-08-26 03:55:10,256 [INFO] src.ingestion: [HINDCOPPER.NS] fetching fresh data
2026-08-26 03:55:11,254 [INFO] src.ingestion: [RATNAMANI.NS] fetching fresh data
2026-08-26 03:55:12,098 [INFO] src.ingestion: [HINDZINC.NS] fetching fresh data
2026-08-26 03:55:13,043 [INFO] src.ingestion: [WELCORP.NS] fetching fresh data
2026-08-26 03:55:14,023 [INFO] src.ingestion: [JSL.NS] fetching fresh data
2026-08-26 03:55:14,866 [INFO] src.ingestion: [RELIANCE.NS] fetching fresh data
2026-08-26 03:55:15,758 [INFO] src.ingestion: [ONGC.NS] fetching fresh data
2026-08-26 03:55:16,576 [INFO] src.ingestion: [BPCL.NS] fetching fresh data
2026-08-26 03:55:17,493 [INFO] src.ingestion: [IOC.NS] fetching fresh data
2026-08-26 03:55:18,509 [INFO] src.ingestion: [GAIL.NS] fetching fresh data
2026-08-26 03:55:19,397 [INFO] src.ingestion: [NTPC.NS] fetching fresh data
2026-08-26 03:55:20,263 [INFO] src.ingestion: [POWERGRID.NS] fetching fresh data
2026-08-26 03:55:21,143 [INFO] src.ingestion: [TATAPOWER.NS] fetching fresh data
2026-08-26 03:55:22,205 [INFO] src.ingestion: [ADANIGREEN.NS] fetching fresh data
2026-08-26 03:55:23,143 [INFO] src.ingestion: [ADANIPOWER.NS] fetching fresh data
2026-08-26 03:55:24,005 [INFO] src.ingestion: [TORNTPOWER.NS] fetching fresh data
2026-08-26 03:55:24,945 [INFO] src.ingestion: [LT.NS] fetching fresh data
2026-08-26 03:55:25,835 [INFO] src.ingestion: [SIEMENS.NS] fetching fresh data
2026-08-26 03:55:26,934 [INFO] src.ingestion: [ABB.NS] fetching fresh data
2026-08-26 03:55:27,816 [INFO] src.ingestion: [HAL.NS] fetching fresh data
2026-08-26 03:55:28,843 [INFO] src.ingestion: [BEL.NS] fetching fresh data
2026-08-26 03:55:29,754 [INFO] src.ingestion: [BHEL.NS] fetching fresh data
2026-08-26 03:55:30,695 [INFO] src.ingestion: [CUMMINSIND.NS] fetching fresh data
2026-08-26 03:55:31,740 [INFO] src.ingestion: [THERMAX.NS] fetching fresh data
2026-08-26 03:55:32,606 [INFO] src.ingestion: [POLYCAB.NS] fetching fresh data
2026-08-26 03:55:33,545 [INFO] src.ingestion: [KEI.NS] fetching fresh data
2026-08-26 03:55:34,430 [INFO] src.ingestion: [HAVELLS.NS] fetching fresh data
2026-08-26 03:55:35,367 [INFO] src.ingestion: [CROMPTON.NS] fetching fresh data
2026-08-26 03:55:36,373 [INFO] src.ingestion: [SUPREMEIND.NS] fetching fresh data
2026-08-26 03:55:37,289 [INFO] src.ingestion: [ASTRAL.NS] fetching fresh data
2026-08-26 03:55:38,312 [INFO] src.ingestion: [GRINDWELL.NS] fetching fresh data
2026-08-26 03:55:39,324 [INFO] src.ingestion: [CARBORUNIV.NS] fetching fresh data
2026-08-26 03:55:40,223 [INFO] src.ingestion: [TIMKEN.NS] fetching fresh data
2026-08-26 03:55:41,196 [INFO] src.ingestion: [SKFINDIA.NS] fetching fresh data
2026-08-26 03:55:42,027 [INFO] src.ingestion: [SRF.NS] fetching fresh data
2026-08-26 03:55:43,041 [INFO] src.ingestion: [PIIND.NS] fetching fresh data
2026-08-26 03:55:43,878 [INFO] src.ingestion: [DEEPAKNTR.NS] fetching fresh data
2026-08-26 03:55:44,740 [INFO] src.ingestion: [AARTIIND.NS] fetching fresh data
2026-08-26 03:55:45,732 [INFO] src.ingestion: [NAVINFLUOR.NS] fetching fresh data
2026-08-26 03:55:46,657 [INFO] src.ingestion: [UPL.NS] fetching fresh data
2026-08-26 03:55:47,505 [INFO] src.ingestion: [COROMANDEL.NS] fetching fresh data
2026-08-26 03:55:48,420 [INFO] src.ingestion: [CHAMBLFERT.NS] fetching fresh data
2026-08-26 03:55:49,487 [INFO] src.ingestion: [GNFC.NS] fetching fresh data
2026-08-26 03:55:50,385 [INFO] src.ingestion: [PIDILITIND.NS] fetching fresh data
2026-08-26 03:55:51,375 [INFO] src.ingestion: [TATACHEM.NS] fetching fresh data
2026-08-26 03:55:52,218 [INFO] src.ingestion: [GHCL.NS] fetching fresh data
2026-08-26 03:55:53,163 [INFO] src.ingestion: [TITAN.NS] fetching fresh data
2026-08-26 03:55:54,093 [INFO] src.ingestion: [DMART.NS] fetching fresh data
2026-08-26 03:55:54,989 [INFO] src.ingestion: [TRENT.NS] fetching fresh data
2026-08-26 03:55:55,895 [INFO] src.ingestion: [BATAINDIA.NS] fetching fresh data
2026-08-26 03:55:56,915 [INFO] src.ingestion: [PAGEIND.NS] fetching fresh data
2026-08-26 03:55:57,881 [INFO] src.ingestion: [JUBLFOOD.NS] fetching fresh data
2026-08-26 03:55:58,837 [INFO] src.ingestion: [VOLTAS.NS] fetching fresh data
2026-08-26 03:55:59,654 [INFO] src.ingestion: [DIXON.NS] fetching fresh data
2026-08-26 03:56:00,634 [INFO] src.ingestion: [RELAXO.NS] fetching fresh data
2026-08-26 03:56:01,553 [INFO] src.ingestion: [KAJARIACER.NS] fetching fresh data
2026-08-26 03:56:02,460 [INFO] src.ingestion: [WHIRLPOOL.NS] fetching fresh data
2026-08-26 03:56:03,336 [INFO] src.ingestion: [BLUESTARCO.NS] fetching fresh data
2026-08-26 03:56:04,173 [INFO] src.ingestion: [PGHH.NS] fetching fresh data
2026-08-26 03:56:04,985 [INFO] src.ingestion: [GILLETTE.NS] fetching fresh data
2026-08-26 03:56:05,955 [INFO] src.ingestion: [BHARTIARTL.NS] fetching fresh data
2026-08-26 03:56:06,862 [INFO] src.ingestion: [IDEA.NS] fetching fresh data
2026-08-26 03:56:07,786 [INFO] src.ingestion: [INDUSTOWER.NS] fetching fresh data
2026-08-26 03:56:08,695 [INFO] src.ingestion: [PVRINOX.NS] fetching fresh data
2026-08-26 03:56:09,616 [INFO] src.ingestion: [ZEEL.NS] fetching fresh data
2026-08-26 03:56:10,636 [INFO] src.ingestion: [ADANIPORTS.NS] fetching fresh data
2026-08-26 03:56:11,602 [INFO] src.ingestion: [ADANIENT.NS] fetching fresh data
2026-08-26 03:56:12,429 [INFO] src.ingestion: [GMRAIRPORT.NS] fetching fresh data
2026-08-26 03:56:13,394 [INFO] src.ingestion: [CONCOR.NS] fetching fresh data
2026-08-26 03:56:14,329 [INFO] src.ingestion: [IRCTC.NS] fetching fresh data
2026-08-26 03:56:15,229 [INFO] src.ingestion: [INDIGO.NS] fetching fresh data
2026-08-26 03:56:16,237 [INFO] src.ingestion: [RVNL.NS] fetching fresh data
2026-08-26 03:56:17,055 [INFO] src.ingestion: [IRCON.NS] fetching fresh data
2026-08-26 03:56:17,908 [INFO] src.ingestion: [NBCC.NS] fetching fresh data
2026-08-26 03:56:18,742 [INFO] src.ingestion: [NCC.NS] fetching fresh data
2026-08-26 03:56:19,744 [INFO] src.ingestion: [MAZDOCK.NS] fetching fresh data
2026-08-26 03:56:20,699 [INFO] src.ingestion: [COCHINSHIP.NS] fetching fresh data
2026-08-26 03:56:21,777 [INFO] src.ingestion: [DLF.NS] fetching fresh data
2026-08-26 03:56:22,699 [INFO] src.ingestion: [GODREJPROP.NS] fetching fresh data
2026-08-26 03:56:23,693 [INFO] src.ingestion: [OBEROIRLTY.NS] fetching fresh data
2026-08-26 03:56:24,681 [INFO] src.ingestion: [PRESTIGE.NS] fetching fresh data
2026-08-26 03:56:25,609 [INFO] src.ingestion: [PHOENIXLTD.NS] fetching fresh data
2026-08-26 03:56:26,564 [INFO] src.ingestion: [SOBHA.NS] fetching fresh data
2026-08-26 03:56:27,532 [INFO] src.ingestion: Fetched 200/201 tickers successfully
2026-08-26 03:56:27,532 [WARNING] src.ingestion: Failed tickers (excluded from downstream, not silently zeroed): ['LTIM.NS']
2026-08-26 03:56:27,532 [INFO] __main__: Ingestion validation passed: 200/201 tickers (100%)
2026-08-26 03:56:27,532 [INFO] __main__: === Stage 2/8: Cleaning ===
2026-08-26 03:56:27,540 [WARNING] src.cleaning: [ASHOKLEY.NS] EXCLUDED: missing critical fields: ['market_cap']
2026-08-26 03:56:27,540 [WARNING] src.cleaning: [BIOCON.NS] EXCLUDED: missing critical fields: ['market_cap']
2026-08-26 03:56:27,540 [WARNING] src.cleaning: [BOSCHLTD.NS] EXCLUDED: missing critical fields: ['market_cap']
2026-08-26 03:56:27,541 [WARNING] src.cleaning: [IOC.NS] EXCLUDED: missing critical fields: ['market_cap']
2026-08-26 03:56:27,541 [WARNING] src.cleaning: [JUBLFOOD.NS] EXCLUDED: missing critical fields: ['market_cap']
2026-08-26 03:56:27,541 [WARNING] src.cleaning: [LTIM.NS] EXCLUDED: ingestion failed: yfinance returned an empty info payload for LTIM.NS (no exception, but no usable data — likely a transient Yahoo-side issue or an invalid/delisted symbol)
2026-08-26 03:56:27,541 [WARNING] src.cleaning: [RECLTD.NS] EXCLUDED: missing critical fields: ['market_cap']
2026-08-26 03:56:27,541 [WARNING] src.cleaning: [RELIANCE.NS] EXCLUDED: missing critical fields: ['market_cap']
2026-08-26 03:56:27,541 [WARNING] src.cleaning: [TCS.NS] EXCLUDED: missing critical fields: ['market_cap']
2026-08-26 03:56:27,542 [WARNING] src.cleaning: [TVSMOTOR.NS] EXCLUDED: missing critical fields: ['market_cap']
2026-08-26 03:56:27,542 [INFO] src.cleaning: [AARTIIND.NS] non-critical missing fields: ['return_on_equity']
2026-08-26 03:56:27,542 [INFO] src.cleaning: [ABBOTINDIA.NS] non-critical missing fields: ['return_on_equity']
2026-08-26 03:56:27,542 [INFO] src.cleaning: [ACC.NS] non-critical missing fields: ['return_on_equity']
2026-08-26 03:56:27,542 [INFO] src.cleaning: [ADANIENT.NS] non-critical missing fields: ['return_on_equity']
2026-08-26 03:56:27,542 [INFO] src.cleaning: [ADANIGREEN.NS] non-critical missing fields: ['return_on_equity']
2026-08-26 03:56:27,542 [INFO] src.cleaning: [ADANIPORTS.NS] non-critical missing fields: ['return_on_equity']
2026-08-26 03:56:27,542 [INFO] src.cleaning: [ADANIPOWER.NS] non-critical missing fields: ['return_on_equity']
2026-08-26 03:56:27,542 [INFO] src.cleaning: [ALKEM.NS] non-critical missing fields: ['return_on_equity']
2026-08-26 03:56:27,542 [INFO] src.cleaning: [AMBUJACEM.NS] non-critical missing fields: ['return_on_equity']
2026-08-26 03:56:27,542 [INFO] src.cleaning: [APLAPOLLO.NS] non-critical missing fields: ['return_on_equity']
2026-08-26 03:56:27,542 [INFO] src.cleaning: [APOLLOHOSP.NS] non-critical missing fields: ['return_on_equity']
2026-08-26 03:56:27,542 [INFO] src.cleaning: [ARE&M.NS] non-critical missing fields: ['return_on_equity']
2026-08-26 03:56:27,542 [INFO] src.cleaning: [ASTRAL.NS] non-critical missing fields: ['return_on_equity']
2026-08-26 03:56:27,542 [INFO] src.cleaning: [AUBANK.NS] non-critical missing fields: ['ev_to_ebitda', 'return_on_equity', 'debt_to_equity']
2026-08-26 03:56:27,542 [INFO] src.cleaning: [AUROPHARMA.NS] non-critical missing fields: ['return_on_equity']
2026-08-26 03:56:27,542 [INFO] src.cleaning: [AXISBANK.NS] non-critical missing fields: ['ev_to_ebitda', 'debt_to_equity']
2026-08-26 03:56:27,543 [INFO] src.cleaning: [BAJAJ-AUTO.NS] non-critical missing fields: ['return_on_equity']
2026-08-26 03:56:27,543 [INFO] src.cleaning: [BAJAJFINSV.NS] non-critical missing fields: ['return_on_equity']
2026-08-26 03:56:27,543 [WARNING] src.cleaning: [BAJAJHLDNG.NS] outlier values flagged: ['net_margin']
2026-08-26 03:56:27,543 [INFO] src.cleaning: [BAJFINANCE.NS] non-critical missing fields: ['ev_to_ebitda', 'return_on_equity']
2026-08-26 03:56:27,543 [INFO] src.cleaning: [BANDHANBNK.NS] non-critical missing fields: ['ev_to_ebitda', 'return_on_equity', 'debt_to_equity']
2026-08-26 03:56:27,543 [INFO] src.cleaning: [BANKBARODA.NS] non-critical missing fields: ['ev_to_ebitda', 'debt_to_equity']
2026-08-26 03:56:27,543 [INFO] src.cleaning: [BANKINDIA.NS] non-critical missing fields: ['ev_to_ebitda', 'debt_to_equity']
2026-08-26 03:56:27,543 [INFO] src.cleaning: [BATAINDIA.NS] non-critical missing fields: ['return_on_equity']
2026-08-26 03:56:27,543 [INFO] src.cleaning: [BEL.NS] non-critical missing fields: ['return_on_equity']
2026-08-26 03:56:27,543 [INFO] src.cleaning: [BHARATFORG.NS] non-critical missing fields: ['return_on_equity']
2026-08-26 03:56:27,543 [INFO] src.cleaning: [BHEL.NS] non-critical missing fields: ['return_on_equity']
2026-08-26 03:56:27,543 [INFO] src.cleaning: [BLUESTARCO.NS] non-critical missing fields: ['return_on_equity']
2026-08-26 03:56:27,543 [INFO] src.cleaning: [BPCL.NS] non-critical missing fields: ['return_on_equity']
2026-08-26 03:56:27,543 [INFO] src.cleaning: [BRITANNIA.NS] non-critical missing fields: ['return_on_equity']
2026-08-26 03:56:27,543 [INFO] src.cleaning: [CANBK.NS] non-critical missing fields: ['ev_to_ebitda', 'return_on_equity', 'debt_to_equity']
2026-08-26 03:56:27,543 [INFO] src.cleaning: [CARBORUNIV.NS] non-critical missing fields: ['return_on_equity']
2026-08-26 03:56:27,543 [INFO] src.cleaning: [CENTRALBK.NS] non-critical missing fields: ['ev_to_ebitda', 'debt_to_equity']
2026-08-26 03:56:27,543 [INFO] src.cleaning: [CHAMBLFERT.NS] non-critical missing fields: ['return_on_equity']
2026-08-26 03:56:27,543 [INFO] src.cleaning: [CHOLAFIN.NS] non-critical missing fields: ['ev_to_ebitda', 'return_on_equity']
2026-08-26 03:56:27,544 [INFO] src.cleaning: [CIPLA.NS] non-critical missing fields: ['return_on_equity']
2026-08-26 03:56:27,544 [INFO] src.cleaning: [COALINDIA.NS] non-critical missing fields: ['return_on_equity']
2026-08-26 03:56:27,544 [INFO] src.cleaning: [COCHINSHIP.NS] non-critical missing fields: ['return_on_equity']
2026-08-26 03:56:27,544 [INFO] src.cleaning: [COFORGE.NS] non-critical missing fields: ['return_on_equity']
2026-08-26 03:56:27,544 [INFO] src.cleaning: [COLPAL.NS] non-critical missing fields: ['return_on_equity']
2026-08-26 03:56:27,544 [INFO] src.cleaning: [CONCOR.NS] non-critical missing fields: ['return_on_equity']
2026-08-26 03:56:27,544 [INFO] src.cleaning: [COROMANDEL.NS] non-critical missing fields: ['return_on_equity']
2026-08-26 03:56:27,544 [INFO] src.cleaning: [CROMPTON.NS] non-critical missing fields: ['trailing_pe', 'return_on_equity']
2026-08-26 03:56:27,544 [INFO] src.cleaning: [CUMMINSIND.NS] non-critical missing fields: ['return_on_equity']
2026-08-26 03:56:27,544 [INFO] src.cleaning: [CYIENT.NS] non-critical missing fields: ['return_on_equity']
2026-08-26 03:56:27,544 [INFO] src.cleaning: [DABUR.NS] non-critical missing fields: ['return_on_equity']
2026-08-26 03:56:27,544 [INFO] src.cleaning: [DALBHARAT.NS] non-critical missing fields: ['return_on_equity']
2026-08-26 03:56:27,544 [INFO] src.cleaning: [DEEPAKNTR.NS] non-critical missing fields: ['return_on_equity']
2026-08-26 03:56:27,544 [INFO] src.cleaning: [DIVISLAB.NS] non-critical missing fields: ['return_on_equity']
2026-08-26 03:56:27,544 [INFO] src.cleaning: [DIXON.NS] non-critical missing fields: ['return_on_equity']
2026-08-26 03:56:27,544 [INFO] src.cleaning: [DMART.NS] non-critical missing fields: ['return_on_equity']
2026-08-26 03:56:27,544 [INFO] src.cleaning: [EICHERMOT.NS] non-critical missing fields: ['return_on_equity']
2026-08-26 03:56:27,544 [INFO] src.cleaning: [EMAMILTD.NS] non-critical missing fields: ['return_on_equity']
2026-08-26 03:56:27,544 [INFO] src.cleaning: [ENDURANCE.NS] non-critical missing fields: ['return_on_equity']
2026-08-26 03:56:27,544 [INFO] src.cleaning: [EXIDEIND.NS] non-critical missing fields: ['return_on_equity']
2026-08-26 03:56:27,544 [INFO] src.cleaning: [FEDERALBNK.NS] non-critical missing fields: ['ev_to_ebitda', 'return_on_equity', 'debt_to_equity']
2026-08-26 03:56:27,544 [INFO] src.cleaning: [FORTIS.NS] non-critical missing fields: ['return_on_equity']
2026-08-26 03:56:27,544 [INFO] src.cleaning: [GAIL.NS] non-critical missing fields: ['return_on_equity']
2026-08-26 03:56:27,544 [INFO] src.cleaning: [GHCL.NS] non-critical missing fields: ['return_on_equity']
2026-08-26 03:56:27,545 [INFO] src.cleaning: [GICRE.NS] non-critical missing fields: ['ev_to_ebitda', 'debt_to_equity']
2026-08-26 03:56:27,545 [INFO] src.cleaning: [GILLETTE.NS] non-critical missing fields: ['return_on_equity']
2026-08-26 03:56:27,545 [INFO] src.cleaning: [GLAND.NS] non-critical missing fields: ['return_on_equity']
2026-08-26 03:56:27,545 [INFO] src.cleaning: [GLENMARK.NS] non-critical missing fields: ['return_on_equity']
2026-08-26 03:56:27,545 [WARNING] src.cleaning: [GMRAIRPORT.NS] negative/zero equity — DuPont ROE math will be invalid downstream
2026-08-26 03:56:27,545 [INFO] src.cleaning: [GMRAIRPORT.NS] non-critical missing fields: ['return_on_equity', 'debt_to_equity']
2026-08-26 03:56:27,545 [INFO] src.cleaning: [GNFC.NS] non-critical missing fields: ['return_on_equity']
2026-08-26 03:56:27,545 [INFO] src.cleaning: [GODREJCP.NS] non-critical missing fields: ['return_on_equity']
2026-08-26 03:56:27,545 [INFO] src.cleaning: [GODREJPROP.NS] non-critical missing fields: ['return_on_equity']
2026-08-26 03:56:27,545 [INFO] src.cleaning: [GRINDWELL.NS] non-critical missing fields: ['return_on_equity']
2026-08-26 03:56:27,545 [INFO] src.cleaning: [HAL.NS] non-critical missing fields: ['return_on_equity']
2026-08-26 03:56:27,545 [INFO] src.cleaning: [HAVELLS.NS] non-critical missing fields: ['return_on_equity']
2026-08-26 03:56:27,545 [WARNING] src.cleaning: [HCLTECH.NS] outlier values flagged: ['ev_to_ebitda']
2026-08-26 03:56:27,545 [INFO] src.cleaning: [HDFCBANK.NS] non-critical missing fields: ['ev_to_ebitda', 'debt_to_equity']
2026-08-26 03:56:27,545 [INFO] src.cleaning: [HEIDELBERG.NS] non-critical missing fields: ['return_on_equity']
2026-08-26 03:56:27,545 [INFO] src.cleaning: [HEROMOTOCO.NS] non-critical missing fields: ['return_on_equity']
2026-08-26 03:56:27,545 [INFO] src.cleaning: [HINDALCO.NS] non-critical missing fields: ['return_on_equity']
2026-08-26 03:56:27,545 [INFO] src.cleaning: [HINDCOPPER.NS] non-critical missing fields: ['return_on_equity']
2026-08-26 03:56:27,545 [INFO] src.cleaning: [HINDUNILVR.NS] non-critical missing fields: ['return_on_equity']
2026-08-26 03:56:27,545 [INFO] src.cleaning: [HINDZINC.NS] non-critical missing fields: ['return_on_equity']
2026-08-26 03:56:27,545 [INFO] src.cleaning: [HUDCO.NS] non-critical missing fields: ['ev_to_ebitda', 'return_on_equity']
2026-08-26 03:56:27,545 [INFO] src.cleaning: [ICICIBANK.NS] non-critical missing fields: ['ev_to_ebitda', 'debt_to_equity']
2026-08-26 03:56:27,545 [INFO] src.cleaning: [ICICIGI.NS] non-critical missing fields: ['debt_to_equity']
2026-08-26 03:56:27,545 [WARNING] src.cleaning: [IDEA.NS] negative/zero equity — DuPont ROE math will be invalid downstream
2026-08-26 03:56:27,545 [INFO] src.cleaning: [IDEA.NS] non-critical missing fields: ['return_on_equity', 'debt_to_equity']
2026-08-26 03:56:27,545 [INFO] src.cleaning: [IDFCFIRSTB.NS] non-critical missing fields: ['ev_to_ebitda', 'return_on_equity', 'debt_to_equity', 'total_debt']
2026-08-26 03:56:27,545 [INFO] src.cleaning: [INDIGO.NS] non-critical missing fields: ['trailing_pe', 'return_on_equity']
2026-08-26 03:56:27,546 [INFO] src.cleaning: [INDUSINDBK.NS] non-critical missing fields: ['ev_to_ebitda', 'return_on_equity', 'debt_to_equity']
2026-08-26 03:56:27,546 [WARNING] src.cleaning: [INFY.NS] outlier values flagged: ['ev_to_ebitda']
2026-08-26 03:56:27,546 [INFO] src.cleaning: [IOB.NS] non-critical missing fields: ['ev_to_ebitda', 'debt_to_equity']
2026-08-26 03:56:27,546 [INFO] src.cleaning: [IPCALAB.NS] non-critical missing fields: ['return_on_equity']
2026-08-26 03:56:27,546 [INFO] src.cleaning: [IRCON.NS] non-critical missing fields: ['return_on_equity']
2026-08-26 03:56:27,546 [INFO] src.cleaning: [IRCTC.NS] non-critical missing fields: ['return_on_equity']
2026-08-26 03:56:27,546 [INFO] src.cleaning: [IRFC.NS] non-critical missing fields: ['ev_to_ebitda', 'return_on_equity']
2026-08-26 03:56:27,546 [INFO] src.cleaning: [ITC.NS] non-critical missing fields: ['return_on_equity']
2026-08-26 03:56:27,546 [INFO] src.cleaning: [JINDALSTEL.NS] non-critical missing fields: ['return_on_equity']
2026-08-26 03:56:27,546 [INFO] src.cleaning: [JKCEMENT.NS] non-critical missing fields: ['return_on_equity']
2026-08-26 03:56:27,546 [INFO] src.cleaning: [JSL.NS] non-critical missing fields: ['return_on_equity']
2026-08-26 03:56:27,546 [INFO] src.cleaning: [JSWSTEEL.NS] non-critical missing fields: ['return_on_equity']
2026-08-26 03:56:27,546 [INFO] src.cleaning: [KAJARIACER.NS] non-critical missing fields: ['return_on_equity']
2026-08-26 03:56:27,546 [INFO] src.cleaning: [KEI.NS] non-critical missing fields: ['return_on_equity']
2026-08-26 03:56:27,546 [INFO] src.cleaning: [KOTAKBANK.NS] non-critical missing fields: ['ev_to_ebitda', 'return_on_equity', 'debt_to_equity']
2026-08-26 03:56:27,546 [INFO] src.cleaning: [KPITTECH.NS] non-critical missing fields: ['return_on_equity']
2026-08-26 03:56:27,546 [INFO] src.cleaning: [LALPATHLAB.NS] non-critical missing fields: ['return_on_equity']
2026-08-26 03:56:27,547 [INFO] src.cleaning: [LAURUSLABS.NS] non-critical missing fields: ['return_on_equity']
2026-08-26 03:56:27,547 [INFO] src.cleaning: [LICHSGFIN.NS] non-critical missing fields: ['ev_to_ebitda', 'return_on_equity']
2026-08-26 03:56:27,547 [INFO] src.cleaning: [LICI.NS] non-critical missing fields: ['return_on_equity']
2026-08-26 03:56:27,547 [INFO] src.cleaning: [LTTS.NS] non-critical missing fields: ['return_on_equity']
2026-08-26 03:56:27,547 [INFO] src.cleaning: [LT.NS] non-critical missing fields: ['return_on_equity']
2026-08-26 03:56:27,547 [INFO] src.cleaning: [LUPIN.NS] non-critical missing fields: ['return_on_equity']
2026-08-26 03:56:27,547 [INFO] src.cleaning: [M&M.NS] non-critical missing fields: ['return_on_equity']
2026-08-26 03:56:27,547 [INFO] src.cleaning: [MANAPPURAM.NS] non-critical missing fields: ['ev_to_ebitda', 'return_on_equity']
2026-08-26 03:56:27,547 [INFO] src.cleaning: [MARICO.NS] non-critical missing fields: ['return_on_equity']
2026-08-26 03:56:27,547 [INFO] src.cleaning: [MARUTI.NS] non-critical missing fields: ['return_on_equity']
2026-08-26 03:56:27,547 [INFO] src.cleaning: [MAZDOCK.NS] non-critical missing fields: ['return_on_equity']
2026-08-26 03:56:27,547 [INFO] src.cleaning: [METROPOLIS.NS] non-critical missing fields: ['return_on_equity']
2026-08-26 03:56:27,547 [INFO] src.cleaning: [MOTHERSON.NS] non-critical missing fields: ['return_on_equity']
2026-08-26 03:56:27,547 [INFO] src.cleaning: [MRF.NS] non-critical missing fields: ['return_on_equity']
2026-08-26 03:56:27,547 [INFO] src.cleaning: [MUTHOOTFIN.NS] non-critical missing fields: ['ev_to_ebitda']
2026-08-26 03:56:27,547 [INFO] src.cleaning: [NATIONALUM.NS] non-critical missing fields: ['return_on_equity']
2026-08-26 03:56:27,547 [INFO] src.cleaning: [NAVINFLUOR.NS] non-critical missing fields: ['return_on_equity']
2026-08-26 03:56:27,548 [INFO] src.cleaning: [NBCC.NS] non-critical missing fields: ['return_on_equity']
2026-08-26 03:56:27,548 [INFO] src.cleaning: [NCC.NS] non-critical missing fields: ['return_on_equity']
2026-08-26 03:56:27,548 [INFO] src.cleaning: [NESTLEIND.NS] non-critical missing fields: ['return_on_equity']
2026-08-26 03:56:27,548 [INFO] src.cleaning: [NMDC.NS] non-critical missing fields: ['return_on_equity']
2026-08-26 03:56:27,548 [INFO] src.cleaning: [NTPC.NS] non-critical missing fields: ['return_on_equity']
2026-08-26 03:56:27,548 [INFO] src.cleaning: [OBEROIRLTY.NS] non-critical missing fields: ['return_on_equity']
2026-08-26 03:56:27,548 [INFO] src.cleaning: [ONGC.NS] non-critical missing fields: ['return_on_equity']
2026-08-26 03:56:27,548 [INFO] src.cleaning: [PAGEIND.NS] non-critical missing fields: ['return_on_equity']
2026-08-26 03:56:27,548 [INFO] src.cleaning: [PFC.NS] non-critical missing fields: ['ev_to_ebitda', 'return_on_equity']
2026-08-26 03:56:27,548 [INFO] src.cleaning: [PGHH.NS] non-critical missing fields: ['return_on_equity']
2026-08-26 03:56:27,548 [INFO] src.cleaning: [PHOENIXLTD.NS] non-critical missing fields: ['return_on_equity']
2026-08-26 03:56:27,548 [INFO] src.cleaning: [PIDILITIND.NS] non-critical missing fields: ['return_on_equity']
2026-08-26 03:56:27,548 [INFO] src.cleaning: [PIIND.NS] non-critical missing fields: ['return_on_equity']
2026-08-26 03:56:27,548 [INFO] src.cleaning: [PNB.NS] non-critical missing fields: ['ev_to_ebitda', 'debt_to_equity']
2026-08-26 03:56:27,548 [INFO] src.cleaning: [POONAWALLA.NS] non-critical missing fields: ['ev_to_ebitda', 'return_on_equity']
2026-08-26 03:56:27,548 [INFO] src.cleaning: [POWERGRID.NS] non-critical missing fields: ['return_on_equity']
2026-08-26 03:56:27,548 [INFO] src.cleaning: [PVRINOX.NS] non-critical missing fields: ['return_on_equity']
2026-08-26 03:56:27,549 [INFO] src.cleaning: [RAMCOCEM.NS] non-critical missing fields: ['return_on_equity']
2026-08-26 03:56:27,549 [INFO] src.cleaning: [RATNAMANI.NS] non-critical missing fields: ['return_on_equity']
2026-08-26 03:56:27,549 [INFO] src.cleaning: [RBLBANK.NS] non-critical missing fields: ['ev_to_ebitda', 'return_on_equity', 'debt_to_equity']
2026-08-26 03:56:27,549 [INFO] src.cleaning: [RELAXO.NS] non-critical missing fields: ['return_on_equity']
2026-08-26 03:56:27,549 [INFO] src.cleaning: [RVNL.NS] non-critical missing fields: ['return_on_equity']
2026-08-26 03:56:27,549 [INFO] src.cleaning: [SAIL.NS] non-critical missing fields: ['return_on_equity']
2026-08-26 03:56:27,549 [INFO] src.cleaning: [SBICARD.NS] non-critical missing fields: ['ev_to_ebitda', 'return_on_equity']
2026-08-26 03:56:27,549 [INFO] src.cleaning: [SBILIFE.NS] non-critical missing fields: ['debt_to_equity']
2026-08-26 03:56:27,549 [INFO] src.cleaning: [SBIN.NS] non-critical missing fields: ['ev_to_ebitda', 'debt_to_equity']
2026-08-26 03:56:27,549 [INFO] src.cleaning: [SHREECEM.NS] non-critical missing fields: ['return_on_equity']
2026-08-26 03:56:27,549 [INFO] src.cleaning: [SHRIRAMFIN.NS] non-critical missing fields: ['ev_to_ebitda']
2026-08-26 03:56:27,549 [INFO] src.cleaning: [SIEMENS.NS] non-critical missing fields: ['return_on_equity']
2026-08-26 03:56:27,549 [INFO] src.cleaning: [SKFINDIA.NS] non-critical missing fields: ['return_on_equity']
2026-08-26 03:56:27,549 [INFO] src.cleaning: [SOBHA.NS] non-critical missing fields: ['return_on_equity']
2026-08-26 03:56:27,549 [INFO] src.cleaning: [SRF.NS] non-critical missing fields: ['return_on_equity']
2026-08-26 03:56:27,549 [INFO] src.cleaning: [SUNDRMFAST.NS] non-critical missing fields: ['return_on_equity']
2026-08-26 03:56:27,549 [INFO] src.cleaning: [SUNPHARMA.NS] non-critical missing fields: ['return_on_equity']
2026-08-26 03:56:27,550 [INFO] src.cleaning: [SUPREMEIND.NS] non-critical missing fields: ['return_on_equity']
2026-08-26 03:56:27,550 [INFO] src.cleaning: [TATACHEM.NS] non-critical missing fields: ['trailing_pe', 'return_on_equity']
2026-08-26 03:56:27,550 [INFO] src.cleaning: [TATACONSUM.NS] non-critical missing fields: ['return_on_equity']
2026-08-26 03:56:27,550 [INFO] src.cleaning: [TATAELXSI.NS] non-critical missing fields: ['return_on_equity']
2026-08-26 03:56:27,550 [INFO] src.cleaning: [TATAPOWER.NS] non-critical missing fields: ['return_on_equity']
2026-08-26 03:56:27,550 [INFO] src.cleaning: [TATASTEEL.NS] non-critical missing fields: ['return_on_equity']
2026-08-26 03:56:27,550 [INFO] src.cleaning: [TECHM.NS] non-critical missing fields: ['return_on_equity']
2026-08-26 03:56:27,550 [INFO] src.cleaning: [THERMAX.NS] non-critical missing fields: ['return_on_equity']
2026-08-26 03:56:27,550 [INFO] src.cleaning: [TIMKEN.NS] non-critical missing fields: ['return_on_equity']
2026-08-26 03:56:27,550 [INFO] src.cleaning: [TITAN.NS] non-critical missing fields: ['return_on_equity']
2026-08-26 03:56:27,550 [INFO] src.cleaning: [TMCV.NS] non-critical missing fields: ['return_on_equity']
2026-08-26 03:56:27,550 [INFO] src.cleaning: [TMPV.NS] non-critical missing fields: ['trailing_pe', 'return_on_equity']
2026-08-26 03:56:27,550 [INFO] src.cleaning: [TORNTPHARM.NS] non-critical missing fields: ['return_on_equity']
2026-08-26 03:56:27,550 [INFO] src.cleaning: [TORNTPOWER.NS] non-critical missing fields: ['return_on_equity']
2026-08-26 03:56:27,550 [INFO] src.cleaning: [TRENT.NS] non-critical missing fields: ['return_on_equity']
2026-08-26 03:56:27,550 [INFO] src.cleaning: [UCOBANK.NS] non-critical missing fields: ['ev_to_ebitda', 'debt_to_equity']
2026-08-26 03:56:27,550 [INFO] src.cleaning: [ULTRACEMCO.NS] non-critical missing fields: ['return_on_equity']
2026-08-26 03:56:27,550 [INFO] src.cleaning: [UNIONBANK.NS] non-critical missing fields: ['ev_to_ebitda', 'debt_to_equity', 'revenue_growth', 'total_debt']
2026-08-26 03:56:27,550 [INFO] src.cleaning: [UNITDSPR.NS] non-critical missing fields: ['return_on_equity']
2026-08-26 03:56:27,551 [INFO] src.cleaning: [UNOMINDA.NS] non-critical missing fields: ['return_on_equity']
2026-08-26 03:56:27,551 [INFO] src.cleaning: [UPL.NS] non-critical missing fields: ['return_on_equity']
2026-08-26 03:56:27,551 [INFO] src.cleaning: [VEDL.NS] non-critical missing fields: ['return_on_equity']
2026-08-26 03:56:27,551 [INFO] src.cleaning: [VOLTAS.NS] non-critical missing fields: ['return_on_equity']
2026-08-26 03:56:27,551 [INFO] src.cleaning: [WELCORP.NS] non-critical missing fields: ['return_on_equity']
2026-08-26 03:56:27,551 [INFO] src.cleaning: [WHIRLPOOL.NS] non-critical missing fields: ['return_on_equity']
2026-08-26 03:56:27,551 [INFO] src.cleaning: [ZEEL.NS] non-critical missing fields: ['return_on_equity']
2026-08-26 03:56:27,558 [INFO] src.cleaning: Cleaned 191/201 tickers -> data/processed/cleaned_universe.csv
2026-08-26 03:56:27,558 [INFO] src.cleaning: Full flag audit trail -> data/processed/cleaning_flags.csv
2026-08-26 03:56:27,558 [INFO] __main__: Cleaning validation passed: 191/201 tickers retained (95%)
2026-08-26 03:56:27,558 [INFO] __main__: === Stage 3/8: Scoring ===
2026-08-26 03:56:27,618 [INFO] src.scoring: Scored 191 companies -> data/processed/scored_universe.csv
2026-08-26 03:56:27,618 [INFO] src.scoring: Top 10 shortlist -> data/processed/shortlist_top_n.csv
2026-08-26 03:56:27,619 [WARNING] src.scoring: 24 companies scored on fewer than all 4 buckets (reweighted, not zero-filled) — see 'buckets_used' column: ['IOB.NS', 'UNIONBANK.NS', 'BANKINDIA.NS', 'CANBK.NS', 'ICICIGI.NS', 'PNB.NS', 'IDEA.NS', 'GICRE.NS', 'FEDERALBNK.NS', 'UCOBANK.NS', 'BANKBARODA.NS', 'AXISBANK.NS', 'KOTAKBANK.NS', 'SBIN.NS', 'ICICIBANK.NS', 'CENTRALBK.NS', 'SBILIFE.NS', 'HDFCBANK.NS', 'AUBANK.NS', 'BANDHANBNK.NS', 'GMRAIRPORT.NS', 'IDFCFIRSTB.NS', 'RBLBANK.NS', 'INDUSINDBK.NS']
2026-08-26 03:56:27,620 [INFO] __main__: Scoring validation passed: 191 companies ranked, all scores in valid range
2026-08-26 03:56:27,620 [INFO] __main__: === Stage 4/8: Comps + DuPont ===
2026-08-26 03:56:27,632 [INFO] src.comps_dupont: Comps + DuPont report for top 10 -> data/processed/comps_dupont_report.csv
2026-08-26 03:56:27,633 [WARNING] src.comps_dupont: 1 companies have a DuPont-implied ROE that diverges >5pp from reported ROE (possible data inconsistency, worth a manual check): ['IOB.NS']
2026-08-26 03:56:27,633 [INFO] __main__: === Stage 5/8: Explainability ===
2026-08-26 03:56:27,669 [INFO] src.explainability: Explanations for top 10 companies -> data/processed/explanations.csv
2026-08-26 03:56:27,670 [INFO] __main__: === Stage 6/8: Baseline Comparison ===
2026-08-26 03:56:27,677 [INFO] src.baseline_comparison: Baseline comparison -> data/processed/baseline_comparison.csv
2026-08-26 03:56:27,677 [INFO] __main__: === Stage 7/8: Acquisition Likelihood ===
2026-08-26 03:56:27,680 [INFO] src.acquisition_likelihood: 2 companies excluded from acquisition-likelihood scoring (negative/zero equity — financial distress, not a value-target thesis): ['IDEA.NS', 'GMRAIRPORT.NS']
2026-08-26 03:56:27,691 [INFO] src.acquisition_likelihood: Acquisition likelihood scoring -> data/processed/acquisition_likelihood.csv
2026-08-26 03:56:27,691 [INFO] __main__: === Stage 8/8: Historical Snapshot ===
2026-08-26 03:56:27,699 [INFO] src.history_tracker: Recorded shortlist snapshot for 2026-08-26 (10 companies) -> data/history/shortlist_history.csv (5 distinct days tracked so far)
2026-08-26 03:56:27,704 [INFO] src.history_tracker: Recorded acquisition-likelihood snapshot for 2026-08-26 (10 companies) -> data/history/acquisition_likelihood_history.csv (5 distinct days tracked so far)
2026-08-26 03:56:27,704 [INFO] __main__: === Pipeline completed successfully ===
2026-08-26 03:56:27,704 [INFO] __main__:   ingestion: {'total': 201, 'ok': 200}
2026-08-26 03:56:27,704 [INFO] __main__:   cleaning: {'retained': 191, 'input': 201}
2026-08-26 03:56:27,704 [INFO] __main__:   scoring: {'ranked': 191}
2026-08-26 03:56:27,704 [INFO] __main__:   comps_dupont: {'companies': 10}
2026-08-26 03:56:27,704 [INFO] __main__:   explainability: {'companies': 10}
2026-08-26 03:56:27,705 [INFO] __main__:   baseline_comparison: {'correlation': np.float64(0.4807090299829368), 'overlap_pct': 0.1}
2026-08-26 03:56:27,705 [INFO] __main__:   acquisition_likelihood: {'companies': 10}
2026-08-26 03:56:27,705 [INFO] __main__:   history_tracker: {'recorded': True}
