2026-07-27 06:30:34,449 [INFO] __main__: Logging to file: logs/pipeline_run_2026-07-27T06-30-34Z.log
2026-07-27 06:30:34,450 [INFO] __main__: === Stage 1/8: Ingestion ===
2026-07-27 06:30:34,479 [INFO] src.ingestion: [ACC.NS] fetching fresh data
2026-07-27 06:30:35,557 [INFO] src.ingestion: [AMBUJACEM.NS] fetching fresh data
2026-07-27 06:30:36,449 [INFO] src.ingestion: [ULTRACEMCO.NS] fetching fresh data
2026-07-27 06:30:37,523 [INFO] src.ingestion: [SHREECEM.NS] fetching fresh data
2026-07-27 06:30:38,397 [INFO] src.ingestion: [JKCEMENT.NS] fetching fresh data
2026-07-27 06:30:39,228 [INFO] src.ingestion: [RAMCOCEM.NS] fetching fresh data
2026-07-27 06:30:40,122 [INFO] src.ingestion: [HEIDELBERG.NS] fetching fresh data
2026-07-27 06:30:41,026 [INFO] src.ingestion: [DALBHARAT.NS] fetching fresh data
2026-07-27 06:30:41,995 [INFO] src.ingestion: [INFY.NS] fetching fresh data
2026-07-27 06:30:42,931 [INFO] src.ingestion: [TCS.NS] fetching fresh data
2026-07-27 06:30:43,778 [INFO] src.ingestion: [WIPRO.NS] fetching fresh data
2026-07-27 06:30:44,600 [INFO] src.ingestion: [HCLTECH.NS] fetching fresh data
2026-07-27 06:30:45,497 [INFO] src.ingestion: [TECHM.NS] fetching fresh data
2026-07-27 06:30:46,569 [INFO] src.ingestion: [LTIM.NS] fetching fresh data
2026-07-27 06:30:46,717 [ERROR] yfinance: HTTP Error 404: {"quoteSummary":{"result":null,"error":{"code":"Not Found","description":"Quote not found for symbol: LTIM.NS"}}}
2026-07-27 06:30:46,811 [WARNING] src.ingestion: [LTIM.NS] attempt 1 failed: yfinance returned an empty info payload for LTIM.NS (no exception, but no usable data — likely a transient Yahoo-side issue or an invalid/delisted symbol)
2026-07-27 06:30:48,955 [ERROR] yfinance: HTTP Error 404: {"quoteSummary":{"result":null,"error":{"code":"Not Found","description":"Quote not found for symbol: LTIM.NS"}}}
2026-07-27 06:30:48,991 [WARNING] src.ingestion: [LTIM.NS] attempt 2 failed: yfinance returned an empty info payload for LTIM.NS (no exception, but no usable data — likely a transient Yahoo-side issue or an invalid/delisted symbol)
2026-07-27 06:30:53,138 [ERROR] yfinance: HTTP Error 404: {"quoteSummary":{"result":null,"error":{"code":"Not Found","description":"Quote not found for symbol: LTIM.NS"}}}
2026-07-27 06:30:53,172 [WARNING] src.ingestion: [LTIM.NS] attempt 3 failed: yfinance returned an empty info payload for LTIM.NS (no exception, but no usable data — likely a transient Yahoo-side issue or an invalid/delisted symbol)
2026-07-27 06:30:53,573 [INFO] src.ingestion: [PERSISTENT.NS] fetching fresh data
2026-07-27 06:30:54,510 [INFO] src.ingestion: [COFORGE.NS] fetching fresh data
2026-07-27 06:30:55,510 [INFO] src.ingestion: [MPHASIS.NS] fetching fresh data
2026-07-27 06:30:56,446 [INFO] src.ingestion: [LTTS.NS] fetching fresh data
2026-07-27 06:30:57,306 [INFO] src.ingestion: [TATAELXSI.NS] fetching fresh data
2026-07-27 06:30:58,243 [INFO] src.ingestion: [CYIENT.NS] fetching fresh data
2026-07-27 06:30:59,068 [INFO] src.ingestion: [KPITTECH.NS] fetching fresh data
2026-07-27 06:31:00,008 [INFO] src.ingestion: [HDFCBANK.NS] fetching fresh data
2026-07-27 06:31:00,917 [INFO] src.ingestion: [ICICIBANK.NS] fetching fresh data
2026-07-27 06:31:01,747 [INFO] src.ingestion: [SBIN.NS] fetching fresh data
2026-07-27 06:31:02,634 [INFO] src.ingestion: [AXISBANK.NS] fetching fresh data
2026-07-27 06:31:03,408 [INFO] src.ingestion: [KOTAKBANK.NS] fetching fresh data
2026-07-27 06:31:04,210 [INFO] src.ingestion: [INDUSINDBK.NS] fetching fresh data
2026-07-27 06:31:05,165 [INFO] src.ingestion: [FEDERALBNK.NS] fetching fresh data
2026-07-27 06:31:06,011 [INFO] src.ingestion: [BANDHANBNK.NS] fetching fresh data
2026-07-27 06:31:06,822 [INFO] src.ingestion: [IDFCFIRSTB.NS] fetching fresh data
2026-07-27 06:31:07,652 [INFO] src.ingestion: [PNB.NS] fetching fresh data
2026-07-27 06:31:08,689 [INFO] src.ingestion: [BANKBARODA.NS] fetching fresh data
2026-07-27 06:31:09,549 [INFO] src.ingestion: [CANBK.NS] fetching fresh data
2026-07-27 06:31:10,307 [INFO] src.ingestion: [UNIONBANK.NS] fetching fresh data
2026-07-27 06:31:11,076 [INFO] src.ingestion: [AUBANK.NS] fetching fresh data
2026-07-27 06:31:12,155 [INFO] src.ingestion: [RBLBANK.NS] fetching fresh data
2026-07-27 06:31:12,898 [INFO] src.ingestion: [BANKINDIA.NS] fetching fresh data
2026-07-27 06:31:13,765 [INFO] src.ingestion: [CENTRALBK.NS] fetching fresh data
2026-07-27 06:31:14,592 [INFO] src.ingestion: [IOB.NS] fetching fresh data
2026-07-27 06:31:15,363 [INFO] src.ingestion: [UCOBANK.NS] fetching fresh data
2026-07-27 06:31:16,112 [INFO] src.ingestion: [BAJFINANCE.NS] fetching fresh data
2026-07-27 06:31:16,918 [INFO] src.ingestion: [BAJAJFINSV.NS] fetching fresh data
2026-07-27 06:31:17,841 [INFO] src.ingestion: [CHOLAFIN.NS] fetching fresh data
2026-07-27 06:31:18,700 [INFO] src.ingestion: [MUTHOOTFIN.NS] fetching fresh data
2026-07-27 06:31:19,568 [INFO] src.ingestion: [LICHSGFIN.NS] fetching fresh data
2026-07-27 06:31:20,551 [INFO] src.ingestion: [SHRIRAMFIN.NS] fetching fresh data
2026-07-27 06:31:21,408 [INFO] src.ingestion: [PFC.NS] fetching fresh data
2026-07-27 06:31:22,243 [INFO] src.ingestion: [RECLTD.NS] fetching fresh data
2026-07-27 06:31:23,098 [INFO] src.ingestion: [IRFC.NS] fetching fresh data
2026-07-27 06:31:23,972 [INFO] src.ingestion: [HUDCO.NS] fetching fresh data
2026-07-27 06:31:24,789 [INFO] src.ingestion: [BAJAJHLDNG.NS] fetching fresh data
2026-07-27 06:31:25,686 [INFO] src.ingestion: [SBICARD.NS] fetching fresh data
2026-07-27 06:31:26,494 [INFO] src.ingestion: [MANAPPURAM.NS] fetching fresh data
2026-07-27 06:31:27,412 [INFO] src.ingestion: [POONAWALLA.NS] fetching fresh data
2026-07-27 06:31:28,358 [INFO] src.ingestion: [HDFCLIFE.NS] fetching fresh data
2026-07-27 06:31:29,258 [INFO] src.ingestion: [SBILIFE.NS] fetching fresh data
2026-07-27 06:31:30,133 [INFO] src.ingestion: [ICICIPRULI.NS] fetching fresh data
2026-07-27 06:31:30,962 [INFO] src.ingestion: [ICICIGI.NS] fetching fresh data
2026-07-27 06:31:31,817 [INFO] src.ingestion: [LICI.NS] fetching fresh data
2026-07-27 06:31:32,602 [INFO] src.ingestion: [GICRE.NS] fetching fresh data
2026-07-27 06:31:33,491 [INFO] src.ingestion: [MARUTI.NS] fetching fresh data
2026-07-27 06:31:34,292 [INFO] src.ingestion: [TMPV.NS] fetching fresh data
2026-07-27 06:31:35,211 [INFO] src.ingestion: [TMCV.NS] fetching fresh data
2026-07-27 06:31:36,104 [INFO] src.ingestion: [M&M.NS] fetching fresh data
2026-07-27 06:31:36,930 [INFO] src.ingestion: [EICHERMOT.NS] fetching fresh data
2026-07-27 06:31:37,888 [INFO] src.ingestion: [HEROMOTOCO.NS] fetching fresh data
2026-07-27 06:31:38,782 [INFO] src.ingestion: [BAJAJ-AUTO.NS] fetching fresh data
2026-07-27 06:31:39,734 [INFO] src.ingestion: [TVSMOTOR.NS] fetching fresh data
2026-07-27 06:31:40,557 [INFO] src.ingestion: [ASHOKLEY.NS] fetching fresh data
2026-07-27 06:31:41,353 [INFO] src.ingestion: [BHARATFORG.NS] fetching fresh data
2026-07-27 06:31:42,161 [INFO] src.ingestion: [MOTHERSON.NS] fetching fresh data
2026-07-27 06:31:43,105 [INFO] src.ingestion: [BOSCHLTD.NS] fetching fresh data
2026-07-27 06:31:43,976 [INFO] src.ingestion: [MRF.NS] fetching fresh data
2026-07-27 06:31:44,922 [INFO] src.ingestion: [ENDURANCE.NS] fetching fresh data
2026-07-27 06:31:45,744 [INFO] src.ingestion: [EXIDEIND.NS] fetching fresh data
2026-07-27 06:31:46,700 [INFO] src.ingestion: [ARE&M.NS] fetching fresh data
2026-07-27 06:31:47,542 [INFO] src.ingestion: [SUNDRMFAST.NS] fetching fresh data
2026-07-27 06:31:48,369 [INFO] src.ingestion: [UNOMINDA.NS] fetching fresh data
2026-07-27 06:31:49,317 [INFO] src.ingestion: [SUNPHARMA.NS] fetching fresh data
2026-07-27 06:31:50,261 [INFO] src.ingestion: [DRREDDY.NS] fetching fresh data
2026-07-27 06:31:51,110 [INFO] src.ingestion: [CIPLA.NS] fetching fresh data
2026-07-27 06:31:51,990 [INFO] src.ingestion: [DIVISLAB.NS] fetching fresh data
2026-07-27 06:31:52,967 [INFO] src.ingestion: [LUPIN.NS] fetching fresh data
2026-07-27 06:31:53,788 [INFO] src.ingestion: [AUROPHARMA.NS] fetching fresh data
2026-07-27 06:31:54,653 [INFO] src.ingestion: [BIOCON.NS] fetching fresh data
2026-07-27 06:31:55,494 [INFO] src.ingestion: [TORNTPHARM.NS] fetching fresh data
2026-07-27 06:31:56,501 [INFO] src.ingestion: [ALKEM.NS] fetching fresh data
2026-07-27 06:31:57,446 [INFO] src.ingestion: [ABBOTINDIA.NS] fetching fresh data
2026-07-27 06:31:58,270 [INFO] src.ingestion: [APOLLOHOSP.NS] fetching fresh data
2026-07-27 06:31:59,254 [INFO] src.ingestion: [FORTIS.NS] fetching fresh data
2026-07-27 06:32:00,068 [INFO] src.ingestion: [LALPATHLAB.NS] fetching fresh data
2026-07-27 06:32:01,078 [INFO] src.ingestion: [METROPOLIS.NS] fetching fresh data
2026-07-27 06:32:01,901 [INFO] src.ingestion: [GLAND.NS] fetching fresh data
2026-07-27 06:32:02,824 [INFO] src.ingestion: [LAURUSLABS.NS] fetching fresh data
2026-07-27 06:32:03,689 [INFO] src.ingestion: [GLENMARK.NS] fetching fresh data
2026-07-27 06:32:04,654 [INFO] src.ingestion: [IPCALAB.NS] fetching fresh data
2026-07-27 06:32:05,606 [INFO] src.ingestion: [HINDUNILVR.NS] fetching fresh data
2026-07-27 06:32:06,505 [INFO] src.ingestion: [ITC.NS] fetching fresh data
2026-07-27 06:32:07,396 [INFO] src.ingestion: [NESTLEIND.NS] fetching fresh data
2026-07-27 06:32:08,250 [INFO] src.ingestion: [BRITANNIA.NS] fetching fresh data
2026-07-27 06:32:09,095 [INFO] src.ingestion: [DABUR.NS] fetching fresh data
2026-07-27 06:32:10,053 [INFO] src.ingestion: [GODREJCP.NS] fetching fresh data
2026-07-27 06:32:10,962 [INFO] src.ingestion: [MARICO.NS] fetching fresh data
2026-07-27 06:32:11,757 [INFO] src.ingestion: [COLPAL.NS] fetching fresh data
2026-07-27 06:32:12,695 [INFO] src.ingestion: [TATACONSUM.NS] fetching fresh data
2026-07-27 06:32:13,642 [INFO] src.ingestion: [VBL.NS] fetching fresh data
2026-07-27 06:32:14,565 [INFO] src.ingestion: [UNITDSPR.NS] fetching fresh data
2026-07-27 06:32:15,468 [INFO] src.ingestion: [EMAMILTD.NS] fetching fresh data
2026-07-27 06:32:16,395 [INFO] src.ingestion: [TATASTEEL.NS] fetching fresh data
2026-07-27 06:32:17,254 [INFO] src.ingestion: [JSWSTEEL.NS] fetching fresh data
2026-07-27 06:32:18,188 [INFO] src.ingestion: [HINDALCO.NS] fetching fresh data
2026-07-27 06:32:19,187 [INFO] src.ingestion: [VEDL.NS] fetching fresh data
2026-07-27 06:32:20,153 [INFO] src.ingestion: [COALINDIA.NS] fetching fresh data
2026-07-27 06:32:21,058 [INFO] src.ingestion: [NMDC.NS] fetching fresh data
2026-07-27 06:32:22,000 [INFO] src.ingestion: [SAIL.NS] fetching fresh data
2026-07-27 06:32:23,002 [INFO] src.ingestion: [JINDALSTEL.NS] fetching fresh data
2026-07-27 06:32:24,008 [INFO] src.ingestion: [APLAPOLLO.NS] fetching fresh data
2026-07-27 06:32:24,883 [INFO] src.ingestion: [NATIONALUM.NS] fetching fresh data
2026-07-27 06:32:25,761 [INFO] src.ingestion: [HINDCOPPER.NS] fetching fresh data
2026-07-27 06:32:26,716 [INFO] src.ingestion: [RATNAMANI.NS] fetching fresh data
2026-07-27 06:32:27,651 [INFO] src.ingestion: [HINDZINC.NS] fetching fresh data
2026-07-27 06:32:28,699 [INFO] src.ingestion: [WELCORP.NS] fetching fresh data
2026-07-27 06:32:29,691 [INFO] src.ingestion: [JSL.NS] fetching fresh data
2026-07-27 06:32:30,627 [INFO] src.ingestion: [RELIANCE.NS] fetching fresh data
2026-07-27 06:32:31,469 [INFO] src.ingestion: [ONGC.NS] fetching fresh data
2026-07-27 06:32:32,377 [INFO] src.ingestion: [BPCL.NS] fetching fresh data
2026-07-27 06:32:33,363 [INFO] src.ingestion: [IOC.NS] fetching fresh data
2026-07-27 06:32:34,287 [INFO] src.ingestion: [GAIL.NS] fetching fresh data
2026-07-27 06:32:35,136 [INFO] src.ingestion: [NTPC.NS] fetching fresh data
2026-07-27 06:32:36,013 [INFO] src.ingestion: [POWERGRID.NS] fetching fresh data
2026-07-27 06:32:36,979 [INFO] src.ingestion: [TATAPOWER.NS] fetching fresh data
2026-07-27 06:32:37,926 [INFO] src.ingestion: [ADANIGREEN.NS] fetching fresh data
2026-07-27 06:32:38,762 [INFO] src.ingestion: [ADANIPOWER.NS] fetching fresh data
2026-07-27 06:32:39,623 [INFO] src.ingestion: [TORNTPOWER.NS] fetching fresh data
2026-07-27 06:32:40,483 [INFO] src.ingestion: [LT.NS] fetching fresh data
2026-07-27 06:32:41,325 [INFO] src.ingestion: [SIEMENS.NS] fetching fresh data
2026-07-27 06:32:42,157 [INFO] src.ingestion: [ABB.NS] fetching fresh data
2026-07-27 06:32:43,113 [INFO] src.ingestion: [HAL.NS] fetching fresh data
2026-07-27 06:32:43,981 [INFO] src.ingestion: [BEL.NS] fetching fresh data
2026-07-27 06:32:44,859 [INFO] src.ingestion: [BHEL.NS] fetching fresh data
2026-07-27 06:32:45,764 [INFO] src.ingestion: [CUMMINSIND.NS] fetching fresh data
2026-07-27 06:32:46,585 [INFO] src.ingestion: [THERMAX.NS] fetching fresh data
2026-07-27 06:32:47,402 [INFO] src.ingestion: [POLYCAB.NS] fetching fresh data
2026-07-27 06:32:48,360 [INFO] src.ingestion: [KEI.NS] fetching fresh data
2026-07-27 06:32:49,290 [INFO] src.ingestion: [HAVELLS.NS] fetching fresh data
2026-07-27 06:32:50,256 [INFO] src.ingestion: [CROMPTON.NS] fetching fresh data
2026-07-27 06:32:51,134 [INFO] src.ingestion: [SUPREMEIND.NS] fetching fresh data
2026-07-27 06:32:52,002 [INFO] src.ingestion: [ASTRAL.NS] fetching fresh data
2026-07-27 06:32:52,836 [INFO] src.ingestion: [GRINDWELL.NS] fetching fresh data
2026-07-27 06:32:53,657 [INFO] src.ingestion: [CARBORUNIV.NS] fetching fresh data
2026-07-27 06:32:54,523 [INFO] src.ingestion: [TIMKEN.NS] fetching fresh data
2026-07-27 06:32:55,406 [INFO] src.ingestion: [SKFINDIA.NS] fetching fresh data
2026-07-27 06:32:56,183 [INFO] src.ingestion: [SRF.NS] fetching fresh data
2026-07-27 06:32:57,035 [INFO] src.ingestion: [PIIND.NS] fetching fresh data
2026-07-27 06:32:57,982 [INFO] src.ingestion: [DEEPAKNTR.NS] fetching fresh data
2026-07-27 06:32:58,925 [INFO] src.ingestion: [AARTIIND.NS] fetching fresh data
2026-07-27 06:32:59,927 [INFO] src.ingestion: [NAVINFLUOR.NS] fetching fresh data
2026-07-27 06:33:00,814 [INFO] src.ingestion: [UPL.NS] fetching fresh data
2026-07-27 06:33:01,767 [INFO] src.ingestion: [COROMANDEL.NS] fetching fresh data
2026-07-27 06:33:02,657 [INFO] src.ingestion: [CHAMBLFERT.NS] fetching fresh data
2026-07-27 06:33:03,547 [INFO] src.ingestion: [GNFC.NS] fetching fresh data
2026-07-27 06:33:04,374 [INFO] src.ingestion: [PIDILITIND.NS] fetching fresh data
2026-07-27 06:33:05,313 [INFO] src.ingestion: [TATACHEM.NS] fetching fresh data
2026-07-27 06:33:06,175 [INFO] src.ingestion: [GHCL.NS] fetching fresh data
2026-07-27 06:33:06,981 [INFO] src.ingestion: [TITAN.NS] fetching fresh data
2026-07-27 06:33:07,783 [INFO] src.ingestion: [DMART.NS] fetching fresh data
2026-07-27 06:33:08,723 [INFO] src.ingestion: [TRENT.NS] fetching fresh data
2026-07-27 06:33:09,612 [INFO] src.ingestion: [BATAINDIA.NS] fetching fresh data
2026-07-27 06:33:10,482 [INFO] src.ingestion: [PAGEIND.NS] fetching fresh data
2026-07-27 06:33:11,408 [INFO] src.ingestion: [JUBLFOOD.NS] fetching fresh data
2026-07-27 06:33:12,237 [INFO] src.ingestion: [VOLTAS.NS] fetching fresh data
2026-07-27 06:33:13,041 [INFO] src.ingestion: [DIXON.NS] fetching fresh data
2026-07-27 06:33:14,032 [INFO] src.ingestion: [RELAXO.NS] fetching fresh data
2026-07-27 06:33:14,867 [INFO] src.ingestion: [KAJARIACER.NS] fetching fresh data
2026-07-27 06:33:15,780 [INFO] src.ingestion: [WHIRLPOOL.NS] fetching fresh data
2026-07-27 06:33:16,726 [INFO] src.ingestion: [BLUESTARCO.NS] fetching fresh data
2026-07-27 06:33:17,522 [INFO] src.ingestion: [PGHH.NS] fetching fresh data
2026-07-27 06:33:18,366 [INFO] src.ingestion: [GILLETTE.NS] fetching fresh data
2026-07-27 06:33:19,224 [INFO] src.ingestion: [BHARTIARTL.NS] fetching fresh data
2026-07-27 06:33:20,212 [INFO] src.ingestion: [IDEA.NS] fetching fresh data
2026-07-27 06:33:21,011 [INFO] src.ingestion: [INDUSTOWER.NS] fetching fresh data
2026-07-27 06:33:21,915 [INFO] src.ingestion: [PVRINOX.NS] fetching fresh data
2026-07-27 06:33:22,825 [INFO] src.ingestion: [ZEEL.NS] fetching fresh data
2026-07-27 06:33:23,820 [INFO] src.ingestion: [ADANIPORTS.NS] fetching fresh data
2026-07-27 06:33:24,686 [INFO] src.ingestion: [ADANIENT.NS] fetching fresh data
2026-07-27 06:33:25,666 [INFO] src.ingestion: [GMRAIRPORT.NS] fetching fresh data
2026-07-27 06:33:26,498 [INFO] src.ingestion: [CONCOR.NS] fetching fresh data
2026-07-27 06:33:27,339 [INFO] src.ingestion: [IRCTC.NS] fetching fresh data
2026-07-27 06:33:28,149 [INFO] src.ingestion: [INDIGO.NS] fetching fresh data
2026-07-27 06:33:29,114 [INFO] src.ingestion: [RVNL.NS] fetching fresh data
2026-07-27 06:33:30,015 [INFO] src.ingestion: [IRCON.NS] fetching fresh data
2026-07-27 06:33:30,911 [INFO] src.ingestion: [NBCC.NS] fetching fresh data
2026-07-27 06:33:31,758 [INFO] src.ingestion: [NCC.NS] fetching fresh data
2026-07-27 06:33:32,581 [INFO] src.ingestion: [MAZDOCK.NS] fetching fresh data
2026-07-27 06:33:33,419 [INFO] src.ingestion: [COCHINSHIP.NS] fetching fresh data
2026-07-27 06:33:34,294 [INFO] src.ingestion: [DLF.NS] fetching fresh data
2026-07-27 06:33:35,056 [INFO] src.ingestion: [GODREJPROP.NS] fetching fresh data
2026-07-27 06:33:35,940 [INFO] src.ingestion: [OBEROIRLTY.NS] fetching fresh data
2026-07-27 06:33:36,814 [INFO] src.ingestion: [PRESTIGE.NS] fetching fresh data
2026-07-27 06:33:37,801 [INFO] src.ingestion: [PHOENIXLTD.NS] fetching fresh data
2026-07-27 06:33:38,604 [INFO] src.ingestion: [SOBHA.NS] fetching fresh data
2026-07-27 06:33:39,538 [INFO] src.ingestion: Fetched 200/201 tickers successfully
2026-07-27 06:33:39,539 [WARNING] src.ingestion: Failed tickers (excluded from downstream, not silently zeroed): ['LTIM.NS']
2026-07-27 06:33:39,539 [INFO] __main__: Ingestion validation passed: 200/201 tickers (100%)
2026-07-27 06:33:39,539 [INFO] __main__: === Stage 2/8: Cleaning ===
2026-07-27 06:33:39,546 [WARNING] src.cleaning: [CROMPTON.NS] EXCLUDED: missing critical fields: ['trailing_pe']
2026-07-27 06:33:39,546 [WARNING] src.cleaning: [INDIGO.NS] EXCLUDED: missing critical fields: ['trailing_pe']
2026-07-27 06:33:39,547 [WARNING] src.cleaning: [LTIM.NS] EXCLUDED: ingestion failed: yfinance returned an empty info payload for LTIM.NS (no exception, but no usable data — likely a transient Yahoo-side issue or an invalid/delisted symbol)
2026-07-27 06:33:39,547 [WARNING] src.cleaning: [TATACHEM.NS] EXCLUDED: missing critical fields: ['trailing_pe']
2026-07-27 06:33:39,547 [WARNING] src.cleaning: [TMPV.NS] EXCLUDED: missing critical fields: ['trailing_pe']
2026-07-27 06:33:39,547 [INFO] src.cleaning: [ABB.NS] non-critical missing fields: ['return_on_equity']
2026-07-27 06:33:39,547 [INFO] src.cleaning: [ACC.NS] non-critical missing fields: ['return_on_equity']
2026-07-27 06:33:39,547 [INFO] src.cleaning: [ADANIGREEN.NS] non-critical missing fields: ['return_on_equity']
2026-07-27 06:33:39,547 [INFO] src.cleaning: [ADANIPOWER.NS] non-critical missing fields: ['return_on_equity']
2026-07-27 06:33:39,547 [INFO] src.cleaning: [AUBANK.NS] non-critical missing fields: ['ev_to_ebitda', 'return_on_equity', 'debt_to_equity']
2026-07-27 06:33:39,547 [INFO] src.cleaning: [AXISBANK.NS] non-critical missing fields: ['ev_to_ebitda', 'debt_to_equity']
2026-07-27 06:33:39,547 [INFO] src.cleaning: [BAJAJ-AUTO.NS] non-critical missing fields: ['return_on_equity']
2026-07-27 06:33:39,548 [WARNING] src.cleaning: [BAJAJHLDNG.NS] outlier values flagged: ['net_margin']
2026-07-27 06:33:39,548 [INFO] src.cleaning: [BAJFINANCE.NS] non-critical missing fields: ['ev_to_ebitda']
2026-07-27 06:33:39,548 [INFO] src.cleaning: [BANDHANBNK.NS] non-critical missing fields: ['ev_to_ebitda', 'return_on_equity', 'debt_to_equity']
2026-07-27 06:33:39,548 [INFO] src.cleaning: [BANKBARODA.NS] non-critical missing fields: ['ev_to_ebitda', 'debt_to_equity']
2026-07-27 06:33:39,548 [INFO] src.cleaning: [BANKINDIA.NS] non-critical missing fields: ['ev_to_ebitda', 'debt_to_equity']
2026-07-27 06:33:39,548 [INFO] src.cleaning: [BHEL.NS] non-critical missing fields: ['return_on_equity']
2026-07-27 06:33:39,548 [INFO] src.cleaning: [BPCL.NS] non-critical missing fields: ['return_on_equity']
2026-07-27 06:33:39,548 [INFO] src.cleaning: [CANBK.NS] non-critical missing fields: ['ev_to_ebitda', 'debt_to_equity']
2026-07-27 06:33:39,548 [INFO] src.cleaning: [CENTRALBK.NS] non-critical missing fields: ['ev_to_ebitda', 'debt_to_equity']
2026-07-27 06:33:39,548 [INFO] src.cleaning: [CHOLAFIN.NS] non-critical missing fields: ['ev_to_ebitda']
2026-07-27 06:33:39,548 [INFO] src.cleaning: [CIPLA.NS] non-critical missing fields: ['return_on_equity']
2026-07-27 06:33:39,548 [INFO] src.cleaning: [CONCOR.NS] non-critical missing fields: ['return_on_equity']
2026-07-27 06:33:39,548 [INFO] src.cleaning: [COROMANDEL.NS] non-critical missing fields: ['return_on_equity']
2026-07-27 06:33:39,548 [INFO] src.cleaning: [CYIENT.NS] non-critical missing fields: ['return_on_equity']
2026-07-27 06:33:39,548 [INFO] src.cleaning: [DALBHARAT.NS] non-critical missing fields: ['return_on_equity']
2026-07-27 06:33:39,548 [INFO] src.cleaning: [DMART.NS] non-critical missing fields: ['return_on_equity']
2026-07-27 06:33:39,548 [INFO] src.cleaning: [FEDERALBNK.NS] non-critical missing fields: ['ev_to_ebitda', 'return_on_equity', 'debt_to_equity']
2026-07-27 06:33:39,548 [INFO] src.cleaning: [GICRE.NS] non-critical missing fields: ['debt_to_equity']
2026-07-27 06:33:39,548 [WARNING] src.cleaning: [GMRAIRPORT.NS] outlier values flagged: ['trailing_pe']
2026-07-27 06:33:39,548 [WARNING] src.cleaning: [GMRAIRPORT.NS] negative/zero equity — DuPont ROE math will be invalid downstream
2026-07-27 06:33:39,548 [INFO] src.cleaning: [GMRAIRPORT.NS] non-critical missing fields: ['return_on_equity', 'debt_to_equity']
2026-07-27 06:33:39,548 [INFO] src.cleaning: [GRINDWELL.NS] non-critical missing fields: ['return_on_equity']
2026-07-27 06:33:39,548 [INFO] src.cleaning: [HAVELLS.NS] non-critical missing fields: ['return_on_equity']
2026-07-27 06:33:39,548 [WARNING] src.cleaning: [HCLTECH.NS] outlier values flagged: ['ev_to_ebitda']
2026-07-27 06:33:39,548 [INFO] src.cleaning: [HDFCBANK.NS] non-critical missing fields: ['ev_to_ebitda', 'debt_to_equity']
2026-07-27 06:33:39,548 [INFO] src.cleaning: [HINDZINC.NS] non-critical missing fields: ['return_on_equity']
2026-07-27 06:33:39,548 [INFO] src.cleaning: [HUDCO.NS] non-critical missing fields: ['ev_to_ebitda']
2026-07-27 06:33:39,548 [INFO] src.cleaning: [ICICIBANK.NS] non-critical missing fields: ['ev_to_ebitda', 'debt_to_equity']
2026-07-27 06:33:39,548 [INFO] src.cleaning: [ICICIGI.NS] non-critical missing fields: ['debt_to_equity']
2026-07-27 06:33:39,548 [WARNING] src.cleaning: [IDEA.NS] negative/zero equity — DuPont ROE math will be invalid downstream
2026-07-27 06:33:39,548 [INFO] src.cleaning: [IDEA.NS] non-critical missing fields: ['return_on_equity', 'debt_to_equity']
2026-07-27 06:33:39,548 [INFO] src.cleaning: [IDFCFIRSTB.NS] non-critical missing fields: ['ev_to_ebitda', 'return_on_equity', 'debt_to_equity', 'total_debt']
2026-07-27 06:33:39,548 [INFO] src.cleaning: [INDUSINDBK.NS] non-critical missing fields: ['ev_to_ebitda', 'return_on_equity', 'debt_to_equity']
2026-07-27 06:33:39,548 [WARNING] src.cleaning: [INFY.NS] outlier values flagged: ['ev_to_ebitda']
2026-07-27 06:33:39,548 [INFO] src.cleaning: [IOB.NS] non-critical missing fields: ['ev_to_ebitda', 'debt_to_equity']
2026-07-27 06:33:39,548 [INFO] src.cleaning: [IRFC.NS] non-critical missing fields: ['ev_to_ebitda']
2026-07-27 06:33:39,548 [INFO] src.cleaning: [JINDALSTEL.NS] non-critical missing fields: ['return_on_equity']
2026-07-27 06:33:39,548 [INFO] src.cleaning: [JKCEMENT.NS] non-critical missing fields: ['return_on_equity']
2026-07-27 06:33:39,548 [INFO] src.cleaning: [JSWSTEEL.NS] non-critical missing fields: ['return_on_equity']
2026-07-27 06:33:39,548 [INFO] src.cleaning: [KOTAKBANK.NS] non-critical missing fields: ['ev_to_ebitda', 'return_on_equity', 'debt_to_equity']
2026-07-27 06:33:39,549 [INFO] src.cleaning: [LALPATHLAB.NS] non-critical missing fields: ['return_on_equity']
2026-07-27 06:33:39,549 [INFO] src.cleaning: [LAURUSLABS.NS] non-critical missing fields: ['return_on_equity']
2026-07-27 06:33:39,549 [INFO] src.cleaning: [LICHSGFIN.NS] non-critical missing fields: ['ev_to_ebitda']
2026-07-27 06:33:39,549 [INFO] src.cleaning: [LTTS.NS] non-critical missing fields: ['return_on_equity']
2026-07-27 06:33:39,549 [INFO] src.cleaning: [MANAPPURAM.NS] non-critical missing fields: ['ev_to_ebitda']
2026-07-27 06:33:39,549 [INFO] src.cleaning: [MUTHOOTFIN.NS] non-critical missing fields: ['ev_to_ebitda']
2026-07-27 06:33:39,549 [INFO] src.cleaning: [NESTLEIND.NS] non-critical missing fields: ['return_on_equity']
2026-07-27 06:33:39,549 [INFO] src.cleaning: [NTPC.NS] non-critical missing fields: ['return_on_equity']
2026-07-27 06:33:39,549 [INFO] src.cleaning: [OBEROIRLTY.NS] non-critical missing fields: ['return_on_equity']
2026-07-27 06:33:39,549 [INFO] src.cleaning: [PFC.NS] non-critical missing fields: ['ev_to_ebitda']
2026-07-27 06:33:39,549 [INFO] src.cleaning: [PNB.NS] non-critical missing fields: ['ev_to_ebitda', 'debt_to_equity']
2026-07-27 06:33:39,549 [INFO] src.cleaning: [POONAWALLA.NS] non-critical missing fields: ['ev_to_ebitda', 'return_on_equity']
2026-07-27 06:33:39,549 [INFO] src.cleaning: [PVRINOX.NS] non-critical missing fields: ['return_on_equity']
2026-07-27 06:33:39,549 [INFO] src.cleaning: [RBLBANK.NS] non-critical missing fields: ['ev_to_ebitda', 'return_on_equity', 'debt_to_equity']
2026-07-27 06:33:39,549 [INFO] src.cleaning: [RECLTD.NS] non-critical missing fields: ['ev_to_ebitda', 'return_on_equity']
2026-07-27 06:33:39,549 [INFO] src.cleaning: [RELIANCE.NS] non-critical missing fields: ['return_on_equity']
2026-07-27 06:33:39,549 [INFO] src.cleaning: [SAIL.NS] non-critical missing fields: ['return_on_equity']
2026-07-27 06:33:39,549 [INFO] src.cleaning: [SBICARD.NS] non-critical missing fields: ['ev_to_ebitda', 'return_on_equity']
2026-07-27 06:33:39,549 [INFO] src.cleaning: [SBILIFE.NS] non-critical missing fields: ['debt_to_equity']
2026-07-27 06:33:39,549 [INFO] src.cleaning: [SBIN.NS] non-critical missing fields: ['ev_to_ebitda', 'debt_to_equity']
2026-07-27 06:33:39,549 [INFO] src.cleaning: [SHREECEM.NS] non-critical missing fields: ['return_on_equity']
2026-07-27 06:33:39,549 [INFO] src.cleaning: [SHRIRAMFIN.NS] non-critical missing fields: ['ev_to_ebitda']
2026-07-27 06:33:39,549 [INFO] src.cleaning: [SIEMENS.NS] non-critical missing fields: ['return_on_equity']
2026-07-27 06:33:39,549 [INFO] src.cleaning: [SOBHA.NS] non-critical missing fields: ['return_on_equity']
2026-07-27 06:33:39,549 [INFO] src.cleaning: [SRF.NS] non-critical missing fields: ['return_on_equity']
2026-07-27 06:33:39,549 [INFO] src.cleaning: [TATACONSUM.NS] non-critical missing fields: ['return_on_equity']
2026-07-27 06:33:39,549 [INFO] src.cleaning: [TATAELXSI.NS] non-critical missing fields: ['return_on_equity']
2026-07-27 06:33:39,549 [INFO] src.cleaning: [TECHM.NS] non-critical missing fields: ['return_on_equity']
2026-07-27 06:33:39,549 [INFO] src.cleaning: [TVSMOTOR.NS] non-critical missing fields: ['return_on_equity']
2026-07-27 06:33:39,549 [INFO] src.cleaning: [UCOBANK.NS] non-critical missing fields: ['ev_to_ebitda', 'debt_to_equity']
2026-07-27 06:33:39,549 [INFO] src.cleaning: [ULTRACEMCO.NS] non-critical missing fields: ['return_on_equity']
2026-07-27 06:33:39,549 [INFO] src.cleaning: [UNIONBANK.NS] non-critical missing fields: ['ev_to_ebitda', 'debt_to_equity', 'revenue_growth', 'total_debt']
2026-07-27 06:33:39,549 [INFO] src.cleaning: [UNITDSPR.NS] non-critical missing fields: ['return_on_equity']
2026-07-27 06:33:39,549 [INFO] src.cleaning: [VBL.NS] non-critical missing fields: ['return_on_equity']
2026-07-27 06:33:39,549 [INFO] src.cleaning: [WELCORP.NS] non-critical missing fields: ['return_on_equity']
2026-07-27 06:33:39,559 [INFO] src.cleaning: Cleaned 196/201 tickers -> data/processed/cleaned_universe.csv
2026-07-27 06:33:39,559 [INFO] src.cleaning: Full flag audit trail -> data/processed/cleaning_flags.csv
2026-07-27 06:33:39,559 [INFO] __main__: Cleaning validation passed: 196/201 tickers retained (98%)
2026-07-27 06:33:39,560 [INFO] __main__: === Stage 3/8: Scoring ===
2026-07-27 06:33:39,614 [INFO] src.scoring: Scored 196 companies -> data/processed/scored_universe.csv
2026-07-27 06:33:39,614 [INFO] src.scoring: Top 10 shortlist -> data/processed/shortlist_top_n.csv
2026-07-27 06:33:39,615 [WARNING] src.scoring: 24 companies scored on fewer than all 4 buckets (reweighted, not zero-filled) — see 'buckets_used' column: ['UNIONBANK.NS', 'IOB.NS', 'PNB.NS', 'IDEA.NS', 'CANBK.NS', 'BANKINDIA.NS', 'ICICIGI.NS', 'GICRE.NS', 'BANKBARODA.NS', 'FEDERALBNK.NS', 'AXISBANK.NS', 'UCOBANK.NS', 'KOTAKBANK.NS', 'ICICIBANK.NS', 'SBIN.NS', 'CENTRALBK.NS', 'HDFCBANK.NS', 'SBILIFE.NS', 'GMRAIRPORT.NS', 'IDFCFIRSTB.NS', 'BANDHANBNK.NS', 'AUBANK.NS', 'RBLBANK.NS', 'INDUSINDBK.NS']
2026-07-27 06:33:39,617 [INFO] __main__: Scoring validation passed: 196 companies ranked, all scores in valid range
2026-07-27 06:33:39,617 [INFO] __main__: === Stage 4/8: Comps + DuPont ===
2026-07-27 06:33:39,627 [INFO] src.comps_dupont: Comps + DuPont report for top 10 -> data/processed/comps_dupont_report.csv
2026-07-27 06:33:39,628 [WARNING] src.comps_dupont: 2 companies have a DuPont-implied ROE that diverges >5pp from reported ROE (possible data inconsistency, worth a manual check): ['IOB.NS', 'GILLETTE.NS']
2026-07-27 06:33:39,628 [INFO] __main__: === Stage 5/8: Explainability ===
2026-07-27 06:33:39,661 [INFO] src.explainability: Explanations for top 10 companies -> data/processed/explanations.csv
2026-07-27 06:33:39,662 [INFO] __main__: === Stage 6/8: Baseline Comparison ===
2026-07-27 06:33:39,668 [INFO] src.baseline_comparison: Baseline comparison -> data/processed/baseline_comparison.csv
2026-07-27 06:33:39,669 [INFO] __main__: === Stage 7/8: Acquisition Likelihood ===
2026-07-27 06:33:39,672 [INFO] src.acquisition_likelihood: 2 companies excluded from acquisition-likelihood scoring (negative/zero equity — financial distress, not a value-target thesis): ['IDEA.NS', 'GMRAIRPORT.NS']
2026-07-27 06:33:39,682 [INFO] src.acquisition_likelihood: Acquisition likelihood scoring -> data/processed/acquisition_likelihood.csv
2026-07-27 06:33:39,683 [INFO] __main__: === Stage 8/8: Historical Snapshot ===
2026-07-27 06:33:39,687 [INFO] src.history_tracker: Recorded shortlist snapshot for 2026-07-27 (10 companies) -> data/history/shortlist_history.csv (1 distinct days tracked so far)
2026-07-27 06:33:39,691 [INFO] src.history_tracker: Recorded acquisition-likelihood snapshot for 2026-07-27 (10 companies) -> data/history/acquisition_likelihood_history.csv (1 distinct days tracked so far)
2026-07-27 06:33:39,691 [INFO] __main__: === Pipeline completed successfully ===
2026-07-27 06:33:39,691 [INFO] __main__:   ingestion: {'total': 201, 'ok': 200}
2026-07-27 06:33:39,691 [INFO] __main__:   cleaning: {'retained': 196, 'input': 201}
2026-07-27 06:33:39,691 [INFO] __main__:   scoring: {'ranked': 196}
2026-07-27 06:33:39,691 [INFO] __main__:   comps_dupont: {'companies': 10}
2026-07-27 06:33:39,691 [INFO] __main__:   explainability: {'companies': 10}
2026-07-27 06:33:39,691 [INFO] __main__:   baseline_comparison: {'correlation': np.float64(0.45490042951971893), 'overlap_pct': 0.2}
2026-07-27 06:33:39,691 [INFO] __main__:   acquisition_likelihood: {'companies': 10}
2026-07-27 06:33:39,691 [INFO] __main__:   history_tracker: {'recorded': True}
