2026-09-20 08:19:04,143 [INFO] __main__: Logging to file: logs/pipeline_run_2026-09-20T08-19-04Z.log
2026-09-20 08:19:04,144 [INFO] __main__: === Stage 1/8: Ingestion ===
2026-09-20 08:19:04,175 [INFO] src.ingestion: [ACC.NS] fetching fresh data
2026-09-20 08:19:05,212 [INFO] src.ingestion: [AMBUJACEM.NS] fetching fresh data
2026-09-20 08:19:06,036 [INFO] src.ingestion: [ULTRACEMCO.NS] fetching fresh data
2026-09-20 08:19:06,998 [INFO] src.ingestion: [SHREECEM.NS] fetching fresh data
2026-09-20 08:19:08,009 [INFO] src.ingestion: [JKCEMENT.NS] fetching fresh data
2026-09-20 08:19:08,942 [INFO] src.ingestion: [RAMCOCEM.NS] fetching fresh data
2026-09-20 08:19:09,760 [INFO] src.ingestion: [HEIDELBERG.NS] fetching fresh data
2026-09-20 08:19:10,675 [INFO] src.ingestion: [DALBHARAT.NS] fetching fresh data
2026-09-20 08:19:11,576 [INFO] src.ingestion: [INFY.NS] fetching fresh data
2026-09-20 08:19:12,616 [INFO] src.ingestion: [TCS.NS] fetching fresh data
2026-09-20 08:19:13,507 [INFO] src.ingestion: [WIPRO.NS] fetching fresh data
2026-09-20 08:19:14,474 [INFO] src.ingestion: [HCLTECH.NS] fetching fresh data
2026-09-20 08:19:15,379 [INFO] src.ingestion: [TECHM.NS] fetching fresh data
2026-09-20 08:19:16,365 [INFO] src.ingestion: [LTIM.NS] fetching fresh data
2026-09-20 08:19:16,536 [ERROR] yfinance: HTTP Error 404: {"quoteSummary":{"result":null,"error":{"code":"Not Found","description":"Quote not found for symbol: LTIM.NS"}}}
2026-09-20 08:19:16,624 [WARNING] src.ingestion: [LTIM.NS] attempt 1 failed: yfinance returned an empty info payload for LTIM.NS (no exception, but no usable data — likely a transient Yahoo-side issue or an invalid/delisted symbol)
2026-09-20 08:19:18,756 [ERROR] yfinance: HTTP Error 404: {"quoteSummary":{"result":null,"error":{"code":"Not Found","description":"Quote not found for symbol: LTIM.NS"}}}
2026-09-20 08:19:18,801 [WARNING] src.ingestion: [LTIM.NS] attempt 2 failed: yfinance returned an empty info payload for LTIM.NS (no exception, but no usable data — likely a transient Yahoo-side issue or an invalid/delisted symbol)
2026-09-20 08:19:22,934 [ERROR] yfinance: HTTP Error 404: {"quoteSummary":{"result":null,"error":{"code":"Not Found","description":"Quote not found for symbol: LTIM.NS"}}}
2026-09-20 08:19:22,979 [WARNING] src.ingestion: [LTIM.NS] attempt 3 failed: yfinance returned an empty info payload for LTIM.NS (no exception, but no usable data — likely a transient Yahoo-side issue or an invalid/delisted symbol)
2026-09-20 08:19:23,380 [INFO] src.ingestion: [PERSISTENT.NS] fetching fresh data
2026-09-20 08:19:24,347 [INFO] src.ingestion: [COFORGE.NS] fetching fresh data
2026-09-20 08:19:25,294 [INFO] src.ingestion: [MPHASIS.NS] fetching fresh data
2026-09-20 08:19:26,267 [INFO] src.ingestion: [LTTS.NS] fetching fresh data
2026-09-20 08:19:27,149 [INFO] src.ingestion: [TATAELXSI.NS] fetching fresh data
2026-09-20 08:19:27,969 [INFO] src.ingestion: [CYIENT.NS] fetching fresh data
2026-09-20 08:19:28,847 [INFO] src.ingestion: [KPITTECH.NS] fetching fresh data
2026-09-20 08:19:29,826 [INFO] src.ingestion: [HDFCBANK.NS] fetching fresh data
2026-09-20 08:19:30,701 [INFO] src.ingestion: [ICICIBANK.NS] fetching fresh data
2026-09-20 08:19:31,555 [INFO] src.ingestion: [SBIN.NS] fetching fresh data
2026-09-20 08:19:32,418 [INFO] src.ingestion: [AXISBANK.NS] fetching fresh data
2026-09-20 08:19:33,382 [INFO] src.ingestion: [KOTAKBANK.NS] fetching fresh data
2026-09-20 08:19:34,267 [INFO] src.ingestion: [INDUSINDBK.NS] fetching fresh data
2026-09-20 08:19:35,075 [INFO] src.ingestion: [FEDERALBNK.NS] fetching fresh data
2026-09-20 08:19:35,879 [INFO] src.ingestion: [BANDHANBNK.NS] fetching fresh data
2026-09-20 08:19:36,715 [INFO] src.ingestion: [IDFCFIRSTB.NS] fetching fresh data
2026-09-20 08:19:37,676 [INFO] src.ingestion: [PNB.NS] fetching fresh data
2026-09-20 08:19:38,507 [INFO] src.ingestion: [BANKBARODA.NS] fetching fresh data
2026-09-20 08:19:39,365 [INFO] src.ingestion: [CANBK.NS] fetching fresh data
2026-09-20 08:19:40,124 [INFO] src.ingestion: [UNIONBANK.NS] fetching fresh data
2026-09-20 08:19:40,902 [INFO] src.ingestion: [AUBANK.NS] fetching fresh data
2026-09-20 08:19:41,672 [INFO] src.ingestion: [RBLBANK.NS] fetching fresh data
2026-09-20 08:19:42,523 [INFO] src.ingestion: [BANKINDIA.NS] fetching fresh data
2026-09-20 08:19:43,257 [INFO] src.ingestion: [CENTRALBK.NS] fetching fresh data
2026-09-20 08:19:44,141 [INFO] src.ingestion: [IOB.NS] fetching fresh data
2026-09-20 08:19:44,923 [INFO] src.ingestion: [UCOBANK.NS] fetching fresh data
2026-09-20 08:19:45,801 [INFO] src.ingestion: [BAJFINANCE.NS] fetching fresh data
2026-09-20 08:19:46,716 [INFO] src.ingestion: [BAJAJFINSV.NS] fetching fresh data
2026-09-20 08:19:47,582 [INFO] src.ingestion: [CHOLAFIN.NS] fetching fresh data
2026-09-20 08:19:48,542 [INFO] src.ingestion: [MUTHOOTFIN.NS] fetching fresh data
2026-09-20 08:19:49,425 [INFO] src.ingestion: [LICHSGFIN.NS] fetching fresh data
2026-09-20 08:19:50,271 [INFO] src.ingestion: [SHRIRAMFIN.NS] fetching fresh data
2026-09-20 08:19:51,077 [INFO] src.ingestion: [PFC.NS] fetching fresh data
2026-09-20 08:19:51,878 [INFO] src.ingestion: [RECLTD.NS] fetching fresh data
2026-09-20 08:19:52,698 [INFO] src.ingestion: [IRFC.NS] fetching fresh data
2026-09-20 08:19:53,650 [INFO] src.ingestion: [HUDCO.NS] fetching fresh data
2026-09-20 08:19:54,520 [INFO] src.ingestion: [BAJAJHLDNG.NS] fetching fresh data
2026-09-20 08:19:55,377 [INFO] src.ingestion: [SBICARD.NS] fetching fresh data
2026-09-20 08:19:56,203 [INFO] src.ingestion: [MANAPPURAM.NS] fetching fresh data
2026-09-20 08:19:57,000 [INFO] src.ingestion: [POONAWALLA.NS] fetching fresh data
2026-09-20 08:19:57,839 [INFO] src.ingestion: [HDFCLIFE.NS] fetching fresh data
2026-09-20 08:19:58,614 [INFO] src.ingestion: [SBILIFE.NS] fetching fresh data
2026-09-20 08:19:59,419 [INFO] src.ingestion: [ICICIPRULI.NS] fetching fresh data
2026-09-20 08:20:00,193 [INFO] src.ingestion: [ICICIGI.NS] fetching fresh data
2026-09-20 08:20:01,123 [INFO] src.ingestion: [LICI.NS] fetching fresh data
2026-09-20 08:20:02,011 [INFO] src.ingestion: [GICRE.NS] fetching fresh data
2026-09-20 08:20:02,955 [INFO] src.ingestion: [MARUTI.NS] fetching fresh data
2026-09-20 08:20:03,880 [INFO] src.ingestion: [TMPV.NS] fetching fresh data
2026-09-20 08:20:04,918 [INFO] src.ingestion: [TMCV.NS] fetching fresh data
2026-09-20 08:20:05,809 [INFO] src.ingestion: [M&M.NS] fetching fresh data
2026-09-20 08:20:06,780 [INFO] src.ingestion: [EICHERMOT.NS] fetching fresh data
2026-09-20 08:20:07,809 [INFO] src.ingestion: [HEROMOTOCO.NS] fetching fresh data
2026-09-20 08:20:08,734 [INFO] src.ingestion: [BAJAJ-AUTO.NS] fetching fresh data
2026-09-20 08:20:09,708 [INFO] src.ingestion: [TVSMOTOR.NS] fetching fresh data
2026-09-20 08:20:10,792 [INFO] src.ingestion: [ASHOKLEY.NS] fetching fresh data
2026-09-20 08:20:11,726 [INFO] src.ingestion: [BHARATFORG.NS] fetching fresh data
2026-09-20 08:20:12,528 [INFO] src.ingestion: [MOTHERSON.NS] fetching fresh data
2026-09-20 08:20:13,482 [INFO] src.ingestion: [BOSCHLTD.NS] fetching fresh data
2026-09-20 08:20:14,323 [INFO] src.ingestion: [MRF.NS] fetching fresh data
2026-09-20 08:20:15,228 [INFO] src.ingestion: [ENDURANCE.NS] fetching fresh data
2026-09-20 08:20:16,184 [INFO] src.ingestion: [EXIDEIND.NS] fetching fresh data
2026-09-20 08:20:17,135 [INFO] src.ingestion: [ARE&M.NS] fetching fresh data
2026-09-20 08:20:17,940 [INFO] src.ingestion: [SUNDRMFAST.NS] fetching fresh data
2026-09-20 08:20:18,966 [INFO] src.ingestion: [UNOMINDA.NS] fetching fresh data
2026-09-20 08:20:19,746 [INFO] src.ingestion: [SUNPHARMA.NS] fetching fresh data
2026-09-20 08:20:20,718 [INFO] src.ingestion: [DRREDDY.NS] fetching fresh data
2026-09-20 08:20:21,600 [INFO] src.ingestion: [CIPLA.NS] fetching fresh data
2026-09-20 08:20:22,477 [INFO] src.ingestion: [DIVISLAB.NS] fetching fresh data
2026-09-20 08:20:23,471 [INFO] src.ingestion: [LUPIN.NS] fetching fresh data
2026-09-20 08:20:24,256 [INFO] src.ingestion: [AUROPHARMA.NS] fetching fresh data
2026-09-20 08:20:25,157 [INFO] src.ingestion: [BIOCON.NS] fetching fresh data
2026-09-20 08:20:26,074 [INFO] src.ingestion: [TORNTPHARM.NS] fetching fresh data
2026-09-20 08:20:27,093 [INFO] src.ingestion: [ALKEM.NS] fetching fresh data
2026-09-20 08:20:27,893 [INFO] src.ingestion: [ABBOTINDIA.NS] fetching fresh data
2026-09-20 08:20:28,857 [INFO] src.ingestion: [APOLLOHOSP.NS] fetching fresh data
2026-09-20 08:20:29,663 [INFO] src.ingestion: [FORTIS.NS] fetching fresh data
2026-09-20 08:20:30,579 [INFO] src.ingestion: [LALPATHLAB.NS] fetching fresh data
2026-09-20 08:20:31,490 [INFO] src.ingestion: [METROPOLIS.NS] fetching fresh data
2026-09-20 08:20:32,401 [INFO] src.ingestion: [GLAND.NS] fetching fresh data
2026-09-20 08:20:33,261 [INFO] src.ingestion: [LAURUSLABS.NS] fetching fresh data
2026-09-20 08:20:34,175 [INFO] src.ingestion: [GLENMARK.NS] fetching fresh data
2026-09-20 08:20:35,059 [INFO] src.ingestion: [IPCALAB.NS] fetching fresh data
2026-09-20 08:20:36,124 [INFO] src.ingestion: [HINDUNILVR.NS] fetching fresh data
2026-09-20 08:20:37,004 [INFO] src.ingestion: [ITC.NS] fetching fresh data
2026-09-20 08:20:37,838 [INFO] src.ingestion: [NESTLEIND.NS] fetching fresh data
2026-09-20 08:20:38,737 [INFO] src.ingestion: [BRITANNIA.NS] fetching fresh data
2026-09-20 08:20:39,628 [INFO] src.ingestion: [DABUR.NS] fetching fresh data
2026-09-20 08:20:40,578 [INFO] src.ingestion: [GODREJCP.NS] fetching fresh data
2026-09-20 08:20:41,544 [INFO] src.ingestion: [MARICO.NS] fetching fresh data
2026-09-20 08:20:42,405 [INFO] src.ingestion: [COLPAL.NS] fetching fresh data
2026-09-20 08:20:43,171 [INFO] src.ingestion: [TATACONSUM.NS] fetching fresh data
2026-09-20 08:20:44,069 [INFO] src.ingestion: [VBL.NS] fetching fresh data
2026-09-20 08:20:45,043 [INFO] src.ingestion: [UNITDSPR.NS] fetching fresh data
2026-09-20 08:20:46,067 [INFO] src.ingestion: [EMAMILTD.NS] fetching fresh data
2026-09-20 08:20:46,887 [INFO] src.ingestion: [TATASTEEL.NS] fetching fresh data
2026-09-20 08:20:47,843 [INFO] src.ingestion: [JSWSTEEL.NS] fetching fresh data
2026-09-20 08:20:48,685 [INFO] src.ingestion: [HINDALCO.NS] fetching fresh data
2026-09-20 08:20:49,595 [INFO] src.ingestion: [VEDL.NS] fetching fresh data
2026-09-20 08:20:50,484 [INFO] src.ingestion: [COALINDIA.NS] fetching fresh data
2026-09-20 08:20:51,474 [INFO] src.ingestion: [NMDC.NS] fetching fresh data
2026-09-20 08:20:52,454 [INFO] src.ingestion: [SAIL.NS] fetching fresh data
2026-09-20 08:20:53,294 [INFO] src.ingestion: [JINDALSTEL.NS] fetching fresh data
2026-09-20 08:20:54,171 [INFO] src.ingestion: [APLAPOLLO.NS] fetching fresh data
2026-09-20 08:20:55,079 [INFO] src.ingestion: [NATIONALUM.NS] fetching fresh data
2026-09-20 08:20:55,948 [INFO] src.ingestion: [HINDCOPPER.NS] fetching fresh data
2026-09-20 08:20:56,940 [INFO] src.ingestion: [RATNAMANI.NS] fetching fresh data
2026-09-20 08:20:57,763 [INFO] src.ingestion: [HINDZINC.NS] fetching fresh data
2026-09-20 08:20:58,791 [INFO] src.ingestion: [WELCORP.NS] fetching fresh data
2026-09-20 08:20:59,786 [INFO] src.ingestion: [JSL.NS] fetching fresh data
2026-09-20 08:21:00,787 [INFO] src.ingestion: [RELIANCE.NS] fetching fresh data
2026-09-20 08:21:01,638 [INFO] src.ingestion: [ONGC.NS] fetching fresh data
2026-09-20 08:21:02,454 [INFO] src.ingestion: [BPCL.NS] fetching fresh data
2026-09-20 08:21:03,447 [INFO] src.ingestion: [IOC.NS] fetching fresh data
2026-09-20 08:21:04,426 [INFO] src.ingestion: [GAIL.NS] fetching fresh data
2026-09-20 08:21:05,249 [INFO] src.ingestion: [NTPC.NS] fetching fresh data
2026-09-20 08:21:06,263 [INFO] src.ingestion: [POWERGRID.NS] fetching fresh data
2026-09-20 08:21:07,110 [INFO] src.ingestion: [TATAPOWER.NS] fetching fresh data
2026-09-20 08:21:07,924 [INFO] src.ingestion: [ADANIGREEN.NS] fetching fresh data
2026-09-20 08:21:08,894 [INFO] src.ingestion: [ADANIPOWER.NS] fetching fresh data
2026-09-20 08:21:09,835 [INFO] src.ingestion: [TORNTPOWER.NS] fetching fresh data
2026-09-20 08:21:10,776 [INFO] src.ingestion: [LT.NS] fetching fresh data
2026-09-20 08:21:11,657 [INFO] src.ingestion: [SIEMENS.NS] fetching fresh data
2026-09-20 08:21:12,612 [INFO] src.ingestion: [ABB.NS] fetching fresh data
2026-09-20 08:21:13,624 [INFO] src.ingestion: [HAL.NS] fetching fresh data
2026-09-20 08:21:14,493 [INFO] src.ingestion: [BEL.NS] fetching fresh data
2026-09-20 08:21:15,428 [INFO] src.ingestion: [BHEL.NS] fetching fresh data
2026-09-20 08:21:16,279 [INFO] src.ingestion: [CUMMINSIND.NS] fetching fresh data
2026-09-20 08:21:17,202 [INFO] src.ingestion: [THERMAX.NS] fetching fresh data
2026-09-20 08:21:18,218 [INFO] src.ingestion: [POLYCAB.NS] fetching fresh data
2026-09-20 08:21:19,148 [INFO] src.ingestion: [KEI.NS] fetching fresh data
2026-09-20 08:21:19,964 [INFO] src.ingestion: [HAVELLS.NS] fetching fresh data
2026-09-20 08:21:20,871 [INFO] src.ingestion: [CROMPTON.NS] fetching fresh data
2026-09-20 08:21:21,698 [INFO] src.ingestion: [SUPREMEIND.NS] fetching fresh data
2026-09-20 08:21:22,661 [INFO] src.ingestion: [ASTRAL.NS] fetching fresh data
2026-09-20 08:21:23,638 [INFO] src.ingestion: [GRINDWELL.NS] fetching fresh data
2026-09-20 08:21:24,575 [INFO] src.ingestion: [CARBORUNIV.NS] fetching fresh data
2026-09-20 08:21:25,535 [INFO] src.ingestion: [TIMKEN.NS] fetching fresh data
2026-09-20 08:21:26,495 [INFO] src.ingestion: [SKFINDIA.NS] fetching fresh data
2026-09-20 08:21:27,360 [INFO] src.ingestion: [SRF.NS] fetching fresh data
2026-09-20 08:21:28,253 [INFO] src.ingestion: [PIIND.NS] fetching fresh data
2026-09-20 08:21:29,172 [INFO] src.ingestion: [DEEPAKNTR.NS] fetching fresh data
2026-09-20 08:21:30,107 [INFO] src.ingestion: [AARTIIND.NS] fetching fresh data
2026-09-20 08:21:31,156 [INFO] src.ingestion: [NAVINFLUOR.NS] fetching fresh data
2026-09-20 08:21:32,003 [INFO] src.ingestion: [UPL.NS] fetching fresh data
2026-09-20 08:21:32,859 [INFO] src.ingestion: [COROMANDEL.NS] fetching fresh data
2026-09-20 08:21:33,869 [INFO] src.ingestion: [CHAMBLFERT.NS] fetching fresh data
2026-09-20 08:21:34,758 [INFO] src.ingestion: [GNFC.NS] fetching fresh data
2026-09-20 08:21:35,610 [INFO] src.ingestion: [PIDILITIND.NS] fetching fresh data
2026-09-20 08:21:36,422 [INFO] src.ingestion: [TATACHEM.NS] fetching fresh data
2026-09-20 08:21:37,234 [INFO] src.ingestion: [GHCL.NS] fetching fresh data
2026-09-20 08:21:38,134 [INFO] src.ingestion: [TITAN.NS] fetching fresh data
2026-09-20 08:21:38,944 [INFO] src.ingestion: [DMART.NS] fetching fresh data
2026-09-20 08:21:39,751 [INFO] src.ingestion: [TRENT.NS] fetching fresh data
2026-09-20 08:21:40,596 [INFO] src.ingestion: [BATAINDIA.NS] fetching fresh data
2026-09-20 08:21:41,405 [INFO] src.ingestion: [PAGEIND.NS] fetching fresh data
2026-09-20 08:21:42,339 [INFO] src.ingestion: [JUBLFOOD.NS] fetching fresh data
2026-09-20 08:21:43,274 [INFO] src.ingestion: [VOLTAS.NS] fetching fresh data
2026-09-20 08:21:44,120 [INFO] src.ingestion: [DIXON.NS] fetching fresh data
2026-09-20 08:21:45,210 [INFO] src.ingestion: [RELAXO.NS] fetching fresh data
2026-09-20 08:21:46,021 [INFO] src.ingestion: [KAJARIACER.NS] fetching fresh data
2026-09-20 08:21:46,822 [INFO] src.ingestion: [WHIRLPOOL.NS] fetching fresh data
2026-09-20 08:21:47,816 [INFO] src.ingestion: [BLUESTARCO.NS] fetching fresh data
2026-09-20 08:21:48,728 [INFO] src.ingestion: [PGHH.NS] fetching fresh data
2026-09-20 08:21:49,534 [INFO] src.ingestion: [GILLETTE.NS] fetching fresh data
2026-09-20 08:21:50,304 [INFO] src.ingestion: [BHARTIARTL.NS] fetching fresh data
2026-09-20 08:21:51,172 [INFO] src.ingestion: [IDEA.NS] fetching fresh data
2026-09-20 08:21:52,065 [INFO] src.ingestion: [INDUSTOWER.NS] fetching fresh data
2026-09-20 08:21:52,974 [INFO] src.ingestion: [PVRINOX.NS] fetching fresh data
2026-09-20 08:21:53,762 [INFO] src.ingestion: [ZEEL.NS] fetching fresh data
2026-09-20 08:21:54,629 [INFO] src.ingestion: [ADANIPORTS.NS] fetching fresh data
2026-09-20 08:21:55,487 [INFO] src.ingestion: [ADANIENT.NS] fetching fresh data
2026-09-20 08:21:56,279 [INFO] src.ingestion: [GMRAIRPORT.NS] fetching fresh data
2026-09-20 08:21:57,172 [INFO] src.ingestion: [CONCOR.NS] fetching fresh data
2026-09-20 08:21:57,955 [INFO] src.ingestion: [IRCTC.NS] fetching fresh data
2026-09-20 08:21:58,955 [INFO] src.ingestion: [INDIGO.NS] fetching fresh data
2026-09-20 08:21:59,943 [INFO] src.ingestion: [RVNL.NS] fetching fresh data
2026-09-20 08:22:00,734 [INFO] src.ingestion: [IRCON.NS] fetching fresh data
2026-09-20 08:22:01,600 [INFO] src.ingestion: [NBCC.NS] fetching fresh data
2026-09-20 08:22:02,524 [INFO] src.ingestion: [NCC.NS] fetching fresh data
2026-09-20 08:22:03,406 [INFO] src.ingestion: [MAZDOCK.NS] fetching fresh data
2026-09-20 08:22:04,165 [INFO] src.ingestion: [COCHINSHIP.NS] fetching fresh data
2026-09-20 08:22:05,125 [INFO] src.ingestion: [DLF.NS] fetching fresh data
2026-09-20 08:22:05,938 [INFO] src.ingestion: [GODREJPROP.NS] fetching fresh data
2026-09-20 08:22:06,795 [INFO] src.ingestion: [OBEROIRLTY.NS] fetching fresh data
2026-09-20 08:22:07,704 [INFO] src.ingestion: [PRESTIGE.NS] fetching fresh data
2026-09-20 08:22:08,728 [INFO] src.ingestion: [PHOENIXLTD.NS] fetching fresh data
2026-09-20 08:22:09,724 [INFO] src.ingestion: [SOBHA.NS] fetching fresh data
2026-09-20 08:22:10,601 [INFO] src.ingestion: Fetched 200/201 tickers successfully
2026-09-20 08:22:10,601 [WARNING] src.ingestion: Failed tickers (excluded from downstream, not silently zeroed): ['LTIM.NS']
2026-09-20 08:22:10,601 [INFO] __main__: Ingestion validation passed: 200/201 tickers (100%)
2026-09-20 08:22:10,602 [INFO] __main__: === Stage 2/8: Cleaning ===
2026-09-20 08:22:10,609 [WARNING] src.cleaning: [ASHOKLEY.NS] EXCLUDED: missing critical fields: ['market_cap']
2026-09-20 08:22:10,609 [WARNING] src.cleaning: [BIOCON.NS] EXCLUDED: missing critical fields: ['market_cap']
2026-09-20 08:22:10,610 [WARNING] src.cleaning: [BOSCHLTD.NS] EXCLUDED: missing critical fields: ['market_cap']
2026-09-20 08:22:10,610 [WARNING] src.cleaning: [IOC.NS] EXCLUDED: missing critical fields: ['market_cap']
2026-09-20 08:22:10,610 [WARNING] src.cleaning: [JUBLFOOD.NS] EXCLUDED: missing critical fields: ['market_cap']
2026-09-20 08:22:10,610 [WARNING] src.cleaning: [LTIM.NS] EXCLUDED: ingestion failed: yfinance returned an empty info payload for LTIM.NS (no exception, but no usable data — likely a transient Yahoo-side issue or an invalid/delisted symbol)
2026-09-20 08:22:10,611 [WARNING] src.cleaning: [RECLTD.NS] EXCLUDED: missing critical fields: ['market_cap']
2026-09-20 08:22:10,611 [WARNING] src.cleaning: [RELIANCE.NS] EXCLUDED: missing critical fields: ['market_cap']
2026-09-20 08:22:10,611 [WARNING] src.cleaning: [TCS.NS] EXCLUDED: missing critical fields: ['market_cap']
2026-09-20 08:22:10,611 [WARNING] src.cleaning: [TVSMOTOR.NS] EXCLUDED: missing critical fields: ['market_cap']
2026-09-20 08:22:10,611 [INFO] src.cleaning: [AARTIIND.NS] non-critical missing fields: ['return_on_equity']
2026-09-20 08:22:10,611 [INFO] src.cleaning: [ABBOTINDIA.NS] non-critical missing fields: ['return_on_equity']
2026-09-20 08:22:10,611 [INFO] src.cleaning: [ACC.NS] non-critical missing fields: ['return_on_equity']
2026-09-20 08:22:10,611 [INFO] src.cleaning: [ADANIENT.NS] non-critical missing fields: ['return_on_equity']
2026-09-20 08:22:10,611 [INFO] src.cleaning: [ADANIGREEN.NS] non-critical missing fields: ['return_on_equity']
2026-09-20 08:22:10,611 [INFO] src.cleaning: [ADANIPORTS.NS] non-critical missing fields: ['return_on_equity']
2026-09-20 08:22:10,611 [INFO] src.cleaning: [ADANIPOWER.NS] non-critical missing fields: ['return_on_equity']
2026-09-20 08:22:10,612 [INFO] src.cleaning: [ALKEM.NS] non-critical missing fields: ['return_on_equity']
2026-09-20 08:22:10,612 [INFO] src.cleaning: [AMBUJACEM.NS] non-critical missing fields: ['return_on_equity']
2026-09-20 08:22:10,612 [INFO] src.cleaning: [APLAPOLLO.NS] non-critical missing fields: ['return_on_equity']
2026-09-20 08:22:10,612 [INFO] src.cleaning: [APOLLOHOSP.NS] non-critical missing fields: ['return_on_equity']
2026-09-20 08:22:10,612 [INFO] src.cleaning: [ARE&M.NS] non-critical missing fields: ['return_on_equity']
2026-09-20 08:22:10,612 [INFO] src.cleaning: [ASTRAL.NS] non-critical missing fields: ['return_on_equity']
2026-09-20 08:22:10,612 [INFO] src.cleaning: [AUBANK.NS] non-critical missing fields: ['ev_to_ebitda', 'return_on_equity', 'debt_to_equity']
2026-09-20 08:22:10,612 [INFO] src.cleaning: [AUROPHARMA.NS] non-critical missing fields: ['return_on_equity']
2026-09-20 08:22:10,612 [INFO] src.cleaning: [AXISBANK.NS] non-critical missing fields: ['ev_to_ebitda', 'debt_to_equity']
2026-09-20 08:22:10,612 [INFO] src.cleaning: [BAJAJ-AUTO.NS] non-critical missing fields: ['return_on_equity']
2026-09-20 08:22:10,612 [INFO] src.cleaning: [BAJAJFINSV.NS] non-critical missing fields: ['return_on_equity']
2026-09-20 08:22:10,612 [WARNING] src.cleaning: [BAJAJHLDNG.NS] outlier values flagged: ['net_margin']
2026-09-20 08:22:10,612 [INFO] src.cleaning: [BAJFINANCE.NS] non-critical missing fields: ['ev_to_ebitda', 'return_on_equity']
2026-09-20 08:22:10,612 [INFO] src.cleaning: [BANDHANBNK.NS] non-critical missing fields: ['ev_to_ebitda', 'return_on_equity', 'debt_to_equity']
2026-09-20 08:22:10,612 [INFO] src.cleaning: [BANKBARODA.NS] non-critical missing fields: ['ev_to_ebitda', 'debt_to_equity']
2026-09-20 08:22:10,612 [INFO] src.cleaning: [BANKINDIA.NS] non-critical missing fields: ['ev_to_ebitda', 'debt_to_equity']
2026-09-20 08:22:10,612 [INFO] src.cleaning: [BATAINDIA.NS] non-critical missing fields: ['return_on_equity']
2026-09-20 08:22:10,612 [INFO] src.cleaning: [BEL.NS] non-critical missing fields: ['return_on_equity']
2026-09-20 08:22:10,612 [INFO] src.cleaning: [BHARATFORG.NS] non-critical missing fields: ['return_on_equity']
2026-09-20 08:22:10,612 [INFO] src.cleaning: [BHEL.NS] non-critical missing fields: ['return_on_equity']
2026-09-20 08:22:10,612 [INFO] src.cleaning: [BLUESTARCO.NS] non-critical missing fields: ['return_on_equity']
2026-09-20 08:22:10,612 [INFO] src.cleaning: [BPCL.NS] non-critical missing fields: ['return_on_equity']
2026-09-20 08:22:10,612 [INFO] src.cleaning: [BRITANNIA.NS] non-critical missing fields: ['return_on_equity']
2026-09-20 08:22:10,613 [INFO] src.cleaning: [CANBK.NS] non-critical missing fields: ['ev_to_ebitda', 'return_on_equity', 'debt_to_equity']
2026-09-20 08:22:10,613 [INFO] src.cleaning: [CARBORUNIV.NS] non-critical missing fields: ['return_on_equity']
2026-09-20 08:22:10,613 [INFO] src.cleaning: [CENTRALBK.NS] non-critical missing fields: ['ev_to_ebitda', 'debt_to_equity']
2026-09-20 08:22:10,613 [INFO] src.cleaning: [CHAMBLFERT.NS] non-critical missing fields: ['return_on_equity']
2026-09-20 08:22:10,613 [INFO] src.cleaning: [CHOLAFIN.NS] non-critical missing fields: ['ev_to_ebitda', 'return_on_equity']
2026-09-20 08:22:10,613 [INFO] src.cleaning: [CIPLA.NS] non-critical missing fields: ['return_on_equity']
2026-09-20 08:22:10,613 [INFO] src.cleaning: [COALINDIA.NS] non-critical missing fields: ['return_on_equity']
2026-09-20 08:22:10,613 [INFO] src.cleaning: [COCHINSHIP.NS] non-critical missing fields: ['return_on_equity']
2026-09-20 08:22:10,613 [INFO] src.cleaning: [COFORGE.NS] non-critical missing fields: ['return_on_equity']
2026-09-20 08:22:10,613 [INFO] src.cleaning: [COLPAL.NS] non-critical missing fields: ['return_on_equity']
2026-09-20 08:22:10,613 [INFO] src.cleaning: [CONCOR.NS] non-critical missing fields: ['return_on_equity']
2026-09-20 08:22:10,613 [INFO] src.cleaning: [COROMANDEL.NS] non-critical missing fields: ['return_on_equity']
2026-09-20 08:22:10,613 [INFO] src.cleaning: [CROMPTON.NS] non-critical missing fields: ['trailing_pe', 'return_on_equity']
2026-09-20 08:22:10,613 [INFO] src.cleaning: [CUMMINSIND.NS] non-critical missing fields: ['return_on_equity']
2026-09-20 08:22:10,613 [INFO] src.cleaning: [CYIENT.NS] non-critical missing fields: ['return_on_equity']
2026-09-20 08:22:10,613 [INFO] src.cleaning: [DABUR.NS] non-critical missing fields: ['return_on_equity']
2026-09-20 08:22:10,613 [INFO] src.cleaning: [DALBHARAT.NS] non-critical missing fields: ['return_on_equity']
2026-09-20 08:22:10,613 [INFO] src.cleaning: [DEEPAKNTR.NS] non-critical missing fields: ['return_on_equity']
2026-09-20 08:22:10,613 [INFO] src.cleaning: [DIVISLAB.NS] non-critical missing fields: ['return_on_equity']
2026-09-20 08:22:10,613 [INFO] src.cleaning: [DIXON.NS] non-critical missing fields: ['return_on_equity']
2026-09-20 08:22:10,613 [INFO] src.cleaning: [DMART.NS] non-critical missing fields: ['return_on_equity']
2026-09-20 08:22:10,613 [INFO] src.cleaning: [EICHERMOT.NS] non-critical missing fields: ['return_on_equity']
2026-09-20 08:22:10,613 [INFO] src.cleaning: [EMAMILTD.NS] non-critical missing fields: ['return_on_equity']
2026-09-20 08:22:10,613 [INFO] src.cleaning: [ENDURANCE.NS] non-critical missing fields: ['return_on_equity']
2026-09-20 08:22:10,614 [INFO] src.cleaning: [EXIDEIND.NS] non-critical missing fields: ['return_on_equity']
2026-09-20 08:22:10,614 [INFO] src.cleaning: [FEDERALBNK.NS] non-critical missing fields: ['ev_to_ebitda', 'return_on_equity', 'debt_to_equity']
2026-09-20 08:22:10,614 [INFO] src.cleaning: [FORTIS.NS] non-critical missing fields: ['return_on_equity']
2026-09-20 08:22:10,614 [INFO] src.cleaning: [GAIL.NS] non-critical missing fields: ['return_on_equity']
2026-09-20 08:22:10,614 [INFO] src.cleaning: [GHCL.NS] non-critical missing fields: ['return_on_equity']
2026-09-20 08:22:10,614 [INFO] src.cleaning: [GICRE.NS] non-critical missing fields: ['ev_to_ebitda', 'debt_to_equity']
2026-09-20 08:22:10,614 [INFO] src.cleaning: [GILLETTE.NS] non-critical missing fields: ['return_on_equity']
2026-09-20 08:22:10,614 [INFO] src.cleaning: [GLAND.NS] non-critical missing fields: ['return_on_equity']
2026-09-20 08:22:10,614 [INFO] src.cleaning: [GLENMARK.NS] non-critical missing fields: ['return_on_equity']
2026-09-20 08:22:10,614 [WARNING] src.cleaning: [GMRAIRPORT.NS] negative/zero equity — DuPont ROE math will be invalid downstream
2026-09-20 08:22:10,614 [INFO] src.cleaning: [GMRAIRPORT.NS] non-critical missing fields: ['return_on_equity', 'debt_to_equity']
2026-09-20 08:22:10,614 [INFO] src.cleaning: [GNFC.NS] non-critical missing fields: ['return_on_equity']
2026-09-20 08:22:10,614 [INFO] src.cleaning: [GODREJCP.NS] non-critical missing fields: ['return_on_equity']
2026-09-20 08:22:10,614 [INFO] src.cleaning: [GODREJPROP.NS] non-critical missing fields: ['return_on_equity']
2026-09-20 08:22:10,614 [INFO] src.cleaning: [GRINDWELL.NS] non-critical missing fields: ['return_on_equity']
2026-09-20 08:22:10,614 [INFO] src.cleaning: [HAL.NS] non-critical missing fields: ['return_on_equity']
2026-09-20 08:22:10,614 [INFO] src.cleaning: [HAVELLS.NS] non-critical missing fields: ['return_on_equity']
2026-09-20 08:22:10,614 [WARNING] src.cleaning: [HCLTECH.NS] outlier values flagged: ['ev_to_ebitda']
2026-09-20 08:22:10,614 [INFO] src.cleaning: [HDFCBANK.NS] non-critical missing fields: ['ev_to_ebitda', 'debt_to_equity']
2026-09-20 08:22:10,614 [INFO] src.cleaning: [HEIDELBERG.NS] non-critical missing fields: ['return_on_equity']
2026-09-20 08:22:10,614 [INFO] src.cleaning: [HEROMOTOCO.NS] non-critical missing fields: ['return_on_equity']
2026-09-20 08:22:10,615 [INFO] src.cleaning: [HINDALCO.NS] non-critical missing fields: ['return_on_equity']
2026-09-20 08:22:10,615 [INFO] src.cleaning: [HINDCOPPER.NS] non-critical missing fields: ['return_on_equity']
2026-09-20 08:22:10,615 [INFO] src.cleaning: [HINDUNILVR.NS] non-critical missing fields: ['return_on_equity']
2026-09-20 08:22:10,615 [INFO] src.cleaning: [HINDZINC.NS] non-critical missing fields: ['return_on_equity']
2026-09-20 08:22:10,615 [INFO] src.cleaning: [HUDCO.NS] non-critical missing fields: ['ev_to_ebitda', 'return_on_equity']
2026-09-20 08:22:10,615 [INFO] src.cleaning: [ICICIBANK.NS] non-critical missing fields: ['ev_to_ebitda', 'debt_to_equity']
2026-09-20 08:22:10,615 [INFO] src.cleaning: [ICICIGI.NS] non-critical missing fields: ['debt_to_equity']
2026-09-20 08:22:10,615 [WARNING] src.cleaning: [IDEA.NS] negative/zero equity — DuPont ROE math will be invalid downstream
2026-09-20 08:22:10,615 [INFO] src.cleaning: [IDEA.NS] non-critical missing fields: ['return_on_equity', 'debt_to_equity']
2026-09-20 08:22:10,615 [INFO] src.cleaning: [IDFCFIRSTB.NS] non-critical missing fields: ['ev_to_ebitda', 'debt_to_equity']
2026-09-20 08:22:10,615 [WARNING] src.cleaning: [INDIGO.NS] outlier values flagged: ['debt_to_equity']
2026-09-20 08:22:10,615 [INFO] src.cleaning: [INDIGO.NS] non-critical missing fields: ['trailing_pe', 'return_on_equity']
2026-09-20 08:22:10,615 [INFO] src.cleaning: [INDUSINDBK.NS] non-critical missing fields: ['ev_to_ebitda', 'return_on_equity', 'debt_to_equity']
2026-09-20 08:22:10,615 [WARNING] src.cleaning: [INFY.NS] outlier values flagged: ['ev_to_ebitda']
2026-09-20 08:22:10,615 [INFO] src.cleaning: [IOB.NS] non-critical missing fields: ['ev_to_ebitda', 'debt_to_equity']
2026-09-20 08:22:10,615 [INFO] src.cleaning: [IPCALAB.NS] non-critical missing fields: ['return_on_equity']
2026-09-20 08:22:10,615 [INFO] src.cleaning: [IRCON.NS] non-critical missing fields: ['return_on_equity']
2026-09-20 08:22:10,615 [INFO] src.cleaning: [IRCTC.NS] non-critical missing fields: ['return_on_equity']
2026-09-20 08:22:10,615 [INFO] src.cleaning: [IRFC.NS] non-critical missing fields: ['ev_to_ebitda', 'return_on_equity']
2026-09-20 08:22:10,615 [INFO] src.cleaning: [ITC.NS] non-critical missing fields: ['return_on_equity']
2026-09-20 08:22:10,615 [INFO] src.cleaning: [JINDALSTEL.NS] non-critical missing fields: ['return_on_equity']
2026-09-20 08:22:10,615 [INFO] src.cleaning: [JKCEMENT.NS] non-critical missing fields: ['return_on_equity']
2026-09-20 08:22:10,615 [INFO] src.cleaning: [JSL.NS] non-critical missing fields: ['return_on_equity']
2026-09-20 08:22:10,615 [INFO] src.cleaning: [JSWSTEEL.NS] non-critical missing fields: ['return_on_equity']
2026-09-20 08:22:10,616 [INFO] src.cleaning: [KAJARIACER.NS] non-critical missing fields: ['return_on_equity']
2026-09-20 08:22:10,616 [INFO] src.cleaning: [KEI.NS] non-critical missing fields: ['return_on_equity']
2026-09-20 08:22:10,616 [INFO] src.cleaning: [KOTAKBANK.NS] non-critical missing fields: ['ev_to_ebitda', 'return_on_equity', 'debt_to_equity']
2026-09-20 08:22:10,616 [INFO] src.cleaning: [KPITTECH.NS] non-critical missing fields: ['return_on_equity']
2026-09-20 08:22:10,616 [INFO] src.cleaning: [LALPATHLAB.NS] non-critical missing fields: ['return_on_equity']
2026-09-20 08:22:10,616 [INFO] src.cleaning: [LAURUSLABS.NS] non-critical missing fields: ['return_on_equity']
2026-09-20 08:22:10,616 [INFO] src.cleaning: [LICHSGFIN.NS] non-critical missing fields: ['ev_to_ebitda', 'return_on_equity']
2026-09-20 08:22:10,616 [INFO] src.cleaning: [LICI.NS] non-critical missing fields: ['return_on_equity']
2026-09-20 08:22:10,616 [INFO] src.cleaning: [LTTS.NS] non-critical missing fields: ['return_on_equity']
2026-09-20 08:22:10,616 [INFO] src.cleaning: [LT.NS] non-critical missing fields: ['return_on_equity']
2026-09-20 08:22:10,616 [INFO] src.cleaning: [LUPIN.NS] non-critical missing fields: ['return_on_equity']
2026-09-20 08:22:10,616 [INFO] src.cleaning: [M&M.NS] non-critical missing fields: ['return_on_equity']
2026-09-20 08:22:10,616 [INFO] src.cleaning: [MANAPPURAM.NS] non-critical missing fields: ['ev_to_ebitda', 'return_on_equity']
2026-09-20 08:22:10,616 [INFO] src.cleaning: [MARICO.NS] non-critical missing fields: ['return_on_equity']
2026-09-20 08:22:10,616 [INFO] src.cleaning: [MARUTI.NS] non-critical missing fields: ['return_on_equity']
2026-09-20 08:22:10,616 [INFO] src.cleaning: [MAZDOCK.NS] non-critical missing fields: ['return_on_equity']
2026-09-20 08:22:10,616 [INFO] src.cleaning: [METROPOLIS.NS] non-critical missing fields: ['return_on_equity']
2026-09-20 08:22:10,616 [INFO] src.cleaning: [MOTHERSON.NS] non-critical missing fields: ['return_on_equity']
2026-09-20 08:22:10,617 [INFO] src.cleaning: [MRF.NS] non-critical missing fields: ['return_on_equity']
2026-09-20 08:22:10,617 [INFO] src.cleaning: [MUTHOOTFIN.NS] non-critical missing fields: ['ev_to_ebitda']
2026-09-20 08:22:10,617 [INFO] src.cleaning: [NATIONALUM.NS] non-critical missing fields: ['return_on_equity']
2026-09-20 08:22:10,617 [INFO] src.cleaning: [NAVINFLUOR.NS] non-critical missing fields: ['return_on_equity']
2026-09-20 08:22:10,617 [INFO] src.cleaning: [NBCC.NS] non-critical missing fields: ['return_on_equity']
2026-09-20 08:22:10,617 [INFO] src.cleaning: [NCC.NS] non-critical missing fields: ['return_on_equity']
2026-09-20 08:22:10,617 [INFO] src.cleaning: [NESTLEIND.NS] non-critical missing fields: ['return_on_equity']
2026-09-20 08:22:10,617 [INFO] src.cleaning: [NMDC.NS] non-critical missing fields: ['return_on_equity']
2026-09-20 08:22:10,617 [INFO] src.cleaning: [NTPC.NS] non-critical missing fields: ['return_on_equity']
2026-09-20 08:22:10,617 [INFO] src.cleaning: [OBEROIRLTY.NS] non-critical missing fields: ['return_on_equity']
2026-09-20 08:22:10,617 [INFO] src.cleaning: [ONGC.NS] non-critical missing fields: ['return_on_equity']
2026-09-20 08:22:10,617 [INFO] src.cleaning: [PAGEIND.NS] non-critical missing fields: ['return_on_equity']
2026-09-20 08:22:10,617 [INFO] src.cleaning: [PFC.NS] non-critical missing fields: ['ev_to_ebitda', 'return_on_equity']
2026-09-20 08:22:10,617 [INFO] src.cleaning: [PGHH.NS] non-critical missing fields: ['return_on_equity']
2026-09-20 08:22:10,617 [INFO] src.cleaning: [PHOENIXLTD.NS] non-critical missing fields: ['return_on_equity']
2026-09-20 08:22:10,617 [INFO] src.cleaning: [PIDILITIND.NS] non-critical missing fields: ['return_on_equity']
2026-09-20 08:22:10,617 [INFO] src.cleaning: [PIIND.NS] non-critical missing fields: ['return_on_equity']
2026-09-20 08:22:10,617 [INFO] src.cleaning: [PNB.NS] non-critical missing fields: ['ev_to_ebitda', 'debt_to_equity']
2026-09-20 08:22:10,617 [INFO] src.cleaning: [POONAWALLA.NS] non-critical missing fields: ['ev_to_ebitda', 'return_on_equity']
2026-09-20 08:22:10,618 [INFO] src.cleaning: [POWERGRID.NS] non-critical missing fields: ['return_on_equity']
2026-09-20 08:22:10,618 [INFO] src.cleaning: [PVRINOX.NS] non-critical missing fields: ['return_on_equity']
2026-09-20 08:22:10,618 [INFO] src.cleaning: [RAMCOCEM.NS] non-critical missing fields: ['return_on_equity']
2026-09-20 08:22:10,618 [INFO] src.cleaning: [RATNAMANI.NS] non-critical missing fields: ['return_on_equity']
2026-09-20 08:22:10,618 [INFO] src.cleaning: [RBLBANK.NS] non-critical missing fields: ['ev_to_ebitda', 'return_on_equity', 'debt_to_equity']
2026-09-20 08:22:10,618 [INFO] src.cleaning: [RELAXO.NS] non-critical missing fields: ['return_on_equity']
2026-09-20 08:22:10,618 [INFO] src.cleaning: [RVNL.NS] non-critical missing fields: ['return_on_equity']
2026-09-20 08:22:10,618 [INFO] src.cleaning: [SAIL.NS] non-critical missing fields: ['return_on_equity']
2026-09-20 08:22:10,618 [INFO] src.cleaning: [SBICARD.NS] non-critical missing fields: ['ev_to_ebitda', 'return_on_equity']
2026-09-20 08:22:10,618 [INFO] src.cleaning: [SBILIFE.NS] non-critical missing fields: ['debt_to_equity']
2026-09-20 08:22:10,618 [INFO] src.cleaning: [SBIN.NS] non-critical missing fields: ['ev_to_ebitda', 'debt_to_equity']
2026-09-20 08:22:10,618 [INFO] src.cleaning: [SHREECEM.NS] non-critical missing fields: ['return_on_equity']
2026-09-20 08:22:10,618 [INFO] src.cleaning: [SHRIRAMFIN.NS] non-critical missing fields: ['ev_to_ebitda']
2026-09-20 08:22:10,618 [INFO] src.cleaning: [SIEMENS.NS] non-critical missing fields: ['return_on_equity']
2026-09-20 08:22:10,618 [INFO] src.cleaning: [SKFINDIA.NS] non-critical missing fields: ['return_on_equity']
2026-09-20 08:22:10,618 [INFO] src.cleaning: [SOBHA.NS] non-critical missing fields: ['return_on_equity']
2026-09-20 08:22:10,618 [INFO] src.cleaning: [SRF.NS] non-critical missing fields: ['return_on_equity']
2026-09-20 08:22:10,618 [INFO] src.cleaning: [SUNDRMFAST.NS] non-critical missing fields: ['return_on_equity']
2026-09-20 08:22:10,618 [INFO] src.cleaning: [SUNPHARMA.NS] non-critical missing fields: ['return_on_equity']
2026-09-20 08:22:10,618 [INFO] src.cleaning: [SUPREMEIND.NS] non-critical missing fields: ['return_on_equity']
2026-09-20 08:22:10,619 [INFO] src.cleaning: [TATACHEM.NS] non-critical missing fields: ['trailing_pe', 'return_on_equity']
2026-09-20 08:22:10,619 [INFO] src.cleaning: [TATACONSUM.NS] non-critical missing fields: ['return_on_equity']
2026-09-20 08:22:10,619 [INFO] src.cleaning: [TATAELXSI.NS] non-critical missing fields: ['return_on_equity']
2026-09-20 08:22:10,619 [INFO] src.cleaning: [TATAPOWER.NS] non-critical missing fields: ['return_on_equity']
2026-09-20 08:22:10,619 [INFO] src.cleaning: [TATASTEEL.NS] non-critical missing fields: ['return_on_equity']
2026-09-20 08:22:10,619 [INFO] src.cleaning: [TECHM.NS] non-critical missing fields: ['return_on_equity']
2026-09-20 08:22:10,619 [INFO] src.cleaning: [THERMAX.NS] non-critical missing fields: ['return_on_equity']
2026-09-20 08:22:10,619 [INFO] src.cleaning: [TIMKEN.NS] non-critical missing fields: ['return_on_equity']
2026-09-20 08:22:10,619 [INFO] src.cleaning: [TITAN.NS] non-critical missing fields: ['return_on_equity']
2026-09-20 08:22:10,619 [INFO] src.cleaning: [TMCV.NS] non-critical missing fields: ['return_on_equity']
2026-09-20 08:22:10,619 [INFO] src.cleaning: [TMPV.NS] non-critical missing fields: ['trailing_pe', 'return_on_equity']
2026-09-20 08:22:10,619 [INFO] src.cleaning: [TORNTPHARM.NS] non-critical missing fields: ['return_on_equity']
2026-09-20 08:22:10,619 [INFO] src.cleaning: [TORNTPOWER.NS] non-critical missing fields: ['return_on_equity']
2026-09-20 08:22:10,619 [INFO] src.cleaning: [TRENT.NS] non-critical missing fields: ['return_on_equity']
2026-09-20 08:22:10,619 [INFO] src.cleaning: [UCOBANK.NS] non-critical missing fields: ['ev_to_ebitda', 'debt_to_equity']
2026-09-20 08:22:10,619 [INFO] src.cleaning: [ULTRACEMCO.NS] non-critical missing fields: ['return_on_equity']
2026-09-20 08:22:10,619 [INFO] src.cleaning: [UNIONBANK.NS] non-critical missing fields: ['ev_to_ebitda', 'debt_to_equity']
2026-09-20 08:22:10,619 [INFO] src.cleaning: [UNITDSPR.NS] non-critical missing fields: ['return_on_equity']
2026-09-20 08:22:10,619 [INFO] src.cleaning: [UNOMINDA.NS] non-critical missing fields: ['return_on_equity']
2026-09-20 08:22:10,620 [INFO] src.cleaning: [UPL.NS] non-critical missing fields: ['return_on_equity']
2026-09-20 08:22:10,620 [INFO] src.cleaning: [VEDL.NS] non-critical missing fields: ['return_on_equity']
2026-09-20 08:22:10,620 [INFO] src.cleaning: [VOLTAS.NS] non-critical missing fields: ['return_on_equity']
2026-09-20 08:22:10,620 [INFO] src.cleaning: [WELCORP.NS] non-critical missing fields: ['return_on_equity']
2026-09-20 08:22:10,620 [INFO] src.cleaning: [WHIRLPOOL.NS] non-critical missing fields: ['return_on_equity']
2026-09-20 08:22:10,620 [INFO] src.cleaning: [ZEEL.NS] non-critical missing fields: ['return_on_equity']
2026-09-20 08:22:10,628 [INFO] src.cleaning: Cleaned 191/201 tickers -> data/processed/cleaned_universe.csv
2026-09-20 08:22:10,628 [INFO] src.cleaning: Full flag audit trail -> data/processed/cleaning_flags.csv
2026-09-20 08:22:10,629 [INFO] __main__: Cleaning validation passed: 191/201 tickers retained (95%)
2026-09-20 08:22:10,629 [INFO] __main__: === Stage 3/8: Scoring ===
2026-09-20 08:22:10,691 [INFO] src.scoring: Scored 191 companies -> data/processed/scored_universe.csv
2026-09-20 08:22:10,691 [INFO] src.scoring: Top 10 shortlist -> data/processed/shortlist_top_n.csv
2026-09-20 08:22:10,692 [WARNING] src.scoring: 24 companies scored on fewer than all 4 buckets (reweighted, not zero-filled) — see 'buckets_used' column: ['IOB.NS', 'BANKINDIA.NS', 'UNIONBANK.NS', 'CANBK.NS', 'ICICIGI.NS', 'IDEA.NS', 'PNB.NS', 'GICRE.NS', 'UCOBANK.NS', 'FEDERALBNK.NS', 'BANKBARODA.NS', 'CENTRALBK.NS', 'AXISBANK.NS', 'KOTAKBANK.NS', 'ICICIBANK.NS', 'SBIN.NS', 'HDFCBANK.NS', 'SBILIFE.NS', 'AUBANK.NS', 'BANDHANBNK.NS', 'GMRAIRPORT.NS', 'IDFCFIRSTB.NS', 'RBLBANK.NS', 'INDUSINDBK.NS']
2026-09-20 08:22:10,693 [INFO] __main__: Scoring validation passed: 191 companies ranked, all scores in valid range
2026-09-20 08:22:10,693 [INFO] __main__: === Stage 4/8: Comps + DuPont ===
2026-09-20 08:22:10,705 [INFO] src.comps_dupont: Comps + DuPont report for top 10 -> data/processed/comps_dupont_report.csv
2026-09-20 08:22:10,706 [WARNING] src.comps_dupont: 1 companies have a DuPont-implied ROE that diverges >5pp from reported ROE (possible data inconsistency, worth a manual check): ['IOB.NS']
2026-09-20 08:22:10,706 [INFO] __main__: === Stage 5/8: Explainability ===
2026-09-20 08:22:10,743 [INFO] src.explainability: Explanations for top 10 companies -> data/processed/explanations.csv
2026-09-20 08:22:10,744 [INFO] __main__: === Stage 6/8: Baseline Comparison ===
2026-09-20 08:22:10,751 [INFO] src.baseline_comparison: Baseline comparison -> data/processed/baseline_comparison.csv
2026-09-20 08:22:10,751 [INFO] __main__: === Stage 7/8: Acquisition Likelihood ===
2026-09-20 08:22:10,755 [INFO] src.acquisition_likelihood: 2 companies excluded from acquisition-likelihood scoring (negative/zero equity — financial distress, not a value-target thesis): ['IDEA.NS', 'GMRAIRPORT.NS']
2026-09-20 08:22:10,766 [INFO] src.acquisition_likelihood: Acquisition likelihood scoring -> data/processed/acquisition_likelihood.csv
2026-09-20 08:22:10,767 [INFO] __main__: === Stage 8/8: Historical Snapshot ===
2026-09-20 08:22:10,774 [INFO] src.history_tracker: Recorded shortlist snapshot for 2026-09-20 (10 companies) -> data/history/shortlist_history.csv (5 distinct days tracked so far)
2026-09-20 08:22:10,780 [INFO] src.history_tracker: Recorded acquisition-likelihood snapshot for 2026-09-20 (10 companies) -> data/history/acquisition_likelihood_history.csv (5 distinct days tracked so far)
2026-09-20 08:22:10,780 [INFO] __main__: === Pipeline completed successfully ===
2026-09-20 08:22:10,781 [INFO] __main__:   ingestion: {'total': 201, 'ok': 200}
2026-09-20 08:22:10,781 [INFO] __main__:   cleaning: {'retained': 191, 'input': 201}
2026-09-20 08:22:10,781 [INFO] __main__:   scoring: {'ranked': 191}
2026-09-20 08:22:10,781 [INFO] __main__:   comps_dupont: {'companies': 10}
2026-09-20 08:22:10,781 [INFO] __main__:   explainability: {'companies': 10}
2026-09-20 08:22:10,781 [INFO] __main__:   baseline_comparison: {'correlation': np.float64(0.49432093064904864), 'overlap_pct': 0.0}
2026-09-20 08:22:10,781 [INFO] __main__:   acquisition_likelihood: {'companies': 10}
2026-09-20 08:22:10,781 [INFO] __main__:   history_tracker: {'recorded': True}
