2026-08-01 05:54:51,025 [INFO] __main__: Logging to file: logs/pipeline_run_2026-08-01T05-54-51Z.log
2026-08-01 05:54:51,025 [INFO] __main__: === Stage 1/8: Ingestion ===
2026-08-01 05:54:51,049 [INFO] src.ingestion: [ACC.NS] fetching fresh data
2026-08-01 05:54:52,534 [INFO] src.ingestion: [AMBUJACEM.NS] fetching fresh data
2026-08-01 05:54:53,635 [INFO] src.ingestion: [ULTRACEMCO.NS] fetching fresh data
2026-08-01 05:54:54,720 [INFO] src.ingestion: [SHREECEM.NS] fetching fresh data
2026-08-01 05:54:55,738 [INFO] src.ingestion: [JKCEMENT.NS] fetching fresh data
2026-08-01 05:54:56,789 [INFO] src.ingestion: [RAMCOCEM.NS] fetching fresh data
2026-08-01 05:54:57,777 [INFO] src.ingestion: [HEIDELBERG.NS] fetching fresh data
2026-08-01 05:54:58,870 [INFO] src.ingestion: [DALBHARAT.NS] fetching fresh data
2026-08-01 05:55:00,029 [INFO] src.ingestion: [INFY.NS] fetching fresh data
2026-08-01 05:55:01,154 [INFO] src.ingestion: [TCS.NS] fetching fresh data
2026-08-01 05:55:02,117 [INFO] src.ingestion: [WIPRO.NS] fetching fresh data
2026-08-01 05:55:03,121 [INFO] src.ingestion: [HCLTECH.NS] fetching fresh data
2026-08-01 05:55:04,141 [INFO] src.ingestion: [TECHM.NS] fetching fresh data
2026-08-01 05:55:05,179 [INFO] src.ingestion: [LTIM.NS] fetching fresh data
2026-08-01 05:55:05,383 [ERROR] yfinance: HTTP Error 404: {"quoteSummary":{"result":null,"error":{"code":"Not Found","description":"Quote not found for symbol: LTIM.NS"}}}
2026-08-01 05:55:05,538 [WARNING] src.ingestion: [LTIM.NS] attempt 1 failed: yfinance returned an empty info payload for LTIM.NS (no exception, but no usable data — likely a transient Yahoo-side issue or an invalid/delisted symbol)
2026-08-01 05:55:07,745 [ERROR] yfinance: HTTP Error 404: {"quoteSummary":{"result":null,"error":{"code":"Not Found","description":"Quote not found for symbol: LTIM.NS"}}}
2026-08-01 05:55:07,808 [WARNING] src.ingestion: [LTIM.NS] attempt 2 failed: yfinance returned an empty info payload for LTIM.NS (no exception, but no usable data — likely a transient Yahoo-side issue or an invalid/delisted symbol)
2026-08-01 05:55:12,002 [ERROR] yfinance: HTTP Error 404: {"quoteSummary":{"result":null,"error":{"code":"Not Found","description":"Quote not found for symbol: LTIM.NS"}}}
2026-08-01 05:55:12,067 [WARNING] src.ingestion: [LTIM.NS] attempt 3 failed: yfinance returned an empty info payload for LTIM.NS (no exception, but no usable data — likely a transient Yahoo-side issue or an invalid/delisted symbol)
2026-08-01 05:55:12,467 [INFO] src.ingestion: [PERSISTENT.NS] fetching fresh data
2026-08-01 05:55:13,441 [INFO] src.ingestion: [COFORGE.NS] fetching fresh data
2026-08-01 05:55:14,508 [INFO] src.ingestion: [MPHASIS.NS] fetching fresh data
2026-08-01 05:55:15,577 [INFO] src.ingestion: [LTTS.NS] fetching fresh data
2026-08-01 05:55:16,620 [INFO] src.ingestion: [TATAELXSI.NS] fetching fresh data
2026-08-01 05:55:17,621 [INFO] src.ingestion: [CYIENT.NS] fetching fresh data
2026-08-01 05:55:18,623 [INFO] src.ingestion: [KPITTECH.NS] fetching fresh data
2026-08-01 05:55:19,697 [INFO] src.ingestion: [HDFCBANK.NS] fetching fresh data
2026-08-01 05:55:20,694 [INFO] src.ingestion: [ICICIBANK.NS] fetching fresh data
2026-08-01 05:55:21,869 [INFO] src.ingestion: [SBIN.NS] fetching fresh data
2026-08-01 05:55:22,898 [INFO] src.ingestion: [AXISBANK.NS] fetching fresh data
2026-08-01 05:55:23,897 [INFO] src.ingestion: [KOTAKBANK.NS] fetching fresh data
2026-08-01 05:55:24,961 [INFO] src.ingestion: [INDUSINDBK.NS] fetching fresh data
2026-08-01 05:55:25,919 [INFO] src.ingestion: [FEDERALBNK.NS] fetching fresh data
2026-08-01 05:55:26,861 [INFO] src.ingestion: [BANDHANBNK.NS] fetching fresh data
2026-08-01 05:55:27,798 [INFO] src.ingestion: [IDFCFIRSTB.NS] fetching fresh data
2026-08-01 05:55:28,724 [INFO] src.ingestion: [PNB.NS] fetching fresh data
2026-08-01 05:55:29,637 [INFO] src.ingestion: [BANKBARODA.NS] fetching fresh data
2026-08-01 05:55:30,651 [INFO] src.ingestion: [CANBK.NS] fetching fresh data
2026-08-01 05:55:31,585 [INFO] src.ingestion: [UNIONBANK.NS] fetching fresh data
2026-08-01 05:55:32,521 [INFO] src.ingestion: [AUBANK.NS] fetching fresh data
2026-08-01 05:55:33,469 [INFO] src.ingestion: [RBLBANK.NS] fetching fresh data
2026-08-01 05:55:34,404 [INFO] src.ingestion: [BANKINDIA.NS] fetching fresh data
2026-08-01 05:55:35,403 [INFO] src.ingestion: [CENTRALBK.NS] fetching fresh data
2026-08-01 05:55:36,400 [INFO] src.ingestion: [IOB.NS] fetching fresh data
2026-08-01 05:55:37,395 [INFO] src.ingestion: [UCOBANK.NS] fetching fresh data
2026-08-01 05:55:38,343 [INFO] src.ingestion: [BAJFINANCE.NS] fetching fresh data
2026-08-01 05:55:39,353 [INFO] src.ingestion: [BAJAJFINSV.NS] fetching fresh data
2026-08-01 05:55:40,351 [INFO] src.ingestion: [CHOLAFIN.NS] fetching fresh data
2026-08-01 05:55:41,345 [INFO] src.ingestion: [MUTHOOTFIN.NS] fetching fresh data
2026-08-01 05:55:42,331 [INFO] src.ingestion: [LICHSGFIN.NS] fetching fresh data
2026-08-01 05:55:43,266 [INFO] src.ingestion: [SHRIRAMFIN.NS] fetching fresh data
2026-08-01 05:55:44,330 [INFO] src.ingestion: [PFC.NS] fetching fresh data
2026-08-01 05:55:45,242 [INFO] src.ingestion: [RECLTD.NS] fetching fresh data
2026-08-01 05:55:46,196 [INFO] src.ingestion: [IRFC.NS] fetching fresh data
2026-08-01 05:55:47,203 [INFO] src.ingestion: [HUDCO.NS] fetching fresh data
2026-08-01 05:55:48,183 [INFO] src.ingestion: [BAJAJHLDNG.NS] fetching fresh data
2026-08-01 05:55:49,205 [INFO] src.ingestion: [SBICARD.NS] fetching fresh data
2026-08-01 05:55:50,226 [INFO] src.ingestion: [MANAPPURAM.NS] fetching fresh data
2026-08-01 05:55:51,168 [INFO] src.ingestion: [POONAWALLA.NS] fetching fresh data
2026-08-01 05:55:52,110 [INFO] src.ingestion: [HDFCLIFE.NS] fetching fresh data
2026-08-01 05:55:53,088 [INFO] src.ingestion: [SBILIFE.NS] fetching fresh data
2026-08-01 05:55:54,177 [INFO] src.ingestion: [ICICIPRULI.NS] fetching fresh data
2026-08-01 05:55:55,112 [INFO] src.ingestion: [ICICIGI.NS] fetching fresh data
2026-08-01 05:55:56,059 [INFO] src.ingestion: [LICI.NS] fetching fresh data
2026-08-01 05:55:57,045 [INFO] src.ingestion: [GICRE.NS] fetching fresh data
2026-08-01 05:55:57,997 [INFO] src.ingestion: [MARUTI.NS] fetching fresh data
2026-08-01 05:55:59,026 [INFO] src.ingestion: [TMPV.NS] fetching fresh data
2026-08-01 05:56:00,109 [INFO] src.ingestion: [TMCV.NS] fetching fresh data
2026-08-01 05:56:01,100 [INFO] src.ingestion: [M&M.NS] fetching fresh data
2026-08-01 05:56:02,195 [INFO] src.ingestion: [EICHERMOT.NS] fetching fresh data
2026-08-01 05:56:03,110 [INFO] src.ingestion: [HEROMOTOCO.NS] fetching fresh data
2026-08-01 05:56:04,126 [INFO] src.ingestion: [BAJAJ-AUTO.NS] fetching fresh data
2026-08-01 05:56:05,177 [INFO] src.ingestion: [TVSMOTOR.NS] fetching fresh data
2026-08-01 05:56:06,148 [INFO] src.ingestion: [ASHOKLEY.NS] fetching fresh data
2026-08-01 05:56:07,141 [INFO] src.ingestion: [BHARATFORG.NS] fetching fresh data
2026-08-01 05:56:08,177 [INFO] src.ingestion: [MOTHERSON.NS] fetching fresh data
2026-08-01 05:56:09,199 [INFO] src.ingestion: [BOSCHLTD.NS] fetching fresh data
2026-08-01 05:56:10,168 [INFO] src.ingestion: [MRF.NS] fetching fresh data
2026-08-01 05:56:11,189 [INFO] src.ingestion: [ENDURANCE.NS] fetching fresh data
2026-08-01 05:56:12,153 [INFO] src.ingestion: [EXIDEIND.NS] fetching fresh data
2026-08-01 05:56:13,187 [INFO] src.ingestion: [ARE&M.NS] fetching fresh data
2026-08-01 05:56:14,260 [INFO] src.ingestion: [SUNDRMFAST.NS] fetching fresh data
2026-08-01 05:56:15,345 [INFO] src.ingestion: [UNOMINDA.NS] fetching fresh data
2026-08-01 05:56:16,337 [INFO] src.ingestion: [SUNPHARMA.NS] fetching fresh data
2026-08-01 05:56:17,337 [INFO] src.ingestion: [DRREDDY.NS] fetching fresh data
2026-08-01 05:56:18,363 [INFO] src.ingestion: [CIPLA.NS] fetching fresh data
2026-08-01 05:56:19,367 [INFO] src.ingestion: [DIVISLAB.NS] fetching fresh data
2026-08-01 05:56:20,345 [INFO] src.ingestion: [LUPIN.NS] fetching fresh data
2026-08-01 05:56:21,312 [INFO] src.ingestion: [AUROPHARMA.NS] fetching fresh data
2026-08-01 05:56:22,425 [INFO] src.ingestion: [BIOCON.NS] fetching fresh data
2026-08-01 05:56:23,418 [INFO] src.ingestion: [TORNTPHARM.NS] fetching fresh data
2026-08-01 05:56:24,395 [INFO] src.ingestion: [ALKEM.NS] fetching fresh data
2026-08-01 05:56:25,477 [INFO] src.ingestion: [ABBOTINDIA.NS] fetching fresh data
2026-08-01 05:56:26,506 [INFO] src.ingestion: [APOLLOHOSP.NS] fetching fresh data
2026-08-01 05:56:27,593 [INFO] src.ingestion: [FORTIS.NS] fetching fresh data
2026-08-01 05:56:28,588 [INFO] src.ingestion: [LALPATHLAB.NS] fetching fresh data
2026-08-01 05:56:29,657 [INFO] src.ingestion: [METROPOLIS.NS] fetching fresh data
2026-08-01 05:56:30,812 [INFO] src.ingestion: [GLAND.NS] fetching fresh data
2026-08-01 05:56:31,822 [INFO] src.ingestion: [LAURUSLABS.NS] fetching fresh data
2026-08-01 05:56:32,756 [INFO] src.ingestion: [GLENMARK.NS] fetching fresh data
2026-08-01 05:56:33,801 [INFO] src.ingestion: [IPCALAB.NS] fetching fresh data
2026-08-01 05:56:34,811 [INFO] src.ingestion: [HINDUNILVR.NS] fetching fresh data
2026-08-01 05:56:35,776 [INFO] src.ingestion: [ITC.NS] fetching fresh data
2026-08-01 05:56:37,010 [INFO] src.ingestion: [NESTLEIND.NS] fetching fresh data
2026-08-01 05:56:37,983 [INFO] src.ingestion: [BRITANNIA.NS] fetching fresh data
2026-08-01 05:56:38,934 [INFO] src.ingestion: [DABUR.NS] fetching fresh data
2026-08-01 05:56:39,935 [INFO] src.ingestion: [GODREJCP.NS] fetching fresh data
2026-08-01 05:56:40,956 [INFO] src.ingestion: [MARICO.NS] fetching fresh data
2026-08-01 05:56:42,071 [INFO] src.ingestion: [COLPAL.NS] fetching fresh data
2026-08-01 05:56:43,137 [INFO] src.ingestion: [TATACONSUM.NS] fetching fresh data
2026-08-01 05:56:44,843 [INFO] src.ingestion: [VBL.NS] fetching fresh data
2026-08-01 05:56:45,880 [INFO] src.ingestion: [UNITDSPR.NS] fetching fresh data
2026-08-01 05:56:46,855 [INFO] src.ingestion: [EMAMILTD.NS] fetching fresh data
2026-08-01 05:56:47,881 [INFO] src.ingestion: [TATASTEEL.NS] fetching fresh data
2026-08-01 05:56:48,860 [INFO] src.ingestion: [JSWSTEEL.NS] fetching fresh data
2026-08-01 05:56:49,867 [INFO] src.ingestion: [HINDALCO.NS] fetching fresh data
2026-08-01 05:56:50,797 [INFO] src.ingestion: [VEDL.NS] fetching fresh data
2026-08-01 05:56:51,763 [INFO] src.ingestion: [COALINDIA.NS] fetching fresh data
2026-08-01 05:56:52,783 [INFO] src.ingestion: [NMDC.NS] fetching fresh data
2026-08-01 05:56:54,194 [INFO] src.ingestion: [SAIL.NS] fetching fresh data
2026-08-01 05:56:55,177 [INFO] src.ingestion: [JINDALSTEL.NS] fetching fresh data
2026-08-01 05:56:56,144 [INFO] src.ingestion: [APLAPOLLO.NS] fetching fresh data
2026-08-01 05:56:57,146 [INFO] src.ingestion: [NATIONALUM.NS] fetching fresh data
2026-08-01 05:56:58,198 [INFO] src.ingestion: [HINDCOPPER.NS] fetching fresh data
2026-08-01 05:56:59,164 [INFO] src.ingestion: [RATNAMANI.NS] fetching fresh data
2026-08-01 05:57:00,170 [INFO] src.ingestion: [HINDZINC.NS] fetching fresh data
2026-08-01 05:57:01,152 [INFO] src.ingestion: [WELCORP.NS] fetching fresh data
2026-08-01 05:57:02,124 [INFO] src.ingestion: [JSL.NS] fetching fresh data
2026-08-01 05:57:03,166 [INFO] src.ingestion: [RELIANCE.NS] fetching fresh data
2026-08-01 05:57:04,173 [INFO] src.ingestion: [ONGC.NS] fetching fresh data
2026-08-01 05:57:05,182 [INFO] src.ingestion: [BPCL.NS] fetching fresh data
2026-08-01 05:57:06,148 [INFO] src.ingestion: [IOC.NS] fetching fresh data
2026-08-01 05:57:07,166 [INFO] src.ingestion: [GAIL.NS] fetching fresh data
2026-08-01 05:57:08,227 [INFO] src.ingestion: [NTPC.NS] fetching fresh data
2026-08-01 05:57:09,201 [INFO] src.ingestion: [POWERGRID.NS] fetching fresh data
2026-08-01 05:57:10,203 [INFO] src.ingestion: [TATAPOWER.NS] fetching fresh data
2026-08-01 05:57:11,185 [INFO] src.ingestion: [ADANIGREEN.NS] fetching fresh data
2026-08-01 05:57:12,148 [INFO] src.ingestion: [ADANIPOWER.NS] fetching fresh data
2026-08-01 05:57:13,174 [INFO] src.ingestion: [TORNTPOWER.NS] fetching fresh data
2026-08-01 05:57:14,199 [INFO] src.ingestion: [LT.NS] fetching fresh data
2026-08-01 05:57:15,222 [INFO] src.ingestion: [SIEMENS.NS] fetching fresh data
2026-08-01 05:57:16,235 [INFO] src.ingestion: [ABB.NS] fetching fresh data
2026-08-01 05:57:17,208 [INFO] src.ingestion: [HAL.NS] fetching fresh data
2026-08-01 05:57:18,165 [INFO] src.ingestion: [BEL.NS] fetching fresh data
2026-08-01 05:57:19,235 [INFO] src.ingestion: [BHEL.NS] fetching fresh data
2026-08-01 05:57:20,223 [INFO] src.ingestion: [CUMMINSIND.NS] fetching fresh data
2026-08-01 05:57:21,230 [INFO] src.ingestion: [THERMAX.NS] fetching fresh data
2026-08-01 05:57:22,235 [INFO] src.ingestion: [POLYCAB.NS] fetching fresh data
2026-08-01 05:57:23,277 [INFO] src.ingestion: [KEI.NS] fetching fresh data
2026-08-01 05:57:24,329 [INFO] src.ingestion: [HAVELLS.NS] fetching fresh data
2026-08-01 05:57:25,374 [INFO] src.ingestion: [CROMPTON.NS] fetching fresh data
2026-08-01 05:57:26,308 [INFO] src.ingestion: [SUPREMEIND.NS] fetching fresh data
2026-08-01 05:57:27,239 [INFO] src.ingestion: [ASTRAL.NS] fetching fresh data
2026-08-01 05:57:28,274 [INFO] src.ingestion: [GRINDWELL.NS] fetching fresh data
2026-08-01 05:57:29,251 [INFO] src.ingestion: [CARBORUNIV.NS] fetching fresh data
2026-08-01 05:57:30,251 [INFO] src.ingestion: [TIMKEN.NS] fetching fresh data
2026-08-01 05:57:31,211 [INFO] src.ingestion: [SKFINDIA.NS] fetching fresh data
2026-08-01 05:57:32,189 [INFO] src.ingestion: [SRF.NS] fetching fresh data
2026-08-01 05:57:33,274 [INFO] src.ingestion: [PIIND.NS] fetching fresh data
2026-08-01 05:57:34,284 [INFO] src.ingestion: [DEEPAKNTR.NS] fetching fresh data
2026-08-01 05:57:35,312 [INFO] src.ingestion: [AARTIIND.NS] fetching fresh data
2026-08-01 05:57:36,271 [INFO] src.ingestion: [NAVINFLUOR.NS] fetching fresh data
2026-08-01 05:57:37,340 [INFO] src.ingestion: [UPL.NS] fetching fresh data
2026-08-01 05:57:38,285 [INFO] src.ingestion: [COROMANDEL.NS] fetching fresh data
2026-08-01 05:57:39,241 [INFO] src.ingestion: [CHAMBLFERT.NS] fetching fresh data
2026-08-01 05:57:40,251 [INFO] src.ingestion: [GNFC.NS] fetching fresh data
2026-08-01 05:57:41,330 [INFO] src.ingestion: [PIDILITIND.NS] fetching fresh data
2026-08-01 05:57:42,289 [INFO] src.ingestion: [TATACHEM.NS] fetching fresh data
2026-08-01 05:57:43,250 [INFO] src.ingestion: [GHCL.NS] fetching fresh data
2026-08-01 05:57:44,212 [INFO] src.ingestion: [TITAN.NS] fetching fresh data
2026-08-01 05:57:45,184 [INFO] src.ingestion: [DMART.NS] fetching fresh data
2026-08-01 05:57:46,122 [INFO] src.ingestion: [TRENT.NS] fetching fresh data
2026-08-01 05:57:47,056 [INFO] src.ingestion: [BATAINDIA.NS] fetching fresh data
2026-08-01 05:57:48,054 [INFO] src.ingestion: [PAGEIND.NS] fetching fresh data
2026-08-01 05:57:49,090 [INFO] src.ingestion: [JUBLFOOD.NS] fetching fresh data
2026-08-01 05:57:50,090 [INFO] src.ingestion: [VOLTAS.NS] fetching fresh data
2026-08-01 05:57:51,076 [INFO] src.ingestion: [DIXON.NS] fetching fresh data
2026-08-01 05:57:52,079 [INFO] src.ingestion: [RELAXO.NS] fetching fresh data
2026-08-01 05:57:53,058 [INFO] src.ingestion: [KAJARIACER.NS] fetching fresh data
2026-08-01 05:57:54,038 [INFO] src.ingestion: [WHIRLPOOL.NS] fetching fresh data
2026-08-01 05:57:55,076 [INFO] src.ingestion: [BLUESTARCO.NS] fetching fresh data
2026-08-01 05:57:56,100 [INFO] src.ingestion: [PGHH.NS] fetching fresh data
2026-08-01 05:57:57,097 [INFO] src.ingestion: [GILLETTE.NS] fetching fresh data
2026-08-01 05:57:58,046 [INFO] src.ingestion: [BHARTIARTL.NS] fetching fresh data
2026-08-01 05:57:59,099 [INFO] src.ingestion: [IDEA.NS] fetching fresh data
2026-08-01 05:58:00,214 [INFO] src.ingestion: [INDUSTOWER.NS] fetching fresh data
2026-08-01 05:58:01,218 [INFO] src.ingestion: [PVRINOX.NS] fetching fresh data
2026-08-01 05:58:02,178 [INFO] src.ingestion: [ZEEL.NS] fetching fresh data
2026-08-01 05:58:03,144 [INFO] src.ingestion: [ADANIPORTS.NS] fetching fresh data
2026-08-01 05:58:04,165 [INFO] src.ingestion: [ADANIENT.NS] fetching fresh data
2026-08-01 05:58:05,234 [INFO] src.ingestion: [GMRAIRPORT.NS] fetching fresh data
2026-08-01 05:58:06,223 [INFO] src.ingestion: [CONCOR.NS] fetching fresh data
2026-08-01 05:58:07,168 [INFO] src.ingestion: [IRCTC.NS] fetching fresh data
2026-08-01 05:58:08,140 [INFO] src.ingestion: [INDIGO.NS] fetching fresh data
2026-08-01 05:58:09,111 [INFO] src.ingestion: [RVNL.NS] fetching fresh data
2026-08-01 05:58:10,043 [INFO] src.ingestion: [IRCON.NS] fetching fresh data
2026-08-01 05:58:11,471 [INFO] src.ingestion: [NBCC.NS] fetching fresh data
2026-08-01 05:58:12,592 [INFO] src.ingestion: [NCC.NS] fetching fresh data
2026-08-01 05:58:13,545 [INFO] src.ingestion: [MAZDOCK.NS] fetching fresh data
2026-08-01 05:58:14,653 [INFO] src.ingestion: [COCHINSHIP.NS] fetching fresh data
2026-08-01 05:58:15,621 [INFO] src.ingestion: [DLF.NS] fetching fresh data
2026-08-01 05:58:16,569 [INFO] src.ingestion: [GODREJPROP.NS] fetching fresh data
2026-08-01 05:58:17,549 [INFO] src.ingestion: [OBEROIRLTY.NS] fetching fresh data
2026-08-01 05:58:18,627 [INFO] src.ingestion: [PRESTIGE.NS] fetching fresh data
2026-08-01 05:58:19,624 [INFO] src.ingestion: [PHOENIXLTD.NS] fetching fresh data
2026-08-01 05:58:20,662 [INFO] src.ingestion: [SOBHA.NS] fetching fresh data
2026-08-01 05:58:21,612 [INFO] src.ingestion: Fetched 200/201 tickers successfully
2026-08-01 05:58:21,612 [WARNING] src.ingestion: Failed tickers (excluded from downstream, not silently zeroed): ['LTIM.NS']
2026-08-01 05:58:21,612 [INFO] __main__: Ingestion validation passed: 200/201 tickers (100%)
2026-08-01 05:58:21,612 [INFO] __main__: === Stage 2/8: Cleaning ===
2026-08-01 05:58:21,618 [WARNING] src.cleaning: [CROMPTON.NS] EXCLUDED: missing critical fields: ['trailing_pe']
2026-08-01 05:58:21,619 [WARNING] src.cleaning: [INDIGO.NS] EXCLUDED: missing critical fields: ['trailing_pe']
2026-08-01 05:58:21,619 [WARNING] src.cleaning: [LTIM.NS] EXCLUDED: ingestion failed: yfinance returned an empty info payload for LTIM.NS (no exception, but no usable data — likely a transient Yahoo-side issue or an invalid/delisted symbol)
2026-08-01 05:58:21,619 [WARNING] src.cleaning: [TATACHEM.NS] EXCLUDED: missing critical fields: ['trailing_pe']
2026-08-01 05:58:21,619 [WARNING] src.cleaning: [TMPV.NS] EXCLUDED: missing critical fields: ['trailing_pe']
2026-08-01 05:58:21,619 [INFO] src.cleaning: [ABB.NS] non-critical missing fields: ['return_on_equity']
2026-08-01 05:58:21,620 [INFO] src.cleaning: [ACC.NS] non-critical missing fields: ['return_on_equity']
2026-08-01 05:58:21,620 [INFO] src.cleaning: [ADANIENT.NS] non-critical missing fields: ['return_on_equity']
2026-08-01 05:58:21,620 [INFO] src.cleaning: [ADANIGREEN.NS] non-critical missing fields: ['return_on_equity']
2026-08-01 05:58:21,620 [INFO] src.cleaning: [ADANIPORTS.NS] non-critical missing fields: ['return_on_equity']
2026-08-01 05:58:21,620 [INFO] src.cleaning: [ADANIPOWER.NS] non-critical missing fields: ['return_on_equity']
2026-08-01 05:58:21,620 [INFO] src.cleaning: [AMBUJACEM.NS] non-critical missing fields: ['return_on_equity']
2026-08-01 05:58:21,620 [INFO] src.cleaning: [AUBANK.NS] non-critical missing fields: ['ev_to_ebitda', 'return_on_equity', 'debt_to_equity']
2026-08-01 05:58:21,620 [INFO] src.cleaning: [AXISBANK.NS] non-critical missing fields: ['ev_to_ebitda', 'debt_to_equity']
2026-08-01 05:58:21,620 [INFO] src.cleaning: [BAJAJ-AUTO.NS] non-critical missing fields: ['return_on_equity']
2026-08-01 05:58:21,620 [WARNING] src.cleaning: [BAJAJHLDNG.NS] outlier values flagged: ['net_margin']
2026-08-01 05:58:21,620 [INFO] src.cleaning: [BAJFINANCE.NS] non-critical missing fields: ['ev_to_ebitda', 'return_on_equity']
2026-08-01 05:58:21,620 [INFO] src.cleaning: [BANDHANBNK.NS] non-critical missing fields: ['ev_to_ebitda', 'return_on_equity', 'debt_to_equity']
2026-08-01 05:58:21,620 [INFO] src.cleaning: [BANKBARODA.NS] non-critical missing fields: ['ev_to_ebitda', 'debt_to_equity']
2026-08-01 05:58:21,620 [INFO] src.cleaning: [BANKINDIA.NS] non-critical missing fields: ['ev_to_ebitda', 'debt_to_equity']
2026-08-01 05:58:21,620 [INFO] src.cleaning: [BEL.NS] non-critical missing fields: ['return_on_equity']
2026-08-01 05:58:21,620 [INFO] src.cleaning: [BHEL.NS] non-critical missing fields: ['return_on_equity']
2026-08-01 05:58:21,620 [INFO] src.cleaning: [BPCL.NS] non-critical missing fields: ['return_on_equity']
2026-08-01 05:58:21,620 [INFO] src.cleaning: [CANBK.NS] non-critical missing fields: ['ev_to_ebitda', 'return_on_equity', 'debt_to_equity']
2026-08-01 05:58:21,620 [INFO] src.cleaning: [CENTRALBK.NS] non-critical missing fields: ['ev_to_ebitda', 'debt_to_equity']
2026-08-01 05:58:21,620 [INFO] src.cleaning: [CHAMBLFERT.NS] non-critical missing fields: ['ev_to_ebitda', 'return_on_equity', 'total_debt']
2026-08-01 05:58:21,620 [INFO] src.cleaning: [CHOLAFIN.NS] non-critical missing fields: ['ev_to_ebitda', 'return_on_equity']
2026-08-01 05:58:21,620 [INFO] src.cleaning: [CIPLA.NS] non-critical missing fields: ['return_on_equity']
2026-08-01 05:58:21,620 [INFO] src.cleaning: [COALINDIA.NS] non-critical missing fields: ['return_on_equity']
2026-08-01 05:58:21,620 [INFO] src.cleaning: [COFORGE.NS] non-critical missing fields: ['return_on_equity']
2026-08-01 05:58:21,620 [INFO] src.cleaning: [COLPAL.NS] non-critical missing fields: ['return_on_equity']
2026-08-01 05:58:21,620 [INFO] src.cleaning: [CONCOR.NS] non-critical missing fields: ['return_on_equity']
2026-08-01 05:58:21,620 [INFO] src.cleaning: [COROMANDEL.NS] non-critical missing fields: ['return_on_equity']
2026-08-01 05:58:21,620 [INFO] src.cleaning: [CYIENT.NS] non-critical missing fields: ['return_on_equity']
2026-08-01 05:58:21,620 [INFO] src.cleaning: [DABUR.NS] non-critical missing fields: ['return_on_equity']
2026-08-01 05:58:21,620 [INFO] src.cleaning: [DALBHARAT.NS] non-critical missing fields: ['return_on_equity']
2026-08-01 05:58:21,620 [INFO] src.cleaning: [DMART.NS] non-critical missing fields: ['return_on_equity']
2026-08-01 05:58:21,620 [INFO] src.cleaning: [EICHERMOT.NS] non-critical missing fields: ['return_on_equity']
2026-08-01 05:58:21,620 [INFO] src.cleaning: [EXIDEIND.NS] non-critical missing fields: ['return_on_equity']
2026-08-01 05:58:21,620 [INFO] src.cleaning: [FEDERALBNK.NS] non-critical missing fields: ['ev_to_ebitda', 'return_on_equity', 'debt_to_equity']
2026-08-01 05:58:21,620 [INFO] src.cleaning: [GICRE.NS] non-critical missing fields: ['debt_to_equity']
2026-08-01 05:58:21,620 [INFO] src.cleaning: [GILLETTE.NS] non-critical missing fields: ['ev_to_ebitda', 'return_on_equity', 'total_debt']
2026-08-01 05:58:21,620 [WARNING] src.cleaning: [GMRAIRPORT.NS] outlier values flagged: ['trailing_pe']
2026-08-01 05:58:21,620 [WARNING] src.cleaning: [GMRAIRPORT.NS] negative/zero equity — DuPont ROE math will be invalid downstream
2026-08-01 05:58:21,620 [INFO] src.cleaning: [GMRAIRPORT.NS] non-critical missing fields: ['return_on_equity', 'debt_to_equity']
2026-08-01 05:58:21,620 [INFO] src.cleaning: [GRINDWELL.NS] non-critical missing fields: ['return_on_equity']
2026-08-01 05:58:21,620 [INFO] src.cleaning: [HAVELLS.NS] non-critical missing fields: ['return_on_equity']
2026-08-01 05:58:21,620 [WARNING] src.cleaning: [HCLTECH.NS] outlier values flagged: ['ev_to_ebitda']
2026-08-01 05:58:21,620 [INFO] src.cleaning: [HDFCBANK.NS] non-critical missing fields: ['ev_to_ebitda', 'debt_to_equity']
2026-08-01 05:58:21,620 [INFO] src.cleaning: [HEIDELBERG.NS] non-critical missing fields: ['return_on_equity']
2026-08-01 05:58:21,620 [INFO] src.cleaning: [HINDUNILVR.NS] non-critical missing fields: ['return_on_equity']
2026-08-01 05:58:21,620 [INFO] src.cleaning: [HINDZINC.NS] non-critical missing fields: ['return_on_equity']
2026-08-01 05:58:21,620 [INFO] src.cleaning: [HUDCO.NS] non-critical missing fields: ['ev_to_ebitda', 'return_on_equity']
2026-08-01 05:58:21,620 [INFO] src.cleaning: [ICICIBANK.NS] non-critical missing fields: ['ev_to_ebitda', 'debt_to_equity']
2026-08-01 05:58:21,620 [INFO] src.cleaning: [ICICIGI.NS] non-critical missing fields: ['debt_to_equity']
2026-08-01 05:58:21,620 [WARNING] src.cleaning: [IDEA.NS] negative/zero equity — DuPont ROE math will be invalid downstream
2026-08-01 05:58:21,620 [INFO] src.cleaning: [IDEA.NS] non-critical missing fields: ['return_on_equity', 'debt_to_equity']
2026-08-01 05:58:21,621 [INFO] src.cleaning: [IDFCFIRSTB.NS] non-critical missing fields: ['ev_to_ebitda', 'return_on_equity', 'debt_to_equity', 'total_debt']
2026-08-01 05:58:21,621 [INFO] src.cleaning: [INDUSINDBK.NS] non-critical missing fields: ['ev_to_ebitda', 'return_on_equity', 'debt_to_equity']
2026-08-01 05:58:21,621 [WARNING] src.cleaning: [INFY.NS] outlier values flagged: ['ev_to_ebitda']
2026-08-01 05:58:21,621 [INFO] src.cleaning: [IOB.NS] non-critical missing fields: ['ev_to_ebitda', 'debt_to_equity']
2026-08-01 05:58:21,621 [INFO] src.cleaning: [IRFC.NS] non-critical missing fields: ['ev_to_ebitda']
2026-08-01 05:58:21,621 [INFO] src.cleaning: [JINDALSTEL.NS] non-critical missing fields: ['return_on_equity']
2026-08-01 05:58:21,621 [INFO] src.cleaning: [JKCEMENT.NS] non-critical missing fields: ['return_on_equity']
2026-08-01 05:58:21,621 [INFO] src.cleaning: [JSWSTEEL.NS] non-critical missing fields: ['return_on_equity']
2026-08-01 05:58:21,621 [INFO] src.cleaning: [KOTAKBANK.NS] non-critical missing fields: ['ev_to_ebitda', 'return_on_equity', 'debt_to_equity']
2026-08-01 05:58:21,621 [INFO] src.cleaning: [KPITTECH.NS] non-critical missing fields: ['return_on_equity']
2026-08-01 05:58:21,621 [INFO] src.cleaning: [LALPATHLAB.NS] non-critical missing fields: ['return_on_equity']
2026-08-01 05:58:21,621 [INFO] src.cleaning: [LAURUSLABS.NS] non-critical missing fields: ['return_on_equity']
2026-08-01 05:58:21,621 [INFO] src.cleaning: [LICHSGFIN.NS] non-critical missing fields: ['ev_to_ebitda']
2026-08-01 05:58:21,621 [INFO] src.cleaning: [LTTS.NS] non-critical missing fields: ['return_on_equity']
2026-08-01 05:58:21,621 [INFO] src.cleaning: [LT.NS] non-critical missing fields: ['return_on_equity']
2026-08-01 05:58:21,621 [INFO] src.cleaning: [M&M.NS] non-critical missing fields: ['return_on_equity']
2026-08-01 05:58:21,621 [INFO] src.cleaning: [MANAPPURAM.NS] non-critical missing fields: ['ev_to_ebitda']
2026-08-01 05:58:21,621 [INFO] src.cleaning: [MUTHOOTFIN.NS] non-critical missing fields: ['ev_to_ebitda']
2026-08-01 05:58:21,621 [INFO] src.cleaning: [NESTLEIND.NS] non-critical missing fields: ['return_on_equity']
2026-08-01 05:58:21,621 [INFO] src.cleaning: [NTPC.NS] non-critical missing fields: ['return_on_equity']
2026-08-01 05:58:21,621 [INFO] src.cleaning: [OBEROIRLTY.NS] non-critical missing fields: ['return_on_equity']
2026-08-01 05:58:21,621 [INFO] src.cleaning: [PFC.NS] non-critical missing fields: ['ev_to_ebitda']
2026-08-01 05:58:21,621 [INFO] src.cleaning: [PGHH.NS] non-critical missing fields: ['return_on_equity']
2026-08-01 05:58:21,621 [INFO] src.cleaning: [PHOENIXLTD.NS] non-critical missing fields: ['return_on_equity']
2026-08-01 05:58:21,621 [INFO] src.cleaning: [PNB.NS] non-critical missing fields: ['ev_to_ebitda', 'debt_to_equity']
2026-08-01 05:58:21,621 [INFO] src.cleaning: [POONAWALLA.NS] non-critical missing fields: ['ev_to_ebitda', 'return_on_equity']
2026-08-01 05:58:21,621 [INFO] src.cleaning: [PVRINOX.NS] non-critical missing fields: ['return_on_equity']
2026-08-01 05:58:21,621 [INFO] src.cleaning: [RBLBANK.NS] non-critical missing fields: ['ev_to_ebitda', 'return_on_equity', 'debt_to_equity']
2026-08-01 05:58:21,621 [INFO] src.cleaning: [RECLTD.NS] non-critical missing fields: ['ev_to_ebitda', 'return_on_equity']
2026-08-01 05:58:21,621 [INFO] src.cleaning: [RELIANCE.NS] non-critical missing fields: ['return_on_equity']
2026-08-01 05:58:21,621 [INFO] src.cleaning: [SAIL.NS] non-critical missing fields: ['return_on_equity']
2026-08-01 05:58:21,621 [INFO] src.cleaning: [SBICARD.NS] non-critical missing fields: ['ev_to_ebitda', 'return_on_equity']
2026-08-01 05:58:21,621 [INFO] src.cleaning: [SBILIFE.NS] non-critical missing fields: ['debt_to_equity']
2026-08-01 05:58:21,621 [INFO] src.cleaning: [SBIN.NS] non-critical missing fields: ['ev_to_ebitda', 'debt_to_equity']
2026-08-01 05:58:21,621 [INFO] src.cleaning: [SHREECEM.NS] non-critical missing fields: ['return_on_equity']
2026-08-01 05:58:21,621 [INFO] src.cleaning: [SHRIRAMFIN.NS] non-critical missing fields: ['ev_to_ebitda']
2026-08-01 05:58:21,621 [INFO] src.cleaning: [SIEMENS.NS] non-critical missing fields: ['return_on_equity']
2026-08-01 05:58:21,621 [INFO] src.cleaning: [SOBHA.NS] non-critical missing fields: ['return_on_equity']
2026-08-01 05:58:21,621 [INFO] src.cleaning: [SRF.NS] non-critical missing fields: ['return_on_equity']
2026-08-01 05:58:21,621 [INFO] src.cleaning: [SUPREMEIND.NS] non-critical missing fields: ['return_on_equity']
2026-08-01 05:58:21,621 [INFO] src.cleaning: [TATACONSUM.NS] non-critical missing fields: ['return_on_equity']
2026-08-01 05:58:21,621 [INFO] src.cleaning: [TATAELXSI.NS] non-critical missing fields: ['return_on_equity']
2026-08-01 05:58:21,621 [INFO] src.cleaning: [TATAPOWER.NS] non-critical missing fields: ['return_on_equity']
2026-08-01 05:58:21,622 [INFO] src.cleaning: [TATASTEEL.NS] non-critical missing fields: ['return_on_equity']
2026-08-01 05:58:21,622 [INFO] src.cleaning: [TECHM.NS] non-critical missing fields: ['return_on_equity']
2026-08-01 05:58:21,622 [INFO] src.cleaning: [THERMAX.NS] non-critical missing fields: ['ev_to_ebitda', 'return_on_equity', 'total_debt']
2026-08-01 05:58:21,622 [INFO] src.cleaning: [TORNTPHARM.NS] non-critical missing fields: ['return_on_equity']
2026-08-01 05:58:21,622 [INFO] src.cleaning: [TVSMOTOR.NS] non-critical missing fields: ['return_on_equity']
2026-08-01 05:58:21,622 [INFO] src.cleaning: [UCOBANK.NS] non-critical missing fields: ['ev_to_ebitda', 'debt_to_equity']
2026-08-01 05:58:21,622 [INFO] src.cleaning: [ULTRACEMCO.NS] non-critical missing fields: ['return_on_equity']
2026-08-01 05:58:21,622 [INFO] src.cleaning: [UNIONBANK.NS] non-critical missing fields: ['ev_to_ebitda', 'debt_to_equity', 'revenue_growth', 'total_debt']
2026-08-01 05:58:21,622 [INFO] src.cleaning: [UNITDSPR.NS] non-critical missing fields: ['return_on_equity']
2026-08-01 05:58:21,622 [INFO] src.cleaning: [VEDL.NS] non-critical missing fields: ['return_on_equity']
2026-08-01 05:58:21,622 [INFO] src.cleaning: [WELCORP.NS] non-critical missing fields: ['return_on_equity']
2026-08-01 05:58:21,631 [INFO] src.cleaning: Cleaned 196/201 tickers -> data/processed/cleaned_universe.csv
2026-08-01 05:58:21,631 [INFO] src.cleaning: Full flag audit trail -> data/processed/cleaning_flags.csv
2026-08-01 05:58:21,631 [INFO] __main__: Cleaning validation passed: 196/201 tickers retained (98%)
2026-08-01 05:58:21,631 [INFO] __main__: === Stage 3/8: Scoring ===
2026-08-01 05:58:21,677 [INFO] src.scoring: Scored 196 companies -> data/processed/scored_universe.csv
2026-08-01 05:58:21,677 [INFO] src.scoring: Top 10 shortlist -> data/processed/shortlist_top_n.csv
2026-08-01 05:58:21,678 [WARNING] src.scoring: 24 companies scored on fewer than all 4 buckets (reweighted, not zero-filled) — see 'buckets_used' column: ['UNIONBANK.NS', 'IOB.NS', 'BANKINDIA.NS', 'CANBK.NS', 'PNB.NS', 'IDEA.NS', 'ICICIGI.NS', 'GICRE.NS', 'FEDERALBNK.NS', 'UCOBANK.NS', 'BANKBARODA.NS', 'KOTAKBANK.NS', 'SBIN.NS', 'AXISBANK.NS', 'ICICIBANK.NS', 'CENTRALBK.NS', 'HDFCBANK.NS', 'SBILIFE.NS', 'GMRAIRPORT.NS', 'AUBANK.NS', 'BANDHANBNK.NS', 'IDFCFIRSTB.NS', 'RBLBANK.NS', 'INDUSINDBK.NS']
2026-08-01 05:58:21,679 [INFO] __main__: Scoring validation passed: 196 companies ranked, all scores in valid range
2026-08-01 05:58:21,679 [INFO] __main__: === Stage 4/8: Comps + DuPont ===
2026-08-01 05:58:21,688 [INFO] src.comps_dupont: Comps + DuPont report for top 10 -> data/processed/comps_dupont_report.csv
2026-08-01 05:58:21,689 [WARNING] src.comps_dupont: 1 companies have a DuPont-implied ROE that diverges >5pp from reported ROE (possible data inconsistency, worth a manual check): ['IOB.NS']
2026-08-01 05:58:21,689 [INFO] __main__: === Stage 5/8: Explainability ===
2026-08-01 05:58:21,716 [INFO] src.explainability: Explanations for top 10 companies -> data/processed/explanations.csv
2026-08-01 05:58:21,717 [INFO] __main__: === Stage 6/8: Baseline Comparison ===
2026-08-01 05:58:21,723 [INFO] src.baseline_comparison: Baseline comparison -> data/processed/baseline_comparison.csv
2026-08-01 05:58:21,723 [INFO] __main__: === Stage 7/8: Acquisition Likelihood ===
2026-08-01 05:58:21,727 [INFO] src.acquisition_likelihood: 2 companies excluded from acquisition-likelihood scoring (negative/zero equity — financial distress, not a value-target thesis): ['IDEA.NS', 'GMRAIRPORT.NS']
2026-08-01 05:58:21,736 [INFO] src.acquisition_likelihood: Acquisition likelihood scoring -> data/processed/acquisition_likelihood.csv
2026-08-01 05:58:21,736 [INFO] __main__: === Stage 8/8: Historical Snapshot ===
2026-08-01 05:58:21,740 [INFO] src.history_tracker: Recorded shortlist snapshot for 2026-08-01 (10 companies) -> data/history/shortlist_history.csv (1 distinct days tracked so far)
2026-08-01 05:58:21,744 [INFO] src.history_tracker: Recorded acquisition-likelihood snapshot for 2026-08-01 (10 companies) -> data/history/acquisition_likelihood_history.csv (1 distinct days tracked so far)
2026-08-01 05:58:21,744 [INFO] __main__: === Pipeline completed successfully ===
2026-08-01 05:58:21,744 [INFO] __main__:   ingestion: {'total': 201, 'ok': 200}
2026-08-01 05:58:21,744 [INFO] __main__:   cleaning: {'retained': 196, 'input': 201}
2026-08-01 05:58:21,744 [INFO] __main__:   scoring: {'ranked': 196}
2026-08-01 05:58:21,744 [INFO] __main__:   comps_dupont: {'companies': 10}
2026-08-01 05:58:21,744 [INFO] __main__:   explainability: {'companies': 10}
2026-08-01 05:58:21,744 [INFO] __main__:   baseline_comparison: {'correlation': np.float64(0.43728473163162546), 'overlap_pct': 0.1}
2026-08-01 05:58:21,744 [INFO] __main__:   acquisition_likelihood: {'companies': 10}
2026-08-01 05:58:21,744 [INFO] __main__:   history_tracker: {'recorded': True}
