2026-07-23 05:54:06,725 [INFO] __main__: Logging to file: logs/pipeline_run_2026-07-23T05-54-06Z.log
2026-07-23 05:54:06,725 [INFO] __main__: === Stage 1/8: Ingestion ===
2026-07-23 05:54:06,757 [INFO] src.ingestion: [ACC.NS] fetching fresh data
2026-07-23 05:54:07,803 [INFO] src.ingestion: [AMBUJACEM.NS] fetching fresh data
2026-07-23 05:54:08,675 [INFO] src.ingestion: [ULTRACEMCO.NS] fetching fresh data
2026-07-23 05:54:09,531 [INFO] src.ingestion: [SHREECEM.NS] fetching fresh data
2026-07-23 05:54:10,432 [INFO] src.ingestion: [JKCEMENT.NS] fetching fresh data
2026-07-23 05:54:11,292 [INFO] src.ingestion: [RAMCOCEM.NS] fetching fresh data
2026-07-23 05:54:12,213 [INFO] src.ingestion: [HEIDELBERG.NS] fetching fresh data
2026-07-23 05:54:13,039 [INFO] src.ingestion: [DALBHARAT.NS] fetching fresh data
2026-07-23 05:54:13,863 [INFO] src.ingestion: [INFY.NS] fetching fresh data
2026-07-23 05:54:15,015 [INFO] src.ingestion: [TCS.NS] fetching fresh data
2026-07-23 05:54:16,000 [INFO] src.ingestion: [WIPRO.NS] fetching fresh data
2026-07-23 05:54:16,889 [INFO] src.ingestion: [HCLTECH.NS] fetching fresh data
2026-07-23 05:54:17,803 [INFO] src.ingestion: [TECHM.NS] fetching fresh data
2026-07-23 05:54:18,649 [INFO] src.ingestion: [LTIM.NS] fetching fresh data
2026-07-23 05:54:18,794 [ERROR] yfinance: HTTP Error 404: {"quoteSummary":{"result":null,"error":{"code":"Not Found","description":"Quote not found for symbol: LTIM.NS"}}}
2026-07-23 05:54:18,904 [WARNING] src.ingestion: [LTIM.NS] attempt 1 failed: yfinance returned an empty info payload for LTIM.NS (no exception, but no usable data — likely a transient Yahoo-side issue or an invalid/delisted symbol)
2026-07-23 05:54:21,047 [ERROR] yfinance: HTTP Error 404: {"quoteSummary":{"result":null,"error":{"code":"Not Found","description":"Quote not found for symbol: LTIM.NS"}}}
2026-07-23 05:54:21,081 [WARNING] src.ingestion: [LTIM.NS] attempt 2 failed: yfinance returned an empty info payload for LTIM.NS (no exception, but no usable data — likely a transient Yahoo-side issue or an invalid/delisted symbol)
2026-07-23 05:54:25,229 [ERROR] yfinance: HTTP Error 404: {"quoteSummary":{"result":null,"error":{"code":"Not Found","description":"Quote not found for symbol: LTIM.NS"}}}
2026-07-23 05:54:25,264 [WARNING] src.ingestion: [LTIM.NS] attempt 3 failed: yfinance returned an empty info payload for LTIM.NS (no exception, but no usable data — likely a transient Yahoo-side issue or an invalid/delisted symbol)
2026-07-23 05:54:25,665 [INFO] src.ingestion: [PERSISTENT.NS] fetching fresh data
2026-07-23 05:54:26,497 [INFO] src.ingestion: [COFORGE.NS] fetching fresh data
2026-07-23 05:54:27,455 [INFO] src.ingestion: [MPHASIS.NS] fetching fresh data
2026-07-23 05:54:28,245 [INFO] src.ingestion: [LTTS.NS] fetching fresh data
2026-07-23 05:54:29,103 [INFO] src.ingestion: [TATAELXSI.NS] fetching fresh data
2026-07-23 05:54:29,971 [INFO] src.ingestion: [CYIENT.NS] fetching fresh data
2026-07-23 05:54:30,851 [INFO] src.ingestion: [KPITTECH.NS] fetching fresh data
2026-07-23 05:54:31,677 [INFO] src.ingestion: [HDFCBANK.NS] fetching fresh data
2026-07-23 05:54:32,485 [INFO] src.ingestion: [ICICIBANK.NS] fetching fresh data
2026-07-23 05:54:33,430 [INFO] src.ingestion: [SBIN.NS] fetching fresh data
2026-07-23 05:54:34,295 [INFO] src.ingestion: [AXISBANK.NS] fetching fresh data
2026-07-23 05:54:35,094 [INFO] src.ingestion: [KOTAKBANK.NS] fetching fresh data
2026-07-23 05:54:35,971 [INFO] src.ingestion: [INDUSINDBK.NS] fetching fresh data
2026-07-23 05:54:36,799 [INFO] src.ingestion: [FEDERALBNK.NS] fetching fresh data
2026-07-23 05:54:37,604 [INFO] src.ingestion: [BANDHANBNK.NS] fetching fresh data
2026-07-23 05:54:38,414 [INFO] src.ingestion: [IDFCFIRSTB.NS] fetching fresh data
2026-07-23 05:54:39,269 [INFO] src.ingestion: [PNB.NS] fetching fresh data
2026-07-23 05:54:40,014 [INFO] src.ingestion: [BANKBARODA.NS] fetching fresh data
2026-07-23 05:54:40,856 [INFO] src.ingestion: [CANBK.NS] fetching fresh data
2026-07-23 05:54:41,696 [INFO] src.ingestion: [UNIONBANK.NS] fetching fresh data
2026-07-23 05:54:42,512 [INFO] src.ingestion: [AUBANK.NS] fetching fresh data
2026-07-23 05:54:43,302 [INFO] src.ingestion: [RBLBANK.NS] fetching fresh data
2026-07-23 05:54:44,105 [INFO] src.ingestion: [BANKINDIA.NS] fetching fresh data
2026-07-23 05:54:44,928 [INFO] src.ingestion: [CENTRALBK.NS] fetching fresh data
2026-07-23 05:54:45,712 [INFO] src.ingestion: [IOB.NS] fetching fresh data
2026-07-23 05:54:46,469 [INFO] src.ingestion: [UCOBANK.NS] fetching fresh data
2026-07-23 05:54:47,266 [INFO] src.ingestion: [BAJFINANCE.NS] fetching fresh data
2026-07-23 05:54:48,168 [INFO] src.ingestion: [BAJAJFINSV.NS] fetching fresh data
2026-07-23 05:54:49,072 [INFO] src.ingestion: [CHOLAFIN.NS] fetching fresh data
2026-07-23 05:54:50,157 [INFO] src.ingestion: [MUTHOOTFIN.NS] fetching fresh data
2026-07-23 05:54:51,087 [INFO] src.ingestion: [LICHSGFIN.NS] fetching fresh data
2026-07-23 05:54:51,889 [INFO] src.ingestion: [SHRIRAMFIN.NS] fetching fresh data
2026-07-23 05:54:53,370 [INFO] src.ingestion: [PFC.NS] fetching fresh data
2026-07-23 05:54:54,187 [INFO] src.ingestion: [RECLTD.NS] fetching fresh data
2026-07-23 05:54:55,006 [INFO] src.ingestion: [IRFC.NS] fetching fresh data
2026-07-23 05:54:55,817 [INFO] src.ingestion: [HUDCO.NS] fetching fresh data
2026-07-23 05:54:56,598 [INFO] src.ingestion: [BAJAJHLDNG.NS] fetching fresh data
2026-07-23 05:54:57,393 [INFO] src.ingestion: [SBICARD.NS] fetching fresh data
2026-07-23 05:54:58,230 [INFO] src.ingestion: [MANAPPURAM.NS] fetching fresh data
2026-07-23 05:54:59,288 [INFO] src.ingestion: [POONAWALLA.NS] fetching fresh data
2026-07-23 05:55:00,173 [INFO] src.ingestion: [HDFCLIFE.NS] fetching fresh data
2026-07-23 05:55:01,081 [INFO] src.ingestion: [SBILIFE.NS] fetching fresh data
2026-07-23 05:55:01,936 [INFO] src.ingestion: [ICICIPRULI.NS] fetching fresh data
2026-07-23 05:55:02,865 [INFO] src.ingestion: [ICICIGI.NS] fetching fresh data
2026-07-23 05:55:03,808 [INFO] src.ingestion: [LICI.NS] fetching fresh data
2026-07-23 05:55:04,644 [INFO] src.ingestion: [GICRE.NS] fetching fresh data
2026-07-23 05:55:05,435 [INFO] src.ingestion: [MARUTI.NS] fetching fresh data
2026-07-23 05:55:06,354 [INFO] src.ingestion: [TMPV.NS] fetching fresh data
2026-07-23 05:55:07,195 [INFO] src.ingestion: [TMCV.NS] fetching fresh data
2026-07-23 05:55:08,096 [INFO] src.ingestion: [M&M.NS] fetching fresh data
2026-07-23 05:55:08,920 [INFO] src.ingestion: [EICHERMOT.NS] fetching fresh data
2026-07-23 05:55:09,793 [INFO] src.ingestion: [HEROMOTOCO.NS] fetching fresh data
2026-07-23 05:55:10,663 [INFO] src.ingestion: [BAJAJ-AUTO.NS] fetching fresh data
2026-07-23 05:55:11,602 [INFO] src.ingestion: [TVSMOTOR.NS] fetching fresh data
2026-07-23 05:55:12,407 [INFO] src.ingestion: [ASHOKLEY.NS] fetching fresh data
2026-07-23 05:55:13,444 [INFO] src.ingestion: [BHARATFORG.NS] fetching fresh data
2026-07-23 05:55:14,327 [INFO] src.ingestion: [MOTHERSON.NS] fetching fresh data
2026-07-23 05:55:15,221 [INFO] src.ingestion: [BOSCHLTD.NS] fetching fresh data
2026-07-23 05:55:16,161 [INFO] src.ingestion: [MRF.NS] fetching fresh data
2026-07-23 05:55:17,027 [INFO] src.ingestion: [ENDURANCE.NS] fetching fresh data
2026-07-23 05:55:17,954 [INFO] src.ingestion: [EXIDEIND.NS] fetching fresh data
2026-07-23 05:55:18,851 [INFO] src.ingestion: [ARE&M.NS] fetching fresh data
2026-07-23 05:55:19,659 [INFO] src.ingestion: [SUNDRMFAST.NS] fetching fresh data
2026-07-23 05:55:20,585 [INFO] src.ingestion: [UNOMINDA.NS] fetching fresh data
2026-07-23 05:55:21,522 [INFO] src.ingestion: [SUNPHARMA.NS] fetching fresh data
2026-07-23 05:55:22,336 [INFO] src.ingestion: [DRREDDY.NS] fetching fresh data
2026-07-23 05:55:23,173 [INFO] src.ingestion: [CIPLA.NS] fetching fresh data
2026-07-23 05:55:23,999 [INFO] src.ingestion: [DIVISLAB.NS] fetching fresh data
2026-07-23 05:55:24,967 [INFO] src.ingestion: [LUPIN.NS] fetching fresh data
2026-07-23 05:55:25,748 [INFO] src.ingestion: [AUROPHARMA.NS] fetching fresh data
2026-07-23 05:55:26,615 [INFO] src.ingestion: [BIOCON.NS] fetching fresh data
2026-07-23 05:55:27,640 [INFO] src.ingestion: [TORNTPHARM.NS] fetching fresh data
2026-07-23 05:55:28,429 [INFO] src.ingestion: [ALKEM.NS] fetching fresh data
2026-07-23 05:55:29,223 [INFO] src.ingestion: [ABBOTINDIA.NS] fetching fresh data
2026-07-23 05:55:30,072 [INFO] src.ingestion: [APOLLOHOSP.NS] fetching fresh data
2026-07-23 05:55:31,181 [INFO] src.ingestion: [FORTIS.NS] fetching fresh data
2026-07-23 05:55:32,201 [INFO] src.ingestion: [LALPATHLAB.NS] fetching fresh data
2026-07-23 05:55:33,024 [INFO] src.ingestion: [METROPOLIS.NS] fetching fresh data
2026-07-23 05:55:33,948 [INFO] src.ingestion: [GLAND.NS] fetching fresh data
2026-07-23 05:55:34,889 [INFO] src.ingestion: [LAURUSLABS.NS] fetching fresh data
2026-07-23 05:55:35,772 [INFO] src.ingestion: [GLENMARK.NS] fetching fresh data
2026-07-23 05:55:36,747 [INFO] src.ingestion: [IPCALAB.NS] fetching fresh data
2026-07-23 05:55:37,543 [INFO] src.ingestion: [HINDUNILVR.NS] fetching fresh data
2026-07-23 05:55:38,333 [INFO] src.ingestion: [ITC.NS] fetching fresh data
2026-07-23 05:55:39,248 [INFO] src.ingestion: [NESTLEIND.NS] fetching fresh data
2026-07-23 05:55:40,064 [INFO] src.ingestion: [BRITANNIA.NS] fetching fresh data
2026-07-23 05:55:40,885 [INFO] src.ingestion: [DABUR.NS] fetching fresh data
2026-07-23 05:55:41,828 [INFO] src.ingestion: [GODREJCP.NS] fetching fresh data
2026-07-23 05:55:42,701 [INFO] src.ingestion: [MARICO.NS] fetching fresh data
2026-07-23 05:55:43,720 [INFO] src.ingestion: [COLPAL.NS] fetching fresh data
2026-07-23 05:55:44,675 [INFO] src.ingestion: [TATACONSUM.NS] fetching fresh data
2026-07-23 05:55:45,502 [INFO] src.ingestion: [VBL.NS] fetching fresh data
2026-07-23 05:55:46,471 [INFO] src.ingestion: [UNITDSPR.NS] fetching fresh data
2026-07-23 05:55:47,443 [INFO] src.ingestion: [EMAMILTD.NS] fetching fresh data
2026-07-23 05:55:48,294 [INFO] src.ingestion: [TATASTEEL.NS] fetching fresh data
2026-07-23 05:55:49,182 [INFO] src.ingestion: [JSWSTEEL.NS] fetching fresh data
2026-07-23 05:55:50,019 [INFO] src.ingestion: [HINDALCO.NS] fetching fresh data
2026-07-23 05:55:50,960 [INFO] src.ingestion: [VEDL.NS] fetching fresh data
2026-07-23 05:55:51,904 [INFO] src.ingestion: [COALINDIA.NS] fetching fresh data
2026-07-23 05:55:53,119 [INFO] src.ingestion: [NMDC.NS] fetching fresh data
2026-07-23 05:55:53,944 [INFO] src.ingestion: [SAIL.NS] fetching fresh data
2026-07-23 05:55:54,819 [INFO] src.ingestion: [JINDALSTEL.NS] fetching fresh data
2026-07-23 05:55:55,735 [INFO] src.ingestion: [APLAPOLLO.NS] fetching fresh data
2026-07-23 05:55:56,633 [INFO] src.ingestion: [NATIONALUM.NS] fetching fresh data
2026-07-23 05:55:57,511 [INFO] src.ingestion: [HINDCOPPER.NS] fetching fresh data
2026-07-23 05:55:58,288 [INFO] src.ingestion: [RATNAMANI.NS] fetching fresh data
2026-07-23 05:55:59,203 [INFO] src.ingestion: [HINDZINC.NS] fetching fresh data
2026-07-23 05:56:00,007 [INFO] src.ingestion: [WELCORP.NS] fetching fresh data
2026-07-23 05:56:00,965 [INFO] src.ingestion: [JSL.NS] fetching fresh data
2026-07-23 05:56:01,741 [INFO] src.ingestion: [RELIANCE.NS] fetching fresh data
2026-07-23 05:56:02,615 [INFO] src.ingestion: [ONGC.NS] fetching fresh data
2026-07-23 05:56:03,559 [INFO] src.ingestion: [BPCL.NS] fetching fresh data
2026-07-23 05:56:04,506 [INFO] src.ingestion: [IOC.NS] fetching fresh data
2026-07-23 05:56:05,440 [INFO] src.ingestion: [GAIL.NS] fetching fresh data
2026-07-23 05:56:06,340 [INFO] src.ingestion: [NTPC.NS] fetching fresh data
2026-07-23 05:56:07,154 [INFO] src.ingestion: [POWERGRID.NS] fetching fresh data
2026-07-23 05:56:08,293 [INFO] src.ingestion: [TATAPOWER.NS] fetching fresh data
2026-07-23 05:56:09,352 [INFO] src.ingestion: [ADANIGREEN.NS] fetching fresh data
2026-07-23 05:56:10,136 [INFO] src.ingestion: [ADANIPOWER.NS] fetching fresh data
2026-07-23 05:56:10,933 [INFO] src.ingestion: [TORNTPOWER.NS] fetching fresh data
2026-07-23 05:56:11,789 [INFO] src.ingestion: [LT.NS] fetching fresh data
2026-07-23 05:56:12,637 [INFO] src.ingestion: [SIEMENS.NS] fetching fresh data
2026-07-23 05:56:13,553 [INFO] src.ingestion: [ABB.NS] fetching fresh data
2026-07-23 05:56:14,548 [INFO] src.ingestion: [HAL.NS] fetching fresh data
2026-07-23 05:56:15,503 [INFO] src.ingestion: [BEL.NS] fetching fresh data
2026-07-23 05:56:16,403 [INFO] src.ingestion: [BHEL.NS] fetching fresh data
2026-07-23 05:56:17,408 [INFO] src.ingestion: [CUMMINSIND.NS] fetching fresh data
2026-07-23 05:56:17,555 [ERROR] yfinance: HTTP Error 500: {"finance":{"result":null,"error":{"code":"Internal Server Error","description":"Server caught an exception"}}}
2026-07-23 05:56:18,919 [INFO] src.ingestion: [THERMAX.NS] fetching fresh data
2026-07-23 05:56:19,785 [INFO] src.ingestion: [POLYCAB.NS] fetching fresh data
2026-07-23 05:56:20,748 [INFO] src.ingestion: [KEI.NS] fetching fresh data
2026-07-23 05:56:21,546 [INFO] src.ingestion: [HAVELLS.NS] fetching fresh data
2026-07-23 05:56:22,427 [INFO] src.ingestion: [CROMPTON.NS] fetching fresh data
2026-07-23 05:56:23,334 [INFO] src.ingestion: [SUPREMEIND.NS] fetching fresh data
2026-07-23 05:56:24,153 [INFO] src.ingestion: [ASTRAL.NS] fetching fresh data
2026-07-23 05:56:24,967 [INFO] src.ingestion: [GRINDWELL.NS] fetching fresh data
2026-07-23 05:56:25,754 [INFO] src.ingestion: [CARBORUNIV.NS] fetching fresh data
2026-07-23 05:56:26,555 [INFO] src.ingestion: [TIMKEN.NS] fetching fresh data
2026-07-23 05:56:27,468 [INFO] src.ingestion: [SKFINDIA.NS] fetching fresh data
2026-07-23 05:56:28,278 [INFO] src.ingestion: [SRF.NS] fetching fresh data
2026-07-23 05:56:29,123 [INFO] src.ingestion: [PIIND.NS] fetching fresh data
2026-07-23 05:56:29,903 [INFO] src.ingestion: [DEEPAKNTR.NS] fetching fresh data
2026-07-23 05:56:31,267 [INFO] src.ingestion: [AARTIIND.NS] fetching fresh data
2026-07-23 05:56:32,060 [INFO] src.ingestion: [NAVINFLUOR.NS] fetching fresh data
2026-07-23 05:56:32,873 [INFO] src.ingestion: [UPL.NS] fetching fresh data
2026-07-23 05:56:33,659 [INFO] src.ingestion: [COROMANDEL.NS] fetching fresh data
2026-07-23 05:56:34,485 [INFO] src.ingestion: [CHAMBLFERT.NS] fetching fresh data
2026-07-23 05:56:35,268 [INFO] src.ingestion: [GNFC.NS] fetching fresh data
2026-07-23 05:56:36,123 [INFO] src.ingestion: [PIDILITIND.NS] fetching fresh data
2026-07-23 05:56:37,083 [INFO] src.ingestion: [TATACHEM.NS] fetching fresh data
2026-07-23 05:56:38,038 [INFO] src.ingestion: [GHCL.NS] fetching fresh data
2026-07-23 05:56:38,865 [INFO] src.ingestion: [TITAN.NS] fetching fresh data
2026-07-23 05:56:39,828 [INFO] src.ingestion: [DMART.NS] fetching fresh data
2026-07-23 05:56:40,803 [INFO] src.ingestion: [TRENT.NS] fetching fresh data
2026-07-23 05:56:41,617 [INFO] src.ingestion: [BATAINDIA.NS] fetching fresh data
2026-07-23 05:56:42,522 [INFO] src.ingestion: [PAGEIND.NS] fetching fresh data
2026-07-23 05:56:43,462 [INFO] src.ingestion: [JUBLFOOD.NS] fetching fresh data
2026-07-23 05:56:44,289 [INFO] src.ingestion: [VOLTAS.NS] fetching fresh data
2026-07-23 05:56:45,187 [INFO] src.ingestion: [DIXON.NS] fetching fresh data
2026-07-23 05:56:49,769 [INFO] src.ingestion: [RELAXO.NS] fetching fresh data
2026-07-23 05:56:50,676 [INFO] src.ingestion: [KAJARIACER.NS] fetching fresh data
2026-07-23 05:56:51,662 [INFO] src.ingestion: [WHIRLPOOL.NS] fetching fresh data
2026-07-23 05:56:52,537 [INFO] src.ingestion: [BLUESTARCO.NS] fetching fresh data
2026-07-23 05:56:53,412 [INFO] src.ingestion: [PGHH.NS] fetching fresh data
2026-07-23 05:56:54,329 [INFO] src.ingestion: [GILLETTE.NS] fetching fresh data
2026-07-23 05:56:55,097 [INFO] src.ingestion: [BHARTIARTL.NS] fetching fresh data
2026-07-23 05:56:55,943 [INFO] src.ingestion: [IDEA.NS] fetching fresh data
2026-07-23 05:56:56,727 [INFO] src.ingestion: [INDUSTOWER.NS] fetching fresh data
2026-07-23 05:56:57,773 [INFO] src.ingestion: [PVRINOX.NS] fetching fresh data
2026-07-23 05:56:58,698 [INFO] src.ingestion: [ZEEL.NS] fetching fresh data
2026-07-23 05:56:59,621 [INFO] src.ingestion: [ADANIPORTS.NS] fetching fresh data
2026-07-23 05:57:00,434 [INFO] src.ingestion: [ADANIENT.NS] fetching fresh data
2026-07-23 05:57:01,350 [INFO] src.ingestion: [GMRAIRPORT.NS] fetching fresh data
2026-07-23 05:57:02,182 [INFO] src.ingestion: [CONCOR.NS] fetching fresh data
2026-07-23 05:57:03,014 [INFO] src.ingestion: [IRCTC.NS] fetching fresh data
2026-07-23 05:57:03,949 [INFO] src.ingestion: [INDIGO.NS] fetching fresh data
2026-07-23 05:57:04,784 [INFO] src.ingestion: [RVNL.NS] fetching fresh data
2026-07-23 05:57:05,587 [INFO] src.ingestion: [IRCON.NS] fetching fresh data
2026-07-23 05:57:06,449 [INFO] src.ingestion: [NBCC.NS] fetching fresh data
2026-07-23 05:57:07,270 [INFO] src.ingestion: [NCC.NS] fetching fresh data
2026-07-23 05:57:08,038 [INFO] src.ingestion: [MAZDOCK.NS] fetching fresh data
2026-07-23 05:57:08,824 [INFO] src.ingestion: [COCHINSHIP.NS] fetching fresh data
2026-07-23 05:57:09,755 [INFO] src.ingestion: [DLF.NS] fetching fresh data
2026-07-23 05:57:10,633 [INFO] src.ingestion: [GODREJPROP.NS] fetching fresh data
2026-07-23 05:57:11,450 [INFO] src.ingestion: [OBEROIRLTY.NS] fetching fresh data
2026-07-23 05:57:12,426 [INFO] src.ingestion: [PRESTIGE.NS] fetching fresh data
2026-07-23 05:57:13,230 [INFO] src.ingestion: [PHOENIXLTD.NS] fetching fresh data
2026-07-23 05:57:14,009 [INFO] src.ingestion: [SOBHA.NS] fetching fresh data
2026-07-23 05:57:14,877 [INFO] src.ingestion: Fetched 200/201 tickers successfully
2026-07-23 05:57:14,877 [WARNING] src.ingestion: Failed tickers (excluded from downstream, not silently zeroed): ['LTIM.NS']
2026-07-23 05:57:14,877 [INFO] __main__: Ingestion validation passed: 200/201 tickers (100%)
2026-07-23 05:57:14,877 [INFO] __main__: === Stage 2/8: Cleaning ===
2026-07-23 05:57:14,885 [WARNING] src.cleaning: [CROMPTON.NS] EXCLUDED: missing critical fields: ['trailing_pe']
2026-07-23 05:57:14,885 [WARNING] src.cleaning: [INDIGO.NS] EXCLUDED: missing critical fields: ['trailing_pe']
2026-07-23 05:57:14,885 [WARNING] src.cleaning: [LTIM.NS] EXCLUDED: ingestion failed: yfinance returned an empty info payload for LTIM.NS (no exception, but no usable data — likely a transient Yahoo-side issue or an invalid/delisted symbol)
2026-07-23 05:57:14,886 [WARNING] src.cleaning: [TATACHEM.NS] EXCLUDED: missing critical fields: ['trailing_pe']
2026-07-23 05:57:14,886 [WARNING] src.cleaning: [TMPV.NS] EXCLUDED: missing critical fields: ['trailing_pe']
2026-07-23 05:57:14,886 [INFO] src.cleaning: [ABB.NS] non-critical missing fields: ['return_on_equity']
2026-07-23 05:57:14,886 [INFO] src.cleaning: [AUBANK.NS] non-critical missing fields: ['ev_to_ebitda', 'return_on_equity', 'debt_to_equity']
2026-07-23 05:57:14,886 [INFO] src.cleaning: [AXISBANK.NS] non-critical missing fields: ['ev_to_ebitda', 'debt_to_equity']
2026-07-23 05:57:14,886 [INFO] src.cleaning: [BAJAJ-AUTO.NS] non-critical missing fields: ['return_on_equity']
2026-07-23 05:57:14,886 [WARNING] src.cleaning: [BAJAJHLDNG.NS] outlier values flagged: ['net_margin']
2026-07-23 05:57:14,886 [INFO] src.cleaning: [BAJFINANCE.NS] non-critical missing fields: ['ev_to_ebitda']
2026-07-23 05:57:14,886 [INFO] src.cleaning: [BANDHANBNK.NS] non-critical missing fields: ['ev_to_ebitda', 'debt_to_equity']
2026-07-23 05:57:14,886 [INFO] src.cleaning: [BANKBARODA.NS] non-critical missing fields: ['ev_to_ebitda', 'debt_to_equity']
2026-07-23 05:57:14,886 [INFO] src.cleaning: [BANKINDIA.NS] non-critical missing fields: ['ev_to_ebitda', 'debt_to_equity']
2026-07-23 05:57:14,886 [INFO] src.cleaning: [BHEL.NS] non-critical missing fields: ['return_on_equity']
2026-07-23 05:57:14,886 [INFO] src.cleaning: [CANBK.NS] non-critical missing fields: ['ev_to_ebitda', 'debt_to_equity']
2026-07-23 05:57:14,886 [INFO] src.cleaning: [CENTRALBK.NS] non-critical missing fields: ['ev_to_ebitda', 'debt_to_equity']
2026-07-23 05:57:14,886 [INFO] src.cleaning: [CHOLAFIN.NS] non-critical missing fields: ['ev_to_ebitda']
2026-07-23 05:57:14,887 [INFO] src.cleaning: [CUMMINSIND.NS] non-critical missing fields: ['ev_to_ebitda', 'return_on_equity', 'debt_to_equity', 'revenue_growth', 'net_margin', 'asset_turnover', 'total_debt']
2026-07-23 05:57:14,887 [INFO] src.cleaning: [DMART.NS] non-critical missing fields: ['return_on_equity']
2026-07-23 05:57:14,887 [INFO] src.cleaning: [FEDERALBNK.NS] non-critical missing fields: ['ev_to_ebitda', 'return_on_equity', 'debt_to_equity']
2026-07-23 05:57:14,887 [INFO] src.cleaning: [GICRE.NS] non-critical missing fields: ['debt_to_equity']
2026-07-23 05:57:14,887 [WARNING] src.cleaning: [GMRAIRPORT.NS] outlier values flagged: ['trailing_pe']
2026-07-23 05:57:14,887 [WARNING] src.cleaning: [GMRAIRPORT.NS] negative/zero equity — DuPont ROE math will be invalid downstream
2026-07-23 05:57:14,887 [INFO] src.cleaning: [GMRAIRPORT.NS] non-critical missing fields: ['return_on_equity', 'debt_to_equity']
2026-07-23 05:57:14,887 [INFO] src.cleaning: [HAVELLS.NS] non-critical missing fields: ['return_on_equity']
2026-07-23 05:57:14,887 [WARNING] src.cleaning: [HCLTECH.NS] outlier values flagged: ['ev_to_ebitda']
2026-07-23 05:57:14,887 [INFO] src.cleaning: [HDFCBANK.NS] non-critical missing fields: ['ev_to_ebitda', 'debt_to_equity']
2026-07-23 05:57:14,887 [INFO] src.cleaning: [HUDCO.NS] non-critical missing fields: ['ev_to_ebitda']
2026-07-23 05:57:14,887 [INFO] src.cleaning: [ICICIBANK.NS] non-critical missing fields: ['ev_to_ebitda', 'debt_to_equity']
2026-07-23 05:57:14,887 [INFO] src.cleaning: [ICICIGI.NS] non-critical missing fields: ['debt_to_equity']
2026-07-23 05:57:14,887 [WARNING] src.cleaning: [IDEA.NS] negative/zero equity — DuPont ROE math will be invalid downstream
2026-07-23 05:57:14,887 [INFO] src.cleaning: [IDEA.NS] non-critical missing fields: ['return_on_equity', 'debt_to_equity']
2026-07-23 05:57:14,887 [INFO] src.cleaning: [IDFCFIRSTB.NS] non-critical missing fields: ['ev_to_ebitda', 'return_on_equity', 'debt_to_equity', 'total_debt']
2026-07-23 05:57:14,887 [INFO] src.cleaning: [INDUSINDBK.NS] non-critical missing fields: ['ev_to_ebitda', 'debt_to_equity']
2026-07-23 05:57:14,887 [WARNING] src.cleaning: [INFY.NS] outlier values flagged: ['ev_to_ebitda']
2026-07-23 05:57:14,887 [INFO] src.cleaning: [IOB.NS] non-critical missing fields: ['ev_to_ebitda', 'debt_to_equity']
2026-07-23 05:57:14,887 [INFO] src.cleaning: [IRFC.NS] non-critical missing fields: ['ev_to_ebitda']
2026-07-23 05:57:14,887 [INFO] src.cleaning: [JKCEMENT.NS] non-critical missing fields: ['return_on_equity']
2026-07-23 05:57:14,887 [INFO] src.cleaning: [JSWSTEEL.NS] non-critical missing fields: ['return_on_equity']
2026-07-23 05:57:14,887 [INFO] src.cleaning: [KOTAKBANK.NS] non-critical missing fields: ['ev_to_ebitda', 'return_on_equity', 'debt_to_equity']
2026-07-23 05:57:14,887 [INFO] src.cleaning: [LICHSGFIN.NS] non-critical missing fields: ['ev_to_ebitda']
2026-07-23 05:57:14,887 [INFO] src.cleaning: [LTTS.NS] non-critical missing fields: ['return_on_equity']
2026-07-23 05:57:14,887 [INFO] src.cleaning: [MANAPPURAM.NS] non-critical missing fields: ['ev_to_ebitda']
2026-07-23 05:57:14,887 [INFO] src.cleaning: [MUTHOOTFIN.NS] non-critical missing fields: ['ev_to_ebitda']
2026-07-23 05:57:14,887 [INFO] src.cleaning: [OBEROIRLTY.NS] non-critical missing fields: ['return_on_equity']
2026-07-23 05:57:14,887 [INFO] src.cleaning: [PFC.NS] non-critical missing fields: ['ev_to_ebitda']
2026-07-23 05:57:14,887 [INFO] src.cleaning: [PNB.NS] non-critical missing fields: ['ev_to_ebitda', 'debt_to_equity']
2026-07-23 05:57:14,887 [INFO] src.cleaning: [POONAWALLA.NS] non-critical missing fields: ['ev_to_ebitda', 'return_on_equity']
2026-07-23 05:57:14,887 [INFO] src.cleaning: [RBLBANK.NS] non-critical missing fields: ['ev_to_ebitda', 'return_on_equity', 'debt_to_equity']
2026-07-23 05:57:14,888 [INFO] src.cleaning: [RECLTD.NS] non-critical missing fields: ['ev_to_ebitda']
2026-07-23 05:57:14,888 [INFO] src.cleaning: [RELIANCE.NS] non-critical missing fields: ['return_on_equity']
2026-07-23 05:57:14,888 [INFO] src.cleaning: [SBICARD.NS] non-critical missing fields: ['ev_to_ebitda']
2026-07-23 05:57:14,888 [INFO] src.cleaning: [SBILIFE.NS] non-critical missing fields: ['debt_to_equity']
2026-07-23 05:57:14,888 [INFO] src.cleaning: [SBIN.NS] non-critical missing fields: ['ev_to_ebitda', 'debt_to_equity']
2026-07-23 05:57:14,888 [INFO] src.cleaning: [SHREECEM.NS] non-critical missing fields: ['return_on_equity']
2026-07-23 05:57:14,888 [INFO] src.cleaning: [SHRIRAMFIN.NS] non-critical missing fields: ['ev_to_ebitda']
2026-07-23 05:57:14,888 [INFO] src.cleaning: [SIEMENS.NS] non-critical missing fields: ['return_on_equity']
2026-07-23 05:57:14,888 [INFO] src.cleaning: [SOBHA.NS] non-critical missing fields: ['return_on_equity']
2026-07-23 05:57:14,888 [INFO] src.cleaning: [TATAELXSI.NS] non-critical missing fields: ['return_on_equity']
2026-07-23 05:57:14,888 [INFO] src.cleaning: [TECHM.NS] non-critical missing fields: ['return_on_equity']
2026-07-23 05:57:14,888 [INFO] src.cleaning: [TVSMOTOR.NS] non-critical missing fields: ['return_on_equity']
2026-07-23 05:57:14,888 [INFO] src.cleaning: [UCOBANK.NS] non-critical missing fields: ['ev_to_ebitda', 'debt_to_equity']
2026-07-23 05:57:14,888 [INFO] src.cleaning: [ULTRACEMCO.NS] non-critical missing fields: ['return_on_equity']
2026-07-23 05:57:14,888 [INFO] src.cleaning: [UNIONBANK.NS] non-critical missing fields: ['ev_to_ebitda', 'debt_to_equity', 'revenue_growth', 'total_debt']
2026-07-23 05:57:14,888 [INFO] src.cleaning: [VBL.NS] non-critical missing fields: ['return_on_equity']
2026-07-23 05:57:14,896 [INFO] src.cleaning: Cleaned 196/201 tickers -> data/processed/cleaned_universe.csv
2026-07-23 05:57:14,897 [INFO] src.cleaning: Full flag audit trail -> data/processed/cleaning_flags.csv
2026-07-23 05:57:14,897 [INFO] __main__: Cleaning validation passed: 196/201 tickers retained (98%)
2026-07-23 05:57:14,897 [INFO] __main__: === Stage 3/8: Scoring ===
2026-07-23 05:57:14,951 [INFO] src.scoring: Scored 196 companies -> data/processed/scored_universe.csv
2026-07-23 05:57:14,951 [INFO] src.scoring: Top 10 shortlist -> data/processed/shortlist_top_n.csv
2026-07-23 05:57:14,952 [WARNING] src.scoring: 25 companies scored on fewer than all 4 buckets (reweighted, not zero-filled) — see 'buckets_used' column: ['PNB.NS', 'UNIONBANK.NS', 'IOB.NS', 'CANBK.NS', 'IDEA.NS', 'ICICIGI.NS', 'GICRE.NS', 'BANKINDIA.NS', 'AXISBANK.NS', 'BANKBARODA.NS', 'FEDERALBNK.NS', 'CENTRALBK.NS', 'SBIN.NS', 'ICICIBANK.NS', 'HDFCBANK.NS', 'KOTAKBANK.NS', 'GMRAIRPORT.NS', 'BANDHANBNK.NS', 'IDFCFIRSTB.NS', 'AUBANK.NS', 'UCOBANK.NS', 'CUMMINSIND.NS', 'RBLBANK.NS', 'INDUSINDBK.NS', 'SBILIFE.NS']
2026-07-23 05:57:14,953 [INFO] __main__: Scoring validation passed: 196 companies ranked, all scores in valid range
2026-07-23 05:57:14,953 [INFO] __main__: === Stage 4/8: Comps + DuPont ===
2026-07-23 05:57:14,963 [INFO] src.comps_dupont: Comps + DuPont report for top 10 -> data/processed/comps_dupont_report.csv
2026-07-23 05:57:14,964 [WARNING] src.comps_dupont: 2 companies have a DuPont-implied ROE that diverges >5pp from reported ROE (possible data inconsistency, worth a manual check): ['IOB.NS', 'LICI.NS']
2026-07-23 05:57:14,964 [INFO] __main__: === Stage 5/8: Explainability ===
2026-07-23 05:57:14,996 [INFO] src.explainability: Explanations for top 10 companies -> data/processed/explanations.csv
2026-07-23 05:57:14,996 [INFO] __main__: === Stage 6/8: Baseline Comparison ===
2026-07-23 05:57:15,003 [INFO] src.baseline_comparison: Baseline comparison -> data/processed/baseline_comparison.csv
2026-07-23 05:57:15,003 [INFO] __main__: === Stage 7/8: Acquisition Likelihood ===
2026-07-23 05:57:15,006 [INFO] src.acquisition_likelihood: 2 companies excluded from acquisition-likelihood scoring (negative/zero equity — financial distress, not a value-target thesis): ['IDEA.NS', 'GMRAIRPORT.NS']
2026-07-23 05:57:15,016 [INFO] src.acquisition_likelihood: Acquisition likelihood scoring -> data/processed/acquisition_likelihood.csv
2026-07-23 05:57:15,016 [INFO] __main__: === Stage 8/8: Historical Snapshot ===
2026-07-23 05:57:15,020 [INFO] src.history_tracker: Recorded shortlist snapshot for 2026-07-23 (10 companies) -> data/history/shortlist_history.csv (1 distinct days tracked so far)
2026-07-23 05:57:15,024 [INFO] src.history_tracker: Recorded acquisition-likelihood snapshot for 2026-07-23 (10 companies) -> data/history/acquisition_likelihood_history.csv (1 distinct days tracked so far)
2026-07-23 05:57:15,024 [INFO] __main__: === Pipeline completed successfully ===
2026-07-23 05:57:15,024 [INFO] __main__:   ingestion: {'total': 201, 'ok': 200}
2026-07-23 05:57:15,024 [INFO] __main__:   cleaning: {'retained': 196, 'input': 201}
2026-07-23 05:57:15,024 [INFO] __main__:   scoring: {'ranked': 196}
2026-07-23 05:57:15,024 [INFO] __main__:   comps_dupont: {'companies': 10}
2026-07-23 05:57:15,024 [INFO] __main__:   explainability: {'companies': 10}
2026-07-23 05:57:15,024 [INFO] __main__:   baseline_comparison: {'correlation': np.float64(0.46929053542541577), 'overlap_pct': 0.1}
2026-07-23 05:57:15,024 [INFO] __main__:   acquisition_likelihood: {'companies': 10}
2026-07-23 05:57:15,024 [INFO] __main__:   history_tracker: {'recorded': True}
