2026-07-21 05:50:50,753 [INFO] __main__: Logging to file: logs/pipeline_run_2026-07-21T05-50-50Z.log
2026-07-21 05:50:50,753 [INFO] __main__: === Stage 1/8: Ingestion ===
2026-07-21 05:50:50,782 [INFO] src.ingestion: [ACC.NS] fetching fresh data
2026-07-21 05:50:52,450 [INFO] src.ingestion: [AMBUJACEM.NS] fetching fresh data
2026-07-21 05:50:53,788 [INFO] src.ingestion: [ULTRACEMCO.NS] fetching fresh data
2026-07-21 05:50:55,000 [INFO] src.ingestion: [SHREECEM.NS] fetching fresh data
2026-07-21 05:50:56,154 [INFO] src.ingestion: [JKCEMENT.NS] fetching fresh data
2026-07-21 05:50:57,412 [INFO] src.ingestion: [RAMCOCEM.NS] fetching fresh data
2026-07-21 05:50:58,688 [INFO] src.ingestion: [HEIDELBERG.NS] fetching fresh data
2026-07-21 05:50:59,958 [INFO] src.ingestion: [DALBHARAT.NS] fetching fresh data
2026-07-21 05:51:01,310 [INFO] src.ingestion: [INFY.NS] fetching fresh data
2026-07-21 05:51:02,609 [INFO] src.ingestion: [TCS.NS] fetching fresh data
2026-07-21 05:51:03,807 [INFO] src.ingestion: [WIPRO.NS] fetching fresh data
2026-07-21 05:51:05,258 [INFO] src.ingestion: [HCLTECH.NS] fetching fresh data
2026-07-21 05:51:06,559 [INFO] src.ingestion: [TECHM.NS] fetching fresh data
2026-07-21 05:51:08,014 [INFO] src.ingestion: [LTIM.NS] fetching fresh data
2026-07-21 05:51:08,306 [ERROR] yfinance: HTTP Error 404: {"quoteSummary":{"result":null,"error":{"code":"Not Found","description":"Quote not found for symbol: LTIM.NS"}}}
2026-07-21 05:51:08,542 [WARNING] src.ingestion: [LTIM.NS] attempt 1 failed: yfinance returned an empty info payload for LTIM.NS (no exception, but no usable data — likely a transient Yahoo-side issue or an invalid/delisted symbol)
2026-07-21 05:51:10,833 [ERROR] yfinance: HTTP Error 404: {"quoteSummary":{"result":null,"error":{"code":"Not Found","description":"Quote not found for symbol: LTIM.NS"}}}
2026-07-21 05:51:10,938 [WARNING] src.ingestion: [LTIM.NS] attempt 2 failed: yfinance returned an empty info payload for LTIM.NS (no exception, but no usable data — likely a transient Yahoo-side issue or an invalid/delisted symbol)
2026-07-21 05:51:15,234 [ERROR] yfinance: HTTP Error 404: {"quoteSummary":{"result":null,"error":{"code":"Not Found","description":"Quote not found for symbol: LTIM.NS"}}}
2026-07-21 05:51:15,341 [WARNING] src.ingestion: [LTIM.NS] attempt 3 failed: yfinance returned an empty info payload for LTIM.NS (no exception, but no usable data — likely a transient Yahoo-side issue or an invalid/delisted symbol)
2026-07-21 05:51:15,742 [INFO] src.ingestion: [PERSISTENT.NS] fetching fresh data
2026-07-21 05:51:17,080 [INFO] src.ingestion: [COFORGE.NS] fetching fresh data
2026-07-21 05:51:18,416 [INFO] src.ingestion: [MPHASIS.NS] fetching fresh data
2026-07-21 05:51:19,662 [INFO] src.ingestion: [LTTS.NS] fetching fresh data
2026-07-21 05:51:21,094 [INFO] src.ingestion: [TATAELXSI.NS] fetching fresh data
2026-07-21 05:51:22,353 [INFO] src.ingestion: [CYIENT.NS] fetching fresh data
2026-07-21 05:51:23,478 [INFO] src.ingestion: [KPITTECH.NS] fetching fresh data
2026-07-21 05:51:24,827 [INFO] src.ingestion: [HDFCBANK.NS] fetching fresh data
2026-07-21 05:51:25,966 [INFO] src.ingestion: [ICICIBANK.NS] fetching fresh data
2026-07-21 05:51:27,249 [INFO] src.ingestion: [SBIN.NS] fetching fresh data
2026-07-21 05:51:28,616 [INFO] src.ingestion: [AXISBANK.NS] fetching fresh data
2026-07-21 05:51:29,795 [INFO] src.ingestion: [KOTAKBANK.NS] fetching fresh data
2026-07-21 05:51:30,966 [INFO] src.ingestion: [INDUSINDBK.NS] fetching fresh data
2026-07-21 05:51:32,263 [INFO] src.ingestion: [FEDERALBNK.NS] fetching fresh data
2026-07-21 05:51:33,534 [INFO] src.ingestion: [BANDHANBNK.NS] fetching fresh data
2026-07-21 05:51:34,708 [INFO] src.ingestion: [IDFCFIRSTB.NS] fetching fresh data
2026-07-21 05:51:35,898 [INFO] src.ingestion: [PNB.NS] fetching fresh data
2026-07-21 05:51:37,080 [INFO] src.ingestion: [BANKBARODA.NS] fetching fresh data
2026-07-21 05:51:38,394 [INFO] src.ingestion: [CANBK.NS] fetching fresh data
2026-07-21 05:51:39,572 [INFO] src.ingestion: [UNIONBANK.NS] fetching fresh data
2026-07-21 05:51:40,686 [INFO] src.ingestion: [AUBANK.NS] fetching fresh data
2026-07-21 05:51:41,917 [INFO] src.ingestion: [RBLBANK.NS] fetching fresh data
2026-07-21 05:51:43,272 [INFO] src.ingestion: [BANKINDIA.NS] fetching fresh data
2026-07-21 05:51:44,522 [INFO] src.ingestion: [CENTRALBK.NS] fetching fresh data
2026-07-21 05:51:45,725 [INFO] src.ingestion: [IOB.NS] fetching fresh data
2026-07-21 05:51:46,807 [INFO] src.ingestion: [UCOBANK.NS] fetching fresh data
2026-07-21 05:51:48,010 [INFO] src.ingestion: [BAJFINANCE.NS] fetching fresh data
2026-07-21 05:51:49,286 [INFO] src.ingestion: [BAJAJFINSV.NS] fetching fresh data
2026-07-21 05:51:50,364 [INFO] src.ingestion: [CHOLAFIN.NS] fetching fresh data
2026-07-21 05:51:51,614 [INFO] src.ingestion: [MUTHOOTFIN.NS] fetching fresh data
2026-07-21 05:51:52,839 [INFO] src.ingestion: [LICHSGFIN.NS] fetching fresh data
2026-07-21 05:51:54,072 [INFO] src.ingestion: [SHRIRAMFIN.NS] fetching fresh data
2026-07-21 05:51:55,277 [INFO] src.ingestion: [PFC.NS] fetching fresh data
2026-07-21 05:51:56,624 [INFO] src.ingestion: [RECLTD.NS] fetching fresh data
2026-07-21 05:51:57,994 [INFO] src.ingestion: [IRFC.NS] fetching fresh data
2026-07-21 05:51:59,201 [INFO] src.ingestion: [HUDCO.NS] fetching fresh data
2026-07-21 05:52:00,421 [INFO] src.ingestion: [BAJAJHLDNG.NS] fetching fresh data
2026-07-21 05:52:01,699 [INFO] src.ingestion: [SBICARD.NS] fetching fresh data
2026-07-21 05:52:02,965 [INFO] src.ingestion: [MANAPPURAM.NS] fetching fresh data
2026-07-21 05:52:04,261 [INFO] src.ingestion: [POONAWALLA.NS] fetching fresh data
2026-07-21 05:52:05,494 [INFO] src.ingestion: [HDFCLIFE.NS] fetching fresh data
2026-07-21 05:52:06,678 [INFO] src.ingestion: [SBILIFE.NS] fetching fresh data
2026-07-21 05:52:07,973 [INFO] src.ingestion: [ICICIPRULI.NS] fetching fresh data
2026-07-21 05:52:09,228 [INFO] src.ingestion: [ICICIGI.NS] fetching fresh data
2026-07-21 05:52:10,425 [INFO] src.ingestion: [LICI.NS] fetching fresh data
2026-07-21 05:52:11,686 [INFO] src.ingestion: [GICRE.NS] fetching fresh data
2026-07-21 05:52:12,948 [INFO] src.ingestion: [MARUTI.NS] fetching fresh data
2026-07-21 05:52:14,181 [INFO] src.ingestion: [TMPV.NS] fetching fresh data
2026-07-21 05:52:15,497 [INFO] src.ingestion: [TMCV.NS] fetching fresh data
2026-07-21 05:52:16,668 [INFO] src.ingestion: [M&M.NS] fetching fresh data
2026-07-21 05:52:17,951 [INFO] src.ingestion: [EICHERMOT.NS] fetching fresh data
2026-07-21 05:52:19,214 [INFO] src.ingestion: [HEROMOTOCO.NS] fetching fresh data
2026-07-21 05:52:20,492 [INFO] src.ingestion: [BAJAJ-AUTO.NS] fetching fresh data
2026-07-21 05:52:21,663 [INFO] src.ingestion: [TVSMOTOR.NS] fetching fresh data
2026-07-21 05:52:22,990 [INFO] src.ingestion: [ASHOKLEY.NS] fetching fresh data
2026-07-21 05:52:24,220 [INFO] src.ingestion: [BHARATFORG.NS] fetching fresh data
2026-07-21 05:52:25,574 [INFO] src.ingestion: [MOTHERSON.NS] fetching fresh data
2026-07-21 05:52:26,670 [INFO] src.ingestion: [BOSCHLTD.NS] fetching fresh data
2026-07-21 05:52:27,951 [INFO] src.ingestion: [MRF.NS] fetching fresh data
2026-07-21 05:52:29,253 [INFO] src.ingestion: [ENDURANCE.NS] fetching fresh data
2026-07-21 05:52:30,517 [INFO] src.ingestion: [EXIDEIND.NS] fetching fresh data
2026-07-21 05:52:31,827 [INFO] src.ingestion: [ARE&M.NS] fetching fresh data
2026-07-21 05:52:33,001 [INFO] src.ingestion: [SUNDRMFAST.NS] fetching fresh data
2026-07-21 05:52:34,254 [INFO] src.ingestion: [UNOMINDA.NS] fetching fresh data
2026-07-21 05:52:35,545 [INFO] src.ingestion: [SUNPHARMA.NS] fetching fresh data
2026-07-21 05:52:36,858 [INFO] src.ingestion: [DRREDDY.NS] fetching fresh data
2026-07-21 05:52:38,162 [INFO] src.ingestion: [CIPLA.NS] fetching fresh data
2026-07-21 05:52:39,324 [INFO] src.ingestion: [DIVISLAB.NS] fetching fresh data
2026-07-21 05:52:40,628 [INFO] src.ingestion: [LUPIN.NS] fetching fresh data
2026-07-21 05:52:41,878 [INFO] src.ingestion: [AUROPHARMA.NS] fetching fresh data
2026-07-21 05:52:43,155 [INFO] src.ingestion: [BIOCON.NS] fetching fresh data
2026-07-21 05:52:44,378 [INFO] src.ingestion: [TORNTPHARM.NS] fetching fresh data
2026-07-21 05:52:45,631 [INFO] src.ingestion: [ALKEM.NS] fetching fresh data
2026-07-21 05:52:46,806 [INFO] src.ingestion: [ABBOTINDIA.NS] fetching fresh data
2026-07-21 05:52:48,022 [INFO] src.ingestion: [APOLLOHOSP.NS] fetching fresh data
2026-07-21 05:52:49,326 [INFO] src.ingestion: [FORTIS.NS] fetching fresh data
2026-07-21 05:52:50,446 [INFO] src.ingestion: [LALPATHLAB.NS] fetching fresh data
2026-07-21 05:52:51,654 [INFO] src.ingestion: [METROPOLIS.NS] fetching fresh data
2026-07-21 05:52:52,868 [INFO] src.ingestion: [GLAND.NS] fetching fresh data
2026-07-21 05:52:54,084 [INFO] src.ingestion: [LAURUSLABS.NS] fetching fresh data
2026-07-21 05:52:55,345 [INFO] src.ingestion: [GLENMARK.NS] fetching fresh data
2026-07-21 05:52:56,582 [INFO] src.ingestion: [IPCALAB.NS] fetching fresh data
2026-07-21 05:52:57,867 [INFO] src.ingestion: [HINDUNILVR.NS] fetching fresh data
2026-07-21 05:52:59,087 [INFO] src.ingestion: [ITC.NS] fetching fresh data
2026-07-21 05:53:00,288 [INFO] src.ingestion: [NESTLEIND.NS] fetching fresh data
2026-07-21 05:53:01,448 [INFO] src.ingestion: [BRITANNIA.NS] fetching fresh data
2026-07-21 05:53:02,727 [INFO] src.ingestion: [DABUR.NS] fetching fresh data
2026-07-21 05:53:04,030 [INFO] src.ingestion: [GODREJCP.NS] fetching fresh data
2026-07-21 05:53:05,330 [INFO] src.ingestion: [MARICO.NS] fetching fresh data
2026-07-21 05:53:06,602 [INFO] src.ingestion: [COLPAL.NS] fetching fresh data
2026-07-21 05:53:07,900 [INFO] src.ingestion: [TATACONSUM.NS] fetching fresh data
2026-07-21 05:53:09,149 [INFO] src.ingestion: [VBL.NS] fetching fresh data
2026-07-21 05:53:10,401 [INFO] src.ingestion: [UNITDSPR.NS] fetching fresh data
2026-07-21 05:53:11,540 [INFO] src.ingestion: [EMAMILTD.NS] fetching fresh data
2026-07-21 05:53:12,787 [INFO] src.ingestion: [TATASTEEL.NS] fetching fresh data
2026-07-21 05:53:14,034 [INFO] src.ingestion: [JSWSTEEL.NS] fetching fresh data
2026-07-21 05:53:15,192 [INFO] src.ingestion: [HINDALCO.NS] fetching fresh data
2026-07-21 05:53:16,432 [INFO] src.ingestion: [VEDL.NS] fetching fresh data
2026-07-21 05:53:17,665 [INFO] src.ingestion: [COALINDIA.NS] fetching fresh data
2026-07-21 05:53:18,843 [INFO] src.ingestion: [NMDC.NS] fetching fresh data
2026-07-21 05:53:20,098 [INFO] src.ingestion: [SAIL.NS] fetching fresh data
2026-07-21 05:53:21,262 [INFO] src.ingestion: [JINDALSTEL.NS] fetching fresh data
2026-07-21 05:53:22,437 [INFO] src.ingestion: [APLAPOLLO.NS] fetching fresh data
2026-07-21 05:53:23,737 [INFO] src.ingestion: [NATIONALUM.NS] fetching fresh data
2026-07-21 05:53:25,042 [INFO] src.ingestion: [HINDCOPPER.NS] fetching fresh data
2026-07-21 05:53:26,115 [INFO] src.ingestion: [RATNAMANI.NS] fetching fresh data
2026-07-21 05:53:27,344 [INFO] src.ingestion: [HINDZINC.NS] fetching fresh data
2026-07-21 05:53:28,568 [INFO] src.ingestion: [WELCORP.NS] fetching fresh data
2026-07-21 05:53:29,761 [INFO] src.ingestion: [JSL.NS] fetching fresh data
2026-07-21 05:53:31,092 [INFO] src.ingestion: [RELIANCE.NS] fetching fresh data
2026-07-21 05:53:32,435 [INFO] src.ingestion: [ONGC.NS] fetching fresh data
2026-07-21 05:53:33,589 [INFO] src.ingestion: [BPCL.NS] fetching fresh data
2026-07-21 05:53:34,864 [INFO] src.ingestion: [IOC.NS] fetching fresh data
2026-07-21 05:53:36,132 [INFO] src.ingestion: [GAIL.NS] fetching fresh data
2026-07-21 05:53:37,438 [INFO] src.ingestion: [NTPC.NS] fetching fresh data
2026-07-21 05:53:38,724 [INFO] src.ingestion: [POWERGRID.NS] fetching fresh data
2026-07-21 05:53:39,904 [INFO] src.ingestion: [TATAPOWER.NS] fetching fresh data
2026-07-21 05:53:41,312 [INFO] src.ingestion: [ADANIGREEN.NS] fetching fresh data
2026-07-21 05:53:42,561 [INFO] src.ingestion: [ADANIPOWER.NS] fetching fresh data
2026-07-21 05:53:43,782 [INFO] src.ingestion: [TORNTPOWER.NS] fetching fresh data
2026-07-21 05:53:45,039 [INFO] src.ingestion: [LT.NS] fetching fresh data
2026-07-21 05:53:46,230 [INFO] src.ingestion: [SIEMENS.NS] fetching fresh data
2026-07-21 05:53:47,433 [INFO] src.ingestion: [ABB.NS] fetching fresh data
2026-07-21 05:53:48,720 [INFO] src.ingestion: [HAL.NS] fetching fresh data
2026-07-21 05:53:49,894 [INFO] src.ingestion: [BEL.NS] fetching fresh data
2026-07-21 05:53:51,040 [INFO] src.ingestion: [BHEL.NS] fetching fresh data
2026-07-21 05:53:52,277 [INFO] src.ingestion: [CUMMINSIND.NS] fetching fresh data
2026-07-21 05:53:53,598 [INFO] src.ingestion: [THERMAX.NS] fetching fresh data
2026-07-21 05:53:54,875 [INFO] src.ingestion: [POLYCAB.NS] fetching fresh data
2026-07-21 05:53:56,321 [INFO] src.ingestion: [KEI.NS] fetching fresh data
2026-07-21 05:53:57,500 [INFO] src.ingestion: [HAVELLS.NS] fetching fresh data
2026-07-21 05:53:58,741 [INFO] src.ingestion: [CROMPTON.NS] fetching fresh data
2026-07-21 05:53:59,928 [INFO] src.ingestion: [SUPREMEIND.NS] fetching fresh data
2026-07-21 05:54:01,208 [INFO] src.ingestion: [ASTRAL.NS] fetching fresh data
2026-07-21 05:54:02,654 [INFO] src.ingestion: [GRINDWELL.NS] fetching fresh data
2026-07-21 05:54:03,974 [INFO] src.ingestion: [CARBORUNIV.NS] fetching fresh data
2026-07-21 05:54:05,221 [INFO] src.ingestion: [TIMKEN.NS] fetching fresh data
2026-07-21 05:54:06,520 [INFO] src.ingestion: [SKFINDIA.NS] fetching fresh data
2026-07-21 05:54:07,766 [INFO] src.ingestion: [SRF.NS] fetching fresh data
2026-07-21 05:54:08,996 [INFO] src.ingestion: [PIIND.NS] fetching fresh data
2026-07-21 05:54:10,325 [INFO] src.ingestion: [DEEPAKNTR.NS] fetching fresh data
2026-07-21 05:54:11,535 [INFO] src.ingestion: [AARTIIND.NS] fetching fresh data
2026-07-21 05:54:12,822 [INFO] src.ingestion: [NAVINFLUOR.NS] fetching fresh data
2026-07-21 05:54:13,991 [INFO] src.ingestion: [UPL.NS] fetching fresh data
2026-07-21 05:54:15,249 [INFO] src.ingestion: [COROMANDEL.NS] fetching fresh data
2026-07-21 05:54:16,553 [INFO] src.ingestion: [CHAMBLFERT.NS] fetching fresh data
2026-07-21 05:54:17,908 [INFO] src.ingestion: [GNFC.NS] fetching fresh data
2026-07-21 05:54:19,215 [INFO] src.ingestion: [PIDILITIND.NS] fetching fresh data
2026-07-21 05:54:20,506 [INFO] src.ingestion: [TATACHEM.NS] fetching fresh data
2026-07-21 05:54:21,732 [INFO] src.ingestion: [GHCL.NS] fetching fresh data
2026-07-21 05:54:22,957 [INFO] src.ingestion: [TITAN.NS] fetching fresh data
2026-07-21 05:54:24,170 [INFO] src.ingestion: [DMART.NS] fetching fresh data
2026-07-21 05:54:25,355 [INFO] src.ingestion: [TRENT.NS] fetching fresh data
2026-07-21 05:54:26,638 [INFO] src.ingestion: [BATAINDIA.NS] fetching fresh data
2026-07-21 05:54:27,895 [INFO] src.ingestion: [PAGEIND.NS] fetching fresh data
2026-07-21 05:54:29,042 [INFO] src.ingestion: [JUBLFOOD.NS] fetching fresh data
2026-07-21 05:54:30,332 [INFO] src.ingestion: [VOLTAS.NS] fetching fresh data
2026-07-21 05:54:31,530 [INFO] src.ingestion: [DIXON.NS] fetching fresh data
2026-07-21 05:54:32,691 [INFO] src.ingestion: [RELAXO.NS] fetching fresh data
2026-07-21 05:54:33,876 [INFO] src.ingestion: [KAJARIACER.NS] fetching fresh data
2026-07-21 05:54:35,151 [INFO] src.ingestion: [WHIRLPOOL.NS] fetching fresh data
2026-07-21 05:54:36,352 [INFO] src.ingestion: [BLUESTARCO.NS] fetching fresh data
2026-07-21 05:54:37,591 [INFO] src.ingestion: [PGHH.NS] fetching fresh data
2026-07-21 05:54:38,773 [INFO] src.ingestion: [GILLETTE.NS] fetching fresh data
2026-07-21 05:54:40,111 [INFO] src.ingestion: [BHARTIARTL.NS] fetching fresh data
2026-07-21 05:54:41,250 [INFO] src.ingestion: [IDEA.NS] fetching fresh data
2026-07-21 05:54:42,332 [INFO] src.ingestion: [INDUSTOWER.NS] fetching fresh data
2026-07-21 05:54:43,577 [INFO] src.ingestion: [PVRINOX.NS] fetching fresh data
2026-07-21 05:54:44,860 [INFO] src.ingestion: [ZEEL.NS] fetching fresh data
2026-07-21 05:54:46,152 [INFO] src.ingestion: [ADANIPORTS.NS] fetching fresh data
2026-07-21 05:54:47,434 [INFO] src.ingestion: [ADANIENT.NS] fetching fresh data
2026-07-21 05:54:48,707 [INFO] src.ingestion: [GMRAIRPORT.NS] fetching fresh data
2026-07-21 05:54:50,107 [INFO] src.ingestion: [CONCOR.NS] fetching fresh data
2026-07-21 05:54:51,549 [INFO] src.ingestion: [IRCTC.NS] fetching fresh data
2026-07-21 05:54:52,944 [INFO] src.ingestion: [INDIGO.NS] fetching fresh data
2026-07-21 05:54:54,194 [INFO] src.ingestion: [RVNL.NS] fetching fresh data
2026-07-21 05:54:55,488 [INFO] src.ingestion: [IRCON.NS] fetching fresh data
2026-07-21 05:54:56,863 [INFO] src.ingestion: [NBCC.NS] fetching fresh data
2026-07-21 05:54:58,209 [INFO] src.ingestion: [NCC.NS] fetching fresh data
2026-07-21 05:54:59,611 [INFO] src.ingestion: [MAZDOCK.NS] fetching fresh data
2026-07-21 05:55:01,052 [INFO] src.ingestion: [COCHINSHIP.NS] fetching fresh data
2026-07-21 05:55:02,374 [INFO] src.ingestion: [DLF.NS] fetching fresh data
2026-07-21 05:55:04,155 [INFO] src.ingestion: [GODREJPROP.NS] fetching fresh data
2026-07-21 05:55:05,465 [INFO] src.ingestion: [OBEROIRLTY.NS] fetching fresh data
2026-07-21 05:55:06,851 [INFO] src.ingestion: [PRESTIGE.NS] fetching fresh data
2026-07-21 05:55:08,281 [INFO] src.ingestion: [PHOENIXLTD.NS] fetching fresh data
2026-07-21 05:55:09,604 [INFO] src.ingestion: [SOBHA.NS] fetching fresh data
2026-07-21 05:55:10,789 [INFO] src.ingestion: Fetched 200/201 tickers successfully
2026-07-21 05:55:10,789 [WARNING] src.ingestion: Failed tickers (excluded from downstream, not silently zeroed): ['LTIM.NS']
2026-07-21 05:55:10,789 [INFO] __main__: Ingestion validation passed: 200/201 tickers (100%)
2026-07-21 05:55:10,789 [INFO] __main__: === Stage 2/8: Cleaning ===
2026-07-21 05:55:10,797 [WARNING] src.cleaning: [CROMPTON.NS] EXCLUDED: missing critical fields: ['trailing_pe']
2026-07-21 05:55:10,797 [WARNING] src.cleaning: [INDIGO.NS] EXCLUDED: missing critical fields: ['trailing_pe']
2026-07-21 05:55:10,797 [WARNING] src.cleaning: [LTIM.NS] EXCLUDED: ingestion failed: yfinance returned an empty info payload for LTIM.NS (no exception, but no usable data — likely a transient Yahoo-side issue or an invalid/delisted symbol)
2026-07-21 05:55:10,797 [WARNING] src.cleaning: [TATACHEM.NS] EXCLUDED: missing critical fields: ['trailing_pe']
2026-07-21 05:55:10,798 [WARNING] src.cleaning: [TMPV.NS] EXCLUDED: missing critical fields: ['trailing_pe']
2026-07-21 05:55:10,798 [INFO] src.cleaning: [ABB.NS] non-critical missing fields: ['return_on_equity']
2026-07-21 05:55:10,798 [INFO] src.cleaning: [AUBANK.NS] non-critical missing fields: ['ev_to_ebitda', 'return_on_equity', 'debt_to_equity']
2026-07-21 05:55:10,798 [INFO] src.cleaning: [AXISBANK.NS] non-critical missing fields: ['ev_to_ebitda', 'debt_to_equity']
2026-07-21 05:55:10,798 [WARNING] src.cleaning: [BAJAJHLDNG.NS] outlier values flagged: ['net_margin']
2026-07-21 05:55:10,798 [INFO] src.cleaning: [BAJFINANCE.NS] non-critical missing fields: ['ev_to_ebitda']
2026-07-21 05:55:10,798 [INFO] src.cleaning: [BANDHANBNK.NS] non-critical missing fields: ['ev_to_ebitda', 'debt_to_equity']
2026-07-21 05:55:10,798 [INFO] src.cleaning: [BANKBARODA.NS] non-critical missing fields: ['ev_to_ebitda', 'debt_to_equity']
2026-07-21 05:55:10,798 [INFO] src.cleaning: [BANKINDIA.NS] non-critical missing fields: ['ev_to_ebitda', 'debt_to_equity']
2026-07-21 05:55:10,798 [INFO] src.cleaning: [BHEL.NS] non-critical missing fields: ['return_on_equity']
2026-07-21 05:55:10,798 [INFO] src.cleaning: [CANBK.NS] non-critical missing fields: ['ev_to_ebitda', 'debt_to_equity']
2026-07-21 05:55:10,798 [INFO] src.cleaning: [CENTRALBK.NS] non-critical missing fields: ['ev_to_ebitda', 'debt_to_equity']
2026-07-21 05:55:10,798 [INFO] src.cleaning: [CHOLAFIN.NS] non-critical missing fields: ['ev_to_ebitda']
2026-07-21 05:55:10,798 [INFO] src.cleaning: [DMART.NS] non-critical missing fields: ['return_on_equity']
2026-07-21 05:55:10,798 [INFO] src.cleaning: [FEDERALBNK.NS] non-critical missing fields: ['ev_to_ebitda', 'return_on_equity', 'debt_to_equity']
2026-07-21 05:55:10,798 [INFO] src.cleaning: [GICRE.NS] non-critical missing fields: ['debt_to_equity']
2026-07-21 05:55:10,798 [WARNING] src.cleaning: [GMRAIRPORT.NS] outlier values flagged: ['trailing_pe']
2026-07-21 05:55:10,798 [WARNING] src.cleaning: [GMRAIRPORT.NS] negative/zero equity — DuPont ROE math will be invalid downstream
2026-07-21 05:55:10,798 [INFO] src.cleaning: [GMRAIRPORT.NS] non-critical missing fields: ['return_on_equity', 'debt_to_equity']
2026-07-21 05:55:10,798 [INFO] src.cleaning: [HAVELLS.NS] non-critical missing fields: ['return_on_equity']
2026-07-21 05:55:10,798 [WARNING] src.cleaning: [HCLTECH.NS] outlier values flagged: ['ev_to_ebitda']
2026-07-21 05:55:10,798 [INFO] src.cleaning: [HDFCBANK.NS] non-critical missing fields: ['ev_to_ebitda', 'debt_to_equity']
2026-07-21 05:55:10,798 [INFO] src.cleaning: [HUDCO.NS] non-critical missing fields: ['ev_to_ebitda']
2026-07-21 05:55:10,798 [INFO] src.cleaning: [ICICIBANK.NS] non-critical missing fields: ['ev_to_ebitda', 'debt_to_equity']
2026-07-21 05:55:10,798 [INFO] src.cleaning: [ICICIGI.NS] non-critical missing fields: ['debt_to_equity']
2026-07-21 05:55:10,798 [WARNING] src.cleaning: [IDEA.NS] negative/zero equity — DuPont ROE math will be invalid downstream
2026-07-21 05:55:10,798 [INFO] src.cleaning: [IDEA.NS] non-critical missing fields: ['return_on_equity', 'debt_to_equity']
2026-07-21 05:55:10,798 [INFO] src.cleaning: [IDFCFIRSTB.NS] non-critical missing fields: ['ev_to_ebitda', 'return_on_equity', 'debt_to_equity', 'total_debt']
2026-07-21 05:55:10,798 [INFO] src.cleaning: [INDUSINDBK.NS] non-critical missing fields: ['ev_to_ebitda', 'debt_to_equity']
2026-07-21 05:55:10,799 [WARNING] src.cleaning: [INFY.NS] outlier values flagged: ['ev_to_ebitda']
2026-07-21 05:55:10,799 [INFO] src.cleaning: [IOB.NS] non-critical missing fields: ['ev_to_ebitda', 'debt_to_equity']
2026-07-21 05:55:10,799 [INFO] src.cleaning: [IRFC.NS] non-critical missing fields: ['ev_to_ebitda']
2026-07-21 05:55:10,799 [INFO] src.cleaning: [JSWSTEEL.NS] non-critical missing fields: ['return_on_equity']
2026-07-21 05:55:10,799 [INFO] src.cleaning: [KOTAKBANK.NS] non-critical missing fields: ['ev_to_ebitda', 'return_on_equity', 'debt_to_equity']
2026-07-21 05:55:10,799 [INFO] src.cleaning: [LICHSGFIN.NS] non-critical missing fields: ['ev_to_ebitda']
2026-07-21 05:55:10,799 [INFO] src.cleaning: [LTTS.NS] non-critical missing fields: ['return_on_equity']
2026-07-21 05:55:10,799 [INFO] src.cleaning: [MANAPPURAM.NS] non-critical missing fields: ['ev_to_ebitda']
2026-07-21 05:55:10,799 [INFO] src.cleaning: [MUTHOOTFIN.NS] non-critical missing fields: ['ev_to_ebitda']
2026-07-21 05:55:10,799 [INFO] src.cleaning: [OBEROIRLTY.NS] non-critical missing fields: ['return_on_equity']
2026-07-21 05:55:10,799 [INFO] src.cleaning: [PFC.NS] non-critical missing fields: ['ev_to_ebitda']
2026-07-21 05:55:10,799 [INFO] src.cleaning: [PNB.NS] non-critical missing fields: ['ev_to_ebitda', 'return_on_equity', 'debt_to_equity']
2026-07-21 05:55:10,799 [INFO] src.cleaning: [POLYCAB.NS] non-critical missing fields: ['return_on_equity']
2026-07-21 05:55:10,799 [INFO] src.cleaning: [POONAWALLA.NS] non-critical missing fields: ['ev_to_ebitda', 'return_on_equity']
2026-07-21 05:55:10,799 [INFO] src.cleaning: [RBLBANK.NS] non-critical missing fields: ['ev_to_ebitda', 'return_on_equity', 'debt_to_equity']
2026-07-21 05:55:10,799 [INFO] src.cleaning: [RECLTD.NS] non-critical missing fields: ['ev_to_ebitda']
2026-07-21 05:55:10,799 [INFO] src.cleaning: [RELIANCE.NS] non-critical missing fields: ['ev_to_ebitda', 'return_on_equity', 'total_debt']
2026-07-21 05:55:10,799 [INFO] src.cleaning: [SBICARD.NS] non-critical missing fields: ['ev_to_ebitda']
2026-07-21 05:55:10,799 [INFO] src.cleaning: [SBILIFE.NS] non-critical missing fields: ['debt_to_equity']
2026-07-21 05:55:10,799 [INFO] src.cleaning: [SBIN.NS] non-critical missing fields: ['ev_to_ebitda', 'debt_to_equity']
2026-07-21 05:55:10,799 [INFO] src.cleaning: [SHREECEM.NS] non-critical missing fields: ['return_on_equity']
2026-07-21 05:55:10,799 [INFO] src.cleaning: [SHRIRAMFIN.NS] non-critical missing fields: ['ev_to_ebitda']
2026-07-21 05:55:10,799 [INFO] src.cleaning: [SIEMENS.NS] non-critical missing fields: ['return_on_equity']
2026-07-21 05:55:10,799 [INFO] src.cleaning: [TATAELXSI.NS] non-critical missing fields: ['return_on_equity']
2026-07-21 05:55:10,799 [INFO] src.cleaning: [TECHM.NS] non-critical missing fields: ['return_on_equity']
2026-07-21 05:55:10,799 [INFO] src.cleaning: [UCOBANK.NS] non-critical missing fields: ['ev_to_ebitda', 'debt_to_equity']
2026-07-21 05:55:10,799 [INFO] src.cleaning: [UNIONBANK.NS] non-critical missing fields: ['ev_to_ebitda', 'debt_to_equity', 'revenue_growth', 'total_debt']
2026-07-21 05:55:10,799 [INFO] src.cleaning: [VBL.NS] non-critical missing fields: ['return_on_equity']
2026-07-21 05:55:10,809 [INFO] src.cleaning: Cleaned 196/201 tickers -> data/processed/cleaned_universe.csv
2026-07-21 05:55:10,809 [INFO] src.cleaning: Full flag audit trail -> data/processed/cleaning_flags.csv
2026-07-21 05:55:10,809 [INFO] __main__: Cleaning validation passed: 196/201 tickers retained (98%)
2026-07-21 05:55:10,809 [INFO] __main__: === Stage 3/8: Scoring ===
2026-07-21 05:55:10,865 [INFO] src.scoring: Scored 196 companies -> data/processed/scored_universe.csv
2026-07-21 05:55:10,865 [INFO] src.scoring: Top 10 shortlist -> data/processed/shortlist_top_n.csv
2026-07-21 05:55:10,866 [WARNING] src.scoring: 24 companies scored on fewer than all 4 buckets (reweighted, not zero-filled) — see 'buckets_used' column: ['UNIONBANK.NS', 'PNB.NS', 'CANBK.NS', 'IDEA.NS', 'BANKINDIA.NS', 'ICICIGI.NS', 'GICRE.NS', 'IOB.NS', 'AXISBANK.NS', 'FEDERALBNK.NS', 'BANKBARODA.NS', 'HDFCBANK.NS', 'ICICIBANK.NS', 'SBIN.NS', 'CENTRALBK.NS', 'KOTAKBANK.NS', 'GMRAIRPORT.NS', 'BANDHANBNK.NS', 'IDFCFIRSTB.NS', 'UCOBANK.NS', 'AUBANK.NS', 'RBLBANK.NS', 'INDUSINDBK.NS', 'SBILIFE.NS']
2026-07-21 05:55:10,867 [INFO] __main__: Scoring validation passed: 196 companies ranked, all scores in valid range
2026-07-21 05:55:10,867 [INFO] __main__: === Stage 4/8: Comps + DuPont ===
2026-07-21 05:55:10,878 [INFO] src.comps_dupont: Comps + DuPont report for top 10 -> data/processed/comps_dupont_report.csv
2026-07-21 05:55:10,879 [WARNING] src.comps_dupont: 1 companies have a DuPont-implied ROE that diverges >5pp from reported ROE (possible data inconsistency, worth a manual check): ['LICI.NS']
2026-07-21 05:55:10,879 [INFO] __main__: === Stage 5/8: Explainability ===
2026-07-21 05:55:10,911 [INFO] src.explainability: Explanations for top 10 companies -> data/processed/explanations.csv
2026-07-21 05:55:10,911 [INFO] __main__: === Stage 6/8: Baseline Comparison ===
2026-07-21 05:55:10,918 [INFO] src.baseline_comparison: Baseline comparison -> data/processed/baseline_comparison.csv
2026-07-21 05:55:10,918 [INFO] __main__: === Stage 7/8: Acquisition Likelihood ===
2026-07-21 05:55:10,921 [INFO] src.acquisition_likelihood: 2 companies excluded from acquisition-likelihood scoring (negative/zero equity — financial distress, not a value-target thesis): ['IDEA.NS', 'GMRAIRPORT.NS']
2026-07-21 05:55:10,931 [INFO] src.acquisition_likelihood: Acquisition likelihood scoring -> data/processed/acquisition_likelihood.csv
2026-07-21 05:55:10,932 [INFO] __main__: === Stage 8/8: Historical Snapshot ===
2026-07-21 05:55:10,936 [INFO] src.history_tracker: Recorded shortlist snapshot for 2026-07-21 (10 companies) -> data/history/shortlist_history.csv (1 distinct days tracked so far)
2026-07-21 05:55:10,940 [INFO] src.history_tracker: Recorded acquisition-likelihood snapshot for 2026-07-21 (10 companies) -> data/history/acquisition_likelihood_history.csv (1 distinct days tracked so far)
2026-07-21 05:55:10,940 [INFO] __main__: === Pipeline completed successfully ===
2026-07-21 05:55:10,940 [INFO] __main__:   ingestion: {'total': 201, 'ok': 200}
2026-07-21 05:55:10,940 [INFO] __main__:   cleaning: {'retained': 196, 'input': 201}
2026-07-21 05:55:10,940 [INFO] __main__:   scoring: {'ranked': 196}
2026-07-21 05:55:10,940 [INFO] __main__:   comps_dupont: {'companies': 10}
2026-07-21 05:55:10,940 [INFO] __main__:   explainability: {'companies': 10}
2026-07-21 05:55:10,940 [INFO] __main__:   baseline_comparison: {'correlation': np.float64(0.4609184868793281), 'overlap_pct': 0.1}
2026-07-21 05:55:10,940 [INFO] __main__:   acquisition_likelihood: {'companies': 10}
2026-07-21 05:55:10,940 [INFO] __main__:   history_tracker: {'recorded': True}
