2026-07-29 05:52:44,172 [INFO] __main__: Logging to file: logs/pipeline_run_2026-07-29T05-52-44Z.log
2026-07-29 05:52:44,172 [INFO] __main__: === Stage 1/8: Ingestion ===
2026-07-29 05:52:44,201 [INFO] src.ingestion: [ACC.NS] fetching fresh data
2026-07-29 05:52:45,274 [INFO] src.ingestion: [AMBUJACEM.NS] fetching fresh data
2026-07-29 05:52:46,097 [INFO] src.ingestion: [ULTRACEMCO.NS] fetching fresh data
2026-07-29 05:52:47,022 [INFO] src.ingestion: [SHREECEM.NS] fetching fresh data
2026-07-29 05:52:48,022 [INFO] src.ingestion: [JKCEMENT.NS] fetching fresh data
2026-07-29 05:52:48,820 [INFO] src.ingestion: [RAMCOCEM.NS] fetching fresh data
2026-07-29 05:52:49,732 [INFO] src.ingestion: [HEIDELBERG.NS] fetching fresh data
2026-07-29 05:52:50,725 [INFO] src.ingestion: [DALBHARAT.NS] fetching fresh data
2026-07-29 05:52:51,720 [INFO] src.ingestion: [INFY.NS] fetching fresh data
2026-07-29 05:52:52,520 [INFO] src.ingestion: [TCS.NS] fetching fresh data
2026-07-29 05:52:53,421 [INFO] src.ingestion: [WIPRO.NS] fetching fresh data
2026-07-29 05:52:54,396 [INFO] src.ingestion: [HCLTECH.NS] fetching fresh data
2026-07-29 05:52:55,299 [INFO] src.ingestion: [TECHM.NS] fetching fresh data
2026-07-29 05:52:56,223 [INFO] src.ingestion: [LTIM.NS] fetching fresh data
2026-07-29 05:52:56,368 [ERROR] yfinance: HTTP Error 404: {"quoteSummary":{"result":null,"error":{"code":"Not Found","description":"Quote not found for symbol: LTIM.NS"}}}
2026-07-29 05:52:56,460 [WARNING] src.ingestion: [LTIM.NS] attempt 1 failed: yfinance returned an empty info payload for LTIM.NS (no exception, but no usable data — likely a transient Yahoo-side issue or an invalid/delisted symbol)
2026-07-29 05:52:58,610 [ERROR] yfinance: HTTP Error 404: {"quoteSummary":{"result":null,"error":{"code":"Not Found","description":"Quote not found for symbol: LTIM.NS"}}}
2026-07-29 05:52:58,646 [WARNING] src.ingestion: [LTIM.NS] attempt 2 failed: yfinance returned an empty info payload for LTIM.NS (no exception, but no usable data — likely a transient Yahoo-side issue or an invalid/delisted symbol)
2026-07-29 05:53:02,802 [ERROR] yfinance: HTTP Error 404: {"quoteSummary":{"result":null,"error":{"code":"Not Found","description":"Quote not found for symbol: LTIM.NS"}}}
2026-07-29 05:53:02,836 [WARNING] src.ingestion: [LTIM.NS] attempt 3 failed: yfinance returned an empty info payload for LTIM.NS (no exception, but no usable data — likely a transient Yahoo-side issue or an invalid/delisted symbol)
2026-07-29 05:53:03,237 [INFO] src.ingestion: [PERSISTENT.NS] fetching fresh data
2026-07-29 05:53:04,187 [INFO] src.ingestion: [COFORGE.NS] fetching fresh data
2026-07-29 05:53:05,054 [INFO] src.ingestion: [MPHASIS.NS] fetching fresh data
2026-07-29 05:53:05,911 [INFO] src.ingestion: [LTTS.NS] fetching fresh data
2026-07-29 05:53:06,786 [INFO] src.ingestion: [TATAELXSI.NS] fetching fresh data
2026-07-29 05:53:07,710 [INFO] src.ingestion: [CYIENT.NS] fetching fresh data
2026-07-29 05:53:08,511 [INFO] src.ingestion: [KPITTECH.NS] fetching fresh data
2026-07-29 05:53:09,423 [INFO] src.ingestion: [HDFCBANK.NS] fetching fresh data
2026-07-29 05:53:10,247 [INFO] src.ingestion: [ICICIBANK.NS] fetching fresh data
2026-07-29 05:53:11,188 [INFO] src.ingestion: [SBIN.NS] fetching fresh data
2026-07-29 05:53:11,957 [INFO] src.ingestion: [AXISBANK.NS] fetching fresh data
2026-07-29 05:53:12,752 [INFO] src.ingestion: [KOTAKBANK.NS] fetching fresh data
2026-07-29 05:53:13,612 [INFO] src.ingestion: [INDUSINDBK.NS] fetching fresh data
2026-07-29 05:53:14,476 [INFO] src.ingestion: [FEDERALBNK.NS] fetching fresh data
2026-07-29 05:53:15,437 [INFO] src.ingestion: [BANDHANBNK.NS] fetching fresh data
2026-07-29 05:53:16,340 [INFO] src.ingestion: [IDFCFIRSTB.NS] fetching fresh data
2026-07-29 05:53:17,271 [INFO] src.ingestion: [PNB.NS] fetching fresh data
2026-07-29 05:53:18,113 [INFO] src.ingestion: [BANKBARODA.NS] fetching fresh data
2026-07-29 05:53:18,949 [INFO] src.ingestion: [CANBK.NS] fetching fresh data
2026-07-29 05:53:19,697 [INFO] src.ingestion: [UNIONBANK.NS] fetching fresh data
2026-07-29 05:53:20,524 [INFO] src.ingestion: [AUBANK.NS] fetching fresh data
2026-07-29 05:53:21,348 [INFO] src.ingestion: [RBLBANK.NS] fetching fresh data
2026-07-29 05:53:22,173 [INFO] src.ingestion: [BANKINDIA.NS] fetching fresh data
2026-07-29 05:53:22,949 [INFO] src.ingestion: [CENTRALBK.NS] fetching fresh data
2026-07-29 05:53:23,910 [INFO] src.ingestion: [IOB.NS] fetching fresh data
2026-07-29 05:53:24,704 [INFO] src.ingestion: [UCOBANK.NS] fetching fresh data
2026-07-29 05:53:25,470 [INFO] src.ingestion: [BAJFINANCE.NS] fetching fresh data
2026-07-29 05:53:26,298 [INFO] src.ingestion: [BAJAJFINSV.NS] fetching fresh data
2026-07-29 05:53:27,180 [INFO] src.ingestion: [CHOLAFIN.NS] fetching fresh data
2026-07-29 05:53:28,031 [INFO] src.ingestion: [MUTHOOTFIN.NS] fetching fresh data
2026-07-29 05:53:28,890 [INFO] src.ingestion: [LICHSGFIN.NS] fetching fresh data
2026-07-29 05:53:29,742 [INFO] src.ingestion: [SHRIRAMFIN.NS] fetching fresh data
2026-07-29 05:53:30,540 [INFO] src.ingestion: [PFC.NS] fetching fresh data
2026-07-29 05:53:31,474 [INFO] src.ingestion: [RECLTD.NS] fetching fresh data
2026-07-29 05:53:32,394 [INFO] src.ingestion: [IRFC.NS] fetching fresh data
2026-07-29 05:53:33,216 [INFO] src.ingestion: [HUDCO.NS] fetching fresh data
2026-07-29 05:53:34,014 [INFO] src.ingestion: [BAJAJHLDNG.NS] fetching fresh data
2026-07-29 05:53:34,851 [INFO] src.ingestion: [SBICARD.NS] fetching fresh data
2026-07-29 05:53:35,658 [INFO] src.ingestion: [MANAPPURAM.NS] fetching fresh data
2026-07-29 05:53:36,501 [INFO] src.ingestion: [POONAWALLA.NS] fetching fresh data
2026-07-29 05:53:37,373 [INFO] src.ingestion: [HDFCLIFE.NS] fetching fresh data
2026-07-29 05:53:38,275 [INFO] src.ingestion: [SBILIFE.NS] fetching fresh data
2026-07-29 05:53:39,211 [INFO] src.ingestion: [ICICIPRULI.NS] fetching fresh data
2026-07-29 05:53:40,086 [INFO] src.ingestion: [ICICIGI.NS] fetching fresh data
2026-07-29 05:53:41,077 [INFO] src.ingestion: [LICI.NS] fetching fresh data
2026-07-29 05:53:41,927 [INFO] src.ingestion: [GICRE.NS] fetching fresh data
2026-07-29 05:53:42,746 [INFO] src.ingestion: [MARUTI.NS] fetching fresh data
2026-07-29 05:53:43,548 [INFO] src.ingestion: [TMPV.NS] fetching fresh data
2026-07-29 05:53:44,505 [INFO] src.ingestion: [TMCV.NS] fetching fresh data
2026-07-29 05:53:45,296 [INFO] src.ingestion: [M&M.NS] fetching fresh data
2026-07-29 05:53:46,275 [INFO] src.ingestion: [EICHERMOT.NS] fetching fresh data
2026-07-29 05:53:47,140 [INFO] src.ingestion: [HEROMOTOCO.NS] fetching fresh data
2026-07-29 05:53:48,101 [INFO] src.ingestion: [BAJAJ-AUTO.NS] fetching fresh data
2026-07-29 05:53:48,921 [INFO] src.ingestion: [TVSMOTOR.NS] fetching fresh data
2026-07-29 05:53:49,773 [INFO] src.ingestion: [ASHOKLEY.NS] fetching fresh data
2026-07-29 05:53:50,676 [INFO] src.ingestion: [BHARATFORG.NS] fetching fresh data
2026-07-29 05:53:51,485 [INFO] src.ingestion: [MOTHERSON.NS] fetching fresh data
2026-07-29 05:53:52,269 [INFO] src.ingestion: [BOSCHLTD.NS] fetching fresh data
2026-07-29 05:53:53,171 [INFO] src.ingestion: [MRF.NS] fetching fresh data
2026-07-29 05:53:53,954 [INFO] src.ingestion: [ENDURANCE.NS] fetching fresh data
2026-07-29 05:53:54,876 [INFO] src.ingestion: [EXIDEIND.NS] fetching fresh data
2026-07-29 05:53:55,766 [INFO] src.ingestion: [ARE&M.NS] fetching fresh data
2026-07-29 05:53:56,732 [INFO] src.ingestion: [SUNDRMFAST.NS] fetching fresh data
2026-07-29 05:53:57,640 [INFO] src.ingestion: [UNOMINDA.NS] fetching fresh data
2026-07-29 05:53:58,595 [INFO] src.ingestion: [SUNPHARMA.NS] fetching fresh data
2026-07-29 05:53:59,391 [INFO] src.ingestion: [DRREDDY.NS] fetching fresh data
2026-07-29 05:54:00,309 [INFO] src.ingestion: [CIPLA.NS] fetching fresh data
2026-07-29 05:54:01,120 [INFO] src.ingestion: [DIVISLAB.NS] fetching fresh data
2026-07-29 05:54:02,087 [INFO] src.ingestion: [LUPIN.NS] fetching fresh data
2026-07-29 05:54:02,979 [INFO] src.ingestion: [AUROPHARMA.NS] fetching fresh data
2026-07-29 05:54:03,841 [INFO] src.ingestion: [BIOCON.NS] fetching fresh data
2026-07-29 05:54:04,795 [INFO] src.ingestion: [TORNTPHARM.NS] fetching fresh data
2026-07-29 05:54:05,831 [INFO] src.ingestion: [ALKEM.NS] fetching fresh data
2026-07-29 05:54:06,633 [INFO] src.ingestion: [ABBOTINDIA.NS] fetching fresh data
2026-07-29 05:54:07,456 [INFO] src.ingestion: [APOLLOHOSP.NS] fetching fresh data
2026-07-29 05:54:08,330 [INFO] src.ingestion: [FORTIS.NS] fetching fresh data
2026-07-29 05:54:09,173 [INFO] src.ingestion: [LALPATHLAB.NS] fetching fresh data
2026-07-29 05:54:09,943 [INFO] src.ingestion: [METROPOLIS.NS] fetching fresh data
2026-07-29 05:54:10,928 [INFO] src.ingestion: [GLAND.NS] fetching fresh data
2026-07-29 05:54:11,882 [INFO] src.ingestion: [LAURUSLABS.NS] fetching fresh data
2026-07-29 05:54:12,815 [INFO] src.ingestion: [GLENMARK.NS] fetching fresh data
2026-07-29 05:54:13,769 [INFO] src.ingestion: [IPCALAB.NS] fetching fresh data
2026-07-29 05:54:14,716 [INFO] src.ingestion: [HINDUNILVR.NS] fetching fresh data
2026-07-29 05:54:15,623 [INFO] src.ingestion: [ITC.NS] fetching fresh data
2026-07-29 05:54:16,505 [INFO] src.ingestion: [NESTLEIND.NS] fetching fresh data
2026-07-29 05:54:17,317 [INFO] src.ingestion: [BRITANNIA.NS] fetching fresh data
2026-07-29 05:54:18,195 [INFO] src.ingestion: [DABUR.NS] fetching fresh data
2026-07-29 05:54:19,080 [INFO] src.ingestion: [GODREJCP.NS] fetching fresh data
2026-07-29 05:54:19,975 [INFO] src.ingestion: [MARICO.NS] fetching fresh data
2026-07-29 05:54:20,812 [INFO] src.ingestion: [COLPAL.NS] fetching fresh data
2026-07-29 05:54:21,758 [INFO] src.ingestion: [TATACONSUM.NS] fetching fresh data
2026-07-29 05:54:22,612 [INFO] src.ingestion: [VBL.NS] fetching fresh data
2026-07-29 05:54:23,580 [INFO] src.ingestion: [UNITDSPR.NS] fetching fresh data
2026-07-29 05:54:24,435 [INFO] src.ingestion: [EMAMILTD.NS] fetching fresh data
2026-07-29 05:54:25,399 [INFO] src.ingestion: [TATASTEEL.NS] fetching fresh data
2026-07-29 05:54:26,252 [INFO] src.ingestion: [JSWSTEEL.NS] fetching fresh data
2026-07-29 05:54:27,119 [INFO] src.ingestion: [HINDALCO.NS] fetching fresh data
2026-07-29 05:54:28,030 [INFO] src.ingestion: [VEDL.NS] fetching fresh data
2026-07-29 05:54:28,863 [INFO] src.ingestion: [COALINDIA.NS] fetching fresh data
2026-07-29 05:54:29,778 [INFO] src.ingestion: [NMDC.NS] fetching fresh data
2026-07-29 05:54:30,643 [INFO] src.ingestion: [SAIL.NS] fetching fresh data
2026-07-29 05:54:31,586 [INFO] src.ingestion: [JINDALSTEL.NS] fetching fresh data
2026-07-29 05:54:32,623 [INFO] src.ingestion: [APLAPOLLO.NS] fetching fresh data
2026-07-29 05:54:33,524 [INFO] src.ingestion: [NATIONALUM.NS] fetching fresh data
2026-07-29 05:54:34,320 [INFO] src.ingestion: [HINDCOPPER.NS] fetching fresh data
2026-07-29 05:54:35,233 [INFO] src.ingestion: [RATNAMANI.NS] fetching fresh data
2026-07-29 05:54:36,145 [INFO] src.ingestion: [HINDZINC.NS] fetching fresh data
2026-07-29 05:54:36,933 [INFO] src.ingestion: [WELCORP.NS] fetching fresh data
2026-07-29 05:54:37,854 [INFO] src.ingestion: [JSL.NS] fetching fresh data
2026-07-29 05:54:38,681 [INFO] src.ingestion: [RELIANCE.NS] fetching fresh data
2026-07-29 05:54:39,527 [INFO] src.ingestion: [ONGC.NS] fetching fresh data
2026-07-29 05:54:40,512 [INFO] src.ingestion: [BPCL.NS] fetching fresh data
2026-07-29 05:54:41,319 [INFO] src.ingestion: [IOC.NS] fetching fresh data
2026-07-29 05:54:42,253 [INFO] src.ingestion: [GAIL.NS] fetching fresh data
2026-07-29 05:54:43,133 [INFO] src.ingestion: [NTPC.NS] fetching fresh data
2026-07-29 05:54:44,025 [INFO] src.ingestion: [POWERGRID.NS] fetching fresh data
2026-07-29 05:54:44,891 [INFO] src.ingestion: [TATAPOWER.NS] fetching fresh data
2026-07-29 05:54:45,876 [INFO] src.ingestion: [ADANIGREEN.NS] fetching fresh data
2026-07-29 05:54:46,729 [INFO] src.ingestion: [ADANIPOWER.NS] fetching fresh data
2026-07-29 05:54:47,718 [INFO] src.ingestion: [TORNTPOWER.NS] fetching fresh data
2026-07-29 05:54:48,606 [INFO] src.ingestion: [LT.NS] fetching fresh data
2026-07-29 05:54:49,532 [INFO] src.ingestion: [SIEMENS.NS] fetching fresh data
2026-07-29 05:54:50,431 [INFO] src.ingestion: [ABB.NS] fetching fresh data
2026-07-29 05:54:51,237 [INFO] src.ingestion: [HAL.NS] fetching fresh data
2026-07-29 05:54:52,140 [INFO] src.ingestion: [BEL.NS] fetching fresh data
2026-07-29 05:54:53,072 [INFO] src.ingestion: [BHEL.NS] fetching fresh data
2026-07-29 05:54:53,937 [INFO] src.ingestion: [CUMMINSIND.NS] fetching fresh data
2026-07-29 05:54:54,747 [INFO] src.ingestion: [THERMAX.NS] fetching fresh data
2026-07-29 05:54:55,663 [INFO] src.ingestion: [POLYCAB.NS] fetching fresh data
2026-07-29 05:54:56,632 [INFO] src.ingestion: [KEI.NS] fetching fresh data
2026-07-29 05:54:57,521 [INFO] src.ingestion: [HAVELLS.NS] fetching fresh data
2026-07-29 05:54:58,440 [INFO] src.ingestion: [CROMPTON.NS] fetching fresh data
2026-07-29 05:54:59,317 [INFO] src.ingestion: [SUPREMEIND.NS] fetching fresh data
2026-07-29 05:55:00,182 [INFO] src.ingestion: [ASTRAL.NS] fetching fresh data
2026-07-29 05:55:01,047 [INFO] src.ingestion: [GRINDWELL.NS] fetching fresh data
2026-07-29 05:55:02,000 [INFO] src.ingestion: [CARBORUNIV.NS] fetching fresh data
2026-07-29 05:55:02,937 [INFO] src.ingestion: [TIMKEN.NS] fetching fresh data
2026-07-29 05:55:03,823 [INFO] src.ingestion: [SKFINDIA.NS] fetching fresh data
2026-07-29 05:55:04,808 [INFO] src.ingestion: [SRF.NS] fetching fresh data
2026-07-29 05:55:05,702 [INFO] src.ingestion: [PIIND.NS] fetching fresh data
2026-07-29 05:55:06,675 [INFO] src.ingestion: [DEEPAKNTR.NS] fetching fresh data
2026-07-29 05:55:07,610 [INFO] src.ingestion: [AARTIIND.NS] fetching fresh data
2026-07-29 05:55:08,534 [INFO] src.ingestion: [NAVINFLUOR.NS] fetching fresh data
2026-07-29 05:55:09,484 [INFO] src.ingestion: [UPL.NS] fetching fresh data
2026-07-29 05:55:10,398 [INFO] src.ingestion: [COROMANDEL.NS] fetching fresh data
2026-07-29 05:55:11,379 [INFO] src.ingestion: [CHAMBLFERT.NS] fetching fresh data
2026-07-29 05:55:12,415 [INFO] src.ingestion: [GNFC.NS] fetching fresh data
2026-07-29 05:55:13,338 [INFO] src.ingestion: [PIDILITIND.NS] fetching fresh data
2026-07-29 05:55:14,240 [INFO] src.ingestion: [TATACHEM.NS] fetching fresh data
2026-07-29 05:55:15,051 [INFO] src.ingestion: [GHCL.NS] fetching fresh data
2026-07-29 05:55:15,992 [INFO] src.ingestion: [TITAN.NS] fetching fresh data
2026-07-29 05:55:16,946 [INFO] src.ingestion: [DMART.NS] fetching fresh data
2026-07-29 05:55:18,228 [INFO] src.ingestion: [TRENT.NS] fetching fresh data
2026-07-29 05:55:19,110 [INFO] src.ingestion: [BATAINDIA.NS] fetching fresh data
2026-07-29 05:55:19,996 [INFO] src.ingestion: [PAGEIND.NS] fetching fresh data
2026-07-29 05:55:20,836 [INFO] src.ingestion: [JUBLFOOD.NS] fetching fresh data
2026-07-29 05:55:21,748 [INFO] src.ingestion: [VOLTAS.NS] fetching fresh data
2026-07-29 05:55:22,599 [INFO] src.ingestion: [DIXON.NS] fetching fresh data
2026-07-29 05:55:23,541 [INFO] src.ingestion: [RELAXO.NS] fetching fresh data
2026-07-29 05:55:24,377 [INFO] src.ingestion: [KAJARIACER.NS] fetching fresh data
2026-07-29 05:55:25,283 [INFO] src.ingestion: [WHIRLPOOL.NS] fetching fresh data
2026-07-29 05:55:26,176 [INFO] src.ingestion: [BLUESTARCO.NS] fetching fresh data
2026-07-29 05:55:26,977 [INFO] src.ingestion: [PGHH.NS] fetching fresh data
2026-07-29 05:55:27,911 [INFO] src.ingestion: [GILLETTE.NS] fetching fresh data
2026-07-29 05:55:28,689 [INFO] src.ingestion: [BHARTIARTL.NS] fetching fresh data
2026-07-29 05:55:29,524 [INFO] src.ingestion: [IDEA.NS] fetching fresh data
2026-07-29 05:55:30,546 [INFO] src.ingestion: [INDUSTOWER.NS] fetching fresh data
2026-07-29 05:55:31,411 [INFO] src.ingestion: [PVRINOX.NS] fetching fresh data
2026-07-29 05:55:32,334 [INFO] src.ingestion: [ZEEL.NS] fetching fresh data
2026-07-29 05:55:33,126 [INFO] src.ingestion: [ADANIPORTS.NS] fetching fresh data
2026-07-29 05:55:34,058 [INFO] src.ingestion: [ADANIENT.NS] fetching fresh data
2026-07-29 05:55:35,020 [INFO] src.ingestion: [GMRAIRPORT.NS] fetching fresh data
2026-07-29 05:55:35,919 [INFO] src.ingestion: [CONCOR.NS] fetching fresh data
2026-07-29 05:55:36,707 [INFO] src.ingestion: [IRCTC.NS] fetching fresh data
2026-07-29 05:55:37,574 [INFO] src.ingestion: [INDIGO.NS] fetching fresh data
2026-07-29 05:55:38,560 [INFO] src.ingestion: [RVNL.NS] fetching fresh data
2026-07-29 05:55:39,456 [INFO] src.ingestion: [IRCON.NS] fetching fresh data
2026-07-29 05:55:40,283 [INFO] src.ingestion: [NBCC.NS] fetching fresh data
2026-07-29 05:55:41,217 [INFO] src.ingestion: [NCC.NS] fetching fresh data
2026-07-29 05:55:42,048 [INFO] src.ingestion: [MAZDOCK.NS] fetching fresh data
2026-07-29 05:55:43,002 [INFO] src.ingestion: [COCHINSHIP.NS] fetching fresh data
2026-07-29 05:55:43,824 [INFO] src.ingestion: [DLF.NS] fetching fresh data
2026-07-29 05:55:44,619 [INFO] src.ingestion: [GODREJPROP.NS] fetching fresh data
2026-07-29 05:55:45,507 [INFO] src.ingestion: [OBEROIRLTY.NS] fetching fresh data
2026-07-29 05:55:46,506 [INFO] src.ingestion: [PRESTIGE.NS] fetching fresh data
2026-07-29 05:55:47,415 [INFO] src.ingestion: [PHOENIXLTD.NS] fetching fresh data
2026-07-29 05:55:48,374 [INFO] src.ingestion: [SOBHA.NS] fetching fresh data
2026-07-29 05:55:49,290 [INFO] src.ingestion: Fetched 200/201 tickers successfully
2026-07-29 05:55:49,291 [WARNING] src.ingestion: Failed tickers (excluded from downstream, not silently zeroed): ['LTIM.NS']
2026-07-29 05:55:49,291 [INFO] __main__: Ingestion validation passed: 200/201 tickers (100%)
2026-07-29 05:55:49,291 [INFO] __main__: === Stage 2/8: Cleaning ===
2026-07-29 05:55:49,298 [WARNING] src.cleaning: [CROMPTON.NS] EXCLUDED: missing critical fields: ['trailing_pe']
2026-07-29 05:55:49,299 [WARNING] src.cleaning: [INDIGO.NS] EXCLUDED: missing critical fields: ['trailing_pe']
2026-07-29 05:55:49,299 [WARNING] src.cleaning: [LTIM.NS] EXCLUDED: ingestion failed: yfinance returned an empty info payload for LTIM.NS (no exception, but no usable data — likely a transient Yahoo-side issue or an invalid/delisted symbol)
2026-07-29 05:55:49,299 [WARNING] src.cleaning: [TATACHEM.NS] EXCLUDED: missing critical fields: ['trailing_pe']
2026-07-29 05:55:49,299 [WARNING] src.cleaning: [TMPV.NS] EXCLUDED: missing critical fields: ['trailing_pe']
2026-07-29 05:55:49,299 [INFO] src.cleaning: [ABB.NS] non-critical missing fields: ['return_on_equity']
2026-07-29 05:55:49,299 [INFO] src.cleaning: [ACC.NS] non-critical missing fields: ['return_on_equity']
2026-07-29 05:55:49,299 [INFO] src.cleaning: [ADANIGREEN.NS] non-critical missing fields: ['return_on_equity']
2026-07-29 05:55:49,300 [INFO] src.cleaning: [ADANIPOWER.NS] non-critical missing fields: ['return_on_equity']
2026-07-29 05:55:49,300 [INFO] src.cleaning: [AUBANK.NS] non-critical missing fields: ['ev_to_ebitda', 'return_on_equity', 'debt_to_equity']
2026-07-29 05:55:49,300 [INFO] src.cleaning: [AXISBANK.NS] non-critical missing fields: ['ev_to_ebitda', 'debt_to_equity']
2026-07-29 05:55:49,300 [INFO] src.cleaning: [BAJAJ-AUTO.NS] non-critical missing fields: ['return_on_equity']
2026-07-29 05:55:49,300 [WARNING] src.cleaning: [BAJAJHLDNG.NS] outlier values flagged: ['net_margin']
2026-07-29 05:55:49,300 [INFO] src.cleaning: [BAJFINANCE.NS] non-critical missing fields: ['ev_to_ebitda']
2026-07-29 05:55:49,300 [INFO] src.cleaning: [BANDHANBNK.NS] non-critical missing fields: ['ev_to_ebitda', 'return_on_equity', 'debt_to_equity']
2026-07-29 05:55:49,300 [INFO] src.cleaning: [BANKBARODA.NS] non-critical missing fields: ['ev_to_ebitda', 'debt_to_equity']
2026-07-29 05:55:49,300 [INFO] src.cleaning: [BANKINDIA.NS] non-critical missing fields: ['ev_to_ebitda', 'debt_to_equity']
2026-07-29 05:55:49,300 [INFO] src.cleaning: [BEL.NS] non-critical missing fields: ['return_on_equity']
2026-07-29 05:55:49,300 [INFO] src.cleaning: [BHEL.NS] non-critical missing fields: ['return_on_equity']
2026-07-29 05:55:49,300 [INFO] src.cleaning: [BPCL.NS] non-critical missing fields: ['return_on_equity']
2026-07-29 05:55:49,300 [INFO] src.cleaning: [CANBK.NS] non-critical missing fields: ['ev_to_ebitda', 'return_on_equity', 'debt_to_equity']
2026-07-29 05:55:49,300 [INFO] src.cleaning: [CENTRALBK.NS] non-critical missing fields: ['ev_to_ebitda', 'debt_to_equity']
2026-07-29 05:55:49,300 [INFO] src.cleaning: [CHOLAFIN.NS] non-critical missing fields: ['ev_to_ebitda']
2026-07-29 05:55:49,300 [INFO] src.cleaning: [CIPLA.NS] non-critical missing fields: ['return_on_equity']
2026-07-29 05:55:49,300 [INFO] src.cleaning: [COALINDIA.NS] non-critical missing fields: ['return_on_equity']
2026-07-29 05:55:49,300 [INFO] src.cleaning: [COFORGE.NS] non-critical missing fields: ['ev_to_ebitda', 'return_on_equity', 'total_debt']
2026-07-29 05:55:49,300 [INFO] src.cleaning: [CONCOR.NS] non-critical missing fields: ['return_on_equity']
2026-07-29 05:55:49,300 [INFO] src.cleaning: [COROMANDEL.NS] non-critical missing fields: ['return_on_equity']
2026-07-29 05:55:49,300 [INFO] src.cleaning: [CYIENT.NS] non-critical missing fields: ['return_on_equity']
2026-07-29 05:55:49,300 [INFO] src.cleaning: [DALBHARAT.NS] non-critical missing fields: ['return_on_equity']
2026-07-29 05:55:49,300 [INFO] src.cleaning: [DMART.NS] non-critical missing fields: ['return_on_equity']
2026-07-29 05:55:49,300 [INFO] src.cleaning: [FEDERALBNK.NS] non-critical missing fields: ['ev_to_ebitda', 'return_on_equity', 'debt_to_equity']
2026-07-29 05:55:49,300 [INFO] src.cleaning: [GICRE.NS] non-critical missing fields: ['debt_to_equity']
2026-07-29 05:55:49,300 [WARNING] src.cleaning: [GMRAIRPORT.NS] outlier values flagged: ['trailing_pe']
2026-07-29 05:55:49,300 [WARNING] src.cleaning: [GMRAIRPORT.NS] negative/zero equity — DuPont ROE math will be invalid downstream
2026-07-29 05:55:49,300 [INFO] src.cleaning: [GMRAIRPORT.NS] non-critical missing fields: ['return_on_equity', 'debt_to_equity']
2026-07-29 05:55:49,300 [INFO] src.cleaning: [GRINDWELL.NS] non-critical missing fields: ['return_on_equity']
2026-07-29 05:55:49,300 [INFO] src.cleaning: [HAVELLS.NS] non-critical missing fields: ['return_on_equity']
2026-07-29 05:55:49,300 [WARNING] src.cleaning: [HCLTECH.NS] outlier values flagged: ['ev_to_ebitda']
2026-07-29 05:55:49,300 [INFO] src.cleaning: [HDFCBANK.NS] non-critical missing fields: ['ev_to_ebitda', 'debt_to_equity']
2026-07-29 05:55:49,301 [INFO] src.cleaning: [HINDZINC.NS] non-critical missing fields: ['return_on_equity']
2026-07-29 05:55:49,301 [INFO] src.cleaning: [HUDCO.NS] non-critical missing fields: ['ev_to_ebitda', 'return_on_equity']
2026-07-29 05:55:49,301 [INFO] src.cleaning: [ICICIBANK.NS] non-critical missing fields: ['ev_to_ebitda', 'debt_to_equity']
2026-07-29 05:55:49,301 [INFO] src.cleaning: [ICICIGI.NS] non-critical missing fields: ['debt_to_equity']
2026-07-29 05:55:49,301 [WARNING] src.cleaning: [IDEA.NS] negative/zero equity — DuPont ROE math will be invalid downstream
2026-07-29 05:55:49,301 [INFO] src.cleaning: [IDEA.NS] non-critical missing fields: ['return_on_equity', 'debt_to_equity']
2026-07-29 05:55:49,301 [INFO] src.cleaning: [IDFCFIRSTB.NS] non-critical missing fields: ['ev_to_ebitda', 'return_on_equity', 'debt_to_equity', 'total_debt']
2026-07-29 05:55:49,301 [INFO] src.cleaning: [INDUSINDBK.NS] non-critical missing fields: ['ev_to_ebitda', 'return_on_equity', 'debt_to_equity']
2026-07-29 05:55:49,301 [INFO] src.cleaning: [INDUSTOWER.NS] non-critical missing fields: ['return_on_equity']
2026-07-29 05:55:49,301 [WARNING] src.cleaning: [INFY.NS] outlier values flagged: ['ev_to_ebitda']
2026-07-29 05:55:49,301 [INFO] src.cleaning: [IOB.NS] non-critical missing fields: ['ev_to_ebitda', 'debt_to_equity']
2026-07-29 05:55:49,301 [INFO] src.cleaning: [IRFC.NS] non-critical missing fields: ['ev_to_ebitda']
2026-07-29 05:55:49,301 [INFO] src.cleaning: [JINDALSTEL.NS] non-critical missing fields: ['return_on_equity']
2026-07-29 05:55:49,301 [INFO] src.cleaning: [JKCEMENT.NS] non-critical missing fields: ['return_on_equity']
2026-07-29 05:55:49,301 [INFO] src.cleaning: [JSWSTEEL.NS] non-critical missing fields: ['return_on_equity']
2026-07-29 05:55:49,301 [INFO] src.cleaning: [KOTAKBANK.NS] non-critical missing fields: ['ev_to_ebitda', 'return_on_equity', 'debt_to_equity']
2026-07-29 05:55:49,301 [INFO] src.cleaning: [LALPATHLAB.NS] non-critical missing fields: ['return_on_equity']
2026-07-29 05:55:49,301 [INFO] src.cleaning: [LAURUSLABS.NS] non-critical missing fields: ['return_on_equity']
2026-07-29 05:55:49,301 [INFO] src.cleaning: [LICHSGFIN.NS] non-critical missing fields: ['ev_to_ebitda']
2026-07-29 05:55:49,301 [INFO] src.cleaning: [LTTS.NS] non-critical missing fields: ['return_on_equity']
2026-07-29 05:55:49,301 [INFO] src.cleaning: [MANAPPURAM.NS] non-critical missing fields: ['ev_to_ebitda']
2026-07-29 05:55:49,301 [INFO] src.cleaning: [MUTHOOTFIN.NS] non-critical missing fields: ['ev_to_ebitda']
2026-07-29 05:55:49,301 [INFO] src.cleaning: [NESTLEIND.NS] non-critical missing fields: ['return_on_equity']
2026-07-29 05:55:49,301 [INFO] src.cleaning: [NTPC.NS] non-critical missing fields: ['return_on_equity']
2026-07-29 05:55:49,301 [INFO] src.cleaning: [OBEROIRLTY.NS] non-critical missing fields: ['return_on_equity']
2026-07-29 05:55:49,301 [INFO] src.cleaning: [PFC.NS] non-critical missing fields: ['ev_to_ebitda']
2026-07-29 05:55:49,301 [INFO] src.cleaning: [PNB.NS] non-critical missing fields: ['ev_to_ebitda', 'debt_to_equity']
2026-07-29 05:55:49,301 [INFO] src.cleaning: [POONAWALLA.NS] non-critical missing fields: ['ev_to_ebitda', 'return_on_equity']
2026-07-29 05:55:49,301 [INFO] src.cleaning: [PVRINOX.NS] non-critical missing fields: ['return_on_equity']
2026-07-29 05:55:49,301 [INFO] src.cleaning: [RBLBANK.NS] non-critical missing fields: ['ev_to_ebitda', 'return_on_equity', 'debt_to_equity']
2026-07-29 05:55:49,301 [INFO] src.cleaning: [RECLTD.NS] non-critical missing fields: ['ev_to_ebitda', 'return_on_equity']
2026-07-29 05:55:49,301 [INFO] src.cleaning: [RELIANCE.NS] non-critical missing fields: ['return_on_equity']
2026-07-29 05:55:49,302 [INFO] src.cleaning: [SAIL.NS] non-critical missing fields: ['return_on_equity']
2026-07-29 05:55:49,302 [INFO] src.cleaning: [SBICARD.NS] non-critical missing fields: ['ev_to_ebitda', 'return_on_equity']
2026-07-29 05:55:49,302 [INFO] src.cleaning: [SBILIFE.NS] non-critical missing fields: ['debt_to_equity']
2026-07-29 05:55:49,302 [INFO] src.cleaning: [SBIN.NS] non-critical missing fields: ['ev_to_ebitda', 'debt_to_equity']
2026-07-29 05:55:49,302 [INFO] src.cleaning: [SHREECEM.NS] non-critical missing fields: ['return_on_equity']
2026-07-29 05:55:49,302 [INFO] src.cleaning: [SHRIRAMFIN.NS] non-critical missing fields: ['ev_to_ebitda']
2026-07-29 05:55:49,302 [INFO] src.cleaning: [SIEMENS.NS] non-critical missing fields: ['return_on_equity']
2026-07-29 05:55:49,302 [INFO] src.cleaning: [SOBHA.NS] non-critical missing fields: ['return_on_equity']
2026-07-29 05:55:49,302 [INFO] src.cleaning: [SRF.NS] non-critical missing fields: ['return_on_equity']
2026-07-29 05:55:49,302 [INFO] src.cleaning: [TATACONSUM.NS] non-critical missing fields: ['return_on_equity']
2026-07-29 05:55:49,302 [INFO] src.cleaning: [TATAELXSI.NS] non-critical missing fields: ['return_on_equity']
2026-07-29 05:55:49,302 [INFO] src.cleaning: [TATAPOWER.NS] non-critical missing fields: ['return_on_equity']
2026-07-29 05:55:49,302 [INFO] src.cleaning: [TECHM.NS] non-critical missing fields: ['return_on_equity']
2026-07-29 05:55:49,302 [INFO] src.cleaning: [TVSMOTOR.NS] non-critical missing fields: ['return_on_equity']
2026-07-29 05:55:49,302 [INFO] src.cleaning: [UCOBANK.NS] non-critical missing fields: ['ev_to_ebitda', 'debt_to_equity']
2026-07-29 05:55:49,302 [INFO] src.cleaning: [ULTRACEMCO.NS] non-critical missing fields: ['return_on_equity']
2026-07-29 05:55:49,302 [INFO] src.cleaning: [UNIONBANK.NS] non-critical missing fields: ['ev_to_ebitda', 'debt_to_equity', 'revenue_growth', 'total_debt']
2026-07-29 05:55:49,302 [INFO] src.cleaning: [UNITDSPR.NS] non-critical missing fields: ['return_on_equity']
2026-07-29 05:55:49,302 [INFO] src.cleaning: [VBL.NS] non-critical missing fields: ['return_on_equity']
2026-07-29 05:55:49,302 [INFO] src.cleaning: [WELCORP.NS] non-critical missing fields: ['return_on_equity']
2026-07-29 05:55:49,312 [INFO] src.cleaning: Cleaned 196/201 tickers -> data/processed/cleaned_universe.csv
2026-07-29 05:55:49,312 [INFO] src.cleaning: Full flag audit trail -> data/processed/cleaning_flags.csv
2026-07-29 05:55:49,312 [INFO] __main__: Cleaning validation passed: 196/201 tickers retained (98%)
2026-07-29 05:55:49,312 [INFO] __main__: === Stage 3/8: Scoring ===
2026-07-29 05:55:49,366 [INFO] src.scoring: Scored 196 companies -> data/processed/scored_universe.csv
2026-07-29 05:55:49,366 [INFO] src.scoring: Top 10 shortlist -> data/processed/shortlist_top_n.csv
2026-07-29 05:55:49,367 [WARNING] src.scoring: 24 companies scored on fewer than all 4 buckets (reweighted, not zero-filled) — see 'buckets_used' column: ['UNIONBANK.NS', 'IOB.NS', 'BANKINDIA.NS', 'CANBK.NS', 'PNB.NS', 'IDEA.NS', 'ICICIGI.NS', 'GICRE.NS', 'FEDERALBNK.NS', 'UCOBANK.NS', 'BANKBARODA.NS', 'KOTAKBANK.NS', 'SBIN.NS', 'AXISBANK.NS', 'ICICIBANK.NS', 'CENTRALBK.NS', 'HDFCBANK.NS', 'SBILIFE.NS', 'GMRAIRPORT.NS', 'AUBANK.NS', 'BANDHANBNK.NS', 'IDFCFIRSTB.NS', 'RBLBANK.NS', 'INDUSINDBK.NS']
2026-07-29 05:55:49,369 [INFO] __main__: Scoring validation passed: 196 companies ranked, all scores in valid range
2026-07-29 05:55:49,369 [INFO] __main__: === Stage 4/8: Comps + DuPont ===
2026-07-29 05:55:49,379 [INFO] src.comps_dupont: Comps + DuPont report for top 10 -> data/processed/comps_dupont_report.csv
2026-07-29 05:55:49,380 [WARNING] src.comps_dupont: 1 companies have a DuPont-implied ROE that diverges >5pp from reported ROE (possible data inconsistency, worth a manual check): ['IOB.NS']
2026-07-29 05:55:49,380 [INFO] __main__: === Stage 5/8: Explainability ===
2026-07-29 05:55:49,411 [INFO] src.explainability: Explanations for top 10 companies -> data/processed/explanations.csv
2026-07-29 05:55:49,411 [INFO] __main__: === Stage 6/8: Baseline Comparison ===
2026-07-29 05:55:49,418 [INFO] src.baseline_comparison: Baseline comparison -> data/processed/baseline_comparison.csv
2026-07-29 05:55:49,418 [INFO] __main__: === Stage 7/8: Acquisition Likelihood ===
2026-07-29 05:55:49,421 [INFO] src.acquisition_likelihood: 2 companies excluded from acquisition-likelihood scoring (negative/zero equity — financial distress, not a value-target thesis): ['IDEA.NS', 'GMRAIRPORT.NS']
2026-07-29 05:55:49,431 [INFO] src.acquisition_likelihood: Acquisition likelihood scoring -> data/processed/acquisition_likelihood.csv
2026-07-29 05:55:49,432 [INFO] __main__: === Stage 8/8: Historical Snapshot ===
2026-07-29 05:55:49,436 [INFO] src.history_tracker: Recorded shortlist snapshot for 2026-07-29 (10 companies) -> data/history/shortlist_history.csv (1 distinct days tracked so far)
2026-07-29 05:55:49,439 [INFO] src.history_tracker: Recorded acquisition-likelihood snapshot for 2026-07-29 (10 companies) -> data/history/acquisition_likelihood_history.csv (1 distinct days tracked so far)
2026-07-29 05:55:49,440 [INFO] __main__: === Pipeline completed successfully ===
2026-07-29 05:55:49,440 [INFO] __main__:   ingestion: {'total': 201, 'ok': 200}
2026-07-29 05:55:49,440 [INFO] __main__:   cleaning: {'retained': 196, 'input': 201}
2026-07-29 05:55:49,440 [INFO] __main__:   scoring: {'ranked': 196}
2026-07-29 05:55:49,440 [INFO] __main__:   comps_dupont: {'companies': 10}
2026-07-29 05:55:49,440 [INFO] __main__:   explainability: {'companies': 10}
2026-07-29 05:55:49,440 [INFO] __main__:   baseline_comparison: {'correlation': np.float64(0.44763604778108046), 'overlap_pct': 0.1}
2026-07-29 05:55:49,440 [INFO] __main__:   acquisition_likelihood: {'companies': 10}
2026-07-29 05:55:49,440 [INFO] __main__:   history_tracker: {'recorded': True}
