2026-08-13 04:50:43,339 [INFO] __main__: Logging to file: logs/pipeline_run_2026-08-13T04-50-43Z.log
2026-08-13 04:50:43,339 [INFO] __main__: === Stage 1/8: Ingestion ===
2026-08-13 04:50:43,371 [INFO] src.ingestion: [ACC.NS] fetching fresh data
2026-08-13 04:50:44,465 [INFO] src.ingestion: [AMBUJACEM.NS] fetching fresh data
2026-08-13 04:50:45,324 [INFO] src.ingestion: [ULTRACEMCO.NS] fetching fresh data
2026-08-13 04:50:46,282 [INFO] src.ingestion: [SHREECEM.NS] fetching fresh data
2026-08-13 04:50:47,171 [INFO] src.ingestion: [JKCEMENT.NS] fetching fresh data
2026-08-13 04:50:48,146 [INFO] src.ingestion: [RAMCOCEM.NS] fetching fresh data
2026-08-13 04:50:49,088 [INFO] src.ingestion: [HEIDELBERG.NS] fetching fresh data
2026-08-13 04:50:50,067 [INFO] src.ingestion: [DALBHARAT.NS] fetching fresh data
2026-08-13 04:50:51,121 [INFO] src.ingestion: [INFY.NS] fetching fresh data
2026-08-13 04:50:52,042 [INFO] src.ingestion: [TCS.NS] fetching fresh data
2026-08-13 04:50:53,004 [INFO] src.ingestion: [WIPRO.NS] fetching fresh data
2026-08-13 04:50:53,951 [INFO] src.ingestion: [HCLTECH.NS] fetching fresh data
2026-08-13 04:50:54,846 [INFO] src.ingestion: [TECHM.NS] fetching fresh data
2026-08-13 04:50:55,676 [INFO] src.ingestion: [LTIM.NS] fetching fresh data
2026-08-13 04:50:55,811 [ERROR] yfinance: HTTP Error 404: {"quoteSummary":{"result":null,"error":{"code":"Not Found","description":"Quote not found for symbol: LTIM.NS"}}}
2026-08-13 04:50:55,928 [WARNING] src.ingestion: [LTIM.NS] attempt 1 failed: yfinance returned an empty info payload for LTIM.NS (no exception, but no usable data — likely a transient Yahoo-side issue or an invalid/delisted symbol)
2026-08-13 04:50:58,136 [ERROR] yfinance: HTTP Error 404: {"quoteSummary":{"result":null,"error":{"code":"Not Found","description":"Quote not found for symbol: LTIM.NS"}}}
2026-08-13 04:50:58,183 [WARNING] src.ingestion: [LTIM.NS] attempt 2 failed: yfinance returned an empty info payload for LTIM.NS (no exception, but no usable data — likely a transient Yahoo-side issue or an invalid/delisted symbol)
2026-08-13 04:51:02,349 [ERROR] yfinance: HTTP Error 404: {"quoteSummary":{"result":null,"error":{"code":"Not Found","description":"Quote not found for symbol: LTIM.NS"}}}
2026-08-13 04:51:02,403 [WARNING] src.ingestion: [LTIM.NS] attempt 3 failed: yfinance returned an empty info payload for LTIM.NS (no exception, but no usable data — likely a transient Yahoo-side issue or an invalid/delisted symbol)
2026-08-13 04:51:02,803 [INFO] src.ingestion: [PERSISTENT.NS] fetching fresh data
2026-08-13 04:51:03,767 [INFO] src.ingestion: [COFORGE.NS] fetching fresh data
2026-08-13 04:51:04,767 [INFO] src.ingestion: [MPHASIS.NS] fetching fresh data
2026-08-13 04:51:05,694 [INFO] src.ingestion: [LTTS.NS] fetching fresh data
2026-08-13 04:51:06,481 [INFO] src.ingestion: [TATAELXSI.NS] fetching fresh data
2026-08-13 04:51:07,410 [INFO] src.ingestion: [CYIENT.NS] fetching fresh data
2026-08-13 04:51:08,419 [INFO] src.ingestion: [KPITTECH.NS] fetching fresh data
2026-08-13 04:51:09,443 [INFO] src.ingestion: [HDFCBANK.NS] fetching fresh data
2026-08-13 04:51:10,385 [INFO] src.ingestion: [ICICIBANK.NS] fetching fresh data
2026-08-13 04:51:11,254 [INFO] src.ingestion: [SBIN.NS] fetching fresh data
2026-08-13 04:51:12,142 [INFO] src.ingestion: [AXISBANK.NS] fetching fresh data
2026-08-13 04:51:13,046 [INFO] src.ingestion: [KOTAKBANK.NS] fetching fresh data
2026-08-13 04:51:14,109 [INFO] src.ingestion: [INDUSINDBK.NS] fetching fresh data
2026-08-13 04:51:15,067 [INFO] src.ingestion: [FEDERALBNK.NS] fetching fresh data
2026-08-13 04:51:15,877 [INFO] src.ingestion: [BANDHANBNK.NS] fetching fresh data
2026-08-13 04:51:16,713 [INFO] src.ingestion: [IDFCFIRSTB.NS] fetching fresh data
2026-08-13 04:51:17,613 [INFO] src.ingestion: [PNB.NS] fetching fresh data
2026-08-13 04:51:18,394 [INFO] src.ingestion: [BANKBARODA.NS] fetching fresh data
2026-08-13 04:51:19,366 [INFO] src.ingestion: [CANBK.NS] fetching fresh data
2026-08-13 04:51:20,387 [INFO] src.ingestion: [UNIONBANK.NS] fetching fresh data
2026-08-13 04:51:21,339 [INFO] src.ingestion: [AUBANK.NS] fetching fresh data
2026-08-13 04:51:22,190 [INFO] src.ingestion: [RBLBANK.NS] fetching fresh data
2026-08-13 04:51:23,073 [INFO] src.ingestion: [BANKINDIA.NS] fetching fresh data
2026-08-13 04:51:23,861 [INFO] src.ingestion: [CENTRALBK.NS] fetching fresh data
2026-08-13 04:51:24,639 [INFO] src.ingestion: [IOB.NS] fetching fresh data
2026-08-13 04:51:25,530 [INFO] src.ingestion: [UCOBANK.NS] fetching fresh data
2026-08-13 04:51:26,326 [INFO] src.ingestion: [BAJFINANCE.NS] fetching fresh data
2026-08-13 04:51:27,222 [INFO] src.ingestion: [BAJAJFINSV.NS] fetching fresh data
2026-08-13 04:51:28,225 [INFO] src.ingestion: [CHOLAFIN.NS] fetching fresh data
2026-08-13 04:51:29,122 [INFO] src.ingestion: [MUTHOOTFIN.NS] fetching fresh data
2026-08-13 04:51:29,938 [INFO] src.ingestion: [LICHSGFIN.NS] fetching fresh data
2026-08-13 04:51:30,920 [INFO] src.ingestion: [SHRIRAMFIN.NS] fetching fresh data
2026-08-13 04:51:31,754 [INFO] src.ingestion: [PFC.NS] fetching fresh data
2026-08-13 04:51:32,643 [INFO] src.ingestion: [RECLTD.NS] fetching fresh data
2026-08-13 04:51:33,567 [INFO] src.ingestion: [IRFC.NS] fetching fresh data
2026-08-13 04:51:34,401 [INFO] src.ingestion: [HUDCO.NS] fetching fresh data
2026-08-13 04:51:35,220 [INFO] src.ingestion: [BAJAJHLDNG.NS] fetching fresh data
2026-08-13 04:51:36,109 [INFO] src.ingestion: [SBICARD.NS] fetching fresh data
2026-08-13 04:51:36,888 [INFO] src.ingestion: [MANAPPURAM.NS] fetching fresh data
2026-08-13 04:51:37,774 [INFO] src.ingestion: [POONAWALLA.NS] fetching fresh data
2026-08-13 04:51:38,689 [INFO] src.ingestion: [HDFCLIFE.NS] fetching fresh data
2026-08-13 04:51:39,558 [INFO] src.ingestion: [SBILIFE.NS] fetching fresh data
2026-08-13 04:51:40,483 [INFO] src.ingestion: [ICICIPRULI.NS] fetching fresh data
2026-08-13 04:51:41,395 [INFO] src.ingestion: [ICICIGI.NS] fetching fresh data
2026-08-13 04:51:42,244 [INFO] src.ingestion: [LICI.NS] fetching fresh data
2026-08-13 04:51:43,262 [INFO] src.ingestion: [GICRE.NS] fetching fresh data
2026-08-13 04:51:44,114 [INFO] src.ingestion: [MARUTI.NS] fetching fresh data
2026-08-13 04:51:45,159 [INFO] src.ingestion: [TMPV.NS] fetching fresh data
2026-08-13 04:51:46,022 [INFO] src.ingestion: [TMCV.NS] fetching fresh data
2026-08-13 04:51:46,812 [INFO] src.ingestion: [M&M.NS] fetching fresh data
2026-08-13 04:51:47,730 [INFO] src.ingestion: [EICHERMOT.NS] fetching fresh data
2026-08-13 04:51:48,608 [INFO] src.ingestion: [HEROMOTOCO.NS] fetching fresh data
2026-08-13 04:51:49,414 [INFO] src.ingestion: [BAJAJ-AUTO.NS] fetching fresh data
2026-08-13 04:51:50,413 [INFO] src.ingestion: [TVSMOTOR.NS] fetching fresh data
2026-08-13 04:51:51,353 [INFO] src.ingestion: [ASHOKLEY.NS] fetching fresh data
2026-08-13 04:51:52,359 [INFO] src.ingestion: [BHARATFORG.NS] fetching fresh data
2026-08-13 04:51:53,311 [INFO] src.ingestion: [MOTHERSON.NS] fetching fresh data
2026-08-13 04:51:54,314 [INFO] src.ingestion: [BOSCHLTD.NS] fetching fresh data
2026-08-13 04:51:55,223 [INFO] src.ingestion: [MRF.NS] fetching fresh data
2026-08-13 04:51:56,088 [INFO] src.ingestion: [ENDURANCE.NS] fetching fresh data
2026-08-13 04:51:57,046 [INFO] src.ingestion: [EXIDEIND.NS] fetching fresh data
2026-08-13 04:51:57,877 [INFO] src.ingestion: [ARE&M.NS] fetching fresh data
2026-08-13 04:51:58,775 [INFO] src.ingestion: [SUNDRMFAST.NS] fetching fresh data
2026-08-13 04:51:59,753 [INFO] src.ingestion: [UNOMINDA.NS] fetching fresh data
2026-08-13 04:52:00,876 [INFO] src.ingestion: [SUNPHARMA.NS] fetching fresh data
2026-08-13 04:52:01,921 [INFO] src.ingestion: [DRREDDY.NS] fetching fresh data
2026-08-13 04:52:02,967 [INFO] src.ingestion: [CIPLA.NS] fetching fresh data
2026-08-13 04:52:03,890 [INFO] src.ingestion: [DIVISLAB.NS] fetching fresh data
2026-08-13 04:52:04,934 [INFO] src.ingestion: [LUPIN.NS] fetching fresh data
2026-08-13 04:52:05,890 [INFO] src.ingestion: [AUROPHARMA.NS] fetching fresh data
2026-08-13 04:52:06,941 [INFO] src.ingestion: [BIOCON.NS] fetching fresh data
2026-08-13 04:52:07,916 [INFO] src.ingestion: [TORNTPHARM.NS] fetching fresh data
2026-08-13 04:52:08,878 [INFO] src.ingestion: [ALKEM.NS] fetching fresh data
2026-08-13 04:52:09,771 [INFO] src.ingestion: [ABBOTINDIA.NS] fetching fresh data
2026-08-13 04:52:10,803 [INFO] src.ingestion: [APOLLOHOSP.NS] fetching fresh data
2026-08-13 04:52:11,723 [INFO] src.ingestion: [FORTIS.NS] fetching fresh data
2026-08-13 04:52:12,695 [INFO] src.ingestion: [LALPATHLAB.NS] fetching fresh data
2026-08-13 04:52:13,647 [INFO] src.ingestion: [METROPOLIS.NS] fetching fresh data
2026-08-13 04:52:14,581 [INFO] src.ingestion: [GLAND.NS] fetching fresh data
2026-08-13 04:52:15,468 [INFO] src.ingestion: [LAURUSLABS.NS] fetching fresh data
2026-08-13 04:52:16,394 [INFO] src.ingestion: [GLENMARK.NS] fetching fresh data
2026-08-13 04:52:17,236 [INFO] src.ingestion: [IPCALAB.NS] fetching fresh data
2026-08-13 04:52:18,136 [INFO] src.ingestion: [HINDUNILVR.NS] fetching fresh data
2026-08-13 04:52:19,030 [INFO] src.ingestion: [ITC.NS] fetching fresh data
2026-08-13 04:52:19,979 [INFO] src.ingestion: [NESTLEIND.NS] fetching fresh data
2026-08-13 04:52:20,896 [INFO] src.ingestion: [BRITANNIA.NS] fetching fresh data
2026-08-13 04:52:21,782 [INFO] src.ingestion: [DABUR.NS] fetching fresh data
2026-08-13 04:52:22,766 [INFO] src.ingestion: [GODREJCP.NS] fetching fresh data
2026-08-13 04:52:23,803 [INFO] src.ingestion: [MARICO.NS] fetching fresh data
2026-08-13 04:52:24,780 [INFO] src.ingestion: [COLPAL.NS] fetching fresh data
2026-08-13 04:52:25,748 [INFO] src.ingestion: [TATACONSUM.NS] fetching fresh data
2026-08-13 04:52:26,594 [INFO] src.ingestion: [VBL.NS] fetching fresh data
2026-08-13 04:52:27,624 [INFO] src.ingestion: [UNITDSPR.NS] fetching fresh data
2026-08-13 04:52:28,666 [INFO] src.ingestion: [EMAMILTD.NS] fetching fresh data
2026-08-13 04:52:29,637 [INFO] src.ingestion: [TATASTEEL.NS] fetching fresh data
2026-08-13 04:52:30,663 [INFO] src.ingestion: [JSWSTEEL.NS] fetching fresh data
2026-08-13 04:52:31,558 [INFO] src.ingestion: [HINDALCO.NS] fetching fresh data
2026-08-13 04:52:32,575 [INFO] src.ingestion: [VEDL.NS] fetching fresh data
2026-08-13 04:52:33,459 [INFO] src.ingestion: [COALINDIA.NS] fetching fresh data
2026-08-13 04:52:34,510 [INFO] src.ingestion: [NMDC.NS] fetching fresh data
2026-08-13 04:52:35,589 [INFO] src.ingestion: [SAIL.NS] fetching fresh data
2026-08-13 04:52:36,491 [INFO] src.ingestion: [JINDALSTEL.NS] fetching fresh data
2026-08-13 04:52:37,353 [INFO] src.ingestion: [APLAPOLLO.NS] fetching fresh data
2026-08-13 04:52:38,243 [INFO] src.ingestion: [NATIONALUM.NS] fetching fresh data
2026-08-13 04:52:39,246 [INFO] src.ingestion: [HINDCOPPER.NS] fetching fresh data
2026-08-13 04:52:40,184 [INFO] src.ingestion: [RATNAMANI.NS] fetching fresh data
2026-08-13 04:52:41,155 [INFO] src.ingestion: [HINDZINC.NS] fetching fresh data
2026-08-13 04:52:42,022 [INFO] src.ingestion: [WELCORP.NS] fetching fresh data
2026-08-13 04:52:42,953 [INFO] src.ingestion: [JSL.NS] fetching fresh data
2026-08-13 04:52:43,996 [INFO] src.ingestion: [RELIANCE.NS] fetching fresh data
2026-08-13 04:52:44,855 [INFO] src.ingestion: [ONGC.NS] fetching fresh data
2026-08-13 04:52:45,751 [INFO] src.ingestion: [BPCL.NS] fetching fresh data
2026-08-13 04:52:46,784 [INFO] src.ingestion: [IOC.NS] fetching fresh data
2026-08-13 04:52:47,730 [INFO] src.ingestion: [GAIL.NS] fetching fresh data
2026-08-13 04:52:48,570 [INFO] src.ingestion: [NTPC.NS] fetching fresh data
2026-08-13 04:52:49,510 [INFO] src.ingestion: [POWERGRID.NS] fetching fresh data
2026-08-13 04:52:50,521 [INFO] src.ingestion: [TATAPOWER.NS] fetching fresh data
2026-08-13 04:52:51,606 [INFO] src.ingestion: [ADANIGREEN.NS] fetching fresh data
2026-08-13 04:52:52,570 [INFO] src.ingestion: [ADANIPOWER.NS] fetching fresh data
2026-08-13 04:52:53,560 [INFO] src.ingestion: [TORNTPOWER.NS] fetching fresh data
2026-08-13 04:52:54,391 [INFO] src.ingestion: [LT.NS] fetching fresh data
2026-08-13 04:52:55,251 [INFO] src.ingestion: [SIEMENS.NS] fetching fresh data
2026-08-13 04:52:56,253 [INFO] src.ingestion: [ABB.NS] fetching fresh data
2026-08-13 04:52:57,128 [INFO] src.ingestion: [HAL.NS] fetching fresh data
2026-08-13 04:52:58,038 [INFO] src.ingestion: [BEL.NS] fetching fresh data
2026-08-13 04:52:59,035 [INFO] src.ingestion: [BHEL.NS] fetching fresh data
2026-08-13 04:52:59,995 [INFO] src.ingestion: [CUMMINSIND.NS] fetching fresh data
2026-08-13 04:53:00,979 [INFO] src.ingestion: [THERMAX.NS] fetching fresh data
2026-08-13 04:53:01,893 [INFO] src.ingestion: [POLYCAB.NS] fetching fresh data
2026-08-13 04:53:02,846 [INFO] src.ingestion: [KEI.NS] fetching fresh data
2026-08-13 04:53:03,747 [INFO] src.ingestion: [HAVELLS.NS] fetching fresh data
2026-08-13 04:53:04,615 [INFO] src.ingestion: [CROMPTON.NS] fetching fresh data
2026-08-13 04:53:05,440 [INFO] src.ingestion: [SUPREMEIND.NS] fetching fresh data
2026-08-13 04:53:06,293 [INFO] src.ingestion: [ASTRAL.NS] fetching fresh data
2026-08-13 04:53:07,179 [INFO] src.ingestion: [GRINDWELL.NS] fetching fresh data
2026-08-13 04:53:08,051 [INFO] src.ingestion: [CARBORUNIV.NS] fetching fresh data
2026-08-13 04:53:09,042 [INFO] src.ingestion: [TIMKEN.NS] fetching fresh data
2026-08-13 04:53:10,079 [INFO] src.ingestion: [SKFINDIA.NS] fetching fresh data
2026-08-13 04:53:11,094 [INFO] src.ingestion: [SRF.NS] fetching fresh data
2026-08-13 04:53:12,068 [INFO] src.ingestion: [PIIND.NS] fetching fresh data
2026-08-13 04:53:12,852 [INFO] src.ingestion: [DEEPAKNTR.NS] fetching fresh data
2026-08-13 04:53:13,830 [INFO] src.ingestion: [AARTIIND.NS] fetching fresh data
2026-08-13 04:53:14,772 [INFO] src.ingestion: [NAVINFLUOR.NS] fetching fresh data
2026-08-13 04:53:15,692 [INFO] src.ingestion: [UPL.NS] fetching fresh data
2026-08-13 04:53:16,696 [INFO] src.ingestion: [COROMANDEL.NS] fetching fresh data
2026-08-13 04:53:17,509 [INFO] src.ingestion: [CHAMBLFERT.NS] fetching fresh data
2026-08-13 04:53:18,524 [INFO] src.ingestion: [GNFC.NS] fetching fresh data
2026-08-13 04:53:19,480 [INFO] src.ingestion: [PIDILITIND.NS] fetching fresh data
2026-08-13 04:53:20,378 [INFO] src.ingestion: [TATACHEM.NS] fetching fresh data
2026-08-13 04:53:21,349 [INFO] src.ingestion: [GHCL.NS] fetching fresh data
2026-08-13 04:53:22,244 [INFO] src.ingestion: [TITAN.NS] fetching fresh data
2026-08-13 04:53:23,032 [INFO] src.ingestion: [DMART.NS] fetching fresh data
2026-08-13 04:53:23,883 [INFO] src.ingestion: [TRENT.NS] fetching fresh data
2026-08-13 04:53:24,905 [INFO] src.ingestion: [BATAINDIA.NS] fetching fresh data
2026-08-13 04:53:26,028 [INFO] src.ingestion: [PAGEIND.NS] fetching fresh data
2026-08-13 04:53:27,052 [INFO] src.ingestion: [JUBLFOOD.NS] fetching fresh data
2026-08-13 04:53:28,081 [INFO] src.ingestion: [VOLTAS.NS] fetching fresh data
2026-08-13 04:53:28,933 [INFO] src.ingestion: [DIXON.NS] fetching fresh data
2026-08-13 04:53:29,821 [INFO] src.ingestion: [RELAXO.NS] fetching fresh data
2026-08-13 04:53:30,730 [INFO] src.ingestion: [KAJARIACER.NS] fetching fresh data
2026-08-13 04:53:31,684 [INFO] src.ingestion: [WHIRLPOOL.NS] fetching fresh data
2026-08-13 04:53:32,596 [INFO] src.ingestion: [BLUESTARCO.NS] fetching fresh data
2026-08-13 04:53:33,553 [INFO] src.ingestion: [PGHH.NS] fetching fresh data
2026-08-13 04:53:34,622 [INFO] src.ingestion: [GILLETTE.NS] fetching fresh data
2026-08-13 04:53:35,645 [INFO] src.ingestion: [BHARTIARTL.NS] fetching fresh data
2026-08-13 04:53:36,622 [INFO] src.ingestion: [IDEA.NS] fetching fresh data
2026-08-13 04:53:37,562 [INFO] src.ingestion: [INDUSTOWER.NS] fetching fresh data
2026-08-13 04:53:38,530 [INFO] src.ingestion: [PVRINOX.NS] fetching fresh data
2026-08-13 04:53:39,404 [INFO] src.ingestion: [ZEEL.NS] fetching fresh data
2026-08-13 04:53:40,366 [INFO] src.ingestion: [ADANIPORTS.NS] fetching fresh data
2026-08-13 04:53:41,323 [INFO] src.ingestion: [ADANIENT.NS] fetching fresh data
2026-08-13 04:53:42,328 [INFO] src.ingestion: [GMRAIRPORT.NS] fetching fresh data
2026-08-13 04:53:43,236 [INFO] src.ingestion: [CONCOR.NS] fetching fresh data
2026-08-13 04:53:44,090 [INFO] src.ingestion: [IRCTC.NS] fetching fresh data
2026-08-13 04:53:45,053 [INFO] src.ingestion: [INDIGO.NS] fetching fresh data
2026-08-13 04:53:46,120 [INFO] src.ingestion: [RVNL.NS] fetching fresh data
2026-08-13 04:53:46,975 [INFO] src.ingestion: [IRCON.NS] fetching fresh data
2026-08-13 04:53:48,005 [INFO] src.ingestion: [NBCC.NS] fetching fresh data
2026-08-13 04:53:48,873 [INFO] src.ingestion: [NCC.NS] fetching fresh data
2026-08-13 04:53:49,793 [INFO] src.ingestion: [MAZDOCK.NS] fetching fresh data
2026-08-13 04:53:50,665 [INFO] src.ingestion: [COCHINSHIP.NS] fetching fresh data
2026-08-13 04:53:51,636 [INFO] src.ingestion: [DLF.NS] fetching fresh data
2026-08-13 04:53:52,590 [INFO] src.ingestion: [GODREJPROP.NS] fetching fresh data
2026-08-13 04:53:53,462 [INFO] src.ingestion: [OBEROIRLTY.NS] fetching fresh data
2026-08-13 04:53:54,365 [INFO] src.ingestion: [PRESTIGE.NS] fetching fresh data
2026-08-13 04:53:55,225 [INFO] src.ingestion: [PHOENIXLTD.NS] fetching fresh data
2026-08-13 04:53:56,075 [INFO] src.ingestion: [SOBHA.NS] fetching fresh data
2026-08-13 04:53:57,038 [INFO] src.ingestion: Fetched 200/201 tickers successfully
2026-08-13 04:53:57,038 [WARNING] src.ingestion: Failed tickers (excluded from downstream, not silently zeroed): ['LTIM.NS']
2026-08-13 04:53:57,038 [INFO] __main__: Ingestion validation passed: 200/201 tickers (100%)
2026-08-13 04:53:57,038 [INFO] __main__: === Stage 2/8: Cleaning ===
2026-08-13 04:53:57,046 [WARNING] src.cleaning: [ASHOKLEY.NS] EXCLUDED: missing critical fields: ['market_cap']
2026-08-13 04:53:57,046 [WARNING] src.cleaning: [BIOCON.NS] EXCLUDED: missing critical fields: ['market_cap']
2026-08-13 04:53:57,046 [WARNING] src.cleaning: [BOSCHLTD.NS] EXCLUDED: missing critical fields: ['market_cap']
2026-08-13 04:53:57,046 [WARNING] src.cleaning: [IOC.NS] EXCLUDED: missing critical fields: ['market_cap']
2026-08-13 04:53:57,047 [WARNING] src.cleaning: [JUBLFOOD.NS] EXCLUDED: missing critical fields: ['market_cap']
2026-08-13 04:53:57,047 [WARNING] src.cleaning: [LTIM.NS] EXCLUDED: ingestion failed: yfinance returned an empty info payload for LTIM.NS (no exception, but no usable data — likely a transient Yahoo-side issue or an invalid/delisted symbol)
2026-08-13 04:53:57,047 [WARNING] src.cleaning: [RECLTD.NS] EXCLUDED: missing critical fields: ['market_cap']
2026-08-13 04:53:57,047 [WARNING] src.cleaning: [RELIANCE.NS] EXCLUDED: missing critical fields: ['market_cap']
2026-08-13 04:53:57,047 [WARNING] src.cleaning: [TCS.NS] EXCLUDED: missing critical fields: ['market_cap']
2026-08-13 04:53:57,047 [WARNING] src.cleaning: [TVSMOTOR.NS] EXCLUDED: missing critical fields: ['market_cap']
2026-08-13 04:53:57,047 [INFO] src.cleaning: [AARTIIND.NS] non-critical missing fields: ['return_on_equity']
2026-08-13 04:53:57,048 [INFO] src.cleaning: [ACC.NS] non-critical missing fields: ['return_on_equity']
2026-08-13 04:53:57,048 [INFO] src.cleaning: [ADANIENT.NS] non-critical missing fields: ['return_on_equity']
2026-08-13 04:53:57,048 [INFO] src.cleaning: [ADANIGREEN.NS] non-critical missing fields: ['return_on_equity']
2026-08-13 04:53:57,048 [INFO] src.cleaning: [ADANIPORTS.NS] non-critical missing fields: ['return_on_equity']
2026-08-13 04:53:57,048 [INFO] src.cleaning: [ADANIPOWER.NS] non-critical missing fields: ['return_on_equity']
2026-08-13 04:53:57,048 [INFO] src.cleaning: [AMBUJACEM.NS] non-critical missing fields: ['return_on_equity']
2026-08-13 04:53:57,048 [INFO] src.cleaning: [APLAPOLLO.NS] non-critical missing fields: ['return_on_equity']
2026-08-13 04:53:57,048 [INFO] src.cleaning: [ARE&M.NS] non-critical missing fields: ['return_on_equity']
2026-08-13 04:53:57,048 [INFO] src.cleaning: [AUBANK.NS] non-critical missing fields: ['ev_to_ebitda', 'return_on_equity', 'debt_to_equity']
2026-08-13 04:53:57,048 [INFO] src.cleaning: [AUROPHARMA.NS] non-critical missing fields: ['return_on_equity']
2026-08-13 04:53:57,048 [INFO] src.cleaning: [AXISBANK.NS] non-critical missing fields: ['ev_to_ebitda', 'debt_to_equity']
2026-08-13 04:53:57,048 [INFO] src.cleaning: [BAJAJ-AUTO.NS] non-critical missing fields: ['return_on_equity']
2026-08-13 04:53:57,048 [INFO] src.cleaning: [BAJAJFINSV.NS] non-critical missing fields: ['return_on_equity']
2026-08-13 04:53:57,048 [WARNING] src.cleaning: [BAJAJHLDNG.NS] outlier values flagged: ['net_margin']
2026-08-13 04:53:57,048 [INFO] src.cleaning: [BAJFINANCE.NS] non-critical missing fields: ['ev_to_ebitda', 'return_on_equity']
2026-08-13 04:53:57,048 [INFO] src.cleaning: [BANDHANBNK.NS] non-critical missing fields: ['ev_to_ebitda', 'return_on_equity', 'debt_to_equity']
2026-08-13 04:53:57,048 [INFO] src.cleaning: [BANKBARODA.NS] non-critical missing fields: ['ev_to_ebitda', 'debt_to_equity']
2026-08-13 04:53:57,048 [INFO] src.cleaning: [BANKINDIA.NS] non-critical missing fields: ['ev_to_ebitda', 'debt_to_equity']
2026-08-13 04:53:57,048 [INFO] src.cleaning: [BEL.NS] non-critical missing fields: ['return_on_equity']
2026-08-13 04:53:57,048 [INFO] src.cleaning: [BHARATFORG.NS] non-critical missing fields: ['return_on_equity']
2026-08-13 04:53:57,048 [INFO] src.cleaning: [BHEL.NS] non-critical missing fields: ['return_on_equity']
2026-08-13 04:53:57,048 [INFO] src.cleaning: [BLUESTARCO.NS] non-critical missing fields: ['return_on_equity']
2026-08-13 04:53:57,049 [INFO] src.cleaning: [BPCL.NS] non-critical missing fields: ['return_on_equity']
2026-08-13 04:53:57,049 [INFO] src.cleaning: [BRITANNIA.NS] non-critical missing fields: ['return_on_equity']
2026-08-13 04:53:57,049 [INFO] src.cleaning: [CANBK.NS] non-critical missing fields: ['ev_to_ebitda', 'return_on_equity', 'debt_to_equity']
2026-08-13 04:53:57,049 [INFO] src.cleaning: [CARBORUNIV.NS] non-critical missing fields: ['return_on_equity']
2026-08-13 04:53:57,049 [INFO] src.cleaning: [CENTRALBK.NS] non-critical missing fields: ['ev_to_ebitda', 'debt_to_equity']
2026-08-13 04:53:57,049 [INFO] src.cleaning: [CHAMBLFERT.NS] non-critical missing fields: ['return_on_equity']
2026-08-13 04:53:57,049 [INFO] src.cleaning: [CHOLAFIN.NS] non-critical missing fields: ['ev_to_ebitda', 'return_on_equity']
2026-08-13 04:53:57,049 [INFO] src.cleaning: [CIPLA.NS] non-critical missing fields: ['return_on_equity']
2026-08-13 04:53:57,049 [INFO] src.cleaning: [COALINDIA.NS] non-critical missing fields: ['return_on_equity']
2026-08-13 04:53:57,049 [INFO] src.cleaning: [COFORGE.NS] non-critical missing fields: ['return_on_equity']
2026-08-13 04:53:57,049 [INFO] src.cleaning: [COLPAL.NS] non-critical missing fields: ['return_on_equity']
2026-08-13 04:53:57,049 [INFO] src.cleaning: [CONCOR.NS] non-critical missing fields: ['return_on_equity']
2026-08-13 04:53:57,049 [INFO] src.cleaning: [COROMANDEL.NS] non-critical missing fields: ['return_on_equity']
2026-08-13 04:53:57,049 [INFO] src.cleaning: [CROMPTON.NS] non-critical missing fields: ['trailing_pe', 'return_on_equity']
2026-08-13 04:53:57,049 [INFO] src.cleaning: [CUMMINSIND.NS] non-critical missing fields: ['return_on_equity']
2026-08-13 04:53:57,049 [INFO] src.cleaning: [CYIENT.NS] non-critical missing fields: ['return_on_equity']
2026-08-13 04:53:57,049 [INFO] src.cleaning: [DABUR.NS] non-critical missing fields: ['return_on_equity']
2026-08-13 04:53:57,049 [INFO] src.cleaning: [DALBHARAT.NS] non-critical missing fields: ['return_on_equity']
2026-08-13 04:53:57,049 [INFO] src.cleaning: [DEEPAKNTR.NS] non-critical missing fields: ['return_on_equity']
2026-08-13 04:53:57,049 [INFO] src.cleaning: [DIVISLAB.NS] non-critical missing fields: ['return_on_equity']
2026-08-13 04:53:57,049 [INFO] src.cleaning: [DIXON.NS] non-critical missing fields: ['return_on_equity']
2026-08-13 04:53:57,049 [INFO] src.cleaning: [DMART.NS] non-critical missing fields: ['return_on_equity']
2026-08-13 04:53:57,049 [INFO] src.cleaning: [EICHERMOT.NS] non-critical missing fields: ['return_on_equity']
2026-08-13 04:53:57,049 [INFO] src.cleaning: [EMAMILTD.NS] non-critical missing fields: ['return_on_equity']
2026-08-13 04:53:57,050 [INFO] src.cleaning: [EXIDEIND.NS] non-critical missing fields: ['return_on_equity']
2026-08-13 04:53:57,050 [INFO] src.cleaning: [FEDERALBNK.NS] non-critical missing fields: ['ev_to_ebitda', 'return_on_equity', 'debt_to_equity']
2026-08-13 04:53:57,050 [INFO] src.cleaning: [FORTIS.NS] non-critical missing fields: ['return_on_equity']
2026-08-13 04:53:57,050 [INFO] src.cleaning: [GAIL.NS] non-critical missing fields: ['return_on_equity']
2026-08-13 04:53:57,050 [INFO] src.cleaning: [GHCL.NS] non-critical missing fields: ['return_on_equity']
2026-08-13 04:53:57,050 [INFO] src.cleaning: [GICRE.NS] non-critical missing fields: ['debt_to_equity']
2026-08-13 04:53:57,050 [INFO] src.cleaning: [GILLETTE.NS] non-critical missing fields: ['return_on_equity']
2026-08-13 04:53:57,050 [INFO] src.cleaning: [GLENMARK.NS] non-critical missing fields: ['return_on_equity']
2026-08-13 04:53:57,050 [WARNING] src.cleaning: [GMRAIRPORT.NS] outlier values flagged: ['trailing_pe']
2026-08-13 04:53:57,050 [WARNING] src.cleaning: [GMRAIRPORT.NS] negative/zero equity — DuPont ROE math will be invalid downstream
2026-08-13 04:53:57,050 [INFO] src.cleaning: [GMRAIRPORT.NS] non-critical missing fields: ['return_on_equity', 'debt_to_equity']
2026-08-13 04:53:57,050 [INFO] src.cleaning: [GNFC.NS] non-critical missing fields: ['return_on_equity']
2026-08-13 04:53:57,050 [INFO] src.cleaning: [GODREJCP.NS] non-critical missing fields: ['return_on_equity']
2026-08-13 04:53:57,050 [INFO] src.cleaning: [GODREJPROP.NS] non-critical missing fields: ['return_on_equity']
2026-08-13 04:53:57,050 [INFO] src.cleaning: [GRINDWELL.NS] non-critical missing fields: ['return_on_equity']
2026-08-13 04:53:57,050 [INFO] src.cleaning: [HAVELLS.NS] non-critical missing fields: ['return_on_equity']
2026-08-13 04:53:57,050 [WARNING] src.cleaning: [HCLTECH.NS] outlier values flagged: ['ev_to_ebitda']
2026-08-13 04:53:57,050 [INFO] src.cleaning: [HDFCBANK.NS] non-critical missing fields: ['ev_to_ebitda', 'debt_to_equity']
2026-08-13 04:53:57,050 [INFO] src.cleaning: [HEIDELBERG.NS] non-critical missing fields: ['return_on_equity']
2026-08-13 04:53:57,050 [INFO] src.cleaning: [HEROMOTOCO.NS] non-critical missing fields: ['return_on_equity']
2026-08-13 04:53:57,050 [INFO] src.cleaning: [HINDALCO.NS] non-critical missing fields: ['return_on_equity']
2026-08-13 04:53:57,050 [INFO] src.cleaning: [HINDCOPPER.NS] non-critical missing fields: ['ev_to_ebitda', 'return_on_equity', 'total_debt']
2026-08-13 04:53:57,050 [INFO] src.cleaning: [HINDUNILVR.NS] non-critical missing fields: ['return_on_equity']
2026-08-13 04:53:57,050 [INFO] src.cleaning: [HINDZINC.NS] non-critical missing fields: ['return_on_equity']
2026-08-13 04:53:57,051 [INFO] src.cleaning: [HUDCO.NS] non-critical missing fields: ['ev_to_ebitda', 'return_on_equity']
2026-08-13 04:53:57,051 [INFO] src.cleaning: [ICICIBANK.NS] non-critical missing fields: ['ev_to_ebitda', 'debt_to_equity']
2026-08-13 04:53:57,051 [INFO] src.cleaning: [ICICIGI.NS] non-critical missing fields: ['debt_to_equity']
2026-08-13 04:53:57,051 [WARNING] src.cleaning: [IDEA.NS] negative/zero equity — DuPont ROE math will be invalid downstream
2026-08-13 04:53:57,051 [INFO] src.cleaning: [IDEA.NS] non-critical missing fields: ['return_on_equity', 'debt_to_equity']
2026-08-13 04:53:57,051 [INFO] src.cleaning: [IDFCFIRSTB.NS] non-critical missing fields: ['ev_to_ebitda', 'return_on_equity', 'debt_to_equity', 'total_debt']
2026-08-13 04:53:57,051 [INFO] src.cleaning: [INDIGO.NS] non-critical missing fields: ['trailing_pe', 'return_on_equity']
2026-08-13 04:53:57,051 [INFO] src.cleaning: [INDUSINDBK.NS] non-critical missing fields: ['ev_to_ebitda', 'return_on_equity', 'debt_to_equity']
2026-08-13 04:53:57,051 [WARNING] src.cleaning: [INFY.NS] outlier values flagged: ['ev_to_ebitda']
2026-08-13 04:53:57,051 [INFO] src.cleaning: [IOB.NS] non-critical missing fields: ['ev_to_ebitda', 'debt_to_equity']
2026-08-13 04:53:57,051 [INFO] src.cleaning: [IRFC.NS] non-critical missing fields: ['ev_to_ebitda', 'return_on_equity']
2026-08-13 04:53:57,051 [INFO] src.cleaning: [ITC.NS] non-critical missing fields: ['return_on_equity']
2026-08-13 04:53:57,051 [INFO] src.cleaning: [JINDALSTEL.NS] non-critical missing fields: ['return_on_equity']
2026-08-13 04:53:57,051 [INFO] src.cleaning: [JKCEMENT.NS] non-critical missing fields: ['return_on_equity']
2026-08-13 04:53:57,051 [INFO] src.cleaning: [JSL.NS] non-critical missing fields: ['return_on_equity']
2026-08-13 04:53:57,051 [INFO] src.cleaning: [JSWSTEEL.NS] non-critical missing fields: ['return_on_equity']
2026-08-13 04:53:57,051 [INFO] src.cleaning: [KAJARIACER.NS] non-critical missing fields: ['return_on_equity']
2026-08-13 04:53:57,051 [INFO] src.cleaning: [KEI.NS] non-critical missing fields: ['return_on_equity']
2026-08-13 04:53:57,051 [INFO] src.cleaning: [KOTAKBANK.NS] non-critical missing fields: ['ev_to_ebitda', 'return_on_equity', 'debt_to_equity']
2026-08-13 04:53:57,051 [INFO] src.cleaning: [KPITTECH.NS] non-critical missing fields: ['return_on_equity']
2026-08-13 04:53:57,051 [INFO] src.cleaning: [LALPATHLAB.NS] non-critical missing fields: ['return_on_equity']
2026-08-13 04:53:57,051 [INFO] src.cleaning: [LAURUSLABS.NS] non-critical missing fields: ['return_on_equity']
2026-08-13 04:53:57,051 [INFO] src.cleaning: [LICHSGFIN.NS] non-critical missing fields: ['ev_to_ebitda', 'return_on_equity']
2026-08-13 04:53:57,052 [INFO] src.cleaning: [LICI.NS] non-critical missing fields: ['return_on_equity']
2026-08-13 04:53:57,052 [INFO] src.cleaning: [LTTS.NS] non-critical missing fields: ['return_on_equity']
2026-08-13 04:53:57,052 [INFO] src.cleaning: [LT.NS] non-critical missing fields: ['return_on_equity']
2026-08-13 04:53:57,052 [INFO] src.cleaning: [LUPIN.NS] non-critical missing fields: ['return_on_equity']
2026-08-13 04:53:57,052 [INFO] src.cleaning: [M&M.NS] non-critical missing fields: ['return_on_equity']
2026-08-13 04:53:57,052 [INFO] src.cleaning: [MANAPPURAM.NS] non-critical missing fields: ['ev_to_ebitda', 'return_on_equity', 'total_debt']
2026-08-13 04:53:57,052 [INFO] src.cleaning: [MARICO.NS] non-critical missing fields: ['return_on_equity']
2026-08-13 04:53:57,052 [INFO] src.cleaning: [MARUTI.NS] non-critical missing fields: ['return_on_equity']
2026-08-13 04:53:57,052 [INFO] src.cleaning: [MAZDOCK.NS] non-critical missing fields: ['return_on_equity']
2026-08-13 04:53:57,052 [INFO] src.cleaning: [METROPOLIS.NS] non-critical missing fields: ['return_on_equity']
2026-08-13 04:53:57,052 [INFO] src.cleaning: [MOTHERSON.NS] non-critical missing fields: ['return_on_equity']
2026-08-13 04:53:57,052 [INFO] src.cleaning: [MRF.NS] non-critical missing fields: ['ev_to_ebitda', 'return_on_equity', 'total_debt']
2026-08-13 04:53:57,052 [INFO] src.cleaning: [MUTHOOTFIN.NS] non-critical missing fields: ['ev_to_ebitda']
2026-08-13 04:53:57,052 [INFO] src.cleaning: [NATIONALUM.NS] non-critical missing fields: ['return_on_equity']
2026-08-13 04:53:57,052 [INFO] src.cleaning: [NAVINFLUOR.NS] non-critical missing fields: ['return_on_equity']
2026-08-13 04:53:57,052 [INFO] src.cleaning: [NBCC.NS] non-critical missing fields: ['ev_to_ebitda', 'return_on_equity', 'total_debt']
2026-08-13 04:53:57,052 [INFO] src.cleaning: [NCC.NS] non-critical missing fields: ['return_on_equity']
2026-08-13 04:53:57,052 [INFO] src.cleaning: [NESTLEIND.NS] non-critical missing fields: ['return_on_equity']
2026-08-13 04:53:57,052 [INFO] src.cleaning: [NTPC.NS] non-critical missing fields: ['return_on_equity']
2026-08-13 04:53:57,052 [INFO] src.cleaning: [OBEROIRLTY.NS] non-critical missing fields: ['return_on_equity']
2026-08-13 04:53:57,052 [INFO] src.cleaning: [ONGC.NS] non-critical missing fields: ['return_on_equity']
2026-08-13 04:53:57,052 [INFO] src.cleaning: [PERSISTENT.NS] non-critical missing fields: ['return_on_equity']
2026-08-13 04:53:57,052 [INFO] src.cleaning: [PFC.NS] non-critical missing fields: ['ev_to_ebitda', 'return_on_equity']
2026-08-13 04:53:57,053 [INFO] src.cleaning: [PGHH.NS] non-critical missing fields: ['return_on_equity']
2026-08-13 04:53:57,053 [INFO] src.cleaning: [PHOENIXLTD.NS] non-critical missing fields: ['return_on_equity']
2026-08-13 04:53:57,053 [INFO] src.cleaning: [PIDILITIND.NS] non-critical missing fields: ['return_on_equity']
2026-08-13 04:53:57,053 [INFO] src.cleaning: [PIIND.NS] non-critical missing fields: ['ev_to_ebitda', 'return_on_equity', 'total_debt']
2026-08-13 04:53:57,053 [INFO] src.cleaning: [PNB.NS] non-critical missing fields: ['ev_to_ebitda', 'debt_to_equity']
2026-08-13 04:53:57,053 [INFO] src.cleaning: [POONAWALLA.NS] non-critical missing fields: ['ev_to_ebitda', 'return_on_equity']
2026-08-13 04:53:57,053 [INFO] src.cleaning: [POWERGRID.NS] non-critical missing fields: ['return_on_equity']
2026-08-13 04:53:57,053 [INFO] src.cleaning: [PVRINOX.NS] non-critical missing fields: ['return_on_equity']
2026-08-13 04:53:57,053 [INFO] src.cleaning: [RAMCOCEM.NS] non-critical missing fields: ['ev_to_ebitda', 'return_on_equity', 'total_debt']
2026-08-13 04:53:57,053 [INFO] src.cleaning: [RATNAMANI.NS] non-critical missing fields: ['return_on_equity']
2026-08-13 04:53:57,053 [INFO] src.cleaning: [RBLBANK.NS] non-critical missing fields: ['ev_to_ebitda', 'return_on_equity', 'debt_to_equity']
2026-08-13 04:53:57,053 [INFO] src.cleaning: [RVNL.NS] non-critical missing fields: ['ev_to_ebitda', 'return_on_equity', 'total_debt']
2026-08-13 04:53:57,053 [INFO] src.cleaning: [SAIL.NS] non-critical missing fields: ['return_on_equity']
2026-08-13 04:53:57,053 [INFO] src.cleaning: [SBICARD.NS] non-critical missing fields: ['ev_to_ebitda', 'return_on_equity']
2026-08-13 04:53:57,053 [INFO] src.cleaning: [SBILIFE.NS] non-critical missing fields: ['debt_to_equity']
2026-08-13 04:53:57,053 [INFO] src.cleaning: [SBIN.NS] non-critical missing fields: ['ev_to_ebitda', 'debt_to_equity']
2026-08-13 04:53:57,053 [INFO] src.cleaning: [SHREECEM.NS] non-critical missing fields: ['return_on_equity']
2026-08-13 04:53:57,053 [INFO] src.cleaning: [SHRIRAMFIN.NS] non-critical missing fields: ['ev_to_ebitda']
2026-08-13 04:53:57,053 [INFO] src.cleaning: [SIEMENS.NS] non-critical missing fields: ['return_on_equity']
2026-08-13 04:53:57,053 [INFO] src.cleaning: [SOBHA.NS] non-critical missing fields: ['return_on_equity']
2026-08-13 04:53:57,053 [INFO] src.cleaning: [SRF.NS] non-critical missing fields: ['return_on_equity']
2026-08-13 04:53:57,053 [INFO] src.cleaning: [SUNDRMFAST.NS] non-critical missing fields: ['return_on_equity']
2026-08-13 04:53:57,054 [INFO] src.cleaning: [SUNPHARMA.NS] non-critical missing fields: ['return_on_equity']
2026-08-13 04:53:57,054 [INFO] src.cleaning: [SUPREMEIND.NS] non-critical missing fields: ['return_on_equity']
2026-08-13 04:53:57,054 [INFO] src.cleaning: [TATACHEM.NS] non-critical missing fields: ['trailing_pe', 'return_on_equity']
2026-08-13 04:53:57,054 [INFO] src.cleaning: [TATACONSUM.NS] non-critical missing fields: ['return_on_equity']
2026-08-13 04:53:57,054 [INFO] src.cleaning: [TATAELXSI.NS] non-critical missing fields: ['return_on_equity']
2026-08-13 04:53:57,054 [INFO] src.cleaning: [TATAPOWER.NS] non-critical missing fields: ['return_on_equity']
2026-08-13 04:53:57,054 [INFO] src.cleaning: [TATASTEEL.NS] non-critical missing fields: ['return_on_equity']
2026-08-13 04:53:57,054 [INFO] src.cleaning: [TECHM.NS] non-critical missing fields: ['return_on_equity']
2026-08-13 04:53:57,054 [INFO] src.cleaning: [THERMAX.NS] non-critical missing fields: ['return_on_equity']
2026-08-13 04:53:57,054 [INFO] src.cleaning: [TIMKEN.NS] non-critical missing fields: ['return_on_equity']
2026-08-13 04:53:57,054 [INFO] src.cleaning: [TITAN.NS] non-critical missing fields: ['return_on_equity']
2026-08-13 04:53:57,054 [INFO] src.cleaning: [TMPV.NS] non-critical missing fields: ['trailing_pe']
2026-08-13 04:53:57,054 [INFO] src.cleaning: [TORNTPHARM.NS] non-critical missing fields: ['return_on_equity']
2026-08-13 04:53:57,054 [INFO] src.cleaning: [TORNTPOWER.NS] non-critical missing fields: ['return_on_equity']
2026-08-13 04:53:57,054 [INFO] src.cleaning: [TRENT.NS] non-critical missing fields: ['return_on_equity']
2026-08-13 04:53:57,054 [INFO] src.cleaning: [UCOBANK.NS] non-critical missing fields: ['ev_to_ebitda', 'debt_to_equity']
2026-08-13 04:53:57,054 [INFO] src.cleaning: [ULTRACEMCO.NS] non-critical missing fields: ['return_on_equity']
2026-08-13 04:53:57,054 [INFO] src.cleaning: [UNIONBANK.NS] non-critical missing fields: ['ev_to_ebitda', 'debt_to_equity', 'revenue_growth', 'total_debt']
2026-08-13 04:53:57,054 [INFO] src.cleaning: [UNITDSPR.NS] non-critical missing fields: ['return_on_equity']
2026-08-13 04:53:57,054 [INFO] src.cleaning: [UNOMINDA.NS] non-critical missing fields: ['return_on_equity']
2026-08-13 04:53:57,054 [INFO] src.cleaning: [UPL.NS] non-critical missing fields: ['return_on_equity']
2026-08-13 04:53:57,054 [INFO] src.cleaning: [VEDL.NS] non-critical missing fields: ['return_on_equity']
2026-08-13 04:53:57,054 [INFO] src.cleaning: [WELCORP.NS] non-critical missing fields: ['return_on_equity']
2026-08-13 04:53:57,055 [INFO] src.cleaning: [WHIRLPOOL.NS] non-critical missing fields: ['return_on_equity']
2026-08-13 04:53:57,055 [INFO] src.cleaning: [ZEEL.NS] non-critical missing fields: ['ev_to_ebitda', 'return_on_equity', 'total_debt']
2026-08-13 04:53:57,065 [INFO] src.cleaning: Cleaned 191/201 tickers -> data/processed/cleaned_universe.csv
2026-08-13 04:53:57,065 [INFO] src.cleaning: Full flag audit trail -> data/processed/cleaning_flags.csv
2026-08-13 04:53:57,066 [INFO] __main__: Cleaning validation passed: 191/201 tickers retained (95%)
2026-08-13 04:53:57,066 [INFO] __main__: === Stage 3/8: Scoring ===
2026-08-13 04:53:57,125 [INFO] src.scoring: Scored 191 companies -> data/processed/scored_universe.csv
2026-08-13 04:53:57,125 [INFO] src.scoring: Top 10 shortlist -> data/processed/shortlist_top_n.csv
2026-08-13 04:53:57,126 [WARNING] src.scoring: 24 companies scored on fewer than all 4 buckets (reweighted, not zero-filled) — see 'buckets_used' column: ['IOB.NS', 'UNIONBANK.NS', 'PNB.NS', 'BANKINDIA.NS', 'CANBK.NS', 'ICICIGI.NS', 'IDEA.NS', 'GICRE.NS', 'FEDERALBNK.NS', 'UCOBANK.NS', 'BANKBARODA.NS', 'AXISBANK.NS', 'KOTAKBANK.NS', 'SBIN.NS', 'ICICIBANK.NS', 'CENTRALBK.NS', 'SBILIFE.NS', 'HDFCBANK.NS', 'GMRAIRPORT.NS', 'AUBANK.NS', 'BANDHANBNK.NS', 'IDFCFIRSTB.NS', 'RBLBANK.NS', 'INDUSINDBK.NS']
2026-08-13 04:53:57,127 [INFO] __main__: Scoring validation passed: 191 companies ranked, all scores in valid range
2026-08-13 04:53:57,127 [INFO] __main__: === Stage 4/8: Comps + DuPont ===
2026-08-13 04:53:57,139 [INFO] src.comps_dupont: Comps + DuPont report for top 10 -> data/processed/comps_dupont_report.csv
2026-08-13 04:53:57,140 [WARNING] src.comps_dupont: 1 companies have a DuPont-implied ROE that diverges >5pp from reported ROE (possible data inconsistency, worth a manual check): ['IOB.NS']
2026-08-13 04:53:57,140 [INFO] __main__: === Stage 5/8: Explainability ===
2026-08-13 04:53:57,177 [INFO] src.explainability: Explanations for top 10 companies -> data/processed/explanations.csv
2026-08-13 04:53:57,177 [INFO] __main__: === Stage 6/8: Baseline Comparison ===
2026-08-13 04:53:57,184 [INFO] src.baseline_comparison: Baseline comparison -> data/processed/baseline_comparison.csv
2026-08-13 04:53:57,185 [INFO] __main__: === Stage 7/8: Acquisition Likelihood ===
2026-08-13 04:53:57,188 [INFO] src.acquisition_likelihood: 2 companies excluded from acquisition-likelihood scoring (negative/zero equity — financial distress, not a value-target thesis): ['IDEA.NS', 'GMRAIRPORT.NS']
2026-08-13 04:53:57,198 [INFO] src.acquisition_likelihood: Acquisition likelihood scoring -> data/processed/acquisition_likelihood.csv
2026-08-13 04:53:57,199 [INFO] __main__: === Stage 8/8: Historical Snapshot ===
2026-08-13 04:53:57,206 [INFO] src.history_tracker: Recorded shortlist snapshot for 2026-08-13 (10 companies) -> data/history/shortlist_history.csv (5 distinct days tracked so far)
2026-08-13 04:53:57,211 [INFO] src.history_tracker: Recorded acquisition-likelihood snapshot for 2026-08-13 (10 companies) -> data/history/acquisition_likelihood_history.csv (5 distinct days tracked so far)
2026-08-13 04:53:57,211 [INFO] __main__: === Pipeline completed successfully ===
2026-08-13 04:53:57,211 [INFO] __main__:   ingestion: {'total': 201, 'ok': 200}
2026-08-13 04:53:57,211 [INFO] __main__:   cleaning: {'retained': 191, 'input': 201}
2026-08-13 04:53:57,211 [INFO] __main__:   scoring: {'ranked': 191}
2026-08-13 04:53:57,211 [INFO] __main__:   comps_dupont: {'companies': 10}
2026-08-13 04:53:57,211 [INFO] __main__:   explainability: {'companies': 10}
2026-08-13 04:53:57,211 [INFO] __main__:   baseline_comparison: {'correlation': np.float64(0.4612567577770677), 'overlap_pct': 0.1}
2026-08-13 04:53:57,211 [INFO] __main__:   acquisition_likelihood: {'companies': 10}
2026-08-13 04:53:57,211 [INFO] __main__:   history_tracker: {'recorded': True}
