2026-08-15 03:38:05,474 [INFO] __main__: Logging to file: logs/pipeline_run_2026-08-15T03-38-05Z.log
2026-08-15 03:38:05,474 [INFO] __main__: === Stage 1/8: Ingestion ===
2026-08-15 03:38:05,492 [INFO] src.ingestion: [ACC.NS] fetching fresh data
2026-08-15 03:38:07,119 [INFO] src.ingestion: [AMBUJACEM.NS] fetching fresh data
2026-08-15 03:38:08,118 [INFO] src.ingestion: [ULTRACEMCO.NS] fetching fresh data
2026-08-15 03:38:09,181 [INFO] src.ingestion: [SHREECEM.NS] fetching fresh data
2026-08-15 03:38:10,270 [INFO] src.ingestion: [JKCEMENT.NS] fetching fresh data
2026-08-15 03:38:11,191 [INFO] src.ingestion: [RAMCOCEM.NS] fetching fresh data
2026-08-15 03:38:12,402 [INFO] src.ingestion: [HEIDELBERG.NS] fetching fresh data
2026-08-15 03:38:13,445 [INFO] src.ingestion: [DALBHARAT.NS] fetching fresh data
2026-08-15 03:38:14,502 [INFO] src.ingestion: [INFY.NS] fetching fresh data
2026-08-15 03:38:15,511 [INFO] src.ingestion: [TCS.NS] fetching fresh data
2026-08-15 03:38:16,684 [INFO] src.ingestion: [WIPRO.NS] fetching fresh data
2026-08-15 03:38:17,824 [INFO] src.ingestion: [HCLTECH.NS] fetching fresh data
2026-08-15 03:38:18,928 [INFO] src.ingestion: [TECHM.NS] fetching fresh data
2026-08-15 03:38:20,076 [INFO] src.ingestion: [LTIM.NS] fetching fresh data
2026-08-15 03:38:20,350 [ERROR] yfinance: HTTP Error 404: {"quoteSummary":{"result":null,"error":{"code":"Not Found","description":"Quote not found for symbol: LTIM.NS"}}}
2026-08-15 03:38:20,494 [WARNING] src.ingestion: [LTIM.NS] attempt 1 failed: yfinance returned an empty info payload for LTIM.NS (no exception, but no usable data — likely a transient Yahoo-side issue or an invalid/delisted symbol)
2026-08-15 03:38:22,753 [ERROR] yfinance: HTTP Error 404: {"quoteSummary":{"result":null,"error":{"code":"Not Found","description":"Quote not found for symbol: LTIM.NS"}}}
2026-08-15 03:38:22,831 [WARNING] src.ingestion: [LTIM.NS] attempt 2 failed: yfinance returned an empty info payload for LTIM.NS (no exception, but no usable data — likely a transient Yahoo-side issue or an invalid/delisted symbol)
2026-08-15 03:38:27,140 [ERROR] yfinance: HTTP Error 404: {"quoteSummary":{"result":null,"error":{"code":"Not Found","description":"Quote not found for symbol: LTIM.NS"}}}
2026-08-15 03:38:27,209 [WARNING] src.ingestion: [LTIM.NS] attempt 3 failed: yfinance returned an empty info payload for LTIM.NS (no exception, but no usable data — likely a transient Yahoo-side issue or an invalid/delisted symbol)
2026-08-15 03:38:27,609 [INFO] src.ingestion: [PERSISTENT.NS] fetching fresh data
2026-08-15 03:38:28,668 [INFO] src.ingestion: [COFORGE.NS] fetching fresh data
2026-08-15 03:38:29,674 [INFO] src.ingestion: [MPHASIS.NS] fetching fresh data
2026-08-15 03:38:30,787 [INFO] src.ingestion: [LTTS.NS] fetching fresh data
2026-08-15 03:38:31,900 [INFO] src.ingestion: [TATAELXSI.NS] fetching fresh data
2026-08-15 03:38:32,945 [INFO] src.ingestion: [CYIENT.NS] fetching fresh data
2026-08-15 03:38:34,073 [INFO] src.ingestion: [KPITTECH.NS] fetching fresh data
2026-08-15 03:38:35,250 [INFO] src.ingestion: [HDFCBANK.NS] fetching fresh data
2026-08-15 03:38:36,208 [INFO] src.ingestion: [ICICIBANK.NS] fetching fresh data
2026-08-15 03:38:37,260 [INFO] src.ingestion: [SBIN.NS] fetching fresh data
2026-08-15 03:38:38,360 [INFO] src.ingestion: [AXISBANK.NS] fetching fresh data
2026-08-15 03:38:39,664 [INFO] src.ingestion: [KOTAKBANK.NS] fetching fresh data
2026-08-15 03:38:40,731 [INFO] src.ingestion: [INDUSINDBK.NS] fetching fresh data
2026-08-15 03:38:41,784 [INFO] src.ingestion: [FEDERALBNK.NS] fetching fresh data
2026-08-15 03:38:42,823 [INFO] src.ingestion: [BANDHANBNK.NS] fetching fresh data
2026-08-15 03:38:44,094 [INFO] src.ingestion: [IDFCFIRSTB.NS] fetching fresh data
2026-08-15 03:38:45,213 [INFO] src.ingestion: [PNB.NS] fetching fresh data
2026-08-15 03:38:46,225 [INFO] src.ingestion: [BANKBARODA.NS] fetching fresh data
2026-08-15 03:38:47,360 [INFO] src.ingestion: [CANBK.NS] fetching fresh data
2026-08-15 03:38:48,435 [INFO] src.ingestion: [UNIONBANK.NS] fetching fresh data
2026-08-15 03:38:49,582 [INFO] src.ingestion: [AUBANK.NS] fetching fresh data
2026-08-15 03:38:50,571 [INFO] src.ingestion: [RBLBANK.NS] fetching fresh data
2026-08-15 03:38:51,626 [INFO] src.ingestion: [BANKINDIA.NS] fetching fresh data
2026-08-15 03:38:52,575 [INFO] src.ingestion: [CENTRALBK.NS] fetching fresh data
2026-08-15 03:38:53,800 [INFO] src.ingestion: [IOB.NS] fetching fresh data
2026-08-15 03:38:54,932 [INFO] src.ingestion: [UCOBANK.NS] fetching fresh data
2026-08-15 03:38:55,930 [INFO] src.ingestion: [BAJFINANCE.NS] fetching fresh data
2026-08-15 03:38:56,995 [INFO] src.ingestion: [BAJAJFINSV.NS] fetching fresh data
2026-08-15 03:38:58,050 [INFO] src.ingestion: [CHOLAFIN.NS] fetching fresh data
2026-08-15 03:38:59,153 [INFO] src.ingestion: [MUTHOOTFIN.NS] fetching fresh data
2026-08-15 03:39:00,165 [INFO] src.ingestion: [LICHSGFIN.NS] fetching fresh data
2026-08-15 03:39:01,250 [INFO] src.ingestion: [SHRIRAMFIN.NS] fetching fresh data
2026-08-15 03:39:02,375 [INFO] src.ingestion: [PFC.NS] fetching fresh data
2026-08-15 03:39:03,436 [INFO] src.ingestion: [RECLTD.NS] fetching fresh data
2026-08-15 03:39:04,496 [INFO] src.ingestion: [IRFC.NS] fetching fresh data
2026-08-15 03:39:05,529 [INFO] src.ingestion: [HUDCO.NS] fetching fresh data
2026-08-15 03:39:06,606 [INFO] src.ingestion: [BAJAJHLDNG.NS] fetching fresh data
2026-08-15 03:39:07,748 [INFO] src.ingestion: [SBICARD.NS] fetching fresh data
2026-08-15 03:39:08,855 [INFO] src.ingestion: [MANAPPURAM.NS] fetching fresh data
2026-08-15 03:39:09,954 [INFO] src.ingestion: [POONAWALLA.NS] fetching fresh data
2026-08-15 03:39:11,129 [INFO] src.ingestion: [HDFCLIFE.NS] fetching fresh data
2026-08-15 03:39:12,223 [INFO] src.ingestion: [SBILIFE.NS] fetching fresh data
2026-08-15 03:39:13,429 [INFO] src.ingestion: [ICICIPRULI.NS] fetching fresh data
2026-08-15 03:39:14,476 [INFO] src.ingestion: [ICICIGI.NS] fetching fresh data
2026-08-15 03:39:15,579 [INFO] src.ingestion: [LICI.NS] fetching fresh data
2026-08-15 03:39:16,703 [INFO] src.ingestion: [GICRE.NS] fetching fresh data
2026-08-15 03:39:17,648 [INFO] src.ingestion: [MARUTI.NS] fetching fresh data
2026-08-15 03:39:18,686 [INFO] src.ingestion: [TMPV.NS] fetching fresh data
2026-08-15 03:39:19,752 [INFO] src.ingestion: [TMCV.NS] fetching fresh data
2026-08-15 03:39:20,884 [INFO] src.ingestion: [M&M.NS] fetching fresh data
2026-08-15 03:39:22,023 [INFO] src.ingestion: [EICHERMOT.NS] fetching fresh data
2026-08-15 03:39:23,118 [INFO] src.ingestion: [HEROMOTOCO.NS] fetching fresh data
2026-08-15 03:39:24,174 [INFO] src.ingestion: [BAJAJ-AUTO.NS] fetching fresh data
2026-08-15 03:39:25,290 [INFO] src.ingestion: [TVSMOTOR.NS] fetching fresh data
2026-08-15 03:39:26,450 [INFO] src.ingestion: [ASHOKLEY.NS] fetching fresh data
2026-08-15 03:39:27,652 [INFO] src.ingestion: [BHARATFORG.NS] fetching fresh data
2026-08-15 03:39:28,752 [INFO] src.ingestion: [MOTHERSON.NS] fetching fresh data
2026-08-15 03:39:29,900 [INFO] src.ingestion: [BOSCHLTD.NS] fetching fresh data
2026-08-15 03:39:31,042 [INFO] src.ingestion: [MRF.NS] fetching fresh data
2026-08-15 03:39:32,236 [INFO] src.ingestion: [ENDURANCE.NS] fetching fresh data
2026-08-15 03:39:33,341 [INFO] src.ingestion: [EXIDEIND.NS] fetching fresh data
2026-08-15 03:39:34,449 [INFO] src.ingestion: [ARE&M.NS] fetching fresh data
2026-08-15 03:39:35,508 [INFO] src.ingestion: [SUNDRMFAST.NS] fetching fresh data
2026-08-15 03:39:36,566 [INFO] src.ingestion: [UNOMINDA.NS] fetching fresh data
2026-08-15 03:39:37,515 [INFO] src.ingestion: [SUNPHARMA.NS] fetching fresh data
2026-08-15 03:39:38,576 [INFO] src.ingestion: [DRREDDY.NS] fetching fresh data
2026-08-15 03:39:39,851 [INFO] src.ingestion: [CIPLA.NS] fetching fresh data
2026-08-15 03:39:41,029 [INFO] src.ingestion: [DIVISLAB.NS] fetching fresh data
2026-08-15 03:39:42,165 [INFO] src.ingestion: [LUPIN.NS] fetching fresh data
2026-08-15 03:39:43,365 [INFO] src.ingestion: [AUROPHARMA.NS] fetching fresh data
2026-08-15 03:39:44,391 [INFO] src.ingestion: [BIOCON.NS] fetching fresh data
2026-08-15 03:39:45,591 [INFO] src.ingestion: [TORNTPHARM.NS] fetching fresh data
2026-08-15 03:39:46,619 [INFO] src.ingestion: [ALKEM.NS] fetching fresh data
2026-08-15 03:39:47,688 [INFO] src.ingestion: [ABBOTINDIA.NS] fetching fresh data
2026-08-15 03:39:48,697 [INFO] src.ingestion: [APOLLOHOSP.NS] fetching fresh data
2026-08-15 03:39:49,822 [INFO] src.ingestion: [FORTIS.NS] fetching fresh data
2026-08-15 03:39:50,933 [INFO] src.ingestion: [LALPATHLAB.NS] fetching fresh data
2026-08-15 03:39:52,065 [INFO] src.ingestion: [METROPOLIS.NS] fetching fresh data
2026-08-15 03:39:53,200 [INFO] src.ingestion: [GLAND.NS] fetching fresh data
2026-08-15 03:39:54,292 [INFO] src.ingestion: [LAURUSLABS.NS] fetching fresh data
2026-08-15 03:39:55,414 [INFO] src.ingestion: [GLENMARK.NS] fetching fresh data
2026-08-15 03:39:56,501 [INFO] src.ingestion: [IPCALAB.NS] fetching fresh data
2026-08-15 03:39:57,665 [INFO] src.ingestion: [HINDUNILVR.NS] fetching fresh data
2026-08-15 03:39:58,732 [INFO] src.ingestion: [ITC.NS] fetching fresh data
2026-08-15 03:39:59,863 [INFO] src.ingestion: [NESTLEIND.NS] fetching fresh data
2026-08-15 03:40:00,872 [INFO] src.ingestion: [BRITANNIA.NS] fetching fresh data
2026-08-15 03:40:01,909 [INFO] src.ingestion: [DABUR.NS] fetching fresh data
2026-08-15 03:40:02,956 [INFO] src.ingestion: [GODREJCP.NS] fetching fresh data
2026-08-15 03:40:03,949 [INFO] src.ingestion: [MARICO.NS] fetching fresh data
2026-08-15 03:40:05,102 [INFO] src.ingestion: [COLPAL.NS] fetching fresh data
2026-08-15 03:40:06,027 [INFO] src.ingestion: [TATACONSUM.NS] fetching fresh data
2026-08-15 03:40:07,222 [INFO] src.ingestion: [VBL.NS] fetching fresh data
2026-08-15 03:40:08,185 [INFO] src.ingestion: [UNITDSPR.NS] fetching fresh data
2026-08-15 03:40:09,195 [INFO] src.ingestion: [EMAMILTD.NS] fetching fresh data
2026-08-15 03:40:10,229 [INFO] src.ingestion: [TATASTEEL.NS] fetching fresh data
2026-08-15 03:40:11,243 [INFO] src.ingestion: [JSWSTEEL.NS] fetching fresh data
2026-08-15 03:40:12,422 [INFO] src.ingestion: [HINDALCO.NS] fetching fresh data
2026-08-15 03:40:13,467 [INFO] src.ingestion: [VEDL.NS] fetching fresh data
2026-08-15 03:40:14,760 [INFO] src.ingestion: [COALINDIA.NS] fetching fresh data
2026-08-15 03:40:15,797 [INFO] src.ingestion: [NMDC.NS] fetching fresh data
2026-08-15 03:40:17,006 [INFO] src.ingestion: [SAIL.NS] fetching fresh data
2026-08-15 03:40:18,032 [INFO] src.ingestion: [JINDALSTEL.NS] fetching fresh data
2026-08-15 03:40:19,090 [INFO] src.ingestion: [APLAPOLLO.NS] fetching fresh data
2026-08-15 03:40:20,237 [INFO] src.ingestion: [NATIONALUM.NS] fetching fresh data
2026-08-15 03:40:21,374 [INFO] src.ingestion: [HINDCOPPER.NS] fetching fresh data
2026-08-15 03:40:22,358 [INFO] src.ingestion: [RATNAMANI.NS] fetching fresh data
2026-08-15 03:40:23,485 [INFO] src.ingestion: [HINDZINC.NS] fetching fresh data
2026-08-15 03:40:24,573 [INFO] src.ingestion: [WELCORP.NS] fetching fresh data
2026-08-15 03:40:25,621 [INFO] src.ingestion: [JSL.NS] fetching fresh data
2026-08-15 03:40:26,610 [INFO] src.ingestion: [RELIANCE.NS] fetching fresh data
2026-08-15 03:40:27,634 [INFO] src.ingestion: [ONGC.NS] fetching fresh data
2026-08-15 03:40:28,723 [INFO] src.ingestion: [BPCL.NS] fetching fresh data
2026-08-15 03:40:29,854 [INFO] src.ingestion: [IOC.NS] fetching fresh data
2026-08-15 03:40:30,900 [INFO] src.ingestion: [GAIL.NS] fetching fresh data
2026-08-15 03:40:31,965 [INFO] src.ingestion: [NTPC.NS] fetching fresh data
2026-08-15 03:40:33,224 [INFO] src.ingestion: [POWERGRID.NS] fetching fresh data
2026-08-15 03:40:34,527 [INFO] src.ingestion: [TATAPOWER.NS] fetching fresh data
2026-08-15 03:40:35,589 [INFO] src.ingestion: [ADANIGREEN.NS] fetching fresh data
2026-08-15 03:40:36,722 [INFO] src.ingestion: [ADANIPOWER.NS] fetching fresh data
2026-08-15 03:40:37,822 [INFO] src.ingestion: [TORNTPOWER.NS] fetching fresh data
2026-08-15 03:40:39,083 [INFO] src.ingestion: [LT.NS] fetching fresh data
2026-08-15 03:40:40,190 [INFO] src.ingestion: [SIEMENS.NS] fetching fresh data
2026-08-15 03:40:41,273 [INFO] src.ingestion: [ABB.NS] fetching fresh data
2026-08-15 03:40:42,296 [INFO] src.ingestion: [HAL.NS] fetching fresh data
2026-08-15 03:40:43,449 [INFO] src.ingestion: [BEL.NS] fetching fresh data
2026-08-15 03:40:44,491 [INFO] src.ingestion: [BHEL.NS] fetching fresh data
2026-08-15 03:40:45,527 [INFO] src.ingestion: [CUMMINSIND.NS] fetching fresh data
2026-08-15 03:40:46,672 [INFO] src.ingestion: [THERMAX.NS] fetching fresh data
2026-08-15 03:40:47,813 [INFO] src.ingestion: [POLYCAB.NS] fetching fresh data
2026-08-15 03:40:48,904 [INFO] src.ingestion: [KEI.NS] fetching fresh data
2026-08-15 03:40:49,996 [INFO] src.ingestion: [HAVELLS.NS] fetching fresh data
2026-08-15 03:40:51,044 [INFO] src.ingestion: [CROMPTON.NS] fetching fresh data
2026-08-15 03:40:52,283 [INFO] src.ingestion: [SUPREMEIND.NS] fetching fresh data
2026-08-15 03:40:53,436 [INFO] src.ingestion: [ASTRAL.NS] fetching fresh data
2026-08-15 03:40:54,569 [INFO] src.ingestion: [GRINDWELL.NS] fetching fresh data
2026-08-15 03:40:55,693 [INFO] src.ingestion: [CARBORUNIV.NS] fetching fresh data
2026-08-15 03:40:56,778 [INFO] src.ingestion: [TIMKEN.NS] fetching fresh data
2026-08-15 03:40:57,907 [INFO] src.ingestion: [SKFINDIA.NS] fetching fresh data
2026-08-15 03:40:58,938 [INFO] src.ingestion: [SRF.NS] fetching fresh data
2026-08-15 03:41:00,012 [INFO] src.ingestion: [PIIND.NS] fetching fresh data
2026-08-15 03:41:01,178 [INFO] src.ingestion: [DEEPAKNTR.NS] fetching fresh data
2026-08-15 03:41:02,320 [INFO] src.ingestion: [AARTIIND.NS] fetching fresh data
2026-08-15 03:41:03,289 [INFO] src.ingestion: [NAVINFLUOR.NS] fetching fresh data
2026-08-15 03:41:04,334 [INFO] src.ingestion: [UPL.NS] fetching fresh data
2026-08-15 03:41:05,557 [INFO] src.ingestion: [COROMANDEL.NS] fetching fresh data
2026-08-15 03:41:06,691 [INFO] src.ingestion: [CHAMBLFERT.NS] fetching fresh data
2026-08-15 03:41:07,672 [INFO] src.ingestion: [GNFC.NS] fetching fresh data
2026-08-15 03:41:08,825 [INFO] src.ingestion: [PIDILITIND.NS] fetching fresh data
2026-08-15 03:41:09,979 [INFO] src.ingestion: [TATACHEM.NS] fetching fresh data
2026-08-15 03:41:11,068 [INFO] src.ingestion: [GHCL.NS] fetching fresh data
2026-08-15 03:41:12,282 [INFO] src.ingestion: [TITAN.NS] fetching fresh data
2026-08-15 03:41:13,397 [INFO] src.ingestion: [DMART.NS] fetching fresh data
2026-08-15 03:41:14,473 [INFO] src.ingestion: [TRENT.NS] fetching fresh data
2026-08-15 03:41:15,627 [INFO] src.ingestion: [BATAINDIA.NS] fetching fresh data
2026-08-15 03:41:16,780 [INFO] src.ingestion: [PAGEIND.NS] fetching fresh data
2026-08-15 03:41:17,800 [INFO] src.ingestion: [JUBLFOOD.NS] fetching fresh data
2026-08-15 03:41:18,962 [INFO] src.ingestion: [VOLTAS.NS] fetching fresh data
2026-08-15 03:41:20,047 [INFO] src.ingestion: [DIXON.NS] fetching fresh data
2026-08-15 03:41:21,023 [INFO] src.ingestion: [RELAXO.NS] fetching fresh data
2026-08-15 03:41:22,089 [INFO] src.ingestion: [KAJARIACER.NS] fetching fresh data
2026-08-15 03:41:23,286 [INFO] src.ingestion: [WHIRLPOOL.NS] fetching fresh data
2026-08-15 03:41:24,341 [INFO] src.ingestion: [BLUESTARCO.NS] fetching fresh data
2026-08-15 03:41:25,322 [INFO] src.ingestion: [PGHH.NS] fetching fresh data
2026-08-15 03:41:26,424 [INFO] src.ingestion: [GILLETTE.NS] fetching fresh data
2026-08-15 03:41:27,672 [INFO] src.ingestion: [BHARTIARTL.NS] fetching fresh data
2026-08-15 03:41:28,708 [INFO] src.ingestion: [IDEA.NS] fetching fresh data
2026-08-15 03:41:29,766 [INFO] src.ingestion: [INDUSTOWER.NS] fetching fresh data
2026-08-15 03:41:30,934 [INFO] src.ingestion: [PVRINOX.NS] fetching fresh data
2026-08-15 03:41:32,048 [INFO] src.ingestion: [ZEEL.NS] fetching fresh data
2026-08-15 03:41:33,098 [INFO] src.ingestion: [ADANIPORTS.NS] fetching fresh data
2026-08-15 03:41:34,257 [INFO] src.ingestion: [ADANIENT.NS] fetching fresh data
2026-08-15 03:41:35,367 [INFO] src.ingestion: [GMRAIRPORT.NS] fetching fresh data
2026-08-15 03:41:36,437 [INFO] src.ingestion: [CONCOR.NS] fetching fresh data
2026-08-15 03:41:37,377 [INFO] src.ingestion: [IRCTC.NS] fetching fresh data
2026-08-15 03:41:38,446 [INFO] src.ingestion: [INDIGO.NS] fetching fresh data
2026-08-15 03:41:39,532 [INFO] src.ingestion: [RVNL.NS] fetching fresh data
2026-08-15 03:41:40,503 [INFO] src.ingestion: [IRCON.NS] fetching fresh data
2026-08-15 03:41:41,703 [INFO] src.ingestion: [NBCC.NS] fetching fresh data
2026-08-15 03:41:42,716 [INFO] src.ingestion: [NCC.NS] fetching fresh data
2026-08-15 03:41:43,822 [INFO] src.ingestion: [MAZDOCK.NS] fetching fresh data
2026-08-15 03:41:44,986 [INFO] src.ingestion: [COCHINSHIP.NS] fetching fresh data
2026-08-15 03:41:46,090 [INFO] src.ingestion: [DLF.NS] fetching fresh data
2026-08-15 03:41:47,151 [INFO] src.ingestion: [GODREJPROP.NS] fetching fresh data
2026-08-15 03:41:48,225 [INFO] src.ingestion: [OBEROIRLTY.NS] fetching fresh data
2026-08-15 03:41:49,195 [INFO] src.ingestion: [PRESTIGE.NS] fetching fresh data
2026-08-15 03:41:50,375 [INFO] src.ingestion: [PHOENIXLTD.NS] fetching fresh data
2026-08-15 03:41:51,413 [INFO] src.ingestion: [SOBHA.NS] fetching fresh data
2026-08-15 03:41:52,628 [INFO] src.ingestion: Fetched 200/201 tickers successfully
2026-08-15 03:41:52,629 [WARNING] src.ingestion: Failed tickers (excluded from downstream, not silently zeroed): ['LTIM.NS']
2026-08-15 03:41:52,629 [INFO] __main__: Ingestion validation passed: 200/201 tickers (100%)
2026-08-15 03:41:52,629 [INFO] __main__: === Stage 2/8: Cleaning ===
2026-08-15 03:41:52,633 [WARNING] src.cleaning: [ASHOKLEY.NS] EXCLUDED: missing critical fields: ['market_cap']
2026-08-15 03:41:52,633 [WARNING] src.cleaning: [BIOCON.NS] EXCLUDED: missing critical fields: ['market_cap']
2026-08-15 03:41:52,633 [WARNING] src.cleaning: [BOSCHLTD.NS] EXCLUDED: missing critical fields: ['market_cap']
2026-08-15 03:41:52,633 [WARNING] src.cleaning: [IOC.NS] EXCLUDED: missing critical fields: ['market_cap']
2026-08-15 03:41:52,633 [WARNING] src.cleaning: [JUBLFOOD.NS] EXCLUDED: missing critical fields: ['market_cap']
2026-08-15 03:41:52,633 [WARNING] src.cleaning: [LTIM.NS] EXCLUDED: ingestion failed: yfinance returned an empty info payload for LTIM.NS (no exception, but no usable data — likely a transient Yahoo-side issue or an invalid/delisted symbol)
2026-08-15 03:41:52,634 [WARNING] src.cleaning: [RECLTD.NS] EXCLUDED: missing critical fields: ['market_cap']
2026-08-15 03:41:52,634 [WARNING] src.cleaning: [RELIANCE.NS] EXCLUDED: missing critical fields: ['market_cap']
2026-08-15 03:41:52,634 [WARNING] src.cleaning: [TCS.NS] EXCLUDED: missing critical fields: ['market_cap']
2026-08-15 03:41:52,634 [WARNING] src.cleaning: [TVSMOTOR.NS] EXCLUDED: missing critical fields: ['market_cap']
2026-08-15 03:41:52,634 [INFO] src.cleaning: [AARTIIND.NS] non-critical missing fields: ['return_on_equity']
2026-08-15 03:41:52,634 [INFO] src.cleaning: [ACC.NS] non-critical missing fields: ['return_on_equity']
2026-08-15 03:41:52,634 [INFO] src.cleaning: [ADANIENT.NS] non-critical missing fields: ['return_on_equity']
2026-08-15 03:41:52,634 [INFO] src.cleaning: [ADANIGREEN.NS] non-critical missing fields: ['return_on_equity']
2026-08-15 03:41:52,634 [INFO] src.cleaning: [ADANIPORTS.NS] non-critical missing fields: ['return_on_equity']
2026-08-15 03:41:52,634 [INFO] src.cleaning: [ADANIPOWER.NS] non-critical missing fields: ['return_on_equity']
2026-08-15 03:41:52,634 [INFO] src.cleaning: [AMBUJACEM.NS] non-critical missing fields: ['return_on_equity']
2026-08-15 03:41:52,634 [INFO] src.cleaning: [APLAPOLLO.NS] non-critical missing fields: ['return_on_equity']
2026-08-15 03:41:52,634 [INFO] src.cleaning: [APOLLOHOSP.NS] non-critical missing fields: ['return_on_equity']
2026-08-15 03:41:52,634 [INFO] src.cleaning: [ARE&M.NS] non-critical missing fields: ['return_on_equity']
2026-08-15 03:41:52,634 [INFO] src.cleaning: [ASTRAL.NS] non-critical missing fields: ['return_on_equity']
2026-08-15 03:41:52,634 [INFO] src.cleaning: [AUBANK.NS] non-critical missing fields: ['ev_to_ebitda', 'return_on_equity', 'debt_to_equity']
2026-08-15 03:41:52,634 [INFO] src.cleaning: [AUROPHARMA.NS] non-critical missing fields: ['return_on_equity']
2026-08-15 03:41:52,634 [INFO] src.cleaning: [AXISBANK.NS] non-critical missing fields: ['ev_to_ebitda', 'debt_to_equity']
2026-08-15 03:41:52,634 [INFO] src.cleaning: [BAJAJ-AUTO.NS] non-critical missing fields: ['return_on_equity']
2026-08-15 03:41:52,634 [INFO] src.cleaning: [BAJAJFINSV.NS] non-critical missing fields: ['return_on_equity']
2026-08-15 03:41:52,634 [WARNING] src.cleaning: [BAJAJHLDNG.NS] outlier values flagged: ['net_margin']
2026-08-15 03:41:52,634 [INFO] src.cleaning: [BAJFINANCE.NS] non-critical missing fields: ['ev_to_ebitda', 'return_on_equity']
2026-08-15 03:41:52,634 [INFO] src.cleaning: [BANDHANBNK.NS] non-critical missing fields: ['ev_to_ebitda', 'return_on_equity', 'debt_to_equity']
2026-08-15 03:41:52,634 [INFO] src.cleaning: [BANKBARODA.NS] non-critical missing fields: ['ev_to_ebitda', 'debt_to_equity']
2026-08-15 03:41:52,634 [INFO] src.cleaning: [BANKINDIA.NS] non-critical missing fields: ['ev_to_ebitda', 'debt_to_equity']
2026-08-15 03:41:52,634 [INFO] src.cleaning: [BEL.NS] non-critical missing fields: ['return_on_equity']
2026-08-15 03:41:52,634 [INFO] src.cleaning: [BHARATFORG.NS] non-critical missing fields: ['return_on_equity']
2026-08-15 03:41:52,634 [INFO] src.cleaning: [BHEL.NS] non-critical missing fields: ['return_on_equity']
2026-08-15 03:41:52,634 [INFO] src.cleaning: [BLUESTARCO.NS] non-critical missing fields: ['return_on_equity']
2026-08-15 03:41:52,634 [INFO] src.cleaning: [BPCL.NS] non-critical missing fields: ['return_on_equity']
2026-08-15 03:41:52,634 [INFO] src.cleaning: [BRITANNIA.NS] non-critical missing fields: ['return_on_equity']
2026-08-15 03:41:52,634 [INFO] src.cleaning: [CANBK.NS] non-critical missing fields: ['ev_to_ebitda', 'return_on_equity', 'debt_to_equity']
2026-08-15 03:41:52,634 [INFO] src.cleaning: [CARBORUNIV.NS] non-critical missing fields: ['return_on_equity']
2026-08-15 03:41:52,634 [INFO] src.cleaning: [CENTRALBK.NS] non-critical missing fields: ['ev_to_ebitda', 'debt_to_equity']
2026-08-15 03:41:52,634 [INFO] src.cleaning: [CHAMBLFERT.NS] non-critical missing fields: ['return_on_equity']
2026-08-15 03:41:52,634 [INFO] src.cleaning: [CHOLAFIN.NS] non-critical missing fields: ['ev_to_ebitda', 'return_on_equity']
2026-08-15 03:41:52,635 [INFO] src.cleaning: [CIPLA.NS] non-critical missing fields: ['return_on_equity']
2026-08-15 03:41:52,635 [INFO] src.cleaning: [COALINDIA.NS] non-critical missing fields: ['return_on_equity']
2026-08-15 03:41:52,635 [INFO] src.cleaning: [COFORGE.NS] non-critical missing fields: ['return_on_equity']
2026-08-15 03:41:52,635 [INFO] src.cleaning: [COLPAL.NS] non-critical missing fields: ['return_on_equity']
2026-08-15 03:41:52,635 [INFO] src.cleaning: [CONCOR.NS] non-critical missing fields: ['return_on_equity']
2026-08-15 03:41:52,635 [INFO] src.cleaning: [COROMANDEL.NS] non-critical missing fields: ['return_on_equity']
2026-08-15 03:41:52,635 [INFO] src.cleaning: [CROMPTON.NS] non-critical missing fields: ['trailing_pe', 'return_on_equity']
2026-08-15 03:41:52,635 [INFO] src.cleaning: [CUMMINSIND.NS] non-critical missing fields: ['return_on_equity']
2026-08-15 03:41:52,635 [INFO] src.cleaning: [CYIENT.NS] non-critical missing fields: ['return_on_equity']
2026-08-15 03:41:52,635 [INFO] src.cleaning: [DABUR.NS] non-critical missing fields: ['return_on_equity']
2026-08-15 03:41:52,635 [INFO] src.cleaning: [DALBHARAT.NS] non-critical missing fields: ['return_on_equity']
2026-08-15 03:41:52,635 [INFO] src.cleaning: [DEEPAKNTR.NS] non-critical missing fields: ['return_on_equity']
2026-08-15 03:41:52,635 [INFO] src.cleaning: [DIVISLAB.NS] non-critical missing fields: ['return_on_equity']
2026-08-15 03:41:52,635 [INFO] src.cleaning: [DIXON.NS] non-critical missing fields: ['return_on_equity']
2026-08-15 03:41:52,635 [INFO] src.cleaning: [DMART.NS] non-critical missing fields: ['return_on_equity']
2026-08-15 03:41:52,635 [INFO] src.cleaning: [EICHERMOT.NS] non-critical missing fields: ['return_on_equity']
2026-08-15 03:41:52,635 [INFO] src.cleaning: [EMAMILTD.NS] non-critical missing fields: ['return_on_equity']
2026-08-15 03:41:52,635 [INFO] src.cleaning: [ENDURANCE.NS] non-critical missing fields: ['ev_to_ebitda', 'return_on_equity', 'total_debt']
2026-08-15 03:41:52,635 [INFO] src.cleaning: [EXIDEIND.NS] non-critical missing fields: ['return_on_equity']
2026-08-15 03:41:52,635 [INFO] src.cleaning: [FEDERALBNK.NS] non-critical missing fields: ['ev_to_ebitda', 'return_on_equity', 'debt_to_equity']
2026-08-15 03:41:52,635 [INFO] src.cleaning: [FORTIS.NS] non-critical missing fields: ['return_on_equity']
2026-08-15 03:41:52,635 [INFO] src.cleaning: [GAIL.NS] non-critical missing fields: ['return_on_equity']
2026-08-15 03:41:52,635 [INFO] src.cleaning: [GHCL.NS] non-critical missing fields: ['return_on_equity']
2026-08-15 03:41:52,635 [INFO] src.cleaning: [GICRE.NS] non-critical missing fields: ['ev_to_ebitda', 'debt_to_equity']
2026-08-15 03:41:52,635 [INFO] src.cleaning: [GILLETTE.NS] non-critical missing fields: ['return_on_equity']
2026-08-15 03:41:52,635 [INFO] src.cleaning: [GLENMARK.NS] non-critical missing fields: ['return_on_equity']
2026-08-15 03:41:52,635 [WARNING] src.cleaning: [GMRAIRPORT.NS] negative/zero equity — DuPont ROE math will be invalid downstream
2026-08-15 03:41:52,635 [INFO] src.cleaning: [GMRAIRPORT.NS] non-critical missing fields: ['return_on_equity', 'debt_to_equity']
2026-08-15 03:41:52,635 [INFO] src.cleaning: [GNFC.NS] non-critical missing fields: ['return_on_equity']
2026-08-15 03:41:52,635 [INFO] src.cleaning: [GODREJCP.NS] non-critical missing fields: ['return_on_equity']
2026-08-15 03:41:52,635 [INFO] src.cleaning: [GODREJPROP.NS] non-critical missing fields: ['return_on_equity']
2026-08-15 03:41:52,635 [INFO] src.cleaning: [GRINDWELL.NS] non-critical missing fields: ['return_on_equity']
2026-08-15 03:41:52,635 [INFO] src.cleaning: [HAL.NS] non-critical missing fields: ['return_on_equity']
2026-08-15 03:41:52,635 [INFO] src.cleaning: [HAVELLS.NS] non-critical missing fields: ['return_on_equity']
2026-08-15 03:41:52,635 [WARNING] src.cleaning: [HCLTECH.NS] outlier values flagged: ['ev_to_ebitda']
2026-08-15 03:41:52,635 [INFO] src.cleaning: [HDFCBANK.NS] non-critical missing fields: ['ev_to_ebitda', 'debt_to_equity']
2026-08-15 03:41:52,635 [INFO] src.cleaning: [HEIDELBERG.NS] non-critical missing fields: ['return_on_equity']
2026-08-15 03:41:52,635 [INFO] src.cleaning: [HEROMOTOCO.NS] non-critical missing fields: ['return_on_equity']
2026-08-15 03:41:52,635 [INFO] src.cleaning: [HINDALCO.NS] non-critical missing fields: ['return_on_equity']
2026-08-15 03:41:52,635 [INFO] src.cleaning: [HINDCOPPER.NS] non-critical missing fields: ['ev_to_ebitda', 'return_on_equity', 'total_debt']
2026-08-15 03:41:52,635 [INFO] src.cleaning: [HINDUNILVR.NS] non-critical missing fields: ['return_on_equity']
2026-08-15 03:41:52,635 [INFO] src.cleaning: [HINDZINC.NS] non-critical missing fields: ['return_on_equity']
2026-08-15 03:41:52,635 [INFO] src.cleaning: [HUDCO.NS] non-critical missing fields: ['ev_to_ebitda', 'return_on_equity']
2026-08-15 03:41:52,635 [INFO] src.cleaning: [ICICIBANK.NS] non-critical missing fields: ['ev_to_ebitda', 'debt_to_equity']
2026-08-15 03:41:52,635 [INFO] src.cleaning: [ICICIGI.NS] non-critical missing fields: ['debt_to_equity']
2026-08-15 03:41:52,635 [WARNING] src.cleaning: [IDEA.NS] negative/zero equity — DuPont ROE math will be invalid downstream
2026-08-15 03:41:52,635 [INFO] src.cleaning: [IDEA.NS] non-critical missing fields: ['return_on_equity', 'debt_to_equity']
2026-08-15 03:41:52,635 [INFO] src.cleaning: [IDFCFIRSTB.NS] non-critical missing fields: ['ev_to_ebitda', 'return_on_equity', 'debt_to_equity', 'total_debt']
2026-08-15 03:41:52,635 [INFO] src.cleaning: [INDIGO.NS] non-critical missing fields: ['trailing_pe', 'return_on_equity']
2026-08-15 03:41:52,635 [INFO] src.cleaning: [INDUSINDBK.NS] non-critical missing fields: ['ev_to_ebitda', 'return_on_equity', 'debt_to_equity']
2026-08-15 03:41:52,635 [WARNING] src.cleaning: [INFY.NS] outlier values flagged: ['ev_to_ebitda']
2026-08-15 03:41:52,636 [INFO] src.cleaning: [IOB.NS] non-critical missing fields: ['ev_to_ebitda', 'debt_to_equity']
2026-08-15 03:41:52,636 [INFO] src.cleaning: [IRCON.NS] non-critical missing fields: ['ev_to_ebitda', 'return_on_equity', 'total_debt']
2026-08-15 03:41:52,636 [INFO] src.cleaning: [IRCTC.NS] non-critical missing fields: ['return_on_equity']
2026-08-15 03:41:52,636 [INFO] src.cleaning: [IRFC.NS] non-critical missing fields: ['ev_to_ebitda', 'return_on_equity']
2026-08-15 03:41:52,636 [INFO] src.cleaning: [ITC.NS] non-critical missing fields: ['return_on_equity']
2026-08-15 03:41:52,636 [INFO] src.cleaning: [JINDALSTEL.NS] non-critical missing fields: ['return_on_equity']
2026-08-15 03:41:52,636 [INFO] src.cleaning: [JKCEMENT.NS] non-critical missing fields: ['return_on_equity']
2026-08-15 03:41:52,636 [INFO] src.cleaning: [JSL.NS] non-critical missing fields: ['return_on_equity']
2026-08-15 03:41:52,636 [INFO] src.cleaning: [JSWSTEEL.NS] non-critical missing fields: ['return_on_equity']
2026-08-15 03:41:52,636 [INFO] src.cleaning: [KAJARIACER.NS] non-critical missing fields: ['return_on_equity']
2026-08-15 03:41:52,636 [INFO] src.cleaning: [KEI.NS] non-critical missing fields: ['return_on_equity']
2026-08-15 03:41:52,636 [INFO] src.cleaning: [KOTAKBANK.NS] non-critical missing fields: ['ev_to_ebitda', 'return_on_equity', 'debt_to_equity']
2026-08-15 03:41:52,636 [INFO] src.cleaning: [KPITTECH.NS] non-critical missing fields: ['return_on_equity']
2026-08-15 03:41:52,636 [INFO] src.cleaning: [LALPATHLAB.NS] non-critical missing fields: ['return_on_equity']
2026-08-15 03:41:52,636 [INFO] src.cleaning: [LAURUSLABS.NS] non-critical missing fields: ['return_on_equity']
2026-08-15 03:41:52,636 [INFO] src.cleaning: [LICHSGFIN.NS] non-critical missing fields: ['ev_to_ebitda', 'return_on_equity']
2026-08-15 03:41:52,636 [INFO] src.cleaning: [LICI.NS] non-critical missing fields: ['return_on_equity']
2026-08-15 03:41:52,636 [INFO] src.cleaning: [LTTS.NS] non-critical missing fields: ['return_on_equity']
2026-08-15 03:41:52,636 [INFO] src.cleaning: [LT.NS] non-critical missing fields: ['return_on_equity']
2026-08-15 03:41:52,636 [INFO] src.cleaning: [LUPIN.NS] non-critical missing fields: ['return_on_equity']
2026-08-15 03:41:52,636 [INFO] src.cleaning: [M&M.NS] non-critical missing fields: ['return_on_equity']
2026-08-15 03:41:52,636 [INFO] src.cleaning: [MANAPPURAM.NS] non-critical missing fields: ['ev_to_ebitda', 'return_on_equity', 'total_debt']
2026-08-15 03:41:52,636 [INFO] src.cleaning: [MARICO.NS] non-critical missing fields: ['return_on_equity']
2026-08-15 03:41:52,636 [INFO] src.cleaning: [MARUTI.NS] non-critical missing fields: ['return_on_equity']
2026-08-15 03:41:52,636 [INFO] src.cleaning: [MAZDOCK.NS] non-critical missing fields: ['return_on_equity']
2026-08-15 03:41:52,636 [INFO] src.cleaning: [METROPOLIS.NS] non-critical missing fields: ['return_on_equity']
2026-08-15 03:41:52,636 [INFO] src.cleaning: [MOTHERSON.NS] non-critical missing fields: ['return_on_equity']
2026-08-15 03:41:52,636 [INFO] src.cleaning: [MRF.NS] non-critical missing fields: ['return_on_equity']
2026-08-15 03:41:52,636 [INFO] src.cleaning: [MUTHOOTFIN.NS] non-critical missing fields: ['ev_to_ebitda']
2026-08-15 03:41:52,636 [INFO] src.cleaning: [NATIONALUM.NS] non-critical missing fields: ['return_on_equity']
2026-08-15 03:41:52,636 [INFO] src.cleaning: [NAVINFLUOR.NS] non-critical missing fields: ['return_on_equity']
2026-08-15 03:41:52,636 [INFO] src.cleaning: [NBCC.NS] non-critical missing fields: ['ev_to_ebitda', 'return_on_equity', 'total_debt']
2026-08-15 03:41:52,636 [INFO] src.cleaning: [NCC.NS] non-critical missing fields: ['return_on_equity']
2026-08-15 03:41:52,636 [INFO] src.cleaning: [NESTLEIND.NS] non-critical missing fields: ['return_on_equity']
2026-08-15 03:41:52,636 [INFO] src.cleaning: [NTPC.NS] non-critical missing fields: ['return_on_equity']
2026-08-15 03:41:52,636 [INFO] src.cleaning: [OBEROIRLTY.NS] non-critical missing fields: ['return_on_equity']
2026-08-15 03:41:52,636 [INFO] src.cleaning: [ONGC.NS] non-critical missing fields: ['return_on_equity']
2026-08-15 03:41:52,636 [INFO] src.cleaning: [PERSISTENT.NS] non-critical missing fields: ['return_on_equity']
2026-08-15 03:41:52,636 [INFO] src.cleaning: [PFC.NS] non-critical missing fields: ['ev_to_ebitda', 'return_on_equity']
2026-08-15 03:41:52,636 [INFO] src.cleaning: [PGHH.NS] non-critical missing fields: ['return_on_equity']
2026-08-15 03:41:52,636 [INFO] src.cleaning: [PHOENIXLTD.NS] non-critical missing fields: ['return_on_equity']
2026-08-15 03:41:52,636 [INFO] src.cleaning: [PIDILITIND.NS] non-critical missing fields: ['return_on_equity']
2026-08-15 03:41:52,636 [INFO] src.cleaning: [PIIND.NS] non-critical missing fields: ['return_on_equity']
2026-08-15 03:41:52,636 [INFO] src.cleaning: [PNB.NS] non-critical missing fields: ['ev_to_ebitda', 'debt_to_equity']
2026-08-15 03:41:52,636 [INFO] src.cleaning: [POONAWALLA.NS] non-critical missing fields: ['ev_to_ebitda', 'return_on_equity']
2026-08-15 03:41:52,636 [INFO] src.cleaning: [POWERGRID.NS] non-critical missing fields: ['return_on_equity']
2026-08-15 03:41:52,636 [INFO] src.cleaning: [PVRINOX.NS] non-critical missing fields: ['return_on_equity']
2026-08-15 03:41:52,636 [INFO] src.cleaning: [RAMCOCEM.NS] non-critical missing fields: ['return_on_equity']
2026-08-15 03:41:52,636 [INFO] src.cleaning: [RATNAMANI.NS] non-critical missing fields: ['return_on_equity']
2026-08-15 03:41:52,636 [INFO] src.cleaning: [RBLBANK.NS] non-critical missing fields: ['ev_to_ebitda', 'return_on_equity', 'debt_to_equity']
2026-08-15 03:41:52,636 [INFO] src.cleaning: [RELAXO.NS] non-critical missing fields: ['ev_to_ebitda', 'return_on_equity', 'total_debt']
2026-08-15 03:41:52,636 [INFO] src.cleaning: [RVNL.NS] non-critical missing fields: ['ev_to_ebitda', 'return_on_equity', 'total_debt']
2026-08-15 03:41:52,636 [INFO] src.cleaning: [SAIL.NS] non-critical missing fields: ['return_on_equity']
2026-08-15 03:41:52,636 [INFO] src.cleaning: [SBICARD.NS] non-critical missing fields: ['ev_to_ebitda', 'return_on_equity']
2026-08-15 03:41:52,636 [INFO] src.cleaning: [SBILIFE.NS] non-critical missing fields: ['debt_to_equity']
2026-08-15 03:41:52,636 [INFO] src.cleaning: [SBIN.NS] non-critical missing fields: ['ev_to_ebitda', 'debt_to_equity']
2026-08-15 03:41:52,636 [INFO] src.cleaning: [SHREECEM.NS] non-critical missing fields: ['return_on_equity']
2026-08-15 03:41:52,636 [INFO] src.cleaning: [SHRIRAMFIN.NS] non-critical missing fields: ['ev_to_ebitda']
2026-08-15 03:41:52,636 [INFO] src.cleaning: [SIEMENS.NS] non-critical missing fields: ['return_on_equity']
2026-08-15 03:41:52,636 [INFO] src.cleaning: [SOBHA.NS] non-critical missing fields: ['return_on_equity']
2026-08-15 03:41:52,636 [INFO] src.cleaning: [SRF.NS] non-critical missing fields: ['return_on_equity']
2026-08-15 03:41:52,636 [INFO] src.cleaning: [SUNDRMFAST.NS] non-critical missing fields: ['return_on_equity']
2026-08-15 03:41:52,636 [INFO] src.cleaning: [SUNPHARMA.NS] non-critical missing fields: ['return_on_equity']
2026-08-15 03:41:52,636 [INFO] src.cleaning: [SUPREMEIND.NS] non-critical missing fields: ['return_on_equity']
2026-08-15 03:41:52,636 [INFO] src.cleaning: [TATACHEM.NS] non-critical missing fields: ['trailing_pe', 'return_on_equity']
2026-08-15 03:41:52,636 [INFO] src.cleaning: [TATACONSUM.NS] non-critical missing fields: ['return_on_equity']
2026-08-15 03:41:52,636 [INFO] src.cleaning: [TATAELXSI.NS] non-critical missing fields: ['return_on_equity']
2026-08-15 03:41:52,637 [INFO] src.cleaning: [TATAPOWER.NS] non-critical missing fields: ['return_on_equity']
2026-08-15 03:41:52,637 [INFO] src.cleaning: [TATASTEEL.NS] non-critical missing fields: ['return_on_equity']
2026-08-15 03:41:52,637 [INFO] src.cleaning: [TECHM.NS] non-critical missing fields: ['return_on_equity']
2026-08-15 03:41:52,637 [INFO] src.cleaning: [THERMAX.NS] non-critical missing fields: ['return_on_equity']
2026-08-15 03:41:52,637 [INFO] src.cleaning: [TIMKEN.NS] non-critical missing fields: ['return_on_equity']
2026-08-15 03:41:52,637 [INFO] src.cleaning: [TITAN.NS] non-critical missing fields: ['return_on_equity']
2026-08-15 03:41:52,637 [INFO] src.cleaning: [TMCV.NS] non-critical missing fields: ['return_on_equity']
2026-08-15 03:41:52,637 [INFO] src.cleaning: [TMPV.NS] non-critical missing fields: ['trailing_pe', 'return_on_equity']
2026-08-15 03:41:52,637 [INFO] src.cleaning: [TORNTPHARM.NS] non-critical missing fields: ['return_on_equity']
2026-08-15 03:41:52,637 [INFO] src.cleaning: [TORNTPOWER.NS] non-critical missing fields: ['return_on_equity']
2026-08-15 03:41:52,637 [INFO] src.cleaning: [TRENT.NS] non-critical missing fields: ['return_on_equity']
2026-08-15 03:41:52,637 [INFO] src.cleaning: [UCOBANK.NS] non-critical missing fields: ['ev_to_ebitda', 'debt_to_equity']
2026-08-15 03:41:52,637 [INFO] src.cleaning: [ULTRACEMCO.NS] non-critical missing fields: ['return_on_equity']
2026-08-15 03:41:52,637 [INFO] src.cleaning: [UNIONBANK.NS] non-critical missing fields: ['ev_to_ebitda', 'debt_to_equity', 'revenue_growth', 'total_debt']
2026-08-15 03:41:52,637 [INFO] src.cleaning: [UNITDSPR.NS] non-critical missing fields: ['return_on_equity']
2026-08-15 03:41:52,637 [INFO] src.cleaning: [UNOMINDA.NS] non-critical missing fields: ['return_on_equity']
2026-08-15 03:41:52,637 [INFO] src.cleaning: [UPL.NS] non-critical missing fields: ['return_on_equity']
2026-08-15 03:41:52,637 [INFO] src.cleaning: [VEDL.NS] non-critical missing fields: ['return_on_equity']
2026-08-15 03:41:52,637 [INFO] src.cleaning: [WELCORP.NS] non-critical missing fields: ['return_on_equity']
2026-08-15 03:41:52,637 [INFO] src.cleaning: [WHIRLPOOL.NS] non-critical missing fields: ['return_on_equity']
2026-08-15 03:41:52,637 [INFO] src.cleaning: [ZEEL.NS] non-critical missing fields: ['ev_to_ebitda', 'return_on_equity', 'total_debt']
2026-08-15 03:41:52,643 [INFO] src.cleaning: Cleaned 191/201 tickers -> data/processed/cleaned_universe.csv
2026-08-15 03:41:52,643 [INFO] src.cleaning: Full flag audit trail -> data/processed/cleaning_flags.csv
2026-08-15 03:41:52,643 [INFO] __main__: Cleaning validation passed: 191/201 tickers retained (95%)
2026-08-15 03:41:52,643 [INFO] __main__: === Stage 3/8: Scoring ===
2026-08-15 03:41:52,680 [INFO] src.scoring: Scored 191 companies -> data/processed/scored_universe.csv
2026-08-15 03:41:52,680 [INFO] src.scoring: Top 10 shortlist -> data/processed/shortlist_top_n.csv
2026-08-15 03:41:52,681 [WARNING] src.scoring: 24 companies scored on fewer than all 4 buckets (reweighted, not zero-filled) — see 'buckets_used' column: ['IOB.NS', 'UNIONBANK.NS', 'BANKINDIA.NS', 'CANBK.NS', 'ICICIGI.NS', 'PNB.NS', 'IDEA.NS', 'GICRE.NS', 'FEDERALBNK.NS', 'UCOBANK.NS', 'BANKBARODA.NS', 'AXISBANK.NS', 'KOTAKBANK.NS', 'ICICIBANK.NS', 'CENTRALBK.NS', 'SBILIFE.NS', 'SBIN.NS', 'HDFCBANK.NS', 'AUBANK.NS', 'BANDHANBNK.NS', 'GMRAIRPORT.NS', 'IDFCFIRSTB.NS', 'RBLBANK.NS', 'INDUSINDBK.NS']
2026-08-15 03:41:52,681 [INFO] __main__: Scoring validation passed: 191 companies ranked, all scores in valid range
2026-08-15 03:41:52,682 [INFO] __main__: === Stage 4/8: Comps + DuPont ===
2026-08-15 03:41:52,689 [INFO] src.comps_dupont: Comps + DuPont report for top 10 -> data/processed/comps_dupont_report.csv
2026-08-15 03:41:52,690 [WARNING] src.comps_dupont: 1 companies have a DuPont-implied ROE that diverges >5pp from reported ROE (possible data inconsistency, worth a manual check): ['IOB.NS']
2026-08-15 03:41:52,690 [INFO] __main__: === Stage 5/8: Explainability ===
2026-08-15 03:41:52,711 [INFO] src.explainability: Explanations for top 10 companies -> data/processed/explanations.csv
2026-08-15 03:41:52,711 [INFO] __main__: === Stage 6/8: Baseline Comparison ===
2026-08-15 03:41:52,716 [INFO] src.baseline_comparison: Baseline comparison -> data/processed/baseline_comparison.csv
2026-08-15 03:41:52,716 [INFO] __main__: === Stage 7/8: Acquisition Likelihood ===
2026-08-15 03:41:52,718 [INFO] src.acquisition_likelihood: 2 companies excluded from acquisition-likelihood scoring (negative/zero equity — financial distress, not a value-target thesis): ['IDEA.NS', 'GMRAIRPORT.NS']
2026-08-15 03:41:52,725 [INFO] src.acquisition_likelihood: Acquisition likelihood scoring -> data/processed/acquisition_likelihood.csv
2026-08-15 03:41:52,725 [INFO] __main__: === Stage 8/8: Historical Snapshot ===
2026-08-15 03:41:52,730 [INFO] src.history_tracker: Recorded shortlist snapshot for 2026-08-15 (10 companies) -> data/history/shortlist_history.csv (5 distinct days tracked so far)
2026-08-15 03:41:52,734 [INFO] src.history_tracker: Recorded acquisition-likelihood snapshot for 2026-08-15 (10 companies) -> data/history/acquisition_likelihood_history.csv (5 distinct days tracked so far)
2026-08-15 03:41:52,734 [INFO] __main__: === Pipeline completed successfully ===
2026-08-15 03:41:52,734 [INFO] __main__:   ingestion: {'total': 201, 'ok': 200}
2026-08-15 03:41:52,734 [INFO] __main__:   cleaning: {'retained': 191, 'input': 201}
2026-08-15 03:41:52,734 [INFO] __main__:   scoring: {'ranked': 191}
2026-08-15 03:41:52,734 [INFO] __main__:   comps_dupont: {'companies': 10}
2026-08-15 03:41:52,734 [INFO] __main__:   explainability: {'companies': 10}
2026-08-15 03:41:52,734 [INFO] __main__:   baseline_comparison: {'correlation': np.float64(0.45901032257610436), 'overlap_pct': 0.1}
2026-08-15 03:41:52,734 [INFO] __main__:   acquisition_likelihood: {'companies': 10}
2026-08-15 03:41:52,734 [INFO] __main__:   history_tracker: {'recorded': True}
