2026-07-11 05:41:17,141 [INFO] __main__: Logging to file: logs/pipeline_run_2026-07-11T05-41-17Z.log
2026-07-11 05:41:17,141 [INFO] __main__: === Stage 1/8: Ingestion ===
2026-07-11 05:41:17,174 [INFO] src.ingestion: [ACC.NS] fetching fresh data
2026-07-11 05:41:18,260 [INFO] src.ingestion: [AMBUJACEM.NS] fetching fresh data
2026-07-11 05:41:19,243 [INFO] src.ingestion: [ULTRACEMCO.NS] fetching fresh data
2026-07-11 05:41:20,200 [INFO] src.ingestion: [SHREECEM.NS] fetching fresh data
2026-07-11 05:41:21,171 [INFO] src.ingestion: [JKCEMENT.NS] fetching fresh data
2026-07-11 05:41:22,137 [INFO] src.ingestion: [RAMCOCEM.NS] fetching fresh data
2026-07-11 05:41:23,150 [INFO] src.ingestion: [HEIDELBERG.NS] fetching fresh data
2026-07-11 05:41:24,159 [INFO] src.ingestion: [DALBHARAT.NS] fetching fresh data
2026-07-11 05:41:25,140 [INFO] src.ingestion: [INFY.NS] fetching fresh data
2026-07-11 05:41:26,119 [INFO] src.ingestion: [TCS.NS] fetching fresh data
2026-07-11 05:41:27,081 [INFO] src.ingestion: [WIPRO.NS] fetching fresh data
2026-07-11 05:41:28,054 [INFO] src.ingestion: [HCLTECH.NS] fetching fresh data
2026-07-11 05:41:29,009 [INFO] src.ingestion: [TECHM.NS] fetching fresh data
2026-07-11 05:41:30,112 [INFO] src.ingestion: [LTIM.NS] fetching fresh data
2026-07-11 05:41:30,330 [ERROR] yfinance: HTTP Error 404: {"quoteSummary":{"result":null,"error":{"code":"Not Found","description":"Quote not found for symbol: LTIM.NS"}}}
2026-07-11 05:41:30,417 [WARNING] src.ingestion: [LTIM.NS] attempt 1 failed: yfinance returned an empty info payload for LTIM.NS (no exception, but no usable data — likely a transient Yahoo-side issue or an invalid/delisted symbol)
2026-07-11 05:41:32,583 [ERROR] yfinance: HTTP Error 404: {"quoteSummary":{"result":null,"error":{"code":"Not Found","description":"Quote not found for symbol: LTIM.NS"}}}
2026-07-11 05:41:32,664 [WARNING] src.ingestion: [LTIM.NS] attempt 2 failed: yfinance returned an empty info payload for LTIM.NS (no exception, but no usable data — likely a transient Yahoo-side issue or an invalid/delisted symbol)
2026-07-11 05:41:36,939 [ERROR] yfinance: HTTP Error 404: {"quoteSummary":{"result":null,"error":{"code":"Not Found","description":"Quote not found for symbol: LTIM.NS"}}}
2026-07-11 05:41:36,983 [WARNING] src.ingestion: [LTIM.NS] attempt 3 failed: yfinance returned an empty info payload for LTIM.NS (no exception, but no usable data — likely a transient Yahoo-side issue or an invalid/delisted symbol)
2026-07-11 05:41:37,384 [INFO] src.ingestion: [PERSISTENT.NS] fetching fresh data
2026-07-11 05:41:38,261 [INFO] src.ingestion: [COFORGE.NS] fetching fresh data
2026-07-11 05:41:39,255 [INFO] src.ingestion: [MPHASIS.NS] fetching fresh data
2026-07-11 05:41:40,348 [INFO] src.ingestion: [LTTS.NS] fetching fresh data
2026-07-11 05:41:41,316 [INFO] src.ingestion: [TATAELXSI.NS] fetching fresh data
2026-07-11 05:41:42,240 [INFO] src.ingestion: [CYIENT.NS] fetching fresh data
2026-07-11 05:41:43,288 [INFO] src.ingestion: [KPITTECH.NS] fetching fresh data
2026-07-11 05:41:44,233 [INFO] src.ingestion: [HDFCBANK.NS] fetching fresh data
2026-07-11 05:41:45,196 [INFO] src.ingestion: [ICICIBANK.NS] fetching fresh data
2026-07-11 05:41:46,246 [INFO] src.ingestion: [SBIN.NS] fetching fresh data
2026-07-11 05:41:47,204 [INFO] src.ingestion: [AXISBANK.NS] fetching fresh data
2026-07-11 05:41:48,126 [INFO] src.ingestion: [KOTAKBANK.NS] fetching fresh data
2026-07-11 05:41:49,000 [INFO] src.ingestion: [INDUSINDBK.NS] fetching fresh data
2026-07-11 05:41:49,937 [INFO] src.ingestion: [FEDERALBNK.NS] fetching fresh data
2026-07-11 05:41:50,990 [INFO] src.ingestion: [BANDHANBNK.NS] fetching fresh data
2026-07-11 05:41:52,029 [INFO] src.ingestion: [IDFCFIRSTB.NS] fetching fresh data
2026-07-11 05:41:52,949 [INFO] src.ingestion: [PNB.NS] fetching fresh data
2026-07-11 05:41:53,849 [INFO] src.ingestion: [BANKBARODA.NS] fetching fresh data
2026-07-11 05:41:54,901 [INFO] src.ingestion: [CANBK.NS] fetching fresh data
2026-07-11 05:41:55,877 [INFO] src.ingestion: [UNIONBANK.NS] fetching fresh data
2026-07-11 05:41:56,952 [INFO] src.ingestion: [AUBANK.NS] fetching fresh data
2026-07-11 05:41:58,057 [INFO] src.ingestion: [RBLBANK.NS] fetching fresh data
2026-07-11 05:41:59,582 [INFO] src.ingestion: [BANKINDIA.NS] fetching fresh data
2026-07-11 05:42:00,565 [INFO] src.ingestion: [CENTRALBK.NS] fetching fresh data
2026-07-11 05:42:01,532 [INFO] src.ingestion: [IOB.NS] fetching fresh data
2026-07-11 05:42:02,473 [INFO] src.ingestion: [UCOBANK.NS] fetching fresh data
2026-07-11 05:42:03,355 [INFO] src.ingestion: [BAJFINANCE.NS] fetching fresh data
2026-07-11 05:42:04,212 [INFO] src.ingestion: [BAJAJFINSV.NS] fetching fresh data
2026-07-11 05:42:05,179 [INFO] src.ingestion: [CHOLAFIN.NS] fetching fresh data
2026-07-11 05:42:06,099 [INFO] src.ingestion: [MUTHOOTFIN.NS] fetching fresh data
2026-07-11 05:42:07,125 [INFO] src.ingestion: [LICHSGFIN.NS] fetching fresh data
2026-07-11 05:42:08,068 [INFO] src.ingestion: [SHRIRAMFIN.NS] fetching fresh data
2026-07-11 05:42:08,955 [INFO] src.ingestion: [PFC.NS] fetching fresh data
2026-07-11 05:42:09,891 [INFO] src.ingestion: [RECLTD.NS] fetching fresh data
2026-07-11 05:42:10,778 [INFO] src.ingestion: [IRFC.NS] fetching fresh data
2026-07-11 05:42:11,839 [INFO] src.ingestion: [HUDCO.NS] fetching fresh data
2026-07-11 05:42:12,876 [INFO] src.ingestion: [BAJAJHLDNG.NS] fetching fresh data
2026-07-11 05:42:13,867 [INFO] src.ingestion: [SBICARD.NS] fetching fresh data
2026-07-11 05:42:14,801 [INFO] src.ingestion: [MANAPPURAM.NS] fetching fresh data
2026-07-11 05:42:15,665 [INFO] src.ingestion: [POONAWALLA.NS] fetching fresh data
2026-07-11 05:42:16,817 [INFO] src.ingestion: [HDFCLIFE.NS] fetching fresh data
2026-07-11 05:42:17,655 [INFO] src.ingestion: [SBILIFE.NS] fetching fresh data
2026-07-11 05:42:18,518 [INFO] src.ingestion: [ICICIPRULI.NS] fetching fresh data
2026-07-11 05:42:19,536 [INFO] src.ingestion: [ICICIGI.NS] fetching fresh data
2026-07-11 05:42:20,520 [INFO] src.ingestion: [LICI.NS] fetching fresh data
2026-07-11 05:42:21,458 [INFO] src.ingestion: [GICRE.NS] fetching fresh data
2026-07-11 05:42:22,442 [INFO] src.ingestion: [MARUTI.NS] fetching fresh data
2026-07-11 05:42:23,349 [INFO] src.ingestion: [TMPV.NS] fetching fresh data
2026-07-11 05:42:24,273 [INFO] src.ingestion: [TMCV.NS] fetching fresh data
2026-07-11 05:42:25,178 [INFO] src.ingestion: [M&M.NS] fetching fresh data
2026-07-11 05:42:26,175 [INFO] src.ingestion: [EICHERMOT.NS] fetching fresh data
2026-07-11 05:42:27,148 [INFO] src.ingestion: [HEROMOTOCO.NS] fetching fresh data
2026-07-11 05:42:28,141 [INFO] src.ingestion: [BAJAJ-AUTO.NS] fetching fresh data
2026-07-11 05:42:29,112 [INFO] src.ingestion: [TVSMOTOR.NS] fetching fresh data
2026-07-11 05:42:30,121 [INFO] src.ingestion: [ASHOKLEY.NS] fetching fresh data
2026-07-11 05:42:31,069 [INFO] src.ingestion: [BHARATFORG.NS] fetching fresh data
2026-07-11 05:42:32,099 [INFO] src.ingestion: [MOTHERSON.NS] fetching fresh data
2026-07-11 05:42:33,088 [INFO] src.ingestion: [BOSCHLTD.NS] fetching fresh data
2026-07-11 05:42:34,083 [INFO] src.ingestion: [MRF.NS] fetching fresh data
2026-07-11 05:42:35,082 [INFO] src.ingestion: [ENDURANCE.NS] fetching fresh data
2026-07-11 05:42:36,049 [INFO] src.ingestion: [EXIDEIND.NS] fetching fresh data
2026-07-11 05:42:37,098 [INFO] src.ingestion: [ARE&M.NS] fetching fresh data
2026-07-11 05:42:38,124 [INFO] src.ingestion: [SUNDRMFAST.NS] fetching fresh data
2026-07-11 05:42:39,145 [INFO] src.ingestion: [UNOMINDA.NS] fetching fresh data
2026-07-11 05:42:40,093 [INFO] src.ingestion: [SUNPHARMA.NS] fetching fresh data
2026-07-11 05:42:41,087 [INFO] src.ingestion: [DRREDDY.NS] fetching fresh data
2026-07-11 05:42:42,084 [INFO] src.ingestion: [CIPLA.NS] fetching fresh data
2026-07-11 05:42:43,119 [INFO] src.ingestion: [DIVISLAB.NS] fetching fresh data
2026-07-11 05:42:44,137 [INFO] src.ingestion: [LUPIN.NS] fetching fresh data
2026-07-11 05:42:45,086 [INFO] src.ingestion: [AUROPHARMA.NS] fetching fresh data
2026-07-11 05:42:46,202 [INFO] src.ingestion: [BIOCON.NS] fetching fresh data
2026-07-11 05:42:47,140 [INFO] src.ingestion: [TORNTPHARM.NS] fetching fresh data
2026-07-11 05:42:47,276 [ERROR] yfinance: HTTP Error 500: {"finance":{"result":null,"error":{"code":"Internal Server Error","description":"Server caught an exception"}}}
2026-07-11 05:42:48,312 [INFO] src.ingestion: [ALKEM.NS] fetching fresh data
2026-07-11 05:42:49,298 [INFO] src.ingestion: [ABBOTINDIA.NS] fetching fresh data
2026-07-11 05:42:50,413 [INFO] src.ingestion: [APOLLOHOSP.NS] fetching fresh data
2026-07-11 05:42:51,455 [INFO] src.ingestion: [FORTIS.NS] fetching fresh data
2026-07-11 05:42:52,756 [INFO] src.ingestion: [LALPATHLAB.NS] fetching fresh data
2026-07-11 05:42:53,820 [INFO] src.ingestion: [METROPOLIS.NS] fetching fresh data
2026-07-11 05:42:54,857 [INFO] src.ingestion: [GLAND.NS] fetching fresh data
2026-07-11 05:42:55,845 [INFO] src.ingestion: [LAURUSLABS.NS] fetching fresh data
2026-07-11 05:42:56,881 [INFO] src.ingestion: [GLENMARK.NS] fetching fresh data
2026-07-11 05:42:57,817 [INFO] src.ingestion: [IPCALAB.NS] fetching fresh data
2026-07-11 05:42:58,783 [INFO] src.ingestion: [HINDUNILVR.NS] fetching fresh data
2026-07-11 05:42:59,952 [INFO] src.ingestion: [ITC.NS] fetching fresh data
2026-07-11 05:43:01,027 [INFO] src.ingestion: [NESTLEIND.NS] fetching fresh data
2026-07-11 05:43:01,969 [INFO] src.ingestion: [BRITANNIA.NS] fetching fresh data
2026-07-11 05:43:02,972 [INFO] src.ingestion: [DABUR.NS] fetching fresh data
2026-07-11 05:43:03,942 [INFO] src.ingestion: [GODREJCP.NS] fetching fresh data
2026-07-11 05:43:04,817 [INFO] src.ingestion: [MARICO.NS] fetching fresh data
2026-07-11 05:43:05,788 [INFO] src.ingestion: [COLPAL.NS] fetching fresh data
2026-07-11 05:43:06,820 [INFO] src.ingestion: [TATACONSUM.NS] fetching fresh data
2026-07-11 05:43:07,864 [INFO] src.ingestion: [VBL.NS] fetching fresh data
2026-07-11 05:43:08,864 [INFO] src.ingestion: [UNITDSPR.NS] fetching fresh data
2026-07-11 05:43:09,853 [INFO] src.ingestion: [EMAMILTD.NS] fetching fresh data
2026-07-11 05:43:10,888 [INFO] src.ingestion: [TATASTEEL.NS] fetching fresh data
2026-07-11 05:43:11,917 [INFO] src.ingestion: [JSWSTEEL.NS] fetching fresh data
2026-07-11 05:43:12,888 [INFO] src.ingestion: [HINDALCO.NS] fetching fresh data
2026-07-11 05:43:13,933 [INFO] src.ingestion: [VEDL.NS] fetching fresh data
2026-07-11 05:43:15,044 [INFO] src.ingestion: [COALINDIA.NS] fetching fresh data
2026-07-11 05:43:16,055 [INFO] src.ingestion: [NMDC.NS] fetching fresh data
2026-07-11 05:43:17,120 [INFO] src.ingestion: [SAIL.NS] fetching fresh data
2026-07-11 05:43:18,213 [INFO] src.ingestion: [JINDALSTEL.NS] fetching fresh data
2026-07-11 05:43:19,361 [INFO] src.ingestion: [APLAPOLLO.NS] fetching fresh data
2026-07-11 05:43:20,418 [INFO] src.ingestion: [NATIONALUM.NS] fetching fresh data
2026-07-11 05:43:21,377 [INFO] src.ingestion: [HINDCOPPER.NS] fetching fresh data
2026-07-11 05:43:22,487 [INFO] src.ingestion: [RATNAMANI.NS] fetching fresh data
2026-07-11 05:43:23,548 [INFO] src.ingestion: [HINDZINC.NS] fetching fresh data
2026-07-11 05:43:24,612 [INFO] src.ingestion: [WELCORP.NS] fetching fresh data
2026-07-11 05:43:25,616 [INFO] src.ingestion: [JSL.NS] fetching fresh data
2026-07-11 05:43:26,571 [INFO] src.ingestion: [RELIANCE.NS] fetching fresh data
2026-07-11 05:43:27,600 [INFO] src.ingestion: [ONGC.NS] fetching fresh data
2026-07-11 05:43:28,689 [INFO] src.ingestion: [BPCL.NS] fetching fresh data
2026-07-11 05:43:29,679 [INFO] src.ingestion: [IOC.NS] fetching fresh data
2026-07-11 05:43:30,692 [INFO] src.ingestion: [GAIL.NS] fetching fresh data
2026-07-11 05:43:31,771 [INFO] src.ingestion: [NTPC.NS] fetching fresh data
2026-07-11 05:43:32,908 [INFO] src.ingestion: [POWERGRID.NS] fetching fresh data
2026-07-11 05:43:33,971 [INFO] src.ingestion: [TATAPOWER.NS] fetching fresh data
2026-07-11 05:43:34,964 [INFO] src.ingestion: [ADANIGREEN.NS] fetching fresh data
2026-07-11 05:43:35,996 [INFO] src.ingestion: [ADANIPOWER.NS] fetching fresh data
2026-07-11 05:43:37,100 [INFO] src.ingestion: [TORNTPOWER.NS] fetching fresh data
2026-07-11 05:43:38,135 [INFO] src.ingestion: [LT.NS] fetching fresh data
2026-07-11 05:43:39,054 [INFO] src.ingestion: [SIEMENS.NS] fetching fresh data
2026-07-11 05:43:40,112 [INFO] src.ingestion: [ABB.NS] fetching fresh data
2026-07-11 05:43:41,181 [INFO] src.ingestion: [HAL.NS] fetching fresh data
2026-07-11 05:43:42,430 [INFO] src.ingestion: [BEL.NS] fetching fresh data
2026-07-11 05:43:43,507 [INFO] src.ingestion: [BHEL.NS] fetching fresh data
2026-07-11 05:43:44,592 [INFO] src.ingestion: [CUMMINSIND.NS] fetching fresh data
2026-07-11 05:43:45,556 [INFO] src.ingestion: [THERMAX.NS] fetching fresh data
2026-07-11 05:43:46,613 [INFO] src.ingestion: [POLYCAB.NS] fetching fresh data
2026-07-11 05:43:47,534 [INFO] src.ingestion: [KEI.NS] fetching fresh data
2026-07-11 05:43:48,550 [INFO] src.ingestion: [HAVELLS.NS] fetching fresh data
2026-07-11 05:43:49,555 [INFO] src.ingestion: [CROMPTON.NS] fetching fresh data
2026-07-11 05:43:50,671 [INFO] src.ingestion: [SUPREMEIND.NS] fetching fresh data
2026-07-11 05:43:51,767 [INFO] src.ingestion: [ASTRAL.NS] fetching fresh data
2026-07-11 05:43:52,843 [INFO] src.ingestion: [GRINDWELL.NS] fetching fresh data
2026-07-11 05:43:54,014 [INFO] src.ingestion: [CARBORUNIV.NS] fetching fresh data
2026-07-11 05:43:55,098 [INFO] src.ingestion: [TIMKEN.NS] fetching fresh data
2026-07-11 05:43:56,080 [INFO] src.ingestion: [SKFINDIA.NS] fetching fresh data
2026-07-11 05:43:57,032 [INFO] src.ingestion: [SRF.NS] fetching fresh data
2026-07-11 05:43:58,125 [INFO] src.ingestion: [PIIND.NS] fetching fresh data
2026-07-11 05:43:59,362 [INFO] src.ingestion: [DEEPAKNTR.NS] fetching fresh data
2026-07-11 05:44:00,356 [INFO] src.ingestion: [AARTIIND.NS] fetching fresh data
2026-07-11 05:44:01,300 [INFO] src.ingestion: [NAVINFLUOR.NS] fetching fresh data
2026-07-11 05:44:02,404 [INFO] src.ingestion: [UPL.NS] fetching fresh data
2026-07-11 05:44:03,456 [INFO] src.ingestion: [COROMANDEL.NS] fetching fresh data
2026-07-11 05:44:04,457 [INFO] src.ingestion: [CHAMBLFERT.NS] fetching fresh data
2026-07-11 05:44:05,878 [INFO] src.ingestion: [GNFC.NS] fetching fresh data
2026-07-11 05:44:06,966 [INFO] src.ingestion: [PIDILITIND.NS] fetching fresh data
2026-07-11 05:44:07,893 [INFO] src.ingestion: [TATACHEM.NS] fetching fresh data
2026-07-11 05:44:08,986 [INFO] src.ingestion: [GHCL.NS] fetching fresh data
2026-07-11 05:44:09,991 [INFO] src.ingestion: [TITAN.NS] fetching fresh data
2026-07-11 05:44:11,050 [INFO] src.ingestion: [DMART.NS] fetching fresh data
2026-07-11 05:44:12,135 [INFO] src.ingestion: [TRENT.NS] fetching fresh data
2026-07-11 05:44:13,251 [INFO] src.ingestion: [BATAINDIA.NS] fetching fresh data
2026-07-11 05:44:14,385 [INFO] src.ingestion: [PAGEIND.NS] fetching fresh data
2026-07-11 05:44:15,398 [INFO] src.ingestion: [JUBLFOOD.NS] fetching fresh data
2026-07-11 05:44:16,479 [INFO] src.ingestion: [VOLTAS.NS] fetching fresh data
2026-07-11 05:44:17,526 [INFO] src.ingestion: [DIXON.NS] fetching fresh data
2026-07-11 05:44:18,708 [INFO] src.ingestion: [RELAXO.NS] fetching fresh data
2026-07-11 05:44:19,693 [INFO] src.ingestion: [KAJARIACER.NS] fetching fresh data
2026-07-11 05:44:20,777 [INFO] src.ingestion: [WHIRLPOOL.NS] fetching fresh data
2026-07-11 05:44:21,813 [INFO] src.ingestion: [BLUESTARCO.NS] fetching fresh data
2026-07-11 05:44:22,761 [INFO] src.ingestion: [PGHH.NS] fetching fresh data
2026-07-11 05:44:23,625 [INFO] src.ingestion: [GILLETTE.NS] fetching fresh data
2026-07-11 05:44:24,479 [INFO] src.ingestion: [BHARTIARTL.NS] fetching fresh data
2026-07-11 05:44:25,485 [INFO] src.ingestion: [IDEA.NS] fetching fresh data
2026-07-11 05:44:26,361 [INFO] src.ingestion: [INDUSTOWER.NS] fetching fresh data
2026-07-11 05:44:27,283 [INFO] src.ingestion: [PVRINOX.NS] fetching fresh data
2026-07-11 05:44:28,407 [INFO] src.ingestion: [ZEEL.NS] fetching fresh data
2026-07-11 05:44:29,337 [INFO] src.ingestion: [ADANIPORTS.NS] fetching fresh data
2026-07-11 05:44:30,234 [INFO] src.ingestion: [ADANIENT.NS] fetching fresh data
2026-07-11 05:44:31,142 [INFO] src.ingestion: [GMRAIRPORT.NS] fetching fresh data
2026-07-11 05:44:32,097 [INFO] src.ingestion: [CONCOR.NS] fetching fresh data
2026-07-11 05:44:33,006 [INFO] src.ingestion: [IRCTC.NS] fetching fresh data
2026-07-11 05:44:33,956 [INFO] src.ingestion: [INDIGO.NS] fetching fresh data
2026-07-11 05:44:34,987 [INFO] src.ingestion: [RVNL.NS] fetching fresh data
2026-07-11 05:44:35,936 [INFO] src.ingestion: [IRCON.NS] fetching fresh data
2026-07-11 05:44:36,949 [INFO] src.ingestion: [NBCC.NS] fetching fresh data
2026-07-11 05:44:37,941 [INFO] src.ingestion: [NCC.NS] fetching fresh data
2026-07-11 05:44:38,967 [INFO] src.ingestion: [MAZDOCK.NS] fetching fresh data
2026-07-11 05:44:39,932 [INFO] src.ingestion: [COCHINSHIP.NS] fetching fresh data
2026-07-11 05:44:40,889 [INFO] src.ingestion: [DLF.NS] fetching fresh data
2026-07-11 05:44:41,868 [INFO] src.ingestion: [GODREJPROP.NS] fetching fresh data
2026-07-11 05:44:42,888 [INFO] src.ingestion: [OBEROIRLTY.NS] fetching fresh data
2026-07-11 05:44:43,899 [INFO] src.ingestion: [PRESTIGE.NS] fetching fresh data
2026-07-11 05:44:44,854 [INFO] src.ingestion: [PHOENIXLTD.NS] fetching fresh data
2026-07-11 05:44:45,837 [INFO] src.ingestion: [SOBHA.NS] fetching fresh data
2026-07-11 05:44:46,767 [INFO] src.ingestion: Fetched 200/201 tickers successfully
2026-07-11 05:44:46,767 [WARNING] src.ingestion: Failed tickers (excluded from downstream, not silently zeroed): ['LTIM.NS']
2026-07-11 05:44:46,767 [INFO] __main__: Ingestion validation passed: 200/201 tickers (100%)
2026-07-11 05:44:46,767 [INFO] __main__: === Stage 2/8: Cleaning ===
2026-07-11 05:44:46,775 [WARNING] src.cleaning: [CROMPTON.NS] EXCLUDED: missing critical fields: ['trailing_pe']
2026-07-11 05:44:46,776 [WARNING] src.cleaning: [INDIGO.NS] EXCLUDED: missing critical fields: ['trailing_pe']
2026-07-11 05:44:46,776 [WARNING] src.cleaning: [LTIM.NS] EXCLUDED: ingestion failed: yfinance returned an empty info payload for LTIM.NS (no exception, but no usable data — likely a transient Yahoo-side issue or an invalid/delisted symbol)
2026-07-11 05:44:46,776 [WARNING] src.cleaning: [TATACHEM.NS] EXCLUDED: missing critical fields: ['trailing_pe']
2026-07-11 05:44:46,776 [WARNING] src.cleaning: [TMPV.NS] EXCLUDED: missing critical fields: ['trailing_pe']
2026-07-11 05:44:46,777 [INFO] src.cleaning: [ABB.NS] non-critical missing fields: ['return_on_equity']
2026-07-11 05:44:46,777 [INFO] src.cleaning: [AUBANK.NS] non-critical missing fields: ['ev_to_ebitda', 'return_on_equity', 'debt_to_equity']
2026-07-11 05:44:46,777 [INFO] src.cleaning: [AXISBANK.NS] non-critical missing fields: ['ev_to_ebitda', 'debt_to_equity']
2026-07-11 05:44:46,777 [WARNING] src.cleaning: [BAJAJHLDNG.NS] outlier values flagged: ['net_margin']
2026-07-11 05:44:46,777 [INFO] src.cleaning: [BAJFINANCE.NS] non-critical missing fields: ['ev_to_ebitda']
2026-07-11 05:44:46,777 [INFO] src.cleaning: [BANDHANBNK.NS] non-critical missing fields: ['ev_to_ebitda', 'debt_to_equity']
2026-07-11 05:44:46,777 [INFO] src.cleaning: [BANKBARODA.NS] non-critical missing fields: ['ev_to_ebitda', 'debt_to_equity']
2026-07-11 05:44:46,777 [INFO] src.cleaning: [BANKINDIA.NS] non-critical missing fields: ['ev_to_ebitda', 'debt_to_equity']
2026-07-11 05:44:46,777 [INFO] src.cleaning: [CANBK.NS] non-critical missing fields: ['ev_to_ebitda', 'debt_to_equity']
2026-07-11 05:44:46,777 [INFO] src.cleaning: [CENTRALBK.NS] non-critical missing fields: ['ev_to_ebitda', 'debt_to_equity']
2026-07-11 05:44:46,777 [INFO] src.cleaning: [CHOLAFIN.NS] non-critical missing fields: ['ev_to_ebitda']
2026-07-11 05:44:46,777 [INFO] src.cleaning: [FEDERALBNK.NS] non-critical missing fields: ['ev_to_ebitda', 'debt_to_equity']
2026-07-11 05:44:46,777 [INFO] src.cleaning: [GICRE.NS] non-critical missing fields: ['debt_to_equity']
2026-07-11 05:44:46,777 [WARNING] src.cleaning: [GMRAIRPORT.NS] outlier values flagged: ['trailing_pe']
2026-07-11 05:44:46,777 [WARNING] src.cleaning: [GMRAIRPORT.NS] negative/zero equity — DuPont ROE math will be invalid downstream
2026-07-11 05:44:46,777 [INFO] src.cleaning: [GMRAIRPORT.NS] non-critical missing fields: ['return_on_equity', 'debt_to_equity']
2026-07-11 05:44:46,777 [WARNING] src.cleaning: [HCLTECH.NS] outlier values flagged: ['ev_to_ebitda']
2026-07-11 05:44:46,777 [INFO] src.cleaning: [HDFCBANK.NS] non-critical missing fields: ['ev_to_ebitda', 'debt_to_equity']
2026-07-11 05:44:46,777 [INFO] src.cleaning: [HUDCO.NS] non-critical missing fields: ['ev_to_ebitda']
2026-07-11 05:44:46,777 [INFO] src.cleaning: [ICICIBANK.NS] non-critical missing fields: ['ev_to_ebitda', 'debt_to_equity']
2026-07-11 05:44:46,777 [WARNING] src.cleaning: [IDEA.NS] negative/zero equity — DuPont ROE math will be invalid downstream
2026-07-11 05:44:46,778 [INFO] src.cleaning: [IDEA.NS] non-critical missing fields: ['return_on_equity', 'debt_to_equity']
2026-07-11 05:44:46,778 [INFO] src.cleaning: [IDFCFIRSTB.NS] non-critical missing fields: ['ev_to_ebitda', 'return_on_equity', 'debt_to_equity', 'total_debt']
2026-07-11 05:44:46,778 [INFO] src.cleaning: [INDUSINDBK.NS] non-critical missing fields: ['ev_to_ebitda', 'debt_to_equity']
2026-07-11 05:44:46,778 [WARNING] src.cleaning: [INFY.NS] outlier values flagged: ['ev_to_ebitda']
2026-07-11 05:44:46,778 [INFO] src.cleaning: [IOB.NS] non-critical missing fields: ['ev_to_ebitda', 'debt_to_equity']
2026-07-11 05:44:46,778 [INFO] src.cleaning: [IRFC.NS] non-critical missing fields: ['ev_to_ebitda']
2026-07-11 05:44:46,778 [INFO] src.cleaning: [KOTAKBANK.NS] non-critical missing fields: ['ev_to_ebitda', 'debt_to_equity']
2026-07-11 05:44:46,778 [INFO] src.cleaning: [LICHSGFIN.NS] non-critical missing fields: ['ev_to_ebitda']
2026-07-11 05:44:46,778 [INFO] src.cleaning: [LICI.NS] non-critical missing fields: ['debt_to_equity']
2026-07-11 05:44:46,778 [INFO] src.cleaning: [MANAPPURAM.NS] non-critical missing fields: ['ev_to_ebitda']
2026-07-11 05:44:46,778 [INFO] src.cleaning: [MUTHOOTFIN.NS] non-critical missing fields: ['ev_to_ebitda']
2026-07-11 05:44:46,778 [INFO] src.cleaning: [PFC.NS] non-critical missing fields: ['ev_to_ebitda']
2026-07-11 05:44:46,778 [INFO] src.cleaning: [PNB.NS] non-critical missing fields: ['ev_to_ebitda', 'debt_to_equity']
2026-07-11 05:44:46,778 [INFO] src.cleaning: [POONAWALLA.NS] non-critical missing fields: ['ev_to_ebitda']
2026-07-11 05:44:46,778 [INFO] src.cleaning: [RBLBANK.NS] non-critical missing fields: ['ev_to_ebitda', 'return_on_equity', 'debt_to_equity']
2026-07-11 05:44:46,778 [INFO] src.cleaning: [RECLTD.NS] non-critical missing fields: ['ev_to_ebitda']
2026-07-11 05:44:46,778 [INFO] src.cleaning: [SBICARD.NS] non-critical missing fields: ['ev_to_ebitda']
2026-07-11 05:44:46,778 [INFO] src.cleaning: [SBILIFE.NS] non-critical missing fields: ['debt_to_equity']
2026-07-11 05:44:46,778 [INFO] src.cleaning: [SBIN.NS] non-critical missing fields: ['ev_to_ebitda', 'debt_to_equity']
2026-07-11 05:44:46,778 [INFO] src.cleaning: [SHREECEM.NS] non-critical missing fields: ['return_on_equity']
2026-07-11 05:44:46,778 [INFO] src.cleaning: [SHRIRAMFIN.NS] non-critical missing fields: ['ev_to_ebitda']
2026-07-11 05:44:46,778 [INFO] src.cleaning: [SIEMENS.NS] non-critical missing fields: ['return_on_equity']
2026-07-11 05:44:46,778 [INFO] src.cleaning: [TCS.NS] non-critical missing fields: ['ev_to_ebitda', 'return_on_equity', 'total_debt']
2026-07-11 05:44:46,779 [INFO] src.cleaning: [TORNTPHARM.NS] non-critical missing fields: ['ev_to_ebitda', 'return_on_equity', 'debt_to_equity', 'revenue_growth', 'net_margin', 'total_debt']
2026-07-11 05:44:46,779 [INFO] src.cleaning: [UCOBANK.NS] non-critical missing fields: ['ev_to_ebitda', 'debt_to_equity']
2026-07-11 05:44:46,779 [INFO] src.cleaning: [UNIONBANK.NS] non-critical missing fields: ['ev_to_ebitda', 'debt_to_equity', 'revenue_growth', 'total_debt']
2026-07-11 05:44:46,779 [INFO] src.cleaning: [VBL.NS] non-critical missing fields: ['return_on_equity']
2026-07-11 05:44:46,787 [INFO] src.cleaning: Cleaned 196/201 tickers -> data/processed/cleaned_universe.csv
2026-07-11 05:44:46,787 [INFO] src.cleaning: Full flag audit trail -> data/processed/cleaning_flags.csv
2026-07-11 05:44:46,788 [INFO] __main__: Cleaning validation passed: 196/201 tickers retained (98%)
2026-07-11 05:44:46,788 [INFO] __main__: === Stage 3/8: Scoring ===
2026-07-11 05:44:46,846 [INFO] src.scoring: Scored 196 companies -> data/processed/scored_universe.csv
2026-07-11 05:44:46,846 [INFO] src.scoring: Top 10 shortlist -> data/processed/shortlist_top_n.csv
2026-07-11 05:44:46,847 [WARNING] src.scoring: 25 companies scored on fewer than all 4 buckets (reweighted, not zero-filled) — see 'buckets_used' column: ['UNIONBANK.NS', 'LICI.NS', 'CANBK.NS', 'GICRE.NS', 'BANKINDIA.NS', 'IDEA.NS', 'PNB.NS', 'CENTRALBK.NS', 'IOB.NS', 'ICICIBANK.NS', 'BANKBARODA.NS', 'SBIN.NS', 'AXISBANK.NS', 'HDFCBANK.NS', 'FEDERALBNK.NS', 'GMRAIRPORT.NS', 'IDFCFIRSTB.NS', 'BANDHANBNK.NS', 'UCOBANK.NS', 'RBLBANK.NS', 'AUBANK.NS', 'KOTAKBANK.NS', 'INDUSINDBK.NS', 'SBILIFE.NS', 'TORNTPHARM.NS']
2026-07-11 05:44:46,849 [INFO] __main__: Scoring validation passed: 196 companies ranked, all scores in valid range
2026-07-11 05:44:46,849 [INFO] __main__: === Stage 4/8: Comps + DuPont ===
2026-07-11 05:44:46,860 [INFO] src.comps_dupont: Comps + DuPont report for top 10 -> data/processed/comps_dupont_report.csv
2026-07-11 05:44:46,861 [WARNING] src.comps_dupont: 1 companies have a DuPont-implied ROE that diverges >5pp from reported ROE (possible data inconsistency, worth a manual check): ['LICI.NS']
2026-07-11 05:44:46,861 [INFO] __main__: === Stage 5/8: Explainability ===
2026-07-11 05:44:46,897 [INFO] src.explainability: Explanations for top 10 companies -> data/processed/explanations.csv
2026-07-11 05:44:46,897 [INFO] __main__: === Stage 6/8: Baseline Comparison ===
2026-07-11 05:44:46,904 [INFO] src.baseline_comparison: Baseline comparison -> data/processed/baseline_comparison.csv
2026-07-11 05:44:46,904 [INFO] __main__: === Stage 7/8: Acquisition Likelihood ===
2026-07-11 05:44:46,907 [INFO] src.acquisition_likelihood: 2 companies excluded from acquisition-likelihood scoring (negative/zero equity — financial distress, not a value-target thesis): ['IDEA.NS', 'GMRAIRPORT.NS']
2026-07-11 05:44:46,917 [INFO] src.acquisition_likelihood: Acquisition likelihood scoring -> data/processed/acquisition_likelihood.csv
2026-07-11 05:44:46,918 [INFO] __main__: === Stage 8/8: Historical Snapshot ===
2026-07-11 05:44:46,923 [INFO] src.history_tracker: Recorded shortlist snapshot for 2026-07-11 (10 companies) -> data/history/shortlist_history.csv (1 distinct days tracked so far)
2026-07-11 05:44:46,926 [INFO] src.history_tracker: Recorded acquisition-likelihood snapshot for 2026-07-11 (10 companies) -> data/history/acquisition_likelihood_history.csv (1 distinct days tracked so far)
2026-07-11 05:44:46,926 [INFO] __main__: === Pipeline completed successfully ===
2026-07-11 05:44:46,927 [INFO] __main__:   ingestion: {'total': 201, 'ok': 200}
2026-07-11 05:44:46,927 [INFO] __main__:   cleaning: {'retained': 196, 'input': 201}
2026-07-11 05:44:46,927 [INFO] __main__:   scoring: {'ranked': 196}
2026-07-11 05:44:46,927 [INFO] __main__:   comps_dupont: {'companies': 10}
2026-07-11 05:44:46,927 [INFO] __main__:   explainability: {'companies': 10}
2026-07-11 05:44:46,927 [INFO] __main__:   baseline_comparison: {'correlation': np.float64(0.4758456916542486), 'overlap_pct': 0.1}
2026-07-11 05:44:46,927 [INFO] __main__:   acquisition_likelihood: {'companies': 10}
2026-07-11 05:44:46,927 [INFO] __main__:   history_tracker: {'recorded': True}
