2026-09-08 07:51:38,814 [INFO] __main__: Logging to file: logs/pipeline_run_2026-09-08T07-51-38Z.log
2026-09-08 07:51:38,814 [INFO] __main__: === Stage 1/8: Ingestion ===
2026-09-08 07:51:38,845 [INFO] src.ingestion: [ACC.NS] fetching fresh data
2026-09-08 07:51:40,352 [INFO] src.ingestion: [AMBUJACEM.NS] fetching fresh data
2026-09-08 07:51:41,517 [INFO] src.ingestion: [ULTRACEMCO.NS] fetching fresh data
2026-09-08 07:51:42,633 [INFO] src.ingestion: [SHREECEM.NS] fetching fresh data
2026-09-08 07:51:43,798 [INFO] src.ingestion: [JKCEMENT.NS] fetching fresh data
2026-09-08 07:51:44,827 [INFO] src.ingestion: [RAMCOCEM.NS] fetching fresh data
2026-09-08 07:51:45,868 [INFO] src.ingestion: [HEIDELBERG.NS] fetching fresh data
2026-09-08 07:51:46,937 [INFO] src.ingestion: [DALBHARAT.NS] fetching fresh data
2026-09-08 07:51:48,174 [INFO] src.ingestion: [INFY.NS] fetching fresh data
2026-09-08 07:51:49,269 [INFO] src.ingestion: [TCS.NS] fetching fresh data
2026-09-08 07:51:50,251 [INFO] src.ingestion: [WIPRO.NS] fetching fresh data
2026-09-08 07:51:51,432 [INFO] src.ingestion: [HCLTECH.NS] fetching fresh data
2026-09-08 07:51:52,438 [INFO] src.ingestion: [TECHM.NS] fetching fresh data
2026-09-08 07:51:53,436 [INFO] src.ingestion: [LTIM.NS] fetching fresh data
2026-09-08 07:51:53,702 [ERROR] yfinance: HTTP Error 404: {"quoteSummary":{"result":null,"error":{"code":"Not Found","description":"Quote not found for symbol: LTIM.NS"}}}
2026-09-08 07:51:53,830 [WARNING] src.ingestion: [LTIM.NS] attempt 1 failed: yfinance returned an empty info payload for LTIM.NS (no exception, but no usable data — likely a transient Yahoo-side issue or an invalid/delisted symbol)
2026-09-08 07:51:56,090 [ERROR] yfinance: HTTP Error 404: {"quoteSummary":{"result":null,"error":{"code":"Not Found","description":"Quote not found for symbol: LTIM.NS"}}}
2026-09-08 07:51:56,154 [WARNING] src.ingestion: [LTIM.NS] attempt 2 failed: yfinance returned an empty info payload for LTIM.NS (no exception, but no usable data — likely a transient Yahoo-side issue or an invalid/delisted symbol)
2026-09-08 07:52:00,438 [ERROR] yfinance: HTTP Error 404: {"quoteSummary":{"result":null,"error":{"code":"Not Found","description":"Quote not found for symbol: LTIM.NS"}}}
2026-09-08 07:52:00,516 [WARNING] src.ingestion: [LTIM.NS] attempt 3 failed: yfinance returned an empty info payload for LTIM.NS (no exception, but no usable data — likely a transient Yahoo-side issue or an invalid/delisted symbol)
2026-09-08 07:52:00,916 [INFO] src.ingestion: [PERSISTENT.NS] fetching fresh data
2026-09-08 07:52:02,014 [INFO] src.ingestion: [COFORGE.NS] fetching fresh data
2026-09-08 07:52:02,990 [INFO] src.ingestion: [MPHASIS.NS] fetching fresh data
2026-09-08 07:52:03,975 [INFO] src.ingestion: [LTTS.NS] fetching fresh data
2026-09-08 07:52:05,136 [INFO] src.ingestion: [TATAELXSI.NS] fetching fresh data
2026-09-08 07:52:06,149 [INFO] src.ingestion: [CYIENT.NS] fetching fresh data
2026-09-08 07:52:07,238 [INFO] src.ingestion: [KPITTECH.NS] fetching fresh data
2026-09-08 07:52:08,361 [INFO] src.ingestion: [HDFCBANK.NS] fetching fresh data
2026-09-08 07:52:09,450 [INFO] src.ingestion: [ICICIBANK.NS] fetching fresh data
2026-09-08 07:52:10,587 [INFO] src.ingestion: [SBIN.NS] fetching fresh data
2026-09-08 07:52:11,528 [INFO] src.ingestion: [AXISBANK.NS] fetching fresh data
2026-09-08 07:52:12,607 [INFO] src.ingestion: [KOTAKBANK.NS] fetching fresh data
2026-09-08 07:52:13,711 [INFO] src.ingestion: [INDUSINDBK.NS] fetching fresh data
2026-09-08 07:52:14,671 [INFO] src.ingestion: [FEDERALBNK.NS] fetching fresh data
2026-09-08 07:52:15,701 [INFO] src.ingestion: [BANDHANBNK.NS] fetching fresh data
2026-09-08 07:52:16,825 [INFO] src.ingestion: [IDFCFIRSTB.NS] fetching fresh data
2026-09-08 07:52:17,926 [INFO] src.ingestion: [PNB.NS] fetching fresh data
2026-09-08 07:52:18,954 [INFO] src.ingestion: [BANKBARODA.NS] fetching fresh data
2026-09-08 07:52:20,052 [INFO] src.ingestion: [CANBK.NS] fetching fresh data
2026-09-08 07:52:20,985 [INFO] src.ingestion: [UNIONBANK.NS] fetching fresh data
2026-09-08 07:52:22,050 [INFO] src.ingestion: [AUBANK.NS] fetching fresh data
2026-09-08 07:52:23,037 [INFO] src.ingestion: [RBLBANK.NS] fetching fresh data
2026-09-08 07:52:24,047 [INFO] src.ingestion: [BANKINDIA.NS] fetching fresh data
2026-09-08 07:52:25,097 [INFO] src.ingestion: [CENTRALBK.NS] fetching fresh data
2026-09-08 07:52:26,091 [INFO] src.ingestion: [IOB.NS] fetching fresh data
2026-09-08 07:52:27,039 [INFO] src.ingestion: [UCOBANK.NS] fetching fresh data
2026-09-08 07:52:28,183 [INFO] src.ingestion: [BAJFINANCE.NS] fetching fresh data
2026-09-08 07:52:29,130 [INFO] src.ingestion: [BAJAJFINSV.NS] fetching fresh data
2026-09-08 07:52:30,346 [INFO] src.ingestion: [CHOLAFIN.NS] fetching fresh data
2026-09-08 07:52:31,463 [INFO] src.ingestion: [MUTHOOTFIN.NS] fetching fresh data
2026-09-08 07:52:32,416 [INFO] src.ingestion: [LICHSGFIN.NS] fetching fresh data
2026-09-08 07:52:33,470 [INFO] src.ingestion: [SHRIRAMFIN.NS] fetching fresh data
2026-09-08 07:52:34,579 [INFO] src.ingestion: [PFC.NS] fetching fresh data
2026-09-08 07:52:35,658 [INFO] src.ingestion: [RECLTD.NS] fetching fresh data
2026-09-08 07:52:36,820 [INFO] src.ingestion: [IRFC.NS] fetching fresh data
2026-09-08 07:52:37,922 [INFO] src.ingestion: [HUDCO.NS] fetching fresh data
2026-09-08 07:52:38,957 [INFO] src.ingestion: [BAJAJHLDNG.NS] fetching fresh data
2026-09-08 07:52:39,961 [INFO] src.ingestion: [SBICARD.NS] fetching fresh data
2026-09-08 07:52:41,130 [INFO] src.ingestion: [MANAPPURAM.NS] fetching fresh data
2026-09-08 07:52:42,204 [INFO] src.ingestion: [POONAWALLA.NS] fetching fresh data
2026-09-08 07:52:43,297 [INFO] src.ingestion: [HDFCLIFE.NS] fetching fresh data
2026-09-08 07:52:44,342 [INFO] src.ingestion: [SBILIFE.NS] fetching fresh data
2026-09-08 07:52:45,498 [INFO] src.ingestion: [ICICIPRULI.NS] fetching fresh data
2026-09-08 07:52:46,645 [INFO] src.ingestion: [ICICIGI.NS] fetching fresh data
2026-09-08 07:52:47,715 [INFO] src.ingestion: [LICI.NS] fetching fresh data
2026-09-08 07:52:48,729 [INFO] src.ingestion: [GICRE.NS] fetching fresh data
2026-09-08 07:52:49,816 [INFO] src.ingestion: [MARUTI.NS] fetching fresh data
2026-09-08 07:52:51,039 [INFO] src.ingestion: [TMPV.NS] fetching fresh data
2026-09-08 07:52:52,086 [INFO] src.ingestion: [TMCV.NS] fetching fresh data
2026-09-08 07:52:53,081 [INFO] src.ingestion: [M&M.NS] fetching fresh data
2026-09-08 07:52:54,135 [INFO] src.ingestion: [EICHERMOT.NS] fetching fresh data
2026-09-08 07:52:55,395 [INFO] src.ingestion: [HEROMOTOCO.NS] fetching fresh data
2026-09-08 07:52:56,503 [INFO] src.ingestion: [BAJAJ-AUTO.NS] fetching fresh data
2026-09-08 07:52:57,541 [INFO] src.ingestion: [TVSMOTOR.NS] fetching fresh data
2026-09-08 07:52:58,635 [INFO] src.ingestion: [ASHOKLEY.NS] fetching fresh data
2026-09-08 07:52:59,654 [INFO] src.ingestion: [BHARATFORG.NS] fetching fresh data
2026-09-08 07:53:00,971 [INFO] src.ingestion: [MOTHERSON.NS] fetching fresh data
2026-09-08 07:53:02,145 [INFO] src.ingestion: [BOSCHLTD.NS] fetching fresh data
2026-09-08 07:53:03,308 [INFO] src.ingestion: [MRF.NS] fetching fresh data
2026-09-08 07:53:04,310 [INFO] src.ingestion: [ENDURANCE.NS] fetching fresh data
2026-09-08 07:53:05,414 [INFO] src.ingestion: [EXIDEIND.NS] fetching fresh data
2026-09-08 07:53:06,500 [INFO] src.ingestion: [ARE&M.NS] fetching fresh data
2026-09-08 07:53:07,604 [INFO] src.ingestion: [SUNDRMFAST.NS] fetching fresh data
2026-09-08 07:53:08,830 [INFO] src.ingestion: [UNOMINDA.NS] fetching fresh data
2026-09-08 07:53:09,848 [INFO] src.ingestion: [SUNPHARMA.NS] fetching fresh data
2026-09-08 07:53:10,851 [INFO] src.ingestion: [DRREDDY.NS] fetching fresh data
2026-09-08 07:53:12,004 [INFO] src.ingestion: [CIPLA.NS] fetching fresh data
2026-09-08 07:53:13,021 [INFO] src.ingestion: [DIVISLAB.NS] fetching fresh data
2026-09-08 07:53:14,072 [INFO] src.ingestion: [LUPIN.NS] fetching fresh data
2026-09-08 07:53:15,220 [INFO] src.ingestion: [AUROPHARMA.NS] fetching fresh data
2026-09-08 07:53:16,383 [INFO] src.ingestion: [BIOCON.NS] fetching fresh data
2026-09-08 07:53:17,423 [INFO] src.ingestion: [TORNTPHARM.NS] fetching fresh data
2026-09-08 07:53:18,529 [INFO] src.ingestion: [ALKEM.NS] fetching fresh data
2026-09-08 07:53:19,578 [INFO] src.ingestion: [ABBOTINDIA.NS] fetching fresh data
2026-09-08 07:53:20,621 [INFO] src.ingestion: [APOLLOHOSP.NS] fetching fresh data
2026-09-08 07:53:21,768 [INFO] src.ingestion: [FORTIS.NS] fetching fresh data
2026-09-08 07:53:22,800 [INFO] src.ingestion: [LALPATHLAB.NS] fetching fresh data
2026-09-08 07:53:23,861 [INFO] src.ingestion: [METROPOLIS.NS] fetching fresh data
2026-09-08 07:53:25,008 [INFO] src.ingestion: [GLAND.NS] fetching fresh data
2026-09-08 07:53:26,035 [INFO] src.ingestion: [LAURUSLABS.NS] fetching fresh data
2026-09-08 07:53:27,074 [INFO] src.ingestion: [GLENMARK.NS] fetching fresh data
2026-09-08 07:53:28,212 [INFO] src.ingestion: [IPCALAB.NS] fetching fresh data
2026-09-08 07:53:29,228 [INFO] src.ingestion: [HINDUNILVR.NS] fetching fresh data
2026-09-08 07:53:30,272 [INFO] src.ingestion: [ITC.NS] fetching fresh data
2026-09-08 07:53:31,380 [INFO] src.ingestion: [NESTLEIND.NS] fetching fresh data
2026-09-08 07:53:32,535 [INFO] src.ingestion: [BRITANNIA.NS] fetching fresh data
2026-09-08 07:53:33,690 [INFO] src.ingestion: [DABUR.NS] fetching fresh data
2026-09-08 07:53:34,686 [INFO] src.ingestion: [GODREJCP.NS] fetching fresh data
2026-09-08 07:53:35,844 [INFO] src.ingestion: [MARICO.NS] fetching fresh data
2026-09-08 07:53:36,964 [INFO] src.ingestion: [COLPAL.NS] fetching fresh data
2026-09-08 07:53:37,970 [INFO] src.ingestion: [TATACONSUM.NS] fetching fresh data
2026-09-08 07:53:39,037 [INFO] src.ingestion: [VBL.NS] fetching fresh data
2026-09-08 07:53:40,290 [INFO] src.ingestion: [UNITDSPR.NS] fetching fresh data
2026-09-08 07:53:41,313 [INFO] src.ingestion: [EMAMILTD.NS] fetching fresh data
2026-09-08 07:53:42,473 [INFO] src.ingestion: [TATASTEEL.NS] fetching fresh data
2026-09-08 07:53:43,481 [INFO] src.ingestion: [JSWSTEEL.NS] fetching fresh data
2026-09-08 07:53:44,543 [INFO] src.ingestion: [HINDALCO.NS] fetching fresh data
2026-09-08 07:53:45,539 [INFO] src.ingestion: [VEDL.NS] fetching fresh data
2026-09-08 07:53:46,730 [INFO] src.ingestion: [COALINDIA.NS] fetching fresh data
2026-09-08 07:53:47,906 [INFO] src.ingestion: [NMDC.NS] fetching fresh data
2026-09-08 07:53:49,065 [INFO] src.ingestion: [SAIL.NS] fetching fresh data
2026-09-08 07:53:50,273 [INFO] src.ingestion: [JINDALSTEL.NS] fetching fresh data
2026-09-08 07:53:51,419 [INFO] src.ingestion: [APLAPOLLO.NS] fetching fresh data
2026-09-08 07:53:52,655 [INFO] src.ingestion: [NATIONALUM.NS] fetching fresh data
2026-09-08 07:53:53,863 [INFO] src.ingestion: [HINDCOPPER.NS] fetching fresh data
2026-09-08 07:53:54,898 [INFO] src.ingestion: [RATNAMANI.NS] fetching fresh data
2026-09-08 07:53:55,970 [INFO] src.ingestion: [HINDZINC.NS] fetching fresh data
2026-09-08 07:53:57,055 [INFO] src.ingestion: [WELCORP.NS] fetching fresh data
2026-09-08 07:53:58,186 [INFO] src.ingestion: [JSL.NS] fetching fresh data
2026-09-08 07:53:59,278 [INFO] src.ingestion: [RELIANCE.NS] fetching fresh data
2026-09-08 07:54:00,253 [INFO] src.ingestion: [ONGC.NS] fetching fresh data
2026-09-08 07:54:01,439 [INFO] src.ingestion: [BPCL.NS] fetching fresh data
2026-09-08 07:54:02,519 [INFO] src.ingestion: [IOC.NS] fetching fresh data
2026-09-08 07:54:03,665 [INFO] src.ingestion: [GAIL.NS] fetching fresh data
2026-09-08 07:54:04,842 [INFO] src.ingestion: [NTPC.NS] fetching fresh data
2026-09-08 07:54:05,883 [INFO] src.ingestion: [POWERGRID.NS] fetching fresh data
2026-09-08 07:54:06,965 [INFO] src.ingestion: [TATAPOWER.NS] fetching fresh data
2026-09-08 07:54:08,189 [INFO] src.ingestion: [ADANIGREEN.NS] fetching fresh data
2026-09-08 07:54:09,296 [INFO] src.ingestion: [ADANIPOWER.NS] fetching fresh data
2026-09-08 07:54:10,455 [INFO] src.ingestion: [TORNTPOWER.NS] fetching fresh data
2026-09-08 07:54:11,612 [INFO] src.ingestion: [LT.NS] fetching fresh data
2026-09-08 07:54:12,761 [INFO] src.ingestion: [SIEMENS.NS] fetching fresh data
2026-09-08 07:54:13,917 [INFO] src.ingestion: [ABB.NS] fetching fresh data
2026-09-08 07:54:14,965 [INFO] src.ingestion: [HAL.NS] fetching fresh data
2026-09-08 07:54:16,071 [INFO] src.ingestion: [BEL.NS] fetching fresh data
2026-09-08 07:54:17,264 [INFO] src.ingestion: [BHEL.NS] fetching fresh data
2026-09-08 07:54:18,258 [INFO] src.ingestion: [CUMMINSIND.NS] fetching fresh data
2026-09-08 07:54:19,427 [INFO] src.ingestion: [THERMAX.NS] fetching fresh data
2026-09-08 07:54:20,625 [INFO] src.ingestion: [POLYCAB.NS] fetching fresh data
2026-09-08 07:54:21,645 [INFO] src.ingestion: [KEI.NS] fetching fresh data
2026-09-08 07:54:22,651 [INFO] src.ingestion: [HAVELLS.NS] fetching fresh data
2026-09-08 07:54:23,715 [INFO] src.ingestion: [CROMPTON.NS] fetching fresh data
2026-09-08 07:54:24,769 [INFO] src.ingestion: [SUPREMEIND.NS] fetching fresh data
2026-09-08 07:54:25,788 [INFO] src.ingestion: [ASTRAL.NS] fetching fresh data
2026-09-08 07:54:26,877 [INFO] src.ingestion: [GRINDWELL.NS] fetching fresh data
2026-09-08 07:54:27,947 [INFO] src.ingestion: [CARBORUNIV.NS] fetching fresh data
2026-09-08 07:54:29,096 [INFO] src.ingestion: [TIMKEN.NS] fetching fresh data
2026-09-08 07:54:30,131 [INFO] src.ingestion: [SKFINDIA.NS] fetching fresh data
2026-09-08 07:54:31,115 [INFO] src.ingestion: [SRF.NS] fetching fresh data
2026-09-08 07:54:32,156 [INFO] src.ingestion: [PIIND.NS] fetching fresh data
2026-09-08 07:54:33,131 [INFO] src.ingestion: [DEEPAKNTR.NS] fetching fresh data
2026-09-08 07:54:34,143 [INFO] src.ingestion: [AARTIIND.NS] fetching fresh data
2026-09-08 07:54:35,227 [INFO] src.ingestion: [NAVINFLUOR.NS] fetching fresh data
2026-09-08 07:54:36,326 [INFO] src.ingestion: [UPL.NS] fetching fresh data
2026-09-08 07:54:37,459 [INFO] src.ingestion: [COROMANDEL.NS] fetching fresh data
2026-09-08 07:54:38,519 [INFO] src.ingestion: [CHAMBLFERT.NS] fetching fresh data
2026-09-08 07:54:39,648 [INFO] src.ingestion: [GNFC.NS] fetching fresh data
2026-09-08 07:54:40,623 [INFO] src.ingestion: [PIDILITIND.NS] fetching fresh data
2026-09-08 07:54:41,728 [INFO] src.ingestion: [TATACHEM.NS] fetching fresh data
2026-09-08 07:54:42,797 [INFO] src.ingestion: [GHCL.NS] fetching fresh data
2026-09-08 07:54:43,910 [INFO] src.ingestion: [TITAN.NS] fetching fresh data
2026-09-08 07:54:44,909 [INFO] src.ingestion: [DMART.NS] fetching fresh data
2026-09-08 07:54:46,007 [INFO] src.ingestion: [TRENT.NS] fetching fresh data
2026-09-08 07:54:47,022 [INFO] src.ingestion: [BATAINDIA.NS] fetching fresh data
2026-09-08 07:54:48,133 [INFO] src.ingestion: [PAGEIND.NS] fetching fresh data
2026-09-08 07:54:49,138 [INFO] src.ingestion: [JUBLFOOD.NS] fetching fresh data
2026-09-08 07:54:50,193 [INFO] src.ingestion: [VOLTAS.NS] fetching fresh data
2026-09-08 07:54:51,280 [INFO] src.ingestion: [DIXON.NS] fetching fresh data
2026-09-08 07:54:52,310 [INFO] src.ingestion: [RELAXO.NS] fetching fresh data
2026-09-08 07:54:53,293 [INFO] src.ingestion: [KAJARIACER.NS] fetching fresh data
2026-09-08 07:54:54,259 [INFO] src.ingestion: [WHIRLPOOL.NS] fetching fresh data
2026-09-08 07:54:55,472 [INFO] src.ingestion: [BLUESTARCO.NS] fetching fresh data
2026-09-08 07:54:56,543 [INFO] src.ingestion: [PGHH.NS] fetching fresh data
2026-09-08 07:54:57,735 [INFO] src.ingestion: [GILLETTE.NS] fetching fresh data
2026-09-08 07:54:58,891 [INFO] src.ingestion: [BHARTIARTL.NS] fetching fresh data
2026-09-08 07:54:59,969 [INFO] src.ingestion: [IDEA.NS] fetching fresh data
2026-09-08 07:55:01,091 [INFO] src.ingestion: [INDUSTOWER.NS] fetching fresh data
2026-09-08 07:55:02,281 [INFO] src.ingestion: [PVRINOX.NS] fetching fresh data
2026-09-08 07:55:03,255 [INFO] src.ingestion: [ZEEL.NS] fetching fresh data
2026-09-08 07:55:04,270 [INFO] src.ingestion: [ADANIPORTS.NS] fetching fresh data
2026-09-08 07:55:05,270 [INFO] src.ingestion: [ADANIENT.NS] fetching fresh data
2026-09-08 07:55:06,293 [INFO] src.ingestion: [GMRAIRPORT.NS] fetching fresh data
2026-09-08 07:55:07,388 [INFO] src.ingestion: [CONCOR.NS] fetching fresh data
2026-09-08 07:55:08,412 [INFO] src.ingestion: [IRCTC.NS] fetching fresh data
2026-09-08 07:55:09,453 [INFO] src.ingestion: [INDIGO.NS] fetching fresh data
2026-09-08 07:55:10,666 [INFO] src.ingestion: [RVNL.NS] fetching fresh data
2026-09-08 07:55:11,792 [INFO] src.ingestion: [IRCON.NS] fetching fresh data
2026-09-08 07:55:12,935 [INFO] src.ingestion: [NBCC.NS] fetching fresh data
2026-09-08 07:55:14,038 [INFO] src.ingestion: [NCC.NS] fetching fresh data
2026-09-08 07:55:15,047 [INFO] src.ingestion: [MAZDOCK.NS] fetching fresh data
2026-09-08 07:55:16,210 [INFO] src.ingestion: [COCHINSHIP.NS] fetching fresh data
2026-09-08 07:55:17,186 [INFO] src.ingestion: [DLF.NS] fetching fresh data
2026-09-08 07:55:18,221 [INFO] src.ingestion: [GODREJPROP.NS] fetching fresh data
2026-09-08 07:55:19,371 [INFO] src.ingestion: [OBEROIRLTY.NS] fetching fresh data
2026-09-08 07:55:20,409 [INFO] src.ingestion: [PRESTIGE.NS] fetching fresh data
2026-09-08 07:55:21,389 [INFO] src.ingestion: [PHOENIXLTD.NS] fetching fresh data
2026-09-08 07:55:22,424 [INFO] src.ingestion: [SOBHA.NS] fetching fresh data
2026-09-08 07:55:23,530 [INFO] src.ingestion: Fetched 200/201 tickers successfully
2026-09-08 07:55:23,530 [WARNING] src.ingestion: Failed tickers (excluded from downstream, not silently zeroed): ['LTIM.NS']
2026-09-08 07:55:23,530 [INFO] __main__: Ingestion validation passed: 200/201 tickers (100%)
2026-09-08 07:55:23,530 [INFO] __main__: === Stage 2/8: Cleaning ===
2026-09-08 07:55:23,538 [WARNING] src.cleaning: [ASHOKLEY.NS] EXCLUDED: missing critical fields: ['market_cap']
2026-09-08 07:55:23,538 [WARNING] src.cleaning: [BIOCON.NS] EXCLUDED: missing critical fields: ['market_cap']
2026-09-08 07:55:23,538 [WARNING] src.cleaning: [BOSCHLTD.NS] EXCLUDED: missing critical fields: ['market_cap']
2026-09-08 07:55:23,538 [WARNING] src.cleaning: [IOC.NS] EXCLUDED: missing critical fields: ['market_cap']
2026-09-08 07:55:23,538 [WARNING] src.cleaning: [JUBLFOOD.NS] EXCLUDED: missing critical fields: ['market_cap']
2026-09-08 07:55:23,539 [WARNING] src.cleaning: [LTIM.NS] EXCLUDED: ingestion failed: yfinance returned an empty info payload for LTIM.NS (no exception, but no usable data — likely a transient Yahoo-side issue or an invalid/delisted symbol)
2026-09-08 07:55:23,539 [WARNING] src.cleaning: [RECLTD.NS] EXCLUDED: missing critical fields: ['market_cap']
2026-09-08 07:55:23,539 [WARNING] src.cleaning: [RELIANCE.NS] EXCLUDED: missing critical fields: ['market_cap']
2026-09-08 07:55:23,539 [WARNING] src.cleaning: [TCS.NS] EXCLUDED: missing critical fields: ['market_cap']
2026-09-08 07:55:23,539 [WARNING] src.cleaning: [TVSMOTOR.NS] EXCLUDED: missing critical fields: ['market_cap']
2026-09-08 07:55:23,539 [INFO] src.cleaning: [AARTIIND.NS] non-critical missing fields: ['return_on_equity']
2026-09-08 07:55:23,540 [INFO] src.cleaning: [ABBOTINDIA.NS] non-critical missing fields: ['return_on_equity']
2026-09-08 07:55:23,540 [INFO] src.cleaning: [ACC.NS] non-critical missing fields: ['return_on_equity']
2026-09-08 07:55:23,540 [INFO] src.cleaning: [ADANIENT.NS] non-critical missing fields: ['return_on_equity']
2026-09-08 07:55:23,540 [INFO] src.cleaning: [ADANIGREEN.NS] non-critical missing fields: ['return_on_equity']
2026-09-08 07:55:23,540 [INFO] src.cleaning: [ADANIPORTS.NS] non-critical missing fields: ['return_on_equity']
2026-09-08 07:55:23,540 [INFO] src.cleaning: [ADANIPOWER.NS] non-critical missing fields: ['return_on_equity']
2026-09-08 07:55:23,540 [INFO] src.cleaning: [ALKEM.NS] non-critical missing fields: ['return_on_equity']
2026-09-08 07:55:23,540 [INFO] src.cleaning: [AMBUJACEM.NS] non-critical missing fields: ['return_on_equity']
2026-09-08 07:55:23,540 [INFO] src.cleaning: [APLAPOLLO.NS] non-critical missing fields: ['return_on_equity']
2026-09-08 07:55:23,540 [INFO] src.cleaning: [APOLLOHOSP.NS] non-critical missing fields: ['return_on_equity']
2026-09-08 07:55:23,540 [INFO] src.cleaning: [ARE&M.NS] non-critical missing fields: ['return_on_equity']
2026-09-08 07:55:23,540 [INFO] src.cleaning: [ASTRAL.NS] non-critical missing fields: ['return_on_equity']
2026-09-08 07:55:23,540 [INFO] src.cleaning: [AUBANK.NS] non-critical missing fields: ['ev_to_ebitda', 'return_on_equity', 'debt_to_equity']
2026-09-08 07:55:23,540 [INFO] src.cleaning: [AUROPHARMA.NS] non-critical missing fields: ['return_on_equity']
2026-09-08 07:55:23,540 [INFO] src.cleaning: [AXISBANK.NS] non-critical missing fields: ['ev_to_ebitda', 'debt_to_equity']
2026-09-08 07:55:23,540 [INFO] src.cleaning: [BAJAJ-AUTO.NS] non-critical missing fields: ['return_on_equity']
2026-09-08 07:55:23,540 [INFO] src.cleaning: [BAJAJFINSV.NS] non-critical missing fields: ['return_on_equity']
2026-09-08 07:55:23,540 [WARNING] src.cleaning: [BAJAJHLDNG.NS] outlier values flagged: ['net_margin']
2026-09-08 07:55:23,540 [INFO] src.cleaning: [BAJFINANCE.NS] non-critical missing fields: ['ev_to_ebitda', 'return_on_equity']
2026-09-08 07:55:23,540 [INFO] src.cleaning: [BANDHANBNK.NS] non-critical missing fields: ['ev_to_ebitda', 'return_on_equity', 'debt_to_equity']
2026-09-08 07:55:23,541 [INFO] src.cleaning: [BANKBARODA.NS] non-critical missing fields: ['ev_to_ebitda', 'debt_to_equity']
2026-09-08 07:55:23,541 [INFO] src.cleaning: [BANKINDIA.NS] non-critical missing fields: ['ev_to_ebitda', 'debt_to_equity']
2026-09-08 07:55:23,541 [INFO] src.cleaning: [BATAINDIA.NS] non-critical missing fields: ['return_on_equity']
2026-09-08 07:55:23,541 [INFO] src.cleaning: [BEL.NS] non-critical missing fields: ['return_on_equity']
2026-09-08 07:55:23,541 [INFO] src.cleaning: [BHARATFORG.NS] non-critical missing fields: ['return_on_equity']
2026-09-08 07:55:23,541 [INFO] src.cleaning: [BHEL.NS] non-critical missing fields: ['return_on_equity']
2026-09-08 07:55:23,541 [INFO] src.cleaning: [BLUESTARCO.NS] non-critical missing fields: ['return_on_equity']
2026-09-08 07:55:23,541 [INFO] src.cleaning: [BPCL.NS] non-critical missing fields: ['return_on_equity']
2026-09-08 07:55:23,541 [INFO] src.cleaning: [BRITANNIA.NS] non-critical missing fields: ['return_on_equity']
2026-09-08 07:55:23,541 [INFO] src.cleaning: [CANBK.NS] non-critical missing fields: ['ev_to_ebitda', 'return_on_equity', 'debt_to_equity']
2026-09-08 07:55:23,541 [INFO] src.cleaning: [CARBORUNIV.NS] non-critical missing fields: ['return_on_equity']
2026-09-08 07:55:23,541 [INFO] src.cleaning: [CENTRALBK.NS] non-critical missing fields: ['ev_to_ebitda', 'debt_to_equity']
2026-09-08 07:55:23,541 [INFO] src.cleaning: [CHAMBLFERT.NS] non-critical missing fields: ['return_on_equity']
2026-09-08 07:55:23,541 [INFO] src.cleaning: [CHOLAFIN.NS] non-critical missing fields: ['ev_to_ebitda', 'return_on_equity']
2026-09-08 07:55:23,541 [INFO] src.cleaning: [CIPLA.NS] non-critical missing fields: ['return_on_equity']
2026-09-08 07:55:23,541 [INFO] src.cleaning: [COALINDIA.NS] non-critical missing fields: ['return_on_equity']
2026-09-08 07:55:23,541 [INFO] src.cleaning: [COCHINSHIP.NS] non-critical missing fields: ['return_on_equity']
2026-09-08 07:55:23,541 [INFO] src.cleaning: [COFORGE.NS] non-critical missing fields: ['return_on_equity']
2026-09-08 07:55:23,541 [INFO] src.cleaning: [COLPAL.NS] non-critical missing fields: ['return_on_equity']
2026-09-08 07:55:23,541 [INFO] src.cleaning: [CONCOR.NS] non-critical missing fields: ['return_on_equity']
2026-09-08 07:55:23,541 [INFO] src.cleaning: [COROMANDEL.NS] non-critical missing fields: ['return_on_equity']
2026-09-08 07:55:23,541 [INFO] src.cleaning: [CROMPTON.NS] non-critical missing fields: ['trailing_pe', 'return_on_equity']
2026-09-08 07:55:23,541 [INFO] src.cleaning: [CUMMINSIND.NS] non-critical missing fields: ['return_on_equity']
2026-09-08 07:55:23,541 [INFO] src.cleaning: [CYIENT.NS] non-critical missing fields: ['return_on_equity']
2026-09-08 07:55:23,542 [INFO] src.cleaning: [DABUR.NS] non-critical missing fields: ['return_on_equity']
2026-09-08 07:55:23,542 [INFO] src.cleaning: [DALBHARAT.NS] non-critical missing fields: ['return_on_equity']
2026-09-08 07:55:23,542 [INFO] src.cleaning: [DEEPAKNTR.NS] non-critical missing fields: ['return_on_equity']
2026-09-08 07:55:23,542 [INFO] src.cleaning: [DIVISLAB.NS] non-critical missing fields: ['return_on_equity']
2026-09-08 07:55:23,542 [INFO] src.cleaning: [DIXON.NS] non-critical missing fields: ['return_on_equity']
2026-09-08 07:55:23,542 [INFO] src.cleaning: [DMART.NS] non-critical missing fields: ['return_on_equity']
2026-09-08 07:55:23,542 [INFO] src.cleaning: [EICHERMOT.NS] non-critical missing fields: ['return_on_equity']
2026-09-08 07:55:23,542 [INFO] src.cleaning: [EMAMILTD.NS] non-critical missing fields: ['return_on_equity']
2026-09-08 07:55:23,542 [INFO] src.cleaning: [ENDURANCE.NS] non-critical missing fields: ['return_on_equity']
2026-09-08 07:55:23,542 [INFO] src.cleaning: [EXIDEIND.NS] non-critical missing fields: ['return_on_equity']
2026-09-08 07:55:23,542 [INFO] src.cleaning: [FEDERALBNK.NS] non-critical missing fields: ['ev_to_ebitda', 'return_on_equity', 'debt_to_equity']
2026-09-08 07:55:23,542 [INFO] src.cleaning: [FORTIS.NS] non-critical missing fields: ['return_on_equity']
2026-09-08 07:55:23,542 [INFO] src.cleaning: [GAIL.NS] non-critical missing fields: ['return_on_equity']
2026-09-08 07:55:23,542 [INFO] src.cleaning: [GHCL.NS] non-critical missing fields: ['return_on_equity']
2026-09-08 07:55:23,542 [INFO] src.cleaning: [GICRE.NS] non-critical missing fields: ['ev_to_ebitda', 'debt_to_equity']
2026-09-08 07:55:23,542 [INFO] src.cleaning: [GILLETTE.NS] non-critical missing fields: ['return_on_equity']
2026-09-08 07:55:23,543 [INFO] src.cleaning: [GLAND.NS] non-critical missing fields: ['return_on_equity']
2026-09-08 07:55:23,543 [INFO] src.cleaning: [GLENMARK.NS] non-critical missing fields: ['return_on_equity']
2026-09-08 07:55:23,543 [WARNING] src.cleaning: [GMRAIRPORT.NS] negative/zero equity — DuPont ROE math will be invalid downstream
2026-09-08 07:55:23,543 [INFO] src.cleaning: [GMRAIRPORT.NS] non-critical missing fields: ['return_on_equity', 'debt_to_equity']
2026-09-08 07:55:23,543 [INFO] src.cleaning: [GNFC.NS] non-critical missing fields: ['return_on_equity']
2026-09-08 07:55:23,543 [INFO] src.cleaning: [GODREJCP.NS] non-critical missing fields: ['return_on_equity']
2026-09-08 07:55:23,543 [INFO] src.cleaning: [GODREJPROP.NS] non-critical missing fields: ['return_on_equity']
2026-09-08 07:55:23,543 [INFO] src.cleaning: [GRINDWELL.NS] non-critical missing fields: ['return_on_equity']
2026-09-08 07:55:23,543 [INFO] src.cleaning: [HAL.NS] non-critical missing fields: ['return_on_equity']
2026-09-08 07:55:23,543 [INFO] src.cleaning: [HAVELLS.NS] non-critical missing fields: ['return_on_equity']
2026-09-08 07:55:23,543 [WARNING] src.cleaning: [HCLTECH.NS] outlier values flagged: ['ev_to_ebitda']
2026-09-08 07:55:23,543 [INFO] src.cleaning: [HDFCBANK.NS] non-critical missing fields: ['ev_to_ebitda', 'debt_to_equity']
2026-09-08 07:55:23,543 [INFO] src.cleaning: [HEIDELBERG.NS] non-critical missing fields: ['return_on_equity']
2026-09-08 07:55:23,543 [INFO] src.cleaning: [HEROMOTOCO.NS] non-critical missing fields: ['return_on_equity']
2026-09-08 07:55:23,543 [INFO] src.cleaning: [HINDALCO.NS] non-critical missing fields: ['return_on_equity']
2026-09-08 07:55:23,543 [INFO] src.cleaning: [HINDCOPPER.NS] non-critical missing fields: ['return_on_equity']
2026-09-08 07:55:23,543 [INFO] src.cleaning: [HINDUNILVR.NS] non-critical missing fields: ['return_on_equity']
2026-09-08 07:55:23,543 [INFO] src.cleaning: [HINDZINC.NS] non-critical missing fields: ['return_on_equity']
2026-09-08 07:55:23,543 [INFO] src.cleaning: [HUDCO.NS] non-critical missing fields: ['ev_to_ebitda', 'return_on_equity']
2026-09-08 07:55:23,543 [INFO] src.cleaning: [ICICIBANK.NS] non-critical missing fields: ['ev_to_ebitda', 'debt_to_equity']
2026-09-08 07:55:23,543 [INFO] src.cleaning: [ICICIGI.NS] non-critical missing fields: ['debt_to_equity']
2026-09-08 07:55:23,544 [WARNING] src.cleaning: [IDEA.NS] negative/zero equity — DuPont ROE math will be invalid downstream
2026-09-08 07:55:23,544 [INFO] src.cleaning: [IDEA.NS] non-critical missing fields: ['return_on_equity', 'debt_to_equity']
2026-09-08 07:55:23,544 [INFO] src.cleaning: [IDFCFIRSTB.NS] non-critical missing fields: ['ev_to_ebitda', 'return_on_equity', 'debt_to_equity', 'total_debt']
2026-09-08 07:55:23,544 [INFO] src.cleaning: [INDIGO.NS] non-critical missing fields: ['trailing_pe', 'return_on_equity']
2026-09-08 07:55:23,544 [INFO] src.cleaning: [INDUSINDBK.NS] non-critical missing fields: ['ev_to_ebitda', 'return_on_equity', 'debt_to_equity']
2026-09-08 07:55:23,544 [WARNING] src.cleaning: [INFY.NS] outlier values flagged: ['ev_to_ebitda']
2026-09-08 07:55:23,544 [INFO] src.cleaning: [IOB.NS] non-critical missing fields: ['ev_to_ebitda', 'debt_to_equity']
2026-09-08 07:55:23,544 [INFO] src.cleaning: [IPCALAB.NS] non-critical missing fields: ['return_on_equity']
2026-09-08 07:55:23,544 [INFO] src.cleaning: [IRCON.NS] non-critical missing fields: ['return_on_equity']
2026-09-08 07:55:23,544 [INFO] src.cleaning: [IRCTC.NS] non-critical missing fields: ['return_on_equity']
2026-09-08 07:55:23,544 [INFO] src.cleaning: [IRFC.NS] non-critical missing fields: ['ev_to_ebitda', 'return_on_equity']
2026-09-08 07:55:23,544 [INFO] src.cleaning: [ITC.NS] non-critical missing fields: ['return_on_equity']
2026-09-08 07:55:23,544 [INFO] src.cleaning: [JINDALSTEL.NS] non-critical missing fields: ['return_on_equity']
2026-09-08 07:55:23,544 [INFO] src.cleaning: [JKCEMENT.NS] non-critical missing fields: ['return_on_equity']
2026-09-08 07:55:23,544 [INFO] src.cleaning: [JSL.NS] non-critical missing fields: ['return_on_equity']
2026-09-08 07:55:23,544 [INFO] src.cleaning: [JSWSTEEL.NS] non-critical missing fields: ['return_on_equity']
2026-09-08 07:55:23,544 [INFO] src.cleaning: [KAJARIACER.NS] non-critical missing fields: ['return_on_equity']
2026-09-08 07:55:23,544 [INFO] src.cleaning: [KEI.NS] non-critical missing fields: ['return_on_equity']
2026-09-08 07:55:23,544 [INFO] src.cleaning: [KOTAKBANK.NS] non-critical missing fields: ['ev_to_ebitda', 'return_on_equity', 'debt_to_equity']
2026-09-08 07:55:23,545 [INFO] src.cleaning: [KPITTECH.NS] non-critical missing fields: ['return_on_equity']
2026-09-08 07:55:23,545 [INFO] src.cleaning: [LALPATHLAB.NS] non-critical missing fields: ['return_on_equity']
2026-09-08 07:55:23,545 [INFO] src.cleaning: [LAURUSLABS.NS] non-critical missing fields: ['return_on_equity']
2026-09-08 07:55:23,545 [INFO] src.cleaning: [LICHSGFIN.NS] non-critical missing fields: ['ev_to_ebitda', 'return_on_equity']
2026-09-08 07:55:23,545 [INFO] src.cleaning: [LICI.NS] non-critical missing fields: ['return_on_equity']
2026-09-08 07:55:23,545 [INFO] src.cleaning: [LTTS.NS] non-critical missing fields: ['return_on_equity']
2026-09-08 07:55:23,545 [INFO] src.cleaning: [LT.NS] non-critical missing fields: ['return_on_equity']
2026-09-08 07:55:23,545 [INFO] src.cleaning: [LUPIN.NS] non-critical missing fields: ['return_on_equity']
2026-09-08 07:55:23,545 [INFO] src.cleaning: [M&M.NS] non-critical missing fields: ['return_on_equity']
2026-09-08 07:55:23,545 [INFO] src.cleaning: [MANAPPURAM.NS] non-critical missing fields: ['ev_to_ebitda', 'return_on_equity']
2026-09-08 07:55:23,545 [INFO] src.cleaning: [MARICO.NS] non-critical missing fields: ['return_on_equity']
2026-09-08 07:55:23,545 [INFO] src.cleaning: [MARUTI.NS] non-critical missing fields: ['return_on_equity']
2026-09-08 07:55:23,545 [INFO] src.cleaning: [MAZDOCK.NS] non-critical missing fields: ['return_on_equity']
2026-09-08 07:55:23,545 [INFO] src.cleaning: [METROPOLIS.NS] non-critical missing fields: ['return_on_equity']
2026-09-08 07:55:23,545 [INFO] src.cleaning: [MOTHERSON.NS] non-critical missing fields: ['return_on_equity']
2026-09-08 07:55:23,545 [INFO] src.cleaning: [MRF.NS] non-critical missing fields: ['return_on_equity']
2026-09-08 07:55:23,545 [INFO] src.cleaning: [MUTHOOTFIN.NS] non-critical missing fields: ['ev_to_ebitda']
2026-09-08 07:55:23,545 [INFO] src.cleaning: [NATIONALUM.NS] non-critical missing fields: ['return_on_equity']
2026-09-08 07:55:23,545 [INFO] src.cleaning: [NAVINFLUOR.NS] non-critical missing fields: ['return_on_equity']
2026-09-08 07:55:23,546 [INFO] src.cleaning: [NBCC.NS] non-critical missing fields: ['return_on_equity']
2026-09-08 07:55:23,546 [INFO] src.cleaning: [NCC.NS] non-critical missing fields: ['return_on_equity']
2026-09-08 07:55:23,546 [INFO] src.cleaning: [NESTLEIND.NS] non-critical missing fields: ['return_on_equity']
2026-09-08 07:55:23,546 [INFO] src.cleaning: [NMDC.NS] non-critical missing fields: ['return_on_equity']
2026-09-08 07:55:23,546 [INFO] src.cleaning: [NTPC.NS] non-critical missing fields: ['return_on_equity']
2026-09-08 07:55:23,546 [INFO] src.cleaning: [OBEROIRLTY.NS] non-critical missing fields: ['return_on_equity']
2026-09-08 07:55:23,546 [INFO] src.cleaning: [ONGC.NS] non-critical missing fields: ['return_on_equity']
2026-09-08 07:55:23,546 [INFO] src.cleaning: [PAGEIND.NS] non-critical missing fields: ['return_on_equity']
2026-09-08 07:55:23,546 [INFO] src.cleaning: [PFC.NS] non-critical missing fields: ['ev_to_ebitda', 'return_on_equity']
2026-09-08 07:55:23,546 [INFO] src.cleaning: [PGHH.NS] non-critical missing fields: ['return_on_equity']
2026-09-08 07:55:23,546 [INFO] src.cleaning: [PHOENIXLTD.NS] non-critical missing fields: ['return_on_equity']
2026-09-08 07:55:23,546 [INFO] src.cleaning: [PIDILITIND.NS] non-critical missing fields: ['return_on_equity']
2026-09-08 07:55:23,546 [INFO] src.cleaning: [PIIND.NS] non-critical missing fields: ['return_on_equity']
2026-09-08 07:55:23,546 [INFO] src.cleaning: [PNB.NS] non-critical missing fields: ['ev_to_ebitda', 'debt_to_equity']
2026-09-08 07:55:23,546 [INFO] src.cleaning: [POONAWALLA.NS] non-critical missing fields: ['ev_to_ebitda', 'return_on_equity']
2026-09-08 07:55:23,546 [INFO] src.cleaning: [POWERGRID.NS] non-critical missing fields: ['return_on_equity']
2026-09-08 07:55:23,546 [INFO] src.cleaning: [PVRINOX.NS] non-critical missing fields: ['return_on_equity']
2026-09-08 07:55:23,546 [INFO] src.cleaning: [RAMCOCEM.NS] non-critical missing fields: ['return_on_equity']
2026-09-08 07:55:23,546 [INFO] src.cleaning: [RATNAMANI.NS] non-critical missing fields: ['return_on_equity']
2026-09-08 07:55:23,547 [INFO] src.cleaning: [RBLBANK.NS] non-critical missing fields: ['ev_to_ebitda', 'return_on_equity', 'debt_to_equity']
2026-09-08 07:55:23,547 [INFO] src.cleaning: [RELAXO.NS] non-critical missing fields: ['return_on_equity']
2026-09-08 07:55:23,547 [INFO] src.cleaning: [RVNL.NS] non-critical missing fields: ['return_on_equity']
2026-09-08 07:55:23,547 [INFO] src.cleaning: [SAIL.NS] non-critical missing fields: ['return_on_equity']
2026-09-08 07:55:23,547 [INFO] src.cleaning: [SBICARD.NS] non-critical missing fields: ['ev_to_ebitda', 'return_on_equity']
2026-09-08 07:55:23,547 [INFO] src.cleaning: [SBILIFE.NS] non-critical missing fields: ['debt_to_equity']
2026-09-08 07:55:23,547 [INFO] src.cleaning: [SBIN.NS] non-critical missing fields: ['ev_to_ebitda', 'debt_to_equity']
2026-09-08 07:55:23,547 [INFO] src.cleaning: [SHREECEM.NS] non-critical missing fields: ['return_on_equity']
2026-09-08 07:55:23,547 [INFO] src.cleaning: [SHRIRAMFIN.NS] non-critical missing fields: ['ev_to_ebitda']
2026-09-08 07:55:23,547 [INFO] src.cleaning: [SIEMENS.NS] non-critical missing fields: ['return_on_equity']
2026-09-08 07:55:23,547 [INFO] src.cleaning: [SKFINDIA.NS] non-critical missing fields: ['return_on_equity']
2026-09-08 07:55:23,547 [INFO] src.cleaning: [SOBHA.NS] non-critical missing fields: ['return_on_equity']
2026-09-08 07:55:23,547 [INFO] src.cleaning: [SRF.NS] non-critical missing fields: ['return_on_equity']
2026-09-08 07:55:23,547 [INFO] src.cleaning: [SUNDRMFAST.NS] non-critical missing fields: ['return_on_equity']
2026-09-08 07:55:23,547 [INFO] src.cleaning: [SUNPHARMA.NS] non-critical missing fields: ['return_on_equity']
2026-09-08 07:55:23,547 [INFO] src.cleaning: [SUPREMEIND.NS] non-critical missing fields: ['return_on_equity']
2026-09-08 07:55:23,547 [INFO] src.cleaning: [TATACHEM.NS] non-critical missing fields: ['trailing_pe', 'return_on_equity']
2026-09-08 07:55:23,547 [INFO] src.cleaning: [TATACONSUM.NS] non-critical missing fields: ['return_on_equity']
2026-09-08 07:55:23,547 [INFO] src.cleaning: [TATAELXSI.NS] non-critical missing fields: ['return_on_equity']
2026-09-08 07:55:23,547 [INFO] src.cleaning: [TATAPOWER.NS] non-critical missing fields: ['return_on_equity']
2026-09-08 07:55:23,548 [INFO] src.cleaning: [TATASTEEL.NS] non-critical missing fields: ['return_on_equity']
2026-09-08 07:55:23,548 [INFO] src.cleaning: [TECHM.NS] non-critical missing fields: ['return_on_equity']
2026-09-08 07:55:23,548 [INFO] src.cleaning: [THERMAX.NS] non-critical missing fields: ['return_on_equity']
2026-09-08 07:55:23,548 [INFO] src.cleaning: [TIMKEN.NS] non-critical missing fields: ['return_on_equity']
2026-09-08 07:55:23,548 [INFO] src.cleaning: [TITAN.NS] non-critical missing fields: ['return_on_equity']
2026-09-08 07:55:23,548 [INFO] src.cleaning: [TMCV.NS] non-critical missing fields: ['return_on_equity']
2026-09-08 07:55:23,548 [INFO] src.cleaning: [TMPV.NS] non-critical missing fields: ['trailing_pe', 'return_on_equity']
2026-09-08 07:55:23,548 [INFO] src.cleaning: [TORNTPHARM.NS] non-critical missing fields: ['return_on_equity']
2026-09-08 07:55:23,548 [INFO] src.cleaning: [TORNTPOWER.NS] non-critical missing fields: ['return_on_equity']
2026-09-08 07:55:23,548 [INFO] src.cleaning: [TRENT.NS] non-critical missing fields: ['return_on_equity']
2026-09-08 07:55:23,548 [INFO] src.cleaning: [UCOBANK.NS] non-critical missing fields: ['ev_to_ebitda', 'debt_to_equity']
2026-09-08 07:55:23,548 [INFO] src.cleaning: [ULTRACEMCO.NS] non-critical missing fields: ['return_on_equity']
2026-09-08 07:55:23,548 [INFO] src.cleaning: [UNIONBANK.NS] non-critical missing fields: ['ev_to_ebitda', 'debt_to_equity', 'revenue_growth', 'total_debt']
2026-09-08 07:55:23,548 [INFO] src.cleaning: [UNITDSPR.NS] non-critical missing fields: ['return_on_equity']
2026-09-08 07:55:23,548 [INFO] src.cleaning: [UNOMINDA.NS] non-critical missing fields: ['return_on_equity']
2026-09-08 07:55:23,548 [INFO] src.cleaning: [UPL.NS] non-critical missing fields: ['return_on_equity']
2026-09-08 07:55:23,548 [INFO] src.cleaning: [VEDL.NS] non-critical missing fields: ['return_on_equity']
2026-09-08 07:55:23,548 [INFO] src.cleaning: [VOLTAS.NS] non-critical missing fields: ['return_on_equity']
2026-09-08 07:55:23,548 [INFO] src.cleaning: [WELCORP.NS] non-critical missing fields: ['return_on_equity']
2026-09-08 07:55:23,548 [INFO] src.cleaning: [WHIRLPOOL.NS] non-critical missing fields: ['return_on_equity']
2026-09-08 07:55:23,549 [INFO] src.cleaning: [ZEEL.NS] non-critical missing fields: ['return_on_equity']
2026-09-08 07:55:23,556 [INFO] src.cleaning: Cleaned 191/201 tickers -> data/processed/cleaned_universe.csv
2026-09-08 07:55:23,556 [INFO] src.cleaning: Full flag audit trail -> data/processed/cleaning_flags.csv
2026-09-08 07:55:23,557 [INFO] __main__: Cleaning validation passed: 191/201 tickers retained (95%)
2026-09-08 07:55:23,557 [INFO] __main__: === Stage 3/8: Scoring ===
2026-09-08 07:55:23,617 [INFO] src.scoring: Scored 191 companies -> data/processed/scored_universe.csv
2026-09-08 07:55:23,617 [INFO] src.scoring: Top 10 shortlist -> data/processed/shortlist_top_n.csv
2026-09-08 07:55:23,618 [WARNING] src.scoring: 24 companies scored on fewer than all 4 buckets (reweighted, not zero-filled) — see 'buckets_used' column: ['UNIONBANK.NS', 'IOB.NS', 'BANKINDIA.NS', 'CANBK.NS', 'PNB.NS', 'ICICIGI.NS', 'IDEA.NS', 'GICRE.NS', 'UCOBANK.NS', 'FEDERALBNK.NS', 'BANKBARODA.NS', 'AXISBANK.NS', 'SBIN.NS', 'ICICIBANK.NS', 'CENTRALBK.NS', 'KOTAKBANK.NS', 'SBILIFE.NS', 'HDFCBANK.NS', 'BANDHANBNK.NS', 'AUBANK.NS', 'IDFCFIRSTB.NS', 'GMRAIRPORT.NS', 'RBLBANK.NS', 'INDUSINDBK.NS']
2026-09-08 07:55:23,620 [INFO] __main__: Scoring validation passed: 191 companies ranked, all scores in valid range
2026-09-08 07:55:23,620 [INFO] __main__: === Stage 4/8: Comps + DuPont ===
2026-09-08 07:55:23,631 [INFO] src.comps_dupont: Comps + DuPont report for top 10 -> data/processed/comps_dupont_report.csv
2026-09-08 07:55:23,632 [WARNING] src.comps_dupont: 1 companies have a DuPont-implied ROE that diverges >5pp from reported ROE (possible data inconsistency, worth a manual check): ['IOB.NS']
2026-09-08 07:55:23,632 [INFO] __main__: === Stage 5/8: Explainability ===
2026-09-08 07:55:23,669 [INFO] src.explainability: Explanations for top 10 companies -> data/processed/explanations.csv
2026-09-08 07:55:23,669 [INFO] __main__: === Stage 6/8: Baseline Comparison ===
2026-09-08 07:55:23,676 [INFO] src.baseline_comparison: Baseline comparison -> data/processed/baseline_comparison.csv
2026-09-08 07:55:23,676 [INFO] __main__: === Stage 7/8: Acquisition Likelihood ===
2026-09-08 07:55:23,679 [INFO] src.acquisition_likelihood: 2 companies excluded from acquisition-likelihood scoring (negative/zero equity — financial distress, not a value-target thesis): ['IDEA.NS', 'GMRAIRPORT.NS']
2026-09-08 07:55:23,689 [INFO] src.acquisition_likelihood: Acquisition likelihood scoring -> data/processed/acquisition_likelihood.csv
2026-09-08 07:55:23,690 [INFO] __main__: === Stage 8/8: Historical Snapshot ===
2026-09-08 07:55:23,697 [INFO] src.history_tracker: Recorded shortlist snapshot for 2026-09-08 (10 companies) -> data/history/shortlist_history.csv (5 distinct days tracked so far)
2026-09-08 07:55:23,702 [INFO] src.history_tracker: Recorded acquisition-likelihood snapshot for 2026-09-08 (10 companies) -> data/history/acquisition_likelihood_history.csv (5 distinct days tracked so far)
2026-09-08 07:55:23,702 [INFO] __main__: === Pipeline completed successfully ===
2026-09-08 07:55:23,702 [INFO] __main__:   ingestion: {'total': 201, 'ok': 200}
2026-09-08 07:55:23,702 [INFO] __main__:   cleaning: {'retained': 191, 'input': 201}
2026-09-08 07:55:23,702 [INFO] __main__:   scoring: {'ranked': 191}
2026-09-08 07:55:23,702 [INFO] __main__:   comps_dupont: {'companies': 10}
2026-09-08 07:55:23,702 [INFO] __main__:   explainability: {'companies': 10}
2026-09-08 07:55:23,703 [INFO] __main__:   baseline_comparison: {'correlation': np.float64(0.48613069001268894), 'overlap_pct': 0.1}
2026-09-08 07:55:23,703 [INFO] __main__:   acquisition_likelihood: {'companies': 10}
2026-09-08 07:55:23,703 [INFO] __main__:   history_tracker: {'recorded': True}
