2026-08-23 03:50:22,338 [INFO] __main__: Logging to file: logs/pipeline_run_2026-08-23T03-50-22Z.log
2026-08-23 03:50:22,338 [INFO] __main__: === Stage 1/8: Ingestion ===
2026-08-23 03:50:22,370 [INFO] src.ingestion: [ACC.NS] fetching fresh data
2026-08-23 03:50:23,519 [INFO] src.ingestion: [AMBUJACEM.NS] fetching fresh data
2026-08-23 03:50:24,428 [INFO] src.ingestion: [ULTRACEMCO.NS] fetching fresh data
2026-08-23 03:50:25,315 [INFO] src.ingestion: [SHREECEM.NS] fetching fresh data
2026-08-23 03:50:26,205 [INFO] src.ingestion: [JKCEMENT.NS] fetching fresh data
2026-08-23 03:50:27,146 [INFO] src.ingestion: [RAMCOCEM.NS] fetching fresh data
2026-08-23 03:50:28,030 [INFO] src.ingestion: [HEIDELBERG.NS] fetching fresh data
2026-08-23 03:50:29,021 [INFO] src.ingestion: [DALBHARAT.NS] fetching fresh data
2026-08-23 03:50:29,927 [INFO] src.ingestion: [INFY.NS] fetching fresh data
2026-08-23 03:50:30,961 [INFO] src.ingestion: [TCS.NS] fetching fresh data
2026-08-23 03:50:31,859 [INFO] src.ingestion: [WIPRO.NS] fetching fresh data
2026-08-23 03:50:32,783 [INFO] src.ingestion: [HCLTECH.NS] fetching fresh data
2026-08-23 03:50:33,676 [INFO] src.ingestion: [TECHM.NS] fetching fresh data
2026-08-23 03:50:34,605 [INFO] src.ingestion: [LTIM.NS] fetching fresh data
2026-08-23 03:50:34,757 [ERROR] yfinance: HTTP Error 404: {"quoteSummary":{"result":null,"error":{"code":"Not Found","description":"Quote not found for symbol: LTIM.NS"}}}
2026-08-23 03:50:34,847 [WARNING] src.ingestion: [LTIM.NS] attempt 1 failed: yfinance returned an empty info payload for LTIM.NS (no exception, but no usable data — likely a transient Yahoo-side issue or an invalid/delisted symbol)
2026-08-23 03:50:36,996 [ERROR] yfinance: HTTP Error 404: {"quoteSummary":{"result":null,"error":{"code":"Not Found","description":"Quote not found for symbol: LTIM.NS"}}}
2026-08-23 03:50:37,038 [WARNING] src.ingestion: [LTIM.NS] attempt 2 failed: yfinance returned an empty info payload for LTIM.NS (no exception, but no usable data — likely a transient Yahoo-side issue or an invalid/delisted symbol)
2026-08-23 03:50:41,192 [ERROR] yfinance: HTTP Error 404: {"quoteSummary":{"result":null,"error":{"code":"Not Found","description":"Quote not found for symbol: LTIM.NS"}}}
2026-08-23 03:50:41,232 [WARNING] src.ingestion: [LTIM.NS] attempt 3 failed: yfinance returned an empty info payload for LTIM.NS (no exception, but no usable data — likely a transient Yahoo-side issue or an invalid/delisted symbol)
2026-08-23 03:50:41,633 [INFO] src.ingestion: [PERSISTENT.NS] fetching fresh data
2026-08-23 03:50:42,508 [INFO] src.ingestion: [COFORGE.NS] fetching fresh data
2026-08-23 03:50:43,393 [INFO] src.ingestion: [MPHASIS.NS] fetching fresh data
2026-08-23 03:50:44,213 [INFO] src.ingestion: [LTTS.NS] fetching fresh data
2026-08-23 03:50:45,046 [INFO] src.ingestion: [TATAELXSI.NS] fetching fresh data
2026-08-23 03:50:45,998 [INFO] src.ingestion: [CYIENT.NS] fetching fresh data
2026-08-23 03:50:46,839 [INFO] src.ingestion: [KPITTECH.NS] fetching fresh data
2026-08-23 03:50:47,686 [INFO] src.ingestion: [HDFCBANK.NS] fetching fresh data
2026-08-23 03:50:48,483 [INFO] src.ingestion: [ICICIBANK.NS] fetching fresh data
2026-08-23 03:50:49,315 [INFO] src.ingestion: [SBIN.NS] fetching fresh data
2026-08-23 03:50:50,149 [INFO] src.ingestion: [AXISBANK.NS] fetching fresh data
2026-08-23 03:50:50,905 [INFO] src.ingestion: [KOTAKBANK.NS] fetching fresh data
2026-08-23 03:50:51,789 [INFO] src.ingestion: [INDUSINDBK.NS] fetching fresh data
2026-08-23 03:50:52,628 [INFO] src.ingestion: [FEDERALBNK.NS] fetching fresh data
2026-08-23 03:50:53,519 [INFO] src.ingestion: [BANDHANBNK.NS] fetching fresh data
2026-08-23 03:50:54,342 [INFO] src.ingestion: [IDFCFIRSTB.NS] fetching fresh data
2026-08-23 03:50:55,133 [INFO] src.ingestion: [PNB.NS] fetching fresh data
2026-08-23 03:50:56,032 [INFO] src.ingestion: [BANKBARODA.NS] fetching fresh data
2026-08-23 03:50:56,822 [INFO] src.ingestion: [CANBK.NS] fetching fresh data
2026-08-23 03:50:57,689 [INFO] src.ingestion: [UNIONBANK.NS] fetching fresh data
2026-08-23 03:50:58,602 [INFO] src.ingestion: [AUBANK.NS] fetching fresh data
2026-08-23 03:50:59,434 [INFO] src.ingestion: [RBLBANK.NS] fetching fresh data
2026-08-23 03:51:00,293 [INFO] src.ingestion: [BANKINDIA.NS] fetching fresh data
2026-08-23 03:51:01,191 [INFO] src.ingestion: [CENTRALBK.NS] fetching fresh data
2026-08-23 03:51:01,977 [INFO] src.ingestion: [IOB.NS] fetching fresh data
2026-08-23 03:51:02,867 [INFO] src.ingestion: [UCOBANK.NS] fetching fresh data
2026-08-23 03:51:03,677 [INFO] src.ingestion: [BAJFINANCE.NS] fetching fresh data
2026-08-23 03:51:04,456 [INFO] src.ingestion: [BAJAJFINSV.NS] fetching fresh data
2026-08-23 03:51:05,377 [INFO] src.ingestion: [CHOLAFIN.NS] fetching fresh data
2026-08-23 03:51:06,287 [INFO] src.ingestion: [MUTHOOTFIN.NS] fetching fresh data
2026-08-23 03:51:07,059 [INFO] src.ingestion: [LICHSGFIN.NS] fetching fresh data
2026-08-23 03:51:07,889 [INFO] src.ingestion: [SHRIRAMFIN.NS] fetching fresh data
2026-08-23 03:51:08,869 [INFO] src.ingestion: [PFC.NS] fetching fresh data
2026-08-23 03:51:09,744 [INFO] src.ingestion: [RECLTD.NS] fetching fresh data
2026-08-23 03:51:10,672 [INFO] src.ingestion: [IRFC.NS] fetching fresh data
2026-08-23 03:51:11,594 [INFO] src.ingestion: [HUDCO.NS] fetching fresh data
2026-08-23 03:51:12,390 [INFO] src.ingestion: [BAJAJHLDNG.NS] fetching fresh data
2026-08-23 03:51:13,210 [INFO] src.ingestion: [SBICARD.NS] fetching fresh data
2026-08-23 03:51:13,974 [INFO] src.ingestion: [MANAPPURAM.NS] fetching fresh data
2026-08-23 03:51:14,816 [INFO] src.ingestion: [POONAWALLA.NS] fetching fresh data
2026-08-23 03:51:15,738 [INFO] src.ingestion: [HDFCLIFE.NS] fetching fresh data
2026-08-23 03:51:16,552 [INFO] src.ingestion: [SBILIFE.NS] fetching fresh data
2026-08-23 03:51:17,464 [INFO] src.ingestion: [ICICIPRULI.NS] fetching fresh data
2026-08-23 03:51:18,292 [INFO] src.ingestion: [ICICIGI.NS] fetching fresh data
2026-08-23 03:51:19,175 [INFO] src.ingestion: [LICI.NS] fetching fresh data
2026-08-23 03:51:20,099 [INFO] src.ingestion: [GICRE.NS] fetching fresh data
2026-08-23 03:51:21,019 [INFO] src.ingestion: [MARUTI.NS] fetching fresh data
2026-08-23 03:51:21,990 [INFO] src.ingestion: [TMPV.NS] fetching fresh data
2026-08-23 03:51:22,911 [INFO] src.ingestion: [TMCV.NS] fetching fresh data
2026-08-23 03:51:23,686 [INFO] src.ingestion: [M&M.NS] fetching fresh data
2026-08-23 03:51:24,570 [INFO] src.ingestion: [EICHERMOT.NS] fetching fresh data
2026-08-23 03:51:25,513 [INFO] src.ingestion: [HEROMOTOCO.NS] fetching fresh data
2026-08-23 03:51:26,397 [INFO] src.ingestion: [BAJAJ-AUTO.NS] fetching fresh data
2026-08-23 03:51:27,309 [INFO] src.ingestion: [TVSMOTOR.NS] fetching fresh data
2026-08-23 03:51:28,196 [INFO] src.ingestion: [ASHOKLEY.NS] fetching fresh data
2026-08-23 03:51:29,050 [INFO] src.ingestion: [BHARATFORG.NS] fetching fresh data
2026-08-23 03:51:29,906 [INFO] src.ingestion: [MOTHERSON.NS] fetching fresh data
2026-08-23 03:51:30,899 [INFO] src.ingestion: [BOSCHLTD.NS] fetching fresh data
2026-08-23 03:51:31,888 [INFO] src.ingestion: [MRF.NS] fetching fresh data
2026-08-23 03:51:32,722 [INFO] src.ingestion: [ENDURANCE.NS] fetching fresh data
2026-08-23 03:51:33,622 [INFO] src.ingestion: [EXIDEIND.NS] fetching fresh data
2026-08-23 03:51:34,477 [INFO] src.ingestion: [ARE&M.NS] fetching fresh data
2026-08-23 03:51:35,354 [INFO] src.ingestion: [SUNDRMFAST.NS] fetching fresh data
2026-08-23 03:51:36,267 [INFO] src.ingestion: [UNOMINDA.NS] fetching fresh data
2026-08-23 03:51:37,199 [INFO] src.ingestion: [SUNPHARMA.NS] fetching fresh data
2026-08-23 03:51:38,164 [INFO] src.ingestion: [DRREDDY.NS] fetching fresh data
2026-08-23 03:51:39,113 [INFO] src.ingestion: [CIPLA.NS] fetching fresh data
2026-08-23 03:51:40,010 [INFO] src.ingestion: [DIVISLAB.NS] fetching fresh data
2026-08-23 03:51:40,855 [INFO] src.ingestion: [LUPIN.NS] fetching fresh data
2026-08-23 03:51:41,709 [INFO] src.ingestion: [AUROPHARMA.NS] fetching fresh data
2026-08-23 03:51:42,599 [INFO] src.ingestion: [BIOCON.NS] fetching fresh data
2026-08-23 03:51:43,596 [INFO] src.ingestion: [TORNTPHARM.NS] fetching fresh data
2026-08-23 03:51:44,553 [INFO] src.ingestion: [ALKEM.NS] fetching fresh data
2026-08-23 03:51:45,500 [INFO] src.ingestion: [ABBOTINDIA.NS] fetching fresh data
2026-08-23 03:51:46,302 [INFO] src.ingestion: [APOLLOHOSP.NS] fetching fresh data
2026-08-23 03:51:47,119 [INFO] src.ingestion: [FORTIS.NS] fetching fresh data
2026-08-23 03:51:47,983 [INFO] src.ingestion: [LALPATHLAB.NS] fetching fresh data
2026-08-23 03:51:48,900 [INFO] src.ingestion: [METROPOLIS.NS] fetching fresh data
2026-08-23 03:51:49,898 [INFO] src.ingestion: [GLAND.NS] fetching fresh data
2026-08-23 03:51:50,779 [INFO] src.ingestion: [LAURUSLABS.NS] fetching fresh data
2026-08-23 03:51:51,678 [INFO] src.ingestion: [GLENMARK.NS] fetching fresh data
2026-08-23 03:51:52,603 [INFO] src.ingestion: [IPCALAB.NS] fetching fresh data
2026-08-23 03:51:53,439 [INFO] src.ingestion: [HINDUNILVR.NS] fetching fresh data
2026-08-23 03:51:54,217 [INFO] src.ingestion: [ITC.NS] fetching fresh data
2026-08-23 03:51:55,190 [INFO] src.ingestion: [NESTLEIND.NS] fetching fresh data
2026-08-23 03:51:56,126 [INFO] src.ingestion: [BRITANNIA.NS] fetching fresh data
2026-08-23 03:51:57,028 [INFO] src.ingestion: [DABUR.NS] fetching fresh data
2026-08-23 03:51:57,928 [INFO] src.ingestion: [GODREJCP.NS] fetching fresh data
2026-08-23 03:51:58,729 [INFO] src.ingestion: [MARICO.NS] fetching fresh data
2026-08-23 03:51:59,735 [INFO] src.ingestion: [COLPAL.NS] fetching fresh data
2026-08-23 03:52:00,759 [INFO] src.ingestion: [TATACONSUM.NS] fetching fresh data
2026-08-23 03:52:01,647 [INFO] src.ingestion: [VBL.NS] fetching fresh data
2026-08-23 03:52:02,622 [INFO] src.ingestion: [UNITDSPR.NS] fetching fresh data
2026-08-23 03:52:03,502 [INFO] src.ingestion: [EMAMILTD.NS] fetching fresh data
2026-08-23 03:52:04,344 [INFO] src.ingestion: [TATASTEEL.NS] fetching fresh data
2026-08-23 03:52:05,372 [INFO] src.ingestion: [JSWSTEEL.NS] fetching fresh data
2026-08-23 03:52:06,193 [INFO] src.ingestion: [HINDALCO.NS] fetching fresh data
2026-08-23 03:52:07,035 [INFO] src.ingestion: [VEDL.NS] fetching fresh data
2026-08-23 03:52:07,958 [INFO] src.ingestion: [COALINDIA.NS] fetching fresh data
2026-08-23 03:52:08,821 [INFO] src.ingestion: [NMDC.NS] fetching fresh data
2026-08-23 03:52:09,781 [INFO] src.ingestion: [SAIL.NS] fetching fresh data
2026-08-23 03:52:10,683 [INFO] src.ingestion: [JINDALSTEL.NS] fetching fresh data
2026-08-23 03:52:11,725 [INFO] src.ingestion: [APLAPOLLO.NS] fetching fresh data
2026-08-23 03:52:12,594 [INFO] src.ingestion: [NATIONALUM.NS] fetching fresh data
2026-08-23 03:52:13,546 [INFO] src.ingestion: [HINDCOPPER.NS] fetching fresh data
2026-08-23 03:52:14,538 [INFO] src.ingestion: [RATNAMANI.NS] fetching fresh data
2026-08-23 03:52:15,481 [INFO] src.ingestion: [HINDZINC.NS] fetching fresh data
2026-08-23 03:52:16,475 [INFO] src.ingestion: [WELCORP.NS] fetching fresh data
2026-08-23 03:52:17,394 [INFO] src.ingestion: [JSL.NS] fetching fresh data
2026-08-23 03:52:18,306 [INFO] src.ingestion: [RELIANCE.NS] fetching fresh data
2026-08-23 03:52:19,172 [INFO] src.ingestion: [ONGC.NS] fetching fresh data
2026-08-23 03:52:20,195 [INFO] src.ingestion: [BPCL.NS] fetching fresh data
2026-08-23 03:52:21,083 [INFO] src.ingestion: [IOC.NS] fetching fresh data
2026-08-23 03:52:21,994 [INFO] src.ingestion: [GAIL.NS] fetching fresh data
2026-08-23 03:52:22,888 [INFO] src.ingestion: [NTPC.NS] fetching fresh data
2026-08-23 03:52:23,776 [INFO] src.ingestion: [POWERGRID.NS] fetching fresh data
2026-08-23 03:52:24,637 [INFO] src.ingestion: [TATAPOWER.NS] fetching fresh data
2026-08-23 03:52:25,574 [INFO] src.ingestion: [ADANIGREEN.NS] fetching fresh data
2026-08-23 03:52:26,412 [INFO] src.ingestion: [ADANIPOWER.NS] fetching fresh data
2026-08-23 03:52:27,241 [INFO] src.ingestion: [TORNTPOWER.NS] fetching fresh data
2026-08-23 03:52:28,089 [INFO] src.ingestion: [LT.NS] fetching fresh data
2026-08-23 03:52:29,178 [INFO] src.ingestion: [SIEMENS.NS] fetching fresh data
2026-08-23 03:52:30,085 [INFO] src.ingestion: [ABB.NS] fetching fresh data
2026-08-23 03:52:30,972 [INFO] src.ingestion: [HAL.NS] fetching fresh data
2026-08-23 03:52:31,869 [INFO] src.ingestion: [BEL.NS] fetching fresh data
2026-08-23 03:52:32,798 [INFO] src.ingestion: [BHEL.NS] fetching fresh data
2026-08-23 03:52:33,678 [INFO] src.ingestion: [CUMMINSIND.NS] fetching fresh data
2026-08-23 03:52:34,478 [INFO] src.ingestion: [THERMAX.NS] fetching fresh data
2026-08-23 03:52:35,344 [INFO] src.ingestion: [POLYCAB.NS] fetching fresh data
2026-08-23 03:52:36,216 [INFO] src.ingestion: [KEI.NS] fetching fresh data
2026-08-23 03:52:37,039 [INFO] src.ingestion: [HAVELLS.NS] fetching fresh data
2026-08-23 03:52:37,877 [INFO] src.ingestion: [CROMPTON.NS] fetching fresh data
2026-08-23 03:52:38,838 [INFO] src.ingestion: [SUPREMEIND.NS] fetching fresh data
2026-08-23 03:52:39,681 [INFO] src.ingestion: [ASTRAL.NS] fetching fresh data
2026-08-23 03:52:40,589 [INFO] src.ingestion: [GRINDWELL.NS] fetching fresh data
2026-08-23 03:52:41,446 [INFO] src.ingestion: [CARBORUNIV.NS] fetching fresh data
2026-08-23 03:52:42,363 [INFO] src.ingestion: [TIMKEN.NS] fetching fresh data
2026-08-23 03:52:43,486 [INFO] src.ingestion: [SKFINDIA.NS] fetching fresh data
2026-08-23 03:52:44,372 [INFO] src.ingestion: [SRF.NS] fetching fresh data
2026-08-23 03:52:45,249 [INFO] src.ingestion: [PIIND.NS] fetching fresh data
2026-08-23 03:52:46,243 [INFO] src.ingestion: [DEEPAKNTR.NS] fetching fresh data
2026-08-23 03:52:47,159 [INFO] src.ingestion: [AARTIIND.NS] fetching fresh data
2026-08-23 03:52:48,136 [INFO] src.ingestion: [NAVINFLUOR.NS] fetching fresh data
2026-08-23 03:52:48,965 [INFO] src.ingestion: [UPL.NS] fetching fresh data
2026-08-23 03:52:49,785 [INFO] src.ingestion: [COROMANDEL.NS] fetching fresh data
2026-08-23 03:52:50,716 [INFO] src.ingestion: [CHAMBLFERT.NS] fetching fresh data
2026-08-23 03:52:51,722 [INFO] src.ingestion: [GNFC.NS] fetching fresh data
2026-08-23 03:52:52,551 [INFO] src.ingestion: [PIDILITIND.NS] fetching fresh data
2026-08-23 03:52:53,401 [INFO] src.ingestion: [TATACHEM.NS] fetching fresh data
2026-08-23 03:52:54,193 [INFO] src.ingestion: [GHCL.NS] fetching fresh data
2026-08-23 03:52:55,011 [INFO] src.ingestion: [TITAN.NS] fetching fresh data
2026-08-23 03:52:55,956 [INFO] src.ingestion: [DMART.NS] fetching fresh data
2026-08-23 03:52:56,810 [INFO] src.ingestion: [TRENT.NS] fetching fresh data
2026-08-23 03:52:57,671 [INFO] src.ingestion: [BATAINDIA.NS] fetching fresh data
2026-08-23 03:52:58,594 [INFO] src.ingestion: [PAGEIND.NS] fetching fresh data
2026-08-23 03:52:59,559 [INFO] src.ingestion: [JUBLFOOD.NS] fetching fresh data
2026-08-23 03:53:00,398 [INFO] src.ingestion: [VOLTAS.NS] fetching fresh data
2026-08-23 03:53:01,207 [INFO] src.ingestion: [DIXON.NS] fetching fresh data
2026-08-23 03:53:02,099 [INFO] src.ingestion: [RELAXO.NS] fetching fresh data
2026-08-23 03:53:03,031 [INFO] src.ingestion: [KAJARIACER.NS] fetching fresh data
2026-08-23 03:53:03,978 [INFO] src.ingestion: [WHIRLPOOL.NS] fetching fresh data
2026-08-23 03:53:05,157 [INFO] src.ingestion: [BLUESTARCO.NS] fetching fresh data
2026-08-23 03:53:06,046 [INFO] src.ingestion: [PGHH.NS] fetching fresh data
2026-08-23 03:53:06,964 [INFO] src.ingestion: [GILLETTE.NS] fetching fresh data
2026-08-23 03:53:07,803 [INFO] src.ingestion: [BHARTIARTL.NS] fetching fresh data
2026-08-23 03:53:08,776 [INFO] src.ingestion: [IDEA.NS] fetching fresh data
2026-08-23 03:53:09,789 [INFO] src.ingestion: [INDUSTOWER.NS] fetching fresh data
2026-08-23 03:53:10,673 [INFO] src.ingestion: [PVRINOX.NS] fetching fresh data
2026-08-23 03:53:11,572 [INFO] src.ingestion: [ZEEL.NS] fetching fresh data
2026-08-23 03:53:12,447 [INFO] src.ingestion: [ADANIPORTS.NS] fetching fresh data
2026-08-23 03:53:13,300 [INFO] src.ingestion: [ADANIENT.NS] fetching fresh data
2026-08-23 03:53:14,193 [INFO] src.ingestion: [GMRAIRPORT.NS] fetching fresh data
2026-08-23 03:53:15,224 [INFO] src.ingestion: [CONCOR.NS] fetching fresh data
2026-08-23 03:53:16,197 [INFO] src.ingestion: [IRCTC.NS] fetching fresh data
2026-08-23 03:53:17,088 [INFO] src.ingestion: [INDIGO.NS] fetching fresh data
2026-08-23 03:53:17,886 [INFO] src.ingestion: [RVNL.NS] fetching fresh data
2026-08-23 03:53:18,688 [INFO] src.ingestion: [IRCON.NS] fetching fresh data
2026-08-23 03:53:19,602 [INFO] src.ingestion: [NBCC.NS] fetching fresh data
2026-08-23 03:53:20,535 [INFO] src.ingestion: [NCC.NS] fetching fresh data
2026-08-23 03:53:21,402 [INFO] src.ingestion: [MAZDOCK.NS] fetching fresh data
2026-08-23 03:53:22,230 [INFO] src.ingestion: [COCHINSHIP.NS] fetching fresh data
2026-08-23 03:53:23,206 [INFO] src.ingestion: [DLF.NS] fetching fresh data
2026-08-23 03:53:24,090 [INFO] src.ingestion: [GODREJPROP.NS] fetching fresh data
2026-08-23 03:53:24,947 [INFO] src.ingestion: [OBEROIRLTY.NS] fetching fresh data
2026-08-23 03:53:25,826 [INFO] src.ingestion: [PRESTIGE.NS] fetching fresh data
2026-08-23 03:53:26,672 [INFO] src.ingestion: [PHOENIXLTD.NS] fetching fresh data
2026-08-23 03:53:27,583 [INFO] src.ingestion: [SOBHA.NS] fetching fresh data
2026-08-23 03:53:28,462 [INFO] src.ingestion: Fetched 200/201 tickers successfully
2026-08-23 03:53:28,463 [WARNING] src.ingestion: Failed tickers (excluded from downstream, not silently zeroed): ['LTIM.NS']
2026-08-23 03:53:28,463 [INFO] __main__: Ingestion validation passed: 200/201 tickers (100%)
2026-08-23 03:53:28,463 [INFO] __main__: === Stage 2/8: Cleaning ===
2026-08-23 03:53:28,471 [WARNING] src.cleaning: [LTIM.NS] EXCLUDED: ingestion failed: yfinance returned an empty info payload for LTIM.NS (no exception, but no usable data — likely a transient Yahoo-side issue or an invalid/delisted symbol)
2026-08-23 03:53:28,471 [INFO] src.cleaning: [AARTIIND.NS] non-critical missing fields: ['return_on_equity']
2026-08-23 03:53:28,471 [INFO] src.cleaning: [ABBOTINDIA.NS] non-critical missing fields: ['return_on_equity']
2026-08-23 03:53:28,471 [INFO] src.cleaning: [ACC.NS] non-critical missing fields: ['return_on_equity']
2026-08-23 03:53:28,471 [INFO] src.cleaning: [ADANIENT.NS] non-critical missing fields: ['return_on_equity']
2026-08-23 03:53:28,472 [INFO] src.cleaning: [ADANIGREEN.NS] non-critical missing fields: ['return_on_equity']
2026-08-23 03:53:28,472 [INFO] src.cleaning: [ADANIPORTS.NS] non-critical missing fields: ['return_on_equity']
2026-08-23 03:53:28,472 [INFO] src.cleaning: [ADANIPOWER.NS] non-critical missing fields: ['return_on_equity']
2026-08-23 03:53:28,472 [INFO] src.cleaning: [ALKEM.NS] non-critical missing fields: ['return_on_equity']
2026-08-23 03:53:28,472 [INFO] src.cleaning: [AMBUJACEM.NS] non-critical missing fields: ['return_on_equity']
2026-08-23 03:53:28,472 [INFO] src.cleaning: [APLAPOLLO.NS] non-critical missing fields: ['return_on_equity']
2026-08-23 03:53:28,472 [INFO] src.cleaning: [APOLLOHOSP.NS] non-critical missing fields: ['return_on_equity']
2026-08-23 03:53:28,472 [INFO] src.cleaning: [ARE&M.NS] non-critical missing fields: ['return_on_equity']
2026-08-23 03:53:28,472 [INFO] src.cleaning: [ASHOKLEY.NS] non-critical missing fields: ['return_on_equity']
2026-08-23 03:53:28,472 [INFO] src.cleaning: [ASTRAL.NS] non-critical missing fields: ['return_on_equity']
2026-08-23 03:53:28,472 [INFO] src.cleaning: [AUBANK.NS] non-critical missing fields: ['ev_to_ebitda', 'return_on_equity', 'debt_to_equity']
2026-08-23 03:53:28,472 [INFO] src.cleaning: [AUROPHARMA.NS] non-critical missing fields: ['return_on_equity']
2026-08-23 03:53:28,472 [INFO] src.cleaning: [AXISBANK.NS] non-critical missing fields: ['ev_to_ebitda', 'debt_to_equity']
2026-08-23 03:53:28,472 [INFO] src.cleaning: [BAJAJ-AUTO.NS] non-critical missing fields: ['return_on_equity']
2026-08-23 03:53:28,472 [INFO] src.cleaning: [BAJAJFINSV.NS] non-critical missing fields: ['return_on_equity']
2026-08-23 03:53:28,472 [WARNING] src.cleaning: [BAJAJHLDNG.NS] outlier values flagged: ['net_margin']
2026-08-23 03:53:28,472 [INFO] src.cleaning: [BAJFINANCE.NS] non-critical missing fields: ['ev_to_ebitda', 'return_on_equity']
2026-08-23 03:53:28,472 [INFO] src.cleaning: [BANDHANBNK.NS] non-critical missing fields: ['ev_to_ebitda', 'return_on_equity', 'debt_to_equity']
2026-08-23 03:53:28,472 [INFO] src.cleaning: [BANKBARODA.NS] non-critical missing fields: ['ev_to_ebitda', 'debt_to_equity']
2026-08-23 03:53:28,472 [INFO] src.cleaning: [BANKINDIA.NS] non-critical missing fields: ['ev_to_ebitda', 'debt_to_equity']
2026-08-23 03:53:28,472 [INFO] src.cleaning: [BATAINDIA.NS] non-critical missing fields: ['return_on_equity']
2026-08-23 03:53:28,472 [INFO] src.cleaning: [BEL.NS] non-critical missing fields: ['return_on_equity']
2026-08-23 03:53:28,472 [INFO] src.cleaning: [BHARATFORG.NS] non-critical missing fields: ['return_on_equity']
2026-08-23 03:53:28,473 [INFO] src.cleaning: [BHEL.NS] non-critical missing fields: ['return_on_equity']
2026-08-23 03:53:28,473 [INFO] src.cleaning: [BIOCON.NS] non-critical missing fields: ['return_on_equity']
2026-08-23 03:53:28,473 [INFO] src.cleaning: [BLUESTARCO.NS] non-critical missing fields: ['return_on_equity']
2026-08-23 03:53:28,473 [INFO] src.cleaning: [BOSCHLTD.NS] non-critical missing fields: ['return_on_equity']
2026-08-23 03:53:28,473 [INFO] src.cleaning: [BPCL.NS] non-critical missing fields: ['return_on_equity']
2026-08-23 03:53:28,473 [INFO] src.cleaning: [BRITANNIA.NS] non-critical missing fields: ['return_on_equity']
2026-08-23 03:53:28,473 [INFO] src.cleaning: [CANBK.NS] non-critical missing fields: ['ev_to_ebitda', 'return_on_equity', 'debt_to_equity']
2026-08-23 03:53:28,473 [INFO] src.cleaning: [CARBORUNIV.NS] non-critical missing fields: ['return_on_equity']
2026-08-23 03:53:28,473 [INFO] src.cleaning: [CENTRALBK.NS] non-critical missing fields: ['ev_to_ebitda', 'debt_to_equity']
2026-08-23 03:53:28,473 [INFO] src.cleaning: [CHAMBLFERT.NS] non-critical missing fields: ['return_on_equity']
2026-08-23 03:53:28,473 [INFO] src.cleaning: [CHOLAFIN.NS] non-critical missing fields: ['ev_to_ebitda', 'return_on_equity']
2026-08-23 03:53:28,473 [INFO] src.cleaning: [CIPLA.NS] non-critical missing fields: ['return_on_equity']
2026-08-23 03:53:28,473 [INFO] src.cleaning: [COALINDIA.NS] non-critical missing fields: ['return_on_equity']
2026-08-23 03:53:28,473 [INFO] src.cleaning: [COCHINSHIP.NS] non-critical missing fields: ['return_on_equity']
2026-08-23 03:53:28,473 [INFO] src.cleaning: [COFORGE.NS] non-critical missing fields: ['return_on_equity']
2026-08-23 03:53:28,473 [INFO] src.cleaning: [COLPAL.NS] non-critical missing fields: ['return_on_equity']
2026-08-23 03:53:28,473 [INFO] src.cleaning: [CONCOR.NS] non-critical missing fields: ['return_on_equity']
2026-08-23 03:53:28,473 [INFO] src.cleaning: [COROMANDEL.NS] non-critical missing fields: ['return_on_equity']
2026-08-23 03:53:28,473 [INFO] src.cleaning: [CROMPTON.NS] non-critical missing fields: ['trailing_pe', 'return_on_equity']
2026-08-23 03:53:28,473 [INFO] src.cleaning: [CUMMINSIND.NS] non-critical missing fields: ['return_on_equity']
2026-08-23 03:53:28,473 [INFO] src.cleaning: [CYIENT.NS] non-critical missing fields: ['return_on_equity']
2026-08-23 03:53:28,473 [INFO] src.cleaning: [DABUR.NS] non-critical missing fields: ['return_on_equity']
2026-08-23 03:53:28,473 [INFO] src.cleaning: [DALBHARAT.NS] non-critical missing fields: ['return_on_equity']
2026-08-23 03:53:28,473 [INFO] src.cleaning: [DEEPAKNTR.NS] non-critical missing fields: ['return_on_equity']
2026-08-23 03:53:28,473 [INFO] src.cleaning: [DIVISLAB.NS] non-critical missing fields: ['return_on_equity']
2026-08-23 03:53:28,473 [INFO] src.cleaning: [DIXON.NS] non-critical missing fields: ['return_on_equity']
2026-08-23 03:53:28,473 [INFO] src.cleaning: [DMART.NS] non-critical missing fields: ['return_on_equity']
2026-08-23 03:53:28,473 [INFO] src.cleaning: [EICHERMOT.NS] non-critical missing fields: ['return_on_equity']
2026-08-23 03:53:28,473 [INFO] src.cleaning: [EMAMILTD.NS] non-critical missing fields: ['return_on_equity']
2026-08-23 03:53:28,473 [INFO] src.cleaning: [ENDURANCE.NS] non-critical missing fields: ['return_on_equity']
2026-08-23 03:53:28,473 [INFO] src.cleaning: [EXIDEIND.NS] non-critical missing fields: ['return_on_equity']
2026-08-23 03:53:28,473 [INFO] src.cleaning: [FEDERALBNK.NS] non-critical missing fields: ['ev_to_ebitda', 'return_on_equity', 'debt_to_equity']
2026-08-23 03:53:28,473 [INFO] src.cleaning: [FORTIS.NS] non-critical missing fields: ['return_on_equity']
2026-08-23 03:53:28,473 [INFO] src.cleaning: [GAIL.NS] non-critical missing fields: ['return_on_equity']
2026-08-23 03:53:28,473 [INFO] src.cleaning: [GHCL.NS] non-critical missing fields: ['return_on_equity']
2026-08-23 03:53:28,473 [INFO] src.cleaning: [GICRE.NS] non-critical missing fields: ['ev_to_ebitda', 'debt_to_equity']
2026-08-23 03:53:28,474 [INFO] src.cleaning: [GILLETTE.NS] non-critical missing fields: ['return_on_equity']
2026-08-23 03:53:28,474 [INFO] src.cleaning: [GLAND.NS] non-critical missing fields: ['return_on_equity']
2026-08-23 03:53:28,474 [INFO] src.cleaning: [GLENMARK.NS] non-critical missing fields: ['return_on_equity']
2026-08-23 03:53:28,474 [WARNING] src.cleaning: [GMRAIRPORT.NS] negative/zero equity — DuPont ROE math will be invalid downstream
2026-08-23 03:53:28,474 [INFO] src.cleaning: [GMRAIRPORT.NS] non-critical missing fields: ['return_on_equity', 'debt_to_equity']
2026-08-23 03:53:28,474 [INFO] src.cleaning: [GNFC.NS] non-critical missing fields: ['return_on_equity']
2026-08-23 03:53:28,474 [INFO] src.cleaning: [GODREJCP.NS] non-critical missing fields: ['return_on_equity']
2026-08-23 03:53:28,474 [INFO] src.cleaning: [GODREJPROP.NS] non-critical missing fields: ['return_on_equity']
2026-08-23 03:53:28,474 [INFO] src.cleaning: [GRINDWELL.NS] non-critical missing fields: ['return_on_equity']
2026-08-23 03:53:28,474 [INFO] src.cleaning: [HAL.NS] non-critical missing fields: ['return_on_equity']
2026-08-23 03:53:28,474 [INFO] src.cleaning: [HAVELLS.NS] non-critical missing fields: ['return_on_equity']
2026-08-23 03:53:28,474 [WARNING] src.cleaning: [HCLTECH.NS] outlier values flagged: ['ev_to_ebitda']
2026-08-23 03:53:28,474 [INFO] src.cleaning: [HDFCBANK.NS] non-critical missing fields: ['ev_to_ebitda', 'debt_to_equity']
2026-08-23 03:53:28,474 [INFO] src.cleaning: [HEIDELBERG.NS] non-critical missing fields: ['return_on_equity']
2026-08-23 03:53:28,474 [INFO] src.cleaning: [HEROMOTOCO.NS] non-critical missing fields: ['return_on_equity']
2026-08-23 03:53:28,474 [INFO] src.cleaning: [HINDALCO.NS] non-critical missing fields: ['return_on_equity']
2026-08-23 03:53:28,474 [INFO] src.cleaning: [HINDCOPPER.NS] non-critical missing fields: ['return_on_equity']
2026-08-23 03:53:28,474 [INFO] src.cleaning: [HINDUNILVR.NS] non-critical missing fields: ['return_on_equity']
2026-08-23 03:53:28,474 [INFO] src.cleaning: [HINDZINC.NS] non-critical missing fields: ['return_on_equity']
2026-08-23 03:53:28,474 [INFO] src.cleaning: [HUDCO.NS] non-critical missing fields: ['ev_to_ebitda', 'return_on_equity']
2026-08-23 03:53:28,474 [INFO] src.cleaning: [ICICIBANK.NS] non-critical missing fields: ['ev_to_ebitda', 'debt_to_equity']
2026-08-23 03:53:28,474 [INFO] src.cleaning: [ICICIGI.NS] non-critical missing fields: ['debt_to_equity']
2026-08-23 03:53:28,474 [WARNING] src.cleaning: [IDEA.NS] negative/zero equity — DuPont ROE math will be invalid downstream
2026-08-23 03:53:28,474 [INFO] src.cleaning: [IDEA.NS] non-critical missing fields: ['return_on_equity', 'debt_to_equity']
2026-08-23 03:53:28,475 [INFO] src.cleaning: [IDFCFIRSTB.NS] non-critical missing fields: ['ev_to_ebitda', 'return_on_equity', 'debt_to_equity', 'total_debt']
2026-08-23 03:53:28,475 [INFO] src.cleaning: [INDIGO.NS] non-critical missing fields: ['trailing_pe', 'return_on_equity']
2026-08-23 03:53:28,475 [INFO] src.cleaning: [INDUSINDBK.NS] non-critical missing fields: ['ev_to_ebitda', 'return_on_equity', 'debt_to_equity']
2026-08-23 03:53:28,475 [WARNING] src.cleaning: [INFY.NS] outlier values flagged: ['ev_to_ebitda']
2026-08-23 03:53:28,475 [INFO] src.cleaning: [IOB.NS] non-critical missing fields: ['ev_to_ebitda', 'debt_to_equity']
2026-08-23 03:53:28,475 [INFO] src.cleaning: [IOC.NS] non-critical missing fields: ['return_on_equity']
2026-08-23 03:53:28,475 [INFO] src.cleaning: [IPCALAB.NS] non-critical missing fields: ['return_on_equity']
2026-08-23 03:53:28,475 [INFO] src.cleaning: [IRCON.NS] non-critical missing fields: ['return_on_equity']
2026-08-23 03:53:28,475 [INFO] src.cleaning: [IRCTC.NS] non-critical missing fields: ['return_on_equity']
2026-08-23 03:53:28,475 [INFO] src.cleaning: [IRFC.NS] non-critical missing fields: ['ev_to_ebitda', 'return_on_equity']
2026-08-23 03:53:28,475 [INFO] src.cleaning: [ITC.NS] non-critical missing fields: ['return_on_equity']
2026-08-23 03:53:28,475 [INFO] src.cleaning: [JINDALSTEL.NS] non-critical missing fields: ['return_on_equity']
2026-08-23 03:53:28,475 [INFO] src.cleaning: [JKCEMENT.NS] non-critical missing fields: ['return_on_equity']
2026-08-23 03:53:28,475 [INFO] src.cleaning: [JSL.NS] non-critical missing fields: ['return_on_equity']
2026-08-23 03:53:28,475 [INFO] src.cleaning: [JSWSTEEL.NS] non-critical missing fields: ['return_on_equity']
2026-08-23 03:53:28,475 [INFO] src.cleaning: [JUBLFOOD.NS] non-critical missing fields: ['return_on_equity']
2026-08-23 03:53:28,475 [INFO] src.cleaning: [KAJARIACER.NS] non-critical missing fields: ['return_on_equity']
2026-08-23 03:53:28,475 [INFO] src.cleaning: [KEI.NS] non-critical missing fields: ['return_on_equity']
2026-08-23 03:53:28,475 [INFO] src.cleaning: [KOTAKBANK.NS] non-critical missing fields: ['ev_to_ebitda', 'return_on_equity', 'debt_to_equity']
2026-08-23 03:53:28,475 [INFO] src.cleaning: [KPITTECH.NS] non-critical missing fields: ['return_on_equity']
2026-08-23 03:53:28,475 [INFO] src.cleaning: [LALPATHLAB.NS] non-critical missing fields: ['return_on_equity']
2026-08-23 03:53:28,476 [INFO] src.cleaning: [LAURUSLABS.NS] non-critical missing fields: ['return_on_equity']
2026-08-23 03:53:28,476 [INFO] src.cleaning: [LICHSGFIN.NS] non-critical missing fields: ['ev_to_ebitda', 'return_on_equity']
2026-08-23 03:53:28,476 [INFO] src.cleaning: [LICI.NS] non-critical missing fields: ['return_on_equity']
2026-08-23 03:53:28,476 [INFO] src.cleaning: [LTTS.NS] non-critical missing fields: ['return_on_equity']
2026-08-23 03:53:28,476 [INFO] src.cleaning: [LT.NS] non-critical missing fields: ['return_on_equity']
2026-08-23 03:53:28,476 [INFO] src.cleaning: [LUPIN.NS] non-critical missing fields: ['return_on_equity']
2026-08-23 03:53:28,476 [INFO] src.cleaning: [M&M.NS] non-critical missing fields: ['return_on_equity']
2026-08-23 03:53:28,476 [INFO] src.cleaning: [MANAPPURAM.NS] non-critical missing fields: ['ev_to_ebitda', 'return_on_equity']
2026-08-23 03:53:28,476 [INFO] src.cleaning: [MARICO.NS] non-critical missing fields: ['return_on_equity']
2026-08-23 03:53:28,476 [INFO] src.cleaning: [MARUTI.NS] non-critical missing fields: ['return_on_equity']
2026-08-23 03:53:28,476 [INFO] src.cleaning: [MAZDOCK.NS] non-critical missing fields: ['return_on_equity']
2026-08-23 03:53:28,476 [INFO] src.cleaning: [METROPOLIS.NS] non-critical missing fields: ['return_on_equity']
2026-08-23 03:53:28,476 [INFO] src.cleaning: [MOTHERSON.NS] non-critical missing fields: ['return_on_equity']
2026-08-23 03:53:28,476 [INFO] src.cleaning: [MRF.NS] non-critical missing fields: ['return_on_equity']
2026-08-23 03:53:28,476 [INFO] src.cleaning: [MUTHOOTFIN.NS] non-critical missing fields: ['ev_to_ebitda']
2026-08-23 03:53:28,476 [INFO] src.cleaning: [NATIONALUM.NS] non-critical missing fields: ['return_on_equity']
2026-08-23 03:53:28,476 [INFO] src.cleaning: [NAVINFLUOR.NS] non-critical missing fields: ['return_on_equity']
2026-08-23 03:53:28,476 [INFO] src.cleaning: [NBCC.NS] non-critical missing fields: ['return_on_equity']
2026-08-23 03:53:28,476 [INFO] src.cleaning: [NCC.NS] non-critical missing fields: ['return_on_equity']
2026-08-23 03:53:28,476 [INFO] src.cleaning: [NESTLEIND.NS] non-critical missing fields: ['return_on_equity']
2026-08-23 03:53:28,476 [INFO] src.cleaning: [NMDC.NS] non-critical missing fields: ['return_on_equity']
2026-08-23 03:53:28,476 [INFO] src.cleaning: [NTPC.NS] non-critical missing fields: ['return_on_equity']
2026-08-23 03:53:28,477 [INFO] src.cleaning: [OBEROIRLTY.NS] non-critical missing fields: ['return_on_equity']
2026-08-23 03:53:28,477 [INFO] src.cleaning: [ONGC.NS] non-critical missing fields: ['return_on_equity']
2026-08-23 03:53:28,477 [INFO] src.cleaning: [PAGEIND.NS] non-critical missing fields: ['return_on_equity']
2026-08-23 03:53:28,477 [INFO] src.cleaning: [PFC.NS] non-critical missing fields: ['ev_to_ebitda', 'return_on_equity']
2026-08-23 03:53:28,477 [INFO] src.cleaning: [PGHH.NS] non-critical missing fields: ['return_on_equity']
2026-08-23 03:53:28,477 [INFO] src.cleaning: [PHOENIXLTD.NS] non-critical missing fields: ['return_on_equity']
2026-08-23 03:53:28,477 [INFO] src.cleaning: [PIDILITIND.NS] non-critical missing fields: ['return_on_equity']
2026-08-23 03:53:28,477 [INFO] src.cleaning: [PIIND.NS] non-critical missing fields: ['return_on_equity']
2026-08-23 03:53:28,477 [INFO] src.cleaning: [PNB.NS] non-critical missing fields: ['ev_to_ebitda', 'debt_to_equity']
2026-08-23 03:53:28,477 [INFO] src.cleaning: [POONAWALLA.NS] non-critical missing fields: ['ev_to_ebitda', 'return_on_equity']
2026-08-23 03:53:28,477 [INFO] src.cleaning: [POWERGRID.NS] non-critical missing fields: ['return_on_equity']
2026-08-23 03:53:28,477 [INFO] src.cleaning: [PVRINOX.NS] non-critical missing fields: ['return_on_equity']
2026-08-23 03:53:28,477 [INFO] src.cleaning: [RAMCOCEM.NS] non-critical missing fields: ['return_on_equity']
2026-08-23 03:53:28,477 [INFO] src.cleaning: [RATNAMANI.NS] non-critical missing fields: ['return_on_equity']
2026-08-23 03:53:28,477 [INFO] src.cleaning: [RBLBANK.NS] non-critical missing fields: ['ev_to_ebitda', 'return_on_equity', 'debt_to_equity']
2026-08-23 03:53:28,477 [INFO] src.cleaning: [RECLTD.NS] non-critical missing fields: ['ev_to_ebitda', 'return_on_equity']
2026-08-23 03:53:28,477 [INFO] src.cleaning: [RELAXO.NS] non-critical missing fields: ['return_on_equity']
2026-08-23 03:53:28,477 [INFO] src.cleaning: [RELIANCE.NS] non-critical missing fields: ['return_on_equity']
2026-08-23 03:53:28,477 [INFO] src.cleaning: [RVNL.NS] non-critical missing fields: ['return_on_equity']
2026-08-23 03:53:28,477 [INFO] src.cleaning: [SAIL.NS] non-critical missing fields: ['return_on_equity']
2026-08-23 03:53:28,477 [INFO] src.cleaning: [SBICARD.NS] non-critical missing fields: ['ev_to_ebitda', 'return_on_equity']
2026-08-23 03:53:28,478 [INFO] src.cleaning: [SBILIFE.NS] non-critical missing fields: ['debt_to_equity']
2026-08-23 03:53:28,478 [INFO] src.cleaning: [SBIN.NS] non-critical missing fields: ['ev_to_ebitda', 'debt_to_equity']
2026-08-23 03:53:28,478 [INFO] src.cleaning: [SHREECEM.NS] non-critical missing fields: ['return_on_equity']
2026-08-23 03:53:28,478 [INFO] src.cleaning: [SHRIRAMFIN.NS] non-critical missing fields: ['ev_to_ebitda']
2026-08-23 03:53:28,478 [INFO] src.cleaning: [SIEMENS.NS] non-critical missing fields: ['return_on_equity']
2026-08-23 03:53:28,478 [INFO] src.cleaning: [SKFINDIA.NS] non-critical missing fields: ['return_on_equity']
2026-08-23 03:53:28,478 [INFO] src.cleaning: [SOBHA.NS] non-critical missing fields: ['return_on_equity']
2026-08-23 03:53:28,478 [INFO] src.cleaning: [SRF.NS] non-critical missing fields: ['return_on_equity']
2026-08-23 03:53:28,478 [INFO] src.cleaning: [SUNDRMFAST.NS] non-critical missing fields: ['return_on_equity']
2026-08-23 03:53:28,478 [INFO] src.cleaning: [SUNPHARMA.NS] non-critical missing fields: ['return_on_equity']
2026-08-23 03:53:28,478 [INFO] src.cleaning: [SUPREMEIND.NS] non-critical missing fields: ['return_on_equity']
2026-08-23 03:53:28,478 [INFO] src.cleaning: [TATACHEM.NS] non-critical missing fields: ['trailing_pe', 'return_on_equity']
2026-08-23 03:53:28,478 [INFO] src.cleaning: [TATACONSUM.NS] non-critical missing fields: ['return_on_equity']
2026-08-23 03:53:28,478 [INFO] src.cleaning: [TATAELXSI.NS] non-critical missing fields: ['return_on_equity']
2026-08-23 03:53:28,478 [INFO] src.cleaning: [TATAPOWER.NS] non-critical missing fields: ['return_on_equity']
2026-08-23 03:53:28,478 [INFO] src.cleaning: [TATASTEEL.NS] non-critical missing fields: ['return_on_equity']
2026-08-23 03:53:28,478 [INFO] src.cleaning: [TECHM.NS] non-critical missing fields: ['return_on_equity']
2026-08-23 03:53:28,478 [INFO] src.cleaning: [THERMAX.NS] non-critical missing fields: ['return_on_equity']
2026-08-23 03:53:28,478 [INFO] src.cleaning: [TIMKEN.NS] non-critical missing fields: ['return_on_equity']
2026-08-23 03:53:28,478 [INFO] src.cleaning: [TITAN.NS] non-critical missing fields: ['return_on_equity']
2026-08-23 03:53:28,478 [INFO] src.cleaning: [TMCV.NS] non-critical missing fields: ['return_on_equity']
2026-08-23 03:53:28,479 [INFO] src.cleaning: [TMPV.NS] non-critical missing fields: ['trailing_pe', 'return_on_equity']
2026-08-23 03:53:28,479 [INFO] src.cleaning: [TORNTPHARM.NS] non-critical missing fields: ['return_on_equity']
2026-08-23 03:53:28,479 [INFO] src.cleaning: [TORNTPOWER.NS] non-critical missing fields: ['return_on_equity']
2026-08-23 03:53:28,479 [INFO] src.cleaning: [TRENT.NS] non-critical missing fields: ['return_on_equity']
2026-08-23 03:53:28,479 [INFO] src.cleaning: [TVSMOTOR.NS] non-critical missing fields: ['return_on_equity']
2026-08-23 03:53:28,479 [INFO] src.cleaning: [UCOBANK.NS] non-critical missing fields: ['ev_to_ebitda', 'debt_to_equity']
2026-08-23 03:53:28,479 [INFO] src.cleaning: [ULTRACEMCO.NS] non-critical missing fields: ['return_on_equity']
2026-08-23 03:53:28,479 [INFO] src.cleaning: [UNIONBANK.NS] non-critical missing fields: ['ev_to_ebitda', 'debt_to_equity', 'revenue_growth', 'total_debt']
2026-08-23 03:53:28,479 [INFO] src.cleaning: [UNITDSPR.NS] non-critical missing fields: ['return_on_equity']
2026-08-23 03:53:28,479 [INFO] src.cleaning: [UNOMINDA.NS] non-critical missing fields: ['return_on_equity']
2026-08-23 03:53:28,479 [INFO] src.cleaning: [UPL.NS] non-critical missing fields: ['return_on_equity']
2026-08-23 03:53:28,479 [INFO] src.cleaning: [VEDL.NS] non-critical missing fields: ['return_on_equity']
2026-08-23 03:53:28,479 [INFO] src.cleaning: [VOLTAS.NS] non-critical missing fields: ['return_on_equity']
2026-08-23 03:53:28,479 [INFO] src.cleaning: [WELCORP.NS] non-critical missing fields: ['return_on_equity']
2026-08-23 03:53:28,479 [INFO] src.cleaning: [WHIRLPOOL.NS] non-critical missing fields: ['return_on_equity']
2026-08-23 03:53:28,479 [INFO] src.cleaning: [ZEEL.NS] non-critical missing fields: ['return_on_equity']
2026-08-23 03:53:28,487 [INFO] src.cleaning: Cleaned 200/201 tickers -> data/processed/cleaned_universe.csv
2026-08-23 03:53:28,487 [INFO] src.cleaning: Full flag audit trail -> data/processed/cleaning_flags.csv
2026-08-23 03:53:28,487 [INFO] __main__: Cleaning validation passed: 200/201 tickers retained (100%)
2026-08-23 03:53:28,487 [INFO] __main__: === Stage 3/8: Scoring ===
2026-08-23 03:53:28,547 [INFO] src.scoring: Scored 200 companies -> data/processed/scored_universe.csv
2026-08-23 03:53:28,547 [INFO] src.scoring: Top 10 shortlist -> data/processed/shortlist_top_n.csv
2026-08-23 03:53:28,548 [WARNING] src.scoring: 24 companies scored on fewer than all 4 buckets (reweighted, not zero-filled) — see 'buckets_used' column: ['IOB.NS', 'UNIONBANK.NS', 'BANKINDIA.NS', 'CANBK.NS', 'ICICIGI.NS', 'PNB.NS', 'IDEA.NS', 'GICRE.NS', 'FEDERALBNK.NS', 'UCOBANK.NS', 'BANKBARODA.NS', 'AXISBANK.NS', 'KOTAKBANK.NS', 'SBIN.NS', 'ICICIBANK.NS', 'CENTRALBK.NS', 'SBILIFE.NS', 'HDFCBANK.NS', 'AUBANK.NS', 'BANDHANBNK.NS', 'GMRAIRPORT.NS', 'IDFCFIRSTB.NS', 'RBLBANK.NS', 'INDUSINDBK.NS']
2026-08-23 03:53:28,549 [INFO] __main__: Scoring validation passed: 200 companies ranked, all scores in valid range
2026-08-23 03:53:28,549 [INFO] __main__: === Stage 4/8: Comps + DuPont ===
2026-08-23 03:53:28,560 [INFO] src.comps_dupont: Comps + DuPont report for top 10 -> data/processed/comps_dupont_report.csv
2026-08-23 03:53:28,561 [WARNING] src.comps_dupont: 1 companies have a DuPont-implied ROE that diverges >5pp from reported ROE (possible data inconsistency, worth a manual check): ['IOB.NS']
2026-08-23 03:53:28,561 [INFO] __main__: === Stage 5/8: Explainability ===
2026-08-23 03:53:28,598 [INFO] src.explainability: Explanations for top 10 companies -> data/processed/explanations.csv
2026-08-23 03:53:28,598 [INFO] __main__: === Stage 6/8: Baseline Comparison ===
2026-08-23 03:53:28,605 [INFO] src.baseline_comparison: Baseline comparison -> data/processed/baseline_comparison.csv
2026-08-23 03:53:28,605 [INFO] __main__: === Stage 7/8: Acquisition Likelihood ===
2026-08-23 03:53:28,608 [INFO] src.acquisition_likelihood: 2 companies excluded from acquisition-likelihood scoring (negative/zero equity — financial distress, not a value-target thesis): ['IDEA.NS', 'GMRAIRPORT.NS']
2026-08-23 03:53:28,618 [INFO] src.acquisition_likelihood: Acquisition likelihood scoring -> data/processed/acquisition_likelihood.csv
2026-08-23 03:53:28,619 [INFO] __main__: === Stage 8/8: Historical Snapshot ===
2026-08-23 03:53:28,626 [INFO] src.history_tracker: Recorded shortlist snapshot for 2026-08-23 (10 companies) -> data/history/shortlist_history.csv (5 distinct days tracked so far)
2026-08-23 03:53:28,631 [INFO] src.history_tracker: Recorded acquisition-likelihood snapshot for 2026-08-23 (10 companies) -> data/history/acquisition_likelihood_history.csv (5 distinct days tracked so far)
2026-08-23 03:53:28,632 [INFO] __main__: === Pipeline completed successfully ===
2026-08-23 03:53:28,632 [INFO] __main__:   ingestion: {'total': 201, 'ok': 200}
2026-08-23 03:53:28,632 [INFO] __main__:   cleaning: {'retained': 200, 'input': 201}
2026-08-23 03:53:28,632 [INFO] __main__:   scoring: {'ranked': 200}
2026-08-23 03:53:28,632 [INFO] __main__:   comps_dupont: {'companies': 10}
2026-08-23 03:53:28,632 [INFO] __main__:   explainability: {'companies': 10}
2026-08-23 03:53:28,632 [INFO] __main__:   baseline_comparison: {'correlation': np.float64(0.46633080637522917), 'overlap_pct': 0.1}
2026-08-23 03:53:28,632 [INFO] __main__:   acquisition_likelihood: {'companies': 10}
2026-08-23 03:53:28,632 [INFO] __main__:   history_tracker: {'recorded': True}
