2026-09-04 07:45:02,983 [INFO] __main__: Logging to file: logs/pipeline_run_2026-09-04T07-45-02Z.log
2026-09-04 07:45:02,983 [INFO] __main__: === Stage 1/8: Ingestion ===
2026-09-04 07:45:03,016 [INFO] src.ingestion: [ACC.NS] fetching fresh data
2026-09-04 07:45:03,910 [INFO] src.ingestion: [AMBUJACEM.NS] fetching fresh data
2026-09-04 07:45:04,697 [INFO] src.ingestion: [ULTRACEMCO.NS] fetching fresh data
2026-09-04 07:45:05,514 [INFO] src.ingestion: [SHREECEM.NS] fetching fresh data
2026-09-04 07:45:06,332 [INFO] src.ingestion: [JKCEMENT.NS] fetching fresh data
2026-09-04 07:45:07,088 [INFO] src.ingestion: [RAMCOCEM.NS] fetching fresh data
2026-09-04 07:45:07,957 [INFO] src.ingestion: [HEIDELBERG.NS] fetching fresh data
2026-09-04 07:45:08,787 [INFO] src.ingestion: [DALBHARAT.NS] fetching fresh data
2026-09-04 07:45:09,528 [INFO] src.ingestion: [INFY.NS] fetching fresh data
2026-09-04 07:45:10,327 [INFO] src.ingestion: [TCS.NS] fetching fresh data
2026-09-04 07:45:11,081 [INFO] src.ingestion: [WIPRO.NS] fetching fresh data
2026-09-04 07:45:11,881 [INFO] src.ingestion: [HCLTECH.NS] fetching fresh data
2026-09-04 07:45:12,692 [INFO] src.ingestion: [TECHM.NS] fetching fresh data
2026-09-04 07:45:13,499 [INFO] src.ingestion: [LTIM.NS] fetching fresh data
2026-09-04 07:45:13,600 [ERROR] yfinance: HTTP Error 404: {"quoteSummary":{"result":null,"error":{"code":"Not Found","description":"Quote not found for symbol: LTIM.NS"}}}
2026-09-04 07:45:13,657 [WARNING] src.ingestion: [LTIM.NS] attempt 1 failed: yfinance returned an empty info payload for LTIM.NS (no exception, but no usable data — likely a transient Yahoo-side issue or an invalid/delisted symbol)
2026-09-04 07:45:15,772 [ERROR] yfinance: HTTP Error 404: {"quoteSummary":{"result":null,"error":{"code":"Not Found","description":"Quote not found for symbol: LTIM.NS"}}}
2026-09-04 07:45:15,795 [WARNING] src.ingestion: [LTIM.NS] attempt 2 failed: yfinance returned an empty info payload for LTIM.NS (no exception, but no usable data — likely a transient Yahoo-side issue or an invalid/delisted symbol)
2026-09-04 07:45:19,898 [ERROR] yfinance: HTTP Error 404: {"quoteSummary":{"result":null,"error":{"code":"Not Found","description":"Quote not found for symbol: LTIM.NS"}}}
2026-09-04 07:45:19,922 [WARNING] src.ingestion: [LTIM.NS] attempt 3 failed: yfinance returned an empty info payload for LTIM.NS (no exception, but no usable data — likely a transient Yahoo-side issue or an invalid/delisted symbol)
2026-09-04 07:45:20,323 [INFO] src.ingestion: [PERSISTENT.NS] fetching fresh data
2026-09-04 07:45:21,069 [INFO] src.ingestion: [COFORGE.NS] fetching fresh data
2026-09-04 07:45:21,908 [INFO] src.ingestion: [MPHASIS.NS] fetching fresh data
2026-09-04 07:45:22,767 [INFO] src.ingestion: [LTTS.NS] fetching fresh data
2026-09-04 07:45:23,560 [INFO] src.ingestion: [TATAELXSI.NS] fetching fresh data
2026-09-04 07:45:24,290 [INFO] src.ingestion: [CYIENT.NS] fetching fresh data
2026-09-04 07:45:25,070 [INFO] src.ingestion: [KPITTECH.NS] fetching fresh data
2026-09-04 07:45:25,824 [INFO] src.ingestion: [HDFCBANK.NS] fetching fresh data
2026-09-04 07:45:26,590 [INFO] src.ingestion: [ICICIBANK.NS] fetching fresh data
2026-09-04 07:45:27,400 [INFO] src.ingestion: [SBIN.NS] fetching fresh data
2026-09-04 07:45:28,163 [INFO] src.ingestion: [AXISBANK.NS] fetching fresh data
2026-09-04 07:45:28,915 [INFO] src.ingestion: [KOTAKBANK.NS] fetching fresh data
2026-09-04 07:45:29,768 [INFO] src.ingestion: [INDUSINDBK.NS] fetching fresh data
2026-09-04 07:45:30,545 [INFO] src.ingestion: [FEDERALBNK.NS] fetching fresh data
2026-09-04 07:45:31,305 [INFO] src.ingestion: [BANDHANBNK.NS] fetching fresh data
2026-09-04 07:45:32,047 [INFO] src.ingestion: [IDFCFIRSTB.NS] fetching fresh data
2026-09-04 07:45:32,816 [INFO] src.ingestion: [PNB.NS] fetching fresh data
2026-09-04 07:45:33,571 [INFO] src.ingestion: [BANKBARODA.NS] fetching fresh data
2026-09-04 07:45:34,299 [INFO] src.ingestion: [CANBK.NS] fetching fresh data
2026-09-04 07:45:35,066 [INFO] src.ingestion: [UNIONBANK.NS] fetching fresh data
2026-09-04 07:45:35,849 [INFO] src.ingestion: [AUBANK.NS] fetching fresh data
2026-09-04 07:45:36,744 [INFO] src.ingestion: [RBLBANK.NS] fetching fresh data
2026-09-04 07:45:37,544 [INFO] src.ingestion: [BANKINDIA.NS] fetching fresh data
2026-09-04 07:45:38,310 [INFO] src.ingestion: [CENTRALBK.NS] fetching fresh data
2026-09-04 07:45:39,122 [INFO] src.ingestion: [IOB.NS] fetching fresh data
2026-09-04 07:45:39,896 [INFO] src.ingestion: [UCOBANK.NS] fetching fresh data
2026-09-04 07:45:40,643 [INFO] src.ingestion: [BAJFINANCE.NS] fetching fresh data
2026-09-04 07:45:41,396 [INFO] src.ingestion: [BAJAJFINSV.NS] fetching fresh data
2026-09-04 07:45:42,112 [INFO] src.ingestion: [CHOLAFIN.NS] fetching fresh data
2026-09-04 07:45:42,863 [INFO] src.ingestion: [MUTHOOTFIN.NS] fetching fresh data
2026-09-04 07:45:43,670 [INFO] src.ingestion: [LICHSGFIN.NS] fetching fresh data
2026-09-04 07:45:44,495 [INFO] src.ingestion: [SHRIRAMFIN.NS] fetching fresh data
2026-09-04 07:45:45,261 [INFO] src.ingestion: [PFC.NS] fetching fresh data
2026-09-04 07:45:46,074 [INFO] src.ingestion: [RECLTD.NS] fetching fresh data
2026-09-04 07:45:46,853 [INFO] src.ingestion: [IRFC.NS] fetching fresh data
2026-09-04 07:45:47,514 [INFO] src.ingestion: [HUDCO.NS] fetching fresh data
2026-09-04 07:45:48,250 [INFO] src.ingestion: [BAJAJHLDNG.NS] fetching fresh data
2026-09-04 07:45:49,129 [INFO] src.ingestion: [SBICARD.NS] fetching fresh data
2026-09-04 07:45:49,832 [INFO] src.ingestion: [MANAPPURAM.NS] fetching fresh data
2026-09-04 07:45:50,518 [INFO] src.ingestion: [POONAWALLA.NS] fetching fresh data
2026-09-04 07:45:51,451 [INFO] src.ingestion: [HDFCLIFE.NS] fetching fresh data
2026-09-04 07:45:52,229 [INFO] src.ingestion: [SBILIFE.NS] fetching fresh data
2026-09-04 07:45:52,961 [INFO] src.ingestion: [ICICIPRULI.NS] fetching fresh data
2026-09-04 07:45:53,710 [INFO] src.ingestion: [ICICIGI.NS] fetching fresh data
2026-09-04 07:45:54,471 [INFO] src.ingestion: [LICI.NS] fetching fresh data
2026-09-04 07:45:55,352 [INFO] src.ingestion: [GICRE.NS] fetching fresh data
2026-09-04 07:45:56,053 [INFO] src.ingestion: [MARUTI.NS] fetching fresh data
2026-09-04 07:45:56,825 [INFO] src.ingestion: [TMPV.NS] fetching fresh data
2026-09-04 07:45:57,618 [INFO] src.ingestion: [TMCV.NS] fetching fresh data
2026-09-04 07:45:58,479 [INFO] src.ingestion: [M&M.NS] fetching fresh data
2026-09-04 07:45:59,343 [INFO] src.ingestion: [EICHERMOT.NS] fetching fresh data
2026-09-04 07:46:00,094 [INFO] src.ingestion: [HEROMOTOCO.NS] fetching fresh data
2026-09-04 07:46:00,916 [INFO] src.ingestion: [BAJAJ-AUTO.NS] fetching fresh data
2026-09-04 07:46:01,749 [INFO] src.ingestion: [TVSMOTOR.NS] fetching fresh data
2026-09-04 07:46:02,479 [INFO] src.ingestion: [ASHOKLEY.NS] fetching fresh data
2026-09-04 07:46:03,289 [INFO] src.ingestion: [BHARATFORG.NS] fetching fresh data
2026-09-04 07:46:04,080 [INFO] src.ingestion: [MOTHERSON.NS] fetching fresh data
2026-09-04 07:46:04,968 [INFO] src.ingestion: [BOSCHLTD.NS] fetching fresh data
2026-09-04 07:46:05,841 [INFO] src.ingestion: [MRF.NS] fetching fresh data
2026-09-04 07:46:06,640 [INFO] src.ingestion: [ENDURANCE.NS] fetching fresh data
2026-09-04 07:46:07,447 [INFO] src.ingestion: [EXIDEIND.NS] fetching fresh data
2026-09-04 07:46:08,246 [INFO] src.ingestion: [ARE&M.NS] fetching fresh data
2026-09-04 07:46:09,086 [INFO] src.ingestion: [SUNDRMFAST.NS] fetching fresh data
2026-09-04 07:46:09,846 [INFO] src.ingestion: [UNOMINDA.NS] fetching fresh data
2026-09-04 07:46:10,608 [INFO] src.ingestion: [SUNPHARMA.NS] fetching fresh data
2026-09-04 07:46:11,407 [INFO] src.ingestion: [DRREDDY.NS] fetching fresh data
2026-09-04 07:46:12,310 [INFO] src.ingestion: [CIPLA.NS] fetching fresh data
2026-09-04 07:46:13,090 [INFO] src.ingestion: [DIVISLAB.NS] fetching fresh data
2026-09-04 07:46:13,898 [INFO] src.ingestion: [LUPIN.NS] fetching fresh data
2026-09-04 07:46:14,637 [INFO] src.ingestion: [AUROPHARMA.NS] fetching fresh data
2026-09-04 07:46:15,482 [INFO] src.ingestion: [BIOCON.NS] fetching fresh data
2026-09-04 07:46:16,265 [INFO] src.ingestion: [TORNTPHARM.NS] fetching fresh data
2026-09-04 07:46:16,998 [INFO] src.ingestion: [ALKEM.NS] fetching fresh data
2026-09-04 07:46:17,745 [INFO] src.ingestion: [ABBOTINDIA.NS] fetching fresh data
2026-09-04 07:46:18,505 [INFO] src.ingestion: [APOLLOHOSP.NS] fetching fresh data
2026-09-04 07:46:19,353 [INFO] src.ingestion: [FORTIS.NS] fetching fresh data
2026-09-04 07:46:20,151 [INFO] src.ingestion: [LALPATHLAB.NS] fetching fresh data
2026-09-04 07:46:21,040 [INFO] src.ingestion: [METROPOLIS.NS] fetching fresh data
2026-09-04 07:46:21,896 [INFO] src.ingestion: [GLAND.NS] fetching fresh data
2026-09-04 07:46:22,589 [INFO] src.ingestion: [LAURUSLABS.NS] fetching fresh data
2026-09-04 07:46:23,485 [INFO] src.ingestion: [GLENMARK.NS] fetching fresh data
2026-09-04 07:46:24,327 [INFO] src.ingestion: [IPCALAB.NS] fetching fresh data
2026-09-04 07:46:25,110 [INFO] src.ingestion: [HINDUNILVR.NS] fetching fresh data
2026-09-04 07:46:25,910 [INFO] src.ingestion: [ITC.NS] fetching fresh data
2026-09-04 07:46:26,622 [INFO] src.ingestion: [NESTLEIND.NS] fetching fresh data
2026-09-04 07:46:27,424 [INFO] src.ingestion: [BRITANNIA.NS] fetching fresh data
2026-09-04 07:46:28,257 [INFO] src.ingestion: [DABUR.NS] fetching fresh data
2026-09-04 07:46:29,057 [INFO] src.ingestion: [GODREJCP.NS] fetching fresh data
2026-09-04 07:46:29,789 [INFO] src.ingestion: [MARICO.NS] fetching fresh data
2026-09-04 07:46:30,547 [INFO] src.ingestion: [COLPAL.NS] fetching fresh data
2026-09-04 07:46:31,311 [INFO] src.ingestion: [TATACONSUM.NS] fetching fresh data
2026-09-04 07:46:32,103 [INFO] src.ingestion: [VBL.NS] fetching fresh data
2026-09-04 07:46:32,918 [INFO] src.ingestion: [UNITDSPR.NS] fetching fresh data
2026-09-04 07:46:33,799 [INFO] src.ingestion: [EMAMILTD.NS] fetching fresh data
2026-09-04 07:46:34,536 [INFO] src.ingestion: [TATASTEEL.NS] fetching fresh data
2026-09-04 07:46:35,333 [INFO] src.ingestion: [JSWSTEEL.NS] fetching fresh data
2026-09-04 07:46:36,070 [INFO] src.ingestion: [HINDALCO.NS] fetching fresh data
2026-09-04 07:46:36,886 [INFO] src.ingestion: [VEDL.NS] fetching fresh data
2026-09-04 07:46:37,738 [INFO] src.ingestion: [COALINDIA.NS] fetching fresh data
2026-09-04 07:46:38,468 [INFO] src.ingestion: [NMDC.NS] fetching fresh data
2026-09-04 07:46:39,205 [INFO] src.ingestion: [SAIL.NS] fetching fresh data
2026-09-04 07:46:40,044 [INFO] src.ingestion: [JINDALSTEL.NS] fetching fresh data
2026-09-04 07:46:40,841 [INFO] src.ingestion: [APLAPOLLO.NS] fetching fresh data
2026-09-04 07:46:41,612 [INFO] src.ingestion: [NATIONALUM.NS] fetching fresh data
2026-09-04 07:46:42,443 [INFO] src.ingestion: [HINDCOPPER.NS] fetching fresh data
2026-09-04 07:46:43,261 [INFO] src.ingestion: [RATNAMANI.NS] fetching fresh data
2026-09-04 07:46:44,061 [INFO] src.ingestion: [HINDZINC.NS] fetching fresh data
2026-09-04 07:46:44,849 [INFO] src.ingestion: [WELCORP.NS] fetching fresh data
2026-09-04 07:46:45,673 [INFO] src.ingestion: [JSL.NS] fetching fresh data
2026-09-04 07:46:46,403 [INFO] src.ingestion: [RELIANCE.NS] fetching fresh data
2026-09-04 07:46:47,156 [INFO] src.ingestion: [ONGC.NS] fetching fresh data
2026-09-04 07:46:47,979 [INFO] src.ingestion: [BPCL.NS] fetching fresh data
2026-09-04 07:46:48,769 [INFO] src.ingestion: [IOC.NS] fetching fresh data
2026-09-04 07:46:49,528 [INFO] src.ingestion: [GAIL.NS] fetching fresh data
2026-09-04 07:46:50,361 [INFO] src.ingestion: [NTPC.NS] fetching fresh data
2026-09-04 07:46:51,185 [INFO] src.ingestion: [POWERGRID.NS] fetching fresh data
2026-09-04 07:46:51,980 [INFO] src.ingestion: [TATAPOWER.NS] fetching fresh data
2026-09-04 07:46:52,808 [INFO] src.ingestion: [ADANIGREEN.NS] fetching fresh data
2026-09-04 07:46:53,655 [INFO] src.ingestion: [ADANIPOWER.NS] fetching fresh data
2026-09-04 07:46:54,443 [INFO] src.ingestion: [TORNTPOWER.NS] fetching fresh data
2026-09-04 07:46:55,337 [INFO] src.ingestion: [LT.NS] fetching fresh data
2026-09-04 07:46:56,156 [INFO] src.ingestion: [SIEMENS.NS] fetching fresh data
2026-09-04 07:46:57,054 [INFO] src.ingestion: [ABB.NS] fetching fresh data
2026-09-04 07:46:57,837 [INFO] src.ingestion: [HAL.NS] fetching fresh data
2026-09-04 07:46:58,614 [INFO] src.ingestion: [BEL.NS] fetching fresh data
2026-09-04 07:46:59,434 [INFO] src.ingestion: [BHEL.NS] fetching fresh data
2026-09-04 07:47:00,197 [INFO] src.ingestion: [CUMMINSIND.NS] fetching fresh data
2026-09-04 07:47:01,090 [INFO] src.ingestion: [THERMAX.NS] fetching fresh data
2026-09-04 07:47:01,880 [INFO] src.ingestion: [POLYCAB.NS] fetching fresh data
2026-09-04 07:47:02,719 [INFO] src.ingestion: [KEI.NS] fetching fresh data
2026-09-04 07:47:03,575 [INFO] src.ingestion: [HAVELLS.NS] fetching fresh data
2026-09-04 07:47:04,325 [INFO] src.ingestion: [CROMPTON.NS] fetching fresh data
2026-09-04 07:47:05,205 [INFO] src.ingestion: [SUPREMEIND.NS] fetching fresh data
2026-09-04 07:47:06,058 [INFO] src.ingestion: [ASTRAL.NS] fetching fresh data
2026-09-04 07:47:06,927 [INFO] src.ingestion: [GRINDWELL.NS] fetching fresh data
2026-09-04 07:47:07,799 [INFO] src.ingestion: [CARBORUNIV.NS] fetching fresh data
2026-09-04 07:47:08,568 [INFO] src.ingestion: [TIMKEN.NS] fetching fresh data
2026-09-04 07:47:09,320 [INFO] src.ingestion: [SKFINDIA.NS] fetching fresh data
2026-09-04 07:47:10,081 [INFO] src.ingestion: [SRF.NS] fetching fresh data
2026-09-04 07:47:10,826 [INFO] src.ingestion: [PIIND.NS] fetching fresh data
2026-09-04 07:47:11,530 [INFO] src.ingestion: [DEEPAKNTR.NS] fetching fresh data
2026-09-04 07:47:12,353 [INFO] src.ingestion: [AARTIIND.NS] fetching fresh data
2026-09-04 07:47:13,107 [INFO] src.ingestion: [NAVINFLUOR.NS] fetching fresh data
2026-09-04 07:47:13,870 [INFO] src.ingestion: [UPL.NS] fetching fresh data
2026-09-04 07:47:14,661 [INFO] src.ingestion: [COROMANDEL.NS] fetching fresh data
2026-09-04 07:47:15,373 [INFO] src.ingestion: [CHAMBLFERT.NS] fetching fresh data
2026-09-04 07:47:16,111 [INFO] src.ingestion: [GNFC.NS] fetching fresh data
2026-09-04 07:47:16,929 [INFO] src.ingestion: [PIDILITIND.NS] fetching fresh data
2026-09-04 07:47:17,666 [INFO] src.ingestion: [TATACHEM.NS] fetching fresh data
2026-09-04 07:47:18,370 [INFO] src.ingestion: [GHCL.NS] fetching fresh data
2026-09-04 07:47:19,225 [INFO] src.ingestion: [TITAN.NS] fetching fresh data
2026-09-04 07:47:20,146 [INFO] src.ingestion: [DMART.NS] fetching fresh data
2026-09-04 07:47:20,966 [INFO] src.ingestion: [TRENT.NS] fetching fresh data
2026-09-04 07:47:21,868 [INFO] src.ingestion: [BATAINDIA.NS] fetching fresh data
2026-09-04 07:47:22,732 [INFO] src.ingestion: [PAGEIND.NS] fetching fresh data
2026-09-04 07:47:23,510 [INFO] src.ingestion: [JUBLFOOD.NS] fetching fresh data
2026-09-04 07:47:24,331 [INFO] src.ingestion: [VOLTAS.NS] fetching fresh data
2026-09-04 07:47:25,035 [INFO] src.ingestion: [DIXON.NS] fetching fresh data
2026-09-04 07:47:25,792 [INFO] src.ingestion: [RELAXO.NS] fetching fresh data
2026-09-04 07:47:26,511 [INFO] src.ingestion: [KAJARIACER.NS] fetching fresh data
2026-09-04 07:47:27,226 [INFO] src.ingestion: [WHIRLPOOL.NS] fetching fresh data
2026-09-04 07:47:27,947 [INFO] src.ingestion: [BLUESTARCO.NS] fetching fresh data
2026-09-04 07:47:29,442 [INFO] src.ingestion: [PGHH.NS] fetching fresh data
2026-09-04 07:47:30,202 [INFO] src.ingestion: [GILLETTE.NS] fetching fresh data
2026-09-04 07:47:30,916 [INFO] src.ingestion: [BHARTIARTL.NS] fetching fresh data
2026-09-04 07:47:31,834 [INFO] src.ingestion: [IDEA.NS] fetching fresh data
2026-09-04 07:47:32,589 [INFO] src.ingestion: [INDUSTOWER.NS] fetching fresh data
2026-09-04 07:47:33,393 [INFO] src.ingestion: [PVRINOX.NS] fetching fresh data
2026-09-04 07:47:34,304 [INFO] src.ingestion: [ZEEL.NS] fetching fresh data
2026-09-04 07:47:35,126 [INFO] src.ingestion: [ADANIPORTS.NS] fetching fresh data
2026-09-04 07:47:35,841 [INFO] src.ingestion: [ADANIENT.NS] fetching fresh data
2026-09-04 07:47:36,555 [INFO] src.ingestion: [GMRAIRPORT.NS] fetching fresh data
2026-09-04 07:47:37,329 [INFO] src.ingestion: [CONCOR.NS] fetching fresh data
2026-09-04 07:47:38,210 [INFO] src.ingestion: [IRCTC.NS] fetching fresh data
2026-09-04 07:47:39,094 [INFO] src.ingestion: [INDIGO.NS] fetching fresh data
2026-09-04 07:47:39,937 [INFO] src.ingestion: [RVNL.NS] fetching fresh data
2026-09-04 07:47:40,681 [INFO] src.ingestion: [IRCON.NS] fetching fresh data
2026-09-04 07:47:41,505 [INFO] src.ingestion: [NBCC.NS] fetching fresh data
2026-09-04 07:47:42,362 [INFO] src.ingestion: [NCC.NS] fetching fresh data
2026-09-04 07:47:43,176 [INFO] src.ingestion: [MAZDOCK.NS] fetching fresh data
2026-09-04 07:47:44,008 [INFO] src.ingestion: [COCHINSHIP.NS] fetching fresh data
2026-09-04 07:47:44,830 [INFO] src.ingestion: [DLF.NS] fetching fresh data
2026-09-04 07:47:45,603 [INFO] src.ingestion: [GODREJPROP.NS] fetching fresh data
2026-09-04 07:47:46,334 [INFO] src.ingestion: [OBEROIRLTY.NS] fetching fresh data
2026-09-04 07:47:47,103 [INFO] src.ingestion: [PRESTIGE.NS] fetching fresh data
2026-09-04 07:47:47,939 [INFO] src.ingestion: [PHOENIXLTD.NS] fetching fresh data
2026-09-04 07:47:48,767 [INFO] src.ingestion: [SOBHA.NS] fetching fresh data
2026-09-04 07:47:49,539 [INFO] src.ingestion: Fetched 200/201 tickers successfully
2026-09-04 07:47:49,539 [WARNING] src.ingestion: Failed tickers (excluded from downstream, not silently zeroed): ['LTIM.NS']
2026-09-04 07:47:49,539 [INFO] __main__: Ingestion validation passed: 200/201 tickers (100%)
2026-09-04 07:47:49,540 [INFO] __main__: === Stage 2/8: Cleaning ===
2026-09-04 07:47:49,548 [WARNING] src.cleaning: [LTIM.NS] EXCLUDED: ingestion failed: yfinance returned an empty info payload for LTIM.NS (no exception, but no usable data — likely a transient Yahoo-side issue or an invalid/delisted symbol)
2026-09-04 07:47:49,548 [INFO] src.cleaning: [AARTIIND.NS] non-critical missing fields: ['return_on_equity']
2026-09-04 07:47:49,548 [INFO] src.cleaning: [ABBOTINDIA.NS] non-critical missing fields: ['return_on_equity']
2026-09-04 07:47:49,548 [INFO] src.cleaning: [ACC.NS] non-critical missing fields: ['return_on_equity']
2026-09-04 07:47:49,548 [INFO] src.cleaning: [ADANIENT.NS] non-critical missing fields: ['return_on_equity']
2026-09-04 07:47:49,548 [INFO] src.cleaning: [ADANIGREEN.NS] non-critical missing fields: ['return_on_equity']
2026-09-04 07:47:49,549 [INFO] src.cleaning: [ADANIPORTS.NS] non-critical missing fields: ['return_on_equity']
2026-09-04 07:47:49,549 [INFO] src.cleaning: [ADANIPOWER.NS] non-critical missing fields: ['return_on_equity']
2026-09-04 07:47:49,549 [INFO] src.cleaning: [ALKEM.NS] non-critical missing fields: ['return_on_equity']
2026-09-04 07:47:49,549 [INFO] src.cleaning: [AMBUJACEM.NS] non-critical missing fields: ['return_on_equity']
2026-09-04 07:47:49,549 [INFO] src.cleaning: [APLAPOLLO.NS] non-critical missing fields: ['return_on_equity']
2026-09-04 07:47:49,549 [INFO] src.cleaning: [APOLLOHOSP.NS] non-critical missing fields: ['return_on_equity']
2026-09-04 07:47:49,549 [INFO] src.cleaning: [ARE&M.NS] non-critical missing fields: ['return_on_equity']
2026-09-04 07:47:49,549 [INFO] src.cleaning: [ASHOKLEY.NS] non-critical missing fields: ['return_on_equity']
2026-09-04 07:47:49,549 [INFO] src.cleaning: [ASTRAL.NS] non-critical missing fields: ['return_on_equity']
2026-09-04 07:47:49,549 [INFO] src.cleaning: [AUBANK.NS] non-critical missing fields: ['ev_to_ebitda', 'return_on_equity', 'debt_to_equity']
2026-09-04 07:47:49,549 [INFO] src.cleaning: [AUROPHARMA.NS] non-critical missing fields: ['return_on_equity']
2026-09-04 07:47:49,549 [INFO] src.cleaning: [AXISBANK.NS] non-critical missing fields: ['ev_to_ebitda', 'debt_to_equity']
2026-09-04 07:47:49,549 [INFO] src.cleaning: [BAJAJ-AUTO.NS] non-critical missing fields: ['return_on_equity']
2026-09-04 07:47:49,549 [INFO] src.cleaning: [BAJAJFINSV.NS] non-critical missing fields: ['return_on_equity']
2026-09-04 07:47:49,549 [WARNING] src.cleaning: [BAJAJHLDNG.NS] outlier values flagged: ['net_margin']
2026-09-04 07:47:49,549 [INFO] src.cleaning: [BAJFINANCE.NS] non-critical missing fields: ['ev_to_ebitda', 'return_on_equity']
2026-09-04 07:47:49,549 [INFO] src.cleaning: [BANDHANBNK.NS] non-critical missing fields: ['ev_to_ebitda', 'return_on_equity', 'debt_to_equity']
2026-09-04 07:47:49,549 [INFO] src.cleaning: [BANKBARODA.NS] non-critical missing fields: ['ev_to_ebitda', 'debt_to_equity']
2026-09-04 07:47:49,549 [INFO] src.cleaning: [BANKINDIA.NS] non-critical missing fields: ['ev_to_ebitda', 'debt_to_equity']
2026-09-04 07:47:49,549 [INFO] src.cleaning: [BATAINDIA.NS] non-critical missing fields: ['return_on_equity']
2026-09-04 07:47:49,549 [INFO] src.cleaning: [BEL.NS] non-critical missing fields: ['return_on_equity']
2026-09-04 07:47:49,549 [INFO] src.cleaning: [BHARATFORG.NS] non-critical missing fields: ['return_on_equity']
2026-09-04 07:47:49,550 [INFO] src.cleaning: [BHEL.NS] non-critical missing fields: ['return_on_equity']
2026-09-04 07:47:49,550 [INFO] src.cleaning: [BIOCON.NS] non-critical missing fields: ['return_on_equity']
2026-09-04 07:47:49,550 [INFO] src.cleaning: [BLUESTARCO.NS] non-critical missing fields: ['return_on_equity']
2026-09-04 07:47:49,550 [INFO] src.cleaning: [BOSCHLTD.NS] non-critical missing fields: ['return_on_equity']
2026-09-04 07:47:49,550 [INFO] src.cleaning: [BPCL.NS] non-critical missing fields: ['return_on_equity']
2026-09-04 07:47:49,550 [INFO] src.cleaning: [BRITANNIA.NS] non-critical missing fields: ['return_on_equity']
2026-09-04 07:47:49,550 [INFO] src.cleaning: [CANBK.NS] non-critical missing fields: ['ev_to_ebitda', 'return_on_equity', 'debt_to_equity']
2026-09-04 07:47:49,550 [INFO] src.cleaning: [CARBORUNIV.NS] non-critical missing fields: ['return_on_equity']
2026-09-04 07:47:49,550 [INFO] src.cleaning: [CENTRALBK.NS] non-critical missing fields: ['ev_to_ebitda', 'debt_to_equity']
2026-09-04 07:47:49,550 [INFO] src.cleaning: [CHAMBLFERT.NS] non-critical missing fields: ['return_on_equity']
2026-09-04 07:47:49,550 [INFO] src.cleaning: [CHOLAFIN.NS] non-critical missing fields: ['ev_to_ebitda', 'return_on_equity']
2026-09-04 07:47:49,550 [INFO] src.cleaning: [CIPLA.NS] non-critical missing fields: ['return_on_equity']
2026-09-04 07:47:49,550 [INFO] src.cleaning: [COALINDIA.NS] non-critical missing fields: ['return_on_equity']
2026-09-04 07:47:49,550 [INFO] src.cleaning: [COCHINSHIP.NS] non-critical missing fields: ['return_on_equity']
2026-09-04 07:47:49,550 [INFO] src.cleaning: [COFORGE.NS] non-critical missing fields: ['return_on_equity']
2026-09-04 07:47:49,550 [INFO] src.cleaning: [COLPAL.NS] non-critical missing fields: ['return_on_equity']
2026-09-04 07:47:49,550 [INFO] src.cleaning: [CONCOR.NS] non-critical missing fields: ['return_on_equity']
2026-09-04 07:47:49,550 [INFO] src.cleaning: [COROMANDEL.NS] non-critical missing fields: ['return_on_equity']
2026-09-04 07:47:49,550 [INFO] src.cleaning: [CROMPTON.NS] non-critical missing fields: ['trailing_pe', 'return_on_equity']
2026-09-04 07:47:49,550 [INFO] src.cleaning: [CUMMINSIND.NS] non-critical missing fields: ['return_on_equity']
2026-09-04 07:47:49,550 [INFO] src.cleaning: [CYIENT.NS] non-critical missing fields: ['return_on_equity']
2026-09-04 07:47:49,550 [INFO] src.cleaning: [DABUR.NS] non-critical missing fields: ['return_on_equity']
2026-09-04 07:47:49,551 [INFO] src.cleaning: [DALBHARAT.NS] non-critical missing fields: ['return_on_equity']
2026-09-04 07:47:49,551 [INFO] src.cleaning: [DEEPAKNTR.NS] non-critical missing fields: ['return_on_equity']
2026-09-04 07:47:49,551 [INFO] src.cleaning: [DIVISLAB.NS] non-critical missing fields: ['return_on_equity']
2026-09-04 07:47:49,551 [INFO] src.cleaning: [DIXON.NS] non-critical missing fields: ['return_on_equity']
2026-09-04 07:47:49,551 [INFO] src.cleaning: [DMART.NS] non-critical missing fields: ['return_on_equity']
2026-09-04 07:47:49,551 [INFO] src.cleaning: [EICHERMOT.NS] non-critical missing fields: ['return_on_equity']
2026-09-04 07:47:49,551 [INFO] src.cleaning: [EMAMILTD.NS] non-critical missing fields: ['return_on_equity']
2026-09-04 07:47:49,551 [INFO] src.cleaning: [ENDURANCE.NS] non-critical missing fields: ['return_on_equity']
2026-09-04 07:47:49,551 [INFO] src.cleaning: [EXIDEIND.NS] non-critical missing fields: ['return_on_equity']
2026-09-04 07:47:49,551 [INFO] src.cleaning: [FEDERALBNK.NS] non-critical missing fields: ['ev_to_ebitda', 'return_on_equity', 'debt_to_equity']
2026-09-04 07:47:49,551 [INFO] src.cleaning: [FORTIS.NS] non-critical missing fields: ['return_on_equity']
2026-09-04 07:47:49,551 [INFO] src.cleaning: [GAIL.NS] non-critical missing fields: ['return_on_equity']
2026-09-04 07:47:49,551 [INFO] src.cleaning: [GHCL.NS] non-critical missing fields: ['return_on_equity']
2026-09-04 07:47:49,551 [INFO] src.cleaning: [GICRE.NS] non-critical missing fields: ['ev_to_ebitda', 'debt_to_equity']
2026-09-04 07:47:49,551 [INFO] src.cleaning: [GILLETTE.NS] non-critical missing fields: ['return_on_equity']
2026-09-04 07:47:49,551 [INFO] src.cleaning: [GLAND.NS] non-critical missing fields: ['return_on_equity']
2026-09-04 07:47:49,551 [INFO] src.cleaning: [GLENMARK.NS] non-critical missing fields: ['return_on_equity']
2026-09-04 07:47:49,551 [WARNING] src.cleaning: [GMRAIRPORT.NS] negative/zero equity — DuPont ROE math will be invalid downstream
2026-09-04 07:47:49,551 [INFO] src.cleaning: [GMRAIRPORT.NS] non-critical missing fields: ['return_on_equity', 'debt_to_equity']
2026-09-04 07:47:49,551 [INFO] src.cleaning: [GNFC.NS] non-critical missing fields: ['return_on_equity']
2026-09-04 07:47:49,551 [INFO] src.cleaning: [GODREJCP.NS] non-critical missing fields: ['return_on_equity']
2026-09-04 07:47:49,551 [INFO] src.cleaning: [GODREJPROP.NS] non-critical missing fields: ['return_on_equity']
2026-09-04 07:47:49,552 [INFO] src.cleaning: [GRINDWELL.NS] non-critical missing fields: ['return_on_equity']
2026-09-04 07:47:49,552 [INFO] src.cleaning: [HAL.NS] non-critical missing fields: ['return_on_equity']
2026-09-04 07:47:49,552 [INFO] src.cleaning: [HAVELLS.NS] non-critical missing fields: ['return_on_equity']
2026-09-04 07:47:49,552 [WARNING] src.cleaning: [HCLTECH.NS] outlier values flagged: ['ev_to_ebitda']
2026-09-04 07:47:49,552 [INFO] src.cleaning: [HDFCBANK.NS] non-critical missing fields: ['ev_to_ebitda', 'debt_to_equity']
2026-09-04 07:47:49,552 [INFO] src.cleaning: [HEIDELBERG.NS] non-critical missing fields: ['return_on_equity']
2026-09-04 07:47:49,552 [INFO] src.cleaning: [HEROMOTOCO.NS] non-critical missing fields: ['return_on_equity']
2026-09-04 07:47:49,552 [INFO] src.cleaning: [HINDALCO.NS] non-critical missing fields: ['return_on_equity']
2026-09-04 07:47:49,552 [INFO] src.cleaning: [HINDCOPPER.NS] non-critical missing fields: ['return_on_equity']
2026-09-04 07:47:49,552 [INFO] src.cleaning: [HINDUNILVR.NS] non-critical missing fields: ['return_on_equity']
2026-09-04 07:47:49,552 [INFO] src.cleaning: [HINDZINC.NS] non-critical missing fields: ['return_on_equity']
2026-09-04 07:47:49,552 [INFO] src.cleaning: [HUDCO.NS] non-critical missing fields: ['ev_to_ebitda', 'return_on_equity']
2026-09-04 07:47:49,552 [INFO] src.cleaning: [ICICIBANK.NS] non-critical missing fields: ['ev_to_ebitda', 'debt_to_equity']
2026-09-04 07:47:49,552 [INFO] src.cleaning: [ICICIGI.NS] non-critical missing fields: ['debt_to_equity']
2026-09-04 07:47:49,552 [WARNING] src.cleaning: [IDEA.NS] negative/zero equity — DuPont ROE math will be invalid downstream
2026-09-04 07:47:49,552 [INFO] src.cleaning: [IDEA.NS] non-critical missing fields: ['return_on_equity', 'debt_to_equity']
2026-09-04 07:47:49,552 [INFO] src.cleaning: [IDFCFIRSTB.NS] non-critical missing fields: ['ev_to_ebitda', 'return_on_equity', 'debt_to_equity', 'total_debt']
2026-09-04 07:47:49,552 [INFO] src.cleaning: [INDIGO.NS] non-critical missing fields: ['trailing_pe', 'return_on_equity']
2026-09-04 07:47:49,552 [INFO] src.cleaning: [INDUSINDBK.NS] non-critical missing fields: ['ev_to_ebitda', 'return_on_equity', 'debt_to_equity']
2026-09-04 07:47:49,552 [WARNING] src.cleaning: [INFY.NS] outlier values flagged: ['ev_to_ebitda']
2026-09-04 07:47:49,553 [INFO] src.cleaning: [IOB.NS] non-critical missing fields: ['ev_to_ebitda', 'debt_to_equity']
2026-09-04 07:47:49,553 [INFO] src.cleaning: [IOC.NS] non-critical missing fields: ['return_on_equity']
2026-09-04 07:47:49,553 [INFO] src.cleaning: [IPCALAB.NS] non-critical missing fields: ['return_on_equity']
2026-09-04 07:47:49,553 [INFO] src.cleaning: [IRCON.NS] non-critical missing fields: ['return_on_equity']
2026-09-04 07:47:49,553 [INFO] src.cleaning: [IRCTC.NS] non-critical missing fields: ['return_on_equity']
2026-09-04 07:47:49,553 [INFO] src.cleaning: [IRFC.NS] non-critical missing fields: ['ev_to_ebitda', 'return_on_equity']
2026-09-04 07:47:49,553 [INFO] src.cleaning: [ITC.NS] non-critical missing fields: ['return_on_equity']
2026-09-04 07:47:49,553 [INFO] src.cleaning: [JINDALSTEL.NS] non-critical missing fields: ['return_on_equity']
2026-09-04 07:47:49,553 [INFO] src.cleaning: [JKCEMENT.NS] non-critical missing fields: ['return_on_equity']
2026-09-04 07:47:49,553 [INFO] src.cleaning: [JSL.NS] non-critical missing fields: ['return_on_equity']
2026-09-04 07:47:49,553 [INFO] src.cleaning: [JSWSTEEL.NS] non-critical missing fields: ['return_on_equity']
2026-09-04 07:47:49,553 [INFO] src.cleaning: [JUBLFOOD.NS] non-critical missing fields: ['return_on_equity']
2026-09-04 07:47:49,553 [INFO] src.cleaning: [KAJARIACER.NS] non-critical missing fields: ['return_on_equity']
2026-09-04 07:47:49,553 [INFO] src.cleaning: [KEI.NS] non-critical missing fields: ['return_on_equity']
2026-09-04 07:47:49,553 [INFO] src.cleaning: [KOTAKBANK.NS] non-critical missing fields: ['ev_to_ebitda', 'return_on_equity', 'debt_to_equity']
2026-09-04 07:47:49,553 [INFO] src.cleaning: [KPITTECH.NS] non-critical missing fields: ['return_on_equity']
2026-09-04 07:47:49,553 [INFO] src.cleaning: [LALPATHLAB.NS] non-critical missing fields: ['return_on_equity']
2026-09-04 07:47:49,553 [INFO] src.cleaning: [LAURUSLABS.NS] non-critical missing fields: ['return_on_equity']
2026-09-04 07:47:49,554 [INFO] src.cleaning: [LICHSGFIN.NS] non-critical missing fields: ['ev_to_ebitda', 'return_on_equity']
2026-09-04 07:47:49,554 [INFO] src.cleaning: [LICI.NS] non-critical missing fields: ['return_on_equity']
2026-09-04 07:47:49,554 [INFO] src.cleaning: [LTTS.NS] non-critical missing fields: ['return_on_equity']
2026-09-04 07:47:49,554 [INFO] src.cleaning: [LT.NS] non-critical missing fields: ['return_on_equity']
2026-09-04 07:47:49,554 [INFO] src.cleaning: [LUPIN.NS] non-critical missing fields: ['return_on_equity']
2026-09-04 07:47:49,554 [INFO] src.cleaning: [M&M.NS] non-critical missing fields: ['return_on_equity']
2026-09-04 07:47:49,554 [INFO] src.cleaning: [MANAPPURAM.NS] non-critical missing fields: ['ev_to_ebitda', 'return_on_equity']
2026-09-04 07:47:49,554 [INFO] src.cleaning: [MARICO.NS] non-critical missing fields: ['return_on_equity']
2026-09-04 07:47:49,554 [INFO] src.cleaning: [MARUTI.NS] non-critical missing fields: ['return_on_equity']
2026-09-04 07:47:49,554 [INFO] src.cleaning: [MAZDOCK.NS] non-critical missing fields: ['return_on_equity']
2026-09-04 07:47:49,554 [INFO] src.cleaning: [METROPOLIS.NS] non-critical missing fields: ['return_on_equity']
2026-09-04 07:47:49,554 [INFO] src.cleaning: [MOTHERSON.NS] non-critical missing fields: ['return_on_equity']
2026-09-04 07:47:49,554 [INFO] src.cleaning: [MRF.NS] non-critical missing fields: ['return_on_equity']
2026-09-04 07:47:49,554 [INFO] src.cleaning: [MUTHOOTFIN.NS] non-critical missing fields: ['ev_to_ebitda']
2026-09-04 07:47:49,554 [INFO] src.cleaning: [NATIONALUM.NS] non-critical missing fields: ['return_on_equity']
2026-09-04 07:47:49,554 [INFO] src.cleaning: [NAVINFLUOR.NS] non-critical missing fields: ['return_on_equity']
2026-09-04 07:47:49,554 [INFO] src.cleaning: [NBCC.NS] non-critical missing fields: ['return_on_equity']
2026-09-04 07:47:49,554 [INFO] src.cleaning: [NCC.NS] non-critical missing fields: ['return_on_equity']
2026-09-04 07:47:49,554 [INFO] src.cleaning: [NESTLEIND.NS] non-critical missing fields: ['return_on_equity']
2026-09-04 07:47:49,554 [INFO] src.cleaning: [NMDC.NS] non-critical missing fields: ['return_on_equity']
2026-09-04 07:47:49,554 [INFO] src.cleaning: [NTPC.NS] non-critical missing fields: ['return_on_equity']
2026-09-04 07:47:49,554 [INFO] src.cleaning: [OBEROIRLTY.NS] non-critical missing fields: ['return_on_equity']
2026-09-04 07:47:49,555 [INFO] src.cleaning: [ONGC.NS] non-critical missing fields: ['return_on_equity']
2026-09-04 07:47:49,555 [INFO] src.cleaning: [PAGEIND.NS] non-critical missing fields: ['return_on_equity']
2026-09-04 07:47:49,555 [INFO] src.cleaning: [PFC.NS] non-critical missing fields: ['ev_to_ebitda', 'return_on_equity']
2026-09-04 07:47:49,555 [INFO] src.cleaning: [PGHH.NS] non-critical missing fields: ['return_on_equity']
2026-09-04 07:47:49,555 [INFO] src.cleaning: [PHOENIXLTD.NS] non-critical missing fields: ['return_on_equity']
2026-09-04 07:47:49,555 [INFO] src.cleaning: [PIDILITIND.NS] non-critical missing fields: ['return_on_equity']
2026-09-04 07:47:49,555 [INFO] src.cleaning: [PIIND.NS] non-critical missing fields: ['return_on_equity']
2026-09-04 07:47:49,555 [INFO] src.cleaning: [PNB.NS] non-critical missing fields: ['ev_to_ebitda', 'debt_to_equity']
2026-09-04 07:47:49,555 [INFO] src.cleaning: [POONAWALLA.NS] non-critical missing fields: ['ev_to_ebitda', 'return_on_equity']
2026-09-04 07:47:49,555 [INFO] src.cleaning: [POWERGRID.NS] non-critical missing fields: ['return_on_equity']
2026-09-04 07:47:49,555 [INFO] src.cleaning: [PVRINOX.NS] non-critical missing fields: ['return_on_equity']
2026-09-04 07:47:49,555 [INFO] src.cleaning: [RAMCOCEM.NS] non-critical missing fields: ['return_on_equity']
2026-09-04 07:47:49,555 [INFO] src.cleaning: [RATNAMANI.NS] non-critical missing fields: ['return_on_equity']
2026-09-04 07:47:49,555 [INFO] src.cleaning: [RBLBANK.NS] non-critical missing fields: ['ev_to_ebitda', 'return_on_equity', 'debt_to_equity']
2026-09-04 07:47:49,555 [INFO] src.cleaning: [RECLTD.NS] non-critical missing fields: ['ev_to_ebitda', 'return_on_equity']
2026-09-04 07:47:49,555 [INFO] src.cleaning: [RELAXO.NS] non-critical missing fields: ['return_on_equity']
2026-09-04 07:47:49,555 [INFO] src.cleaning: [RELIANCE.NS] non-critical missing fields: ['return_on_equity']
2026-09-04 07:47:49,555 [INFO] src.cleaning: [RVNL.NS] non-critical missing fields: ['return_on_equity']
2026-09-04 07:47:49,555 [INFO] src.cleaning: [SAIL.NS] non-critical missing fields: ['return_on_equity']
2026-09-04 07:47:49,555 [INFO] src.cleaning: [SBICARD.NS] non-critical missing fields: ['ev_to_ebitda', 'return_on_equity']
2026-09-04 07:47:49,555 [INFO] src.cleaning: [SBILIFE.NS] non-critical missing fields: ['debt_to_equity']
2026-09-04 07:47:49,555 [INFO] src.cleaning: [SBIN.NS] non-critical missing fields: ['ev_to_ebitda', 'debt_to_equity']
2026-09-04 07:47:49,556 [INFO] src.cleaning: [SHREECEM.NS] non-critical missing fields: ['return_on_equity']
2026-09-04 07:47:49,556 [INFO] src.cleaning: [SHRIRAMFIN.NS] non-critical missing fields: ['ev_to_ebitda']
2026-09-04 07:47:49,556 [INFO] src.cleaning: [SIEMENS.NS] non-critical missing fields: ['return_on_equity']
2026-09-04 07:47:49,556 [INFO] src.cleaning: [SKFINDIA.NS] non-critical missing fields: ['return_on_equity']
2026-09-04 07:47:49,556 [INFO] src.cleaning: [SOBHA.NS] non-critical missing fields: ['return_on_equity']
2026-09-04 07:47:49,556 [INFO] src.cleaning: [SRF.NS] non-critical missing fields: ['return_on_equity']
2026-09-04 07:47:49,556 [INFO] src.cleaning: [SUNDRMFAST.NS] non-critical missing fields: ['return_on_equity']
2026-09-04 07:47:49,556 [INFO] src.cleaning: [SUNPHARMA.NS] non-critical missing fields: ['return_on_equity']
2026-09-04 07:47:49,556 [INFO] src.cleaning: [SUPREMEIND.NS] non-critical missing fields: ['return_on_equity']
2026-09-04 07:47:49,556 [INFO] src.cleaning: [TATACHEM.NS] non-critical missing fields: ['trailing_pe', 'return_on_equity']
2026-09-04 07:47:49,556 [INFO] src.cleaning: [TATACONSUM.NS] non-critical missing fields: ['return_on_equity']
2026-09-04 07:47:49,556 [INFO] src.cleaning: [TATAELXSI.NS] non-critical missing fields: ['return_on_equity']
2026-09-04 07:47:49,556 [INFO] src.cleaning: [TATAPOWER.NS] non-critical missing fields: ['return_on_equity']
2026-09-04 07:47:49,556 [INFO] src.cleaning: [TATASTEEL.NS] non-critical missing fields: ['return_on_equity']
2026-09-04 07:47:49,556 [INFO] src.cleaning: [TECHM.NS] non-critical missing fields: ['return_on_equity']
2026-09-04 07:47:49,556 [INFO] src.cleaning: [THERMAX.NS] non-critical missing fields: ['return_on_equity']
2026-09-04 07:47:49,556 [INFO] src.cleaning: [TIMKEN.NS] non-critical missing fields: ['return_on_equity']
2026-09-04 07:47:49,556 [INFO] src.cleaning: [TITAN.NS] non-critical missing fields: ['return_on_equity']
2026-09-04 07:47:49,556 [INFO] src.cleaning: [TMCV.NS] non-critical missing fields: ['return_on_equity']
2026-09-04 07:47:49,556 [INFO] src.cleaning: [TMPV.NS] non-critical missing fields: ['trailing_pe', 'return_on_equity']
2026-09-04 07:47:49,556 [INFO] src.cleaning: [TORNTPHARM.NS] non-critical missing fields: ['return_on_equity']
2026-09-04 07:47:49,556 [INFO] src.cleaning: [TORNTPOWER.NS] non-critical missing fields: ['return_on_equity']
2026-09-04 07:47:49,556 [INFO] src.cleaning: [TRENT.NS] non-critical missing fields: ['return_on_equity']
2026-09-04 07:47:49,557 [INFO] src.cleaning: [TVSMOTOR.NS] non-critical missing fields: ['return_on_equity']
2026-09-04 07:47:49,557 [INFO] src.cleaning: [UCOBANK.NS] non-critical missing fields: ['ev_to_ebitda', 'debt_to_equity']
2026-09-04 07:47:49,557 [INFO] src.cleaning: [ULTRACEMCO.NS] non-critical missing fields: ['return_on_equity']
2026-09-04 07:47:49,557 [INFO] src.cleaning: [UNIONBANK.NS] non-critical missing fields: ['ev_to_ebitda', 'debt_to_equity', 'revenue_growth', 'total_debt']
2026-09-04 07:47:49,557 [INFO] src.cleaning: [UNITDSPR.NS] non-critical missing fields: ['return_on_equity']
2026-09-04 07:47:49,557 [INFO] src.cleaning: [UNOMINDA.NS] non-critical missing fields: ['return_on_equity']
2026-09-04 07:47:49,557 [INFO] src.cleaning: [UPL.NS] non-critical missing fields: ['return_on_equity']
2026-09-04 07:47:49,557 [INFO] src.cleaning: [VEDL.NS] non-critical missing fields: ['return_on_equity']
2026-09-04 07:47:49,557 [INFO] src.cleaning: [VOLTAS.NS] non-critical missing fields: ['return_on_equity']
2026-09-04 07:47:49,557 [INFO] src.cleaning: [WELCORP.NS] non-critical missing fields: ['return_on_equity']
2026-09-04 07:47:49,557 [INFO] src.cleaning: [WHIRLPOOL.NS] non-critical missing fields: ['return_on_equity']
2026-09-04 07:47:49,557 [INFO] src.cleaning: [ZEEL.NS] non-critical missing fields: ['return_on_equity']
2026-09-04 07:47:49,568 [INFO] src.cleaning: Cleaned 200/201 tickers -> data/processed/cleaned_universe.csv
2026-09-04 07:47:49,568 [INFO] src.cleaning: Full flag audit trail -> data/processed/cleaning_flags.csv
2026-09-04 07:47:49,569 [INFO] __main__: Cleaning validation passed: 200/201 tickers retained (100%)
2026-09-04 07:47:49,569 [INFO] __main__: === Stage 3/8: Scoring ===
2026-09-04 07:47:49,630 [INFO] src.scoring: Scored 200 companies -> data/processed/scored_universe.csv
2026-09-04 07:47:49,630 [INFO] src.scoring: Top 10 shortlist -> data/processed/shortlist_top_n.csv
2026-09-04 07:47:49,631 [WARNING] src.scoring: 24 companies scored on fewer than all 4 buckets (reweighted, not zero-filled) — see 'buckets_used' column: ['UNIONBANK.NS', 'IOB.NS', 'BANKINDIA.NS', 'CANBK.NS', 'PNB.NS', 'ICICIGI.NS', 'IDEA.NS', 'GICRE.NS', 'FEDERALBNK.NS', 'UCOBANK.NS', 'BANKBARODA.NS', 'SBIN.NS', 'AXISBANK.NS', 'ICICIBANK.NS', 'CENTRALBK.NS', 'KOTAKBANK.NS', 'SBILIFE.NS', 'HDFCBANK.NS', 'BANDHANBNK.NS', 'AUBANK.NS', 'IDFCFIRSTB.NS', 'GMRAIRPORT.NS', 'RBLBANK.NS', 'INDUSINDBK.NS']
2026-09-04 07:47:49,633 [INFO] __main__: Scoring validation passed: 200 companies ranked, all scores in valid range
2026-09-04 07:47:49,633 [INFO] __main__: === Stage 4/8: Comps + DuPont ===
2026-09-04 07:47:49,645 [INFO] src.comps_dupont: Comps + DuPont report for top 10 -> data/processed/comps_dupont_report.csv
2026-09-04 07:47:49,646 [WARNING] src.comps_dupont: 1 companies have a DuPont-implied ROE that diverges >5pp from reported ROE (possible data inconsistency, worth a manual check): ['IOB.NS']
2026-09-04 07:47:49,646 [INFO] __main__: === Stage 5/8: Explainability ===
2026-09-04 07:47:49,683 [INFO] src.explainability: Explanations for top 10 companies -> data/processed/explanations.csv
2026-09-04 07:47:49,683 [INFO] __main__: === Stage 6/8: Baseline Comparison ===
2026-09-04 07:47:49,691 [INFO] src.baseline_comparison: Baseline comparison -> data/processed/baseline_comparison.csv
2026-09-04 07:47:49,691 [INFO] __main__: === Stage 7/8: Acquisition Likelihood ===
2026-09-04 07:47:49,696 [INFO] src.acquisition_likelihood: 2 companies excluded from acquisition-likelihood scoring (negative/zero equity — financial distress, not a value-target thesis): ['IDEA.NS', 'GMRAIRPORT.NS']
2026-09-04 07:47:49,707 [INFO] src.acquisition_likelihood: Acquisition likelihood scoring -> data/processed/acquisition_likelihood.csv
2026-09-04 07:47:49,707 [INFO] __main__: === Stage 8/8: Historical Snapshot ===
2026-09-04 07:47:49,715 [INFO] src.history_tracker: Recorded shortlist snapshot for 2026-09-04 (10 companies) -> data/history/shortlist_history.csv (5 distinct days tracked so far)
2026-09-04 07:47:49,721 [INFO] src.history_tracker: Recorded acquisition-likelihood snapshot for 2026-09-04 (10 companies) -> data/history/acquisition_likelihood_history.csv (5 distinct days tracked so far)
2026-09-04 07:47:49,721 [INFO] __main__: === Pipeline completed successfully ===
2026-09-04 07:47:49,721 [INFO] __main__:   ingestion: {'total': 201, 'ok': 200}
2026-09-04 07:47:49,721 [INFO] __main__:   cleaning: {'retained': 200, 'input': 201}
2026-09-04 07:47:49,721 [INFO] __main__:   scoring: {'ranked': 200}
2026-09-04 07:47:49,721 [INFO] __main__:   comps_dupont: {'companies': 10}
2026-09-04 07:47:49,721 [INFO] __main__:   explainability: {'companies': 10}
2026-09-04 07:47:49,721 [INFO] __main__:   baseline_comparison: {'correlation': np.float64(0.47468586370663324), 'overlap_pct': 0.0}
2026-09-04 07:47:49,721 [INFO] __main__:   acquisition_likelihood: {'companies': 10}
2026-09-04 07:47:49,721 [INFO] __main__:   history_tracker: {'recorded': True}
