2026-08-18 03:43:24,639 [INFO] __main__: Logging to file: logs/pipeline_run_2026-08-18T03-43-24Z.log
2026-08-18 03:43:24,639 [INFO] __main__: === Stage 1/8: Ingestion ===
2026-08-18 03:43:24,670 [INFO] src.ingestion: [ACC.NS] fetching fresh data
2026-08-18 03:43:26,336 [INFO] src.ingestion: [AMBUJACEM.NS] fetching fresh data
2026-08-18 03:43:27,440 [INFO] src.ingestion: [ULTRACEMCO.NS] fetching fresh data
2026-08-18 03:43:28,470 [INFO] src.ingestion: [SHREECEM.NS] fetching fresh data
2026-08-18 03:43:29,557 [INFO] src.ingestion: [JKCEMENT.NS] fetching fresh data
2026-08-18 03:43:30,626 [INFO] src.ingestion: [RAMCOCEM.NS] fetching fresh data
2026-08-18 03:43:31,729 [INFO] src.ingestion: [HEIDELBERG.NS] fetching fresh data
2026-08-18 03:43:33,009 [INFO] src.ingestion: [DALBHARAT.NS] fetching fresh data
2026-08-18 03:43:34,121 [INFO] src.ingestion: [INFY.NS] fetching fresh data
2026-08-18 03:43:35,267 [INFO] src.ingestion: [TCS.NS] fetching fresh data
2026-08-18 03:43:36,340 [INFO] src.ingestion: [WIPRO.NS] fetching fresh data
2026-08-18 03:43:37,456 [INFO] src.ingestion: [HCLTECH.NS] fetching fresh data
2026-08-18 03:43:38,573 [INFO] src.ingestion: [TECHM.NS] fetching fresh data
2026-08-18 03:43:39,698 [INFO] src.ingestion: [LTIM.NS] fetching fresh data
2026-08-18 03:43:39,948 [ERROR] yfinance: HTTP Error 404: {"quoteSummary":{"result":null,"error":{"code":"Not Found","description":"Quote not found for symbol: LTIM.NS"}}}
2026-08-18 03:43:40,113 [WARNING] src.ingestion: [LTIM.NS] attempt 1 failed: yfinance returned an empty info payload for LTIM.NS (no exception, but no usable data — likely a transient Yahoo-side issue or an invalid/delisted symbol)
2026-08-18 03:43:42,435 [ERROR] yfinance: HTTP Error 404: {"quoteSummary":{"result":null,"error":{"code":"Not Found","description":"Quote not found for symbol: LTIM.NS"}}}
2026-08-18 03:43:42,528 [WARNING] src.ingestion: [LTIM.NS] attempt 2 failed: yfinance returned an empty info payload for LTIM.NS (no exception, but no usable data — likely a transient Yahoo-side issue or an invalid/delisted symbol)
2026-08-18 03:43:46,918 [ERROR] yfinance: HTTP Error 404: {"quoteSummary":{"result":null,"error":{"code":"Not Found","description":"Quote not found for symbol: LTIM.NS"}}}
2026-08-18 03:43:47,001 [WARNING] src.ingestion: [LTIM.NS] attempt 3 failed: yfinance returned an empty info payload for LTIM.NS (no exception, but no usable data — likely a transient Yahoo-side issue or an invalid/delisted symbol)
2026-08-18 03:43:47,402 [INFO] src.ingestion: [PERSISTENT.NS] fetching fresh data
2026-08-18 03:43:48,426 [INFO] src.ingestion: [COFORGE.NS] fetching fresh data
2026-08-18 03:43:49,604 [INFO] src.ingestion: [MPHASIS.NS] fetching fresh data
2026-08-18 03:43:50,911 [INFO] src.ingestion: [LTTS.NS] fetching fresh data
2026-08-18 03:43:51,922 [INFO] src.ingestion: [TATAELXSI.NS] fetching fresh data
2026-08-18 03:43:53,097 [INFO] src.ingestion: [CYIENT.NS] fetching fresh data
2026-08-18 03:43:54,131 [INFO] src.ingestion: [KPITTECH.NS] fetching fresh data
2026-08-18 03:43:55,325 [INFO] src.ingestion: [HDFCBANK.NS] fetching fresh data
2026-08-18 03:43:56,395 [INFO] src.ingestion: [ICICIBANK.NS] fetching fresh data
2026-08-18 03:43:57,504 [INFO] src.ingestion: [SBIN.NS] fetching fresh data
2026-08-18 03:43:58,625 [INFO] src.ingestion: [AXISBANK.NS] fetching fresh data
2026-08-18 03:43:59,695 [INFO] src.ingestion: [KOTAKBANK.NS] fetching fresh data
2026-08-18 03:44:00,785 [INFO] src.ingestion: [INDUSINDBK.NS] fetching fresh data
2026-08-18 03:44:01,972 [INFO] src.ingestion: [FEDERALBNK.NS] fetching fresh data
2026-08-18 03:44:02,960 [INFO] src.ingestion: [BANDHANBNK.NS] fetching fresh data
2026-08-18 03:44:04,045 [INFO] src.ingestion: [IDFCFIRSTB.NS] fetching fresh data
2026-08-18 03:44:05,097 [INFO] src.ingestion: [PNB.NS] fetching fresh data
2026-08-18 03:44:06,054 [INFO] src.ingestion: [BANKBARODA.NS] fetching fresh data
2026-08-18 03:44:07,039 [INFO] src.ingestion: [CANBK.NS] fetching fresh data
2026-08-18 03:44:08,027 [INFO] src.ingestion: [UNIONBANK.NS] fetching fresh data
2026-08-18 03:44:08,979 [INFO] src.ingestion: [AUBANK.NS] fetching fresh data
2026-08-18 03:44:10,146 [INFO] src.ingestion: [RBLBANK.NS] fetching fresh data
2026-08-18 03:44:11,224 [INFO] src.ingestion: [BANKINDIA.NS] fetching fresh data
2026-08-18 03:44:12,282 [INFO] src.ingestion: [CENTRALBK.NS] fetching fresh data
2026-08-18 03:44:13,304 [INFO] src.ingestion: [IOB.NS] fetching fresh data
2026-08-18 03:44:14,363 [INFO] src.ingestion: [UCOBANK.NS] fetching fresh data
2026-08-18 03:44:15,492 [INFO] src.ingestion: [BAJFINANCE.NS] fetching fresh data
2026-08-18 03:44:16,587 [INFO] src.ingestion: [BAJAJFINSV.NS] fetching fresh data
2026-08-18 03:44:17,700 [INFO] src.ingestion: [CHOLAFIN.NS] fetching fresh data
2026-08-18 03:44:18,808 [INFO] src.ingestion: [MUTHOOTFIN.NS] fetching fresh data
2026-08-18 03:44:19,893 [INFO] src.ingestion: [LICHSGFIN.NS] fetching fresh data
2026-08-18 03:44:20,855 [INFO] src.ingestion: [SHRIRAMFIN.NS] fetching fresh data
2026-08-18 03:44:22,025 [INFO] src.ingestion: [PFC.NS] fetching fresh data
2026-08-18 03:44:22,954 [INFO] src.ingestion: [RECLTD.NS] fetching fresh data
2026-08-18 03:44:23,969 [INFO] src.ingestion: [IRFC.NS] fetching fresh data
2026-08-18 03:44:25,056 [INFO] src.ingestion: [HUDCO.NS] fetching fresh data
2026-08-18 03:44:26,030 [INFO] src.ingestion: [BAJAJHLDNG.NS] fetching fresh data
2026-08-18 03:44:27,166 [INFO] src.ingestion: [SBICARD.NS] fetching fresh data
2026-08-18 03:44:28,231 [INFO] src.ingestion: [MANAPPURAM.NS] fetching fresh data
2026-08-18 03:44:29,380 [INFO] src.ingestion: [POONAWALLA.NS] fetching fresh data
2026-08-18 03:44:30,428 [INFO] src.ingestion: [HDFCLIFE.NS] fetching fresh data
2026-08-18 03:44:31,508 [INFO] src.ingestion: [SBILIFE.NS] fetching fresh data
2026-08-18 03:44:32,498 [INFO] src.ingestion: [ICICIPRULI.NS] fetching fresh data
2026-08-18 03:44:33,670 [INFO] src.ingestion: [ICICIGI.NS] fetching fresh data
2026-08-18 03:44:34,815 [INFO] src.ingestion: [LICI.NS] fetching fresh data
2026-08-18 03:44:35,989 [INFO] src.ingestion: [GICRE.NS] fetching fresh data
2026-08-18 03:44:37,121 [INFO] src.ingestion: [MARUTI.NS] fetching fresh data
2026-08-18 03:44:38,293 [INFO] src.ingestion: [TMPV.NS] fetching fresh data
2026-08-18 03:44:39,398 [INFO] src.ingestion: [TMCV.NS] fetching fresh data
2026-08-18 03:44:40,388 [INFO] src.ingestion: [M&M.NS] fetching fresh data
2026-08-18 03:44:41,439 [INFO] src.ingestion: [EICHERMOT.NS] fetching fresh data
2026-08-18 03:44:42,590 [INFO] src.ingestion: [HEROMOTOCO.NS] fetching fresh data
2026-08-18 03:44:43,633 [INFO] src.ingestion: [BAJAJ-AUTO.NS] fetching fresh data
2026-08-18 03:44:44,788 [INFO] src.ingestion: [TVSMOTOR.NS] fetching fresh data
2026-08-18 03:44:45,907 [INFO] src.ingestion: [ASHOKLEY.NS] fetching fresh data
2026-08-18 03:44:46,982 [INFO] src.ingestion: [BHARATFORG.NS] fetching fresh data
2026-08-18 03:44:48,088 [INFO] src.ingestion: [MOTHERSON.NS] fetching fresh data
2026-08-18 03:44:49,297 [INFO] src.ingestion: [BOSCHLTD.NS] fetching fresh data
2026-08-18 03:44:50,496 [INFO] src.ingestion: [MRF.NS] fetching fresh data
2026-08-18 03:44:51,661 [INFO] src.ingestion: [ENDURANCE.NS] fetching fresh data
2026-08-18 03:44:52,899 [INFO] src.ingestion: [EXIDEIND.NS] fetching fresh data
2026-08-18 03:44:53,955 [INFO] src.ingestion: [ARE&M.NS] fetching fresh data
2026-08-18 03:44:55,142 [INFO] src.ingestion: [SUNDRMFAST.NS] fetching fresh data
2026-08-18 03:44:56,235 [INFO] src.ingestion: [UNOMINDA.NS] fetching fresh data
2026-08-18 03:44:57,248 [INFO] src.ingestion: [SUNPHARMA.NS] fetching fresh data
2026-08-18 03:44:58,329 [INFO] src.ingestion: [DRREDDY.NS] fetching fresh data
2026-08-18 03:44:59,401 [INFO] src.ingestion: [CIPLA.NS] fetching fresh data
2026-08-18 03:45:00,624 [INFO] src.ingestion: [DIVISLAB.NS] fetching fresh data
2026-08-18 03:45:01,738 [INFO] src.ingestion: [LUPIN.NS] fetching fresh data
2026-08-18 03:45:02,765 [INFO] src.ingestion: [AUROPHARMA.NS] fetching fresh data
2026-08-18 03:45:03,888 [INFO] src.ingestion: [BIOCON.NS] fetching fresh data
2026-08-18 03:45:04,890 [INFO] src.ingestion: [TORNTPHARM.NS] fetching fresh data
2026-08-18 03:45:05,984 [INFO] src.ingestion: [ALKEM.NS] fetching fresh data
2026-08-18 03:45:07,019 [INFO] src.ingestion: [ABBOTINDIA.NS] fetching fresh data
2026-08-18 03:45:08,148 [INFO] src.ingestion: [APOLLOHOSP.NS] fetching fresh data
2026-08-18 03:45:09,246 [INFO] src.ingestion: [FORTIS.NS] fetching fresh data
2026-08-18 03:45:10,267 [INFO] src.ingestion: [LALPATHLAB.NS] fetching fresh data
2026-08-18 03:45:11,402 [INFO] src.ingestion: [METROPOLIS.NS] fetching fresh data
2026-08-18 03:45:12,480 [INFO] src.ingestion: [GLAND.NS] fetching fresh data
2026-08-18 03:45:13,488 [INFO] src.ingestion: [LAURUSLABS.NS] fetching fresh data
2026-08-18 03:45:14,619 [INFO] src.ingestion: [GLENMARK.NS] fetching fresh data
2026-08-18 03:45:15,803 [INFO] src.ingestion: [IPCALAB.NS] fetching fresh data
2026-08-18 03:45:16,905 [INFO] src.ingestion: [HINDUNILVR.NS] fetching fresh data
2026-08-18 03:45:17,920 [INFO] src.ingestion: [ITC.NS] fetching fresh data
2026-08-18 03:45:18,987 [INFO] src.ingestion: [NESTLEIND.NS] fetching fresh data
2026-08-18 03:45:19,966 [INFO] src.ingestion: [BRITANNIA.NS] fetching fresh data
2026-08-18 03:45:21,209 [INFO] src.ingestion: [DABUR.NS] fetching fresh data
2026-08-18 03:45:22,243 [INFO] src.ingestion: [GODREJCP.NS] fetching fresh data
2026-08-18 03:45:23,409 [INFO] src.ingestion: [MARICO.NS] fetching fresh data
2026-08-18 03:45:24,564 [INFO] src.ingestion: [COLPAL.NS] fetching fresh data
2026-08-18 03:45:25,582 [INFO] src.ingestion: [TATACONSUM.NS] fetching fresh data
2026-08-18 03:45:26,772 [INFO] src.ingestion: [VBL.NS] fetching fresh data
2026-08-18 03:45:27,887 [INFO] src.ingestion: [UNITDSPR.NS] fetching fresh data
2026-08-18 03:45:29,151 [INFO] src.ingestion: [EMAMILTD.NS] fetching fresh data
2026-08-18 03:45:30,230 [INFO] src.ingestion: [TATASTEEL.NS] fetching fresh data
2026-08-18 03:45:31,350 [INFO] src.ingestion: [JSWSTEEL.NS] fetching fresh data
2026-08-18 03:45:32,457 [INFO] src.ingestion: [HINDALCO.NS] fetching fresh data
2026-08-18 03:45:33,561 [INFO] src.ingestion: [VEDL.NS] fetching fresh data
2026-08-18 03:45:34,655 [INFO] src.ingestion: [COALINDIA.NS] fetching fresh data
2026-08-18 03:45:35,803 [INFO] src.ingestion: [NMDC.NS] fetching fresh data
2026-08-18 03:45:36,988 [INFO] src.ingestion: [SAIL.NS] fetching fresh data
2026-08-18 03:45:38,083 [INFO] src.ingestion: [JINDALSTEL.NS] fetching fresh data
2026-08-18 03:45:39,106 [INFO] src.ingestion: [APLAPOLLO.NS] fetching fresh data
2026-08-18 03:45:40,117 [INFO] src.ingestion: [NATIONALUM.NS] fetching fresh data
2026-08-18 03:45:41,162 [INFO] src.ingestion: [HINDCOPPER.NS] fetching fresh data
2026-08-18 03:45:42,352 [INFO] src.ingestion: [RATNAMANI.NS] fetching fresh data
2026-08-18 03:45:43,404 [INFO] src.ingestion: [HINDZINC.NS] fetching fresh data
2026-08-18 03:45:44,504 [INFO] src.ingestion: [WELCORP.NS] fetching fresh data
2026-08-18 03:45:45,592 [INFO] src.ingestion: [JSL.NS] fetching fresh data
2026-08-18 03:45:46,740 [INFO] src.ingestion: [RELIANCE.NS] fetching fresh data
2026-08-18 03:45:47,733 [INFO] src.ingestion: [ONGC.NS] fetching fresh data
2026-08-18 03:45:48,884 [INFO] src.ingestion: [BPCL.NS] fetching fresh data
2026-08-18 03:45:50,066 [INFO] src.ingestion: [IOC.NS] fetching fresh data
2026-08-18 03:45:51,213 [INFO] src.ingestion: [GAIL.NS] fetching fresh data
2026-08-18 03:45:52,315 [INFO] src.ingestion: [NTPC.NS] fetching fresh data
2026-08-18 03:45:53,386 [INFO] src.ingestion: [POWERGRID.NS] fetching fresh data
2026-08-18 03:45:54,507 [INFO] src.ingestion: [TATAPOWER.NS] fetching fresh data
2026-08-18 03:45:55,604 [INFO] src.ingestion: [ADANIGREEN.NS] fetching fresh data
2026-08-18 03:45:57,001 [INFO] src.ingestion: [ADANIPOWER.NS] fetching fresh data
2026-08-18 03:45:58,067 [INFO] src.ingestion: [TORNTPOWER.NS] fetching fresh data
2026-08-18 03:45:59,139 [INFO] src.ingestion: [LT.NS] fetching fresh data
2026-08-18 03:46:00,213 [INFO] src.ingestion: [SIEMENS.NS] fetching fresh data
2026-08-18 03:46:01,286 [INFO] src.ingestion: [ABB.NS] fetching fresh data
2026-08-18 03:46:02,318 [INFO] src.ingestion: [HAL.NS] fetching fresh data
2026-08-18 03:46:03,371 [INFO] src.ingestion: [BEL.NS] fetching fresh data
2026-08-18 03:46:04,464 [INFO] src.ingestion: [BHEL.NS] fetching fresh data
2026-08-18 03:46:05,503 [INFO] src.ingestion: [CUMMINSIND.NS] fetching fresh data
2026-08-18 03:46:06,622 [INFO] src.ingestion: [THERMAX.NS] fetching fresh data
2026-08-18 03:46:07,859 [INFO] src.ingestion: [POLYCAB.NS] fetching fresh data
2026-08-18 03:46:08,944 [INFO] src.ingestion: [KEI.NS] fetching fresh data
2026-08-18 03:46:10,052 [INFO] src.ingestion: [HAVELLS.NS] fetching fresh data
2026-08-18 03:46:11,166 [INFO] src.ingestion: [CROMPTON.NS] fetching fresh data
2026-08-18 03:46:12,415 [INFO] src.ingestion: [SUPREMEIND.NS] fetching fresh data
2026-08-18 03:46:13,658 [INFO] src.ingestion: [ASTRAL.NS] fetching fresh data
2026-08-18 03:46:14,772 [INFO] src.ingestion: [GRINDWELL.NS] fetching fresh data
2026-08-18 03:46:15,833 [INFO] src.ingestion: [CARBORUNIV.NS] fetching fresh data
2026-08-18 03:46:17,122 [INFO] src.ingestion: [TIMKEN.NS] fetching fresh data
2026-08-18 03:46:18,138 [INFO] src.ingestion: [SKFINDIA.NS] fetching fresh data
2026-08-18 03:46:19,202 [INFO] src.ingestion: [SRF.NS] fetching fresh data
2026-08-18 03:46:20,316 [INFO] src.ingestion: [PIIND.NS] fetching fresh data
2026-08-18 03:46:21,422 [INFO] src.ingestion: [DEEPAKNTR.NS] fetching fresh data
2026-08-18 03:46:22,492 [INFO] src.ingestion: [AARTIIND.NS] fetching fresh data
2026-08-18 03:46:23,659 [INFO] src.ingestion: [NAVINFLUOR.NS] fetching fresh data
2026-08-18 03:46:24,736 [INFO] src.ingestion: [UPL.NS] fetching fresh data
2026-08-18 03:46:25,891 [INFO] src.ingestion: [COROMANDEL.NS] fetching fresh data
2026-08-18 03:46:27,115 [INFO] src.ingestion: [CHAMBLFERT.NS] fetching fresh data
2026-08-18 03:46:28,142 [INFO] src.ingestion: [GNFC.NS] fetching fresh data
2026-08-18 03:46:29,307 [INFO] src.ingestion: [PIDILITIND.NS] fetching fresh data
2026-08-18 03:46:30,379 [INFO] src.ingestion: [TATACHEM.NS] fetching fresh data
2026-08-18 03:46:31,374 [INFO] src.ingestion: [GHCL.NS] fetching fresh data
2026-08-18 03:46:32,376 [INFO] src.ingestion: [TITAN.NS] fetching fresh data
2026-08-18 03:46:33,545 [INFO] src.ingestion: [DMART.NS] fetching fresh data
2026-08-18 03:46:34,563 [INFO] src.ingestion: [TRENT.NS] fetching fresh data
2026-08-18 03:46:35,578 [INFO] src.ingestion: [BATAINDIA.NS] fetching fresh data
2026-08-18 03:46:36,598 [INFO] src.ingestion: [PAGEIND.NS] fetching fresh data
2026-08-18 03:46:37,587 [INFO] src.ingestion: [JUBLFOOD.NS] fetching fresh data
2026-08-18 03:46:38,592 [INFO] src.ingestion: [VOLTAS.NS] fetching fresh data
2026-08-18 03:46:39,638 [INFO] src.ingestion: [DIXON.NS] fetching fresh data
2026-08-18 03:46:40,845 [INFO] src.ingestion: [RELAXO.NS] fetching fresh data
2026-08-18 03:46:41,881 [INFO] src.ingestion: [KAJARIACER.NS] fetching fresh data
2026-08-18 03:46:42,961 [INFO] src.ingestion: [WHIRLPOOL.NS] fetching fresh data
2026-08-18 03:46:44,085 [INFO] src.ingestion: [BLUESTARCO.NS] fetching fresh data
2026-08-18 03:46:45,145 [INFO] src.ingestion: [PGHH.NS] fetching fresh data
2026-08-18 03:46:46,250 [INFO] src.ingestion: [GILLETTE.NS] fetching fresh data
2026-08-18 03:46:47,234 [INFO] src.ingestion: [BHARTIARTL.NS] fetching fresh data
2026-08-18 03:46:48,260 [INFO] src.ingestion: [IDEA.NS] fetching fresh data
2026-08-18 03:46:49,310 [INFO] src.ingestion: [INDUSTOWER.NS] fetching fresh data
2026-08-18 03:46:50,336 [INFO] src.ingestion: [PVRINOX.NS] fetching fresh data
2026-08-18 03:46:51,406 [INFO] src.ingestion: [ZEEL.NS] fetching fresh data
2026-08-18 03:46:52,473 [INFO] src.ingestion: [ADANIPORTS.NS] fetching fresh data
2026-08-18 03:46:53,528 [INFO] src.ingestion: [ADANIENT.NS] fetching fresh data
2026-08-18 03:46:54,761 [INFO] src.ingestion: [GMRAIRPORT.NS] fetching fresh data
2026-08-18 03:46:55,885 [INFO] src.ingestion: [CONCOR.NS] fetching fresh data
2026-08-18 03:46:56,994 [INFO] src.ingestion: [IRCTC.NS] fetching fresh data
2026-08-18 03:46:58,099 [INFO] src.ingestion: [INDIGO.NS] fetching fresh data
2026-08-18 03:46:59,282 [INFO] src.ingestion: [RVNL.NS] fetching fresh data
2026-08-18 03:47:00,278 [INFO] src.ingestion: [IRCON.NS] fetching fresh data
2026-08-18 03:47:01,398 [INFO] src.ingestion: [NBCC.NS] fetching fresh data
2026-08-18 03:47:02,396 [INFO] src.ingestion: [NCC.NS] fetching fresh data
2026-08-18 03:47:03,553 [INFO] src.ingestion: [MAZDOCK.NS] fetching fresh data
2026-08-18 03:47:04,721 [INFO] src.ingestion: [COCHINSHIP.NS] fetching fresh data
2026-08-18 03:47:05,758 [INFO] src.ingestion: [DLF.NS] fetching fresh data
2026-08-18 03:47:06,982 [INFO] src.ingestion: [GODREJPROP.NS] fetching fresh data
2026-08-18 03:47:08,067 [INFO] src.ingestion: [OBEROIRLTY.NS] fetching fresh data
2026-08-18 03:47:09,082 [INFO] src.ingestion: [PRESTIGE.NS] fetching fresh data
2026-08-18 03:47:10,136 [INFO] src.ingestion: [PHOENIXLTD.NS] fetching fresh data
2026-08-18 03:47:11,223 [INFO] src.ingestion: [SOBHA.NS] fetching fresh data
2026-08-18 03:47:12,224 [INFO] src.ingestion: Fetched 200/201 tickers successfully
2026-08-18 03:47:12,225 [WARNING] src.ingestion: Failed tickers (excluded from downstream, not silently zeroed): ['LTIM.NS']
2026-08-18 03:47:12,225 [INFO] __main__: Ingestion validation passed: 200/201 tickers (100%)
2026-08-18 03:47:12,225 [INFO] __main__: === Stage 2/8: Cleaning ===
2026-08-18 03:47:12,233 [WARNING] src.cleaning: [ASHOKLEY.NS] EXCLUDED: missing critical fields: ['market_cap']
2026-08-18 03:47:12,233 [WARNING] src.cleaning: [BIOCON.NS] EXCLUDED: missing critical fields: ['market_cap']
2026-08-18 03:47:12,233 [WARNING] src.cleaning: [BOSCHLTD.NS] EXCLUDED: missing critical fields: ['market_cap']
2026-08-18 03:47:12,233 [WARNING] src.cleaning: [IOC.NS] EXCLUDED: missing critical fields: ['market_cap']
2026-08-18 03:47:12,233 [WARNING] src.cleaning: [JUBLFOOD.NS] EXCLUDED: missing critical fields: ['market_cap']
2026-08-18 03:47:12,233 [WARNING] src.cleaning: [LTIM.NS] EXCLUDED: ingestion failed: yfinance returned an empty info payload for LTIM.NS (no exception, but no usable data — likely a transient Yahoo-side issue or an invalid/delisted symbol)
2026-08-18 03:47:12,234 [WARNING] src.cleaning: [RECLTD.NS] EXCLUDED: missing critical fields: ['market_cap']
2026-08-18 03:47:12,234 [WARNING] src.cleaning: [RELIANCE.NS] EXCLUDED: missing critical fields: ['market_cap']
2026-08-18 03:47:12,234 [WARNING] src.cleaning: [TCS.NS] EXCLUDED: missing critical fields: ['market_cap']
2026-08-18 03:47:12,234 [WARNING] src.cleaning: [TVSMOTOR.NS] EXCLUDED: missing critical fields: ['market_cap']
2026-08-18 03:47:12,234 [INFO] src.cleaning: [AARTIIND.NS] non-critical missing fields: ['return_on_equity']
2026-08-18 03:47:12,234 [INFO] src.cleaning: [ABBOTINDIA.NS] non-critical missing fields: ['ev_to_ebitda', 'return_on_equity', 'total_debt']
2026-08-18 03:47:12,234 [INFO] src.cleaning: [ACC.NS] non-critical missing fields: ['return_on_equity']
2026-08-18 03:47:12,234 [INFO] src.cleaning: [ADANIENT.NS] non-critical missing fields: ['return_on_equity']
2026-08-18 03:47:12,234 [INFO] src.cleaning: [ADANIGREEN.NS] non-critical missing fields: ['return_on_equity']
2026-08-18 03:47:12,234 [INFO] src.cleaning: [ADANIPORTS.NS] non-critical missing fields: ['return_on_equity']
2026-08-18 03:47:12,234 [INFO] src.cleaning: [ADANIPOWER.NS] non-critical missing fields: ['return_on_equity']
2026-08-18 03:47:12,235 [INFO] src.cleaning: [ALKEM.NS] non-critical missing fields: ['return_on_equity']
2026-08-18 03:47:12,235 [INFO] src.cleaning: [AMBUJACEM.NS] non-critical missing fields: ['return_on_equity']
2026-08-18 03:47:12,235 [INFO] src.cleaning: [APLAPOLLO.NS] non-critical missing fields: ['return_on_equity']
2026-08-18 03:47:12,235 [INFO] src.cleaning: [APOLLOHOSP.NS] non-critical missing fields: ['return_on_equity']
2026-08-18 03:47:12,235 [INFO] src.cleaning: [ARE&M.NS] non-critical missing fields: ['return_on_equity']
2026-08-18 03:47:12,235 [INFO] src.cleaning: [ASTRAL.NS] non-critical missing fields: ['return_on_equity']
2026-08-18 03:47:12,235 [INFO] src.cleaning: [AUBANK.NS] non-critical missing fields: ['ev_to_ebitda', 'return_on_equity', 'debt_to_equity']
2026-08-18 03:47:12,235 [INFO] src.cleaning: [AUROPHARMA.NS] non-critical missing fields: ['return_on_equity']
2026-08-18 03:47:12,235 [INFO] src.cleaning: [AXISBANK.NS] non-critical missing fields: ['ev_to_ebitda', 'debt_to_equity']
2026-08-18 03:47:12,235 [INFO] src.cleaning: [BAJAJ-AUTO.NS] non-critical missing fields: ['return_on_equity']
2026-08-18 03:47:12,235 [INFO] src.cleaning: [BAJAJFINSV.NS] non-critical missing fields: ['return_on_equity']
2026-08-18 03:47:12,235 [WARNING] src.cleaning: [BAJAJHLDNG.NS] outlier values flagged: ['net_margin']
2026-08-18 03:47:12,235 [INFO] src.cleaning: [BAJFINANCE.NS] non-critical missing fields: ['ev_to_ebitda', 'return_on_equity']
2026-08-18 03:47:12,235 [INFO] src.cleaning: [BANDHANBNK.NS] non-critical missing fields: ['ev_to_ebitda', 'return_on_equity', 'debt_to_equity']
2026-08-18 03:47:12,235 [INFO] src.cleaning: [BANKBARODA.NS] non-critical missing fields: ['ev_to_ebitda', 'debt_to_equity']
2026-08-18 03:47:12,235 [INFO] src.cleaning: [BANKINDIA.NS] non-critical missing fields: ['ev_to_ebitda', 'debt_to_equity']
2026-08-18 03:47:12,235 [INFO] src.cleaning: [BATAINDIA.NS] non-critical missing fields: ['return_on_equity']
2026-08-18 03:47:12,235 [INFO] src.cleaning: [BEL.NS] non-critical missing fields: ['return_on_equity']
2026-08-18 03:47:12,235 [INFO] src.cleaning: [BHARATFORG.NS] non-critical missing fields: ['return_on_equity']
2026-08-18 03:47:12,235 [INFO] src.cleaning: [BHEL.NS] non-critical missing fields: ['return_on_equity']
2026-08-18 03:47:12,235 [INFO] src.cleaning: [BLUESTARCO.NS] non-critical missing fields: ['return_on_equity']
2026-08-18 03:47:12,235 [INFO] src.cleaning: [BPCL.NS] non-critical missing fields: ['return_on_equity']
2026-08-18 03:47:12,235 [INFO] src.cleaning: [BRITANNIA.NS] non-critical missing fields: ['return_on_equity']
2026-08-18 03:47:12,235 [INFO] src.cleaning: [CANBK.NS] non-critical missing fields: ['ev_to_ebitda', 'return_on_equity', 'debt_to_equity']
2026-08-18 03:47:12,235 [INFO] src.cleaning: [CARBORUNIV.NS] non-critical missing fields: ['return_on_equity']
2026-08-18 03:47:12,235 [INFO] src.cleaning: [CENTRALBK.NS] non-critical missing fields: ['ev_to_ebitda', 'debt_to_equity']
2026-08-18 03:47:12,235 [INFO] src.cleaning: [CHAMBLFERT.NS] non-critical missing fields: ['return_on_equity']
2026-08-18 03:47:12,235 [INFO] src.cleaning: [CHOLAFIN.NS] non-critical missing fields: ['ev_to_ebitda', 'return_on_equity']
2026-08-18 03:47:12,235 [INFO] src.cleaning: [CIPLA.NS] non-critical missing fields: ['return_on_equity']
2026-08-18 03:47:12,235 [INFO] src.cleaning: [COALINDIA.NS] non-critical missing fields: ['return_on_equity']
2026-08-18 03:47:12,235 [INFO] src.cleaning: [COFORGE.NS] non-critical missing fields: ['return_on_equity']
2026-08-18 03:47:12,235 [INFO] src.cleaning: [COLPAL.NS] non-critical missing fields: ['return_on_equity']
2026-08-18 03:47:12,235 [INFO] src.cleaning: [CONCOR.NS] non-critical missing fields: ['return_on_equity']
2026-08-18 03:47:12,235 [INFO] src.cleaning: [COROMANDEL.NS] non-critical missing fields: ['return_on_equity']
2026-08-18 03:47:12,236 [INFO] src.cleaning: [CROMPTON.NS] non-critical missing fields: ['trailing_pe', 'return_on_equity']
2026-08-18 03:47:12,236 [INFO] src.cleaning: [CUMMINSIND.NS] non-critical missing fields: ['return_on_equity']
2026-08-18 03:47:12,236 [INFO] src.cleaning: [CYIENT.NS] non-critical missing fields: ['return_on_equity']
2026-08-18 03:47:12,236 [INFO] src.cleaning: [DABUR.NS] non-critical missing fields: ['return_on_equity']
2026-08-18 03:47:12,236 [INFO] src.cleaning: [DALBHARAT.NS] non-critical missing fields: ['return_on_equity']
2026-08-18 03:47:12,236 [INFO] src.cleaning: [DEEPAKNTR.NS] non-critical missing fields: ['return_on_equity']
2026-08-18 03:47:12,236 [INFO] src.cleaning: [DIVISLAB.NS] non-critical missing fields: ['return_on_equity']
2026-08-18 03:47:12,236 [INFO] src.cleaning: [DIXON.NS] non-critical missing fields: ['return_on_equity']
2026-08-18 03:47:12,236 [INFO] src.cleaning: [DMART.NS] non-critical missing fields: ['return_on_equity']
2026-08-18 03:47:12,236 [INFO] src.cleaning: [EICHERMOT.NS] non-critical missing fields: ['return_on_equity']
2026-08-18 03:47:12,236 [INFO] src.cleaning: [EMAMILTD.NS] non-critical missing fields: ['return_on_equity']
2026-08-18 03:47:12,236 [INFO] src.cleaning: [ENDURANCE.NS] non-critical missing fields: ['return_on_equity']
2026-08-18 03:47:12,236 [INFO] src.cleaning: [EXIDEIND.NS] non-critical missing fields: ['return_on_equity']
2026-08-18 03:47:12,236 [INFO] src.cleaning: [FEDERALBNK.NS] non-critical missing fields: ['ev_to_ebitda', 'return_on_equity', 'debt_to_equity']
2026-08-18 03:47:12,236 [INFO] src.cleaning: [FORTIS.NS] non-critical missing fields: ['return_on_equity']
2026-08-18 03:47:12,236 [INFO] src.cleaning: [GAIL.NS] non-critical missing fields: ['return_on_equity']
2026-08-18 03:47:12,236 [INFO] src.cleaning: [GHCL.NS] non-critical missing fields: ['return_on_equity']
2026-08-18 03:47:12,236 [INFO] src.cleaning: [GICRE.NS] non-critical missing fields: ['ev_to_ebitda', 'debt_to_equity']
2026-08-18 03:47:12,237 [INFO] src.cleaning: [GILLETTE.NS] non-critical missing fields: ['return_on_equity']
2026-08-18 03:47:12,237 [INFO] src.cleaning: [GLAND.NS] non-critical missing fields: ['return_on_equity']
2026-08-18 03:47:12,237 [INFO] src.cleaning: [GLENMARK.NS] non-critical missing fields: ['return_on_equity']
2026-08-18 03:47:12,237 [WARNING] src.cleaning: [GMRAIRPORT.NS] negative/zero equity — DuPont ROE math will be invalid downstream
2026-08-18 03:47:12,237 [INFO] src.cleaning: [GMRAIRPORT.NS] non-critical missing fields: ['return_on_equity', 'debt_to_equity']
2026-08-18 03:47:12,237 [INFO] src.cleaning: [GNFC.NS] non-critical missing fields: ['return_on_equity']
2026-08-18 03:47:12,237 [INFO] src.cleaning: [GODREJCP.NS] non-critical missing fields: ['return_on_equity']
2026-08-18 03:47:12,237 [INFO] src.cleaning: [GODREJPROP.NS] non-critical missing fields: ['return_on_equity']
2026-08-18 03:47:12,237 [INFO] src.cleaning: [GRINDWELL.NS] non-critical missing fields: ['return_on_equity']
2026-08-18 03:47:12,237 [INFO] src.cleaning: [HAL.NS] non-critical missing fields: ['return_on_equity']
2026-08-18 03:47:12,237 [INFO] src.cleaning: [HAVELLS.NS] non-critical missing fields: ['return_on_equity']
2026-08-18 03:47:12,237 [WARNING] src.cleaning: [HCLTECH.NS] outlier values flagged: ['ev_to_ebitda']
2026-08-18 03:47:12,237 [INFO] src.cleaning: [HDFCBANK.NS] non-critical missing fields: ['ev_to_ebitda', 'debt_to_equity']
2026-08-18 03:47:12,237 [INFO] src.cleaning: [HEIDELBERG.NS] non-critical missing fields: ['return_on_equity']
2026-08-18 03:47:12,237 [INFO] src.cleaning: [HEROMOTOCO.NS] non-critical missing fields: ['return_on_equity']
2026-08-18 03:47:12,237 [INFO] src.cleaning: [HINDALCO.NS] non-critical missing fields: ['return_on_equity']
2026-08-18 03:47:12,237 [INFO] src.cleaning: [HINDCOPPER.NS] non-critical missing fields: ['return_on_equity']
2026-08-18 03:47:12,237 [INFO] src.cleaning: [HINDUNILVR.NS] non-critical missing fields: ['return_on_equity']
2026-08-18 03:47:12,237 [INFO] src.cleaning: [HINDZINC.NS] non-critical missing fields: ['return_on_equity']
2026-08-18 03:47:12,238 [INFO] src.cleaning: [HUDCO.NS] non-critical missing fields: ['ev_to_ebitda', 'return_on_equity']
2026-08-18 03:47:12,238 [INFO] src.cleaning: [ICICIBANK.NS] non-critical missing fields: ['ev_to_ebitda', 'debt_to_equity']
2026-08-18 03:47:12,238 [INFO] src.cleaning: [ICICIGI.NS] non-critical missing fields: ['debt_to_equity']
2026-08-18 03:47:12,238 [WARNING] src.cleaning: [IDEA.NS] negative/zero equity — DuPont ROE math will be invalid downstream
2026-08-18 03:47:12,238 [INFO] src.cleaning: [IDEA.NS] non-critical missing fields: ['return_on_equity', 'debt_to_equity']
2026-08-18 03:47:12,238 [INFO] src.cleaning: [IDFCFIRSTB.NS] non-critical missing fields: ['ev_to_ebitda', 'return_on_equity', 'debt_to_equity', 'total_debt']
2026-08-18 03:47:12,238 [INFO] src.cleaning: [INDIGO.NS] non-critical missing fields: ['trailing_pe', 'return_on_equity']
2026-08-18 03:47:12,238 [INFO] src.cleaning: [INDUSINDBK.NS] non-critical missing fields: ['ev_to_ebitda', 'return_on_equity', 'debt_to_equity']
2026-08-18 03:47:12,238 [WARNING] src.cleaning: [INFY.NS] outlier values flagged: ['ev_to_ebitda']
2026-08-18 03:47:12,238 [INFO] src.cleaning: [IOB.NS] non-critical missing fields: ['ev_to_ebitda', 'debt_to_equity']
2026-08-18 03:47:12,238 [INFO] src.cleaning: [IRCON.NS] non-critical missing fields: ['return_on_equity']
2026-08-18 03:47:12,238 [INFO] src.cleaning: [IRCTC.NS] non-critical missing fields: ['return_on_equity']
2026-08-18 03:47:12,238 [INFO] src.cleaning: [IRFC.NS] non-critical missing fields: ['ev_to_ebitda', 'return_on_equity']
2026-08-18 03:47:12,238 [INFO] src.cleaning: [ITC.NS] non-critical missing fields: ['return_on_equity']
2026-08-18 03:47:12,238 [INFO] src.cleaning: [JINDALSTEL.NS] non-critical missing fields: ['return_on_equity']
2026-08-18 03:47:12,238 [INFO] src.cleaning: [JKCEMENT.NS] non-critical missing fields: ['return_on_equity']
2026-08-18 03:47:12,238 [INFO] src.cleaning: [JSL.NS] non-critical missing fields: ['return_on_equity']
2026-08-18 03:47:12,238 [INFO] src.cleaning: [JSWSTEEL.NS] non-critical missing fields: ['return_on_equity']
2026-08-18 03:47:12,238 [INFO] src.cleaning: [KAJARIACER.NS] non-critical missing fields: ['return_on_equity']
2026-08-18 03:47:12,238 [INFO] src.cleaning: [KEI.NS] non-critical missing fields: ['return_on_equity']
2026-08-18 03:47:12,238 [INFO] src.cleaning: [KOTAKBANK.NS] non-critical missing fields: ['ev_to_ebitda', 'return_on_equity', 'debt_to_equity']
2026-08-18 03:47:12,238 [INFO] src.cleaning: [KPITTECH.NS] non-critical missing fields: ['return_on_equity']
2026-08-18 03:47:12,238 [INFO] src.cleaning: [LALPATHLAB.NS] non-critical missing fields: ['return_on_equity']
2026-08-18 03:47:12,238 [INFO] src.cleaning: [LAURUSLABS.NS] non-critical missing fields: ['return_on_equity']
2026-08-18 03:47:12,238 [INFO] src.cleaning: [LICHSGFIN.NS] non-critical missing fields: ['ev_to_ebitda', 'return_on_equity']
2026-08-18 03:47:12,238 [INFO] src.cleaning: [LICI.NS] non-critical missing fields: ['return_on_equity']
2026-08-18 03:47:12,238 [INFO] src.cleaning: [LTTS.NS] non-critical missing fields: ['return_on_equity']
2026-08-18 03:47:12,238 [INFO] src.cleaning: [LT.NS] non-critical missing fields: ['return_on_equity']
2026-08-18 03:47:12,238 [INFO] src.cleaning: [LUPIN.NS] non-critical missing fields: ['return_on_equity']
2026-08-18 03:47:12,238 [INFO] src.cleaning: [M&M.NS] non-critical missing fields: ['return_on_equity']
2026-08-18 03:47:12,238 [INFO] src.cleaning: [MANAPPURAM.NS] non-critical missing fields: ['ev_to_ebitda', 'return_on_equity']
2026-08-18 03:47:12,238 [INFO] src.cleaning: [MARICO.NS] non-critical missing fields: ['return_on_equity']
2026-08-18 03:47:12,238 [INFO] src.cleaning: [MARUTI.NS] non-critical missing fields: ['return_on_equity']
2026-08-18 03:47:12,238 [INFO] src.cleaning: [MAZDOCK.NS] non-critical missing fields: ['return_on_equity']
2026-08-18 03:47:12,238 [INFO] src.cleaning: [METROPOLIS.NS] non-critical missing fields: ['return_on_equity']
2026-08-18 03:47:12,238 [INFO] src.cleaning: [MOTHERSON.NS] non-critical missing fields: ['return_on_equity']
2026-08-18 03:47:12,239 [INFO] src.cleaning: [MRF.NS] non-critical missing fields: ['return_on_equity']
2026-08-18 03:47:12,239 [INFO] src.cleaning: [MUTHOOTFIN.NS] non-critical missing fields: ['ev_to_ebitda']
2026-08-18 03:47:12,239 [INFO] src.cleaning: [NATIONALUM.NS] non-critical missing fields: ['return_on_equity']
2026-08-18 03:47:12,239 [INFO] src.cleaning: [NAVINFLUOR.NS] non-critical missing fields: ['return_on_equity']
2026-08-18 03:47:12,239 [INFO] src.cleaning: [NBCC.NS] non-critical missing fields: ['return_on_equity']
2026-08-18 03:47:12,239 [INFO] src.cleaning: [NCC.NS] non-critical missing fields: ['return_on_equity']
2026-08-18 03:47:12,239 [INFO] src.cleaning: [NESTLEIND.NS] non-critical missing fields: ['return_on_equity']
2026-08-18 03:47:12,239 [INFO] src.cleaning: [NMDC.NS] non-critical missing fields: ['return_on_equity']
2026-08-18 03:47:12,239 [INFO] src.cleaning: [NTPC.NS] non-critical missing fields: ['return_on_equity']
2026-08-18 03:47:12,239 [INFO] src.cleaning: [OBEROIRLTY.NS] non-critical missing fields: ['return_on_equity']
2026-08-18 03:47:12,239 [INFO] src.cleaning: [ONGC.NS] non-critical missing fields: ['return_on_equity']
2026-08-18 03:47:12,239 [INFO] src.cleaning: [PAGEIND.NS] non-critical missing fields: ['return_on_equity']
2026-08-18 03:47:12,239 [INFO] src.cleaning: [PERSISTENT.NS] non-critical missing fields: ['return_on_equity']
2026-08-18 03:47:12,239 [INFO] src.cleaning: [PFC.NS] non-critical missing fields: ['ev_to_ebitda', 'return_on_equity']
2026-08-18 03:47:12,239 [INFO] src.cleaning: [PGHH.NS] non-critical missing fields: ['return_on_equity']
2026-08-18 03:47:12,239 [INFO] src.cleaning: [PHOENIXLTD.NS] non-critical missing fields: ['return_on_equity']
2026-08-18 03:47:12,239 [INFO] src.cleaning: [PIDILITIND.NS] non-critical missing fields: ['return_on_equity']
2026-08-18 03:47:12,239 [INFO] src.cleaning: [PIIND.NS] non-critical missing fields: ['return_on_equity']
2026-08-18 03:47:12,239 [INFO] src.cleaning: [PNB.NS] non-critical missing fields: ['ev_to_ebitda', 'debt_to_equity']
2026-08-18 03:47:12,240 [INFO] src.cleaning: [POONAWALLA.NS] non-critical missing fields: ['ev_to_ebitda', 'return_on_equity']
2026-08-18 03:47:12,240 [INFO] src.cleaning: [POWERGRID.NS] non-critical missing fields: ['return_on_equity']
2026-08-18 03:47:12,240 [INFO] src.cleaning: [PVRINOX.NS] non-critical missing fields: ['return_on_equity']
2026-08-18 03:47:12,240 [INFO] src.cleaning: [RAMCOCEM.NS] non-critical missing fields: ['return_on_equity']
2026-08-18 03:47:12,240 [INFO] src.cleaning: [RATNAMANI.NS] non-critical missing fields: ['return_on_equity']
2026-08-18 03:47:12,240 [INFO] src.cleaning: [RBLBANK.NS] non-critical missing fields: ['ev_to_ebitda', 'return_on_equity', 'debt_to_equity']
2026-08-18 03:47:12,240 [INFO] src.cleaning: [RELAXO.NS] non-critical missing fields: ['ev_to_ebitda', 'return_on_equity', 'total_debt']
2026-08-18 03:47:12,240 [INFO] src.cleaning: [RVNL.NS] non-critical missing fields: ['return_on_equity']
2026-08-18 03:47:12,240 [INFO] src.cleaning: [SAIL.NS] non-critical missing fields: ['return_on_equity']
2026-08-18 03:47:12,240 [INFO] src.cleaning: [SBICARD.NS] non-critical missing fields: ['ev_to_ebitda', 'return_on_equity']
2026-08-18 03:47:12,240 [INFO] src.cleaning: [SBILIFE.NS] non-critical missing fields: ['debt_to_equity']
2026-08-18 03:47:12,240 [INFO] src.cleaning: [SBIN.NS] non-critical missing fields: ['ev_to_ebitda', 'debt_to_equity']
2026-08-18 03:47:12,240 [INFO] src.cleaning: [SHREECEM.NS] non-critical missing fields: ['return_on_equity']
2026-08-18 03:47:12,240 [INFO] src.cleaning: [SHRIRAMFIN.NS] non-critical missing fields: ['ev_to_ebitda']
2026-08-18 03:47:12,240 [INFO] src.cleaning: [SIEMENS.NS] non-critical missing fields: ['return_on_equity']
2026-08-18 03:47:12,240 [INFO] src.cleaning: [SKFINDIA.NS] non-critical missing fields: ['return_on_equity']
2026-08-18 03:47:12,240 [INFO] src.cleaning: [SOBHA.NS] non-critical missing fields: ['return_on_equity']
2026-08-18 03:47:12,240 [INFO] src.cleaning: [SRF.NS] non-critical missing fields: ['return_on_equity']
2026-08-18 03:47:12,241 [INFO] src.cleaning: [SUNDRMFAST.NS] non-critical missing fields: ['return_on_equity']
2026-08-18 03:47:12,241 [INFO] src.cleaning: [SUNPHARMA.NS] non-critical missing fields: ['return_on_equity']
2026-08-18 03:47:12,241 [INFO] src.cleaning: [SUPREMEIND.NS] non-critical missing fields: ['return_on_equity']
2026-08-18 03:47:12,241 [INFO] src.cleaning: [TATACHEM.NS] non-critical missing fields: ['trailing_pe', 'return_on_equity']
2026-08-18 03:47:12,241 [INFO] src.cleaning: [TATACONSUM.NS] non-critical missing fields: ['return_on_equity']
2026-08-18 03:47:12,241 [INFO] src.cleaning: [TATAELXSI.NS] non-critical missing fields: ['return_on_equity']
2026-08-18 03:47:12,241 [INFO] src.cleaning: [TATAPOWER.NS] non-critical missing fields: ['return_on_equity']
2026-08-18 03:47:12,241 [INFO] src.cleaning: [TATASTEEL.NS] non-critical missing fields: ['return_on_equity']
2026-08-18 03:47:12,241 [INFO] src.cleaning: [TECHM.NS] non-critical missing fields: ['return_on_equity']
2026-08-18 03:47:12,241 [INFO] src.cleaning: [THERMAX.NS] non-critical missing fields: ['return_on_equity']
2026-08-18 03:47:12,241 [INFO] src.cleaning: [TIMKEN.NS] non-critical missing fields: ['return_on_equity']
2026-08-18 03:47:12,241 [INFO] src.cleaning: [TITAN.NS] non-critical missing fields: ['return_on_equity']
2026-08-18 03:47:12,241 [INFO] src.cleaning: [TMCV.NS] non-critical missing fields: ['return_on_equity']
2026-08-18 03:47:12,241 [INFO] src.cleaning: [TMPV.NS] non-critical missing fields: ['trailing_pe', 'return_on_equity']
2026-08-18 03:47:12,241 [INFO] src.cleaning: [TORNTPHARM.NS] non-critical missing fields: ['return_on_equity']
2026-08-18 03:47:12,241 [INFO] src.cleaning: [TORNTPOWER.NS] non-critical missing fields: ['return_on_equity']
2026-08-18 03:47:12,241 [INFO] src.cleaning: [TRENT.NS] non-critical missing fields: ['return_on_equity']
2026-08-18 03:47:12,242 [INFO] src.cleaning: [UCOBANK.NS] non-critical missing fields: ['ev_to_ebitda', 'debt_to_equity']
2026-08-18 03:47:12,242 [INFO] src.cleaning: [ULTRACEMCO.NS] non-critical missing fields: ['return_on_equity']
2026-08-18 03:47:12,242 [INFO] src.cleaning: [UNIONBANK.NS] non-critical missing fields: ['ev_to_ebitda', 'debt_to_equity', 'revenue_growth', 'total_debt']
2026-08-18 03:47:12,242 [INFO] src.cleaning: [UNITDSPR.NS] non-critical missing fields: ['return_on_equity']
2026-08-18 03:47:12,242 [INFO] src.cleaning: [UNOMINDA.NS] non-critical missing fields: ['return_on_equity']
2026-08-18 03:47:12,242 [INFO] src.cleaning: [UPL.NS] non-critical missing fields: ['return_on_equity']
2026-08-18 03:47:12,242 [INFO] src.cleaning: [VEDL.NS] non-critical missing fields: ['return_on_equity']
2026-08-18 03:47:12,242 [INFO] src.cleaning: [VOLTAS.NS] non-critical missing fields: ['return_on_equity']
2026-08-18 03:47:12,242 [INFO] src.cleaning: [WELCORP.NS] non-critical missing fields: ['return_on_equity']
2026-08-18 03:47:12,242 [INFO] src.cleaning: [WHIRLPOOL.NS] non-critical missing fields: ['return_on_equity']
2026-08-18 03:47:12,242 [INFO] src.cleaning: [ZEEL.NS] non-critical missing fields: ['return_on_equity']
2026-08-18 03:47:12,249 [INFO] src.cleaning: Cleaned 191/201 tickers -> data/processed/cleaned_universe.csv
2026-08-18 03:47:12,249 [INFO] src.cleaning: Full flag audit trail -> data/processed/cleaning_flags.csv
2026-08-18 03:47:12,249 [INFO] __main__: Cleaning validation passed: 191/201 tickers retained (95%)
2026-08-18 03:47:12,249 [INFO] __main__: === Stage 3/8: Scoring ===
2026-08-18 03:47:12,306 [INFO] src.scoring: Scored 191 companies -> data/processed/scored_universe.csv
2026-08-18 03:47:12,306 [INFO] src.scoring: Top 10 shortlist -> data/processed/shortlist_top_n.csv
2026-08-18 03:47:12,307 [WARNING] src.scoring: 24 companies scored on fewer than all 4 buckets (reweighted, not zero-filled) — see 'buckets_used' column: ['IOB.NS', 'UNIONBANK.NS', 'BANKINDIA.NS', 'CANBK.NS', 'ICICIGI.NS', 'PNB.NS', 'IDEA.NS', 'GICRE.NS', 'FEDERALBNK.NS', 'UCOBANK.NS', 'BANKBARODA.NS', 'AXISBANK.NS', 'KOTAKBANK.NS', 'SBIN.NS', 'ICICIBANK.NS', 'CENTRALBK.NS', 'SBILIFE.NS', 'HDFCBANK.NS', 'AUBANK.NS', 'BANDHANBNK.NS', 'GMRAIRPORT.NS', 'IDFCFIRSTB.NS', 'RBLBANK.NS', 'INDUSINDBK.NS']
2026-08-18 03:47:12,308 [INFO] __main__: Scoring validation passed: 191 companies ranked, all scores in valid range
2026-08-18 03:47:12,308 [INFO] __main__: === Stage 4/8: Comps + DuPont ===
2026-08-18 03:47:12,319 [INFO] src.comps_dupont: Comps + DuPont report for top 10 -> data/processed/comps_dupont_report.csv
2026-08-18 03:47:12,320 [WARNING] src.comps_dupont: 1 companies have a DuPont-implied ROE that diverges >5pp from reported ROE (possible data inconsistency, worth a manual check): ['IOB.NS']
2026-08-18 03:47:12,320 [INFO] __main__: === Stage 5/8: Explainability ===
2026-08-18 03:47:12,354 [INFO] src.explainability: Explanations for top 10 companies -> data/processed/explanations.csv
2026-08-18 03:47:12,354 [INFO] __main__: === Stage 6/8: Baseline Comparison ===
2026-08-18 03:47:12,361 [INFO] src.baseline_comparison: Baseline comparison -> data/processed/baseline_comparison.csv
2026-08-18 03:47:12,361 [INFO] __main__: === Stage 7/8: Acquisition Likelihood ===
2026-08-18 03:47:12,364 [INFO] src.acquisition_likelihood: 2 companies excluded from acquisition-likelihood scoring (negative/zero equity — financial distress, not a value-target thesis): ['IDEA.NS', 'GMRAIRPORT.NS']
2026-08-18 03:47:12,374 [INFO] src.acquisition_likelihood: Acquisition likelihood scoring -> data/processed/acquisition_likelihood.csv
2026-08-18 03:47:12,375 [INFO] __main__: === Stage 8/8: Historical Snapshot ===
2026-08-18 03:47:12,381 [INFO] src.history_tracker: Recorded shortlist snapshot for 2026-08-18 (10 companies) -> data/history/shortlist_history.csv (5 distinct days tracked so far)
2026-08-18 03:47:12,386 [INFO] src.history_tracker: Recorded acquisition-likelihood snapshot for 2026-08-18 (10 companies) -> data/history/acquisition_likelihood_history.csv (5 distinct days tracked so far)
2026-08-18 03:47:12,386 [INFO] __main__: === Pipeline completed successfully ===
2026-08-18 03:47:12,387 [INFO] __main__:   ingestion: {'total': 201, 'ok': 200}
2026-08-18 03:47:12,387 [INFO] __main__:   cleaning: {'retained': 191, 'input': 201}
2026-08-18 03:47:12,387 [INFO] __main__:   scoring: {'ranked': 191}
2026-08-18 03:47:12,387 [INFO] __main__:   comps_dupont: {'companies': 10}
2026-08-18 03:47:12,387 [INFO] __main__:   explainability: {'companies': 10}
2026-08-18 03:47:12,387 [INFO] __main__:   baseline_comparison: {'correlation': np.float64(0.47310836255172034), 'overlap_pct': 0.1}
2026-08-18 03:47:12,387 [INFO] __main__:   acquisition_likelihood: {'companies': 10}
2026-08-18 03:47:12,387 [INFO] __main__:   history_tracker: {'recorded': True}
