2026-10-06 09:48:40,082 [INFO] __main__: Logging to file: logs/pipeline_run_2026-10-06T09-48-40Z.log
2026-10-06 09:48:40,082 [INFO] __main__: === Stage 1/8: Ingestion ===
2026-10-06 09:48:40,103 [INFO] src.ingestion: [ACC.NS] fetching fresh data
2026-10-06 09:48:41,626 [INFO] src.ingestion: [AMBUJACEM.NS] fetching fresh data
2026-10-06 09:48:42,564 [INFO] src.ingestion: [ULTRACEMCO.NS] fetching fresh data
2026-10-06 09:48:43,678 [INFO] src.ingestion: [SHREECEM.NS] fetching fresh data
2026-10-06 09:48:44,688 [INFO] src.ingestion: [JKCEMENT.NS] fetching fresh data
2026-10-06 09:48:45,693 [INFO] src.ingestion: [RAMCOCEM.NS] fetching fresh data
2026-10-06 09:48:46,764 [INFO] src.ingestion: [HEIDELBERG.NS] fetching fresh data
2026-10-06 09:48:47,812 [INFO] src.ingestion: [DALBHARAT.NS] fetching fresh data
2026-10-06 09:48:48,918 [INFO] src.ingestion: [INFY.NS] fetching fresh data
2026-10-06 09:48:50,113 [INFO] src.ingestion: [TCS.NS] fetching fresh data
2026-10-06 09:48:51,001 [INFO] src.ingestion: [WIPRO.NS] fetching fresh data
2026-10-06 09:48:52,018 [INFO] src.ingestion: [HCLTECH.NS] fetching fresh data
2026-10-06 09:48:53,043 [INFO] src.ingestion: [TECHM.NS] fetching fresh data
2026-10-06 09:48:54,125 [INFO] src.ingestion: [LTIM.NS] fetching fresh data
2026-10-06 09:48:54,401 [ERROR] yfinance: HTTP Error 404: {"quoteSummary":{"result":null,"error":{"code":"Not Found","description":"Quote not found for symbol: LTIM.NS"}}}
2026-10-06 09:48:54,640 [WARNING] src.ingestion: [LTIM.NS] attempt 1 failed: yfinance returned an empty info payload for LTIM.NS (no exception, but no usable data — likely a transient Yahoo-side issue or an invalid/delisted symbol)
2026-10-06 09:48:56,858 [ERROR] yfinance: HTTP Error 404: {"quoteSummary":{"result":null,"error":{"code":"Not Found","description":"Quote not found for symbol: LTIM.NS"}}}
2026-10-06 09:48:56,921 [WARNING] src.ingestion: [LTIM.NS] attempt 2 failed: yfinance returned an empty info payload for LTIM.NS (no exception, but no usable data — likely a transient Yahoo-side issue or an invalid/delisted symbol)
2026-10-06 09:49:01,133 [ERROR] yfinance: HTTP Error 404: {"quoteSummary":{"result":null,"error":{"code":"Not Found","description":"Quote not found for symbol: LTIM.NS"}}}
2026-10-06 09:49:01,202 [WARNING] src.ingestion: [LTIM.NS] attempt 3 failed: yfinance returned an empty info payload for LTIM.NS (no exception, but no usable data — likely a transient Yahoo-side issue or an invalid/delisted symbol)
2026-10-06 09:49:01,603 [INFO] src.ingestion: [PERSISTENT.NS] fetching fresh data
2026-10-06 09:49:02,581 [INFO] src.ingestion: [COFORGE.NS] fetching fresh data
2026-10-06 09:49:03,599 [INFO] src.ingestion: [MPHASIS.NS] fetching fresh data
2026-10-06 09:49:04,626 [INFO] src.ingestion: [LTTS.NS] fetching fresh data
2026-10-06 09:49:05,668 [INFO] src.ingestion: [TATAELXSI.NS] fetching fresh data
2026-10-06 09:49:06,754 [INFO] src.ingestion: [CYIENT.NS] fetching fresh data
2026-10-06 09:49:07,826 [INFO] src.ingestion: [KPITTECH.NS] fetching fresh data
2026-10-06 09:49:08,714 [INFO] src.ingestion: [HDFCBANK.NS] fetching fresh data
2026-10-06 09:49:09,708 [INFO] src.ingestion: [ICICIBANK.NS] fetching fresh data
2026-10-06 09:49:10,774 [INFO] src.ingestion: [SBIN.NS] fetching fresh data
2026-10-06 09:49:11,736 [INFO] src.ingestion: [AXISBANK.NS] fetching fresh data
2026-10-06 09:49:12,724 [INFO] src.ingestion: [KOTAKBANK.NS] fetching fresh data
2026-10-06 09:49:13,891 [INFO] src.ingestion: [INDUSINDBK.NS] fetching fresh data
2026-10-06 09:49:14,839 [INFO] src.ingestion: [FEDERALBNK.NS] fetching fresh data
2026-10-06 09:49:15,813 [INFO] src.ingestion: [BANDHANBNK.NS] fetching fresh data
2026-10-06 09:49:16,726 [INFO] src.ingestion: [IDFCFIRSTB.NS] fetching fresh data
2026-10-06 09:49:17,983 [INFO] src.ingestion: [PNB.NS] fetching fresh data
2026-10-06 09:49:18,989 [INFO] src.ingestion: [BANKBARODA.NS] fetching fresh data
2026-10-06 09:49:20,110 [INFO] src.ingestion: [CANBK.NS] fetching fresh data
2026-10-06 09:49:21,057 [INFO] src.ingestion: [UNIONBANK.NS] fetching fresh data
2026-10-06 09:49:22,154 [INFO] src.ingestion: [AUBANK.NS] fetching fresh data
2026-10-06 09:49:23,106 [INFO] src.ingestion: [RBLBANK.NS] fetching fresh data
2026-10-06 09:49:24,132 [INFO] src.ingestion: [BANKINDIA.NS] fetching fresh data
2026-10-06 09:49:25,189 [INFO] src.ingestion: [CENTRALBK.NS] fetching fresh data
2026-10-06 09:49:26,081 [INFO] src.ingestion: [IOB.NS] fetching fresh data
2026-10-06 09:49:27,009 [INFO] src.ingestion: [UCOBANK.NS] fetching fresh data
2026-10-06 09:49:27,947 [INFO] src.ingestion: [BAJFINANCE.NS] fetching fresh data
2026-10-06 09:49:28,962 [INFO] src.ingestion: [BAJAJFINSV.NS] fetching fresh data
2026-10-06 09:49:29,973 [INFO] src.ingestion: [CHOLAFIN.NS] fetching fresh data
2026-10-06 09:49:30,889 [INFO] src.ingestion: [MUTHOOTFIN.NS] fetching fresh data
2026-10-06 09:49:31,779 [INFO] src.ingestion: [LICHSGFIN.NS] fetching fresh data
2026-10-06 09:49:32,680 [INFO] src.ingestion: [SHRIRAMFIN.NS] fetching fresh data
2026-10-06 09:49:33,630 [INFO] src.ingestion: [PFC.NS] fetching fresh data
2026-10-06 09:49:34,580 [INFO] src.ingestion: [RECLTD.NS] fetching fresh data
2026-10-06 09:49:35,593 [INFO] src.ingestion: [IRFC.NS] fetching fresh data
2026-10-06 09:49:36,545 [INFO] src.ingestion: [HUDCO.NS] fetching fresh data
2026-10-06 09:49:37,505 [INFO] src.ingestion: [BAJAJHLDNG.NS] fetching fresh data
2026-10-06 09:49:38,535 [INFO] src.ingestion: [SBICARD.NS] fetching fresh data
2026-10-06 09:49:39,534 [INFO] src.ingestion: [MANAPPURAM.NS] fetching fresh data
2026-10-06 09:49:40,403 [INFO] src.ingestion: [POONAWALLA.NS] fetching fresh data
2026-10-06 09:49:41,351 [INFO] src.ingestion: [HDFCLIFE.NS] fetching fresh data
2026-10-06 09:49:42,289 [INFO] src.ingestion: [SBILIFE.NS] fetching fresh data
2026-10-06 09:49:43,305 [INFO] src.ingestion: [ICICIPRULI.NS] fetching fresh data
2026-10-06 09:49:44,226 [INFO] src.ingestion: [ICICIGI.NS] fetching fresh data
2026-10-06 09:49:45,352 [INFO] src.ingestion: [LICI.NS] fetching fresh data
2026-10-06 09:49:46,493 [INFO] src.ingestion: [GICRE.NS] fetching fresh data
2026-10-06 09:49:47,408 [INFO] src.ingestion: [MARUTI.NS] fetching fresh data
2026-10-06 09:49:48,487 [INFO] src.ingestion: [TMPV.NS] fetching fresh data
2026-10-06 09:49:49,639 [INFO] src.ingestion: [TMCV.NS] fetching fresh data
2026-10-06 09:49:50,651 [INFO] src.ingestion: [M&M.NS] fetching fresh data
2026-10-06 09:49:51,654 [INFO] src.ingestion: [EICHERMOT.NS] fetching fresh data
2026-10-06 09:49:52,612 [INFO] src.ingestion: [HEROMOTOCO.NS] fetching fresh data
2026-10-06 09:49:53,694 [INFO] src.ingestion: [BAJAJ-AUTO.NS] fetching fresh data
2026-10-06 09:49:54,615 [INFO] src.ingestion: [TVSMOTOR.NS] fetching fresh data
2026-10-06 09:49:55,626 [INFO] src.ingestion: [ASHOKLEY.NS] fetching fresh data
2026-10-06 09:49:56,704 [INFO] src.ingestion: [BHARATFORG.NS] fetching fresh data
2026-10-06 09:49:57,688 [INFO] src.ingestion: [MOTHERSON.NS] fetching fresh data
2026-10-06 09:49:58,676 [INFO] src.ingestion: [BOSCHLTD.NS] fetching fresh data
2026-10-06 09:49:59,682 [INFO] src.ingestion: [MRF.NS] fetching fresh data
2026-10-06 09:50:00,713 [INFO] src.ingestion: [ENDURANCE.NS] fetching fresh data
2026-10-06 09:50:01,948 [INFO] src.ingestion: [EXIDEIND.NS] fetching fresh data
2026-10-06 09:50:02,933 [INFO] src.ingestion: [ARE&M.NS] fetching fresh data
2026-10-06 09:50:04,086 [INFO] src.ingestion: [SUNDRMFAST.NS] fetching fresh data
2026-10-06 09:50:05,073 [INFO] src.ingestion: [UNOMINDA.NS] fetching fresh data
2026-10-06 09:50:06,035 [INFO] src.ingestion: [SUNPHARMA.NS] fetching fresh data
2026-10-06 09:50:07,009 [INFO] src.ingestion: [DRREDDY.NS] fetching fresh data
2026-10-06 09:50:08,032 [INFO] src.ingestion: [CIPLA.NS] fetching fresh data
2026-10-06 09:50:09,196 [INFO] src.ingestion: [DIVISLAB.NS] fetching fresh data
2026-10-06 09:50:10,150 [INFO] src.ingestion: [LUPIN.NS] fetching fresh data
2026-10-06 09:50:11,180 [INFO] src.ingestion: [AUROPHARMA.NS] fetching fresh data
2026-10-06 09:50:12,157 [INFO] src.ingestion: [BIOCON.NS] fetching fresh data
2026-10-06 09:50:13,359 [INFO] src.ingestion: [TORNTPHARM.NS] fetching fresh data
2026-10-06 09:50:14,359 [INFO] src.ingestion: [ALKEM.NS] fetching fresh data
2026-10-06 09:50:15,375 [INFO] src.ingestion: [ABBOTINDIA.NS] fetching fresh data
2026-10-06 09:50:16,374 [INFO] src.ingestion: [APOLLOHOSP.NS] fetching fresh data
2026-10-06 09:50:17,479 [INFO] src.ingestion: [FORTIS.NS] fetching fresh data
2026-10-06 09:50:18,380 [INFO] src.ingestion: [LALPATHLAB.NS] fetching fresh data
2026-10-06 09:50:19,364 [INFO] src.ingestion: [METROPOLIS.NS] fetching fresh data
2026-10-06 09:50:20,343 [INFO] src.ingestion: [GLAND.NS] fetching fresh data
2026-10-06 09:50:21,348 [INFO] src.ingestion: [LAURUSLABS.NS] fetching fresh data
2026-10-06 09:50:22,334 [INFO] src.ingestion: [GLENMARK.NS] fetching fresh data
2026-10-06 09:50:23,481 [INFO] src.ingestion: [IPCALAB.NS] fetching fresh data
2026-10-06 09:50:24,568 [INFO] src.ingestion: [HINDUNILVR.NS] fetching fresh data
2026-10-06 09:50:25,551 [INFO] src.ingestion: [ITC.NS] fetching fresh data
2026-10-06 09:50:26,588 [INFO] src.ingestion: [NESTLEIND.NS] fetching fresh data
2026-10-06 09:50:27,542 [INFO] src.ingestion: [BRITANNIA.NS] fetching fresh data
2026-10-06 09:50:28,471 [INFO] src.ingestion: [DABUR.NS] fetching fresh data
2026-10-06 09:50:29,470 [INFO] src.ingestion: [GODREJCP.NS] fetching fresh data
2026-10-06 09:50:30,425 [INFO] src.ingestion: [MARICO.NS] fetching fresh data
2026-10-06 09:50:31,393 [INFO] src.ingestion: [COLPAL.NS] fetching fresh data
2026-10-06 09:50:32,436 [INFO] src.ingestion: [TATACONSUM.NS] fetching fresh data
2026-10-06 09:50:33,631 [INFO] src.ingestion: [VBL.NS] fetching fresh data
2026-10-06 09:50:34,727 [INFO] src.ingestion: [UNITDSPR.NS] fetching fresh data
2026-10-06 09:50:35,805 [INFO] src.ingestion: [EMAMILTD.NS] fetching fresh data
2026-10-06 09:50:36,823 [INFO] src.ingestion: [TATASTEEL.NS] fetching fresh data
2026-10-06 09:50:37,856 [INFO] src.ingestion: [JSWSTEEL.NS] fetching fresh data
2026-10-06 09:50:38,885 [INFO] src.ingestion: [HINDALCO.NS] fetching fresh data
2026-10-06 09:50:39,860 [INFO] src.ingestion: [VEDL.NS] fetching fresh data
2026-10-06 09:50:40,819 [INFO] src.ingestion: [COALINDIA.NS] fetching fresh data
2026-10-06 09:50:41,742 [INFO] src.ingestion: [NMDC.NS] fetching fresh data
2026-10-06 09:50:42,695 [INFO] src.ingestion: [SAIL.NS] fetching fresh data
2026-10-06 09:50:43,610 [INFO] src.ingestion: [JINDALSTEL.NS] fetching fresh data
2026-10-06 09:50:44,575 [INFO] src.ingestion: [APLAPOLLO.NS] fetching fresh data
2026-10-06 09:50:45,618 [INFO] src.ingestion: [NATIONALUM.NS] fetching fresh data
2026-10-06 09:50:46,648 [INFO] src.ingestion: [HINDCOPPER.NS] fetching fresh data
2026-10-06 09:50:47,591 [INFO] src.ingestion: [RATNAMANI.NS] fetching fresh data
2026-10-06 09:50:48,535 [INFO] src.ingestion: [HINDZINC.NS] fetching fresh data
2026-10-06 09:50:49,528 [INFO] src.ingestion: [WELCORP.NS] fetching fresh data
2026-10-06 09:50:50,593 [INFO] src.ingestion: [JSL.NS] fetching fresh data
2026-10-06 09:50:51,590 [INFO] src.ingestion: [RELIANCE.NS] fetching fresh data
2026-10-06 09:50:52,459 [INFO] src.ingestion: [ONGC.NS] fetching fresh data
2026-10-06 09:50:53,514 [INFO] src.ingestion: [BPCL.NS] fetching fresh data
2026-10-06 09:50:54,566 [INFO] src.ingestion: [IOC.NS] fetching fresh data
2026-10-06 09:50:55,492 [INFO] src.ingestion: [GAIL.NS] fetching fresh data
2026-10-06 09:50:56,491 [INFO] src.ingestion: [NTPC.NS] fetching fresh data
2026-10-06 09:50:57,658 [INFO] src.ingestion: [POWERGRID.NS] fetching fresh data
2026-10-06 09:50:58,729 [INFO] src.ingestion: [TATAPOWER.NS] fetching fresh data
2026-10-06 09:50:59,726 [INFO] src.ingestion: [ADANIGREEN.NS] fetching fresh data
2026-10-06 09:51:00,896 [INFO] src.ingestion: [ADANIPOWER.NS] fetching fresh data
2026-10-06 09:51:01,883 [INFO] src.ingestion: [TORNTPOWER.NS] fetching fresh data
2026-10-06 09:51:02,946 [INFO] src.ingestion: [LT.NS] fetching fresh data
2026-10-06 09:51:03,872 [INFO] src.ingestion: [SIEMENS.NS] fetching fresh data
2026-10-06 09:51:04,793 [INFO] src.ingestion: [ABB.NS] fetching fresh data
2026-10-06 09:51:05,916 [INFO] src.ingestion: [HAL.NS] fetching fresh data
2026-10-06 09:51:06,778 [INFO] src.ingestion: [BEL.NS] fetching fresh data
2026-10-06 09:51:07,728 [INFO] src.ingestion: [BHEL.NS] fetching fresh data
2026-10-06 09:51:08,799 [INFO] src.ingestion: [CUMMINSIND.NS] fetching fresh data
2026-10-06 09:51:09,843 [INFO] src.ingestion: [THERMAX.NS] fetching fresh data
2026-10-06 09:51:10,825 [INFO] src.ingestion: [POLYCAB.NS] fetching fresh data
2026-10-06 09:51:11,905 [INFO] src.ingestion: [KEI.NS] fetching fresh data
2026-10-06 09:51:12,843 [INFO] src.ingestion: [HAVELLS.NS] fetching fresh data
2026-10-06 09:51:13,813 [INFO] src.ingestion: [CROMPTON.NS] fetching fresh data
2026-10-06 09:51:14,733 [INFO] src.ingestion: [SUPREMEIND.NS] fetching fresh data
2026-10-06 09:51:15,679 [INFO] src.ingestion: [ASTRAL.NS] fetching fresh data
2026-10-06 09:51:16,714 [INFO] src.ingestion: [GRINDWELL.NS] fetching fresh data
2026-10-06 09:51:17,634 [INFO] src.ingestion: [CARBORUNIV.NS] fetching fresh data
2026-10-06 09:51:18,708 [INFO] src.ingestion: [TIMKEN.NS] fetching fresh data
2026-10-06 09:51:19,633 [INFO] src.ingestion: [SKFINDIA.NS] fetching fresh data
2026-10-06 09:51:20,594 [INFO] src.ingestion: [SRF.NS] fetching fresh data
2026-10-06 09:51:21,643 [INFO] src.ingestion: [PIIND.NS] fetching fresh data
2026-10-06 09:51:22,672 [INFO] src.ingestion: [DEEPAKNTR.NS] fetching fresh data
2026-10-06 09:51:23,669 [INFO] src.ingestion: [AARTIIND.NS] fetching fresh data
2026-10-06 09:51:24,850 [INFO] src.ingestion: [NAVINFLUOR.NS] fetching fresh data
2026-10-06 09:51:25,997 [INFO] src.ingestion: [UPL.NS] fetching fresh data
2026-10-06 09:51:26,968 [INFO] src.ingestion: [COROMANDEL.NS] fetching fresh data
2026-10-06 09:51:28,048 [INFO] src.ingestion: [CHAMBLFERT.NS] fetching fresh data
2026-10-06 09:51:29,086 [INFO] src.ingestion: [GNFC.NS] fetching fresh data
2026-10-06 09:51:30,099 [INFO] src.ingestion: [PIDILITIND.NS] fetching fresh data
2026-10-06 09:51:31,030 [INFO] src.ingestion: [TATACHEM.NS] fetching fresh data
2026-10-06 09:51:32,044 [INFO] src.ingestion: [GHCL.NS] fetching fresh data
2026-10-06 09:51:33,197 [INFO] src.ingestion: [TITAN.NS] fetching fresh data
2026-10-06 09:51:34,274 [INFO] src.ingestion: [DMART.NS] fetching fresh data
2026-10-06 09:51:35,378 [INFO] src.ingestion: [TRENT.NS] fetching fresh data
2026-10-06 09:51:36,329 [INFO] src.ingestion: [BATAINDIA.NS] fetching fresh data
2026-10-06 09:51:37,213 [INFO] src.ingestion: [PAGEIND.NS] fetching fresh data
2026-10-06 09:51:38,203 [INFO] src.ingestion: [JUBLFOOD.NS] fetching fresh data
2026-10-06 09:51:39,179 [INFO] src.ingestion: [VOLTAS.NS] fetching fresh data
2026-10-06 09:51:40,169 [INFO] src.ingestion: [DIXON.NS] fetching fresh data
2026-10-06 09:51:41,252 [INFO] src.ingestion: [RELAXO.NS] fetching fresh data
2026-10-06 09:51:42,268 [INFO] src.ingestion: [KAJARIACER.NS] fetching fresh data
2026-10-06 09:51:43,301 [INFO] src.ingestion: [WHIRLPOOL.NS] fetching fresh data
2026-10-06 09:51:44,299 [INFO] src.ingestion: [BLUESTARCO.NS] fetching fresh data
2026-10-06 09:51:45,248 [INFO] src.ingestion: [PGHH.NS] fetching fresh data
2026-10-06 09:51:46,290 [INFO] src.ingestion: [GILLETTE.NS] fetching fresh data
2026-10-06 09:51:47,184 [INFO] src.ingestion: [BHARTIARTL.NS] fetching fresh data
2026-10-06 09:51:48,170 [INFO] src.ingestion: [IDEA.NS] fetching fresh data
2026-10-06 09:51:49,125 [INFO] src.ingestion: [INDUSTOWER.NS] fetching fresh data
2026-10-06 09:51:50,100 [INFO] src.ingestion: [PVRINOX.NS] fetching fresh data
2026-10-06 09:51:51,074 [INFO] src.ingestion: [ZEEL.NS] fetching fresh data
2026-10-06 09:51:52,078 [INFO] src.ingestion: [ADANIPORTS.NS] fetching fresh data
2026-10-06 09:51:53,054 [INFO] src.ingestion: [ADANIENT.NS] fetching fresh data
2026-10-06 09:51:54,106 [INFO] src.ingestion: [GMRAIRPORT.NS] fetching fresh data
2026-10-06 09:51:55,015 [INFO] src.ingestion: [CONCOR.NS] fetching fresh data
2026-10-06 09:51:55,963 [INFO] src.ingestion: [IRCTC.NS] fetching fresh data
2026-10-06 09:51:56,923 [INFO] src.ingestion: [INDIGO.NS] fetching fresh data
2026-10-06 09:51:57,977 [INFO] src.ingestion: [RVNL.NS] fetching fresh data
2026-10-06 09:51:59,126 [INFO] src.ingestion: [IRCON.NS] fetching fresh data
2026-10-06 09:52:00,182 [INFO] src.ingestion: [NBCC.NS] fetching fresh data
2026-10-06 09:52:01,215 [INFO] src.ingestion: [NCC.NS] fetching fresh data
2026-10-06 09:52:02,263 [INFO] src.ingestion: [MAZDOCK.NS] fetching fresh data
2026-10-06 09:52:03,289 [INFO] src.ingestion: [COCHINSHIP.NS] fetching fresh data
2026-10-06 09:52:04,255 [INFO] src.ingestion: [DLF.NS] fetching fresh data
2026-10-06 09:52:05,329 [INFO] src.ingestion: [GODREJPROP.NS] fetching fresh data
2026-10-06 09:52:06,396 [INFO] src.ingestion: [OBEROIRLTY.NS] fetching fresh data
2026-10-06 09:52:07,299 [INFO] src.ingestion: [PRESTIGE.NS] fetching fresh data
2026-10-06 09:52:08,256 [INFO] src.ingestion: [PHOENIXLTD.NS] fetching fresh data
2026-10-06 09:52:09,232 [INFO] src.ingestion: [SOBHA.NS] fetching fresh data
2026-10-06 09:52:10,131 [INFO] src.ingestion: Fetched 200/201 tickers successfully
2026-10-06 09:52:10,132 [WARNING] src.ingestion: Failed tickers (excluded from downstream, not silently zeroed): ['LTIM.NS']
2026-10-06 09:52:10,132 [INFO] __main__: Ingestion validation passed: 200/201 tickers (100%)
2026-10-06 09:52:10,132 [INFO] __main__: === Stage 2/8: Cleaning ===
2026-10-06 09:52:10,138 [WARNING] src.cleaning: [LTIM.NS] EXCLUDED: ingestion failed: yfinance returned an empty info payload for LTIM.NS (no exception, but no usable data — likely a transient Yahoo-side issue or an invalid/delisted symbol)
2026-10-06 09:52:10,138 [INFO] src.cleaning: [AARTIIND.NS] non-critical missing fields: ['return_on_equity']
2026-10-06 09:52:10,138 [INFO] src.cleaning: [ABBOTINDIA.NS] non-critical missing fields: ['return_on_equity']
2026-10-06 09:52:10,138 [INFO] src.cleaning: [ACC.NS] non-critical missing fields: ['return_on_equity']
2026-10-06 09:52:10,138 [INFO] src.cleaning: [ADANIENT.NS] non-critical missing fields: ['return_on_equity']
2026-10-06 09:52:10,138 [INFO] src.cleaning: [ADANIGREEN.NS] non-critical missing fields: ['return_on_equity']
2026-10-06 09:52:10,138 [INFO] src.cleaning: [ADANIPORTS.NS] non-critical missing fields: ['return_on_equity']
2026-10-06 09:52:10,138 [INFO] src.cleaning: [ADANIPOWER.NS] non-critical missing fields: ['return_on_equity']
2026-10-06 09:52:10,138 [INFO] src.cleaning: [ALKEM.NS] non-critical missing fields: ['return_on_equity']
2026-10-06 09:52:10,138 [INFO] src.cleaning: [AMBUJACEM.NS] non-critical missing fields: ['return_on_equity']
2026-10-06 09:52:10,138 [INFO] src.cleaning: [APLAPOLLO.NS] non-critical missing fields: ['return_on_equity']
2026-10-06 09:52:10,138 [INFO] src.cleaning: [APOLLOHOSP.NS] non-critical missing fields: ['return_on_equity']
2026-10-06 09:52:10,138 [INFO] src.cleaning: [ARE&M.NS] non-critical missing fields: ['return_on_equity']
2026-10-06 09:52:10,138 [INFO] src.cleaning: [ASHOKLEY.NS] non-critical missing fields: ['return_on_equity']
2026-10-06 09:52:10,138 [INFO] src.cleaning: [ASTRAL.NS] non-critical missing fields: ['return_on_equity']
2026-10-06 09:52:10,139 [INFO] src.cleaning: [AUBANK.NS] non-critical missing fields: ['ev_to_ebitda', 'return_on_equity', 'debt_to_equity']
2026-10-06 09:52:10,139 [INFO] src.cleaning: [AUROPHARMA.NS] non-critical missing fields: ['return_on_equity']
2026-10-06 09:52:10,139 [INFO] src.cleaning: [AXISBANK.NS] non-critical missing fields: ['ev_to_ebitda', 'debt_to_equity']
2026-10-06 09:52:10,139 [INFO] src.cleaning: [BAJAJ-AUTO.NS] non-critical missing fields: ['return_on_equity']
2026-10-06 09:52:10,139 [INFO] src.cleaning: [BAJAJFINSV.NS] non-critical missing fields: ['return_on_equity']
2026-10-06 09:52:10,139 [WARNING] src.cleaning: [BAJAJHLDNG.NS] outlier values flagged: ['net_margin']
2026-10-06 09:52:10,139 [INFO] src.cleaning: [BAJFINANCE.NS] non-critical missing fields: ['ev_to_ebitda', 'return_on_equity']
2026-10-06 09:52:10,139 [INFO] src.cleaning: [BANDHANBNK.NS] non-critical missing fields: ['ev_to_ebitda', 'return_on_equity', 'debt_to_equity']
2026-10-06 09:52:10,139 [INFO] src.cleaning: [BANKBARODA.NS] non-critical missing fields: ['ev_to_ebitda', 'debt_to_equity']
2026-10-06 09:52:10,139 [INFO] src.cleaning: [BANKINDIA.NS] non-critical missing fields: ['ev_to_ebitda', 'debt_to_equity']
2026-10-06 09:52:10,139 [INFO] src.cleaning: [BATAINDIA.NS] non-critical missing fields: ['return_on_equity']
2026-10-06 09:52:10,139 [INFO] src.cleaning: [BEL.NS] non-critical missing fields: ['return_on_equity']
2026-10-06 09:52:10,139 [INFO] src.cleaning: [BHARATFORG.NS] non-critical missing fields: ['return_on_equity']
2026-10-06 09:52:10,139 [INFO] src.cleaning: [BHEL.NS] non-critical missing fields: ['return_on_equity']
2026-10-06 09:52:10,139 [INFO] src.cleaning: [BIOCON.NS] non-critical missing fields: ['return_on_equity']
2026-10-06 09:52:10,139 [INFO] src.cleaning: [BLUESTARCO.NS] non-critical missing fields: ['return_on_equity']
2026-10-06 09:52:10,139 [INFO] src.cleaning: [BOSCHLTD.NS] non-critical missing fields: ['return_on_equity']
2026-10-06 09:52:10,139 [INFO] src.cleaning: [BPCL.NS] non-critical missing fields: ['return_on_equity']
2026-10-06 09:52:10,139 [INFO] src.cleaning: [BRITANNIA.NS] non-critical missing fields: ['return_on_equity']
2026-10-06 09:52:10,139 [INFO] src.cleaning: [CANBK.NS] non-critical missing fields: ['ev_to_ebitda', 'return_on_equity', 'debt_to_equity']
2026-10-06 09:52:10,139 [INFO] src.cleaning: [CARBORUNIV.NS] non-critical missing fields: ['return_on_equity']
2026-10-06 09:52:10,139 [INFO] src.cleaning: [CENTRALBK.NS] non-critical missing fields: ['ev_to_ebitda', 'debt_to_equity']
2026-10-06 09:52:10,139 [INFO] src.cleaning: [CHAMBLFERT.NS] non-critical missing fields: ['return_on_equity']
2026-10-06 09:52:10,139 [INFO] src.cleaning: [CHOLAFIN.NS] non-critical missing fields: ['ev_to_ebitda', 'return_on_equity']
2026-10-06 09:52:10,139 [INFO] src.cleaning: [CIPLA.NS] non-critical missing fields: ['return_on_equity']
2026-10-06 09:52:10,139 [INFO] src.cleaning: [COALINDIA.NS] non-critical missing fields: ['return_on_equity']
2026-10-06 09:52:10,139 [INFO] src.cleaning: [COCHINSHIP.NS] non-critical missing fields: ['return_on_equity']
2026-10-06 09:52:10,139 [INFO] src.cleaning: [COFORGE.NS] non-critical missing fields: ['return_on_equity']
2026-10-06 09:52:10,139 [INFO] src.cleaning: [COLPAL.NS] non-critical missing fields: ['return_on_equity']
2026-10-06 09:52:10,139 [INFO] src.cleaning: [CONCOR.NS] non-critical missing fields: ['return_on_equity']
2026-10-06 09:52:10,139 [INFO] src.cleaning: [COROMANDEL.NS] non-critical missing fields: ['return_on_equity']
2026-10-06 09:52:10,139 [INFO] src.cleaning: [CROMPTON.NS] non-critical missing fields: ['trailing_pe', 'return_on_equity']
2026-10-06 09:52:10,139 [INFO] src.cleaning: [CUMMINSIND.NS] non-critical missing fields: ['return_on_equity']
2026-10-06 09:52:10,139 [INFO] src.cleaning: [CYIENT.NS] non-critical missing fields: ['return_on_equity']
2026-10-06 09:52:10,139 [INFO] src.cleaning: [DABUR.NS] non-critical missing fields: ['return_on_equity']
2026-10-06 09:52:10,139 [INFO] src.cleaning: [DALBHARAT.NS] non-critical missing fields: ['return_on_equity']
2026-10-06 09:52:10,139 [INFO] src.cleaning: [DEEPAKNTR.NS] non-critical missing fields: ['return_on_equity']
2026-10-06 09:52:10,139 [INFO] src.cleaning: [DIVISLAB.NS] non-critical missing fields: ['return_on_equity']
2026-10-06 09:52:10,139 [INFO] src.cleaning: [DIXON.NS] non-critical missing fields: ['return_on_equity']
2026-10-06 09:52:10,139 [INFO] src.cleaning: [DMART.NS] non-critical missing fields: ['return_on_equity']
2026-10-06 09:52:10,139 [INFO] src.cleaning: [EICHERMOT.NS] non-critical missing fields: ['return_on_equity']
2026-10-06 09:52:10,139 [INFO] src.cleaning: [EMAMILTD.NS] non-critical missing fields: ['return_on_equity']
2026-10-06 09:52:10,139 [INFO] src.cleaning: [ENDURANCE.NS] non-critical missing fields: ['return_on_equity']
2026-10-06 09:52:10,140 [INFO] src.cleaning: [EXIDEIND.NS] non-critical missing fields: ['return_on_equity']
2026-10-06 09:52:10,140 [INFO] src.cleaning: [FEDERALBNK.NS] non-critical missing fields: ['ev_to_ebitda', 'return_on_equity', 'debt_to_equity']
2026-10-06 09:52:10,140 [INFO] src.cleaning: [FORTIS.NS] non-critical missing fields: ['return_on_equity']
2026-10-06 09:52:10,140 [INFO] src.cleaning: [GAIL.NS] non-critical missing fields: ['return_on_equity']
2026-10-06 09:52:10,140 [INFO] src.cleaning: [GHCL.NS] non-critical missing fields: ['return_on_equity']
2026-10-06 09:52:10,140 [INFO] src.cleaning: [GICRE.NS] non-critical missing fields: ['ev_to_ebitda', 'debt_to_equity']
2026-10-06 09:52:10,140 [INFO] src.cleaning: [GILLETTE.NS] non-critical missing fields: ['return_on_equity']
2026-10-06 09:52:10,140 [INFO] src.cleaning: [GLAND.NS] non-critical missing fields: ['return_on_equity']
2026-10-06 09:52:10,140 [INFO] src.cleaning: [GLENMARK.NS] non-critical missing fields: ['return_on_equity']
2026-10-06 09:52:10,140 [WARNING] src.cleaning: [GMRAIRPORT.NS] negative/zero equity — DuPont ROE math will be invalid downstream
2026-10-06 09:52:10,140 [INFO] src.cleaning: [GMRAIRPORT.NS] non-critical missing fields: ['return_on_equity', 'debt_to_equity']
2026-10-06 09:52:10,140 [INFO] src.cleaning: [GNFC.NS] non-critical missing fields: ['return_on_equity']
2026-10-06 09:52:10,140 [INFO] src.cleaning: [GODREJCP.NS] non-critical missing fields: ['return_on_equity']
2026-10-06 09:52:10,140 [INFO] src.cleaning: [GODREJPROP.NS] non-critical missing fields: ['return_on_equity']
2026-10-06 09:52:10,140 [INFO] src.cleaning: [GRINDWELL.NS] non-critical missing fields: ['return_on_equity']
2026-10-06 09:52:10,140 [INFO] src.cleaning: [HAL.NS] non-critical missing fields: ['return_on_equity']
2026-10-06 09:52:10,140 [INFO] src.cleaning: [HAVELLS.NS] non-critical missing fields: ['return_on_equity']
2026-10-06 09:52:10,140 [WARNING] src.cleaning: [HCLTECH.NS] outlier values flagged: ['ev_to_ebitda']
2026-10-06 09:52:10,140 [INFO] src.cleaning: [HDFCBANK.NS] non-critical missing fields: ['ev_to_ebitda', 'debt_to_equity']
2026-10-06 09:52:10,140 [INFO] src.cleaning: [HEIDELBERG.NS] non-critical missing fields: ['return_on_equity']
2026-10-06 09:52:10,140 [INFO] src.cleaning: [HEROMOTOCO.NS] non-critical missing fields: ['return_on_equity']
2026-10-06 09:52:10,140 [INFO] src.cleaning: [HINDALCO.NS] non-critical missing fields: ['return_on_equity']
2026-10-06 09:52:10,140 [INFO] src.cleaning: [HINDCOPPER.NS] non-critical missing fields: ['return_on_equity']
2026-10-06 09:52:10,140 [INFO] src.cleaning: [HINDUNILVR.NS] non-critical missing fields: ['return_on_equity']
2026-10-06 09:52:10,140 [INFO] src.cleaning: [HINDZINC.NS] non-critical missing fields: ['return_on_equity']
2026-10-06 09:52:10,140 [INFO] src.cleaning: [HUDCO.NS] non-critical missing fields: ['ev_to_ebitda', 'return_on_equity']
2026-10-06 09:52:10,140 [INFO] src.cleaning: [ICICIBANK.NS] non-critical missing fields: ['ev_to_ebitda', 'debt_to_equity']
2026-10-06 09:52:10,140 [INFO] src.cleaning: [ICICIGI.NS] non-critical missing fields: ['debt_to_equity']
2026-10-06 09:52:10,140 [WARNING] src.cleaning: [IDEA.NS] negative/zero equity — DuPont ROE math will be invalid downstream
2026-10-06 09:52:10,140 [INFO] src.cleaning: [IDEA.NS] non-critical missing fields: ['return_on_equity', 'debt_to_equity']
2026-10-06 09:52:10,140 [INFO] src.cleaning: [IDFCFIRSTB.NS] non-critical missing fields: ['ev_to_ebitda', 'debt_to_equity']
2026-10-06 09:52:10,140 [WARNING] src.cleaning: [INDIGO.NS] outlier values flagged: ['debt_to_equity']
2026-10-06 09:52:10,140 [INFO] src.cleaning: [INDIGO.NS] non-critical missing fields: ['trailing_pe', 'return_on_equity']
2026-10-06 09:52:10,140 [INFO] src.cleaning: [INDUSINDBK.NS] non-critical missing fields: ['ev_to_ebitda', 'return_on_equity', 'debt_to_equity']
2026-10-06 09:52:10,140 [WARNING] src.cleaning: [INFY.NS] outlier values flagged: ['ev_to_ebitda']
2026-10-06 09:52:10,140 [INFO] src.cleaning: [IOB.NS] non-critical missing fields: ['ev_to_ebitda', 'debt_to_equity']
2026-10-06 09:52:10,140 [INFO] src.cleaning: [IOC.NS] non-critical missing fields: ['return_on_equity']
2026-10-06 09:52:10,140 [INFO] src.cleaning: [IPCALAB.NS] non-critical missing fields: ['return_on_equity']
2026-10-06 09:52:10,140 [INFO] src.cleaning: [IRCON.NS] non-critical missing fields: ['return_on_equity']
2026-10-06 09:52:10,140 [INFO] src.cleaning: [IRCTC.NS] non-critical missing fields: ['return_on_equity']
2026-10-06 09:52:10,140 [INFO] src.cleaning: [IRFC.NS] non-critical missing fields: ['ev_to_ebitda', 'return_on_equity']
2026-10-06 09:52:10,140 [INFO] src.cleaning: [ITC.NS] non-critical missing fields: ['return_on_equity']
2026-10-06 09:52:10,140 [INFO] src.cleaning: [JINDALSTEL.NS] non-critical missing fields: ['return_on_equity']
2026-10-06 09:52:10,140 [INFO] src.cleaning: [JKCEMENT.NS] non-critical missing fields: ['return_on_equity']
2026-10-06 09:52:10,140 [INFO] src.cleaning: [JSL.NS] non-critical missing fields: ['return_on_equity']
2026-10-06 09:52:10,140 [INFO] src.cleaning: [JSWSTEEL.NS] non-critical missing fields: ['return_on_equity']
2026-10-06 09:52:10,140 [INFO] src.cleaning: [JUBLFOOD.NS] non-critical missing fields: ['return_on_equity']
2026-10-06 09:52:10,140 [INFO] src.cleaning: [KAJARIACER.NS] non-critical missing fields: ['return_on_equity']
2026-10-06 09:52:10,140 [INFO] src.cleaning: [KEI.NS] non-critical missing fields: ['return_on_equity']
2026-10-06 09:52:10,140 [INFO] src.cleaning: [KOTAKBANK.NS] non-critical missing fields: ['ev_to_ebitda', 'return_on_equity', 'debt_to_equity']
2026-10-06 09:52:10,140 [INFO] src.cleaning: [KPITTECH.NS] non-critical missing fields: ['return_on_equity']
2026-10-06 09:52:10,140 [INFO] src.cleaning: [LALPATHLAB.NS] non-critical missing fields: ['return_on_equity']
2026-10-06 09:52:10,140 [INFO] src.cleaning: [LAURUSLABS.NS] non-critical missing fields: ['return_on_equity']
2026-10-06 09:52:10,140 [INFO] src.cleaning: [LICHSGFIN.NS] non-critical missing fields: ['ev_to_ebitda', 'return_on_equity']
2026-10-06 09:52:10,140 [INFO] src.cleaning: [LICI.NS] non-critical missing fields: ['return_on_equity']
2026-10-06 09:52:10,140 [INFO] src.cleaning: [LTTS.NS] non-critical missing fields: ['return_on_equity']
2026-10-06 09:52:10,140 [INFO] src.cleaning: [LT.NS] non-critical missing fields: ['return_on_equity']
2026-10-06 09:52:10,141 [INFO] src.cleaning: [LUPIN.NS] non-critical missing fields: ['return_on_equity']
2026-10-06 09:52:10,141 [INFO] src.cleaning: [M&M.NS] non-critical missing fields: ['return_on_equity']
2026-10-06 09:52:10,141 [INFO] src.cleaning: [MANAPPURAM.NS] non-critical missing fields: ['ev_to_ebitda', 'return_on_equity']
2026-10-06 09:52:10,141 [INFO] src.cleaning: [MARICO.NS] non-critical missing fields: ['return_on_equity']
2026-10-06 09:52:10,141 [INFO] src.cleaning: [MARUTI.NS] non-critical missing fields: ['return_on_equity']
2026-10-06 09:52:10,141 [INFO] src.cleaning: [MAZDOCK.NS] non-critical missing fields: ['return_on_equity']
2026-10-06 09:52:10,141 [INFO] src.cleaning: [METROPOLIS.NS] non-critical missing fields: ['return_on_equity']
2026-10-06 09:52:10,141 [INFO] src.cleaning: [MOTHERSON.NS] non-critical missing fields: ['return_on_equity']
2026-10-06 09:52:10,141 [INFO] src.cleaning: [MRF.NS] non-critical missing fields: ['return_on_equity']
2026-10-06 09:52:10,141 [INFO] src.cleaning: [MUTHOOTFIN.NS] non-critical missing fields: ['ev_to_ebitda']
2026-10-06 09:52:10,141 [INFO] src.cleaning: [NATIONALUM.NS] non-critical missing fields: ['return_on_equity']
2026-10-06 09:52:10,141 [INFO] src.cleaning: [NAVINFLUOR.NS] non-critical missing fields: ['return_on_equity']
2026-10-06 09:52:10,141 [INFO] src.cleaning: [NBCC.NS] non-critical missing fields: ['return_on_equity']
2026-10-06 09:52:10,141 [INFO] src.cleaning: [NCC.NS] non-critical missing fields: ['return_on_equity']
2026-10-06 09:52:10,141 [INFO] src.cleaning: [NESTLEIND.NS] non-critical missing fields: ['return_on_equity']
2026-10-06 09:52:10,141 [INFO] src.cleaning: [NMDC.NS] non-critical missing fields: ['return_on_equity']
2026-10-06 09:52:10,141 [INFO] src.cleaning: [NTPC.NS] non-critical missing fields: ['return_on_equity']
2026-10-06 09:52:10,141 [INFO] src.cleaning: [OBEROIRLTY.NS] non-critical missing fields: ['return_on_equity']
2026-10-06 09:52:10,141 [INFO] src.cleaning: [ONGC.NS] non-critical missing fields: ['return_on_equity']
2026-10-06 09:52:10,141 [INFO] src.cleaning: [PAGEIND.NS] non-critical missing fields: ['return_on_equity']
2026-10-06 09:52:10,141 [INFO] src.cleaning: [PFC.NS] non-critical missing fields: ['ev_to_ebitda', 'return_on_equity']
2026-10-06 09:52:10,141 [INFO] src.cleaning: [PGHH.NS] non-critical missing fields: ['return_on_equity']
2026-10-06 09:52:10,141 [INFO] src.cleaning: [PHOENIXLTD.NS] non-critical missing fields: ['return_on_equity']
2026-10-06 09:52:10,141 [INFO] src.cleaning: [PIDILITIND.NS] non-critical missing fields: ['return_on_equity']
2026-10-06 09:52:10,141 [INFO] src.cleaning: [PIIND.NS] non-critical missing fields: ['return_on_equity']
2026-10-06 09:52:10,141 [INFO] src.cleaning: [PNB.NS] non-critical missing fields: ['ev_to_ebitda', 'debt_to_equity']
2026-10-06 09:52:10,141 [INFO] src.cleaning: [POONAWALLA.NS] non-critical missing fields: ['ev_to_ebitda', 'return_on_equity']
2026-10-06 09:52:10,141 [INFO] src.cleaning: [POWERGRID.NS] non-critical missing fields: ['return_on_equity']
2026-10-06 09:52:10,141 [INFO] src.cleaning: [PVRINOX.NS] non-critical missing fields: ['return_on_equity']
2026-10-06 09:52:10,141 [INFO] src.cleaning: [RAMCOCEM.NS] non-critical missing fields: ['return_on_equity']
2026-10-06 09:52:10,141 [INFO] src.cleaning: [RATNAMANI.NS] non-critical missing fields: ['return_on_equity']
2026-10-06 09:52:10,141 [INFO] src.cleaning: [RBLBANK.NS] non-critical missing fields: ['ev_to_ebitda', 'return_on_equity', 'debt_to_equity']
2026-10-06 09:52:10,141 [INFO] src.cleaning: [RECLTD.NS] non-critical missing fields: ['ev_to_ebitda', 'return_on_equity']
2026-10-06 09:52:10,141 [INFO] src.cleaning: [RELAXO.NS] non-critical missing fields: ['return_on_equity']
2026-10-06 09:52:10,141 [INFO] src.cleaning: [RELIANCE.NS] non-critical missing fields: ['return_on_equity']
2026-10-06 09:52:10,141 [INFO] src.cleaning: [RVNL.NS] non-critical missing fields: ['return_on_equity']
2026-10-06 09:52:10,141 [INFO] src.cleaning: [SAIL.NS] non-critical missing fields: ['return_on_equity']
2026-10-06 09:52:10,141 [INFO] src.cleaning: [SBICARD.NS] non-critical missing fields: ['ev_to_ebitda', 'return_on_equity']
2026-10-06 09:52:10,141 [INFO] src.cleaning: [SBILIFE.NS] non-critical missing fields: ['debt_to_equity']
2026-10-06 09:52:10,141 [INFO] src.cleaning: [SBIN.NS] non-critical missing fields: ['ev_to_ebitda', 'debt_to_equity']
2026-10-06 09:52:10,141 [INFO] src.cleaning: [SHREECEM.NS] non-critical missing fields: ['return_on_equity']
2026-10-06 09:52:10,141 [INFO] src.cleaning: [SHRIRAMFIN.NS] non-critical missing fields: ['ev_to_ebitda']
2026-10-06 09:52:10,141 [INFO] src.cleaning: [SIEMENS.NS] non-critical missing fields: ['return_on_equity']
2026-10-06 09:52:10,141 [INFO] src.cleaning: [SKFINDIA.NS] non-critical missing fields: ['return_on_equity']
2026-10-06 09:52:10,141 [INFO] src.cleaning: [SOBHA.NS] non-critical missing fields: ['return_on_equity']
2026-10-06 09:52:10,141 [INFO] src.cleaning: [SRF.NS] non-critical missing fields: ['return_on_equity']
2026-10-06 09:52:10,141 [INFO] src.cleaning: [SUNDRMFAST.NS] non-critical missing fields: ['return_on_equity']
2026-10-06 09:52:10,141 [INFO] src.cleaning: [SUNPHARMA.NS] non-critical missing fields: ['return_on_equity']
2026-10-06 09:52:10,141 [INFO] src.cleaning: [SUPREMEIND.NS] non-critical missing fields: ['return_on_equity']
2026-10-06 09:52:10,141 [INFO] src.cleaning: [TATACHEM.NS] non-critical missing fields: ['trailing_pe', 'return_on_equity']
2026-10-06 09:52:10,141 [INFO] src.cleaning: [TATACONSUM.NS] non-critical missing fields: ['return_on_equity']
2026-10-06 09:52:10,141 [INFO] src.cleaning: [TATAELXSI.NS] non-critical missing fields: ['return_on_equity']
2026-10-06 09:52:10,141 [INFO] src.cleaning: [TATAPOWER.NS] non-critical missing fields: ['return_on_equity']
2026-10-06 09:52:10,141 [INFO] src.cleaning: [TATASTEEL.NS] non-critical missing fields: ['return_on_equity']
2026-10-06 09:52:10,141 [INFO] src.cleaning: [TECHM.NS] non-critical missing fields: ['return_on_equity']
2026-10-06 09:52:10,141 [INFO] src.cleaning: [THERMAX.NS] non-critical missing fields: ['return_on_equity']
2026-10-06 09:52:10,141 [INFO] src.cleaning: [TIMKEN.NS] non-critical missing fields: ['return_on_equity']
2026-10-06 09:52:10,141 [INFO] src.cleaning: [TITAN.NS] non-critical missing fields: ['return_on_equity']
2026-10-06 09:52:10,141 [INFO] src.cleaning: [TMCV.NS] non-critical missing fields: ['return_on_equity']
2026-10-06 09:52:10,141 [INFO] src.cleaning: [TMPV.NS] non-critical missing fields: ['trailing_pe', 'return_on_equity']
2026-10-06 09:52:10,141 [INFO] src.cleaning: [TORNTPHARM.NS] non-critical missing fields: ['return_on_equity']
2026-10-06 09:52:10,141 [INFO] src.cleaning: [TORNTPOWER.NS] non-critical missing fields: ['return_on_equity']
2026-10-06 09:52:10,141 [INFO] src.cleaning: [TRENT.NS] non-critical missing fields: ['return_on_equity']
2026-10-06 09:52:10,141 [INFO] src.cleaning: [TVSMOTOR.NS] non-critical missing fields: ['return_on_equity']
2026-10-06 09:52:10,141 [INFO] src.cleaning: [UCOBANK.NS] non-critical missing fields: ['ev_to_ebitda', 'debt_to_equity']
2026-10-06 09:52:10,142 [INFO] src.cleaning: [ULTRACEMCO.NS] non-critical missing fields: ['return_on_equity']
2026-10-06 09:52:10,142 [INFO] src.cleaning: [UNIONBANK.NS] non-critical missing fields: ['ev_to_ebitda', 'debt_to_equity']
2026-10-06 09:52:10,142 [INFO] src.cleaning: [UNITDSPR.NS] non-critical missing fields: ['return_on_equity']
2026-10-06 09:52:10,142 [INFO] src.cleaning: [UNOMINDA.NS] non-critical missing fields: ['return_on_equity']
2026-10-06 09:52:10,142 [INFO] src.cleaning: [UPL.NS] non-critical missing fields: ['return_on_equity']
2026-10-06 09:52:10,142 [INFO] src.cleaning: [VEDL.NS] non-critical missing fields: ['return_on_equity']
2026-10-06 09:52:10,142 [INFO] src.cleaning: [VOLTAS.NS] non-critical missing fields: ['return_on_equity']
2026-10-06 09:52:10,142 [INFO] src.cleaning: [WELCORP.NS] non-critical missing fields: ['return_on_equity']
2026-10-06 09:52:10,142 [INFO] src.cleaning: [WHIRLPOOL.NS] non-critical missing fields: ['return_on_equity']
2026-10-06 09:52:10,142 [INFO] src.cleaning: [ZEEL.NS] non-critical missing fields: ['return_on_equity']
2026-10-06 09:52:10,147 [INFO] src.cleaning: Cleaned 200/201 tickers -> data/processed/cleaned_universe.csv
2026-10-06 09:52:10,148 [INFO] src.cleaning: Full flag audit trail -> data/processed/cleaning_flags.csv
2026-10-06 09:52:10,148 [INFO] __main__: Cleaning validation passed: 200/201 tickers retained (100%)
2026-10-06 09:52:10,148 [INFO] __main__: === Stage 3/8: Scoring ===
2026-10-06 09:52:10,190 [INFO] src.scoring: Scored 200 companies -> data/processed/scored_universe.csv
2026-10-06 09:52:10,190 [INFO] src.scoring: Top 10 shortlist -> data/processed/shortlist_top_n.csv
2026-10-06 09:52:10,191 [WARNING] src.scoring: 24 companies scored on fewer than all 4 buckets (reweighted, not zero-filled) — see 'buckets_used' column: ['IOB.NS', 'BANKINDIA.NS', 'UNIONBANK.NS', 'CANBK.NS', 'ICICIGI.NS', 'IDEA.NS', 'PNB.NS', 'GICRE.NS', 'FEDERALBNK.NS', 'BANKBARODA.NS', 'UCOBANK.NS', 'CENTRALBK.NS', 'SBIN.NS', 'AXISBANK.NS', 'KOTAKBANK.NS', 'ICICIBANK.NS', 'HDFCBANK.NS', 'SBILIFE.NS', 'AUBANK.NS', 'BANDHANBNK.NS', 'GMRAIRPORT.NS', 'IDFCFIRSTB.NS', 'RBLBANK.NS', 'INDUSINDBK.NS']
2026-10-06 09:52:10,191 [INFO] __main__: Scoring validation passed: 200 companies ranked, all scores in valid range
2026-10-06 09:52:10,192 [INFO] __main__: === Stage 4/8: Comps + DuPont ===
2026-10-06 09:52:10,199 [INFO] src.comps_dupont: Comps + DuPont report for top 10 -> data/processed/comps_dupont_report.csv
2026-10-06 09:52:10,200 [WARNING] src.comps_dupont: 1 companies have a DuPont-implied ROE that diverges >5pp from reported ROE (possible data inconsistency, worth a manual check): ['IOB.NS']
2026-10-06 09:52:10,200 [INFO] __main__: === Stage 5/8: Explainability ===
2026-10-06 09:52:10,225 [INFO] src.explainability: Explanations for top 10 companies -> data/processed/explanations.csv
2026-10-06 09:52:10,225 [INFO] __main__: === Stage 6/8: Baseline Comparison ===
2026-10-06 09:52:10,230 [INFO] src.baseline_comparison: Baseline comparison -> data/processed/baseline_comparison.csv
2026-10-06 09:52:10,230 [INFO] __main__: === Stage 7/8: Acquisition Likelihood ===
2026-10-06 09:52:10,233 [INFO] src.acquisition_likelihood: 2 companies excluded from acquisition-likelihood scoring (negative/zero equity — financial distress, not a value-target thesis): ['IDEA.NS', 'GMRAIRPORT.NS']
2026-10-06 09:52:10,240 [INFO] src.acquisition_likelihood: Acquisition likelihood scoring -> data/processed/acquisition_likelihood.csv
2026-10-06 09:52:10,241 [INFO] __main__: === Stage 8/8: Historical Snapshot ===
2026-10-06 09:52:10,246 [INFO] src.history_tracker: Recorded shortlist snapshot for 2026-10-06 (10 companies) -> data/history/shortlist_history.csv (5 distinct days tracked so far)
2026-10-06 09:52:10,250 [INFO] src.history_tracker: Recorded acquisition-likelihood snapshot for 2026-10-06 (10 companies) -> data/history/acquisition_likelihood_history.csv (5 distinct days tracked so far)
2026-10-06 09:52:10,250 [INFO] __main__: === Pipeline completed successfully ===
2026-10-06 09:52:10,250 [INFO] __main__:   ingestion: {'total': 201, 'ok': 200}
2026-10-06 09:52:10,250 [INFO] __main__:   cleaning: {'retained': 200, 'input': 201}
2026-10-06 09:52:10,250 [INFO] __main__:   scoring: {'ranked': 200}
2026-10-06 09:52:10,250 [INFO] __main__:   comps_dupont: {'companies': 10}
2026-10-06 09:52:10,250 [INFO] __main__:   explainability: {'companies': 10}
2026-10-06 09:52:10,250 [INFO] __main__:   baseline_comparison: {'correlation': np.float64(0.4737370054436598), 'overlap_pct': 0.0}
2026-10-06 09:52:10,250 [INFO] __main__:   acquisition_likelihood: {'companies': 10}
2026-10-06 09:52:10,250 [INFO] __main__:   history_tracker: {'recorded': True}
