2026-09-14 08:35:32,796 [INFO] __main__: Logging to file: logs/pipeline_run_2026-09-14T08-35-32Z.log
2026-09-14 08:35:32,796 [INFO] __main__: === Stage 1/8: Ingestion ===
2026-09-14 08:35:32,827 [INFO] src.ingestion: [ACC.NS] fetching fresh data
2026-09-14 08:35:33,764 [INFO] src.ingestion: [AMBUJACEM.NS] fetching fresh data
2026-09-14 08:35:34,649 [INFO] src.ingestion: [ULTRACEMCO.NS] fetching fresh data
2026-09-14 08:35:35,558 [INFO] src.ingestion: [SHREECEM.NS] fetching fresh data
2026-09-14 08:35:36,401 [INFO] src.ingestion: [JKCEMENT.NS] fetching fresh data
2026-09-14 08:35:37,459 [INFO] src.ingestion: [RAMCOCEM.NS] fetching fresh data
2026-09-14 08:35:38,312 [INFO] src.ingestion: [HEIDELBERG.NS] fetching fresh data
2026-09-14 08:35:39,174 [INFO] src.ingestion: [DALBHARAT.NS] fetching fresh data
2026-09-14 08:35:40,032 [INFO] src.ingestion: [INFY.NS] fetching fresh data
2026-09-14 08:35:40,907 [INFO] src.ingestion: [TCS.NS] fetching fresh data
2026-09-14 08:35:41,805 [INFO] src.ingestion: [WIPRO.NS] fetching fresh data
2026-09-14 08:35:42,714 [INFO] src.ingestion: [HCLTECH.NS] fetching fresh data
2026-09-14 08:35:43,707 [INFO] src.ingestion: [TECHM.NS] fetching fresh data
2026-09-14 08:35:44,665 [INFO] src.ingestion: [LTIM.NS] fetching fresh data
2026-09-14 08:35:44,863 [ERROR] yfinance: HTTP Error 404: {"quoteSummary":{"result":null,"error":{"code":"Not Found","description":"Quote not found for symbol: LTIM.NS"}}}
2026-09-14 08:35:44,949 [WARNING] src.ingestion: [LTIM.NS] attempt 1 failed: yfinance returned an empty info payload for LTIM.NS (no exception, but no usable data — likely a transient Yahoo-side issue or an invalid/delisted symbol)
2026-09-14 08:35:47,095 [ERROR] yfinance: HTTP Error 404: {"quoteSummary":{"result":null,"error":{"code":"Not Found","description":"Quote not found for symbol: LTIM.NS"}}}
2026-09-14 08:35:47,142 [WARNING] src.ingestion: [LTIM.NS] attempt 2 failed: yfinance returned an empty info payload for LTIM.NS (no exception, but no usable data — likely a transient Yahoo-side issue or an invalid/delisted symbol)
2026-09-14 08:35:51,290 [ERROR] yfinance: HTTP Error 404: {"quoteSummary":{"result":null,"error":{"code":"Not Found","description":"Quote not found for symbol: LTIM.NS"}}}
2026-09-14 08:35:51,340 [WARNING] src.ingestion: [LTIM.NS] attempt 3 failed: yfinance returned an empty info payload for LTIM.NS (no exception, but no usable data — likely a transient Yahoo-side issue or an invalid/delisted symbol)
2026-09-14 08:35:51,741 [INFO] src.ingestion: [PERSISTENT.NS] fetching fresh data
2026-09-14 08:35:52,693 [INFO] src.ingestion: [COFORGE.NS] fetching fresh data
2026-09-14 08:35:53,548 [INFO] src.ingestion: [MPHASIS.NS] fetching fresh data
2026-09-14 08:35:54,329 [INFO] src.ingestion: [LTTS.NS] fetching fresh data
2026-09-14 08:35:55,158 [INFO] src.ingestion: [TATAELXSI.NS] fetching fresh data
2026-09-14 08:35:56,031 [INFO] src.ingestion: [CYIENT.NS] fetching fresh data
2026-09-14 08:35:56,990 [INFO] src.ingestion: [KPITTECH.NS] fetching fresh data
2026-09-14 08:35:57,888 [INFO] src.ingestion: [HDFCBANK.NS] fetching fresh data
2026-09-14 08:35:58,796 [INFO] src.ingestion: [ICICIBANK.NS] fetching fresh data
2026-09-14 08:35:59,625 [INFO] src.ingestion: [SBIN.NS] fetching fresh data
2026-09-14 08:36:00,505 [INFO] src.ingestion: [AXISBANK.NS] fetching fresh data
2026-09-14 08:36:01,325 [INFO] src.ingestion: [KOTAKBANK.NS] fetching fresh data
2026-09-14 08:36:02,185 [INFO] src.ingestion: [INDUSINDBK.NS] fetching fresh data
2026-09-14 08:36:02,992 [INFO] src.ingestion: [FEDERALBNK.NS] fetching fresh data
2026-09-14 08:36:03,945 [INFO] src.ingestion: [BANDHANBNK.NS] fetching fresh data
2026-09-14 08:36:04,837 [INFO] src.ingestion: [IDFCFIRSTB.NS] fetching fresh data
2026-09-14 08:36:05,733 [INFO] src.ingestion: [PNB.NS] fetching fresh data
2026-09-14 08:36:06,543 [INFO] src.ingestion: [BANKBARODA.NS] fetching fresh data
2026-09-14 08:36:07,431 [INFO] src.ingestion: [CANBK.NS] fetching fresh data
2026-09-14 08:36:08,309 [INFO] src.ingestion: [UNIONBANK.NS] fetching fresh data
2026-09-14 08:36:09,203 [INFO] src.ingestion: [AUBANK.NS] fetching fresh data
2026-09-14 08:36:10,032 [INFO] src.ingestion: [RBLBANK.NS] fetching fresh data
2026-09-14 08:36:10,864 [INFO] src.ingestion: [BANKINDIA.NS] fetching fresh data
2026-09-14 08:36:11,719 [INFO] src.ingestion: [CENTRALBK.NS] fetching fresh data
2026-09-14 08:36:12,548 [INFO] src.ingestion: [IOB.NS] fetching fresh data
2026-09-14 08:36:13,397 [INFO] src.ingestion: [UCOBANK.NS] fetching fresh data
2026-09-14 08:36:14,281 [INFO] src.ingestion: [BAJFINANCE.NS] fetching fresh data
2026-09-14 08:36:15,082 [INFO] src.ingestion: [BAJAJFINSV.NS] fetching fresh data
2026-09-14 08:36:15,937 [INFO] src.ingestion: [CHOLAFIN.NS] fetching fresh data
2026-09-14 08:36:16,881 [INFO] src.ingestion: [MUTHOOTFIN.NS] fetching fresh data
2026-09-14 08:36:17,716 [INFO] src.ingestion: [LICHSGFIN.NS] fetching fresh data
2026-09-14 08:36:18,587 [INFO] src.ingestion: [SHRIRAMFIN.NS] fetching fresh data
2026-09-14 08:36:19,549 [INFO] src.ingestion: [PFC.NS] fetching fresh data
2026-09-14 08:36:20,486 [INFO] src.ingestion: [RECLTD.NS] fetching fresh data
2026-09-14 08:36:21,356 [INFO] src.ingestion: [IRFC.NS] fetching fresh data
2026-09-14 08:36:22,171 [INFO] src.ingestion: [HUDCO.NS] fetching fresh data
2026-09-14 08:36:23,042 [INFO] src.ingestion: [BAJAJHLDNG.NS] fetching fresh data
2026-09-14 08:36:23,893 [INFO] src.ingestion: [SBICARD.NS] fetching fresh data
2026-09-14 08:36:24,708 [INFO] src.ingestion: [MANAPPURAM.NS] fetching fresh data
2026-09-14 08:36:25,730 [INFO] src.ingestion: [POONAWALLA.NS] fetching fresh data
2026-09-14 08:36:26,623 [INFO] src.ingestion: [HDFCLIFE.NS] fetching fresh data
2026-09-14 08:36:27,491 [INFO] src.ingestion: [SBILIFE.NS] fetching fresh data
2026-09-14 08:36:28,344 [INFO] src.ingestion: [ICICIPRULI.NS] fetching fresh data
2026-09-14 08:36:29,106 [INFO] src.ingestion: [ICICIGI.NS] fetching fresh data
2026-09-14 08:36:30,092 [INFO] src.ingestion: [LICI.NS] fetching fresh data
2026-09-14 08:36:30,983 [INFO] src.ingestion: [GICRE.NS] fetching fresh data
2026-09-14 08:36:31,766 [INFO] src.ingestion: [MARUTI.NS] fetching fresh data
2026-09-14 08:36:32,757 [INFO] src.ingestion: [TMPV.NS] fetching fresh data
2026-09-14 08:36:33,693 [INFO] src.ingestion: [TMCV.NS] fetching fresh data
2026-09-14 08:36:34,470 [INFO] src.ingestion: [M&M.NS] fetching fresh data
2026-09-14 08:36:35,282 [INFO] src.ingestion: [EICHERMOT.NS] fetching fresh data
2026-09-14 08:36:36,159 [INFO] src.ingestion: [HEROMOTOCO.NS] fetching fresh data
2026-09-14 08:36:37,060 [INFO] src.ingestion: [BAJAJ-AUTO.NS] fetching fresh data
2026-09-14 08:36:37,966 [INFO] src.ingestion: [TVSMOTOR.NS] fetching fresh data
2026-09-14 08:36:38,788 [INFO] src.ingestion: [ASHOKLEY.NS] fetching fresh data
2026-09-14 08:36:39,591 [INFO] src.ingestion: [BHARATFORG.NS] fetching fresh data
2026-09-14 08:36:40,482 [INFO] src.ingestion: [MOTHERSON.NS] fetching fresh data
2026-09-14 08:36:41,443 [INFO] src.ingestion: [BOSCHLTD.NS] fetching fresh data
2026-09-14 08:36:42,296 [INFO] src.ingestion: [MRF.NS] fetching fresh data
2026-09-14 08:36:43,111 [INFO] src.ingestion: [ENDURANCE.NS] fetching fresh data
2026-09-14 08:36:43,988 [INFO] src.ingestion: [EXIDEIND.NS] fetching fresh data
2026-09-14 08:36:44,806 [INFO] src.ingestion: [ARE&M.NS] fetching fresh data
2026-09-14 08:36:45,639 [INFO] src.ingestion: [SUNDRMFAST.NS] fetching fresh data
2026-09-14 08:36:46,634 [INFO] src.ingestion: [UNOMINDA.NS] fetching fresh data
2026-09-14 08:36:47,457 [INFO] src.ingestion: [SUNPHARMA.NS] fetching fresh data
2026-09-14 08:36:48,366 [INFO] src.ingestion: [DRREDDY.NS] fetching fresh data
2026-09-14 08:36:49,265 [INFO] src.ingestion: [CIPLA.NS] fetching fresh data
2026-09-14 08:36:50,183 [INFO] src.ingestion: [DIVISLAB.NS] fetching fresh data
2026-09-14 08:36:51,100 [INFO] src.ingestion: [LUPIN.NS] fetching fresh data
2026-09-14 08:36:51,964 [INFO] src.ingestion: [AUROPHARMA.NS] fetching fresh data
2026-09-14 08:36:52,853 [INFO] src.ingestion: [BIOCON.NS] fetching fresh data
2026-09-14 08:36:53,716 [INFO] src.ingestion: [TORNTPHARM.NS] fetching fresh data
2026-09-14 08:36:54,713 [INFO] src.ingestion: [ALKEM.NS] fetching fresh data
2026-09-14 08:36:55,548 [INFO] src.ingestion: [ABBOTINDIA.NS] fetching fresh data
2026-09-14 08:36:56,461 [INFO] src.ingestion: [APOLLOHOSP.NS] fetching fresh data
2026-09-14 08:36:57,415 [INFO] src.ingestion: [FORTIS.NS] fetching fresh data
2026-09-14 08:36:58,296 [INFO] src.ingestion: [LALPATHLAB.NS] fetching fresh data
2026-09-14 08:36:59,188 [INFO] src.ingestion: [METROPOLIS.NS] fetching fresh data
2026-09-14 08:37:00,098 [INFO] src.ingestion: [GLAND.NS] fetching fresh data
2026-09-14 08:37:01,023 [INFO] src.ingestion: [LAURUSLABS.NS] fetching fresh data
2026-09-14 08:37:01,860 [INFO] src.ingestion: [GLENMARK.NS] fetching fresh data
2026-09-14 08:37:02,839 [INFO] src.ingestion: [IPCALAB.NS] fetching fresh data
2026-09-14 08:37:03,759 [INFO] src.ingestion: [HINDUNILVR.NS] fetching fresh data
2026-09-14 08:37:04,576 [INFO] src.ingestion: [ITC.NS] fetching fresh data
2026-09-14 08:37:05,454 [INFO] src.ingestion: [NESTLEIND.NS] fetching fresh data
2026-09-14 08:37:06,354 [INFO] src.ingestion: [BRITANNIA.NS] fetching fresh data
2026-09-14 08:37:07,206 [INFO] src.ingestion: [DABUR.NS] fetching fresh data
2026-09-14 08:37:08,040 [INFO] src.ingestion: [GODREJCP.NS] fetching fresh data
2026-09-14 08:37:08,953 [INFO] src.ingestion: [MARICO.NS] fetching fresh data
2026-09-14 08:37:09,889 [INFO] src.ingestion: [COLPAL.NS] fetching fresh data
2026-09-14 08:37:10,828 [INFO] src.ingestion: [TATACONSUM.NS] fetching fresh data
2026-09-14 08:37:11,636 [INFO] src.ingestion: [VBL.NS] fetching fresh data
2026-09-14 08:37:12,582 [INFO] src.ingestion: [UNITDSPR.NS] fetching fresh data
2026-09-14 08:37:13,571 [INFO] src.ingestion: [EMAMILTD.NS] fetching fresh data
2026-09-14 08:37:14,399 [INFO] src.ingestion: [TATASTEEL.NS] fetching fresh data
2026-09-14 08:37:15,366 [INFO] src.ingestion: [JSWSTEEL.NS] fetching fresh data
2026-09-14 08:37:16,186 [INFO] src.ingestion: [HINDALCO.NS] fetching fresh data
2026-09-14 08:37:17,024 [INFO] src.ingestion: [VEDL.NS] fetching fresh data
2026-09-14 08:37:17,961 [INFO] src.ingestion: [COALINDIA.NS] fetching fresh data
2026-09-14 08:37:18,829 [INFO] src.ingestion: [NMDC.NS] fetching fresh data
2026-09-14 08:37:19,697 [INFO] src.ingestion: [SAIL.NS] fetching fresh data
2026-09-14 08:37:20,670 [INFO] src.ingestion: [JINDALSTEL.NS] fetching fresh data
2026-09-14 08:37:21,500 [INFO] src.ingestion: [APLAPOLLO.NS] fetching fresh data
2026-09-14 08:37:22,367 [INFO] src.ingestion: [NATIONALUM.NS] fetching fresh data
2026-09-14 08:37:23,365 [INFO] src.ingestion: [HINDCOPPER.NS] fetching fresh data
2026-09-14 08:37:24,316 [INFO] src.ingestion: [RATNAMANI.NS] fetching fresh data
2026-09-14 08:37:25,119 [INFO] src.ingestion: [HINDZINC.NS] fetching fresh data
2026-09-14 08:37:26,013 [INFO] src.ingestion: [WELCORP.NS] fetching fresh data
2026-09-14 08:37:26,899 [INFO] src.ingestion: [JSL.NS] fetching fresh data
2026-09-14 08:37:27,702 [INFO] src.ingestion: [RELIANCE.NS] fetching fresh data
2026-09-14 08:37:28,681 [INFO] src.ingestion: [ONGC.NS] fetching fresh data
2026-09-14 08:37:29,581 [INFO] src.ingestion: [BPCL.NS] fetching fresh data
2026-09-14 08:37:30,480 [INFO] src.ingestion: [IOC.NS] fetching fresh data
2026-09-14 08:37:31,378 [INFO] src.ingestion: [GAIL.NS] fetching fresh data
2026-09-14 08:37:32,201 [INFO] src.ingestion: [NTPC.NS] fetching fresh data
2026-09-14 08:37:32,990 [INFO] src.ingestion: [POWERGRID.NS] fetching fresh data
2026-09-14 08:37:33,850 [INFO] src.ingestion: [TATAPOWER.NS] fetching fresh data
2026-09-14 08:37:34,653 [INFO] src.ingestion: [ADANIGREEN.NS] fetching fresh data
2026-09-14 08:37:35,553 [INFO] src.ingestion: [ADANIPOWER.NS] fetching fresh data
2026-09-14 08:37:36,466 [INFO] src.ingestion: [TORNTPOWER.NS] fetching fresh data
2026-09-14 08:37:37,423 [INFO] src.ingestion: [LT.NS] fetching fresh data
2026-09-14 08:37:38,315 [INFO] src.ingestion: [SIEMENS.NS] fetching fresh data
2026-09-14 08:37:39,256 [INFO] src.ingestion: [ABB.NS] fetching fresh data
2026-09-14 08:37:40,092 [INFO] src.ingestion: [HAL.NS] fetching fresh data
2026-09-14 08:37:41,022 [INFO] src.ingestion: [BEL.NS] fetching fresh data
2026-09-14 08:37:41,898 [INFO] src.ingestion: [BHEL.NS] fetching fresh data
2026-09-14 08:37:42,794 [INFO] src.ingestion: [CUMMINSIND.NS] fetching fresh data
2026-09-14 08:37:43,727 [INFO] src.ingestion: [THERMAX.NS] fetching fresh data
2026-09-14 08:37:44,687 [INFO] src.ingestion: [POLYCAB.NS] fetching fresh data
2026-09-14 08:37:45,529 [INFO] src.ingestion: [KEI.NS] fetching fresh data
2026-09-14 08:37:48,723 [INFO] src.ingestion: [HAVELLS.NS] fetching fresh data
2026-09-14 08:37:49,568 [INFO] src.ingestion: [CROMPTON.NS] fetching fresh data
2026-09-14 08:37:50,459 [INFO] src.ingestion: [SUPREMEIND.NS] fetching fresh data
2026-09-14 08:37:51,350 [INFO] src.ingestion: [ASTRAL.NS] fetching fresh data
2026-09-14 08:37:52,231 [INFO] src.ingestion: [GRINDWELL.NS] fetching fresh data
2026-09-14 08:37:53,146 [INFO] src.ingestion: [CARBORUNIV.NS] fetching fresh data
2026-09-14 08:37:54,044 [INFO] src.ingestion: [TIMKEN.NS] fetching fresh data
2026-09-14 08:37:54,988 [INFO] src.ingestion: [SKFINDIA.NS] fetching fresh data
2026-09-14 08:37:55,862 [INFO] src.ingestion: [SRF.NS] fetching fresh data
2026-09-14 08:37:56,767 [INFO] src.ingestion: [PIIND.NS] fetching fresh data
2026-09-14 08:37:57,698 [INFO] src.ingestion: [DEEPAKNTR.NS] fetching fresh data
2026-09-14 08:37:58,617 [INFO] src.ingestion: [AARTIIND.NS] fetching fresh data
2026-09-14 08:37:59,511 [INFO] src.ingestion: [NAVINFLUOR.NS] fetching fresh data
2026-09-14 08:38:00,291 [INFO] src.ingestion: [UPL.NS] fetching fresh data
2026-09-14 08:38:01,225 [INFO] src.ingestion: [COROMANDEL.NS] fetching fresh data
2026-09-14 08:38:02,107 [INFO] src.ingestion: [CHAMBLFERT.NS] fetching fresh data
2026-09-14 08:38:02,968 [INFO] src.ingestion: [GNFC.NS] fetching fresh data
2026-09-14 08:38:03,828 [INFO] src.ingestion: [PIDILITIND.NS] fetching fresh data
2026-09-14 08:38:04,727 [INFO] src.ingestion: [TATACHEM.NS] fetching fresh data
2026-09-14 08:38:05,653 [INFO] src.ingestion: [GHCL.NS] fetching fresh data
2026-09-14 08:38:06,535 [INFO] src.ingestion: [TITAN.NS] fetching fresh data
2026-09-14 08:38:07,365 [INFO] src.ingestion: [DMART.NS] fetching fresh data
2026-09-14 08:38:08,205 [INFO] src.ingestion: [TRENT.NS] fetching fresh data
2026-09-14 08:38:09,083 [INFO] src.ingestion: [BATAINDIA.NS] fetching fresh data
2026-09-14 08:38:10,324 [INFO] src.ingestion: [PAGEIND.NS] fetching fresh data
2026-09-14 08:38:11,207 [INFO] src.ingestion: [JUBLFOOD.NS] fetching fresh data
2026-09-14 08:38:12,003 [INFO] src.ingestion: [VOLTAS.NS] fetching fresh data
2026-09-14 08:38:12,824 [INFO] src.ingestion: [DIXON.NS] fetching fresh data
2026-09-14 08:38:13,794 [INFO] src.ingestion: [RELAXO.NS] fetching fresh data
2026-09-14 08:38:14,659 [INFO] src.ingestion: [KAJARIACER.NS] fetching fresh data
2026-09-14 08:38:15,563 [INFO] src.ingestion: [WHIRLPOOL.NS] fetching fresh data
2026-09-14 08:38:16,415 [INFO] src.ingestion: [BLUESTARCO.NS] fetching fresh data
2026-09-14 08:38:17,196 [INFO] src.ingestion: [PGHH.NS] fetching fresh data
2026-09-14 08:38:18,059 [INFO] src.ingestion: [GILLETTE.NS] fetching fresh data
2026-09-14 08:38:18,840 [INFO] src.ingestion: [BHARTIARTL.NS] fetching fresh data
2026-09-14 08:38:19,727 [INFO] src.ingestion: [IDEA.NS] fetching fresh data
2026-09-14 08:38:20,638 [INFO] src.ingestion: [INDUSTOWER.NS] fetching fresh data
2026-09-14 08:38:21,440 [INFO] src.ingestion: [PVRINOX.NS] fetching fresh data
2026-09-14 08:38:22,307 [INFO] src.ingestion: [ZEEL.NS] fetching fresh data
2026-09-14 08:38:23,279 [INFO] src.ingestion: [ADANIPORTS.NS] fetching fresh data
2026-09-14 08:38:24,224 [INFO] src.ingestion: [ADANIENT.NS] fetching fresh data
2026-09-14 08:38:25,046 [INFO] src.ingestion: [GMRAIRPORT.NS] fetching fresh data
2026-09-14 08:38:25,937 [INFO] src.ingestion: [CONCOR.NS] fetching fresh data
2026-09-14 08:38:26,743 [INFO] src.ingestion: [IRCTC.NS] fetching fresh data
2026-09-14 08:38:27,615 [INFO] src.ingestion: [INDIGO.NS] fetching fresh data
2026-09-14 08:38:28,522 [INFO] src.ingestion: [RVNL.NS] fetching fresh data
2026-09-14 08:38:29,500 [INFO] src.ingestion: [IRCON.NS] fetching fresh data
2026-09-14 08:38:30,485 [INFO] src.ingestion: [NBCC.NS] fetching fresh data
2026-09-14 08:38:31,418 [INFO] src.ingestion: [NCC.NS] fetching fresh data
2026-09-14 08:38:32,266 [INFO] src.ingestion: [MAZDOCK.NS] fetching fresh data
2026-09-14 08:38:33,143 [INFO] src.ingestion: [COCHINSHIP.NS] fetching fresh data
2026-09-14 08:38:34,006 [INFO] src.ingestion: [DLF.NS] fetching fresh data
2026-09-14 08:38:34,927 [INFO] src.ingestion: [GODREJPROP.NS] fetching fresh data
2026-09-14 08:38:35,849 [INFO] src.ingestion: [OBEROIRLTY.NS] fetching fresh data
2026-09-14 08:38:36,738 [INFO] src.ingestion: [PRESTIGE.NS] fetching fresh data
2026-09-14 08:38:37,638 [INFO] src.ingestion: [PHOENIXLTD.NS] fetching fresh data
2026-09-14 08:38:38,575 [INFO] src.ingestion: [SOBHA.NS] fetching fresh data
2026-09-14 08:38:39,422 [INFO] src.ingestion: Fetched 200/201 tickers successfully
2026-09-14 08:38:39,422 [WARNING] src.ingestion: Failed tickers (excluded from downstream, not silently zeroed): ['LTIM.NS']
2026-09-14 08:38:39,423 [INFO] __main__: Ingestion validation passed: 200/201 tickers (100%)
2026-09-14 08:38:39,423 [INFO] __main__: === Stage 2/8: Cleaning ===
2026-09-14 08:38:39,431 [WARNING] src.cleaning: [LTIM.NS] EXCLUDED: ingestion failed: yfinance returned an empty info payload for LTIM.NS (no exception, but no usable data — likely a transient Yahoo-side issue or an invalid/delisted symbol)
2026-09-14 08:38:39,431 [INFO] src.cleaning: [AARTIIND.NS] non-critical missing fields: ['return_on_equity']
2026-09-14 08:38:39,431 [INFO] src.cleaning: [ABBOTINDIA.NS] non-critical missing fields: ['return_on_equity']
2026-09-14 08:38:39,431 [INFO] src.cleaning: [ACC.NS] non-critical missing fields: ['return_on_equity']
2026-09-14 08:38:39,431 [INFO] src.cleaning: [ADANIENT.NS] non-critical missing fields: ['return_on_equity']
2026-09-14 08:38:39,432 [INFO] src.cleaning: [ADANIGREEN.NS] non-critical missing fields: ['return_on_equity']
2026-09-14 08:38:39,432 [INFO] src.cleaning: [ADANIPORTS.NS] non-critical missing fields: ['return_on_equity']
2026-09-14 08:38:39,432 [INFO] src.cleaning: [ADANIPOWER.NS] non-critical missing fields: ['return_on_equity']
2026-09-14 08:38:39,432 [INFO] src.cleaning: [ALKEM.NS] non-critical missing fields: ['return_on_equity']
2026-09-14 08:38:39,432 [INFO] src.cleaning: [AMBUJACEM.NS] non-critical missing fields: ['return_on_equity']
2026-09-14 08:38:39,432 [INFO] src.cleaning: [APLAPOLLO.NS] non-critical missing fields: ['return_on_equity']
2026-09-14 08:38:39,432 [INFO] src.cleaning: [APOLLOHOSP.NS] non-critical missing fields: ['return_on_equity']
2026-09-14 08:38:39,432 [INFO] src.cleaning: [ARE&M.NS] non-critical missing fields: ['return_on_equity']
2026-09-14 08:38:39,432 [INFO] src.cleaning: [ASHOKLEY.NS] non-critical missing fields: ['return_on_equity']
2026-09-14 08:38:39,432 [INFO] src.cleaning: [ASTRAL.NS] non-critical missing fields: ['return_on_equity']
2026-09-14 08:38:39,432 [INFO] src.cleaning: [AUBANK.NS] non-critical missing fields: ['ev_to_ebitda', 'return_on_equity', 'debt_to_equity']
2026-09-14 08:38:39,432 [INFO] src.cleaning: [AUROPHARMA.NS] non-critical missing fields: ['return_on_equity']
2026-09-14 08:38:39,432 [INFO] src.cleaning: [AXISBANK.NS] non-critical missing fields: ['ev_to_ebitda', 'debt_to_equity']
2026-09-14 08:38:39,432 [INFO] src.cleaning: [BAJAJ-AUTO.NS] non-critical missing fields: ['return_on_equity']
2026-09-14 08:38:39,432 [INFO] src.cleaning: [BAJAJFINSV.NS] non-critical missing fields: ['return_on_equity']
2026-09-14 08:38:39,432 [WARNING] src.cleaning: [BAJAJHLDNG.NS] outlier values flagged: ['net_margin']
2026-09-14 08:38:39,432 [INFO] src.cleaning: [BAJFINANCE.NS] non-critical missing fields: ['ev_to_ebitda', 'return_on_equity']
2026-09-14 08:38:39,432 [INFO] src.cleaning: [BANDHANBNK.NS] non-critical missing fields: ['ev_to_ebitda', 'return_on_equity', 'debt_to_equity']
2026-09-14 08:38:39,432 [INFO] src.cleaning: [BANKBARODA.NS] non-critical missing fields: ['ev_to_ebitda', 'debt_to_equity']
2026-09-14 08:38:39,432 [INFO] src.cleaning: [BANKINDIA.NS] non-critical missing fields: ['ev_to_ebitda', 'debt_to_equity']
2026-09-14 08:38:39,432 [INFO] src.cleaning: [BATAINDIA.NS] non-critical missing fields: ['return_on_equity']
2026-09-14 08:38:39,433 [INFO] src.cleaning: [BEL.NS] non-critical missing fields: ['return_on_equity']
2026-09-14 08:38:39,433 [INFO] src.cleaning: [BHARATFORG.NS] non-critical missing fields: ['return_on_equity']
2026-09-14 08:38:39,433 [INFO] src.cleaning: [BHEL.NS] non-critical missing fields: ['return_on_equity']
2026-09-14 08:38:39,433 [INFO] src.cleaning: [BIOCON.NS] non-critical missing fields: ['return_on_equity']
2026-09-14 08:38:39,433 [INFO] src.cleaning: [BLUESTARCO.NS] non-critical missing fields: ['return_on_equity']
2026-09-14 08:38:39,433 [INFO] src.cleaning: [BOSCHLTD.NS] non-critical missing fields: ['return_on_equity']
2026-09-14 08:38:39,433 [INFO] src.cleaning: [BPCL.NS] non-critical missing fields: ['return_on_equity']
2026-09-14 08:38:39,433 [INFO] src.cleaning: [BRITANNIA.NS] non-critical missing fields: ['return_on_equity']
2026-09-14 08:38:39,433 [INFO] src.cleaning: [CANBK.NS] non-critical missing fields: ['ev_to_ebitda', 'return_on_equity', 'debt_to_equity']
2026-09-14 08:38:39,433 [INFO] src.cleaning: [CARBORUNIV.NS] non-critical missing fields: ['return_on_equity']
2026-09-14 08:38:39,433 [INFO] src.cleaning: [CENTRALBK.NS] non-critical missing fields: ['ev_to_ebitda', 'debt_to_equity']
2026-09-14 08:38:39,433 [INFO] src.cleaning: [CHAMBLFERT.NS] non-critical missing fields: ['return_on_equity']
2026-09-14 08:38:39,433 [INFO] src.cleaning: [CHOLAFIN.NS] non-critical missing fields: ['ev_to_ebitda', 'return_on_equity']
2026-09-14 08:38:39,433 [INFO] src.cleaning: [CIPLA.NS] non-critical missing fields: ['return_on_equity']
2026-09-14 08:38:39,433 [INFO] src.cleaning: [COALINDIA.NS] non-critical missing fields: ['return_on_equity']
2026-09-14 08:38:39,433 [INFO] src.cleaning: [COCHINSHIP.NS] non-critical missing fields: ['return_on_equity']
2026-09-14 08:38:39,433 [INFO] src.cleaning: [COFORGE.NS] non-critical missing fields: ['return_on_equity']
2026-09-14 08:38:39,433 [INFO] src.cleaning: [COLPAL.NS] non-critical missing fields: ['return_on_equity']
2026-09-14 08:38:39,433 [INFO] src.cleaning: [CONCOR.NS] non-critical missing fields: ['return_on_equity']
2026-09-14 08:38:39,433 [INFO] src.cleaning: [COROMANDEL.NS] non-critical missing fields: ['return_on_equity']
2026-09-14 08:38:39,433 [INFO] src.cleaning: [CROMPTON.NS] non-critical missing fields: ['trailing_pe', 'return_on_equity']
2026-09-14 08:38:39,433 [INFO] src.cleaning: [CUMMINSIND.NS] non-critical missing fields: ['return_on_equity']
2026-09-14 08:38:39,433 [INFO] src.cleaning: [CYIENT.NS] non-critical missing fields: ['return_on_equity']
2026-09-14 08:38:39,433 [INFO] src.cleaning: [DABUR.NS] non-critical missing fields: ['return_on_equity']
2026-09-14 08:38:39,433 [INFO] src.cleaning: [DALBHARAT.NS] non-critical missing fields: ['return_on_equity']
2026-09-14 08:38:39,434 [INFO] src.cleaning: [DEEPAKNTR.NS] non-critical missing fields: ['return_on_equity']
2026-09-14 08:38:39,434 [INFO] src.cleaning: [DIVISLAB.NS] non-critical missing fields: ['return_on_equity']
2026-09-14 08:38:39,434 [INFO] src.cleaning: [DIXON.NS] non-critical missing fields: ['return_on_equity']
2026-09-14 08:38:39,434 [INFO] src.cleaning: [DMART.NS] non-critical missing fields: ['return_on_equity']
2026-09-14 08:38:39,434 [INFO] src.cleaning: [EICHERMOT.NS] non-critical missing fields: ['return_on_equity']
2026-09-14 08:38:39,434 [INFO] src.cleaning: [EMAMILTD.NS] non-critical missing fields: ['return_on_equity']
2026-09-14 08:38:39,434 [INFO] src.cleaning: [ENDURANCE.NS] non-critical missing fields: ['return_on_equity']
2026-09-14 08:38:39,434 [INFO] src.cleaning: [EXIDEIND.NS] non-critical missing fields: ['return_on_equity']
2026-09-14 08:38:39,434 [INFO] src.cleaning: [FEDERALBNK.NS] non-critical missing fields: ['ev_to_ebitda', 'return_on_equity', 'debt_to_equity']
2026-09-14 08:38:39,434 [INFO] src.cleaning: [FORTIS.NS] non-critical missing fields: ['return_on_equity']
2026-09-14 08:38:39,434 [INFO] src.cleaning: [GAIL.NS] non-critical missing fields: ['return_on_equity']
2026-09-14 08:38:39,434 [INFO] src.cleaning: [GHCL.NS] non-critical missing fields: ['return_on_equity']
2026-09-14 08:38:39,434 [INFO] src.cleaning: [GICRE.NS] non-critical missing fields: ['ev_to_ebitda', 'debt_to_equity']
2026-09-14 08:38:39,434 [INFO] src.cleaning: [GILLETTE.NS] non-critical missing fields: ['return_on_equity']
2026-09-14 08:38:39,434 [INFO] src.cleaning: [GLAND.NS] non-critical missing fields: ['return_on_equity']
2026-09-14 08:38:39,434 [INFO] src.cleaning: [GLENMARK.NS] non-critical missing fields: ['return_on_equity']
2026-09-14 08:38:39,434 [WARNING] src.cleaning: [GMRAIRPORT.NS] negative/zero equity — DuPont ROE math will be invalid downstream
2026-09-14 08:38:39,434 [INFO] src.cleaning: [GMRAIRPORT.NS] non-critical missing fields: ['return_on_equity', 'debt_to_equity']
2026-09-14 08:38:39,434 [INFO] src.cleaning: [GNFC.NS] non-critical missing fields: ['return_on_equity']
2026-09-14 08:38:39,434 [INFO] src.cleaning: [GODREJCP.NS] non-critical missing fields: ['return_on_equity']
2026-09-14 08:38:39,434 [INFO] src.cleaning: [GODREJPROP.NS] non-critical missing fields: ['return_on_equity']
2026-09-14 08:38:39,434 [INFO] src.cleaning: [GRINDWELL.NS] non-critical missing fields: ['return_on_equity']
2026-09-14 08:38:39,434 [INFO] src.cleaning: [HAL.NS] non-critical missing fields: ['return_on_equity']
2026-09-14 08:38:39,434 [INFO] src.cleaning: [HAVELLS.NS] non-critical missing fields: ['return_on_equity']
2026-09-14 08:38:39,434 [WARNING] src.cleaning: [HCLTECH.NS] outlier values flagged: ['ev_to_ebitda']
2026-09-14 08:38:39,435 [INFO] src.cleaning: [HDFCBANK.NS] non-critical missing fields: ['ev_to_ebitda', 'debt_to_equity']
2026-09-14 08:38:39,435 [INFO] src.cleaning: [HEIDELBERG.NS] non-critical missing fields: ['return_on_equity']
2026-09-14 08:38:39,435 [INFO] src.cleaning: [HEROMOTOCO.NS] non-critical missing fields: ['return_on_equity']
2026-09-14 08:38:39,435 [INFO] src.cleaning: [HINDALCO.NS] non-critical missing fields: ['return_on_equity']
2026-09-14 08:38:39,435 [INFO] src.cleaning: [HINDCOPPER.NS] non-critical missing fields: ['return_on_equity']
2026-09-14 08:38:39,435 [INFO] src.cleaning: [HINDUNILVR.NS] non-critical missing fields: ['return_on_equity']
2026-09-14 08:38:39,435 [INFO] src.cleaning: [HINDZINC.NS] non-critical missing fields: ['return_on_equity']
2026-09-14 08:38:39,435 [INFO] src.cleaning: [HUDCO.NS] non-critical missing fields: ['ev_to_ebitda', 'return_on_equity']
2026-09-14 08:38:39,435 [INFO] src.cleaning: [ICICIBANK.NS] non-critical missing fields: ['ev_to_ebitda', 'debt_to_equity']
2026-09-14 08:38:39,435 [INFO] src.cleaning: [ICICIGI.NS] non-critical missing fields: ['debt_to_equity']
2026-09-14 08:38:39,435 [WARNING] src.cleaning: [IDEA.NS] negative/zero equity — DuPont ROE math will be invalid downstream
2026-09-14 08:38:39,435 [INFO] src.cleaning: [IDEA.NS] non-critical missing fields: ['return_on_equity', 'debt_to_equity']
2026-09-14 08:38:39,435 [INFO] src.cleaning: [IDFCFIRSTB.NS] non-critical missing fields: ['ev_to_ebitda', 'return_on_equity', 'debt_to_equity', 'total_debt']
2026-09-14 08:38:39,435 [INFO] src.cleaning: [INDIGO.NS] non-critical missing fields: ['trailing_pe', 'return_on_equity']
2026-09-14 08:38:39,435 [INFO] src.cleaning: [INDUSINDBK.NS] non-critical missing fields: ['ev_to_ebitda', 'return_on_equity', 'debt_to_equity']
2026-09-14 08:38:39,435 [WARNING] src.cleaning: [INFY.NS] outlier values flagged: ['ev_to_ebitda']
2026-09-14 08:38:39,435 [INFO] src.cleaning: [IOB.NS] non-critical missing fields: ['ev_to_ebitda', 'debt_to_equity']
2026-09-14 08:38:39,435 [INFO] src.cleaning: [IOC.NS] non-critical missing fields: ['return_on_equity']
2026-09-14 08:38:39,435 [INFO] src.cleaning: [IPCALAB.NS] non-critical missing fields: ['return_on_equity']
2026-09-14 08:38:39,435 [INFO] src.cleaning: [IRCON.NS] non-critical missing fields: ['return_on_equity']
2026-09-14 08:38:39,435 [INFO] src.cleaning: [IRCTC.NS] non-critical missing fields: ['return_on_equity']
2026-09-14 08:38:39,435 [INFO] src.cleaning: [IRFC.NS] non-critical missing fields: ['ev_to_ebitda', 'return_on_equity']
2026-09-14 08:38:39,435 [INFO] src.cleaning: [ITC.NS] non-critical missing fields: ['return_on_equity']
2026-09-14 08:38:39,435 [INFO] src.cleaning: [JINDALSTEL.NS] non-critical missing fields: ['return_on_equity']
2026-09-14 08:38:39,435 [INFO] src.cleaning: [JKCEMENT.NS] non-critical missing fields: ['return_on_equity']
2026-09-14 08:38:39,435 [INFO] src.cleaning: [JSL.NS] non-critical missing fields: ['return_on_equity']
2026-09-14 08:38:39,435 [INFO] src.cleaning: [JSWSTEEL.NS] non-critical missing fields: ['return_on_equity']
2026-09-14 08:38:39,435 [INFO] src.cleaning: [JUBLFOOD.NS] non-critical missing fields: ['return_on_equity']
2026-09-14 08:38:39,435 [INFO] src.cleaning: [KAJARIACER.NS] non-critical missing fields: ['return_on_equity']
2026-09-14 08:38:39,435 [INFO] src.cleaning: [KEI.NS] non-critical missing fields: ['return_on_equity']
2026-09-14 08:38:39,435 [INFO] src.cleaning: [KOTAKBANK.NS] non-critical missing fields: ['ev_to_ebitda', 'return_on_equity', 'debt_to_equity']
2026-09-14 08:38:39,436 [INFO] src.cleaning: [KPITTECH.NS] non-critical missing fields: ['return_on_equity']
2026-09-14 08:38:39,436 [INFO] src.cleaning: [LALPATHLAB.NS] non-critical missing fields: ['return_on_equity']
2026-09-14 08:38:39,436 [INFO] src.cleaning: [LAURUSLABS.NS] non-critical missing fields: ['return_on_equity']
2026-09-14 08:38:39,436 [INFO] src.cleaning: [LICHSGFIN.NS] non-critical missing fields: ['ev_to_ebitda', 'return_on_equity']
2026-09-14 08:38:39,436 [INFO] src.cleaning: [LICI.NS] non-critical missing fields: ['return_on_equity']
2026-09-14 08:38:39,436 [INFO] src.cleaning: [LTTS.NS] non-critical missing fields: ['return_on_equity']
2026-09-14 08:38:39,436 [INFO] src.cleaning: [LT.NS] non-critical missing fields: ['return_on_equity']
2026-09-14 08:38:39,436 [INFO] src.cleaning: [LUPIN.NS] non-critical missing fields: ['return_on_equity']
2026-09-14 08:38:39,436 [INFO] src.cleaning: [M&M.NS] non-critical missing fields: ['return_on_equity']
2026-09-14 08:38:39,436 [INFO] src.cleaning: [MANAPPURAM.NS] non-critical missing fields: ['ev_to_ebitda', 'return_on_equity']
2026-09-14 08:38:39,436 [INFO] src.cleaning: [MARICO.NS] non-critical missing fields: ['return_on_equity']
2026-09-14 08:38:39,436 [INFO] src.cleaning: [MARUTI.NS] non-critical missing fields: ['return_on_equity']
2026-09-14 08:38:39,436 [INFO] src.cleaning: [MAZDOCK.NS] non-critical missing fields: ['return_on_equity']
2026-09-14 08:38:39,436 [INFO] src.cleaning: [METROPOLIS.NS] non-critical missing fields: ['return_on_equity']
2026-09-14 08:38:39,436 [INFO] src.cleaning: [MOTHERSON.NS] non-critical missing fields: ['return_on_equity']
2026-09-14 08:38:39,436 [INFO] src.cleaning: [MRF.NS] non-critical missing fields: ['return_on_equity']
2026-09-14 08:38:39,436 [INFO] src.cleaning: [MUTHOOTFIN.NS] non-critical missing fields: ['ev_to_ebitda']
2026-09-14 08:38:39,436 [INFO] src.cleaning: [NATIONALUM.NS] non-critical missing fields: ['return_on_equity']
2026-09-14 08:38:39,437 [INFO] src.cleaning: [NAVINFLUOR.NS] non-critical missing fields: ['return_on_equity']
2026-09-14 08:38:39,437 [INFO] src.cleaning: [NBCC.NS] non-critical missing fields: ['return_on_equity']
2026-09-14 08:38:39,437 [INFO] src.cleaning: [NCC.NS] non-critical missing fields: ['return_on_equity']
2026-09-14 08:38:39,437 [INFO] src.cleaning: [NESTLEIND.NS] non-critical missing fields: ['return_on_equity']
2026-09-14 08:38:39,437 [INFO] src.cleaning: [NMDC.NS] non-critical missing fields: ['return_on_equity']
2026-09-14 08:38:39,437 [INFO] src.cleaning: [NTPC.NS] non-critical missing fields: ['return_on_equity']
2026-09-14 08:38:39,437 [INFO] src.cleaning: [OBEROIRLTY.NS] non-critical missing fields: ['return_on_equity']
2026-09-14 08:38:39,437 [INFO] src.cleaning: [ONGC.NS] non-critical missing fields: ['return_on_equity']
2026-09-14 08:38:39,437 [INFO] src.cleaning: [PAGEIND.NS] non-critical missing fields: ['return_on_equity']
2026-09-14 08:38:39,437 [INFO] src.cleaning: [PFC.NS] non-critical missing fields: ['ev_to_ebitda', 'return_on_equity']
2026-09-14 08:38:39,437 [INFO] src.cleaning: [PGHH.NS] non-critical missing fields: ['return_on_equity']
2026-09-14 08:38:39,437 [INFO] src.cleaning: [PHOENIXLTD.NS] non-critical missing fields: ['return_on_equity']
2026-09-14 08:38:39,437 [INFO] src.cleaning: [PIDILITIND.NS] non-critical missing fields: ['return_on_equity']
2026-09-14 08:38:39,437 [INFO] src.cleaning: [PIIND.NS] non-critical missing fields: ['return_on_equity']
2026-09-14 08:38:39,437 [INFO] src.cleaning: [PNB.NS] non-critical missing fields: ['ev_to_ebitda', 'debt_to_equity']
2026-09-14 08:38:39,437 [INFO] src.cleaning: [POONAWALLA.NS] non-critical missing fields: ['ev_to_ebitda', 'return_on_equity']
2026-09-14 08:38:39,437 [INFO] src.cleaning: [POWERGRID.NS] non-critical missing fields: ['return_on_equity']
2026-09-14 08:38:39,438 [INFO] src.cleaning: [PVRINOX.NS] non-critical missing fields: ['return_on_equity']
2026-09-14 08:38:39,438 [INFO] src.cleaning: [RAMCOCEM.NS] non-critical missing fields: ['return_on_equity']
2026-09-14 08:38:39,438 [INFO] src.cleaning: [RATNAMANI.NS] non-critical missing fields: ['return_on_equity']
2026-09-14 08:38:39,438 [INFO] src.cleaning: [RBLBANK.NS] non-critical missing fields: ['ev_to_ebitda', 'return_on_equity', 'debt_to_equity']
2026-09-14 08:38:39,438 [INFO] src.cleaning: [RECLTD.NS] non-critical missing fields: ['ev_to_ebitda', 'return_on_equity']
2026-09-14 08:38:39,438 [INFO] src.cleaning: [RELAXO.NS] non-critical missing fields: ['return_on_equity']
2026-09-14 08:38:39,438 [INFO] src.cleaning: [RELIANCE.NS] non-critical missing fields: ['return_on_equity']
2026-09-14 08:38:39,438 [INFO] src.cleaning: [RVNL.NS] non-critical missing fields: ['return_on_equity']
2026-09-14 08:38:39,438 [INFO] src.cleaning: [SAIL.NS] non-critical missing fields: ['return_on_equity']
2026-09-14 08:38:39,438 [INFO] src.cleaning: [SBICARD.NS] non-critical missing fields: ['ev_to_ebitda', 'return_on_equity']
2026-09-14 08:38:39,438 [INFO] src.cleaning: [SBILIFE.NS] non-critical missing fields: ['debt_to_equity']
2026-09-14 08:38:39,438 [INFO] src.cleaning: [SBIN.NS] non-critical missing fields: ['ev_to_ebitda', 'debt_to_equity']
2026-09-14 08:38:39,438 [INFO] src.cleaning: [SHREECEM.NS] non-critical missing fields: ['return_on_equity']
2026-09-14 08:38:39,438 [INFO] src.cleaning: [SHRIRAMFIN.NS] non-critical missing fields: ['ev_to_ebitda']
2026-09-14 08:38:39,438 [INFO] src.cleaning: [SIEMENS.NS] non-critical missing fields: ['return_on_equity']
2026-09-14 08:38:39,438 [INFO] src.cleaning: [SKFINDIA.NS] non-critical missing fields: ['return_on_equity']
2026-09-14 08:38:39,438 [INFO] src.cleaning: [SOBHA.NS] non-critical missing fields: ['return_on_equity']
2026-09-14 08:38:39,438 [INFO] src.cleaning: [SRF.NS] non-critical missing fields: ['return_on_equity']
2026-09-14 08:38:39,439 [INFO] src.cleaning: [SUNDRMFAST.NS] non-critical missing fields: ['return_on_equity']
2026-09-14 08:38:39,439 [INFO] src.cleaning: [SUNPHARMA.NS] non-critical missing fields: ['return_on_equity']
2026-09-14 08:38:39,439 [INFO] src.cleaning: [SUPREMEIND.NS] non-critical missing fields: ['return_on_equity']
2026-09-14 08:38:39,439 [INFO] src.cleaning: [TATACHEM.NS] non-critical missing fields: ['trailing_pe', 'return_on_equity']
2026-09-14 08:38:39,439 [INFO] src.cleaning: [TATACONSUM.NS] non-critical missing fields: ['return_on_equity']
2026-09-14 08:38:39,439 [INFO] src.cleaning: [TATAELXSI.NS] non-critical missing fields: ['return_on_equity']
2026-09-14 08:38:39,439 [INFO] src.cleaning: [TATAPOWER.NS] non-critical missing fields: ['return_on_equity']
2026-09-14 08:38:39,439 [INFO] src.cleaning: [TATASTEEL.NS] non-critical missing fields: ['return_on_equity']
2026-09-14 08:38:39,439 [INFO] src.cleaning: [TECHM.NS] non-critical missing fields: ['return_on_equity']
2026-09-14 08:38:39,439 [INFO] src.cleaning: [THERMAX.NS] non-critical missing fields: ['return_on_equity']
2026-09-14 08:38:39,439 [INFO] src.cleaning: [TIMKEN.NS] non-critical missing fields: ['return_on_equity']
2026-09-14 08:38:39,439 [INFO] src.cleaning: [TITAN.NS] non-critical missing fields: ['return_on_equity']
2026-09-14 08:38:39,439 [INFO] src.cleaning: [TMCV.NS] non-critical missing fields: ['return_on_equity']
2026-09-14 08:38:39,439 [INFO] src.cleaning: [TMPV.NS] non-critical missing fields: ['trailing_pe', 'return_on_equity']
2026-09-14 08:38:39,439 [INFO] src.cleaning: [TORNTPHARM.NS] non-critical missing fields: ['return_on_equity']
2026-09-14 08:38:39,439 [INFO] src.cleaning: [TORNTPOWER.NS] non-critical missing fields: ['return_on_equity']
2026-09-14 08:38:39,439 [INFO] src.cleaning: [TRENT.NS] non-critical missing fields: ['return_on_equity']
2026-09-14 08:38:39,439 [INFO] src.cleaning: [TVSMOTOR.NS] non-critical missing fields: ['return_on_equity']
2026-09-14 08:38:39,440 [INFO] src.cleaning: [UCOBANK.NS] non-critical missing fields: ['ev_to_ebitda', 'debt_to_equity']
2026-09-14 08:38:39,440 [INFO] src.cleaning: [ULTRACEMCO.NS] non-critical missing fields: ['return_on_equity']
2026-09-14 08:38:39,440 [INFO] src.cleaning: [UNIONBANK.NS] non-critical missing fields: ['ev_to_ebitda', 'debt_to_equity', 'revenue_growth', 'total_debt']
2026-09-14 08:38:39,440 [INFO] src.cleaning: [UNITDSPR.NS] non-critical missing fields: ['return_on_equity']
2026-09-14 08:38:39,440 [INFO] src.cleaning: [UNOMINDA.NS] non-critical missing fields: ['return_on_equity']
2026-09-14 08:38:39,440 [INFO] src.cleaning: [UPL.NS] non-critical missing fields: ['return_on_equity']
2026-09-14 08:38:39,440 [INFO] src.cleaning: [VEDL.NS] non-critical missing fields: ['return_on_equity']
2026-09-14 08:38:39,440 [INFO] src.cleaning: [VOLTAS.NS] non-critical missing fields: ['return_on_equity']
2026-09-14 08:38:39,440 [INFO] src.cleaning: [WELCORP.NS] non-critical missing fields: ['return_on_equity']
2026-09-14 08:38:39,440 [INFO] src.cleaning: [WHIRLPOOL.NS] non-critical missing fields: ['return_on_equity']
2026-09-14 08:38:39,440 [INFO] src.cleaning: [ZEEL.NS] non-critical missing fields: ['return_on_equity']
2026-09-14 08:38:39,448 [INFO] src.cleaning: Cleaned 200/201 tickers -> data/processed/cleaned_universe.csv
2026-09-14 08:38:39,448 [INFO] src.cleaning: Full flag audit trail -> data/processed/cleaning_flags.csv
2026-09-14 08:38:39,448 [INFO] __main__: Cleaning validation passed: 200/201 tickers retained (100%)
2026-09-14 08:38:39,448 [INFO] __main__: === Stage 3/8: Scoring ===
2026-09-14 08:38:39,507 [INFO] src.scoring: Scored 200 companies -> data/processed/scored_universe.csv
2026-09-14 08:38:39,507 [INFO] src.scoring: Top 10 shortlist -> data/processed/shortlist_top_n.csv
2026-09-14 08:38:39,508 [WARNING] src.scoring: 24 companies scored on fewer than all 4 buckets (reweighted, not zero-filled) — see 'buckets_used' column: ['UNIONBANK.NS', 'IOB.NS', 'BANKINDIA.NS', 'CANBK.NS', 'PNB.NS', 'ICICIGI.NS', 'IDEA.NS', 'GICRE.NS', 'FEDERALBNK.NS', 'UCOBANK.NS', 'BANKBARODA.NS', 'SBIN.NS', 'AXISBANK.NS', 'KOTAKBANK.NS', 'ICICIBANK.NS', 'CENTRALBK.NS', 'SBILIFE.NS', 'HDFCBANK.NS', 'AUBANK.NS', 'IDFCFIRSTB.NS', 'BANDHANBNK.NS', 'GMRAIRPORT.NS', 'RBLBANK.NS', 'INDUSINDBK.NS']
2026-09-14 08:38:39,509 [INFO] __main__: Scoring validation passed: 200 companies ranked, all scores in valid range
2026-09-14 08:38:39,509 [INFO] __main__: === Stage 4/8: Comps + DuPont ===
2026-09-14 08:38:39,521 [INFO] src.comps_dupont: Comps + DuPont report for top 10 -> data/processed/comps_dupont_report.csv
2026-09-14 08:38:39,522 [WARNING] src.comps_dupont: 1 companies have a DuPont-implied ROE that diverges >5pp from reported ROE (possible data inconsistency, worth a manual check): ['IOB.NS']
2026-09-14 08:38:39,522 [INFO] __main__: === Stage 5/8: Explainability ===
2026-09-14 08:38:39,558 [INFO] src.explainability: Explanations for top 10 companies -> data/processed/explanations.csv
2026-09-14 08:38:39,558 [INFO] __main__: === Stage 6/8: Baseline Comparison ===
2026-09-14 08:38:39,565 [INFO] src.baseline_comparison: Baseline comparison -> data/processed/baseline_comparison.csv
2026-09-14 08:38:39,565 [INFO] __main__: === Stage 7/8: Acquisition Likelihood ===
2026-09-14 08:38:39,568 [INFO] src.acquisition_likelihood: 2 companies excluded from acquisition-likelihood scoring (negative/zero equity — financial distress, not a value-target thesis): ['IDEA.NS', 'GMRAIRPORT.NS']
2026-09-14 08:38:39,578 [INFO] src.acquisition_likelihood: Acquisition likelihood scoring -> data/processed/acquisition_likelihood.csv
2026-09-14 08:38:39,579 [INFO] __main__: === Stage 8/8: Historical Snapshot ===
2026-09-14 08:38:39,586 [INFO] src.history_tracker: Recorded shortlist snapshot for 2026-09-14 (10 companies) -> data/history/shortlist_history.csv (5 distinct days tracked so far)
2026-09-14 08:38:39,591 [INFO] src.history_tracker: Recorded acquisition-likelihood snapshot for 2026-09-14 (10 companies) -> data/history/acquisition_likelihood_history.csv (5 distinct days tracked so far)
2026-09-14 08:38:39,591 [INFO] __main__: === Pipeline completed successfully ===
2026-09-14 08:38:39,591 [INFO] __main__:   ingestion: {'total': 201, 'ok': 200}
2026-09-14 08:38:39,591 [INFO] __main__:   cleaning: {'retained': 200, 'input': 201}
2026-09-14 08:38:39,591 [INFO] __main__:   scoring: {'ranked': 200}
2026-09-14 08:38:39,591 [INFO] __main__:   comps_dupont: {'companies': 10}
2026-09-14 08:38:39,591 [INFO] __main__:   explainability: {'companies': 10}
2026-09-14 08:38:39,591 [INFO] __main__:   baseline_comparison: {'correlation': np.float64(0.47447267086906664), 'overlap_pct': 0.1}
2026-09-14 08:38:39,591 [INFO] __main__:   acquisition_likelihood: {'companies': 10}
2026-09-14 08:38:39,591 [INFO] __main__:   history_tracker: {'recorded': True}
