2026-07-28 05:46:29,252 [INFO] __main__: Logging to file: logs/pipeline_run_2026-07-28T05-46-29Z.log
2026-07-28 05:46:29,252 [INFO] __main__: === Stage 1/8: Ingestion ===
2026-07-28 05:46:29,274 [INFO] src.ingestion: [ACC.NS] fetching fresh data
2026-07-28 05:46:30,854 [INFO] src.ingestion: [AMBUJACEM.NS] fetching fresh data
2026-07-28 05:46:31,890 [INFO] src.ingestion: [ULTRACEMCO.NS] fetching fresh data
2026-07-28 05:46:33,014 [INFO] src.ingestion: [SHREECEM.NS] fetching fresh data
2026-07-28 05:46:34,127 [INFO] src.ingestion: [JKCEMENT.NS] fetching fresh data
2026-07-28 05:46:35,090 [INFO] src.ingestion: [RAMCOCEM.NS] fetching fresh data
2026-07-28 05:46:36,110 [INFO] src.ingestion: [HEIDELBERG.NS] fetching fresh data
2026-07-28 05:46:37,160 [INFO] src.ingestion: [DALBHARAT.NS] fetching fresh data
2026-07-28 05:46:38,304 [INFO] src.ingestion: [INFY.NS] fetching fresh data
2026-07-28 05:46:39,261 [INFO] src.ingestion: [TCS.NS] fetching fresh data
2026-07-28 05:46:40,243 [INFO] src.ingestion: [WIPRO.NS] fetching fresh data
2026-07-28 05:46:41,331 [INFO] src.ingestion: [HCLTECH.NS] fetching fresh data
2026-07-28 05:46:42,375 [INFO] src.ingestion: [TECHM.NS] fetching fresh data
2026-07-28 05:46:43,567 [INFO] src.ingestion: [LTIM.NS] fetching fresh data
2026-07-28 05:46:43,806 [ERROR] yfinance: HTTP Error 404: {"quoteSummary":{"result":null,"error":{"code":"Not Found","description":"Quote not found for symbol: LTIM.NS"}}}
2026-07-28 05:46:43,966 [WARNING] src.ingestion: [LTIM.NS] attempt 1 failed: yfinance returned an empty info payload for LTIM.NS (no exception, but no usable data — likely a transient Yahoo-side issue or an invalid/delisted symbol)
2026-07-28 05:46:46,250 [ERROR] yfinance: HTTP Error 404: {"quoteSummary":{"result":null,"error":{"code":"Not Found","description":"Quote not found for symbol: LTIM.NS"}}}
2026-07-28 05:46:46,327 [WARNING] src.ingestion: [LTIM.NS] attempt 2 failed: yfinance returned an empty info payload for LTIM.NS (no exception, but no usable data — likely a transient Yahoo-side issue or an invalid/delisted symbol)
2026-07-28 05:46:50,559 [ERROR] yfinance: HTTP Error 404: {"quoteSummary":{"result":null,"error":{"code":"Not Found","description":"Quote not found for symbol: LTIM.NS"}}}
2026-07-28 05:46:50,637 [WARNING] src.ingestion: [LTIM.NS] attempt 3 failed: yfinance returned an empty info payload for LTIM.NS (no exception, but no usable data — likely a transient Yahoo-side issue or an invalid/delisted symbol)
2026-07-28 05:46:51,038 [INFO] src.ingestion: [PERSISTENT.NS] fetching fresh data
2026-07-28 05:46:51,960 [INFO] src.ingestion: [COFORGE.NS] fetching fresh data
2026-07-28 05:46:52,947 [INFO] src.ingestion: [MPHASIS.NS] fetching fresh data
2026-07-28 05:46:54,023 [INFO] src.ingestion: [LTTS.NS] fetching fresh data
2026-07-28 05:46:55,084 [INFO] src.ingestion: [TATAELXSI.NS] fetching fresh data
2026-07-28 05:46:56,150 [INFO] src.ingestion: [CYIENT.NS] fetching fresh data
2026-07-28 05:46:57,248 [INFO] src.ingestion: [KPITTECH.NS] fetching fresh data
2026-07-28 05:46:58,239 [INFO] src.ingestion: [HDFCBANK.NS] fetching fresh data
2026-07-28 05:46:59,220 [INFO] src.ingestion: [ICICIBANK.NS] fetching fresh data
2026-07-28 05:47:00,133 [INFO] src.ingestion: [SBIN.NS] fetching fresh data
2026-07-28 05:47:01,220 [INFO] src.ingestion: [AXISBANK.NS] fetching fresh data
2026-07-28 05:47:02,159 [INFO] src.ingestion: [KOTAKBANK.NS] fetching fresh data
2026-07-28 05:47:03,224 [INFO] src.ingestion: [INDUSINDBK.NS] fetching fresh data
2026-07-28 05:47:04,214 [INFO] src.ingestion: [FEDERALBNK.NS] fetching fresh data
2026-07-28 05:47:05,236 [INFO] src.ingestion: [BANDHANBNK.NS] fetching fresh data
2026-07-28 05:47:06,224 [INFO] src.ingestion: [IDFCFIRSTB.NS] fetching fresh data
2026-07-28 05:47:07,213 [INFO] src.ingestion: [PNB.NS] fetching fresh data
2026-07-28 05:47:08,260 [INFO] src.ingestion: [BANKBARODA.NS] fetching fresh data
2026-07-28 05:47:09,198 [INFO] src.ingestion: [CANBK.NS] fetching fresh data
2026-07-28 05:47:10,186 [INFO] src.ingestion: [UNIONBANK.NS] fetching fresh data
2026-07-28 05:47:11,133 [INFO] src.ingestion: [AUBANK.NS] fetching fresh data
2026-07-28 05:47:12,306 [INFO] src.ingestion: [RBLBANK.NS] fetching fresh data
2026-07-28 05:47:13,415 [INFO] src.ingestion: [BANKINDIA.NS] fetching fresh data
2026-07-28 05:47:14,508 [INFO] src.ingestion: [CENTRALBK.NS] fetching fresh data
2026-07-28 05:47:15,432 [INFO] src.ingestion: [IOB.NS] fetching fresh data
2026-07-28 05:47:16,456 [INFO] src.ingestion: [UCOBANK.NS] fetching fresh data
2026-07-28 05:47:17,401 [INFO] src.ingestion: [BAJFINANCE.NS] fetching fresh data
2026-07-28 05:47:18,364 [INFO] src.ingestion: [BAJAJFINSV.NS] fetching fresh data
2026-07-28 05:47:19,392 [INFO] src.ingestion: [CHOLAFIN.NS] fetching fresh data
2026-07-28 05:47:20,367 [INFO] src.ingestion: [MUTHOOTFIN.NS] fetching fresh data
2026-07-28 05:47:21,465 [INFO] src.ingestion: [LICHSGFIN.NS] fetching fresh data
2026-07-28 05:47:22,521 [INFO] src.ingestion: [SHRIRAMFIN.NS] fetching fresh data
2026-07-28 05:47:23,584 [INFO] src.ingestion: [PFC.NS] fetching fresh data
2026-07-28 05:47:24,655 [INFO] src.ingestion: [RECLTD.NS] fetching fresh data
2026-07-28 05:47:25,704 [INFO] src.ingestion: [IRFC.NS] fetching fresh data
2026-07-28 05:47:26,658 [INFO] src.ingestion: [HUDCO.NS] fetching fresh data
2026-07-28 05:47:27,729 [INFO] src.ingestion: [BAJAJHLDNG.NS] fetching fresh data
2026-07-28 05:47:28,857 [INFO] src.ingestion: [SBICARD.NS] fetching fresh data
2026-07-28 05:47:29,911 [INFO] src.ingestion: [MANAPPURAM.NS] fetching fresh data
2026-07-28 05:47:31,079 [INFO] src.ingestion: [POONAWALLA.NS] fetching fresh data
2026-07-28 05:47:32,088 [INFO] src.ingestion: [HDFCLIFE.NS] fetching fresh data
2026-07-28 05:47:33,140 [INFO] src.ingestion: [SBILIFE.NS] fetching fresh data
2026-07-28 05:47:34,070 [INFO] src.ingestion: [ICICIPRULI.NS] fetching fresh data
2026-07-28 05:47:35,031 [INFO] src.ingestion: [ICICIGI.NS] fetching fresh data
2026-07-28 05:47:36,038 [INFO] src.ingestion: [LICI.NS] fetching fresh data
2026-07-28 05:47:37,047 [INFO] src.ingestion: [GICRE.NS] fetching fresh data
2026-07-28 05:47:37,996 [INFO] src.ingestion: [MARUTI.NS] fetching fresh data
2026-07-28 05:47:38,993 [INFO] src.ingestion: [TMPV.NS] fetching fresh data
2026-07-28 05:47:40,039 [INFO] src.ingestion: [TMCV.NS] fetching fresh data
2026-07-28 05:47:41,117 [INFO] src.ingestion: [M&M.NS] fetching fresh data
2026-07-28 05:47:42,058 [INFO] src.ingestion: [EICHERMOT.NS] fetching fresh data
2026-07-28 05:47:43,026 [INFO] src.ingestion: [HEROMOTOCO.NS] fetching fresh data
2026-07-28 05:47:44,066 [INFO] src.ingestion: [BAJAJ-AUTO.NS] fetching fresh data
2026-07-28 05:47:45,111 [INFO] src.ingestion: [TVSMOTOR.NS] fetching fresh data
2026-07-28 05:47:46,082 [INFO] src.ingestion: [ASHOKLEY.NS] fetching fresh data
2026-07-28 05:47:47,074 [INFO] src.ingestion: [BHARATFORG.NS] fetching fresh data
2026-07-28 05:47:48,138 [INFO] src.ingestion: [MOTHERSON.NS] fetching fresh data
2026-07-28 05:47:49,073 [INFO] src.ingestion: [BOSCHLTD.NS] fetching fresh data
2026-07-28 05:47:50,180 [INFO] src.ingestion: [MRF.NS] fetching fresh data
2026-07-28 05:47:51,195 [INFO] src.ingestion: [ENDURANCE.NS] fetching fresh data
2026-07-28 05:47:52,159 [INFO] src.ingestion: [EXIDEIND.NS] fetching fresh data
2026-07-28 05:47:53,161 [INFO] src.ingestion: [ARE&M.NS] fetching fresh data
2026-07-28 05:47:54,200 [INFO] src.ingestion: [SUNDRMFAST.NS] fetching fresh data
2026-07-28 05:47:55,243 [INFO] src.ingestion: [UNOMINDA.NS] fetching fresh data
2026-07-28 05:47:56,297 [INFO] src.ingestion: [SUNPHARMA.NS] fetching fresh data
2026-07-28 05:47:57,315 [INFO] src.ingestion: [DRREDDY.NS] fetching fresh data
2026-07-28 05:47:58,492 [INFO] src.ingestion: [CIPLA.NS] fetching fresh data
2026-07-28 05:47:59,511 [INFO] src.ingestion: [DIVISLAB.NS] fetching fresh data
2026-07-28 05:48:00,709 [INFO] src.ingestion: [LUPIN.NS] fetching fresh data
2026-07-28 05:48:01,723 [INFO] src.ingestion: [AUROPHARMA.NS] fetching fresh data
2026-07-28 05:48:02,782 [INFO] src.ingestion: [BIOCON.NS] fetching fresh data
2026-07-28 05:48:03,733 [INFO] src.ingestion: [TORNTPHARM.NS] fetching fresh data
2026-07-28 05:48:04,762 [INFO] src.ingestion: [ALKEM.NS] fetching fresh data
2026-07-28 05:48:05,894 [INFO] src.ingestion: [ABBOTINDIA.NS] fetching fresh data
2026-07-28 05:48:06,831 [INFO] src.ingestion: [APOLLOHOSP.NS] fetching fresh data
2026-07-28 05:48:07,969 [INFO] src.ingestion: [FORTIS.NS] fetching fresh data
2026-07-28 05:48:09,058 [INFO] src.ingestion: [LALPATHLAB.NS] fetching fresh data
2026-07-28 05:48:10,020 [INFO] src.ingestion: [METROPOLIS.NS] fetching fresh data
2026-07-28 05:48:11,080 [INFO] src.ingestion: [GLAND.NS] fetching fresh data
2026-07-28 05:48:12,128 [INFO] src.ingestion: [LAURUSLABS.NS] fetching fresh data
2026-07-28 05:48:13,224 [INFO] src.ingestion: [GLENMARK.NS] fetching fresh data
2026-07-28 05:48:14,216 [INFO] src.ingestion: [IPCALAB.NS] fetching fresh data
2026-07-28 05:48:15,164 [INFO] src.ingestion: [HINDUNILVR.NS] fetching fresh data
2026-07-28 05:48:16,206 [INFO] src.ingestion: [ITC.NS] fetching fresh data
2026-07-28 05:48:17,306 [INFO] src.ingestion: [NESTLEIND.NS] fetching fresh data
2026-07-28 05:48:18,427 [INFO] src.ingestion: [BRITANNIA.NS] fetching fresh data
2026-07-28 05:48:19,351 [INFO] src.ingestion: [DABUR.NS] fetching fresh data
2026-07-28 05:48:20,472 [INFO] src.ingestion: [GODREJCP.NS] fetching fresh data
2026-07-28 05:48:21,597 [INFO] src.ingestion: [MARICO.NS] fetching fresh data
2026-07-28 05:48:22,618 [INFO] src.ingestion: [COLPAL.NS] fetching fresh data
2026-07-28 05:48:23,558 [INFO] src.ingestion: [TATACONSUM.NS] fetching fresh data
2026-07-28 05:48:24,713 [INFO] src.ingestion: [VBL.NS] fetching fresh data
2026-07-28 05:48:25,860 [INFO] src.ingestion: [UNITDSPR.NS] fetching fresh data
2026-07-28 05:48:26,817 [INFO] src.ingestion: [EMAMILTD.NS] fetching fresh data
2026-07-28 05:48:27,978 [INFO] src.ingestion: [TATASTEEL.NS] fetching fresh data
2026-07-28 05:48:28,952 [INFO] src.ingestion: [JSWSTEEL.NS] fetching fresh data
2026-07-28 05:48:30,069 [INFO] src.ingestion: [HINDALCO.NS] fetching fresh data
2026-07-28 05:48:31,138 [INFO] src.ingestion: [VEDL.NS] fetching fresh data
2026-07-28 05:48:32,114 [INFO] src.ingestion: [COALINDIA.NS] fetching fresh data
2026-07-28 05:48:33,085 [INFO] src.ingestion: [NMDC.NS] fetching fresh data
2026-07-28 05:48:34,019 [INFO] src.ingestion: [SAIL.NS] fetching fresh data
2026-07-28 05:48:35,141 [INFO] src.ingestion: [JINDALSTEL.NS] fetching fresh data
2026-07-28 05:48:36,154 [INFO] src.ingestion: [APLAPOLLO.NS] fetching fresh data
2026-07-28 05:48:37,270 [INFO] src.ingestion: [NATIONALUM.NS] fetching fresh data
2026-07-28 05:48:38,271 [INFO] src.ingestion: [HINDCOPPER.NS] fetching fresh data
2026-07-28 05:48:39,313 [INFO] src.ingestion: [RATNAMANI.NS] fetching fresh data
2026-07-28 05:48:40,314 [INFO] src.ingestion: [HINDZINC.NS] fetching fresh data
2026-07-28 05:48:41,318 [INFO] src.ingestion: [WELCORP.NS] fetching fresh data
2026-07-28 05:48:42,460 [INFO] src.ingestion: [JSL.NS] fetching fresh data
2026-07-28 05:48:43,506 [INFO] src.ingestion: [RELIANCE.NS] fetching fresh data
2026-07-28 05:48:44,617 [INFO] src.ingestion: [ONGC.NS] fetching fresh data
2026-07-28 05:48:45,732 [INFO] src.ingestion: [BPCL.NS] fetching fresh data
2026-07-28 05:48:46,851 [INFO] src.ingestion: [IOC.NS] fetching fresh data
2026-07-28 05:48:47,953 [INFO] src.ingestion: [GAIL.NS] fetching fresh data
2026-07-28 05:48:48,894 [INFO] src.ingestion: [NTPC.NS] fetching fresh data
2026-07-28 05:48:49,914 [INFO] src.ingestion: [POWERGRID.NS] fetching fresh data
2026-07-28 05:48:51,021 [INFO] src.ingestion: [TATAPOWER.NS] fetching fresh data
2026-07-28 05:48:52,116 [INFO] src.ingestion: [ADANIGREEN.NS] fetching fresh data
2026-07-28 05:48:53,108 [INFO] src.ingestion: [ADANIPOWER.NS] fetching fresh data
2026-07-28 05:48:54,268 [INFO] src.ingestion: [TORNTPOWER.NS] fetching fresh data
2026-07-28 05:48:55,270 [INFO] src.ingestion: [LT.NS] fetching fresh data
2026-07-28 05:48:56,304 [INFO] src.ingestion: [SIEMENS.NS] fetching fresh data
2026-07-28 05:48:57,349 [INFO] src.ingestion: [ABB.NS] fetching fresh data
2026-07-28 05:48:58,373 [INFO] src.ingestion: [HAL.NS] fetching fresh data
2026-07-28 05:48:59,369 [INFO] src.ingestion: [BEL.NS] fetching fresh data
2026-07-28 05:49:00,550 [INFO] src.ingestion: [BHEL.NS] fetching fresh data
2026-07-28 05:49:01,594 [INFO] src.ingestion: [CUMMINSIND.NS] fetching fresh data
2026-07-28 05:49:02,654 [INFO] src.ingestion: [THERMAX.NS] fetching fresh data
2026-07-28 05:49:03,666 [INFO] src.ingestion: [POLYCAB.NS] fetching fresh data
2026-07-28 05:49:04,769 [INFO] src.ingestion: [KEI.NS] fetching fresh data
2026-07-28 05:49:05,853 [INFO] src.ingestion: [HAVELLS.NS] fetching fresh data
2026-07-28 05:49:06,957 [INFO] src.ingestion: [CROMPTON.NS] fetching fresh data
2026-07-28 05:49:08,024 [INFO] src.ingestion: [SUPREMEIND.NS] fetching fresh data
2026-07-28 05:49:09,131 [INFO] src.ingestion: [ASTRAL.NS] fetching fresh data
2026-07-28 05:49:10,095 [INFO] src.ingestion: [GRINDWELL.NS] fetching fresh data
2026-07-28 05:49:11,051 [INFO] src.ingestion: [CARBORUNIV.NS] fetching fresh data
2026-07-28 05:49:12,109 [INFO] src.ingestion: [TIMKEN.NS] fetching fresh data
2026-07-28 05:49:13,051 [INFO] src.ingestion: [SKFINDIA.NS] fetching fresh data
2026-07-28 05:49:14,177 [INFO] src.ingestion: [SRF.NS] fetching fresh data
2026-07-28 05:49:15,203 [INFO] src.ingestion: [PIIND.NS] fetching fresh data
2026-07-28 05:49:16,193 [INFO] src.ingestion: [DEEPAKNTR.NS] fetching fresh data
2026-07-28 05:49:17,138 [INFO] src.ingestion: [AARTIIND.NS] fetching fresh data
2026-07-28 05:49:18,268 [INFO] src.ingestion: [NAVINFLUOR.NS] fetching fresh data
2026-07-28 05:49:19,233 [INFO] src.ingestion: [UPL.NS] fetching fresh data
2026-07-28 05:49:20,270 [INFO] src.ingestion: [COROMANDEL.NS] fetching fresh data
2026-07-28 05:49:21,267 [INFO] src.ingestion: [CHAMBLFERT.NS] fetching fresh data
2026-07-28 05:49:22,367 [INFO] src.ingestion: [GNFC.NS] fetching fresh data
2026-07-28 05:49:23,308 [INFO] src.ingestion: [PIDILITIND.NS] fetching fresh data
2026-07-28 05:49:24,328 [INFO] src.ingestion: [TATACHEM.NS] fetching fresh data
2026-07-28 05:49:25,445 [INFO] src.ingestion: [GHCL.NS] fetching fresh data
2026-07-28 05:49:26,460 [INFO] src.ingestion: [TITAN.NS] fetching fresh data
2026-07-28 05:49:27,399 [INFO] src.ingestion: [DMART.NS] fetching fresh data
2026-07-28 05:49:28,419 [INFO] src.ingestion: [TRENT.NS] fetching fresh data
2026-07-28 05:49:29,514 [INFO] src.ingestion: [BATAINDIA.NS] fetching fresh data
2026-07-28 05:49:30,503 [INFO] src.ingestion: [PAGEIND.NS] fetching fresh data
2026-07-28 05:49:31,474 [INFO] src.ingestion: [JUBLFOOD.NS] fetching fresh data
2026-07-28 05:49:32,432 [INFO] src.ingestion: [VOLTAS.NS] fetching fresh data
2026-07-28 05:49:33,425 [INFO] src.ingestion: [DIXON.NS] fetching fresh data
2026-07-28 05:49:34,518 [INFO] src.ingestion: [RELAXO.NS] fetching fresh data
2026-07-28 05:49:35,510 [INFO] src.ingestion: [KAJARIACER.NS] fetching fresh data
2026-07-28 05:49:36,619 [INFO] src.ingestion: [WHIRLPOOL.NS] fetching fresh data
2026-07-28 05:49:37,670 [INFO] src.ingestion: [BLUESTARCO.NS] fetching fresh data
2026-07-28 05:49:38,770 [INFO] src.ingestion: [PGHH.NS] fetching fresh data
2026-07-28 05:49:39,859 [INFO] src.ingestion: [GILLETTE.NS] fetching fresh data
2026-07-28 05:49:40,894 [INFO] src.ingestion: [BHARTIARTL.NS] fetching fresh data
2026-07-28 05:49:42,008 [INFO] src.ingestion: [IDEA.NS] fetching fresh data
2026-07-28 05:49:43,075 [INFO] src.ingestion: [INDUSTOWER.NS] fetching fresh data
2026-07-28 05:49:44,091 [INFO] src.ingestion: [PVRINOX.NS] fetching fresh data
2026-07-28 05:49:45,252 [INFO] src.ingestion: [ZEEL.NS] fetching fresh data
2026-07-28 05:49:46,365 [INFO] src.ingestion: [ADANIPORTS.NS] fetching fresh data
2026-07-28 05:49:47,380 [INFO] src.ingestion: [ADANIENT.NS] fetching fresh data
2026-07-28 05:49:48,389 [INFO] src.ingestion: [GMRAIRPORT.NS] fetching fresh data
2026-07-28 05:49:49,378 [INFO] src.ingestion: [CONCOR.NS] fetching fresh data
2026-07-28 05:49:50,315 [INFO] src.ingestion: [IRCTC.NS] fetching fresh data
2026-07-28 05:49:51,356 [INFO] src.ingestion: [INDIGO.NS] fetching fresh data
2026-07-28 05:49:52,457 [INFO] src.ingestion: [RVNL.NS] fetching fresh data
2026-07-28 05:49:53,463 [INFO] src.ingestion: [IRCON.NS] fetching fresh data
2026-07-28 05:49:54,414 [INFO] src.ingestion: [NBCC.NS] fetching fresh data
2026-07-28 05:49:55,520 [INFO] src.ingestion: [NCC.NS] fetching fresh data
2026-07-28 05:49:56,675 [INFO] src.ingestion: [MAZDOCK.NS] fetching fresh data
2026-07-28 05:49:57,785 [INFO] src.ingestion: [COCHINSHIP.NS] fetching fresh data
2026-07-28 05:49:58,817 [INFO] src.ingestion: [DLF.NS] fetching fresh data
2026-07-28 05:49:59,827 [INFO] src.ingestion: [GODREJPROP.NS] fetching fresh data
2026-07-28 05:50:00,967 [INFO] src.ingestion: [OBEROIRLTY.NS] fetching fresh data
2026-07-28 05:50:01,943 [INFO] src.ingestion: [PRESTIGE.NS] fetching fresh data
2026-07-28 05:50:02,987 [INFO] src.ingestion: [PHOENIXLTD.NS] fetching fresh data
2026-07-28 05:50:03,994 [INFO] src.ingestion: [SOBHA.NS] fetching fresh data
2026-07-28 05:50:05,101 [INFO] src.ingestion: Fetched 200/201 tickers successfully
2026-07-28 05:50:05,102 [WARNING] src.ingestion: Failed tickers (excluded from downstream, not silently zeroed): ['LTIM.NS']
2026-07-28 05:50:05,102 [INFO] __main__: Ingestion validation passed: 200/201 tickers (100%)
2026-07-28 05:50:05,102 [INFO] __main__: === Stage 2/8: Cleaning ===
2026-07-28 05:50:05,107 [WARNING] src.cleaning: [ASHOKLEY.NS] EXCLUDED: missing critical fields: ['market_cap']
2026-07-28 05:50:05,108 [WARNING] src.cleaning: [BIOCON.NS] EXCLUDED: missing critical fields: ['market_cap']
2026-07-28 05:50:05,108 [WARNING] src.cleaning: [BOSCHLTD.NS] EXCLUDED: missing critical fields: ['market_cap']
2026-07-28 05:50:05,108 [WARNING] src.cleaning: [CROMPTON.NS] EXCLUDED: missing critical fields: ['trailing_pe']
2026-07-28 05:50:05,108 [WARNING] src.cleaning: [INDIGO.NS] EXCLUDED: missing critical fields: ['trailing_pe']
2026-07-28 05:50:05,108 [WARNING] src.cleaning: [IOC.NS] EXCLUDED: missing critical fields: ['market_cap']
2026-07-28 05:50:05,108 [WARNING] src.cleaning: [JSWSTEEL.NS] EXCLUDED: missing critical fields: ['market_cap']
2026-07-28 05:50:05,108 [WARNING] src.cleaning: [JUBLFOOD.NS] EXCLUDED: missing critical fields: ['market_cap']
2026-07-28 05:50:05,108 [WARNING] src.cleaning: [LTIM.NS] EXCLUDED: ingestion failed: yfinance returned an empty info payload for LTIM.NS (no exception, but no usable data — likely a transient Yahoo-side issue or an invalid/delisted symbol)
2026-07-28 05:50:05,108 [WARNING] src.cleaning: [RECLTD.NS] EXCLUDED: missing critical fields: ['market_cap']
2026-07-28 05:50:05,108 [WARNING] src.cleaning: [RELIANCE.NS] EXCLUDED: missing critical fields: ['market_cap']
2026-07-28 05:50:05,109 [WARNING] src.cleaning: [TATACHEM.NS] EXCLUDED: missing critical fields: ['trailing_pe']
2026-07-28 05:50:05,109 [WARNING] src.cleaning: [TCS.NS] EXCLUDED: missing critical fields: ['market_cap']
2026-07-28 05:50:05,109 [WARNING] src.cleaning: [TMPV.NS] EXCLUDED: missing critical fields: ['trailing_pe']
2026-07-28 05:50:05,109 [WARNING] src.cleaning: [TVSMOTOR.NS] EXCLUDED: missing critical fields: ['market_cap']
2026-07-28 05:50:05,109 [INFO] src.cleaning: [ABB.NS] non-critical missing fields: ['return_on_equity']
2026-07-28 05:50:05,109 [INFO] src.cleaning: [ACC.NS] non-critical missing fields: ['return_on_equity']
2026-07-28 05:50:05,109 [INFO] src.cleaning: [ADANIGREEN.NS] non-critical missing fields: ['return_on_equity']
2026-07-28 05:50:05,109 [INFO] src.cleaning: [ADANIPOWER.NS] non-critical missing fields: ['return_on_equity']
2026-07-28 05:50:05,109 [INFO] src.cleaning: [AUBANK.NS] non-critical missing fields: ['ev_to_ebitda', 'return_on_equity', 'debt_to_equity']
2026-07-28 05:50:05,109 [INFO] src.cleaning: [AXISBANK.NS] non-critical missing fields: ['ev_to_ebitda', 'debt_to_equity']
2026-07-28 05:50:05,109 [INFO] src.cleaning: [BAJAJ-AUTO.NS] non-critical missing fields: ['return_on_equity']
2026-07-28 05:50:05,109 [WARNING] src.cleaning: [BAJAJHLDNG.NS] outlier values flagged: ['net_margin']
2026-07-28 05:50:05,109 [INFO] src.cleaning: [BAJFINANCE.NS] non-critical missing fields: ['ev_to_ebitda']
2026-07-28 05:50:05,109 [INFO] src.cleaning: [BANDHANBNK.NS] non-critical missing fields: ['ev_to_ebitda', 'return_on_equity', 'debt_to_equity']
2026-07-28 05:50:05,109 [INFO] src.cleaning: [BANKBARODA.NS] non-critical missing fields: ['ev_to_ebitda', 'debt_to_equity']
2026-07-28 05:50:05,109 [INFO] src.cleaning: [BANKINDIA.NS] non-critical missing fields: ['ev_to_ebitda', 'debt_to_equity']
2026-07-28 05:50:05,109 [INFO] src.cleaning: [BHEL.NS] non-critical missing fields: ['return_on_equity']
2026-07-28 05:50:05,109 [INFO] src.cleaning: [BPCL.NS] non-critical missing fields: ['return_on_equity']
2026-07-28 05:50:05,109 [INFO] src.cleaning: [CANBK.NS] non-critical missing fields: ['ev_to_ebitda', 'debt_to_equity']
2026-07-28 05:50:05,109 [INFO] src.cleaning: [CENTRALBK.NS] non-critical missing fields: ['ev_to_ebitda', 'debt_to_equity']
2026-07-28 05:50:05,109 [INFO] src.cleaning: [CHOLAFIN.NS] non-critical missing fields: ['ev_to_ebitda']
2026-07-28 05:50:05,109 [INFO] src.cleaning: [CIPLA.NS] non-critical missing fields: ['return_on_equity']
2026-07-28 05:50:05,109 [INFO] src.cleaning: [CONCOR.NS] non-critical missing fields: ['return_on_equity']
2026-07-28 05:50:05,109 [INFO] src.cleaning: [COROMANDEL.NS] non-critical missing fields: ['return_on_equity']
2026-07-28 05:50:05,109 [INFO] src.cleaning: [CYIENT.NS] non-critical missing fields: ['return_on_equity']
2026-07-28 05:50:05,109 [INFO] src.cleaning: [DALBHARAT.NS] non-critical missing fields: ['return_on_equity']
2026-07-28 05:50:05,109 [INFO] src.cleaning: [DMART.NS] non-critical missing fields: ['return_on_equity']
2026-07-28 05:50:05,109 [INFO] src.cleaning: [FEDERALBNK.NS] non-critical missing fields: ['ev_to_ebitda', 'return_on_equity', 'debt_to_equity']
2026-07-28 05:50:05,109 [INFO] src.cleaning: [GICRE.NS] non-critical missing fields: ['debt_to_equity']
2026-07-28 05:50:05,109 [WARNING] src.cleaning: [GMRAIRPORT.NS] outlier values flagged: ['trailing_pe']
2026-07-28 05:50:05,109 [WARNING] src.cleaning: [GMRAIRPORT.NS] negative/zero equity — DuPont ROE math will be invalid downstream
2026-07-28 05:50:05,109 [INFO] src.cleaning: [GMRAIRPORT.NS] non-critical missing fields: ['return_on_equity', 'debt_to_equity']
2026-07-28 05:50:05,109 [INFO] src.cleaning: [GRINDWELL.NS] non-critical missing fields: ['return_on_equity']
2026-07-28 05:50:05,109 [INFO] src.cleaning: [HAVELLS.NS] non-critical missing fields: ['return_on_equity']
2026-07-28 05:50:05,109 [WARNING] src.cleaning: [HCLTECH.NS] outlier values flagged: ['ev_to_ebitda']
2026-07-28 05:50:05,109 [INFO] src.cleaning: [HDFCBANK.NS] non-critical missing fields: ['ev_to_ebitda', 'debt_to_equity']
2026-07-28 05:50:05,110 [INFO] src.cleaning: [HINDZINC.NS] non-critical missing fields: ['return_on_equity']
2026-07-28 05:50:05,110 [INFO] src.cleaning: [HUDCO.NS] non-critical missing fields: ['ev_to_ebitda']
2026-07-28 05:50:05,110 [INFO] src.cleaning: [ICICIBANK.NS] non-critical missing fields: ['ev_to_ebitda', 'debt_to_equity']
2026-07-28 05:50:05,110 [INFO] src.cleaning: [ICICIGI.NS] non-critical missing fields: ['debt_to_equity']
2026-07-28 05:50:05,110 [WARNING] src.cleaning: [IDEA.NS] negative/zero equity — DuPont ROE math will be invalid downstream
2026-07-28 05:50:05,110 [INFO] src.cleaning: [IDEA.NS] non-critical missing fields: ['return_on_equity', 'debt_to_equity']
2026-07-28 05:50:05,110 [INFO] src.cleaning: [IDFCFIRSTB.NS] non-critical missing fields: ['ev_to_ebitda', 'return_on_equity', 'debt_to_equity', 'total_debt']
2026-07-28 05:50:05,110 [INFO] src.cleaning: [INDUSINDBK.NS] non-critical missing fields: ['ev_to_ebitda', 'return_on_equity', 'debt_to_equity']
2026-07-28 05:50:05,110 [WARNING] src.cleaning: [INFY.NS] outlier values flagged: ['ev_to_ebitda']
2026-07-28 05:50:05,110 [INFO] src.cleaning: [IOB.NS] non-critical missing fields: ['ev_to_ebitda', 'debt_to_equity']
2026-07-28 05:50:05,110 [INFO] src.cleaning: [IRFC.NS] non-critical missing fields: ['ev_to_ebitda']
2026-07-28 05:50:05,110 [INFO] src.cleaning: [JINDALSTEL.NS] non-critical missing fields: ['return_on_equity']
2026-07-28 05:50:05,110 [INFO] src.cleaning: [JKCEMENT.NS] non-critical missing fields: ['return_on_equity']
2026-07-28 05:50:05,110 [INFO] src.cleaning: [KOTAKBANK.NS] non-critical missing fields: ['ev_to_ebitda', 'return_on_equity', 'debt_to_equity']
2026-07-28 05:50:05,110 [INFO] src.cleaning: [LALPATHLAB.NS] non-critical missing fields: ['return_on_equity']
2026-07-28 05:50:05,110 [INFO] src.cleaning: [LAURUSLABS.NS] non-critical missing fields: ['return_on_equity']
2026-07-28 05:50:05,110 [INFO] src.cleaning: [LICHSGFIN.NS] non-critical missing fields: ['ev_to_ebitda']
2026-07-28 05:50:05,110 [INFO] src.cleaning: [LTTS.NS] non-critical missing fields: ['return_on_equity']
2026-07-28 05:50:05,110 [INFO] src.cleaning: [MANAPPURAM.NS] non-critical missing fields: ['ev_to_ebitda']
2026-07-28 05:50:05,110 [INFO] src.cleaning: [MUTHOOTFIN.NS] non-critical missing fields: ['ev_to_ebitda']
2026-07-28 05:50:05,110 [INFO] src.cleaning: [NESTLEIND.NS] non-critical missing fields: ['return_on_equity']
2026-07-28 05:50:05,110 [INFO] src.cleaning: [NTPC.NS] non-critical missing fields: ['return_on_equity']
2026-07-28 05:50:05,110 [INFO] src.cleaning: [OBEROIRLTY.NS] non-critical missing fields: ['return_on_equity']
2026-07-28 05:50:05,110 [INFO] src.cleaning: [PFC.NS] non-critical missing fields: ['ev_to_ebitda']
2026-07-28 05:50:05,110 [INFO] src.cleaning: [PNB.NS] non-critical missing fields: ['ev_to_ebitda', 'debt_to_equity']
2026-07-28 05:50:05,110 [INFO] src.cleaning: [POONAWALLA.NS] non-critical missing fields: ['ev_to_ebitda', 'return_on_equity']
2026-07-28 05:50:05,110 [INFO] src.cleaning: [PVRINOX.NS] non-critical missing fields: ['return_on_equity']
2026-07-28 05:50:05,110 [INFO] src.cleaning: [RBLBANK.NS] non-critical missing fields: ['ev_to_ebitda', 'return_on_equity', 'debt_to_equity']
2026-07-28 05:50:05,110 [INFO] src.cleaning: [SAIL.NS] non-critical missing fields: ['return_on_equity']
2026-07-28 05:50:05,110 [INFO] src.cleaning: [SBICARD.NS] non-critical missing fields: ['ev_to_ebitda', 'return_on_equity']
2026-07-28 05:50:05,110 [INFO] src.cleaning: [SBILIFE.NS] non-critical missing fields: ['debt_to_equity']
2026-07-28 05:50:05,110 [INFO] src.cleaning: [SBIN.NS] non-critical missing fields: ['ev_to_ebitda', 'debt_to_equity']
2026-07-28 05:50:05,110 [INFO] src.cleaning: [SHREECEM.NS] non-critical missing fields: ['return_on_equity']
2026-07-28 05:50:05,110 [INFO] src.cleaning: [SHRIRAMFIN.NS] non-critical missing fields: ['ev_to_ebitda']
2026-07-28 05:50:05,110 [INFO] src.cleaning: [SIEMENS.NS] non-critical missing fields: ['return_on_equity']
2026-07-28 05:50:05,110 [INFO] src.cleaning: [SOBHA.NS] non-critical missing fields: ['return_on_equity']
2026-07-28 05:50:05,110 [INFO] src.cleaning: [SRF.NS] non-critical missing fields: ['return_on_equity']
2026-07-28 05:50:05,110 [INFO] src.cleaning: [TATACONSUM.NS] non-critical missing fields: ['return_on_equity']
2026-07-28 05:50:05,110 [INFO] src.cleaning: [TATAELXSI.NS] non-critical missing fields: ['return_on_equity']
2026-07-28 05:50:05,110 [INFO] src.cleaning: [TECHM.NS] non-critical missing fields: ['return_on_equity']
2026-07-28 05:50:05,110 [INFO] src.cleaning: [UCOBANK.NS] non-critical missing fields: ['ev_to_ebitda', 'debt_to_equity']
2026-07-28 05:50:05,110 [INFO] src.cleaning: [ULTRACEMCO.NS] non-critical missing fields: ['return_on_equity']
2026-07-28 05:50:05,110 [INFO] src.cleaning: [UNIONBANK.NS] non-critical missing fields: ['ev_to_ebitda', 'debt_to_equity', 'revenue_growth', 'total_debt']
2026-07-28 05:50:05,111 [INFO] src.cleaning: [UNITDSPR.NS] non-critical missing fields: ['return_on_equity']
2026-07-28 05:50:05,111 [INFO] src.cleaning: [VBL.NS] non-critical missing fields: ['return_on_equity']
2026-07-28 05:50:05,111 [INFO] src.cleaning: [WELCORP.NS] non-critical missing fields: ['return_on_equity']
2026-07-28 05:50:05,118 [INFO] src.cleaning: Cleaned 186/201 tickers -> data/processed/cleaned_universe.csv
2026-07-28 05:50:05,118 [INFO] src.cleaning: Full flag audit trail -> data/processed/cleaning_flags.csv
2026-07-28 05:50:05,118 [INFO] __main__: Cleaning validation passed: 186/201 tickers retained (93%)
2026-07-28 05:50:05,119 [INFO] __main__: === Stage 3/8: Scoring ===
2026-07-28 05:50:05,159 [INFO] src.scoring: Scored 186 companies -> data/processed/scored_universe.csv
2026-07-28 05:50:05,159 [INFO] src.scoring: Top 10 shortlist -> data/processed/shortlist_top_n.csv
2026-07-28 05:50:05,160 [WARNING] src.scoring: 24 companies scored on fewer than all 4 buckets (reweighted, not zero-filled) — see 'buckets_used' column: ['UNIONBANK.NS', 'IOB.NS', 'PNB.NS', 'CANBK.NS', 'IDEA.NS', 'BANKINDIA.NS', 'ICICIGI.NS', 'GICRE.NS', 'BANKBARODA.NS', 'FEDERALBNK.NS', 'AXISBANK.NS', 'UCOBANK.NS', 'KOTAKBANK.NS', 'ICICIBANK.NS', 'SBIN.NS', 'CENTRALBK.NS', 'HDFCBANK.NS', 'SBILIFE.NS', 'GMRAIRPORT.NS', 'AUBANK.NS', 'IDFCFIRSTB.NS', 'BANDHANBNK.NS', 'RBLBANK.NS', 'INDUSINDBK.NS']
2026-07-28 05:50:05,161 [INFO] __main__: Scoring validation passed: 186 companies ranked, all scores in valid range
2026-07-28 05:50:05,161 [INFO] __main__: === Stage 4/8: Comps + DuPont ===
2026-07-28 05:50:05,169 [INFO] src.comps_dupont: Comps + DuPont report for top 10 -> data/processed/comps_dupont_report.csv
2026-07-28 05:50:05,170 [WARNING] src.comps_dupont: 3 companies have a DuPont-implied ROE that diverges >5pp from reported ROE (possible data inconsistency, worth a manual check): ['IOB.NS', 'GILLETTE.NS', 'MUTHOOTFIN.NS']
2026-07-28 05:50:05,170 [INFO] __main__: === Stage 5/8: Explainability ===
2026-07-28 05:50:05,194 [INFO] src.explainability: Explanations for top 10 companies -> data/processed/explanations.csv
2026-07-28 05:50:05,194 [INFO] __main__: === Stage 6/8: Baseline Comparison ===
2026-07-28 05:50:05,199 [INFO] src.baseline_comparison: Baseline comparison -> data/processed/baseline_comparison.csv
2026-07-28 05:50:05,199 [INFO] __main__: === Stage 7/8: Acquisition Likelihood ===
2026-07-28 05:50:05,202 [INFO] src.acquisition_likelihood: 2 companies excluded from acquisition-likelihood scoring (negative/zero equity — financial distress, not a value-target thesis): ['IDEA.NS', 'GMRAIRPORT.NS']
2026-07-28 05:50:05,209 [INFO] src.acquisition_likelihood: Acquisition likelihood scoring -> data/processed/acquisition_likelihood.csv
2026-07-28 05:50:05,210 [INFO] __main__: === Stage 8/8: Historical Snapshot ===
2026-07-28 05:50:05,213 [INFO] src.history_tracker: Recorded shortlist snapshot for 2026-07-28 (10 companies) -> data/history/shortlist_history.csv (1 distinct days tracked so far)
2026-07-28 05:50:05,216 [INFO] src.history_tracker: Recorded acquisition-likelihood snapshot for 2026-07-28 (10 companies) -> data/history/acquisition_likelihood_history.csv (1 distinct days tracked so far)
2026-07-28 05:50:05,216 [INFO] __main__: === Pipeline completed successfully ===
2026-07-28 05:50:05,216 [INFO] __main__:   ingestion: {'total': 201, 'ok': 200}
2026-07-28 05:50:05,216 [INFO] __main__:   cleaning: {'retained': 186, 'input': 201}
2026-07-28 05:50:05,216 [INFO] __main__:   scoring: {'ranked': 186}
2026-07-28 05:50:05,216 [INFO] __main__:   comps_dupont: {'companies': 10}
2026-07-28 05:50:05,216 [INFO] __main__:   explainability: {'companies': 10}
2026-07-28 05:50:05,216 [INFO] __main__:   baseline_comparison: {'correlation': np.float64(0.46429886847344154), 'overlap_pct': 0.1}
2026-07-28 05:50:05,216 [INFO] __main__:   acquisition_likelihood: {'companies': 10}
2026-07-28 05:50:05,216 [INFO] __main__:   history_tracker: {'recorded': True}
