2026-10-08 10:04:38,969 [INFO] __main__: Logging to file: logs/pipeline_run_2026-10-08T10-04-38Z.log
2026-10-08 10:04:38,969 [INFO] __main__: === Stage 1/8: Ingestion ===
2026-10-08 10:04:38,996 [INFO] src.ingestion: [ACC.NS] fetching fresh data
2026-10-08 10:04:40,435 [INFO] src.ingestion: [AMBUJACEM.NS] fetching fresh data
2026-10-08 10:04:41,497 [INFO] src.ingestion: [ULTRACEMCO.NS] fetching fresh data
2026-10-08 10:04:42,607 [INFO] src.ingestion: [SHREECEM.NS] fetching fresh data
2026-10-08 10:04:43,613 [INFO] src.ingestion: [JKCEMENT.NS] fetching fresh data
2026-10-08 10:04:44,606 [INFO] src.ingestion: [RAMCOCEM.NS] fetching fresh data
2026-10-08 10:04:45,655 [INFO] src.ingestion: [HEIDELBERG.NS] fetching fresh data
2026-10-08 10:04:46,807 [INFO] src.ingestion: [DALBHARAT.NS] fetching fresh data
2026-10-08 10:04:47,944 [INFO] src.ingestion: [INFY.NS] fetching fresh data
2026-10-08 10:04:49,049 [INFO] src.ingestion: [TCS.NS] fetching fresh data
2026-10-08 10:04:50,002 [INFO] src.ingestion: [WIPRO.NS] fetching fresh data
2026-10-08 10:04:51,337 [INFO] src.ingestion: [HCLTECH.NS] fetching fresh data
2026-10-08 10:04:52,396 [INFO] src.ingestion: [TECHM.NS] fetching fresh data
2026-10-08 10:04:53,390 [INFO] src.ingestion: [LTIM.NS] fetching fresh data
2026-10-08 10:04:53,667 [ERROR] yfinance: HTTP Error 404: {"quoteSummary":{"result":null,"error":{"code":"Not Found","description":"Quote not found for symbol: LTIM.NS"}}}
2026-10-08 10:04:53,798 [WARNING] src.ingestion: [LTIM.NS] attempt 1 failed: yfinance returned an empty info payload for LTIM.NS (no exception, but no usable data — likely a transient Yahoo-side issue or an invalid/delisted symbol)
2026-10-08 10:04:56,068 [ERROR] yfinance: HTTP Error 404: {"quoteSummary":{"result":null,"error":{"code":"Not Found","description":"Quote not found for symbol: LTIM.NS"}}}
2026-10-08 10:04:56,146 [WARNING] src.ingestion: [LTIM.NS] attempt 2 failed: yfinance returned an empty info payload for LTIM.NS (no exception, but no usable data — likely a transient Yahoo-side issue or an invalid/delisted symbol)
2026-10-08 10:05:00,361 [ERROR] yfinance: HTTP Error 404: {"quoteSummary":{"result":null,"error":{"code":"Not Found","description":"Quote not found for symbol: LTIM.NS"}}}
2026-10-08 10:05:00,500 [WARNING] src.ingestion: [LTIM.NS] attempt 3 failed: yfinance returned an empty info payload for LTIM.NS (no exception, but no usable data — likely a transient Yahoo-side issue or an invalid/delisted symbol)
2026-10-08 10:05:00,900 [INFO] src.ingestion: [PERSISTENT.NS] fetching fresh data
2026-10-08 10:05:02,003 [INFO] src.ingestion: [COFORGE.NS] fetching fresh data
2026-10-08 10:05:02,954 [INFO] src.ingestion: [MPHASIS.NS] fetching fresh data
2026-10-08 10:05:03,997 [INFO] src.ingestion: [LTTS.NS] fetching fresh data
2026-10-08 10:05:04,958 [INFO] src.ingestion: [TATAELXSI.NS] fetching fresh data
2026-10-08 10:05:05,992 [INFO] src.ingestion: [CYIENT.NS] fetching fresh data
2026-10-08 10:05:06,959 [INFO] src.ingestion: [KPITTECH.NS] fetching fresh data
2026-10-08 10:05:07,965 [INFO] src.ingestion: [HDFCBANK.NS] fetching fresh data
2026-10-08 10:05:09,081 [INFO] src.ingestion: [ICICIBANK.NS] fetching fresh data
2026-10-08 10:05:09,974 [INFO] src.ingestion: [SBIN.NS] fetching fresh data
2026-10-08 10:05:11,034 [INFO] src.ingestion: [AXISBANK.NS] fetching fresh data
2026-10-08 10:05:11,942 [INFO] src.ingestion: [KOTAKBANK.NS] fetching fresh data
2026-10-08 10:05:12,868 [INFO] src.ingestion: [INDUSINDBK.NS] fetching fresh data
2026-10-08 10:05:13,988 [INFO] src.ingestion: [FEDERALBNK.NS] fetching fresh data
2026-10-08 10:05:15,034 [INFO] src.ingestion: [BANDHANBNK.NS] fetching fresh data
2026-10-08 10:05:16,096 [INFO] src.ingestion: [IDFCFIRSTB.NS] fetching fresh data
2026-10-08 10:05:17,123 [INFO] src.ingestion: [PNB.NS] fetching fresh data
2026-10-08 10:05:18,006 [INFO] src.ingestion: [BANKBARODA.NS] fetching fresh data
2026-10-08 10:05:18,983 [INFO] src.ingestion: [CANBK.NS] fetching fresh data
2026-10-08 10:05:19,979 [INFO] src.ingestion: [UNIONBANK.NS] fetching fresh data
2026-10-08 10:05:20,940 [INFO] src.ingestion: [AUBANK.NS] fetching fresh data
2026-10-08 10:05:21,980 [INFO] src.ingestion: [RBLBANK.NS] fetching fresh data
2026-10-08 10:05:22,893 [INFO] src.ingestion: [BANKINDIA.NS] fetching fresh data
2026-10-08 10:05:24,006 [INFO] src.ingestion: [CENTRALBK.NS] fetching fresh data
2026-10-08 10:05:25,083 [INFO] src.ingestion: [IOB.NS] fetching fresh data
2026-10-08 10:05:26,084 [INFO] src.ingestion: [UCOBANK.NS] fetching fresh data
2026-10-08 10:05:27,087 [INFO] src.ingestion: [BAJFINANCE.NS] fetching fresh data
2026-10-08 10:05:27,969 [INFO] src.ingestion: [BAJAJFINSV.NS] fetching fresh data
2026-10-08 10:05:28,942 [INFO] src.ingestion: [CHOLAFIN.NS] fetching fresh data
2026-10-08 10:05:29,902 [INFO] src.ingestion: [MUTHOOTFIN.NS] fetching fresh data
2026-10-08 10:05:30,935 [INFO] src.ingestion: [LICHSGFIN.NS] fetching fresh data
2026-10-08 10:05:32,071 [INFO] src.ingestion: [SHRIRAMFIN.NS] fetching fresh data
2026-10-08 10:05:33,155 [INFO] src.ingestion: [PFC.NS] fetching fresh data
2026-10-08 10:05:34,200 [INFO] src.ingestion: [RECLTD.NS] fetching fresh data
2026-10-08 10:05:35,195 [INFO] src.ingestion: [IRFC.NS] fetching fresh data
2026-10-08 10:05:36,135 [INFO] src.ingestion: [HUDCO.NS] fetching fresh data
2026-10-08 10:05:37,105 [INFO] src.ingestion: [BAJAJHLDNG.NS] fetching fresh data
2026-10-08 10:05:38,029 [INFO] src.ingestion: [SBICARD.NS] fetching fresh data
2026-10-08 10:05:39,075 [INFO] src.ingestion: [MANAPPURAM.NS] fetching fresh data
2026-10-08 10:05:39,984 [INFO] src.ingestion: [POONAWALLA.NS] fetching fresh data
2026-10-08 10:05:41,166 [INFO] src.ingestion: [HDFCLIFE.NS] fetching fresh data
2026-10-08 10:05:42,205 [INFO] src.ingestion: [SBILIFE.NS] fetching fresh data
2026-10-08 10:05:43,217 [INFO] src.ingestion: [ICICIPRULI.NS] fetching fresh data
2026-10-08 10:05:44,215 [INFO] src.ingestion: [ICICIGI.NS] fetching fresh data
2026-10-08 10:05:45,368 [INFO] src.ingestion: [LICI.NS] fetching fresh data
2026-10-08 10:05:46,275 [INFO] src.ingestion: [GICRE.NS] fetching fresh data
2026-10-08 10:05:47,172 [INFO] src.ingestion: [MARUTI.NS] fetching fresh data
2026-10-08 10:05:48,122 [INFO] src.ingestion: [TMPV.NS] fetching fresh data
2026-10-08 10:05:49,324 [INFO] src.ingestion: [TMCV.NS] fetching fresh data
2026-10-08 10:05:50,355 [INFO] src.ingestion: [M&M.NS] fetching fresh data
2026-10-08 10:05:51,366 [INFO] src.ingestion: [EICHERMOT.NS] fetching fresh data
2026-10-08 10:05:52,330 [INFO] src.ingestion: [HEROMOTOCO.NS] fetching fresh data
2026-10-08 10:05:53,336 [INFO] src.ingestion: [BAJAJ-AUTO.NS] fetching fresh data
2026-10-08 10:05:54,308 [INFO] src.ingestion: [TVSMOTOR.NS] fetching fresh data
2026-10-08 10:05:55,428 [INFO] src.ingestion: [ASHOKLEY.NS] fetching fresh data
2026-10-08 10:05:56,428 [INFO] src.ingestion: [BHARATFORG.NS] fetching fresh data
2026-10-08 10:05:57,439 [INFO] src.ingestion: [MOTHERSON.NS] fetching fresh data
2026-10-08 10:05:58,488 [INFO] src.ingestion: [BOSCHLTD.NS] fetching fresh data
2026-10-08 10:05:59,586 [INFO] src.ingestion: [MRF.NS] fetching fresh data
2026-10-08 10:06:00,614 [INFO] src.ingestion: [ENDURANCE.NS] fetching fresh data
2026-10-08 10:06:01,661 [INFO] src.ingestion: [EXIDEIND.NS] fetching fresh data
2026-10-08 10:06:02,774 [INFO] src.ingestion: [ARE&M.NS] fetching fresh data
2026-10-08 10:06:03,808 [INFO] src.ingestion: [SUNDRMFAST.NS] fetching fresh data
2026-10-08 10:06:04,871 [INFO] src.ingestion: [UNOMINDA.NS] fetching fresh data
2026-10-08 10:06:05,822 [INFO] src.ingestion: [SUNPHARMA.NS] fetching fresh data
2026-10-08 10:06:06,799 [INFO] src.ingestion: [DRREDDY.NS] fetching fresh data
2026-10-08 10:06:07,992 [INFO] src.ingestion: [CIPLA.NS] fetching fresh data
2026-10-08 10:06:08,996 [INFO] src.ingestion: [DIVISLAB.NS] fetching fresh data
2026-10-08 10:06:10,170 [INFO] src.ingestion: [LUPIN.NS] fetching fresh data
2026-10-08 10:06:11,190 [INFO] src.ingestion: [AUROPHARMA.NS] fetching fresh data
2026-10-08 10:06:12,318 [INFO] src.ingestion: [BIOCON.NS] fetching fresh data
2026-10-08 10:06:13,366 [INFO] src.ingestion: [TORNTPHARM.NS] fetching fresh data
2026-10-08 10:06:14,321 [INFO] src.ingestion: [ALKEM.NS] fetching fresh data
2026-10-08 10:06:15,398 [INFO] src.ingestion: [ABBOTINDIA.NS] fetching fresh data
2026-10-08 10:06:16,435 [INFO] src.ingestion: [APOLLOHOSP.NS] fetching fresh data
2026-10-08 10:06:17,388 [INFO] src.ingestion: [FORTIS.NS] fetching fresh data
2026-10-08 10:06:18,434 [INFO] src.ingestion: [LALPATHLAB.NS] fetching fresh data
2026-10-08 10:06:19,488 [INFO] src.ingestion: [METROPOLIS.NS] fetching fresh data
2026-10-08 10:06:20,437 [INFO] src.ingestion: [GLAND.NS] fetching fresh data
2026-10-08 10:06:21,523 [INFO] src.ingestion: [LAURUSLABS.NS] fetching fresh data
2026-10-08 10:06:22,488 [INFO] src.ingestion: [GLENMARK.NS] fetching fresh data
2026-10-08 10:06:23,398 [INFO] src.ingestion: [IPCALAB.NS] fetching fresh data
2026-10-08 10:06:24,519 [INFO] src.ingestion: [HINDUNILVR.NS] fetching fresh data
2026-10-08 10:06:25,623 [INFO] src.ingestion: [ITC.NS] fetching fresh data
2026-10-08 10:06:26,594 [INFO] src.ingestion: [NESTLEIND.NS] fetching fresh data
2026-10-08 10:06:27,565 [INFO] src.ingestion: [BRITANNIA.NS] fetching fresh data
2026-10-08 10:06:28,591 [INFO] src.ingestion: [DABUR.NS] fetching fresh data
2026-10-08 10:06:29,638 [INFO] src.ingestion: [GODREJCP.NS] fetching fresh data
2026-10-08 10:06:30,647 [INFO] src.ingestion: [MARICO.NS] fetching fresh data
2026-10-08 10:06:31,606 [INFO] src.ingestion: [COLPAL.NS] fetching fresh data
2026-10-08 10:06:32,704 [INFO] src.ingestion: [TATACONSUM.NS] fetching fresh data
2026-10-08 10:06:33,691 [INFO] src.ingestion: [VBL.NS] fetching fresh data
2026-10-08 10:06:34,830 [INFO] src.ingestion: [UNITDSPR.NS] fetching fresh data
2026-10-08 10:06:35,833 [INFO] src.ingestion: [EMAMILTD.NS] fetching fresh data
2026-10-08 10:06:36,815 [INFO] src.ingestion: [TATASTEEL.NS] fetching fresh data
2026-10-08 10:06:37,862 [INFO] src.ingestion: [JSWSTEEL.NS] fetching fresh data
2026-10-08 10:06:38,931 [INFO] src.ingestion: [HINDALCO.NS] fetching fresh data
2026-10-08 10:06:39,966 [INFO] src.ingestion: [VEDL.NS] fetching fresh data
2026-10-08 10:06:41,085 [INFO] src.ingestion: [COALINDIA.NS] fetching fresh data
2026-10-08 10:06:42,079 [INFO] src.ingestion: [NMDC.NS] fetching fresh data
2026-10-08 10:06:43,087 [INFO] src.ingestion: [SAIL.NS] fetching fresh data
2026-10-08 10:06:44,010 [INFO] src.ingestion: [JINDALSTEL.NS] fetching fresh data
2026-10-08 10:06:45,077 [INFO] src.ingestion: [APLAPOLLO.NS] fetching fresh data
2026-10-08 10:06:46,166 [INFO] src.ingestion: [NATIONALUM.NS] fetching fresh data
2026-10-08 10:06:47,097 [INFO] src.ingestion: [HINDCOPPER.NS] fetching fresh data
2026-10-08 10:06:48,099 [INFO] src.ingestion: [RATNAMANI.NS] fetching fresh data
2026-10-08 10:06:49,165 [INFO] src.ingestion: [HINDZINC.NS] fetching fresh data
2026-10-08 10:06:50,088 [INFO] src.ingestion: [WELCORP.NS] fetching fresh data
2026-10-08 10:06:51,088 [INFO] src.ingestion: [JSL.NS] fetching fresh data
2026-10-08 10:06:52,065 [INFO] src.ingestion: [RELIANCE.NS] fetching fresh data
2026-10-08 10:06:53,061 [INFO] src.ingestion: [ONGC.NS] fetching fresh data
2026-10-08 10:06:54,143 [INFO] src.ingestion: [BPCL.NS] fetching fresh data
2026-10-08 10:06:55,274 [INFO] src.ingestion: [IOC.NS] fetching fresh data
2026-10-08 10:06:56,262 [INFO] src.ingestion: [GAIL.NS] fetching fresh data
2026-10-08 10:06:57,494 [INFO] src.ingestion: [NTPC.NS] fetching fresh data
2026-10-08 10:06:58,586 [INFO] src.ingestion: [POWERGRID.NS] fetching fresh data
2026-10-08 10:06:59,592 [INFO] src.ingestion: [TATAPOWER.NS] fetching fresh data
2026-10-08 10:07:00,640 [INFO] src.ingestion: [ADANIGREEN.NS] fetching fresh data
2026-10-08 10:07:01,740 [INFO] src.ingestion: [ADANIPOWER.NS] fetching fresh data
2026-10-08 10:07:02,727 [INFO] src.ingestion: [TORNTPOWER.NS] fetching fresh data
2026-10-08 10:07:03,749 [INFO] src.ingestion: [LT.NS] fetching fresh data
2026-10-08 10:07:04,849 [INFO] src.ingestion: [SIEMENS.NS] fetching fresh data
2026-10-08 10:07:05,983 [INFO] src.ingestion: [ABB.NS] fetching fresh data
2026-10-08 10:07:07,037 [INFO] src.ingestion: [HAL.NS] fetching fresh data
2026-10-08 10:07:07,950 [INFO] src.ingestion: [BEL.NS] fetching fresh data
2026-10-08 10:07:09,104 [INFO] src.ingestion: [BHEL.NS] fetching fresh data
2026-10-08 10:07:10,215 [INFO] src.ingestion: [CUMMINSIND.NS] fetching fresh data
2026-10-08 10:07:11,229 [INFO] src.ingestion: [THERMAX.NS] fetching fresh data
2026-10-08 10:07:12,217 [INFO] src.ingestion: [POLYCAB.NS] fetching fresh data
2026-10-08 10:07:13,180 [INFO] src.ingestion: [KEI.NS] fetching fresh data
2026-10-08 10:07:14,198 [INFO] src.ingestion: [HAVELLS.NS] fetching fresh data
2026-10-08 10:07:15,324 [INFO] src.ingestion: [CROMPTON.NS] fetching fresh data
2026-10-08 10:07:16,327 [INFO] src.ingestion: [SUPREMEIND.NS] fetching fresh data
2026-10-08 10:07:17,308 [INFO] src.ingestion: [ASTRAL.NS] fetching fresh data
2026-10-08 10:07:18,357 [INFO] src.ingestion: [GRINDWELL.NS] fetching fresh data
2026-10-08 10:07:19,300 [INFO] src.ingestion: [CARBORUNIV.NS] fetching fresh data
2026-10-08 10:07:20,296 [INFO] src.ingestion: [TIMKEN.NS] fetching fresh data
2026-10-08 10:07:21,241 [INFO] src.ingestion: [SKFINDIA.NS] fetching fresh data
2026-10-08 10:07:22,222 [INFO] src.ingestion: [SRF.NS] fetching fresh data
2026-10-08 10:07:23,501 [INFO] src.ingestion: [PIIND.NS] fetching fresh data
2026-10-08 10:07:24,495 [INFO] src.ingestion: [DEEPAKNTR.NS] fetching fresh data
2026-10-08 10:07:25,561 [INFO] src.ingestion: [AARTIIND.NS] fetching fresh data
2026-10-08 10:07:26,724 [INFO] src.ingestion: [NAVINFLUOR.NS] fetching fresh data
2026-10-08 10:07:27,700 [INFO] src.ingestion: [UPL.NS] fetching fresh data
2026-10-08 10:07:28,736 [INFO] src.ingestion: [COROMANDEL.NS] fetching fresh data
2026-10-08 10:07:29,723 [INFO] src.ingestion: [CHAMBLFERT.NS] fetching fresh data
2026-10-08 10:07:30,751 [INFO] src.ingestion: [GNFC.NS] fetching fresh data
2026-10-08 10:07:31,807 [INFO] src.ingestion: [PIDILITIND.NS] fetching fresh data
2026-10-08 10:07:33,061 [INFO] src.ingestion: [TATACHEM.NS] fetching fresh data
2026-10-08 10:07:34,045 [INFO] src.ingestion: [GHCL.NS] fetching fresh data
2026-10-08 10:07:35,253 [INFO] src.ingestion: [TITAN.NS] fetching fresh data
2026-10-08 10:07:36,206 [INFO] src.ingestion: [DMART.NS] fetching fresh data
2026-10-08 10:07:37,290 [INFO] src.ingestion: [TRENT.NS] fetching fresh data
2026-10-08 10:07:38,372 [INFO] src.ingestion: [BATAINDIA.NS] fetching fresh data
2026-10-08 10:07:39,286 [INFO] src.ingestion: [PAGEIND.NS] fetching fresh data
2026-10-08 10:07:40,232 [INFO] src.ingestion: [JUBLFOOD.NS] fetching fresh data
2026-10-08 10:07:41,219 [INFO] src.ingestion: [VOLTAS.NS] fetching fresh data
2026-10-08 10:07:42,246 [INFO] src.ingestion: [DIXON.NS] fetching fresh data
2026-10-08 10:07:43,286 [INFO] src.ingestion: [RELAXO.NS] fetching fresh data
2026-10-08 10:07:44,339 [INFO] src.ingestion: [KAJARIACER.NS] fetching fresh data
2026-10-08 10:07:45,341 [INFO] src.ingestion: [WHIRLPOOL.NS] fetching fresh data
2026-10-08 10:07:46,424 [INFO] src.ingestion: [BLUESTARCO.NS] fetching fresh data
2026-10-08 10:07:47,448 [INFO] src.ingestion: [PGHH.NS] fetching fresh data
2026-10-08 10:07:48,502 [INFO] src.ingestion: [GILLETTE.NS] fetching fresh data
2026-10-08 10:07:49,416 [INFO] src.ingestion: [BHARTIARTL.NS] fetching fresh data
2026-10-08 10:07:50,380 [INFO] src.ingestion: [IDEA.NS] fetching fresh data
2026-10-08 10:07:51,378 [INFO] src.ingestion: [INDUSTOWER.NS] fetching fresh data
2026-10-08 10:07:52,428 [INFO] src.ingestion: [PVRINOX.NS] fetching fresh data
2026-10-08 10:07:53,342 [INFO] src.ingestion: [ZEEL.NS] fetching fresh data
2026-10-08 10:07:54,475 [INFO] src.ingestion: [ADANIPORTS.NS] fetching fresh data
2026-10-08 10:07:55,446 [INFO] src.ingestion: [ADANIENT.NS] fetching fresh data
2026-10-08 10:07:56,409 [INFO] src.ingestion: [GMRAIRPORT.NS] fetching fresh data
2026-10-08 10:07:57,443 [INFO] src.ingestion: [CONCOR.NS] fetching fresh data
2026-10-08 10:07:58,381 [INFO] src.ingestion: [IRCTC.NS] fetching fresh data
2026-10-08 10:07:59,400 [INFO] src.ingestion: [INDIGO.NS] fetching fresh data
2026-10-08 10:08:00,393 [INFO] src.ingestion: [RVNL.NS] fetching fresh data
2026-10-08 10:08:01,533 [INFO] src.ingestion: [IRCON.NS] fetching fresh data
2026-10-08 10:08:02,606 [INFO] src.ingestion: [NBCC.NS] fetching fresh data
2026-10-08 10:08:03,774 [INFO] src.ingestion: [NCC.NS] fetching fresh data
2026-10-08 10:08:04,771 [INFO] src.ingestion: [MAZDOCK.NS] fetching fresh data
2026-10-08 10:08:05,806 [INFO] src.ingestion: [COCHINSHIP.NS] fetching fresh data
2026-10-08 10:08:06,757 [INFO] src.ingestion: [DLF.NS] fetching fresh data
2026-10-08 10:08:07,732 [INFO] src.ingestion: [GODREJPROP.NS] fetching fresh data
2026-10-08 10:08:08,649 [INFO] src.ingestion: [OBEROIRLTY.NS] fetching fresh data
2026-10-08 10:08:09,565 [INFO] src.ingestion: [PRESTIGE.NS] fetching fresh data
2026-10-08 10:08:10,580 [INFO] src.ingestion: [PHOENIXLTD.NS] fetching fresh data
2026-10-08 10:08:11,636 [INFO] src.ingestion: [SOBHA.NS] fetching fresh data
2026-10-08 10:08:12,682 [INFO] src.ingestion: Fetched 200/201 tickers successfully
2026-10-08 10:08:12,682 [WARNING] src.ingestion: Failed tickers (excluded from downstream, not silently zeroed): ['LTIM.NS']
2026-10-08 10:08:12,682 [INFO] __main__: Ingestion validation passed: 200/201 tickers (100%)
2026-10-08 10:08:12,682 [INFO] __main__: === Stage 2/8: Cleaning ===
2026-10-08 10:08:12,689 [WARNING] src.cleaning: [LTIM.NS] EXCLUDED: ingestion failed: yfinance returned an empty info payload for LTIM.NS (no exception, but no usable data — likely a transient Yahoo-side issue or an invalid/delisted symbol)
2026-10-08 10:08:12,689 [INFO] src.cleaning: [AARTIIND.NS] non-critical missing fields: ['return_on_equity']
2026-10-08 10:08:12,689 [INFO] src.cleaning: [ABBOTINDIA.NS] non-critical missing fields: ['return_on_equity']
2026-10-08 10:08:12,689 [INFO] src.cleaning: [ACC.NS] non-critical missing fields: ['return_on_equity']
2026-10-08 10:08:12,689 [INFO] src.cleaning: [ADANIENT.NS] non-critical missing fields: ['return_on_equity']
2026-10-08 10:08:12,689 [INFO] src.cleaning: [ADANIGREEN.NS] non-critical missing fields: ['return_on_equity']
2026-10-08 10:08:12,689 [INFO] src.cleaning: [ADANIPORTS.NS] non-critical missing fields: ['return_on_equity']
2026-10-08 10:08:12,689 [INFO] src.cleaning: [ADANIPOWER.NS] non-critical missing fields: ['return_on_equity']
2026-10-08 10:08:12,689 [INFO] src.cleaning: [ALKEM.NS] non-critical missing fields: ['return_on_equity']
2026-10-08 10:08:12,689 [INFO] src.cleaning: [AMBUJACEM.NS] non-critical missing fields: ['return_on_equity']
2026-10-08 10:08:12,690 [INFO] src.cleaning: [APLAPOLLO.NS] non-critical missing fields: ['return_on_equity']
2026-10-08 10:08:12,690 [INFO] src.cleaning: [APOLLOHOSP.NS] non-critical missing fields: ['return_on_equity']
2026-10-08 10:08:12,690 [INFO] src.cleaning: [ARE&M.NS] non-critical missing fields: ['return_on_equity']
2026-10-08 10:08:12,690 [INFO] src.cleaning: [ASHOKLEY.NS] non-critical missing fields: ['return_on_equity']
2026-10-08 10:08:12,690 [INFO] src.cleaning: [ASTRAL.NS] non-critical missing fields: ['return_on_equity']
2026-10-08 10:08:12,690 [INFO] src.cleaning: [AUBANK.NS] non-critical missing fields: ['ev_to_ebitda', 'return_on_equity', 'debt_to_equity']
2026-10-08 10:08:12,690 [INFO] src.cleaning: [AUROPHARMA.NS] non-critical missing fields: ['return_on_equity']
2026-10-08 10:08:12,690 [INFO] src.cleaning: [AXISBANK.NS] non-critical missing fields: ['ev_to_ebitda', 'debt_to_equity']
2026-10-08 10:08:12,690 [INFO] src.cleaning: [BAJAJ-AUTO.NS] non-critical missing fields: ['return_on_equity']
2026-10-08 10:08:12,690 [INFO] src.cleaning: [BAJAJFINSV.NS] non-critical missing fields: ['return_on_equity']
2026-10-08 10:08:12,690 [WARNING] src.cleaning: [BAJAJHLDNG.NS] outlier values flagged: ['net_margin']
2026-10-08 10:08:12,690 [INFO] src.cleaning: [BAJFINANCE.NS] non-critical missing fields: ['ev_to_ebitda', 'return_on_equity']
2026-10-08 10:08:12,690 [INFO] src.cleaning: [BANDHANBNK.NS] non-critical missing fields: ['ev_to_ebitda', 'return_on_equity', 'debt_to_equity']
2026-10-08 10:08:12,690 [INFO] src.cleaning: [BANKBARODA.NS] non-critical missing fields: ['ev_to_ebitda', 'debt_to_equity']
2026-10-08 10:08:12,690 [INFO] src.cleaning: [BANKINDIA.NS] non-critical missing fields: ['ev_to_ebitda', 'debt_to_equity']
2026-10-08 10:08:12,690 [INFO] src.cleaning: [BATAINDIA.NS] non-critical missing fields: ['return_on_equity']
2026-10-08 10:08:12,690 [INFO] src.cleaning: [BEL.NS] non-critical missing fields: ['return_on_equity']
2026-10-08 10:08:12,690 [INFO] src.cleaning: [BHARATFORG.NS] non-critical missing fields: ['return_on_equity']
2026-10-08 10:08:12,690 [INFO] src.cleaning: [BHEL.NS] non-critical missing fields: ['return_on_equity']
2026-10-08 10:08:12,690 [INFO] src.cleaning: [BIOCON.NS] non-critical missing fields: ['return_on_equity']
2026-10-08 10:08:12,690 [INFO] src.cleaning: [BLUESTARCO.NS] non-critical missing fields: ['return_on_equity']
2026-10-08 10:08:12,690 [INFO] src.cleaning: [BOSCHLTD.NS] non-critical missing fields: ['return_on_equity']
2026-10-08 10:08:12,690 [INFO] src.cleaning: [BPCL.NS] non-critical missing fields: ['return_on_equity']
2026-10-08 10:08:12,690 [INFO] src.cleaning: [BRITANNIA.NS] non-critical missing fields: ['return_on_equity']
2026-10-08 10:08:12,691 [INFO] src.cleaning: [CANBK.NS] non-critical missing fields: ['ev_to_ebitda', 'return_on_equity', 'debt_to_equity']
2026-10-08 10:08:12,691 [INFO] src.cleaning: [CARBORUNIV.NS] non-critical missing fields: ['return_on_equity']
2026-10-08 10:08:12,691 [INFO] src.cleaning: [CENTRALBK.NS] non-critical missing fields: ['ev_to_ebitda', 'debt_to_equity']
2026-10-08 10:08:12,691 [INFO] src.cleaning: [CHAMBLFERT.NS] non-critical missing fields: ['return_on_equity']
2026-10-08 10:08:12,691 [INFO] src.cleaning: [CHOLAFIN.NS] non-critical missing fields: ['ev_to_ebitda', 'return_on_equity']
2026-10-08 10:08:12,691 [INFO] src.cleaning: [CIPLA.NS] non-critical missing fields: ['return_on_equity']
2026-10-08 10:08:12,691 [INFO] src.cleaning: [COALINDIA.NS] non-critical missing fields: ['return_on_equity']
2026-10-08 10:08:12,691 [INFO] src.cleaning: [COCHINSHIP.NS] non-critical missing fields: ['return_on_equity']
2026-10-08 10:08:12,691 [INFO] src.cleaning: [COFORGE.NS] non-critical missing fields: ['return_on_equity']
2026-10-08 10:08:12,691 [INFO] src.cleaning: [COLPAL.NS] non-critical missing fields: ['return_on_equity']
2026-10-08 10:08:12,691 [INFO] src.cleaning: [CONCOR.NS] non-critical missing fields: ['return_on_equity']
2026-10-08 10:08:12,691 [INFO] src.cleaning: [COROMANDEL.NS] non-critical missing fields: ['return_on_equity']
2026-10-08 10:08:12,691 [INFO] src.cleaning: [CROMPTON.NS] non-critical missing fields: ['trailing_pe', 'return_on_equity']
2026-10-08 10:08:12,691 [INFO] src.cleaning: [CUMMINSIND.NS] non-critical missing fields: ['return_on_equity']
2026-10-08 10:08:12,691 [INFO] src.cleaning: [CYIENT.NS] non-critical missing fields: ['return_on_equity']
2026-10-08 10:08:12,691 [INFO] src.cleaning: [DABUR.NS] non-critical missing fields: ['return_on_equity']
2026-10-08 10:08:12,691 [INFO] src.cleaning: [DALBHARAT.NS] non-critical missing fields: ['return_on_equity']
2026-10-08 10:08:12,691 [INFO] src.cleaning: [DEEPAKNTR.NS] non-critical missing fields: ['return_on_equity']
2026-10-08 10:08:12,691 [INFO] src.cleaning: [DIVISLAB.NS] non-critical missing fields: ['return_on_equity']
2026-10-08 10:08:12,691 [INFO] src.cleaning: [DIXON.NS] non-critical missing fields: ['return_on_equity']
2026-10-08 10:08:12,691 [INFO] src.cleaning: [DMART.NS] non-critical missing fields: ['return_on_equity']
2026-10-08 10:08:12,691 [INFO] src.cleaning: [EICHERMOT.NS] non-critical missing fields: ['return_on_equity']
2026-10-08 10:08:12,691 [INFO] src.cleaning: [EMAMILTD.NS] non-critical missing fields: ['return_on_equity']
2026-10-08 10:08:12,691 [INFO] src.cleaning: [ENDURANCE.NS] non-critical missing fields: ['return_on_equity']
2026-10-08 10:08:12,691 [INFO] src.cleaning: [EXIDEIND.NS] non-critical missing fields: ['return_on_equity']
2026-10-08 10:08:12,691 [INFO] src.cleaning: [FEDERALBNK.NS] non-critical missing fields: ['ev_to_ebitda', 'return_on_equity', 'debt_to_equity']
2026-10-08 10:08:12,692 [INFO] src.cleaning: [FORTIS.NS] non-critical missing fields: ['return_on_equity']
2026-10-08 10:08:12,692 [INFO] src.cleaning: [GAIL.NS] non-critical missing fields: ['return_on_equity']
2026-10-08 10:08:12,692 [INFO] src.cleaning: [GHCL.NS] non-critical missing fields: ['return_on_equity']
2026-10-08 10:08:12,692 [INFO] src.cleaning: [GICRE.NS] non-critical missing fields: ['ev_to_ebitda', 'debt_to_equity']
2026-10-08 10:08:12,692 [INFO] src.cleaning: [GILLETTE.NS] non-critical missing fields: ['return_on_equity']
2026-10-08 10:08:12,692 [INFO] src.cleaning: [GLAND.NS] non-critical missing fields: ['return_on_equity']
2026-10-08 10:08:12,692 [INFO] src.cleaning: [GLENMARK.NS] non-critical missing fields: ['return_on_equity']
2026-10-08 10:08:12,692 [WARNING] src.cleaning: [GMRAIRPORT.NS] negative/zero equity — DuPont ROE math will be invalid downstream
2026-10-08 10:08:12,692 [INFO] src.cleaning: [GMRAIRPORT.NS] non-critical missing fields: ['return_on_equity', 'debt_to_equity']
2026-10-08 10:08:12,692 [INFO] src.cleaning: [GNFC.NS] non-critical missing fields: ['return_on_equity']
2026-10-08 10:08:12,692 [INFO] src.cleaning: [GODREJCP.NS] non-critical missing fields: ['return_on_equity']
2026-10-08 10:08:12,692 [INFO] src.cleaning: [GODREJPROP.NS] non-critical missing fields: ['return_on_equity']
2026-10-08 10:08:12,692 [INFO] src.cleaning: [GRINDWELL.NS] non-critical missing fields: ['return_on_equity']
2026-10-08 10:08:12,692 [INFO] src.cleaning: [HAL.NS] non-critical missing fields: ['return_on_equity']
2026-10-08 10:08:12,692 [INFO] src.cleaning: [HAVELLS.NS] non-critical missing fields: ['return_on_equity']
2026-10-08 10:08:12,692 [WARNING] src.cleaning: [HCLTECH.NS] outlier values flagged: ['ev_to_ebitda']
2026-10-08 10:08:12,692 [INFO] src.cleaning: [HDFCBANK.NS] non-critical missing fields: ['ev_to_ebitda', 'debt_to_equity']
2026-10-08 10:08:12,692 [INFO] src.cleaning: [HEIDELBERG.NS] non-critical missing fields: ['return_on_equity']
2026-10-08 10:08:12,692 [INFO] src.cleaning: [HEROMOTOCO.NS] non-critical missing fields: ['return_on_equity']
2026-10-08 10:08:12,692 [INFO] src.cleaning: [HINDALCO.NS] non-critical missing fields: ['return_on_equity']
2026-10-08 10:08:12,692 [INFO] src.cleaning: [HINDCOPPER.NS] non-critical missing fields: ['return_on_equity']
2026-10-08 10:08:12,692 [INFO] src.cleaning: [HINDUNILVR.NS] non-critical missing fields: ['return_on_equity']
2026-10-08 10:08:12,692 [INFO] src.cleaning: [HINDZINC.NS] non-critical missing fields: ['return_on_equity']
2026-10-08 10:08:12,692 [INFO] src.cleaning: [HUDCO.NS] non-critical missing fields: ['ev_to_ebitda', 'return_on_equity']
2026-10-08 10:08:12,692 [INFO] src.cleaning: [ICICIBANK.NS] non-critical missing fields: ['ev_to_ebitda', 'debt_to_equity']
2026-10-08 10:08:12,692 [INFO] src.cleaning: [ICICIGI.NS] non-critical missing fields: ['debt_to_equity']
2026-10-08 10:08:12,692 [WARNING] src.cleaning: [IDEA.NS] negative/zero equity — DuPont ROE math will be invalid downstream
2026-10-08 10:08:12,692 [INFO] src.cleaning: [IDEA.NS] non-critical missing fields: ['return_on_equity', 'debt_to_equity']
2026-10-08 10:08:12,692 [INFO] src.cleaning: [IDFCFIRSTB.NS] non-critical missing fields: ['ev_to_ebitda', 'debt_to_equity']
2026-10-08 10:08:12,692 [WARNING] src.cleaning: [INDIGO.NS] outlier values flagged: ['debt_to_equity']
2026-10-08 10:08:12,692 [INFO] src.cleaning: [INDIGO.NS] non-critical missing fields: ['trailing_pe', 'return_on_equity']
2026-10-08 10:08:12,692 [INFO] src.cleaning: [INDUSINDBK.NS] non-critical missing fields: ['ev_to_ebitda', 'return_on_equity', 'debt_to_equity']
2026-10-08 10:08:12,692 [WARNING] src.cleaning: [INFY.NS] outlier values flagged: ['ev_to_ebitda']
2026-10-08 10:08:12,692 [INFO] src.cleaning: [IOB.NS] non-critical missing fields: ['ev_to_ebitda', 'debt_to_equity']
2026-10-08 10:08:12,692 [INFO] src.cleaning: [IOC.NS] non-critical missing fields: ['return_on_equity']
2026-10-08 10:08:12,692 [INFO] src.cleaning: [IPCALAB.NS] non-critical missing fields: ['return_on_equity']
2026-10-08 10:08:12,692 [INFO] src.cleaning: [IRCON.NS] non-critical missing fields: ['return_on_equity']
2026-10-08 10:08:12,692 [INFO] src.cleaning: [IRCTC.NS] non-critical missing fields: ['return_on_equity']
2026-10-08 10:08:12,692 [INFO] src.cleaning: [IRFC.NS] non-critical missing fields: ['ev_to_ebitda', 'return_on_equity']
2026-10-08 10:08:12,692 [INFO] src.cleaning: [ITC.NS] non-critical missing fields: ['return_on_equity']
2026-10-08 10:08:12,692 [INFO] src.cleaning: [JINDALSTEL.NS] non-critical missing fields: ['return_on_equity']
2026-10-08 10:08:12,693 [INFO] src.cleaning: [JKCEMENT.NS] non-critical missing fields: ['return_on_equity']
2026-10-08 10:08:12,693 [INFO] src.cleaning: [JSL.NS] non-critical missing fields: ['return_on_equity']
2026-10-08 10:08:12,693 [INFO] src.cleaning: [JSWSTEEL.NS] non-critical missing fields: ['return_on_equity']
2026-10-08 10:08:12,693 [INFO] src.cleaning: [JUBLFOOD.NS] non-critical missing fields: ['return_on_equity']
2026-10-08 10:08:12,693 [INFO] src.cleaning: [KAJARIACER.NS] non-critical missing fields: ['return_on_equity']
2026-10-08 10:08:12,693 [INFO] src.cleaning: [KEI.NS] non-critical missing fields: ['return_on_equity']
2026-10-08 10:08:12,693 [INFO] src.cleaning: [KOTAKBANK.NS] non-critical missing fields: ['ev_to_ebitda', 'return_on_equity', 'debt_to_equity']
2026-10-08 10:08:12,693 [INFO] src.cleaning: [KPITTECH.NS] non-critical missing fields: ['return_on_equity']
2026-10-08 10:08:12,693 [INFO] src.cleaning: [LALPATHLAB.NS] non-critical missing fields: ['return_on_equity']
2026-10-08 10:08:12,693 [INFO] src.cleaning: [LAURUSLABS.NS] non-critical missing fields: ['return_on_equity']
2026-10-08 10:08:12,693 [INFO] src.cleaning: [LICHSGFIN.NS] non-critical missing fields: ['ev_to_ebitda', 'return_on_equity']
2026-10-08 10:08:12,693 [INFO] src.cleaning: [LICI.NS] non-critical missing fields: ['return_on_equity']
2026-10-08 10:08:12,693 [INFO] src.cleaning: [LTTS.NS] non-critical missing fields: ['return_on_equity']
2026-10-08 10:08:12,693 [INFO] src.cleaning: [LT.NS] non-critical missing fields: ['return_on_equity']
2026-10-08 10:08:12,693 [INFO] src.cleaning: [LUPIN.NS] non-critical missing fields: ['return_on_equity']
2026-10-08 10:08:12,693 [INFO] src.cleaning: [M&M.NS] non-critical missing fields: ['return_on_equity']
2026-10-08 10:08:12,693 [INFO] src.cleaning: [MANAPPURAM.NS] non-critical missing fields: ['ev_to_ebitda', 'return_on_equity']
2026-10-08 10:08:12,693 [INFO] src.cleaning: [MARICO.NS] non-critical missing fields: ['return_on_equity']
2026-10-08 10:08:12,693 [INFO] src.cleaning: [MARUTI.NS] non-critical missing fields: ['return_on_equity']
2026-10-08 10:08:12,693 [INFO] src.cleaning: [MAZDOCK.NS] non-critical missing fields: ['return_on_equity']
2026-10-08 10:08:12,693 [INFO] src.cleaning: [METROPOLIS.NS] non-critical missing fields: ['return_on_equity']
2026-10-08 10:08:12,693 [INFO] src.cleaning: [MOTHERSON.NS] non-critical missing fields: ['return_on_equity']
2026-10-08 10:08:12,693 [INFO] src.cleaning: [MRF.NS] non-critical missing fields: ['return_on_equity']
2026-10-08 10:08:12,693 [INFO] src.cleaning: [MUTHOOTFIN.NS] non-critical missing fields: ['ev_to_ebitda']
2026-10-08 10:08:12,693 [INFO] src.cleaning: [NATIONALUM.NS] non-critical missing fields: ['return_on_equity']
2026-10-08 10:08:12,694 [INFO] src.cleaning: [NAVINFLUOR.NS] non-critical missing fields: ['return_on_equity']
2026-10-08 10:08:12,694 [INFO] src.cleaning: [NBCC.NS] non-critical missing fields: ['return_on_equity']
2026-10-08 10:08:12,694 [INFO] src.cleaning: [NCC.NS] non-critical missing fields: ['return_on_equity']
2026-10-08 10:08:12,694 [INFO] src.cleaning: [NESTLEIND.NS] non-critical missing fields: ['return_on_equity']
2026-10-08 10:08:12,694 [INFO] src.cleaning: [NMDC.NS] non-critical missing fields: ['return_on_equity']
2026-10-08 10:08:12,694 [INFO] src.cleaning: [NTPC.NS] non-critical missing fields: ['return_on_equity']
2026-10-08 10:08:12,694 [INFO] src.cleaning: [OBEROIRLTY.NS] non-critical missing fields: ['return_on_equity']
2026-10-08 10:08:12,694 [INFO] src.cleaning: [ONGC.NS] non-critical missing fields: ['return_on_equity']
2026-10-08 10:08:12,694 [INFO] src.cleaning: [PAGEIND.NS] non-critical missing fields: ['return_on_equity']
2026-10-08 10:08:12,694 [INFO] src.cleaning: [PFC.NS] non-critical missing fields: ['ev_to_ebitda', 'return_on_equity']
2026-10-08 10:08:12,694 [INFO] src.cleaning: [PGHH.NS] non-critical missing fields: ['return_on_equity']
2026-10-08 10:08:12,694 [INFO] src.cleaning: [PHOENIXLTD.NS] non-critical missing fields: ['return_on_equity']
2026-10-08 10:08:12,694 [INFO] src.cleaning: [PIDILITIND.NS] non-critical missing fields: ['return_on_equity']
2026-10-08 10:08:12,694 [INFO] src.cleaning: [PIIND.NS] non-critical missing fields: ['return_on_equity']
2026-10-08 10:08:12,694 [INFO] src.cleaning: [PNB.NS] non-critical missing fields: ['ev_to_ebitda', 'debt_to_equity']
2026-10-08 10:08:12,694 [INFO] src.cleaning: [POONAWALLA.NS] non-critical missing fields: ['ev_to_ebitda', 'return_on_equity']
2026-10-08 10:08:12,694 [INFO] src.cleaning: [POWERGRID.NS] non-critical missing fields: ['return_on_equity']
2026-10-08 10:08:12,694 [INFO] src.cleaning: [PVRINOX.NS] non-critical missing fields: ['return_on_equity']
2026-10-08 10:08:12,694 [INFO] src.cleaning: [RAMCOCEM.NS] non-critical missing fields: ['return_on_equity']
2026-10-08 10:08:12,694 [INFO] src.cleaning: [RATNAMANI.NS] non-critical missing fields: ['return_on_equity']
2026-10-08 10:08:12,694 [INFO] src.cleaning: [RBLBANK.NS] non-critical missing fields: ['ev_to_ebitda', 'return_on_equity', 'debt_to_equity']
2026-10-08 10:08:12,694 [INFO] src.cleaning: [RECLTD.NS] non-critical missing fields: ['ev_to_ebitda', 'return_on_equity']
2026-10-08 10:08:12,694 [INFO] src.cleaning: [RELAXO.NS] non-critical missing fields: ['return_on_equity']
2026-10-08 10:08:12,694 [INFO] src.cleaning: [RELIANCE.NS] non-critical missing fields: ['return_on_equity']
2026-10-08 10:08:12,694 [INFO] src.cleaning: [RVNL.NS] non-critical missing fields: ['return_on_equity']
2026-10-08 10:08:12,694 [INFO] src.cleaning: [SAIL.NS] non-critical missing fields: ['return_on_equity']
2026-10-08 10:08:12,694 [INFO] src.cleaning: [SBICARD.NS] non-critical missing fields: ['ev_to_ebitda', 'return_on_equity']
2026-10-08 10:08:12,695 [INFO] src.cleaning: [SBILIFE.NS] non-critical missing fields: ['debt_to_equity']
2026-10-08 10:08:12,695 [INFO] src.cleaning: [SBIN.NS] non-critical missing fields: ['ev_to_ebitda', 'debt_to_equity']
2026-10-08 10:08:12,695 [INFO] src.cleaning: [SHREECEM.NS] non-critical missing fields: ['return_on_equity']
2026-10-08 10:08:12,695 [INFO] src.cleaning: [SHRIRAMFIN.NS] non-critical missing fields: ['ev_to_ebitda']
2026-10-08 10:08:12,695 [INFO] src.cleaning: [SIEMENS.NS] non-critical missing fields: ['return_on_equity']
2026-10-08 10:08:12,695 [INFO] src.cleaning: [SKFINDIA.NS] non-critical missing fields: ['return_on_equity']
2026-10-08 10:08:12,695 [INFO] src.cleaning: [SOBHA.NS] non-critical missing fields: ['return_on_equity']
2026-10-08 10:08:12,695 [INFO] src.cleaning: [SRF.NS] non-critical missing fields: ['return_on_equity']
2026-10-08 10:08:12,695 [INFO] src.cleaning: [SUNDRMFAST.NS] non-critical missing fields: ['return_on_equity']
2026-10-08 10:08:12,695 [INFO] src.cleaning: [SUNPHARMA.NS] non-critical missing fields: ['return_on_equity']
2026-10-08 10:08:12,695 [INFO] src.cleaning: [SUPREMEIND.NS] non-critical missing fields: ['return_on_equity']
2026-10-08 10:08:12,695 [INFO] src.cleaning: [TATACHEM.NS] non-critical missing fields: ['trailing_pe', 'return_on_equity']
2026-10-08 10:08:12,695 [INFO] src.cleaning: [TATACONSUM.NS] non-critical missing fields: ['return_on_equity']
2026-10-08 10:08:12,695 [INFO] src.cleaning: [TATAELXSI.NS] non-critical missing fields: ['return_on_equity']
2026-10-08 10:08:12,695 [INFO] src.cleaning: [TATAPOWER.NS] non-critical missing fields: ['return_on_equity']
2026-10-08 10:08:12,695 [INFO] src.cleaning: [TATASTEEL.NS] non-critical missing fields: ['return_on_equity']
2026-10-08 10:08:12,695 [INFO] src.cleaning: [TECHM.NS] non-critical missing fields: ['return_on_equity']
2026-10-08 10:08:12,695 [INFO] src.cleaning: [THERMAX.NS] non-critical missing fields: ['return_on_equity']
2026-10-08 10:08:12,695 [INFO] src.cleaning: [TIMKEN.NS] non-critical missing fields: ['return_on_equity']
2026-10-08 10:08:12,695 [INFO] src.cleaning: [TITAN.NS] non-critical missing fields: ['return_on_equity']
2026-10-08 10:08:12,695 [INFO] src.cleaning: [TMCV.NS] non-critical missing fields: ['return_on_equity']
2026-10-08 10:08:12,695 [INFO] src.cleaning: [TMPV.NS] non-critical missing fields: ['trailing_pe', 'return_on_equity']
2026-10-08 10:08:12,695 [INFO] src.cleaning: [TORNTPHARM.NS] non-critical missing fields: ['return_on_equity']
2026-10-08 10:08:12,695 [INFO] src.cleaning: [TORNTPOWER.NS] non-critical missing fields: ['return_on_equity']
2026-10-08 10:08:12,695 [INFO] src.cleaning: [TRENT.NS] non-critical missing fields: ['return_on_equity']
2026-10-08 10:08:12,695 [INFO] src.cleaning: [TVSMOTOR.NS] non-critical missing fields: ['return_on_equity']
2026-10-08 10:08:12,696 [INFO] src.cleaning: [UCOBANK.NS] non-critical missing fields: ['ev_to_ebitda', 'debt_to_equity']
2026-10-08 10:08:12,696 [INFO] src.cleaning: [ULTRACEMCO.NS] non-critical missing fields: ['return_on_equity']
2026-10-08 10:08:12,696 [INFO] src.cleaning: [UNIONBANK.NS] non-critical missing fields: ['ev_to_ebitda', 'debt_to_equity']
2026-10-08 10:08:12,696 [INFO] src.cleaning: [UNITDSPR.NS] non-critical missing fields: ['return_on_equity']
2026-10-08 10:08:12,696 [INFO] src.cleaning: [UNOMINDA.NS] non-critical missing fields: ['return_on_equity']
2026-10-08 10:08:12,696 [INFO] src.cleaning: [UPL.NS] non-critical missing fields: ['return_on_equity']
2026-10-08 10:08:12,696 [INFO] src.cleaning: [VEDL.NS] non-critical missing fields: ['return_on_equity']
2026-10-08 10:08:12,696 [INFO] src.cleaning: [VOLTAS.NS] non-critical missing fields: ['return_on_equity']
2026-10-08 10:08:12,696 [INFO] src.cleaning: [WELCORP.NS] non-critical missing fields: ['return_on_equity']
2026-10-08 10:08:12,696 [INFO] src.cleaning: [WHIRLPOOL.NS] non-critical missing fields: ['return_on_equity']
2026-10-08 10:08:12,696 [INFO] src.cleaning: [ZEEL.NS] non-critical missing fields: ['return_on_equity']
2026-10-08 10:08:12,703 [INFO] src.cleaning: Cleaned 200/201 tickers -> data/processed/cleaned_universe.csv
2026-10-08 10:08:12,703 [INFO] src.cleaning: Full flag audit trail -> data/processed/cleaning_flags.csv
2026-10-08 10:08:12,703 [INFO] __main__: Cleaning validation passed: 200/201 tickers retained (100%)
2026-10-08 10:08:12,703 [INFO] __main__: === Stage 3/8: Scoring ===
2026-10-08 10:08:12,756 [INFO] src.scoring: Scored 200 companies -> data/processed/scored_universe.csv
2026-10-08 10:08:12,757 [INFO] src.scoring: Top 10 shortlist -> data/processed/shortlist_top_n.csv
2026-10-08 10:08:12,757 [WARNING] src.scoring: 24 companies scored on fewer than all 4 buckets (reweighted, not zero-filled) — see 'buckets_used' column: ['IOB.NS', 'BANKINDIA.NS', 'UNIONBANK.NS', 'CANBK.NS', 'ICICIGI.NS', 'IDEA.NS', 'PNB.NS', 'GICRE.NS', 'FEDERALBNK.NS', 'CENTRALBK.NS', 'BANKBARODA.NS', 'UCOBANK.NS', 'AXISBANK.NS', 'SBIN.NS', 'KOTAKBANK.NS', 'ICICIBANK.NS', 'HDFCBANK.NS', 'SBILIFE.NS', 'AUBANK.NS', 'BANDHANBNK.NS', 'GMRAIRPORT.NS', 'IDFCFIRSTB.NS', 'RBLBANK.NS', 'INDUSINDBK.NS']
2026-10-08 10:08:12,759 [INFO] __main__: Scoring validation passed: 200 companies ranked, all scores in valid range
2026-10-08 10:08:12,759 [INFO] __main__: === Stage 4/8: Comps + DuPont ===
2026-10-08 10:08:12,769 [INFO] src.comps_dupont: Comps + DuPont report for top 10 -> data/processed/comps_dupont_report.csv
2026-10-08 10:08:12,770 [WARNING] src.comps_dupont: 1 companies have a DuPont-implied ROE that diverges >5pp from reported ROE (possible data inconsistency, worth a manual check): ['IOB.NS']
2026-10-08 10:08:12,770 [INFO] __main__: === Stage 5/8: Explainability ===
2026-10-08 10:08:12,802 [INFO] src.explainability: Explanations for top 10 companies -> data/processed/explanations.csv
2026-10-08 10:08:12,802 [INFO] __main__: === Stage 6/8: Baseline Comparison ===
2026-10-08 10:08:12,809 [INFO] src.baseline_comparison: Baseline comparison -> data/processed/baseline_comparison.csv
2026-10-08 10:08:12,809 [INFO] __main__: === Stage 7/8: Acquisition Likelihood ===
2026-10-08 10:08:12,812 [INFO] src.acquisition_likelihood: 2 companies excluded from acquisition-likelihood scoring (negative/zero equity — financial distress, not a value-target thesis): ['IDEA.NS', 'GMRAIRPORT.NS']
2026-10-08 10:08:12,822 [INFO] src.acquisition_likelihood: Acquisition likelihood scoring -> data/processed/acquisition_likelihood.csv
2026-10-08 10:08:12,822 [INFO] __main__: === Stage 8/8: Historical Snapshot ===
2026-10-08 10:08:12,829 [INFO] src.history_tracker: Recorded shortlist snapshot for 2026-10-08 (10 companies) -> data/history/shortlist_history.csv (5 distinct days tracked so far)
2026-10-08 10:08:12,834 [INFO] src.history_tracker: Recorded acquisition-likelihood snapshot for 2026-10-08 (10 companies) -> data/history/acquisition_likelihood_history.csv (5 distinct days tracked so far)
2026-10-08 10:08:12,835 [INFO] __main__: === Pipeline completed successfully ===
2026-10-08 10:08:12,835 [INFO] __main__:   ingestion: {'total': 201, 'ok': 200}
2026-10-08 10:08:12,835 [INFO] __main__:   cleaning: {'retained': 200, 'input': 201}
2026-10-08 10:08:12,835 [INFO] __main__:   scoring: {'ranked': 200}
2026-10-08 10:08:12,835 [INFO] __main__:   comps_dupont: {'companies': 10}
2026-10-08 10:08:12,835 [INFO] __main__:   explainability: {'companies': 10}
2026-10-08 10:08:12,835 [INFO] __main__:   baseline_comparison: {'correlation': np.float64(0.47107059361606335), 'overlap_pct': 0.0}
2026-10-08 10:08:12,835 [INFO] __main__:   acquisition_likelihood: {'companies': 10}
2026-10-08 10:08:12,835 [INFO] __main__:   history_tracker: {'recorded': True}
