2026-08-04 05:46:32,768 [INFO] __main__: Logging to file: logs/pipeline_run_2026-08-04T05-46-32Z.log
2026-08-04 05:46:32,768 [INFO] __main__: === Stage 1/8: Ingestion ===
2026-08-04 05:46:32,799 [INFO] src.ingestion: [ACC.NS] fetching fresh data
2026-08-04 05:46:33,822 [INFO] src.ingestion: [AMBUJACEM.NS] fetching fresh data
2026-08-04 05:46:34,673 [INFO] src.ingestion: [ULTRACEMCO.NS] fetching fresh data
2026-08-04 05:46:35,552 [INFO] src.ingestion: [SHREECEM.NS] fetching fresh data
2026-08-04 05:46:36,390 [INFO] src.ingestion: [JKCEMENT.NS] fetching fresh data
2026-08-04 05:46:37,245 [INFO] src.ingestion: [RAMCOCEM.NS] fetching fresh data
2026-08-04 05:46:38,094 [INFO] src.ingestion: [HEIDELBERG.NS] fetching fresh data
2026-08-04 05:46:38,966 [INFO] src.ingestion: [DALBHARAT.NS] fetching fresh data
2026-08-04 05:46:39,810 [INFO] src.ingestion: [INFY.NS] fetching fresh data
2026-08-04 05:46:40,695 [INFO] src.ingestion: [TCS.NS] fetching fresh data
2026-08-04 05:46:41,595 [INFO] src.ingestion: [WIPRO.NS] fetching fresh data
2026-08-04 05:46:42,596 [INFO] src.ingestion: [HCLTECH.NS] fetching fresh data
2026-08-04 05:46:43,485 [INFO] src.ingestion: [TECHM.NS] fetching fresh data
2026-08-04 05:46:44,364 [INFO] src.ingestion: [LTIM.NS] fetching fresh data
2026-08-04 05:46:44,577 [ERROR] yfinance: HTTP Error 404: {"quoteSummary":{"result":null,"error":{"code":"Not Found","description":"Quote not found for symbol: LTIM.NS"}}}
2026-08-04 05:46:44,682 [WARNING] src.ingestion: [LTIM.NS] attempt 1 failed: yfinance returned an empty info payload for LTIM.NS (no exception, but no usable data — likely a transient Yahoo-side issue or an invalid/delisted symbol)
2026-08-04 05:46:46,841 [ERROR] yfinance: HTTP Error 404: {"quoteSummary":{"result":null,"error":{"code":"Not Found","description":"Quote not found for symbol: LTIM.NS"}}}
2026-08-04 05:46:46,902 [WARNING] src.ingestion: [LTIM.NS] attempt 2 failed: yfinance returned an empty info payload for LTIM.NS (no exception, but no usable data — likely a transient Yahoo-side issue or an invalid/delisted symbol)
2026-08-04 05:46:51,037 [ERROR] yfinance: HTTP Error 404: {"quoteSummary":{"result":null,"error":{"code":"Not Found","description":"Quote not found for symbol: LTIM.NS"}}}
2026-08-04 05:46:51,097 [WARNING] src.ingestion: [LTIM.NS] attempt 3 failed: yfinance returned an empty info payload for LTIM.NS (no exception, but no usable data — likely a transient Yahoo-side issue or an invalid/delisted symbol)
2026-08-04 05:46:51,498 [INFO] src.ingestion: [PERSISTENT.NS] fetching fresh data
2026-08-04 05:46:52,436 [INFO] src.ingestion: [COFORGE.NS] fetching fresh data
2026-08-04 05:46:53,238 [INFO] src.ingestion: [MPHASIS.NS] fetching fresh data
2026-08-04 05:46:54,069 [INFO] src.ingestion: [LTTS.NS] fetching fresh data
2026-08-04 05:46:54,920 [INFO] src.ingestion: [TATAELXSI.NS] fetching fresh data
2026-08-04 05:46:55,844 [INFO] src.ingestion: [CYIENT.NS] fetching fresh data
2026-08-04 05:46:56,869 [INFO] src.ingestion: [KPITTECH.NS] fetching fresh data
2026-08-04 05:46:57,862 [INFO] src.ingestion: [HDFCBANK.NS] fetching fresh data
2026-08-04 05:46:58,777 [INFO] src.ingestion: [ICICIBANK.NS] fetching fresh data
2026-08-04 05:46:59,731 [INFO] src.ingestion: [SBIN.NS] fetching fresh data
2026-08-04 05:47:00,592 [INFO] src.ingestion: [AXISBANK.NS] fetching fresh data
2026-08-04 05:47:01,481 [INFO] src.ingestion: [KOTAKBANK.NS] fetching fresh data
2026-08-04 05:47:02,480 [INFO] src.ingestion: [INDUSINDBK.NS] fetching fresh data
2026-08-04 05:47:03,294 [INFO] src.ingestion: [FEDERALBNK.NS] fetching fresh data
2026-08-04 05:47:04,212 [INFO] src.ingestion: [BANDHANBNK.NS] fetching fresh data
2026-08-04 05:47:05,114 [INFO] src.ingestion: [IDFCFIRSTB.NS] fetching fresh data
2026-08-04 05:47:05,957 [INFO] src.ingestion: [PNB.NS] fetching fresh data
2026-08-04 05:47:06,805 [INFO] src.ingestion: [BANKBARODA.NS] fetching fresh data
2026-08-04 05:47:07,620 [INFO] src.ingestion: [CANBK.NS] fetching fresh data
2026-08-04 05:47:08,590 [INFO] src.ingestion: [UNIONBANK.NS] fetching fresh data
2026-08-04 05:47:09,494 [INFO] src.ingestion: [AUBANK.NS] fetching fresh data
2026-08-04 05:47:10,344 [INFO] src.ingestion: [RBLBANK.NS] fetching fresh data
2026-08-04 05:47:11,283 [INFO] src.ingestion: [BANKINDIA.NS] fetching fresh data
2026-08-04 05:47:12,156 [INFO] src.ingestion: [CENTRALBK.NS] fetching fresh data
2026-08-04 05:47:13,000 [INFO] src.ingestion: [IOB.NS] fetching fresh data
2026-08-04 05:47:13,942 [INFO] src.ingestion: [UCOBANK.NS] fetching fresh data
2026-08-04 05:47:14,858 [INFO] src.ingestion: [BAJFINANCE.NS] fetching fresh data
2026-08-04 05:47:15,875 [INFO] src.ingestion: [BAJAJFINSV.NS] fetching fresh data
2026-08-04 05:47:16,787 [INFO] src.ingestion: [CHOLAFIN.NS] fetching fresh data
2026-08-04 05:47:17,662 [INFO] src.ingestion: [MUTHOOTFIN.NS] fetching fresh data
2026-08-04 05:47:18,525 [INFO] src.ingestion: [LICHSGFIN.NS] fetching fresh data
2026-08-04 05:47:19,367 [INFO] src.ingestion: [SHRIRAMFIN.NS] fetching fresh data
2026-08-04 05:47:20,336 [INFO] src.ingestion: [PFC.NS] fetching fresh data
2026-08-04 05:47:21,168 [INFO] src.ingestion: [RECLTD.NS] fetching fresh data
2026-08-04 05:47:22,081 [INFO] src.ingestion: [IRFC.NS] fetching fresh data
2026-08-04 05:47:23,031 [INFO] src.ingestion: [HUDCO.NS] fetching fresh data
2026-08-04 05:47:23,803 [INFO] src.ingestion: [BAJAJHLDNG.NS] fetching fresh data
2026-08-04 05:47:24,801 [INFO] src.ingestion: [SBICARD.NS] fetching fresh data
2026-08-04 05:47:25,792 [INFO] src.ingestion: [MANAPPURAM.NS] fetching fresh data
2026-08-04 05:47:26,617 [INFO] src.ingestion: [POONAWALLA.NS] fetching fresh data
2026-08-04 05:47:27,538 [INFO] src.ingestion: [HDFCLIFE.NS] fetching fresh data
2026-08-04 05:47:28,374 [INFO] src.ingestion: [SBILIFE.NS] fetching fresh data
2026-08-04 05:47:29,268 [INFO] src.ingestion: [ICICIPRULI.NS] fetching fresh data
2026-08-04 05:47:30,130 [INFO] src.ingestion: [ICICIGI.NS] fetching fresh data
2026-08-04 05:47:31,082 [INFO] src.ingestion: [LICI.NS] fetching fresh data
2026-08-04 05:47:32,034 [INFO] src.ingestion: [GICRE.NS] fetching fresh data
2026-08-04 05:47:32,961 [INFO] src.ingestion: [MARUTI.NS] fetching fresh data
2026-08-04 05:47:33,858 [INFO] src.ingestion: [TMPV.NS] fetching fresh data
2026-08-04 05:47:34,869 [INFO] src.ingestion: [TMCV.NS] fetching fresh data
2026-08-04 05:47:35,682 [INFO] src.ingestion: [M&M.NS] fetching fresh data
2026-08-04 05:47:36,506 [INFO] src.ingestion: [EICHERMOT.NS] fetching fresh data
2026-08-04 05:47:37,412 [INFO] src.ingestion: [HEROMOTOCO.NS] fetching fresh data
2026-08-04 05:47:38,357 [INFO] src.ingestion: [BAJAJ-AUTO.NS] fetching fresh data
2026-08-04 05:47:39,285 [INFO] src.ingestion: [TVSMOTOR.NS] fetching fresh data
2026-08-04 05:47:40,254 [INFO] src.ingestion: [ASHOKLEY.NS] fetching fresh data
2026-08-04 05:47:41,297 [INFO] src.ingestion: [BHARATFORG.NS] fetching fresh data
2026-08-04 05:47:42,110 [INFO] src.ingestion: [MOTHERSON.NS] fetching fresh data
2026-08-04 05:47:42,965 [INFO] src.ingestion: [BOSCHLTD.NS] fetching fresh data
2026-08-04 05:47:43,764 [INFO] src.ingestion: [MRF.NS] fetching fresh data
2026-08-04 05:47:44,632 [INFO] src.ingestion: [ENDURANCE.NS] fetching fresh data
2026-08-04 05:47:45,533 [INFO] src.ingestion: [EXIDEIND.NS] fetching fresh data
2026-08-04 05:47:46,425 [INFO] src.ingestion: [ARE&M.NS] fetching fresh data
2026-08-04 05:47:47,349 [INFO] src.ingestion: [SUNDRMFAST.NS] fetching fresh data
2026-08-04 05:47:48,280 [INFO] src.ingestion: [UNOMINDA.NS] fetching fresh data
2026-08-04 05:47:49,300 [INFO] src.ingestion: [SUNPHARMA.NS] fetching fresh data
2026-08-04 05:47:50,128 [INFO] src.ingestion: [DRREDDY.NS] fetching fresh data
2026-08-04 05:47:51,123 [INFO] src.ingestion: [CIPLA.NS] fetching fresh data
2026-08-04 05:47:52,022 [INFO] src.ingestion: [DIVISLAB.NS] fetching fresh data
2026-08-04 05:47:52,877 [INFO] src.ingestion: [LUPIN.NS] fetching fresh data
2026-08-04 05:47:53,865 [INFO] src.ingestion: [AUROPHARMA.NS] fetching fresh data
2026-08-04 05:47:54,815 [INFO] src.ingestion: [BIOCON.NS] fetching fresh data
2026-08-04 05:47:55,690 [INFO] src.ingestion: [TORNTPHARM.NS] fetching fresh data
2026-08-04 05:47:56,551 [INFO] src.ingestion: [ALKEM.NS] fetching fresh data
2026-08-04 05:47:57,403 [INFO] src.ingestion: [ABBOTINDIA.NS] fetching fresh data
2026-08-04 05:47:58,210 [INFO] src.ingestion: [APOLLOHOSP.NS] fetching fresh data
2026-08-04 05:47:59,134 [INFO] src.ingestion: [FORTIS.NS] fetching fresh data
2026-08-04 05:48:00,072 [INFO] src.ingestion: [LALPATHLAB.NS] fetching fresh data
2026-08-04 05:48:01,000 [INFO] src.ingestion: [METROPOLIS.NS] fetching fresh data
2026-08-04 05:48:01,795 [INFO] src.ingestion: [GLAND.NS] fetching fresh data
2026-08-04 05:48:02,758 [INFO] src.ingestion: [LAURUSLABS.NS] fetching fresh data
2026-08-04 05:48:03,698 [INFO] src.ingestion: [GLENMARK.NS] fetching fresh data
2026-08-04 05:48:04,673 [INFO] src.ingestion: [IPCALAB.NS] fetching fresh data
2026-08-04 05:48:05,545 [INFO] src.ingestion: [HINDUNILVR.NS] fetching fresh data
2026-08-04 05:48:06,671 [INFO] src.ingestion: [ITC.NS] fetching fresh data
2026-08-04 05:48:07,479 [INFO] src.ingestion: [NESTLEIND.NS] fetching fresh data
2026-08-04 05:48:08,273 [INFO] src.ingestion: [BRITANNIA.NS] fetching fresh data
2026-08-04 05:48:09,337 [INFO] src.ingestion: [DABUR.NS] fetching fresh data
2026-08-04 05:48:10,164 [INFO] src.ingestion: [GODREJCP.NS] fetching fresh data
2026-08-04 05:48:11,092 [INFO] src.ingestion: [MARICO.NS] fetching fresh data
2026-08-04 05:48:12,142 [INFO] src.ingestion: [COLPAL.NS] fetching fresh data
2026-08-04 05:48:13,057 [INFO] src.ingestion: [TATACONSUM.NS] fetching fresh data
2026-08-04 05:48:13,987 [INFO] src.ingestion: [VBL.NS] fetching fresh data
2026-08-04 05:48:14,975 [INFO] src.ingestion: [UNITDSPR.NS] fetching fresh data
2026-08-04 05:48:15,880 [INFO] src.ingestion: [EMAMILTD.NS] fetching fresh data
2026-08-04 05:48:16,720 [INFO] src.ingestion: [TATASTEEL.NS] fetching fresh data
2026-08-04 05:48:17,494 [INFO] src.ingestion: [JSWSTEEL.NS] fetching fresh data
2026-08-04 05:48:18,262 [INFO] src.ingestion: [HINDALCO.NS] fetching fresh data
2026-08-04 05:48:19,094 [INFO] src.ingestion: [VEDL.NS] fetching fresh data
2026-08-04 05:48:19,997 [INFO] src.ingestion: [COALINDIA.NS] fetching fresh data
2026-08-04 05:48:21,043 [INFO] src.ingestion: [NMDC.NS] fetching fresh data
2026-08-04 05:48:21,993 [INFO] src.ingestion: [SAIL.NS] fetching fresh data
2026-08-04 05:48:22,953 [INFO] src.ingestion: [JINDALSTEL.NS] fetching fresh data
2026-08-04 05:48:23,795 [INFO] src.ingestion: [APLAPOLLO.NS] fetching fresh data
2026-08-04 05:48:24,785 [INFO] src.ingestion: [NATIONALUM.NS] fetching fresh data
2026-08-04 05:48:25,601 [INFO] src.ingestion: [HINDCOPPER.NS] fetching fresh data
2026-08-04 05:48:26,527 [INFO] src.ingestion: [RATNAMANI.NS] fetching fresh data
2026-08-04 05:48:27,469 [INFO] src.ingestion: [HINDZINC.NS] fetching fresh data
2026-08-04 05:48:28,366 [INFO] src.ingestion: [WELCORP.NS] fetching fresh data
2026-08-04 05:48:29,282 [INFO] src.ingestion: [JSL.NS] fetching fresh data
2026-08-04 05:48:30,271 [INFO] src.ingestion: [RELIANCE.NS] fetching fresh data
2026-08-04 05:48:31,340 [INFO] src.ingestion: [ONGC.NS] fetching fresh data
2026-08-04 05:48:32,219 [INFO] src.ingestion: [BPCL.NS] fetching fresh data
2026-08-04 05:48:33,130 [INFO] src.ingestion: [IOC.NS] fetching fresh data
2026-08-04 05:48:34,009 [INFO] src.ingestion: [GAIL.NS] fetching fresh data
2026-08-04 05:48:34,929 [INFO] src.ingestion: [NTPC.NS] fetching fresh data
2026-08-04 05:48:35,895 [INFO] src.ingestion: [POWERGRID.NS] fetching fresh data
2026-08-04 05:48:36,924 [INFO] src.ingestion: [TATAPOWER.NS] fetching fresh data
2026-08-04 05:48:37,989 [INFO] src.ingestion: [ADANIGREEN.NS] fetching fresh data
2026-08-04 05:48:38,865 [INFO] src.ingestion: [ADANIPOWER.NS] fetching fresh data
2026-08-04 05:48:39,806 [INFO] src.ingestion: [TORNTPOWER.NS] fetching fresh data
2026-08-04 05:48:40,672 [INFO] src.ingestion: [LT.NS] fetching fresh data
2026-08-04 05:48:41,577 [INFO] src.ingestion: [SIEMENS.NS] fetching fresh data
2026-08-04 05:48:42,523 [INFO] src.ingestion: [ABB.NS] fetching fresh data
2026-08-04 05:48:43,595 [INFO] src.ingestion: [HAL.NS] fetching fresh data
2026-08-04 05:48:44,546 [INFO] src.ingestion: [BEL.NS] fetching fresh data
2026-08-04 05:48:45,464 [INFO] src.ingestion: [BHEL.NS] fetching fresh data
2026-08-04 05:48:46,310 [INFO] src.ingestion: [CUMMINSIND.NS] fetching fresh data
2026-08-04 05:48:47,253 [INFO] src.ingestion: [THERMAX.NS] fetching fresh data
2026-08-04 05:48:48,223 [INFO] src.ingestion: [POLYCAB.NS] fetching fresh data
2026-08-04 05:48:49,116 [INFO] src.ingestion: [KEI.NS] fetching fresh data
2026-08-04 05:48:49,972 [INFO] src.ingestion: [HAVELLS.NS] fetching fresh data
2026-08-04 05:48:50,944 [INFO] src.ingestion: [CROMPTON.NS] fetching fresh data
2026-08-04 05:48:51,850 [INFO] src.ingestion: [SUPREMEIND.NS] fetching fresh data
2026-08-04 05:48:52,729 [INFO] src.ingestion: [ASTRAL.NS] fetching fresh data
2026-08-04 05:48:53,717 [INFO] src.ingestion: [GRINDWELL.NS] fetching fresh data
2026-08-04 05:48:54,658 [INFO] src.ingestion: [CARBORUNIV.NS] fetching fresh data
2026-08-04 05:48:55,474 [INFO] src.ingestion: [TIMKEN.NS] fetching fresh data
2026-08-04 05:48:56,396 [INFO] src.ingestion: [SKFINDIA.NS] fetching fresh data
2026-08-04 05:48:57,459 [INFO] src.ingestion: [SRF.NS] fetching fresh data
2026-08-04 05:48:58,340 [INFO] src.ingestion: [PIIND.NS] fetching fresh data
2026-08-04 05:48:59,258 [INFO] src.ingestion: [DEEPAKNTR.NS] fetching fresh data
2026-08-04 05:49:00,298 [INFO] src.ingestion: [AARTIIND.NS] fetching fresh data
2026-08-04 05:49:01,173 [INFO] src.ingestion: [NAVINFLUOR.NS] fetching fresh data
2026-08-04 05:49:02,178 [INFO] src.ingestion: [UPL.NS] fetching fresh data
2026-08-04 05:49:03,053 [INFO] src.ingestion: [COROMANDEL.NS] fetching fresh data
2026-08-04 05:49:04,045 [INFO] src.ingestion: [CHAMBLFERT.NS] fetching fresh data
2026-08-04 05:49:04,960 [INFO] src.ingestion: [GNFC.NS] fetching fresh data
2026-08-04 05:49:05,769 [INFO] src.ingestion: [PIDILITIND.NS] fetching fresh data
2026-08-04 05:49:06,696 [INFO] src.ingestion: [TATACHEM.NS] fetching fresh data
2026-08-04 05:49:07,700 [INFO] src.ingestion: [GHCL.NS] fetching fresh data
2026-08-04 05:49:08,714 [INFO] src.ingestion: [TITAN.NS] fetching fresh data
2026-08-04 05:49:09,635 [INFO] src.ingestion: [DMART.NS] fetching fresh data
2026-08-04 05:49:10,470 [INFO] src.ingestion: [TRENT.NS] fetching fresh data
2026-08-04 05:49:11,467 [INFO] src.ingestion: [BATAINDIA.NS] fetching fresh data
2026-08-04 05:49:12,553 [INFO] src.ingestion: [PAGEIND.NS] fetching fresh data
2026-08-04 05:49:13,471 [INFO] src.ingestion: [JUBLFOOD.NS] fetching fresh data
2026-08-04 05:49:14,414 [INFO] src.ingestion: [VOLTAS.NS] fetching fresh data
2026-08-04 05:49:15,366 [INFO] src.ingestion: [DIXON.NS] fetching fresh data
2026-08-04 05:49:16,282 [INFO] src.ingestion: [RELAXO.NS] fetching fresh data
2026-08-04 05:49:17,121 [INFO] src.ingestion: [KAJARIACER.NS] fetching fresh data
2026-08-04 05:49:17,992 [INFO] src.ingestion: [WHIRLPOOL.NS] fetching fresh data
2026-08-04 05:49:18,958 [INFO] src.ingestion: [BLUESTARCO.NS] fetching fresh data
2026-08-04 05:49:19,882 [INFO] src.ingestion: [PGHH.NS] fetching fresh data
2026-08-04 05:49:20,810 [INFO] src.ingestion: [GILLETTE.NS] fetching fresh data
2026-08-04 05:49:21,702 [INFO] src.ingestion: [BHARTIARTL.NS] fetching fresh data
2026-08-04 05:49:22,550 [INFO] src.ingestion: [IDEA.NS] fetching fresh data
2026-08-04 05:49:23,455 [INFO] src.ingestion: [INDUSTOWER.NS] fetching fresh data
2026-08-04 05:49:24,301 [INFO] src.ingestion: [PVRINOX.NS] fetching fresh data
2026-08-04 05:49:25,230 [INFO] src.ingestion: [ZEEL.NS] fetching fresh data
2026-08-04 05:49:26,280 [INFO] src.ingestion: [ADANIPORTS.NS] fetching fresh data
2026-08-04 05:49:27,289 [INFO] src.ingestion: [ADANIENT.NS] fetching fresh data
2026-08-04 05:49:28,251 [INFO] src.ingestion: [GMRAIRPORT.NS] fetching fresh data
2026-08-04 05:49:29,214 [INFO] src.ingestion: [CONCOR.NS] fetching fresh data
2026-08-04 05:49:30,091 [INFO] src.ingestion: [IRCTC.NS] fetching fresh data
2026-08-04 05:49:31,016 [INFO] src.ingestion: [INDIGO.NS] fetching fresh data
2026-08-04 05:49:31,905 [INFO] src.ingestion: [RVNL.NS] fetching fresh data
2026-08-04 05:49:32,759 [INFO] src.ingestion: [IRCON.NS] fetching fresh data
2026-08-04 05:49:33,644 [INFO] src.ingestion: [NBCC.NS] fetching fresh data
2026-08-04 05:49:34,545 [INFO] src.ingestion: [NCC.NS] fetching fresh data
2026-08-04 05:49:35,436 [INFO] src.ingestion: [MAZDOCK.NS] fetching fresh data
2026-08-04 05:49:36,318 [INFO] src.ingestion: [COCHINSHIP.NS] fetching fresh data
2026-08-04 05:49:37,228 [INFO] src.ingestion: [DLF.NS] fetching fresh data
2026-08-04 05:49:38,078 [INFO] src.ingestion: [GODREJPROP.NS] fetching fresh data
2026-08-04 05:49:38,935 [INFO] src.ingestion: [OBEROIRLTY.NS] fetching fresh data
2026-08-04 05:49:39,819 [INFO] src.ingestion: [PRESTIGE.NS] fetching fresh data
2026-08-04 05:49:40,848 [INFO] src.ingestion: [PHOENIXLTD.NS] fetching fresh data
2026-08-04 05:49:41,709 [INFO] src.ingestion: [SOBHA.NS] fetching fresh data
2026-08-04 05:49:42,544 [INFO] src.ingestion: Fetched 200/201 tickers successfully
2026-08-04 05:49:42,544 [WARNING] src.ingestion: Failed tickers (excluded from downstream, not silently zeroed): ['LTIM.NS']
2026-08-04 05:49:42,544 [INFO] __main__: Ingestion validation passed: 200/201 tickers (100%)
2026-08-04 05:49:42,544 [INFO] __main__: === Stage 2/8: Cleaning ===
2026-08-04 05:49:42,552 [WARNING] src.cleaning: [ASHOKLEY.NS] EXCLUDED: missing critical fields: ['market_cap']
2026-08-04 05:49:42,552 [WARNING] src.cleaning: [BIOCON.NS] EXCLUDED: missing critical fields: ['market_cap']
2026-08-04 05:49:42,552 [WARNING] src.cleaning: [BOSCHLTD.NS] EXCLUDED: missing critical fields: ['market_cap']
2026-08-04 05:49:42,552 [WARNING] src.cleaning: [CROMPTON.NS] EXCLUDED: missing critical fields: ['trailing_pe']
2026-08-04 05:49:42,552 [WARNING] src.cleaning: [INDIGO.NS] EXCLUDED: missing critical fields: ['trailing_pe']
2026-08-04 05:49:42,552 [WARNING] src.cleaning: [IOC.NS] EXCLUDED: missing critical fields: ['market_cap']
2026-08-04 05:49:42,552 [WARNING] src.cleaning: [JUBLFOOD.NS] EXCLUDED: missing critical fields: ['market_cap']
2026-08-04 05:49:42,552 [WARNING] src.cleaning: [LTIM.NS] EXCLUDED: ingestion failed: yfinance returned an empty info payload for LTIM.NS (no exception, but no usable data — likely a transient Yahoo-side issue or an invalid/delisted symbol)
2026-08-04 05:49:42,553 [WARNING] src.cleaning: [RECLTD.NS] EXCLUDED: missing critical fields: ['market_cap']
2026-08-04 05:49:42,553 [WARNING] src.cleaning: [RELIANCE.NS] EXCLUDED: missing critical fields: ['market_cap']
2026-08-04 05:49:42,553 [WARNING] src.cleaning: [TATACHEM.NS] EXCLUDED: missing critical fields: ['trailing_pe']
2026-08-04 05:49:42,553 [WARNING] src.cleaning: [TCS.NS] EXCLUDED: missing critical fields: ['market_cap']
2026-08-04 05:49:42,553 [WARNING] src.cleaning: [TMPV.NS] EXCLUDED: missing critical fields: ['trailing_pe']
2026-08-04 05:49:42,553 [WARNING] src.cleaning: [TVSMOTOR.NS] EXCLUDED: missing critical fields: ['market_cap']
2026-08-04 05:49:42,553 [INFO] src.cleaning: [AARTIIND.NS] non-critical missing fields: ['return_on_equity']
2026-08-04 05:49:42,553 [INFO] src.cleaning: [ACC.NS] non-critical missing fields: ['return_on_equity']
2026-08-04 05:49:42,553 [INFO] src.cleaning: [ADANIENT.NS] non-critical missing fields: ['return_on_equity']
2026-08-04 05:49:42,553 [INFO] src.cleaning: [ADANIGREEN.NS] non-critical missing fields: ['return_on_equity']
2026-08-04 05:49:42,553 [INFO] src.cleaning: [ADANIPORTS.NS] non-critical missing fields: ['return_on_equity']
2026-08-04 05:49:42,553 [INFO] src.cleaning: [ADANIPOWER.NS] non-critical missing fields: ['return_on_equity']
2026-08-04 05:49:42,553 [INFO] src.cleaning: [AMBUJACEM.NS] non-critical missing fields: ['return_on_equity']
2026-08-04 05:49:42,553 [INFO] src.cleaning: [APLAPOLLO.NS] non-critical missing fields: ['return_on_equity']
2026-08-04 05:49:42,553 [INFO] src.cleaning: [AUBANK.NS] non-critical missing fields: ['ev_to_ebitda', 'return_on_equity', 'debt_to_equity']
2026-08-04 05:49:42,553 [INFO] src.cleaning: [AXISBANK.NS] non-critical missing fields: ['ev_to_ebitda', 'debt_to_equity']
2026-08-04 05:49:42,554 [INFO] src.cleaning: [BAJAJ-AUTO.NS] non-critical missing fields: ['return_on_equity']
2026-08-04 05:49:42,554 [INFO] src.cleaning: [BAJAJFINSV.NS] non-critical missing fields: ['return_on_equity']
2026-08-04 05:49:42,554 [WARNING] src.cleaning: [BAJAJHLDNG.NS] outlier values flagged: ['net_margin']
2026-08-04 05:49:42,554 [INFO] src.cleaning: [BAJFINANCE.NS] non-critical missing fields: ['ev_to_ebitda', 'return_on_equity']
2026-08-04 05:49:42,554 [INFO] src.cleaning: [BANDHANBNK.NS] non-critical missing fields: ['ev_to_ebitda', 'return_on_equity', 'debt_to_equity']
2026-08-04 05:49:42,554 [INFO] src.cleaning: [BANKBARODA.NS] non-critical missing fields: ['ev_to_ebitda', 'debt_to_equity']
2026-08-04 05:49:42,554 [INFO] src.cleaning: [BANKINDIA.NS] non-critical missing fields: ['ev_to_ebitda', 'debt_to_equity']
2026-08-04 05:49:42,554 [INFO] src.cleaning: [BEL.NS] non-critical missing fields: ['return_on_equity']
2026-08-04 05:49:42,554 [INFO] src.cleaning: [BHEL.NS] non-critical missing fields: ['return_on_equity']
2026-08-04 05:49:42,554 [INFO] src.cleaning: [BPCL.NS] non-critical missing fields: ['return_on_equity']
2026-08-04 05:49:42,554 [INFO] src.cleaning: [CANBK.NS] non-critical missing fields: ['ev_to_ebitda', 'return_on_equity', 'debt_to_equity']
2026-08-04 05:49:42,554 [INFO] src.cleaning: [CENTRALBK.NS] non-critical missing fields: ['ev_to_ebitda', 'debt_to_equity']
2026-08-04 05:49:42,554 [INFO] src.cleaning: [CHAMBLFERT.NS] non-critical missing fields: ['return_on_equity']
2026-08-04 05:49:42,554 [INFO] src.cleaning: [CHOLAFIN.NS] non-critical missing fields: ['ev_to_ebitda', 'return_on_equity']
2026-08-04 05:49:42,554 [INFO] src.cleaning: [CIPLA.NS] non-critical missing fields: ['return_on_equity']
2026-08-04 05:49:42,554 [INFO] src.cleaning: [COALINDIA.NS] non-critical missing fields: ['return_on_equity']
2026-08-04 05:49:42,554 [INFO] src.cleaning: [COFORGE.NS] non-critical missing fields: ['return_on_equity']
2026-08-04 05:49:42,554 [INFO] src.cleaning: [COLPAL.NS] non-critical missing fields: ['return_on_equity']
2026-08-04 05:49:42,554 [INFO] src.cleaning: [CONCOR.NS] non-critical missing fields: ['return_on_equity']
2026-08-04 05:49:42,554 [INFO] src.cleaning: [COROMANDEL.NS] non-critical missing fields: ['return_on_equity']
2026-08-04 05:49:42,554 [INFO] src.cleaning: [CYIENT.NS] non-critical missing fields: ['return_on_equity']
2026-08-04 05:49:42,554 [INFO] src.cleaning: [DABUR.NS] non-critical missing fields: ['return_on_equity']
2026-08-04 05:49:42,554 [INFO] src.cleaning: [DALBHARAT.NS] non-critical missing fields: ['return_on_equity']
2026-08-04 05:49:42,554 [INFO] src.cleaning: [DIVISLAB.NS] non-critical missing fields: ['return_on_equity']
2026-08-04 05:49:42,554 [INFO] src.cleaning: [DIXON.NS] non-critical missing fields: ['return_on_equity']
2026-08-04 05:49:42,554 [INFO] src.cleaning: [DMART.NS] non-critical missing fields: ['return_on_equity']
2026-08-04 05:49:42,554 [INFO] src.cleaning: [EICHERMOT.NS] non-critical missing fields: ['return_on_equity']
2026-08-04 05:49:42,554 [INFO] src.cleaning: [EXIDEIND.NS] non-critical missing fields: ['return_on_equity']
2026-08-04 05:49:42,554 [INFO] src.cleaning: [FEDERALBNK.NS] non-critical missing fields: ['ev_to_ebitda', 'return_on_equity', 'debt_to_equity']
2026-08-04 05:49:42,554 [INFO] src.cleaning: [GAIL.NS] non-critical missing fields: ['return_on_equity']
2026-08-04 05:49:42,554 [INFO] src.cleaning: [GHCL.NS] non-critical missing fields: ['return_on_equity']
2026-08-04 05:49:42,554 [INFO] src.cleaning: [GICRE.NS] non-critical missing fields: ['debt_to_equity']
2026-08-04 05:49:42,554 [INFO] src.cleaning: [GILLETTE.NS] non-critical missing fields: ['return_on_equity']
2026-08-04 05:49:42,555 [INFO] src.cleaning: [GLENMARK.NS] non-critical missing fields: ['return_on_equity']
2026-08-04 05:49:42,555 [WARNING] src.cleaning: [GMRAIRPORT.NS] outlier values flagged: ['trailing_pe']
2026-08-04 05:49:42,555 [WARNING] src.cleaning: [GMRAIRPORT.NS] negative/zero equity — DuPont ROE math will be invalid downstream
2026-08-04 05:49:42,555 [INFO] src.cleaning: [GMRAIRPORT.NS] non-critical missing fields: ['return_on_equity', 'debt_to_equity']
2026-08-04 05:49:42,555 [INFO] src.cleaning: [GRINDWELL.NS] non-critical missing fields: ['return_on_equity']
2026-08-04 05:49:42,555 [INFO] src.cleaning: [HAVELLS.NS] non-critical missing fields: ['return_on_equity']
2026-08-04 05:49:42,555 [WARNING] src.cleaning: [HCLTECH.NS] outlier values flagged: ['ev_to_ebitda']
2026-08-04 05:49:42,555 [INFO] src.cleaning: [HDFCBANK.NS] non-critical missing fields: ['ev_to_ebitda', 'debt_to_equity']
2026-08-04 05:49:42,555 [INFO] src.cleaning: [HEIDELBERG.NS] non-critical missing fields: ['return_on_equity']
2026-08-04 05:49:42,555 [INFO] src.cleaning: [HINDUNILVR.NS] non-critical missing fields: ['return_on_equity']
2026-08-04 05:49:42,555 [INFO] src.cleaning: [HINDZINC.NS] non-critical missing fields: ['return_on_equity']
2026-08-04 05:49:42,555 [INFO] src.cleaning: [HUDCO.NS] non-critical missing fields: ['ev_to_ebitda', 'return_on_equity']
2026-08-04 05:49:42,555 [INFO] src.cleaning: [ICICIBANK.NS] non-critical missing fields: ['ev_to_ebitda', 'debt_to_equity']
2026-08-04 05:49:42,555 [INFO] src.cleaning: [ICICIGI.NS] non-critical missing fields: ['debt_to_equity']
2026-08-04 05:49:42,555 [WARNING] src.cleaning: [IDEA.NS] negative/zero equity — DuPont ROE math will be invalid downstream
2026-08-04 05:49:42,555 [INFO] src.cleaning: [IDEA.NS] non-critical missing fields: ['return_on_equity', 'debt_to_equity']
2026-08-04 05:49:42,555 [INFO] src.cleaning: [IDFCFIRSTB.NS] non-critical missing fields: ['ev_to_ebitda', 'return_on_equity', 'debt_to_equity', 'total_debt']
2026-08-04 05:49:42,555 [INFO] src.cleaning: [INDUSINDBK.NS] non-critical missing fields: ['ev_to_ebitda', 'return_on_equity', 'debt_to_equity']
2026-08-04 05:49:42,555 [WARNING] src.cleaning: [INFY.NS] outlier values flagged: ['ev_to_ebitda']
2026-08-04 05:49:42,555 [INFO] src.cleaning: [IOB.NS] non-critical missing fields: ['ev_to_ebitda', 'debt_to_equity']
2026-08-04 05:49:42,555 [INFO] src.cleaning: [IRFC.NS] non-critical missing fields: ['ev_to_ebitda', 'return_on_equity']
2026-08-04 05:49:42,555 [INFO] src.cleaning: [ITC.NS] non-critical missing fields: ['return_on_equity']
2026-08-04 05:49:42,555 [INFO] src.cleaning: [JINDALSTEL.NS] non-critical missing fields: ['return_on_equity']
2026-08-04 05:49:42,555 [INFO] src.cleaning: [JKCEMENT.NS] non-critical missing fields: ['return_on_equity']
2026-08-04 05:49:42,555 [INFO] src.cleaning: [JSWSTEEL.NS] non-critical missing fields: ['return_on_equity']
2026-08-04 05:49:42,555 [INFO] src.cleaning: [KAJARIACER.NS] non-critical missing fields: ['return_on_equity']
2026-08-04 05:49:42,555 [INFO] src.cleaning: [KOTAKBANK.NS] non-critical missing fields: ['ev_to_ebitda', 'return_on_equity', 'debt_to_equity']
2026-08-04 05:49:42,555 [INFO] src.cleaning: [KPITTECH.NS] non-critical missing fields: ['return_on_equity']
2026-08-04 05:49:42,555 [INFO] src.cleaning: [LALPATHLAB.NS] non-critical missing fields: ['return_on_equity']
2026-08-04 05:49:42,555 [INFO] src.cleaning: [LAURUSLABS.NS] non-critical missing fields: ['return_on_equity']
2026-08-04 05:49:42,555 [INFO] src.cleaning: [LICHSGFIN.NS] non-critical missing fields: ['ev_to_ebitda', 'return_on_equity']
2026-08-04 05:49:42,555 [INFO] src.cleaning: [LTTS.NS] non-critical missing fields: ['return_on_equity']
2026-08-04 05:49:42,555 [INFO] src.cleaning: [LT.NS] non-critical missing fields: ['return_on_equity']
2026-08-04 05:49:42,556 [INFO] src.cleaning: [M&M.NS] non-critical missing fields: ['return_on_equity']
2026-08-04 05:49:42,556 [INFO] src.cleaning: [MANAPPURAM.NS] non-critical missing fields: ['ev_to_ebitda']
2026-08-04 05:49:42,556 [INFO] src.cleaning: [MARUTI.NS] non-critical missing fields: ['return_on_equity']
2026-08-04 05:49:42,556 [INFO] src.cleaning: [MAZDOCK.NS] non-critical missing fields: ['return_on_equity']
2026-08-04 05:49:42,556 [INFO] src.cleaning: [MUTHOOTFIN.NS] non-critical missing fields: ['ev_to_ebitda']
2026-08-04 05:49:42,556 [INFO] src.cleaning: [NATIONALUM.NS] non-critical missing fields: ['return_on_equity']
2026-08-04 05:49:42,556 [INFO] src.cleaning: [NESTLEIND.NS] non-critical missing fields: ['return_on_equity']
2026-08-04 05:49:42,556 [INFO] src.cleaning: [NTPC.NS] non-critical missing fields: ['return_on_equity']
2026-08-04 05:49:42,556 [INFO] src.cleaning: [OBEROIRLTY.NS] non-critical missing fields: ['return_on_equity']
2026-08-04 05:49:42,556 [INFO] src.cleaning: [PERSISTENT.NS] non-critical missing fields: ['return_on_equity']
2026-08-04 05:49:42,556 [INFO] src.cleaning: [PFC.NS] non-critical missing fields: ['ev_to_ebitda']
2026-08-04 05:49:42,556 [INFO] src.cleaning: [PGHH.NS] non-critical missing fields: ['return_on_equity']
2026-08-04 05:49:42,556 [INFO] src.cleaning: [PHOENIXLTD.NS] non-critical missing fields: ['return_on_equity']
2026-08-04 05:49:42,556 [INFO] src.cleaning: [PNB.NS] non-critical missing fields: ['ev_to_ebitda', 'debt_to_equity']
2026-08-04 05:49:42,556 [INFO] src.cleaning: [POONAWALLA.NS] non-critical missing fields: ['ev_to_ebitda', 'return_on_equity']
2026-08-04 05:49:42,556 [INFO] src.cleaning: [PVRINOX.NS] non-critical missing fields: ['return_on_equity']
2026-08-04 05:49:42,556 [INFO] src.cleaning: [RBLBANK.NS] non-critical missing fields: ['ev_to_ebitda', 'return_on_equity', 'debt_to_equity']
2026-08-04 05:49:42,556 [INFO] src.cleaning: [SAIL.NS] non-critical missing fields: ['return_on_equity']
2026-08-04 05:49:42,556 [INFO] src.cleaning: [SBICARD.NS] non-critical missing fields: ['ev_to_ebitda', 'return_on_equity']
2026-08-04 05:49:42,556 [INFO] src.cleaning: [SBILIFE.NS] non-critical missing fields: ['debt_to_equity']
2026-08-04 05:49:42,556 [INFO] src.cleaning: [SBIN.NS] non-critical missing fields: ['ev_to_ebitda', 'debt_to_equity']
2026-08-04 05:49:42,556 [INFO] src.cleaning: [SHREECEM.NS] non-critical missing fields: ['return_on_equity']
2026-08-04 05:49:42,556 [INFO] src.cleaning: [SHRIRAMFIN.NS] non-critical missing fields: ['ev_to_ebitda']
2026-08-04 05:49:42,556 [INFO] src.cleaning: [SIEMENS.NS] non-critical missing fields: ['return_on_equity']
2026-08-04 05:49:42,556 [INFO] src.cleaning: [SOBHA.NS] non-critical missing fields: ['return_on_equity']
2026-08-04 05:49:42,556 [INFO] src.cleaning: [SRF.NS] non-critical missing fields: ['return_on_equity']
2026-08-04 05:49:42,556 [INFO] src.cleaning: [SUNPHARMA.NS] non-critical missing fields: ['return_on_equity']
2026-08-04 05:49:42,556 [INFO] src.cleaning: [SUPREMEIND.NS] non-critical missing fields: ['return_on_equity']
2026-08-04 05:49:42,556 [INFO] src.cleaning: [TATACONSUM.NS] non-critical missing fields: ['return_on_equity']
2026-08-04 05:49:42,556 [INFO] src.cleaning: [TATAELXSI.NS] non-critical missing fields: ['return_on_equity']
2026-08-04 05:49:42,556 [INFO] src.cleaning: [TATAPOWER.NS] non-critical missing fields: ['return_on_equity']
2026-08-04 05:49:42,556 [INFO] src.cleaning: [TATASTEEL.NS] non-critical missing fields: ['return_on_equity']
2026-08-04 05:49:42,556 [INFO] src.cleaning: [TECHM.NS] non-critical missing fields: ['return_on_equity']
2026-08-04 05:49:42,556 [INFO] src.cleaning: [THERMAX.NS] non-critical missing fields: ['return_on_equity']
2026-08-04 05:49:42,556 [INFO] src.cleaning: [TORNTPHARM.NS] non-critical missing fields: ['return_on_equity']
2026-08-04 05:49:42,557 [INFO] src.cleaning: [UCOBANK.NS] non-critical missing fields: ['ev_to_ebitda', 'debt_to_equity']
2026-08-04 05:49:42,557 [INFO] src.cleaning: [ULTRACEMCO.NS] non-critical missing fields: ['return_on_equity']
2026-08-04 05:49:42,557 [INFO] src.cleaning: [UNIONBANK.NS] non-critical missing fields: ['ev_to_ebitda', 'debt_to_equity', 'revenue_growth', 'total_debt']
2026-08-04 05:49:42,557 [INFO] src.cleaning: [UNITDSPR.NS] non-critical missing fields: ['return_on_equity']
2026-08-04 05:49:42,557 [INFO] src.cleaning: [VEDL.NS] non-critical missing fields: ['return_on_equity']
2026-08-04 05:49:42,557 [INFO] src.cleaning: [WELCORP.NS] non-critical missing fields: ['return_on_equity']
2026-08-04 05:49:42,567 [INFO] src.cleaning: Cleaned 187/201 tickers -> data/processed/cleaned_universe.csv
2026-08-04 05:49:42,567 [INFO] src.cleaning: Full flag audit trail -> data/processed/cleaning_flags.csv
2026-08-04 05:49:42,567 [INFO] __main__: Cleaning validation passed: 187/201 tickers retained (93%)
2026-08-04 05:49:42,567 [INFO] __main__: === Stage 3/8: Scoring ===
2026-08-04 05:49:42,622 [INFO] src.scoring: Scored 187 companies -> data/processed/scored_universe.csv
2026-08-04 05:49:42,622 [INFO] src.scoring: Top 10 shortlist -> data/processed/shortlist_top_n.csv
2026-08-04 05:49:42,623 [WARNING] src.scoring: 24 companies scored on fewer than all 4 buckets (reweighted, not zero-filled) — see 'buckets_used' column: ['UNIONBANK.NS', 'IOB.NS', 'BANKINDIA.NS', 'CANBK.NS', 'PNB.NS', 'IDEA.NS', 'ICICIGI.NS', 'GICRE.NS', 'FEDERALBNK.NS', 'UCOBANK.NS', 'BANKBARODA.NS', 'SBIN.NS', 'AXISBANK.NS', 'KOTAKBANK.NS', 'ICICIBANK.NS', 'CENTRALBK.NS', 'HDFCBANK.NS', 'SBILIFE.NS', 'GMRAIRPORT.NS', 'AUBANK.NS', 'BANDHANBNK.NS', 'IDFCFIRSTB.NS', 'RBLBANK.NS', 'INDUSINDBK.NS']
2026-08-04 05:49:42,624 [INFO] __main__: Scoring validation passed: 187 companies ranked, all scores in valid range
2026-08-04 05:49:42,624 [INFO] __main__: === Stage 4/8: Comps + DuPont ===
2026-08-04 05:49:42,634 [INFO] src.comps_dupont: Comps + DuPont report for top 10 -> data/processed/comps_dupont_report.csv
2026-08-04 05:49:42,635 [WARNING] src.comps_dupont: 1 companies have a DuPont-implied ROE that diverges >5pp from reported ROE (possible data inconsistency, worth a manual check): ['IOB.NS']
2026-08-04 05:49:42,635 [INFO] __main__: === Stage 5/8: Explainability ===
2026-08-04 05:49:42,667 [INFO] src.explainability: Explanations for top 10 companies -> data/processed/explanations.csv
2026-08-04 05:49:42,667 [INFO] __main__: === Stage 6/8: Baseline Comparison ===
2026-08-04 05:49:42,674 [INFO] src.baseline_comparison: Baseline comparison -> data/processed/baseline_comparison.csv
2026-08-04 05:49:42,674 [INFO] __main__: === Stage 7/8: Acquisition Likelihood ===
2026-08-04 05:49:42,677 [INFO] src.acquisition_likelihood: 2 companies excluded from acquisition-likelihood scoring (negative/zero equity — financial distress, not a value-target thesis): ['IDEA.NS', 'GMRAIRPORT.NS']
2026-08-04 05:49:42,687 [INFO] src.acquisition_likelihood: Acquisition likelihood scoring -> data/processed/acquisition_likelihood.csv
2026-08-04 05:49:42,687 [INFO] __main__: === Stage 8/8: Historical Snapshot ===
2026-08-04 05:49:42,692 [INFO] src.history_tracker: Recorded shortlist snapshot for 2026-08-04 (10 companies) -> data/history/shortlist_history.csv (1 distinct days tracked so far)
2026-08-04 05:49:42,695 [INFO] src.history_tracker: Recorded acquisition-likelihood snapshot for 2026-08-04 (10 companies) -> data/history/acquisition_likelihood_history.csv (1 distinct days tracked so far)
2026-08-04 05:49:42,695 [INFO] __main__: === Pipeline completed successfully ===
2026-08-04 05:49:42,695 [INFO] __main__:   ingestion: {'total': 201, 'ok': 200}
2026-08-04 05:49:42,695 [INFO] __main__:   cleaning: {'retained': 187, 'input': 201}
2026-08-04 05:49:42,695 [INFO] __main__:   scoring: {'ranked': 187}
2026-08-04 05:49:42,695 [INFO] __main__:   comps_dupont: {'companies': 10}
2026-08-04 05:49:42,695 [INFO] __main__:   explainability: {'companies': 10}
2026-08-04 05:49:42,696 [INFO] __main__:   baseline_comparison: {'correlation': np.float64(0.457094461919041), 'overlap_pct': 0.1}
2026-08-04 05:49:42,696 [INFO] __main__:   acquisition_likelihood: {'companies': 10}
2026-08-04 05:49:42,696 [INFO] __main__:   history_tracker: {'recorded': True}
