2026-08-27 13:49:31,294 [INFO] __main__: Logging to file: logs/pipeline_run_2026-08-27T13-49-31Z.log
2026-08-27 13:49:31,294 [INFO] __main__: === Stage 1/8: Ingestion ===
2026-08-27 13:49:31,325 [INFO] src.ingestion: [ACC.NS] fetching fresh data
2026-08-27 13:49:32,446 [INFO] src.ingestion: [AMBUJACEM.NS] fetching fresh data
2026-08-27 13:49:33,421 [INFO] src.ingestion: [ULTRACEMCO.NS] fetching fresh data
2026-08-27 13:49:34,443 [INFO] src.ingestion: [SHREECEM.NS] fetching fresh data
2026-08-27 13:49:35,549 [INFO] src.ingestion: [JKCEMENT.NS] fetching fresh data
2026-08-27 13:49:36,560 [INFO] src.ingestion: [RAMCOCEM.NS] fetching fresh data
2026-08-27 13:49:37,519 [INFO] src.ingestion: [HEIDELBERG.NS] fetching fresh data
2026-08-27 13:49:38,536 [INFO] src.ingestion: [DALBHARAT.NS] fetching fresh data
2026-08-27 13:49:39,558 [INFO] src.ingestion: [INFY.NS] fetching fresh data
2026-08-27 13:49:40,490 [INFO] src.ingestion: [TCS.NS] fetching fresh data
2026-08-27 13:49:41,593 [INFO] src.ingestion: [WIPRO.NS] fetching fresh data
2026-08-27 13:49:42,518 [INFO] src.ingestion: [HCLTECH.NS] fetching fresh data
2026-08-27 13:49:43,480 [INFO] src.ingestion: [TECHM.NS] fetching fresh data
2026-08-27 13:49:44,457 [INFO] src.ingestion: [LTIM.NS] fetching fresh data
2026-08-27 13:49:44,637 [ERROR] yfinance: HTTP Error 404: {"quoteSummary":{"result":null,"error":{"code":"Not Found","description":"Quote not found for symbol: LTIM.NS"}}}
2026-08-27 13:49:44,767 [WARNING] src.ingestion: [LTIM.NS] attempt 1 failed: yfinance returned an empty info payload for LTIM.NS (no exception, but no usable data — likely a transient Yahoo-side issue or an invalid/delisted symbol)
2026-08-27 13:49:46,974 [ERROR] yfinance: HTTP Error 404: {"quoteSummary":{"result":null,"error":{"code":"Not Found","description":"Quote not found for symbol: LTIM.NS"}}}
2026-08-27 13:49:47,026 [WARNING] src.ingestion: [LTIM.NS] attempt 2 failed: yfinance returned an empty info payload for LTIM.NS (no exception, but no usable data — likely a transient Yahoo-side issue or an invalid/delisted symbol)
2026-08-27 13:49:51,179 [ERROR] yfinance: HTTP Error 404: {"quoteSummary":{"result":null,"error":{"code":"Not Found","description":"Quote not found for symbol: LTIM.NS"}}}
2026-08-27 13:49:51,256 [WARNING] src.ingestion: [LTIM.NS] attempt 3 failed: yfinance returned an empty info payload for LTIM.NS (no exception, but no usable data — likely a transient Yahoo-side issue or an invalid/delisted symbol)
2026-08-27 13:49:51,656 [INFO] src.ingestion: [PERSISTENT.NS] fetching fresh data
2026-08-27 13:49:52,674 [INFO] src.ingestion: [COFORGE.NS] fetching fresh data
2026-08-27 13:49:53,616 [INFO] src.ingestion: [MPHASIS.NS] fetching fresh data
2026-08-27 13:49:54,634 [INFO] src.ingestion: [LTTS.NS] fetching fresh data
2026-08-27 13:49:55,594 [INFO] src.ingestion: [TATAELXSI.NS] fetching fresh data
2026-08-27 13:49:56,539 [INFO] src.ingestion: [CYIENT.NS] fetching fresh data
2026-08-27 13:49:57,607 [INFO] src.ingestion: [KPITTECH.NS] fetching fresh data
2026-08-27 13:49:58,812 [INFO] src.ingestion: [HDFCBANK.NS] fetching fresh data
2026-08-27 13:49:59,749 [INFO] src.ingestion: [ICICIBANK.NS] fetching fresh data
2026-08-27 13:50:00,842 [INFO] src.ingestion: [SBIN.NS] fetching fresh data
2026-08-27 13:50:01,888 [INFO] src.ingestion: [AXISBANK.NS] fetching fresh data
2026-08-27 13:50:02,898 [INFO] src.ingestion: [KOTAKBANK.NS] fetching fresh data
2026-08-27 13:50:04,001 [INFO] src.ingestion: [INDUSINDBK.NS] fetching fresh data
2026-08-27 13:50:04,910 [INFO] src.ingestion: [FEDERALBNK.NS] fetching fresh data
2026-08-27 13:50:05,821 [INFO] src.ingestion: [BANDHANBNK.NS] fetching fresh data
2026-08-27 13:50:06,728 [INFO] src.ingestion: [IDFCFIRSTB.NS] fetching fresh data
2026-08-27 13:50:07,753 [INFO] src.ingestion: [PNB.NS] fetching fresh data
2026-08-27 13:50:08,725 [INFO] src.ingestion: [BANKBARODA.NS] fetching fresh data
2026-08-27 13:50:09,605 [INFO] src.ingestion: [CANBK.NS] fetching fresh data
2026-08-27 13:50:10,746 [INFO] src.ingestion: [UNIONBANK.NS] fetching fresh data
2026-08-27 13:50:11,603 [INFO] src.ingestion: [AUBANK.NS] fetching fresh data
2026-08-27 13:50:12,553 [INFO] src.ingestion: [RBLBANK.NS] fetching fresh data
2026-08-27 13:50:13,551 [INFO] src.ingestion: [BANKINDIA.NS] fetching fresh data
2026-08-27 13:50:14,515 [INFO] src.ingestion: [CENTRALBK.NS] fetching fresh data
2026-08-27 13:50:15,596 [INFO] src.ingestion: [IOB.NS] fetching fresh data
2026-08-27 13:50:16,510 [INFO] src.ingestion: [UCOBANK.NS] fetching fresh data
2026-08-27 13:50:17,422 [INFO] src.ingestion: [BAJFINANCE.NS] fetching fresh data
2026-08-27 13:50:18,339 [INFO] src.ingestion: [BAJAJFINSV.NS] fetching fresh data
2026-08-27 13:50:19,283 [INFO] src.ingestion: [CHOLAFIN.NS] fetching fresh data
2026-08-27 13:50:20,467 [INFO] src.ingestion: [MUTHOOTFIN.NS] fetching fresh data
2026-08-27 13:50:21,465 [INFO] src.ingestion: [LICHSGFIN.NS] fetching fresh data
2026-08-27 13:50:22,519 [INFO] src.ingestion: [SHRIRAMFIN.NS] fetching fresh data
2026-08-27 13:50:23,510 [INFO] src.ingestion: [PFC.NS] fetching fresh data
2026-08-27 13:50:24,653 [INFO] src.ingestion: [RECLTD.NS] fetching fresh data
2026-08-27 13:50:25,546 [INFO] src.ingestion: [IRFC.NS] fetching fresh data
2026-08-27 13:50:26,548 [INFO] src.ingestion: [HUDCO.NS] fetching fresh data
2026-08-27 13:50:27,608 [INFO] src.ingestion: [BAJAJHLDNG.NS] fetching fresh data
2026-08-27 13:50:29,053 [INFO] src.ingestion: [SBICARD.NS] fetching fresh data
2026-08-27 13:50:30,289 [INFO] src.ingestion: [MANAPPURAM.NS] fetching fresh data
2026-08-27 13:50:31,261 [INFO] src.ingestion: [POONAWALLA.NS] fetching fresh data
2026-08-27 13:50:32,349 [INFO] src.ingestion: [HDFCLIFE.NS] fetching fresh data
2026-08-27 13:50:33,300 [INFO] src.ingestion: [SBILIFE.NS] fetching fresh data
2026-08-27 13:50:34,245 [INFO] src.ingestion: [ICICIPRULI.NS] fetching fresh data
2026-08-27 13:50:35,307 [INFO] src.ingestion: [ICICIGI.NS] fetching fresh data
2026-08-27 13:50:36,269 [INFO] src.ingestion: [LICI.NS] fetching fresh data
2026-08-27 13:50:37,293 [INFO] src.ingestion: [GICRE.NS] fetching fresh data
2026-08-27 13:50:38,250 [INFO] src.ingestion: [MARUTI.NS] fetching fresh data
2026-08-27 13:50:39,221 [INFO] src.ingestion: [TMPV.NS] fetching fresh data
2026-08-27 13:50:40,353 [INFO] src.ingestion: [TMCV.NS] fetching fresh data
2026-08-27 13:50:41,273 [INFO] src.ingestion: [M&M.NS] fetching fresh data
2026-08-27 13:50:42,263 [INFO] src.ingestion: [EICHERMOT.NS] fetching fresh data
2026-08-27 13:50:43,318 [INFO] src.ingestion: [HEROMOTOCO.NS] fetching fresh data
2026-08-27 13:50:44,351 [INFO] src.ingestion: [BAJAJ-AUTO.NS] fetching fresh data
2026-08-27 13:50:45,342 [INFO] src.ingestion: [TVSMOTOR.NS] fetching fresh data
2026-08-27 13:50:46,386 [INFO] src.ingestion: [ASHOKLEY.NS] fetching fresh data
2026-08-27 13:50:47,393 [INFO] src.ingestion: [BHARATFORG.NS] fetching fresh data
2026-08-27 13:50:48,394 [INFO] src.ingestion: [MOTHERSON.NS] fetching fresh data
2026-08-27 13:50:49,439 [INFO] src.ingestion: [BOSCHLTD.NS] fetching fresh data
2026-08-27 13:50:50,449 [INFO] src.ingestion: [MRF.NS] fetching fresh data
2026-08-27 13:50:51,562 [INFO] src.ingestion: [ENDURANCE.NS] fetching fresh data
2026-08-27 13:50:52,631 [INFO] src.ingestion: [EXIDEIND.NS] fetching fresh data
2026-08-27 13:50:53,748 [INFO] src.ingestion: [ARE&M.NS] fetching fresh data
2026-08-27 13:50:54,805 [INFO] src.ingestion: [SUNDRMFAST.NS] fetching fresh data
2026-08-27 13:50:55,857 [INFO] src.ingestion: [UNOMINDA.NS] fetching fresh data
2026-08-27 13:50:56,746 [INFO] src.ingestion: [SUNPHARMA.NS] fetching fresh data
2026-08-27 13:50:57,799 [INFO] src.ingestion: [DRREDDY.NS] fetching fresh data
2026-08-27 13:50:58,796 [INFO] src.ingestion: [CIPLA.NS] fetching fresh data
2026-08-27 13:50:59,904 [INFO] src.ingestion: [DIVISLAB.NS] fetching fresh data
2026-08-27 13:51:00,873 [INFO] src.ingestion: [LUPIN.NS] fetching fresh data
2026-08-27 13:51:01,748 [INFO] src.ingestion: [AUROPHARMA.NS] fetching fresh data
2026-08-27 13:51:02,690 [INFO] src.ingestion: [BIOCON.NS] fetching fresh data
2026-08-27 13:51:03,702 [INFO] src.ingestion: [TORNTPHARM.NS] fetching fresh data
2026-08-27 13:51:04,942 [INFO] src.ingestion: [ALKEM.NS] fetching fresh data
2026-08-27 13:51:05,917 [INFO] src.ingestion: [ABBOTINDIA.NS] fetching fresh data
2026-08-27 13:51:06,809 [INFO] src.ingestion: [APOLLOHOSP.NS] fetching fresh data
2026-08-27 13:51:08,041 [INFO] src.ingestion: [FORTIS.NS] fetching fresh data
2026-08-27 13:51:09,353 [INFO] src.ingestion: [LALPATHLAB.NS] fetching fresh data
2026-08-27 13:51:10,354 [INFO] src.ingestion: [METROPOLIS.NS] fetching fresh data
2026-08-27 13:51:11,443 [INFO] src.ingestion: [GLAND.NS] fetching fresh data
2026-08-27 13:51:12,288 [INFO] src.ingestion: [LAURUSLABS.NS] fetching fresh data
2026-08-27 13:51:13,190 [INFO] src.ingestion: [GLENMARK.NS] fetching fresh data
2026-08-27 13:51:14,268 [INFO] src.ingestion: [IPCALAB.NS] fetching fresh data
2026-08-27 13:51:15,596 [INFO] src.ingestion: [HINDUNILVR.NS] fetching fresh data
2026-08-27 13:51:16,565 [INFO] src.ingestion: [ITC.NS] fetching fresh data
2026-08-27 13:51:17,450 [INFO] src.ingestion: [NESTLEIND.NS] fetching fresh data
2026-08-27 13:51:18,319 [INFO] src.ingestion: [BRITANNIA.NS] fetching fresh data
2026-08-27 13:51:19,313 [INFO] src.ingestion: [DABUR.NS] fetching fresh data
2026-08-27 13:51:20,294 [INFO] src.ingestion: [GODREJCP.NS] fetching fresh data
2026-08-27 13:51:21,439 [INFO] src.ingestion: [MARICO.NS] fetching fresh data
2026-08-27 13:51:22,713 [INFO] src.ingestion: [COLPAL.NS] fetching fresh data
2026-08-27 13:51:23,762 [INFO] src.ingestion: [TATACONSUM.NS] fetching fresh data
2026-08-27 13:51:24,734 [INFO] src.ingestion: [VBL.NS] fetching fresh data
2026-08-27 13:51:25,860 [INFO] src.ingestion: [UNITDSPR.NS] fetching fresh data
2026-08-27 13:51:26,907 [INFO] src.ingestion: [EMAMILTD.NS] fetching fresh data
2026-08-27 13:51:27,840 [INFO] src.ingestion: [TATASTEEL.NS] fetching fresh data
2026-08-27 13:51:28,927 [INFO] src.ingestion: [JSWSTEEL.NS] fetching fresh data
2026-08-27 13:51:29,958 [INFO] src.ingestion: [HINDALCO.NS] fetching fresh data
2026-08-27 13:51:30,941 [INFO] src.ingestion: [VEDL.NS] fetching fresh data
2026-08-27 13:51:32,013 [INFO] src.ingestion: [COALINDIA.NS] fetching fresh data
2026-08-27 13:51:33,040 [INFO] src.ingestion: [NMDC.NS] fetching fresh data
2026-08-27 13:51:33,975 [INFO] src.ingestion: [SAIL.NS] fetching fresh data
2026-08-27 13:51:35,077 [INFO] src.ingestion: [JINDALSTEL.NS] fetching fresh data
2026-08-27 13:51:36,024 [INFO] src.ingestion: [APLAPOLLO.NS] fetching fresh data
2026-08-27 13:51:37,070 [INFO] src.ingestion: [NATIONALUM.NS] fetching fresh data
2026-08-27 13:51:37,998 [INFO] src.ingestion: [HINDCOPPER.NS] fetching fresh data
2026-08-27 13:51:38,882 [INFO] src.ingestion: [RATNAMANI.NS] fetching fresh data
2026-08-27 13:51:39,882 [INFO] src.ingestion: [HINDZINC.NS] fetching fresh data
2026-08-27 13:51:40,913 [INFO] src.ingestion: [WELCORP.NS] fetching fresh data
2026-08-27 13:51:41,950 [INFO] src.ingestion: [JSL.NS] fetching fresh data
2026-08-27 13:51:43,138 [INFO] src.ingestion: [RELIANCE.NS] fetching fresh data
2026-08-27 13:51:44,194 [INFO] src.ingestion: [ONGC.NS] fetching fresh data
2026-08-27 13:51:45,179 [INFO] src.ingestion: [BPCL.NS] fetching fresh data
2026-08-27 13:51:46,078 [INFO] src.ingestion: [IOC.NS] fetching fresh data
2026-08-27 13:51:47,250 [INFO] src.ingestion: [GAIL.NS] fetching fresh data
2026-08-27 13:51:48,280 [INFO] src.ingestion: [NTPC.NS] fetching fresh data
2026-08-27 13:51:49,424 [INFO] src.ingestion: [POWERGRID.NS] fetching fresh data
2026-08-27 13:51:50,347 [INFO] src.ingestion: [TATAPOWER.NS] fetching fresh data
2026-08-27 13:51:51,215 [INFO] src.ingestion: [ADANIGREEN.NS] fetching fresh data
2026-08-27 13:51:52,155 [INFO] src.ingestion: [ADANIPOWER.NS] fetching fresh data
2026-08-27 13:51:53,042 [INFO] src.ingestion: [TORNTPOWER.NS] fetching fresh data
2026-08-27 13:51:54,050 [INFO] src.ingestion: [LT.NS] fetching fresh data
2026-08-27 13:51:55,049 [INFO] src.ingestion: [SIEMENS.NS] fetching fresh data
2026-08-27 13:51:56,056 [INFO] src.ingestion: [ABB.NS] fetching fresh data
2026-08-27 13:51:57,230 [INFO] src.ingestion: [HAL.NS] fetching fresh data
2026-08-27 13:51:58,162 [INFO] src.ingestion: [BEL.NS] fetching fresh data
2026-08-27 13:51:59,421 [INFO] src.ingestion: [BHEL.NS] fetching fresh data
2026-08-27 13:52:00,584 [INFO] src.ingestion: [CUMMINSIND.NS] fetching fresh data
2026-08-27 13:52:01,523 [INFO] src.ingestion: [THERMAX.NS] fetching fresh data
2026-08-27 13:52:02,778 [INFO] src.ingestion: [POLYCAB.NS] fetching fresh data
2026-08-27 13:52:03,928 [INFO] src.ingestion: [KEI.NS] fetching fresh data
2026-08-27 13:52:04,928 [INFO] src.ingestion: [HAVELLS.NS] fetching fresh data
2026-08-27 13:52:05,971 [INFO] src.ingestion: [CROMPTON.NS] fetching fresh data
2026-08-27 13:52:07,044 [INFO] src.ingestion: [SUPREMEIND.NS] fetching fresh data
2026-08-27 13:52:07,991 [INFO] src.ingestion: [ASTRAL.NS] fetching fresh data
2026-08-27 13:52:09,066 [INFO] src.ingestion: [GRINDWELL.NS] fetching fresh data
2026-08-27 13:52:09,976 [INFO] src.ingestion: [CARBORUNIV.NS] fetching fresh data
2026-08-27 13:52:11,098 [INFO] src.ingestion: [TIMKEN.NS] fetching fresh data
2026-08-27 13:52:12,351 [INFO] src.ingestion: [SKFINDIA.NS] fetching fresh data
2026-08-27 13:52:13,628 [INFO] src.ingestion: [SRF.NS] fetching fresh data
2026-08-27 13:52:14,564 [INFO] src.ingestion: [PIIND.NS] fetching fresh data
2026-08-27 13:52:15,502 [INFO] src.ingestion: [DEEPAKNTR.NS] fetching fresh data
2026-08-27 13:52:16,504 [INFO] src.ingestion: [AARTIIND.NS] fetching fresh data
2026-08-27 13:52:17,527 [INFO] src.ingestion: [NAVINFLUOR.NS] fetching fresh data
2026-08-27 13:52:18,584 [INFO] src.ingestion: [UPL.NS] fetching fresh data
2026-08-27 13:52:19,659 [INFO] src.ingestion: [COROMANDEL.NS] fetching fresh data
2026-08-27 13:52:20,792 [INFO] src.ingestion: [CHAMBLFERT.NS] fetching fresh data
2026-08-27 13:52:22,067 [INFO] src.ingestion: [GNFC.NS] fetching fresh data
2026-08-27 13:52:22,921 [INFO] src.ingestion: [PIDILITIND.NS] fetching fresh data
2026-08-27 13:52:24,013 [INFO] src.ingestion: [TATACHEM.NS] fetching fresh data
2026-08-27 13:52:25,044 [INFO] src.ingestion: [GHCL.NS] fetching fresh data
2026-08-27 13:52:26,148 [INFO] src.ingestion: [TITAN.NS] fetching fresh data
2026-08-27 13:52:27,015 [INFO] src.ingestion: [DMART.NS] fetching fresh data
2026-08-27 13:52:27,913 [INFO] src.ingestion: [TRENT.NS] fetching fresh data
2026-08-27 13:52:28,980 [INFO] src.ingestion: [BATAINDIA.NS] fetching fresh data
2026-08-27 13:52:29,948 [INFO] src.ingestion: [PAGEIND.NS] fetching fresh data
2026-08-27 13:52:31,008 [INFO] src.ingestion: [JUBLFOOD.NS] fetching fresh data
2026-08-27 13:52:32,014 [INFO] src.ingestion: [VOLTAS.NS] fetching fresh data
2026-08-27 13:52:32,907 [INFO] src.ingestion: [DIXON.NS] fetching fresh data
2026-08-27 13:52:33,991 [INFO] src.ingestion: [RELAXO.NS] fetching fresh data
2026-08-27 13:52:35,194 [INFO] src.ingestion: [KAJARIACER.NS] fetching fresh data
2026-08-27 13:52:36,231 [INFO] src.ingestion: [WHIRLPOOL.NS] fetching fresh data
2026-08-27 13:52:37,294 [INFO] src.ingestion: [BLUESTARCO.NS] fetching fresh data
2026-08-27 13:52:38,181 [INFO] src.ingestion: [PGHH.NS] fetching fresh data
2026-08-27 13:52:39,161 [INFO] src.ingestion: [GILLETTE.NS] fetching fresh data
2026-08-27 13:52:40,520 [INFO] src.ingestion: [BHARTIARTL.NS] fetching fresh data
2026-08-27 13:52:41,402 [INFO] src.ingestion: [IDEA.NS] fetching fresh data
2026-08-27 13:52:42,357 [INFO] src.ingestion: [INDUSTOWER.NS] fetching fresh data
2026-08-27 13:52:43,224 [INFO] src.ingestion: [PVRINOX.NS] fetching fresh data
2026-08-27 13:52:44,229 [INFO] src.ingestion: [ZEEL.NS] fetching fresh data
2026-08-27 13:52:45,109 [INFO] src.ingestion: [ADANIPORTS.NS] fetching fresh data
2026-08-27 13:52:46,117 [INFO] src.ingestion: [ADANIENT.NS] fetching fresh data
2026-08-27 13:52:47,054 [INFO] src.ingestion: [GMRAIRPORT.NS] fetching fresh data
2026-08-27 13:52:47,962 [INFO] src.ingestion: [CONCOR.NS] fetching fresh data
2026-08-27 13:52:48,967 [INFO] src.ingestion: [IRCTC.NS] fetching fresh data
2026-08-27 13:52:49,869 [INFO] src.ingestion: [INDIGO.NS] fetching fresh data
2026-08-27 13:52:50,881 [INFO] src.ingestion: [RVNL.NS] fetching fresh data
2026-08-27 13:52:51,983 [INFO] src.ingestion: [IRCON.NS] fetching fresh data
2026-08-27 13:52:53,024 [INFO] src.ingestion: [NBCC.NS] fetching fresh data
2026-08-27 13:52:53,988 [INFO] src.ingestion: [NCC.NS] fetching fresh data
2026-08-27 13:52:55,070 [INFO] src.ingestion: [MAZDOCK.NS] fetching fresh data
2026-08-27 13:52:55,926 [INFO] src.ingestion: [COCHINSHIP.NS] fetching fresh data
2026-08-27 13:52:56,961 [INFO] src.ingestion: [DLF.NS] fetching fresh data
2026-08-27 13:52:57,942 [INFO] src.ingestion: [GODREJPROP.NS] fetching fresh data
2026-08-27 13:52:58,856 [INFO] src.ingestion: [OBEROIRLTY.NS] fetching fresh data
2026-08-27 13:52:59,829 [INFO] src.ingestion: [PRESTIGE.NS] fetching fresh data
2026-08-27 13:53:00,879 [INFO] src.ingestion: [PHOENIXLTD.NS] fetching fresh data
2026-08-27 13:53:01,952 [INFO] src.ingestion: [SOBHA.NS] fetching fresh data
2026-08-27 13:53:02,965 [INFO] src.ingestion: Fetched 200/201 tickers successfully
2026-08-27 13:53:02,965 [WARNING] src.ingestion: Failed tickers (excluded from downstream, not silently zeroed): ['LTIM.NS']
2026-08-27 13:53:02,965 [INFO] __main__: Ingestion validation passed: 200/201 tickers (100%)
2026-08-27 13:53:02,965 [INFO] __main__: === Stage 2/8: Cleaning ===
2026-08-27 13:53:02,973 [WARNING] src.cleaning: [ASHOKLEY.NS] EXCLUDED: missing critical fields: ['market_cap']
2026-08-27 13:53:02,973 [WARNING] src.cleaning: [BIOCON.NS] EXCLUDED: missing critical fields: ['market_cap']
2026-08-27 13:53:02,973 [WARNING] src.cleaning: [BOSCHLTD.NS] EXCLUDED: missing critical fields: ['market_cap']
2026-08-27 13:53:02,973 [WARNING] src.cleaning: [IOC.NS] EXCLUDED: missing critical fields: ['market_cap']
2026-08-27 13:53:02,973 [WARNING] src.cleaning: [JUBLFOOD.NS] EXCLUDED: missing critical fields: ['market_cap']
2026-08-27 13:53:02,974 [WARNING] src.cleaning: [LTIM.NS] EXCLUDED: ingestion failed: yfinance returned an empty info payload for LTIM.NS (no exception, but no usable data — likely a transient Yahoo-side issue or an invalid/delisted symbol)
2026-08-27 13:53:02,974 [WARNING] src.cleaning: [RECLTD.NS] EXCLUDED: missing critical fields: ['market_cap']
2026-08-27 13:53:02,974 [WARNING] src.cleaning: [RELIANCE.NS] EXCLUDED: missing critical fields: ['market_cap']
2026-08-27 13:53:02,974 [WARNING] src.cleaning: [TCS.NS] EXCLUDED: missing critical fields: ['market_cap']
2026-08-27 13:53:02,974 [WARNING] src.cleaning: [TVSMOTOR.NS] EXCLUDED: missing critical fields: ['market_cap']
2026-08-27 13:53:02,974 [INFO] src.cleaning: [AARTIIND.NS] non-critical missing fields: ['return_on_equity']
2026-08-27 13:53:02,974 [INFO] src.cleaning: [ABBOTINDIA.NS] non-critical missing fields: ['return_on_equity']
2026-08-27 13:53:02,974 [INFO] src.cleaning: [ACC.NS] non-critical missing fields: ['return_on_equity']
2026-08-27 13:53:02,975 [INFO] src.cleaning: [ADANIENT.NS] non-critical missing fields: ['return_on_equity']
2026-08-27 13:53:02,975 [INFO] src.cleaning: [ADANIGREEN.NS] non-critical missing fields: ['return_on_equity']
2026-08-27 13:53:02,975 [INFO] src.cleaning: [ADANIPORTS.NS] non-critical missing fields: ['return_on_equity']
2026-08-27 13:53:02,975 [INFO] src.cleaning: [ADANIPOWER.NS] non-critical missing fields: ['return_on_equity']
2026-08-27 13:53:02,975 [INFO] src.cleaning: [ALKEM.NS] non-critical missing fields: ['return_on_equity']
2026-08-27 13:53:02,975 [INFO] src.cleaning: [AMBUJACEM.NS] non-critical missing fields: ['return_on_equity']
2026-08-27 13:53:02,975 [INFO] src.cleaning: [APLAPOLLO.NS] non-critical missing fields: ['return_on_equity']
2026-08-27 13:53:02,975 [INFO] src.cleaning: [APOLLOHOSP.NS] non-critical missing fields: ['return_on_equity']
2026-08-27 13:53:02,975 [INFO] src.cleaning: [ARE&M.NS] non-critical missing fields: ['return_on_equity']
2026-08-27 13:53:02,975 [INFO] src.cleaning: [ASTRAL.NS] non-critical missing fields: ['return_on_equity']
2026-08-27 13:53:02,975 [INFO] src.cleaning: [AUBANK.NS] non-critical missing fields: ['ev_to_ebitda', 'return_on_equity', 'debt_to_equity']
2026-08-27 13:53:02,975 [INFO] src.cleaning: [AUROPHARMA.NS] non-critical missing fields: ['return_on_equity']
2026-08-27 13:53:02,975 [INFO] src.cleaning: [AXISBANK.NS] non-critical missing fields: ['ev_to_ebitda', 'debt_to_equity']
2026-08-27 13:53:02,975 [INFO] src.cleaning: [BAJAJ-AUTO.NS] non-critical missing fields: ['return_on_equity']
2026-08-27 13:53:02,975 [INFO] src.cleaning: [BAJAJFINSV.NS] non-critical missing fields: ['return_on_equity']
2026-08-27 13:53:02,975 [WARNING] src.cleaning: [BAJAJHLDNG.NS] outlier values flagged: ['net_margin']
2026-08-27 13:53:02,975 [INFO] src.cleaning: [BAJFINANCE.NS] non-critical missing fields: ['ev_to_ebitda', 'return_on_equity']
2026-08-27 13:53:02,975 [INFO] src.cleaning: [BANDHANBNK.NS] non-critical missing fields: ['ev_to_ebitda', 'return_on_equity', 'debt_to_equity']
2026-08-27 13:53:02,975 [INFO] src.cleaning: [BANKBARODA.NS] non-critical missing fields: ['ev_to_ebitda', 'debt_to_equity']
2026-08-27 13:53:02,975 [INFO] src.cleaning: [BANKINDIA.NS] non-critical missing fields: ['ev_to_ebitda', 'debt_to_equity']
2026-08-27 13:53:02,975 [INFO] src.cleaning: [BATAINDIA.NS] non-critical missing fields: ['return_on_equity']
2026-08-27 13:53:02,976 [INFO] src.cleaning: [BEL.NS] non-critical missing fields: ['return_on_equity']
2026-08-27 13:53:02,976 [INFO] src.cleaning: [BHARATFORG.NS] non-critical missing fields: ['return_on_equity']
2026-08-27 13:53:02,976 [INFO] src.cleaning: [BHEL.NS] non-critical missing fields: ['return_on_equity']
2026-08-27 13:53:02,976 [INFO] src.cleaning: [BLUESTARCO.NS] non-critical missing fields: ['return_on_equity']
2026-08-27 13:53:02,976 [INFO] src.cleaning: [BPCL.NS] non-critical missing fields: ['return_on_equity']
2026-08-27 13:53:02,976 [INFO] src.cleaning: [BRITANNIA.NS] non-critical missing fields: ['return_on_equity']
2026-08-27 13:53:02,976 [INFO] src.cleaning: [CANBK.NS] non-critical missing fields: ['ev_to_ebitda', 'return_on_equity', 'debt_to_equity']
2026-08-27 13:53:02,976 [INFO] src.cleaning: [CARBORUNIV.NS] non-critical missing fields: ['return_on_equity']
2026-08-27 13:53:02,976 [INFO] src.cleaning: [CENTRALBK.NS] non-critical missing fields: ['ev_to_ebitda', 'debt_to_equity']
2026-08-27 13:53:02,976 [INFO] src.cleaning: [CHAMBLFERT.NS] non-critical missing fields: ['return_on_equity']
2026-08-27 13:53:02,976 [INFO] src.cleaning: [CHOLAFIN.NS] non-critical missing fields: ['ev_to_ebitda', 'return_on_equity']
2026-08-27 13:53:02,976 [INFO] src.cleaning: [CIPLA.NS] non-critical missing fields: ['return_on_equity']
2026-08-27 13:53:02,976 [INFO] src.cleaning: [COALINDIA.NS] non-critical missing fields: ['return_on_equity']
2026-08-27 13:53:02,976 [INFO] src.cleaning: [COCHINSHIP.NS] non-critical missing fields: ['return_on_equity']
2026-08-27 13:53:02,976 [INFO] src.cleaning: [COFORGE.NS] non-critical missing fields: ['return_on_equity']
2026-08-27 13:53:02,976 [INFO] src.cleaning: [COLPAL.NS] non-critical missing fields: ['return_on_equity']
2026-08-27 13:53:02,976 [INFO] src.cleaning: [CONCOR.NS] non-critical missing fields: ['return_on_equity']
2026-08-27 13:53:02,976 [INFO] src.cleaning: [COROMANDEL.NS] non-critical missing fields: ['return_on_equity']
2026-08-27 13:53:02,976 [INFO] src.cleaning: [CROMPTON.NS] non-critical missing fields: ['trailing_pe', 'return_on_equity']
2026-08-27 13:53:02,976 [INFO] src.cleaning: [CUMMINSIND.NS] non-critical missing fields: ['return_on_equity']
2026-08-27 13:53:02,976 [INFO] src.cleaning: [CYIENT.NS] non-critical missing fields: ['return_on_equity']
2026-08-27 13:53:02,976 [INFO] src.cleaning: [DABUR.NS] non-critical missing fields: ['return_on_equity']
2026-08-27 13:53:02,976 [INFO] src.cleaning: [DALBHARAT.NS] non-critical missing fields: ['return_on_equity']
2026-08-27 13:53:02,976 [INFO] src.cleaning: [DEEPAKNTR.NS] non-critical missing fields: ['return_on_equity']
2026-08-27 13:53:02,976 [INFO] src.cleaning: [DIVISLAB.NS] non-critical missing fields: ['return_on_equity']
2026-08-27 13:53:02,976 [INFO] src.cleaning: [DIXON.NS] non-critical missing fields: ['return_on_equity']
2026-08-27 13:53:02,976 [INFO] src.cleaning: [DMART.NS] non-critical missing fields: ['return_on_equity']
2026-08-27 13:53:02,976 [INFO] src.cleaning: [EICHERMOT.NS] non-critical missing fields: ['return_on_equity']
2026-08-27 13:53:02,976 [INFO] src.cleaning: [EMAMILTD.NS] non-critical missing fields: ['return_on_equity']
2026-08-27 13:53:02,976 [INFO] src.cleaning: [ENDURANCE.NS] non-critical missing fields: ['return_on_equity']
2026-08-27 13:53:02,976 [INFO] src.cleaning: [EXIDEIND.NS] non-critical missing fields: ['return_on_equity']
2026-08-27 13:53:02,976 [INFO] src.cleaning: [FEDERALBNK.NS] non-critical missing fields: ['ev_to_ebitda', 'return_on_equity', 'debt_to_equity']
2026-08-27 13:53:02,976 [INFO] src.cleaning: [FORTIS.NS] non-critical missing fields: ['return_on_equity']
2026-08-27 13:53:02,976 [INFO] src.cleaning: [GAIL.NS] non-critical missing fields: ['return_on_equity']
2026-08-27 13:53:02,976 [INFO] src.cleaning: [GHCL.NS] non-critical missing fields: ['return_on_equity']
2026-08-27 13:53:02,976 [INFO] src.cleaning: [GICRE.NS] non-critical missing fields: ['ev_to_ebitda', 'debt_to_equity']
2026-08-27 13:53:02,976 [INFO] src.cleaning: [GILLETTE.NS] non-critical missing fields: ['return_on_equity']
2026-08-27 13:53:02,977 [INFO] src.cleaning: [GLAND.NS] non-critical missing fields: ['return_on_equity']
2026-08-27 13:53:02,977 [INFO] src.cleaning: [GLENMARK.NS] non-critical missing fields: ['return_on_equity']
2026-08-27 13:53:02,977 [WARNING] src.cleaning: [GMRAIRPORT.NS] negative/zero equity — DuPont ROE math will be invalid downstream
2026-08-27 13:53:02,977 [INFO] src.cleaning: [GMRAIRPORT.NS] non-critical missing fields: ['return_on_equity', 'debt_to_equity']
2026-08-27 13:53:02,977 [INFO] src.cleaning: [GNFC.NS] non-critical missing fields: ['return_on_equity']
2026-08-27 13:53:02,977 [INFO] src.cleaning: [GODREJCP.NS] non-critical missing fields: ['return_on_equity']
2026-08-27 13:53:02,977 [INFO] src.cleaning: [GODREJPROP.NS] non-critical missing fields: ['return_on_equity']
2026-08-27 13:53:02,977 [INFO] src.cleaning: [GRINDWELL.NS] non-critical missing fields: ['return_on_equity']
2026-08-27 13:53:02,977 [INFO] src.cleaning: [HAL.NS] non-critical missing fields: ['return_on_equity']
2026-08-27 13:53:02,977 [INFO] src.cleaning: [HAVELLS.NS] non-critical missing fields: ['return_on_equity']
2026-08-27 13:53:02,977 [WARNING] src.cleaning: [HCLTECH.NS] outlier values flagged: ['ev_to_ebitda']
2026-08-27 13:53:02,977 [INFO] src.cleaning: [HDFCBANK.NS] non-critical missing fields: ['ev_to_ebitda', 'debt_to_equity']
2026-08-27 13:53:02,977 [INFO] src.cleaning: [HEIDELBERG.NS] non-critical missing fields: ['return_on_equity']
2026-08-27 13:53:02,977 [INFO] src.cleaning: [HEROMOTOCO.NS] non-critical missing fields: ['return_on_equity']
2026-08-27 13:53:02,977 [INFO] src.cleaning: [HINDALCO.NS] non-critical missing fields: ['return_on_equity']
2026-08-27 13:53:02,977 [INFO] src.cleaning: [HINDCOPPER.NS] non-critical missing fields: ['return_on_equity']
2026-08-27 13:53:02,977 [INFO] src.cleaning: [HINDUNILVR.NS] non-critical missing fields: ['return_on_equity']
2026-08-27 13:53:02,977 [INFO] src.cleaning: [HINDZINC.NS] non-critical missing fields: ['return_on_equity']
2026-08-27 13:53:02,977 [INFO] src.cleaning: [HUDCO.NS] non-critical missing fields: ['ev_to_ebitda', 'return_on_equity']
2026-08-27 13:53:02,977 [INFO] src.cleaning: [ICICIBANK.NS] non-critical missing fields: ['ev_to_ebitda', 'debt_to_equity']
2026-08-27 13:53:02,978 [INFO] src.cleaning: [ICICIGI.NS] non-critical missing fields: ['debt_to_equity']
2026-08-27 13:53:02,978 [WARNING] src.cleaning: [IDEA.NS] negative/zero equity — DuPont ROE math will be invalid downstream
2026-08-27 13:53:02,978 [INFO] src.cleaning: [IDEA.NS] non-critical missing fields: ['return_on_equity', 'debt_to_equity']
2026-08-27 13:53:02,978 [INFO] src.cleaning: [IDFCFIRSTB.NS] non-critical missing fields: ['ev_to_ebitda', 'return_on_equity', 'debt_to_equity', 'total_debt']
2026-08-27 13:53:02,978 [INFO] src.cleaning: [INDIGO.NS] non-critical missing fields: ['trailing_pe', 'return_on_equity']
2026-08-27 13:53:02,978 [INFO] src.cleaning: [INDUSINDBK.NS] non-critical missing fields: ['ev_to_ebitda', 'return_on_equity', 'debt_to_equity']
2026-08-27 13:53:02,978 [WARNING] src.cleaning: [INFY.NS] outlier values flagged: ['ev_to_ebitda']
2026-08-27 13:53:02,978 [INFO] src.cleaning: [IOB.NS] non-critical missing fields: ['ev_to_ebitda', 'debt_to_equity']
2026-08-27 13:53:02,978 [INFO] src.cleaning: [IPCALAB.NS] non-critical missing fields: ['return_on_equity']
2026-08-27 13:53:02,978 [INFO] src.cleaning: [IRCON.NS] non-critical missing fields: ['return_on_equity']
2026-08-27 13:53:02,978 [INFO] src.cleaning: [IRCTC.NS] non-critical missing fields: ['return_on_equity']
2026-08-27 13:53:02,978 [INFO] src.cleaning: [IRFC.NS] non-critical missing fields: ['ev_to_ebitda', 'return_on_equity']
2026-08-27 13:53:02,978 [INFO] src.cleaning: [ITC.NS] non-critical missing fields: ['return_on_equity']
2026-08-27 13:53:02,978 [INFO] src.cleaning: [JINDALSTEL.NS] non-critical missing fields: ['return_on_equity']
2026-08-27 13:53:02,978 [INFO] src.cleaning: [JKCEMENT.NS] non-critical missing fields: ['return_on_equity']
2026-08-27 13:53:02,978 [INFO] src.cleaning: [JSL.NS] non-critical missing fields: ['return_on_equity']
2026-08-27 13:53:02,978 [INFO] src.cleaning: [JSWSTEEL.NS] non-critical missing fields: ['return_on_equity']
2026-08-27 13:53:02,978 [INFO] src.cleaning: [KAJARIACER.NS] non-critical missing fields: ['return_on_equity']
2026-08-27 13:53:02,978 [INFO] src.cleaning: [KEI.NS] non-critical missing fields: ['return_on_equity']
2026-08-27 13:53:02,978 [INFO] src.cleaning: [KOTAKBANK.NS] non-critical missing fields: ['ev_to_ebitda', 'return_on_equity', 'debt_to_equity']
2026-08-27 13:53:02,978 [INFO] src.cleaning: [KPITTECH.NS] non-critical missing fields: ['return_on_equity']
2026-08-27 13:53:02,978 [INFO] src.cleaning: [LALPATHLAB.NS] non-critical missing fields: ['return_on_equity']
2026-08-27 13:53:02,978 [INFO] src.cleaning: [LAURUSLABS.NS] non-critical missing fields: ['return_on_equity']
2026-08-27 13:53:02,978 [INFO] src.cleaning: [LICHSGFIN.NS] non-critical missing fields: ['ev_to_ebitda', 'return_on_equity']
2026-08-27 13:53:02,978 [INFO] src.cleaning: [LICI.NS] non-critical missing fields: ['return_on_equity']
2026-08-27 13:53:02,978 [INFO] src.cleaning: [LTTS.NS] non-critical missing fields: ['return_on_equity']
2026-08-27 13:53:02,978 [INFO] src.cleaning: [LT.NS] non-critical missing fields: ['return_on_equity']
2026-08-27 13:53:02,978 [INFO] src.cleaning: [LUPIN.NS] non-critical missing fields: ['return_on_equity']
2026-08-27 13:53:02,978 [INFO] src.cleaning: [M&M.NS] non-critical missing fields: ['return_on_equity']
2026-08-27 13:53:02,978 [INFO] src.cleaning: [MANAPPURAM.NS] non-critical missing fields: ['ev_to_ebitda', 'return_on_equity']
2026-08-27 13:53:02,978 [INFO] src.cleaning: [MARICO.NS] non-critical missing fields: ['return_on_equity']
2026-08-27 13:53:02,978 [INFO] src.cleaning: [MARUTI.NS] non-critical missing fields: ['return_on_equity']
2026-08-27 13:53:02,979 [INFO] src.cleaning: [MAZDOCK.NS] non-critical missing fields: ['return_on_equity']
2026-08-27 13:53:02,979 [INFO] src.cleaning: [METROPOLIS.NS] non-critical missing fields: ['return_on_equity']
2026-08-27 13:53:02,979 [INFO] src.cleaning: [MOTHERSON.NS] non-critical missing fields: ['return_on_equity']
2026-08-27 13:53:02,979 [INFO] src.cleaning: [MRF.NS] non-critical missing fields: ['return_on_equity']
2026-08-27 13:53:02,979 [INFO] src.cleaning: [MUTHOOTFIN.NS] non-critical missing fields: ['ev_to_ebitda']
2026-08-27 13:53:02,979 [INFO] src.cleaning: [NATIONALUM.NS] non-critical missing fields: ['return_on_equity']
2026-08-27 13:53:02,979 [INFO] src.cleaning: [NAVINFLUOR.NS] non-critical missing fields: ['return_on_equity']
2026-08-27 13:53:02,979 [INFO] src.cleaning: [NBCC.NS] non-critical missing fields: ['return_on_equity']
2026-08-27 13:53:02,979 [INFO] src.cleaning: [NCC.NS] non-critical missing fields: ['return_on_equity']
2026-08-27 13:53:02,979 [INFO] src.cleaning: [NESTLEIND.NS] non-critical missing fields: ['return_on_equity']
2026-08-27 13:53:02,979 [INFO] src.cleaning: [NMDC.NS] non-critical missing fields: ['return_on_equity']
2026-08-27 13:53:02,979 [INFO] src.cleaning: [NTPC.NS] non-critical missing fields: ['return_on_equity']
2026-08-27 13:53:02,979 [INFO] src.cleaning: [OBEROIRLTY.NS] non-critical missing fields: ['return_on_equity']
2026-08-27 13:53:02,979 [INFO] src.cleaning: [ONGC.NS] non-critical missing fields: ['return_on_equity']
2026-08-27 13:53:02,979 [INFO] src.cleaning: [PAGEIND.NS] non-critical missing fields: ['return_on_equity']
2026-08-27 13:53:02,979 [INFO] src.cleaning: [PFC.NS] non-critical missing fields: ['ev_to_ebitda', 'return_on_equity']
2026-08-27 13:53:02,979 [INFO] src.cleaning: [PGHH.NS] non-critical missing fields: ['return_on_equity']
2026-08-27 13:53:02,979 [INFO] src.cleaning: [PHOENIXLTD.NS] non-critical missing fields: ['return_on_equity']
2026-08-27 13:53:02,979 [INFO] src.cleaning: [PIDILITIND.NS] non-critical missing fields: ['return_on_equity']
2026-08-27 13:53:02,979 [INFO] src.cleaning: [PIIND.NS] non-critical missing fields: ['return_on_equity']
2026-08-27 13:53:02,979 [INFO] src.cleaning: [PNB.NS] non-critical missing fields: ['ev_to_ebitda', 'debt_to_equity']
2026-08-27 13:53:02,979 [INFO] src.cleaning: [POONAWALLA.NS] non-critical missing fields: ['ev_to_ebitda', 'return_on_equity']
2026-08-27 13:53:02,979 [INFO] src.cleaning: [POWERGRID.NS] non-critical missing fields: ['return_on_equity']
2026-08-27 13:53:02,979 [INFO] src.cleaning: [PVRINOX.NS] non-critical missing fields: ['return_on_equity']
2026-08-27 13:53:02,979 [INFO] src.cleaning: [RAMCOCEM.NS] non-critical missing fields: ['return_on_equity']
2026-08-27 13:53:02,979 [INFO] src.cleaning: [RATNAMANI.NS] non-critical missing fields: ['return_on_equity']
2026-08-27 13:53:02,979 [INFO] src.cleaning: [RBLBANK.NS] non-critical missing fields: ['ev_to_ebitda', 'return_on_equity', 'debt_to_equity']
2026-08-27 13:53:02,979 [INFO] src.cleaning: [RELAXO.NS] non-critical missing fields: ['return_on_equity']
2026-08-27 13:53:02,979 [INFO] src.cleaning: [RVNL.NS] non-critical missing fields: ['return_on_equity']
2026-08-27 13:53:02,979 [INFO] src.cleaning: [SAIL.NS] non-critical missing fields: ['return_on_equity']
2026-08-27 13:53:02,979 [INFO] src.cleaning: [SBICARD.NS] non-critical missing fields: ['ev_to_ebitda', 'return_on_equity']
2026-08-27 13:53:02,979 [INFO] src.cleaning: [SBILIFE.NS] non-critical missing fields: ['debt_to_equity']
2026-08-27 13:53:02,979 [INFO] src.cleaning: [SBIN.NS] non-critical missing fields: ['ev_to_ebitda', 'debt_to_equity']
2026-08-27 13:53:02,979 [INFO] src.cleaning: [SHREECEM.NS] non-critical missing fields: ['return_on_equity']
2026-08-27 13:53:02,979 [INFO] src.cleaning: [SHRIRAMFIN.NS] non-critical missing fields: ['ev_to_ebitda']
2026-08-27 13:53:02,979 [INFO] src.cleaning: [SIEMENS.NS] non-critical missing fields: ['return_on_equity']
2026-08-27 13:53:02,979 [INFO] src.cleaning: [SKFINDIA.NS] non-critical missing fields: ['return_on_equity']
2026-08-27 13:53:02,980 [INFO] src.cleaning: [SOBHA.NS] non-critical missing fields: ['return_on_equity']
2026-08-27 13:53:02,980 [INFO] src.cleaning: [SRF.NS] non-critical missing fields: ['return_on_equity']
2026-08-27 13:53:02,980 [INFO] src.cleaning: [SUNDRMFAST.NS] non-critical missing fields: ['return_on_equity']
2026-08-27 13:53:02,980 [INFO] src.cleaning: [SUNPHARMA.NS] non-critical missing fields: ['return_on_equity']
2026-08-27 13:53:02,980 [INFO] src.cleaning: [SUPREMEIND.NS] non-critical missing fields: ['return_on_equity']
2026-08-27 13:53:02,980 [INFO] src.cleaning: [TATACHEM.NS] non-critical missing fields: ['trailing_pe', 'return_on_equity']
2026-08-27 13:53:02,980 [INFO] src.cleaning: [TATACONSUM.NS] non-critical missing fields: ['return_on_equity']
2026-08-27 13:53:02,980 [INFO] src.cleaning: [TATAELXSI.NS] non-critical missing fields: ['return_on_equity']
2026-08-27 13:53:02,980 [INFO] src.cleaning: [TATAPOWER.NS] non-critical missing fields: ['return_on_equity']
2026-08-27 13:53:02,980 [INFO] src.cleaning: [TATASTEEL.NS] non-critical missing fields: ['return_on_equity']
2026-08-27 13:53:02,980 [INFO] src.cleaning: [TECHM.NS] non-critical missing fields: ['return_on_equity']
2026-08-27 13:53:02,980 [INFO] src.cleaning: [THERMAX.NS] non-critical missing fields: ['return_on_equity']
2026-08-27 13:53:02,980 [INFO] src.cleaning: [TIMKEN.NS] non-critical missing fields: ['return_on_equity']
2026-08-27 13:53:02,980 [INFO] src.cleaning: [TITAN.NS] non-critical missing fields: ['return_on_equity']
2026-08-27 13:53:02,980 [INFO] src.cleaning: [TMCV.NS] non-critical missing fields: ['return_on_equity']
2026-08-27 13:53:02,980 [INFO] src.cleaning: [TMPV.NS] non-critical missing fields: ['trailing_pe', 'return_on_equity']
2026-08-27 13:53:02,980 [INFO] src.cleaning: [TORNTPHARM.NS] non-critical missing fields: ['return_on_equity']
2026-08-27 13:53:02,981 [INFO] src.cleaning: [TORNTPOWER.NS] non-critical missing fields: ['return_on_equity']
2026-08-27 13:53:02,981 [INFO] src.cleaning: [TRENT.NS] non-critical missing fields: ['return_on_equity']
2026-08-27 13:53:02,981 [INFO] src.cleaning: [UCOBANK.NS] non-critical missing fields: ['ev_to_ebitda', 'debt_to_equity']
2026-08-27 13:53:02,981 [INFO] src.cleaning: [ULTRACEMCO.NS] non-critical missing fields: ['return_on_equity']
2026-08-27 13:53:02,981 [INFO] src.cleaning: [UNIONBANK.NS] non-critical missing fields: ['ev_to_ebitda', 'debt_to_equity', 'revenue_growth', 'total_debt']
2026-08-27 13:53:02,981 [INFO] src.cleaning: [UNITDSPR.NS] non-critical missing fields: ['return_on_equity']
2026-08-27 13:53:02,981 [INFO] src.cleaning: [UNOMINDA.NS] non-critical missing fields: ['return_on_equity']
2026-08-27 13:53:02,981 [INFO] src.cleaning: [UPL.NS] non-critical missing fields: ['return_on_equity']
2026-08-27 13:53:02,981 [INFO] src.cleaning: [VEDL.NS] non-critical missing fields: ['return_on_equity']
2026-08-27 13:53:02,981 [INFO] src.cleaning: [VOLTAS.NS] non-critical missing fields: ['return_on_equity']
2026-08-27 13:53:02,981 [INFO] src.cleaning: [WELCORP.NS] non-critical missing fields: ['return_on_equity']
2026-08-27 13:53:02,981 [INFO] src.cleaning: [WHIRLPOOL.NS] non-critical missing fields: ['return_on_equity']
2026-08-27 13:53:02,981 [INFO] src.cleaning: [ZEEL.NS] non-critical missing fields: ['return_on_equity']
2026-08-27 13:53:02,988 [INFO] src.cleaning: Cleaned 191/201 tickers -> data/processed/cleaned_universe.csv
2026-08-27 13:53:02,988 [INFO] src.cleaning: Full flag audit trail -> data/processed/cleaning_flags.csv
2026-08-27 13:53:02,988 [INFO] __main__: Cleaning validation passed: 191/201 tickers retained (95%)
2026-08-27 13:53:02,989 [INFO] __main__: === Stage 3/8: Scoring ===
2026-08-27 13:53:03,047 [INFO] src.scoring: Scored 191 companies -> data/processed/scored_universe.csv
2026-08-27 13:53:03,048 [INFO] src.scoring: Top 10 shortlist -> data/processed/shortlist_top_n.csv
2026-08-27 13:53:03,049 [WARNING] src.scoring: 24 companies scored on fewer than all 4 buckets (reweighted, not zero-filled) — see 'buckets_used' column: ['IOB.NS', 'UNIONBANK.NS', 'BANKINDIA.NS', 'CANBK.NS', 'ICICIGI.NS', 'PNB.NS', 'IDEA.NS', 'GICRE.NS', 'FEDERALBNK.NS', 'UCOBANK.NS', 'BANKBARODA.NS', 'AXISBANK.NS', 'SBIN.NS', 'CENTRALBK.NS', 'KOTAKBANK.NS', 'SBILIFE.NS', 'ICICIBANK.NS', 'HDFCBANK.NS', 'BANDHANBNK.NS', 'AUBANK.NS', 'GMRAIRPORT.NS', 'IDFCFIRSTB.NS', 'RBLBANK.NS', 'INDUSINDBK.NS']
2026-08-27 13:53:03,050 [INFO] __main__: Scoring validation passed: 191 companies ranked, all scores in valid range
2026-08-27 13:53:03,050 [INFO] __main__: === Stage 4/8: Comps + DuPont ===
2026-08-27 13:53:03,061 [INFO] src.comps_dupont: Comps + DuPont report for top 10 -> data/processed/comps_dupont_report.csv
2026-08-27 13:53:03,062 [WARNING] src.comps_dupont: 1 companies have a DuPont-implied ROE that diverges >5pp from reported ROE (possible data inconsistency, worth a manual check): ['IOB.NS']
2026-08-27 13:53:03,062 [INFO] __main__: === Stage 5/8: Explainability ===
2026-08-27 13:53:03,098 [INFO] src.explainability: Explanations for top 10 companies -> data/processed/explanations.csv
2026-08-27 13:53:03,099 [INFO] __main__: === Stage 6/8: Baseline Comparison ===
2026-08-27 13:53:03,105 [INFO] src.baseline_comparison: Baseline comparison -> data/processed/baseline_comparison.csv
2026-08-27 13:53:03,105 [INFO] __main__: === Stage 7/8: Acquisition Likelihood ===
2026-08-27 13:53:03,109 [INFO] src.acquisition_likelihood: 2 companies excluded from acquisition-likelihood scoring (negative/zero equity — financial distress, not a value-target thesis): ['IDEA.NS', 'GMRAIRPORT.NS']
2026-08-27 13:53:03,119 [INFO] src.acquisition_likelihood: Acquisition likelihood scoring -> data/processed/acquisition_likelihood.csv
2026-08-27 13:53:03,119 [INFO] __main__: === Stage 8/8: Historical Snapshot ===
2026-08-27 13:53:03,126 [INFO] src.history_tracker: Recorded shortlist snapshot for 2026-08-27 (10 companies) -> data/history/shortlist_history.csv (5 distinct days tracked so far)
2026-08-27 13:53:03,131 [INFO] src.history_tracker: Recorded acquisition-likelihood snapshot for 2026-08-27 (10 companies) -> data/history/acquisition_likelihood_history.csv (5 distinct days tracked so far)
2026-08-27 13:53:03,131 [INFO] __main__: === Pipeline completed successfully ===
2026-08-27 13:53:03,131 [INFO] __main__:   ingestion: {'total': 201, 'ok': 200}
2026-08-27 13:53:03,131 [INFO] __main__:   cleaning: {'retained': 191, 'input': 201}
2026-08-27 13:53:03,131 [INFO] __main__:   scoring: {'ranked': 191}
2026-08-27 13:53:03,132 [INFO] __main__:   comps_dupont: {'companies': 10}
2026-08-27 13:53:03,132 [INFO] __main__:   explainability: {'companies': 10}
2026-08-27 13:53:03,132 [INFO] __main__:   baseline_comparison: {'correlation': np.float64(0.4804676842264456), 'overlap_pct': 0.1}
2026-08-27 13:53:03,132 [INFO] __main__:   acquisition_likelihood: {'companies': 10}
2026-08-27 13:53:03,132 [INFO] __main__:   history_tracker: {'recorded': True}
