2026-09-16 08:18:50,243 [INFO] __main__: Logging to file: logs/pipeline_run_2026-09-16T08-18-50Z.log
2026-09-16 08:18:50,243 [INFO] __main__: === Stage 1/8: Ingestion ===
2026-09-16 08:18:50,275 [INFO] src.ingestion: [ACC.NS] fetching fresh data
2026-09-16 08:18:51,879 [INFO] src.ingestion: [AMBUJACEM.NS] fetching fresh data
2026-09-16 08:18:52,721 [INFO] src.ingestion: [ULTRACEMCO.NS] fetching fresh data
2026-09-16 08:18:53,596 [INFO] src.ingestion: [SHREECEM.NS] fetching fresh data
2026-09-16 08:18:54,499 [INFO] src.ingestion: [JKCEMENT.NS] fetching fresh data
2026-09-16 08:18:55,262 [INFO] src.ingestion: [RAMCOCEM.NS] fetching fresh data
2026-09-16 08:18:56,048 [INFO] src.ingestion: [HEIDELBERG.NS] fetching fresh data
2026-09-16 08:18:56,801 [INFO] src.ingestion: [DALBHARAT.NS] fetching fresh data
2026-09-16 08:18:57,642 [INFO] src.ingestion: [INFY.NS] fetching fresh data
2026-09-16 08:18:58,437 [INFO] src.ingestion: [TCS.NS] fetching fresh data
2026-09-16 08:18:59,238 [INFO] src.ingestion: [WIPRO.NS] fetching fresh data
2026-09-16 08:18:59,969 [INFO] src.ingestion: [HCLTECH.NS] fetching fresh data
2026-09-16 08:19:00,782 [INFO] src.ingestion: [TECHM.NS] fetching fresh data
2026-09-16 08:19:01,489 [INFO] src.ingestion: [LTIM.NS] fetching fresh data
2026-09-16 08:19:01,581 [ERROR] yfinance: HTTP Error 404: {"quoteSummary":{"result":null,"error":{"code":"Not Found","description":"Quote not found for symbol: LTIM.NS"}}}
2026-09-16 08:19:01,636 [WARNING] src.ingestion: [LTIM.NS] attempt 1 failed: yfinance returned an empty info payload for LTIM.NS (no exception, but no usable data — likely a transient Yahoo-side issue or an invalid/delisted symbol)
2026-09-16 08:19:03,741 [ERROR] yfinance: HTTP Error 404: {"quoteSummary":{"result":null,"error":{"code":"Not Found","description":"Quote not found for symbol: LTIM.NS"}}}
2026-09-16 08:19:03,763 [WARNING] src.ingestion: [LTIM.NS] attempt 2 failed: yfinance returned an empty info payload for LTIM.NS (no exception, but no usable data — likely a transient Yahoo-side issue or an invalid/delisted symbol)
2026-09-16 08:19:07,859 [ERROR] yfinance: HTTP Error 404: {"quoteSummary":{"result":null,"error":{"code":"Not Found","description":"Quote not found for symbol: LTIM.NS"}}}
2026-09-16 08:19:07,883 [WARNING] src.ingestion: [LTIM.NS] attempt 3 failed: yfinance returned an empty info payload for LTIM.NS (no exception, but no usable data — likely a transient Yahoo-side issue or an invalid/delisted symbol)
2026-09-16 08:19:08,284 [INFO] src.ingestion: [PERSISTENT.NS] fetching fresh data
2026-09-16 08:19:09,118 [INFO] src.ingestion: [COFORGE.NS] fetching fresh data
2026-09-16 08:19:09,888 [INFO] src.ingestion: [MPHASIS.NS] fetching fresh data
2026-09-16 08:19:10,636 [INFO] src.ingestion: [LTTS.NS] fetching fresh data
2026-09-16 08:19:11,386 [INFO] src.ingestion: [TATAELXSI.NS] fetching fresh data
2026-09-16 08:19:12,130 [INFO] src.ingestion: [CYIENT.NS] fetching fresh data
2026-09-16 08:19:12,893 [INFO] src.ingestion: [KPITTECH.NS] fetching fresh data
2026-09-16 08:19:13,749 [INFO] src.ingestion: [HDFCBANK.NS] fetching fresh data
2026-09-16 08:19:14,495 [INFO] src.ingestion: [ICICIBANK.NS] fetching fresh data
2026-09-16 08:19:15,295 [INFO] src.ingestion: [SBIN.NS] fetching fresh data
2026-09-16 08:19:16,089 [INFO] src.ingestion: [AXISBANK.NS] fetching fresh data
2026-09-16 08:19:16,843 [INFO] src.ingestion: [KOTAKBANK.NS] fetching fresh data
2026-09-16 08:19:17,607 [INFO] src.ingestion: [INDUSINDBK.NS] fetching fresh data
2026-09-16 08:19:18,336 [INFO] src.ingestion: [FEDERALBNK.NS] fetching fresh data
2026-09-16 08:19:19,122 [INFO] src.ingestion: [BANDHANBNK.NS] fetching fresh data
2026-09-16 08:19:19,811 [INFO] src.ingestion: [IDFCFIRSTB.NS] fetching fresh data
2026-09-16 08:19:20,554 [INFO] src.ingestion: [PNB.NS] fetching fresh data
2026-09-16 08:19:21,287 [INFO] src.ingestion: [BANKBARODA.NS] fetching fresh data
2026-09-16 08:19:22,016 [INFO] src.ingestion: [CANBK.NS] fetching fresh data
2026-09-16 08:19:22,716 [INFO] src.ingestion: [UNIONBANK.NS] fetching fresh data
2026-09-16 08:19:23,456 [INFO] src.ingestion: [AUBANK.NS] fetching fresh data
2026-09-16 08:19:24,240 [INFO] src.ingestion: [RBLBANK.NS] fetching fresh data
2026-09-16 08:19:25,039 [INFO] src.ingestion: [BANKINDIA.NS] fetching fresh data
2026-09-16 08:19:25,694 [INFO] src.ingestion: [CENTRALBK.NS] fetching fresh data
2026-09-16 08:19:26,465 [INFO] src.ingestion: [IOB.NS] fetching fresh data
2026-09-16 08:19:27,173 [INFO] src.ingestion: [UCOBANK.NS] fetching fresh data
2026-09-16 08:19:27,875 [INFO] src.ingestion: [BAJFINANCE.NS] fetching fresh data
2026-09-16 08:19:28,613 [INFO] src.ingestion: [BAJAJFINSV.NS] fetching fresh data
2026-09-16 08:19:29,428 [INFO] src.ingestion: [CHOLAFIN.NS] fetching fresh data
2026-09-16 08:19:30,125 [INFO] src.ingestion: [MUTHOOTFIN.NS] fetching fresh data
2026-09-16 08:19:30,938 [INFO] src.ingestion: [LICHSGFIN.NS] fetching fresh data
2026-09-16 08:19:31,685 [INFO] src.ingestion: [SHRIRAMFIN.NS] fetching fresh data
2026-09-16 08:19:32,441 [INFO] src.ingestion: [PFC.NS] fetching fresh data
2026-09-16 08:19:33,251 [INFO] src.ingestion: [RECLTD.NS] fetching fresh data
2026-09-16 08:19:33,950 [INFO] src.ingestion: [IRFC.NS] fetching fresh data
2026-09-16 08:19:34,808 [INFO] src.ingestion: [HUDCO.NS] fetching fresh data
2026-09-16 08:19:35,701 [INFO] src.ingestion: [BAJAJHLDNG.NS] fetching fresh data
2026-09-16 08:19:36,531 [INFO] src.ingestion: [SBICARD.NS] fetching fresh data
2026-09-16 08:19:37,290 [INFO] src.ingestion: [MANAPPURAM.NS] fetching fresh data
2026-09-16 08:19:37,954 [INFO] src.ingestion: [POONAWALLA.NS] fetching fresh data
2026-09-16 08:19:38,710 [INFO] src.ingestion: [HDFCLIFE.NS] fetching fresh data
2026-09-16 08:19:39,459 [INFO] src.ingestion: [SBILIFE.NS] fetching fresh data
2026-09-16 08:19:40,256 [INFO] src.ingestion: [ICICIPRULI.NS] fetching fresh data
2026-09-16 08:19:41,038 [INFO] src.ingestion: [ICICIGI.NS] fetching fresh data
2026-09-16 08:19:41,795 [INFO] src.ingestion: [LICI.NS] fetching fresh data
2026-09-16 08:19:42,478 [INFO] src.ingestion: [GICRE.NS] fetching fresh data
2026-09-16 08:19:43,210 [INFO] src.ingestion: [MARUTI.NS] fetching fresh data
2026-09-16 08:19:44,042 [INFO] src.ingestion: [TMPV.NS] fetching fresh data
2026-09-16 08:19:44,910 [INFO] src.ingestion: [TMCV.NS] fetching fresh data
2026-09-16 08:19:45,585 [INFO] src.ingestion: [M&M.NS] fetching fresh data
2026-09-16 08:19:46,430 [INFO] src.ingestion: [EICHERMOT.NS] fetching fresh data
2026-09-16 08:19:47,226 [INFO] src.ingestion: [HEROMOTOCO.NS] fetching fresh data
2026-09-16 08:19:48,151 [INFO] src.ingestion: [BAJAJ-AUTO.NS] fetching fresh data
2026-09-16 08:19:48,915 [INFO] src.ingestion: [TVSMOTOR.NS] fetching fresh data
2026-09-16 08:19:49,787 [INFO] src.ingestion: [ASHOKLEY.NS] fetching fresh data
2026-09-16 08:19:50,588 [INFO] src.ingestion: [BHARATFORG.NS] fetching fresh data
2026-09-16 08:19:51,307 [INFO] src.ingestion: [MOTHERSON.NS] fetching fresh data
2026-09-16 08:19:52,115 [INFO] src.ingestion: [BOSCHLTD.NS] fetching fresh data
2026-09-16 08:19:52,928 [INFO] src.ingestion: [MRF.NS] fetching fresh data
2026-09-16 08:19:53,693 [INFO] src.ingestion: [ENDURANCE.NS] fetching fresh data
2026-09-16 08:19:54,436 [INFO] src.ingestion: [EXIDEIND.NS] fetching fresh data
2026-09-16 08:19:55,227 [INFO] src.ingestion: [ARE&M.NS] fetching fresh data
2026-09-16 08:19:55,941 [INFO] src.ingestion: [SUNDRMFAST.NS] fetching fresh data
2026-09-16 08:19:56,710 [INFO] src.ingestion: [UNOMINDA.NS] fetching fresh data
2026-09-16 08:19:57,497 [INFO] src.ingestion: [SUNPHARMA.NS] fetching fresh data
2026-09-16 08:19:58,277 [INFO] src.ingestion: [DRREDDY.NS] fetching fresh data
2026-09-16 08:19:59,060 [INFO] src.ingestion: [CIPLA.NS] fetching fresh data
2026-09-16 08:19:59,881 [INFO] src.ingestion: [DIVISLAB.NS] fetching fresh data
2026-09-16 08:20:00,798 [INFO] src.ingestion: [LUPIN.NS] fetching fresh data
2026-09-16 08:20:01,626 [INFO] src.ingestion: [AUROPHARMA.NS] fetching fresh data
2026-09-16 08:20:02,418 [INFO] src.ingestion: [BIOCON.NS] fetching fresh data
2026-09-16 08:20:03,223 [INFO] src.ingestion: [TORNTPHARM.NS] fetching fresh data
2026-09-16 08:20:03,999 [INFO] src.ingestion: [ALKEM.NS] fetching fresh data
2026-09-16 08:20:04,823 [INFO] src.ingestion: [ABBOTINDIA.NS] fetching fresh data
2026-09-16 08:20:05,564 [INFO] src.ingestion: [APOLLOHOSP.NS] fetching fresh data
2026-09-16 08:20:06,299 [INFO] src.ingestion: [FORTIS.NS] fetching fresh data
2026-09-16 08:20:07,016 [INFO] src.ingestion: [LALPATHLAB.NS] fetching fresh data
2026-09-16 08:20:07,712 [INFO] src.ingestion: [METROPOLIS.NS] fetching fresh data
2026-09-16 08:20:08,518 [INFO] src.ingestion: [GLAND.NS] fetching fresh data
2026-09-16 08:20:09,345 [INFO] src.ingestion: [LAURUSLABS.NS] fetching fresh data
2026-09-16 08:20:10,144 [INFO] src.ingestion: [GLENMARK.NS] fetching fresh data
2026-09-16 08:20:11,008 [INFO] src.ingestion: [IPCALAB.NS] fetching fresh data
2026-09-16 08:20:11,742 [INFO] src.ingestion: [HINDUNILVR.NS] fetching fresh data
2026-09-16 08:20:12,510 [INFO] src.ingestion: [ITC.NS] fetching fresh data
2026-09-16 08:20:13,321 [INFO] src.ingestion: [NESTLEIND.NS] fetching fresh data
2026-09-16 08:20:14,135 [INFO] src.ingestion: [BRITANNIA.NS] fetching fresh data
2026-09-16 08:20:14,879 [INFO] src.ingestion: [DABUR.NS] fetching fresh data
2026-09-16 08:20:15,723 [INFO] src.ingestion: [GODREJCP.NS] fetching fresh data
2026-09-16 08:20:16,531 [INFO] src.ingestion: [MARICO.NS] fetching fresh data
2026-09-16 08:20:17,243 [INFO] src.ingestion: [COLPAL.NS] fetching fresh data
2026-09-16 08:20:18,092 [INFO] src.ingestion: [TATACONSUM.NS] fetching fresh data
2026-09-16 08:20:18,909 [INFO] src.ingestion: [VBL.NS] fetching fresh data
2026-09-16 08:20:19,725 [INFO] src.ingestion: [UNITDSPR.NS] fetching fresh data
2026-09-16 08:20:20,437 [INFO] src.ingestion: [EMAMILTD.NS] fetching fresh data
2026-09-16 08:20:21,202 [INFO] src.ingestion: [TATASTEEL.NS] fetching fresh data
2026-09-16 08:20:21,933 [INFO] src.ingestion: [JSWSTEEL.NS] fetching fresh data
2026-09-16 08:20:22,783 [INFO] src.ingestion: [HINDALCO.NS] fetching fresh data
2026-09-16 08:20:23,504 [INFO] src.ingestion: [VEDL.NS] fetching fresh data
2026-09-16 08:20:24,381 [INFO] src.ingestion: [COALINDIA.NS] fetching fresh data
2026-09-16 08:20:25,151 [INFO] src.ingestion: [NMDC.NS] fetching fresh data
2026-09-16 08:20:26,044 [INFO] src.ingestion: [SAIL.NS] fetching fresh data
2026-09-16 08:20:26,788 [INFO] src.ingestion: [JINDALSTEL.NS] fetching fresh data
2026-09-16 08:20:27,592 [INFO] src.ingestion: [APLAPOLLO.NS] fetching fresh data
2026-09-16 08:20:28,359 [INFO] src.ingestion: [NATIONALUM.NS] fetching fresh data
2026-09-16 08:20:29,144 [INFO] src.ingestion: [HINDCOPPER.NS] fetching fresh data
2026-09-16 08:20:29,945 [INFO] src.ingestion: [RATNAMANI.NS] fetching fresh data
2026-09-16 08:20:30,723 [INFO] src.ingestion: [HINDZINC.NS] fetching fresh data
2026-09-16 08:20:31,542 [INFO] src.ingestion: [WELCORP.NS] fetching fresh data
2026-09-16 08:20:32,313 [INFO] src.ingestion: [JSL.NS] fetching fresh data
2026-09-16 08:20:33,084 [INFO] src.ingestion: [RELIANCE.NS] fetching fresh data
2026-09-16 08:20:33,844 [INFO] src.ingestion: [ONGC.NS] fetching fresh data
2026-09-16 08:20:34,597 [INFO] src.ingestion: [BPCL.NS] fetching fresh data
2026-09-16 08:20:35,305 [INFO] src.ingestion: [IOC.NS] fetching fresh data
2026-09-16 08:20:36,115 [INFO] src.ingestion: [GAIL.NS] fetching fresh data
2026-09-16 08:20:36,880 [INFO] src.ingestion: [NTPC.NS] fetching fresh data
2026-09-16 08:20:37,760 [INFO] src.ingestion: [POWERGRID.NS] fetching fresh data
2026-09-16 08:20:38,574 [INFO] src.ingestion: [TATAPOWER.NS] fetching fresh data
2026-09-16 08:20:39,298 [INFO] src.ingestion: [ADANIGREEN.NS] fetching fresh data
2026-09-16 08:20:40,046 [INFO] src.ingestion: [ADANIPOWER.NS] fetching fresh data
2026-09-16 08:20:40,871 [INFO] src.ingestion: [TORNTPOWER.NS] fetching fresh data
2026-09-16 08:20:41,599 [INFO] src.ingestion: [LT.NS] fetching fresh data
2026-09-16 08:20:42,479 [INFO] src.ingestion: [SIEMENS.NS] fetching fresh data
2026-09-16 08:20:43,247 [INFO] src.ingestion: [ABB.NS] fetching fresh data
2026-09-16 08:20:43,950 [INFO] src.ingestion: [HAL.NS] fetching fresh data
2026-09-16 08:20:44,637 [INFO] src.ingestion: [BEL.NS] fetching fresh data
2026-09-16 08:20:45,484 [INFO] src.ingestion: [BHEL.NS] fetching fresh data
2026-09-16 08:20:46,238 [INFO] src.ingestion: [CUMMINSIND.NS] fetching fresh data
2026-09-16 08:20:47,020 [INFO] src.ingestion: [THERMAX.NS] fetching fresh data
2026-09-16 08:20:47,795 [INFO] src.ingestion: [POLYCAB.NS] fetching fresh data
2026-09-16 08:20:48,621 [INFO] src.ingestion: [KEI.NS] fetching fresh data
2026-09-16 08:20:49,342 [INFO] src.ingestion: [HAVELLS.NS] fetching fresh data
2026-09-16 08:20:50,111 [INFO] src.ingestion: [CROMPTON.NS] fetching fresh data
2026-09-16 08:20:50,859 [INFO] src.ingestion: [SUPREMEIND.NS] fetching fresh data
2026-09-16 08:20:51,675 [INFO] src.ingestion: [ASTRAL.NS] fetching fresh data
2026-09-16 08:20:52,472 [INFO] src.ingestion: [GRINDWELL.NS] fetching fresh data
2026-09-16 08:20:53,274 [INFO] src.ingestion: [CARBORUNIV.NS] fetching fresh data
2026-09-16 08:20:54,017 [INFO] src.ingestion: [TIMKEN.NS] fetching fresh data
2026-09-16 08:20:54,824 [INFO] src.ingestion: [SKFINDIA.NS] fetching fresh data
2026-09-16 08:20:55,717 [INFO] src.ingestion: [SRF.NS] fetching fresh data
2026-09-16 08:20:56,413 [INFO] src.ingestion: [PIIND.NS] fetching fresh data
2026-09-16 08:20:57,149 [INFO] src.ingestion: [DEEPAKNTR.NS] fetching fresh data
2026-09-16 08:20:58,095 [INFO] src.ingestion: [AARTIIND.NS] fetching fresh data
2026-09-16 08:20:58,888 [INFO] src.ingestion: [NAVINFLUOR.NS] fetching fresh data
2026-09-16 08:20:59,635 [INFO] src.ingestion: [UPL.NS] fetching fresh data
2026-09-16 08:21:00,411 [INFO] src.ingestion: [COROMANDEL.NS] fetching fresh data
2026-09-16 08:21:01,314 [INFO] src.ingestion: [CHAMBLFERT.NS] fetching fresh data
2026-09-16 08:21:02,105 [INFO] src.ingestion: [GNFC.NS] fetching fresh data
2026-09-16 08:21:02,850 [INFO] src.ingestion: [PIDILITIND.NS] fetching fresh data
2026-09-16 08:21:03,710 [INFO] src.ingestion: [TATACHEM.NS] fetching fresh data
2026-09-16 08:21:04,384 [INFO] src.ingestion: [GHCL.NS] fetching fresh data
2026-09-16 08:21:05,240 [INFO] src.ingestion: [TITAN.NS] fetching fresh data
2026-09-16 08:21:05,988 [INFO] src.ingestion: [DMART.NS] fetching fresh data
2026-09-16 08:21:06,718 [INFO] src.ingestion: [TRENT.NS] fetching fresh data
2026-09-16 08:21:07,500 [INFO] src.ingestion: [BATAINDIA.NS] fetching fresh data
2026-09-16 08:21:08,367 [INFO] src.ingestion: [PAGEIND.NS] fetching fresh data
2026-09-16 08:21:09,089 [INFO] src.ingestion: [JUBLFOOD.NS] fetching fresh data
2026-09-16 08:21:09,908 [INFO] src.ingestion: [VOLTAS.NS] fetching fresh data
2026-09-16 08:21:10,715 [INFO] src.ingestion: [DIXON.NS] fetching fresh data
2026-09-16 08:21:11,530 [INFO] src.ingestion: [RELAXO.NS] fetching fresh data
2026-09-16 08:21:12,221 [INFO] src.ingestion: [KAJARIACER.NS] fetching fresh data
2026-09-16 08:21:13,085 [INFO] src.ingestion: [WHIRLPOOL.NS] fetching fresh data
2026-09-16 08:21:13,848 [INFO] src.ingestion: [BLUESTARCO.NS] fetching fresh data
2026-09-16 08:21:14,581 [INFO] src.ingestion: [PGHH.NS] fetching fresh data
2026-09-16 08:21:15,377 [INFO] src.ingestion: [GILLETTE.NS] fetching fresh data
2026-09-16 08:21:16,088 [INFO] src.ingestion: [BHARTIARTL.NS] fetching fresh data
2026-09-16 08:21:16,803 [INFO] src.ingestion: [IDEA.NS] fetching fresh data
2026-09-16 08:21:17,602 [INFO] src.ingestion: [INDUSTOWER.NS] fetching fresh data
2026-09-16 08:21:18,409 [INFO] src.ingestion: [PVRINOX.NS] fetching fresh data
2026-09-16 08:21:19,173 [INFO] src.ingestion: [ZEEL.NS] fetching fresh data
2026-09-16 08:21:19,890 [INFO] src.ingestion: [ADANIPORTS.NS] fetching fresh data
2026-09-16 08:21:20,636 [INFO] src.ingestion: [ADANIENT.NS] fetching fresh data
2026-09-16 08:21:21,349 [INFO] src.ingestion: [GMRAIRPORT.NS] fetching fresh data
2026-09-16 08:21:22,186 [INFO] src.ingestion: [CONCOR.NS] fetching fresh data
2026-09-16 08:21:23,081 [INFO] src.ingestion: [IRCTC.NS] fetching fresh data
2026-09-16 08:21:23,777 [INFO] src.ingestion: [INDIGO.NS] fetching fresh data
2026-09-16 08:21:24,516 [INFO] src.ingestion: [RVNL.NS] fetching fresh data
2026-09-16 08:21:25,232 [INFO] src.ingestion: [IRCON.NS] fetching fresh data
2026-09-16 08:21:25,993 [INFO] src.ingestion: [NBCC.NS] fetching fresh data
2026-09-16 08:21:26,892 [INFO] src.ingestion: [NCC.NS] fetching fresh data
2026-09-16 08:21:27,770 [INFO] src.ingestion: [MAZDOCK.NS] fetching fresh data
2026-09-16 08:21:28,609 [INFO] src.ingestion: [COCHINSHIP.NS] fetching fresh data
2026-09-16 08:21:29,463 [INFO] src.ingestion: [DLF.NS] fetching fresh data
2026-09-16 08:21:30,295 [INFO] src.ingestion: [GODREJPROP.NS] fetching fresh data
2026-09-16 08:21:31,096 [INFO] src.ingestion: [OBEROIRLTY.NS] fetching fresh data
2026-09-16 08:21:31,903 [INFO] src.ingestion: [PRESTIGE.NS] fetching fresh data
2026-09-16 08:21:32,707 [INFO] src.ingestion: [PHOENIXLTD.NS] fetching fresh data
2026-09-16 08:21:33,489 [INFO] src.ingestion: [SOBHA.NS] fetching fresh data
2026-09-16 08:21:34,292 [INFO] src.ingestion: Fetched 200/201 tickers successfully
2026-09-16 08:21:34,292 [WARNING] src.ingestion: Failed tickers (excluded from downstream, not silently zeroed): ['LTIM.NS']
2026-09-16 08:21:34,292 [INFO] __main__: Ingestion validation passed: 200/201 tickers (100%)
2026-09-16 08:21:34,292 [INFO] __main__: === Stage 2/8: Cleaning ===
2026-09-16 08:21:34,300 [WARNING] src.cleaning: [LTIM.NS] EXCLUDED: ingestion failed: yfinance returned an empty info payload for LTIM.NS (no exception, but no usable data — likely a transient Yahoo-side issue or an invalid/delisted symbol)
2026-09-16 08:21:34,301 [INFO] src.cleaning: [AARTIIND.NS] non-critical missing fields: ['return_on_equity']
2026-09-16 08:21:34,301 [INFO] src.cleaning: [ABBOTINDIA.NS] non-critical missing fields: ['return_on_equity']
2026-09-16 08:21:34,301 [INFO] src.cleaning: [ACC.NS] non-critical missing fields: ['return_on_equity']
2026-09-16 08:21:34,301 [INFO] src.cleaning: [ADANIENT.NS] non-critical missing fields: ['return_on_equity']
2026-09-16 08:21:34,301 [INFO] src.cleaning: [ADANIGREEN.NS] non-critical missing fields: ['return_on_equity']
2026-09-16 08:21:34,301 [INFO] src.cleaning: [ADANIPORTS.NS] non-critical missing fields: ['return_on_equity']
2026-09-16 08:21:34,301 [INFO] src.cleaning: [ADANIPOWER.NS] non-critical missing fields: ['return_on_equity']
2026-09-16 08:21:34,301 [INFO] src.cleaning: [ALKEM.NS] non-critical missing fields: ['return_on_equity']
2026-09-16 08:21:34,301 [INFO] src.cleaning: [AMBUJACEM.NS] non-critical missing fields: ['return_on_equity']
2026-09-16 08:21:34,301 [INFO] src.cleaning: [APLAPOLLO.NS] non-critical missing fields: ['return_on_equity']
2026-09-16 08:21:34,301 [INFO] src.cleaning: [APOLLOHOSP.NS] non-critical missing fields: ['return_on_equity']
2026-09-16 08:21:34,301 [INFO] src.cleaning: [ARE&M.NS] non-critical missing fields: ['return_on_equity']
2026-09-16 08:21:34,301 [INFO] src.cleaning: [ASHOKLEY.NS] non-critical missing fields: ['return_on_equity']
2026-09-16 08:21:34,301 [INFO] src.cleaning: [ASTRAL.NS] non-critical missing fields: ['return_on_equity']
2026-09-16 08:21:34,301 [INFO] src.cleaning: [AUBANK.NS] non-critical missing fields: ['ev_to_ebitda', 'return_on_equity', 'debt_to_equity']
2026-09-16 08:21:34,301 [INFO] src.cleaning: [AUROPHARMA.NS] non-critical missing fields: ['return_on_equity']
2026-09-16 08:21:34,302 [INFO] src.cleaning: [AXISBANK.NS] non-critical missing fields: ['ev_to_ebitda', 'debt_to_equity']
2026-09-16 08:21:34,302 [INFO] src.cleaning: [BAJAJ-AUTO.NS] non-critical missing fields: ['return_on_equity']
2026-09-16 08:21:34,302 [INFO] src.cleaning: [BAJAJFINSV.NS] non-critical missing fields: ['return_on_equity']
2026-09-16 08:21:34,302 [WARNING] src.cleaning: [BAJAJHLDNG.NS] outlier values flagged: ['net_margin']
2026-09-16 08:21:34,302 [INFO] src.cleaning: [BAJFINANCE.NS] non-critical missing fields: ['ev_to_ebitda', 'return_on_equity']
2026-09-16 08:21:34,302 [INFO] src.cleaning: [BANDHANBNK.NS] non-critical missing fields: ['ev_to_ebitda', 'return_on_equity', 'debt_to_equity']
2026-09-16 08:21:34,302 [INFO] src.cleaning: [BANKBARODA.NS] non-critical missing fields: ['ev_to_ebitda', 'debt_to_equity']
2026-09-16 08:21:34,302 [INFO] src.cleaning: [BANKINDIA.NS] non-critical missing fields: ['ev_to_ebitda', 'debt_to_equity']
2026-09-16 08:21:34,302 [INFO] src.cleaning: [BATAINDIA.NS] non-critical missing fields: ['return_on_equity']
2026-09-16 08:21:34,302 [INFO] src.cleaning: [BEL.NS] non-critical missing fields: ['return_on_equity']
2026-09-16 08:21:34,302 [INFO] src.cleaning: [BHARATFORG.NS] non-critical missing fields: ['return_on_equity']
2026-09-16 08:21:34,302 [INFO] src.cleaning: [BHEL.NS] non-critical missing fields: ['return_on_equity']
2026-09-16 08:21:34,302 [INFO] src.cleaning: [BIOCON.NS] non-critical missing fields: ['return_on_equity']
2026-09-16 08:21:34,302 [INFO] src.cleaning: [BLUESTARCO.NS] non-critical missing fields: ['return_on_equity']
2026-09-16 08:21:34,302 [INFO] src.cleaning: [BOSCHLTD.NS] non-critical missing fields: ['return_on_equity']
2026-09-16 08:21:34,302 [INFO] src.cleaning: [BPCL.NS] non-critical missing fields: ['return_on_equity']
2026-09-16 08:21:34,302 [INFO] src.cleaning: [BRITANNIA.NS] non-critical missing fields: ['return_on_equity']
2026-09-16 08:21:34,302 [INFO] src.cleaning: [CANBK.NS] non-critical missing fields: ['ev_to_ebitda', 'return_on_equity', 'debt_to_equity']
2026-09-16 08:21:34,303 [INFO] src.cleaning: [CARBORUNIV.NS] non-critical missing fields: ['return_on_equity']
2026-09-16 08:21:34,303 [INFO] src.cleaning: [CENTRALBK.NS] non-critical missing fields: ['ev_to_ebitda', 'debt_to_equity']
2026-09-16 08:21:34,303 [INFO] src.cleaning: [CHAMBLFERT.NS] non-critical missing fields: ['return_on_equity']
2026-09-16 08:21:34,303 [INFO] src.cleaning: [CHOLAFIN.NS] non-critical missing fields: ['ev_to_ebitda', 'return_on_equity']
2026-09-16 08:21:34,303 [INFO] src.cleaning: [CIPLA.NS] non-critical missing fields: ['return_on_equity']
2026-09-16 08:21:34,303 [INFO] src.cleaning: [COALINDIA.NS] non-critical missing fields: ['return_on_equity']
2026-09-16 08:21:34,303 [INFO] src.cleaning: [COCHINSHIP.NS] non-critical missing fields: ['return_on_equity']
2026-09-16 08:21:34,303 [INFO] src.cleaning: [COFORGE.NS] non-critical missing fields: ['return_on_equity']
2026-09-16 08:21:34,303 [INFO] src.cleaning: [COLPAL.NS] non-critical missing fields: ['return_on_equity']
2026-09-16 08:21:34,303 [INFO] src.cleaning: [CONCOR.NS] non-critical missing fields: ['return_on_equity']
2026-09-16 08:21:34,303 [INFO] src.cleaning: [COROMANDEL.NS] non-critical missing fields: ['return_on_equity']
2026-09-16 08:21:34,303 [INFO] src.cleaning: [CROMPTON.NS] non-critical missing fields: ['trailing_pe', 'return_on_equity']
2026-09-16 08:21:34,303 [INFO] src.cleaning: [CUMMINSIND.NS] non-critical missing fields: ['return_on_equity']
2026-09-16 08:21:34,303 [INFO] src.cleaning: [CYIENT.NS] non-critical missing fields: ['return_on_equity']
2026-09-16 08:21:34,303 [INFO] src.cleaning: [DABUR.NS] non-critical missing fields: ['return_on_equity']
2026-09-16 08:21:34,303 [INFO] src.cleaning: [DALBHARAT.NS] non-critical missing fields: ['return_on_equity']
2026-09-16 08:21:34,303 [INFO] src.cleaning: [DEEPAKNTR.NS] non-critical missing fields: ['return_on_equity']
2026-09-16 08:21:34,304 [INFO] src.cleaning: [DIVISLAB.NS] non-critical missing fields: ['return_on_equity']
2026-09-16 08:21:34,304 [INFO] src.cleaning: [DIXON.NS] non-critical missing fields: ['return_on_equity']
2026-09-16 08:21:34,304 [INFO] src.cleaning: [DMART.NS] non-critical missing fields: ['return_on_equity']
2026-09-16 08:21:34,304 [INFO] src.cleaning: [EICHERMOT.NS] non-critical missing fields: ['return_on_equity']
2026-09-16 08:21:34,304 [INFO] src.cleaning: [EMAMILTD.NS] non-critical missing fields: ['return_on_equity']
2026-09-16 08:21:34,304 [INFO] src.cleaning: [ENDURANCE.NS] non-critical missing fields: ['return_on_equity']
2026-09-16 08:21:34,304 [INFO] src.cleaning: [EXIDEIND.NS] non-critical missing fields: ['return_on_equity']
2026-09-16 08:21:34,304 [INFO] src.cleaning: [FEDERALBNK.NS] non-critical missing fields: ['ev_to_ebitda', 'return_on_equity', 'debt_to_equity']
2026-09-16 08:21:34,304 [INFO] src.cleaning: [FORTIS.NS] non-critical missing fields: ['return_on_equity']
2026-09-16 08:21:34,304 [INFO] src.cleaning: [GAIL.NS] non-critical missing fields: ['return_on_equity']
2026-09-16 08:21:34,304 [INFO] src.cleaning: [GHCL.NS] non-critical missing fields: ['return_on_equity']
2026-09-16 08:21:34,304 [INFO] src.cleaning: [GICRE.NS] non-critical missing fields: ['ev_to_ebitda', 'debt_to_equity']
2026-09-16 08:21:34,304 [INFO] src.cleaning: [GILLETTE.NS] non-critical missing fields: ['return_on_equity']
2026-09-16 08:21:34,304 [INFO] src.cleaning: [GLAND.NS] non-critical missing fields: ['return_on_equity']
2026-09-16 08:21:34,304 [INFO] src.cleaning: [GLENMARK.NS] non-critical missing fields: ['return_on_equity']
2026-09-16 08:21:34,304 [WARNING] src.cleaning: [GMRAIRPORT.NS] negative/zero equity — DuPont ROE math will be invalid downstream
2026-09-16 08:21:34,304 [INFO] src.cleaning: [GMRAIRPORT.NS] non-critical missing fields: ['return_on_equity', 'debt_to_equity']
2026-09-16 08:21:34,304 [INFO] src.cleaning: [GNFC.NS] non-critical missing fields: ['return_on_equity']
2026-09-16 08:21:34,305 [INFO] src.cleaning: [GODREJCP.NS] non-critical missing fields: ['return_on_equity']
2026-09-16 08:21:34,305 [INFO] src.cleaning: [GODREJPROP.NS] non-critical missing fields: ['return_on_equity']
2026-09-16 08:21:34,305 [INFO] src.cleaning: [GRINDWELL.NS] non-critical missing fields: ['return_on_equity']
2026-09-16 08:21:34,305 [INFO] src.cleaning: [HAL.NS] non-critical missing fields: ['return_on_equity']
2026-09-16 08:21:34,305 [INFO] src.cleaning: [HAVELLS.NS] non-critical missing fields: ['return_on_equity']
2026-09-16 08:21:34,305 [WARNING] src.cleaning: [HCLTECH.NS] outlier values flagged: ['ev_to_ebitda']
2026-09-16 08:21:34,305 [INFO] src.cleaning: [HDFCBANK.NS] non-critical missing fields: ['ev_to_ebitda', 'debt_to_equity']
2026-09-16 08:21:34,305 [INFO] src.cleaning: [HEIDELBERG.NS] non-critical missing fields: ['return_on_equity']
2026-09-16 08:21:34,305 [INFO] src.cleaning: [HEROMOTOCO.NS] non-critical missing fields: ['return_on_equity']
2026-09-16 08:21:34,305 [INFO] src.cleaning: [HINDALCO.NS] non-critical missing fields: ['return_on_equity']
2026-09-16 08:21:34,305 [INFO] src.cleaning: [HINDCOPPER.NS] non-critical missing fields: ['return_on_equity']
2026-09-16 08:21:34,305 [INFO] src.cleaning: [HINDUNILVR.NS] non-critical missing fields: ['return_on_equity']
2026-09-16 08:21:34,305 [INFO] src.cleaning: [HINDZINC.NS] non-critical missing fields: ['return_on_equity']
2026-09-16 08:21:34,305 [INFO] src.cleaning: [HUDCO.NS] non-critical missing fields: ['ev_to_ebitda', 'return_on_equity']
2026-09-16 08:21:34,305 [INFO] src.cleaning: [ICICIBANK.NS] non-critical missing fields: ['ev_to_ebitda', 'debt_to_equity']
2026-09-16 08:21:34,305 [INFO] src.cleaning: [ICICIGI.NS] non-critical missing fields: ['debt_to_equity']
2026-09-16 08:21:34,305 [WARNING] src.cleaning: [IDEA.NS] negative/zero equity — DuPont ROE math will be invalid downstream
2026-09-16 08:21:34,306 [INFO] src.cleaning: [IDEA.NS] non-critical missing fields: ['return_on_equity', 'debt_to_equity']
2026-09-16 08:21:34,306 [INFO] src.cleaning: [IDFCFIRSTB.NS] non-critical missing fields: ['ev_to_ebitda', 'return_on_equity', 'debt_to_equity', 'total_debt']
2026-09-16 08:21:34,306 [INFO] src.cleaning: [INDIGO.NS] non-critical missing fields: ['trailing_pe', 'return_on_equity']
2026-09-16 08:21:34,306 [INFO] src.cleaning: [INDUSINDBK.NS] non-critical missing fields: ['ev_to_ebitda', 'return_on_equity', 'debt_to_equity']
2026-09-16 08:21:34,306 [WARNING] src.cleaning: [INFY.NS] outlier values flagged: ['ev_to_ebitda']
2026-09-16 08:21:34,306 [INFO] src.cleaning: [IOB.NS] non-critical missing fields: ['ev_to_ebitda', 'debt_to_equity']
2026-09-16 08:21:34,306 [INFO] src.cleaning: [IOC.NS] non-critical missing fields: ['return_on_equity']
2026-09-16 08:21:34,306 [INFO] src.cleaning: [IPCALAB.NS] non-critical missing fields: ['return_on_equity']
2026-09-16 08:21:34,306 [INFO] src.cleaning: [IRCON.NS] non-critical missing fields: ['return_on_equity']
2026-09-16 08:21:34,306 [INFO] src.cleaning: [IRCTC.NS] non-critical missing fields: ['return_on_equity']
2026-09-16 08:21:34,306 [INFO] src.cleaning: [IRFC.NS] non-critical missing fields: ['ev_to_ebitda', 'return_on_equity']
2026-09-16 08:21:34,306 [INFO] src.cleaning: [ITC.NS] non-critical missing fields: ['return_on_equity']
2026-09-16 08:21:34,306 [INFO] src.cleaning: [JINDALSTEL.NS] non-critical missing fields: ['return_on_equity']
2026-09-16 08:21:34,306 [INFO] src.cleaning: [JKCEMENT.NS] non-critical missing fields: ['return_on_equity']
2026-09-16 08:21:34,306 [INFO] src.cleaning: [JSL.NS] non-critical missing fields: ['return_on_equity']
2026-09-16 08:21:34,306 [INFO] src.cleaning: [JSWSTEEL.NS] non-critical missing fields: ['return_on_equity']
2026-09-16 08:21:34,306 [INFO] src.cleaning: [JUBLFOOD.NS] non-critical missing fields: ['return_on_equity']
2026-09-16 08:21:34,306 [INFO] src.cleaning: [KAJARIACER.NS] non-critical missing fields: ['return_on_equity']
2026-09-16 08:21:34,307 [INFO] src.cleaning: [KEI.NS] non-critical missing fields: ['return_on_equity']
2026-09-16 08:21:34,307 [INFO] src.cleaning: [KOTAKBANK.NS] non-critical missing fields: ['ev_to_ebitda', 'return_on_equity', 'debt_to_equity']
2026-09-16 08:21:34,307 [INFO] src.cleaning: [KPITTECH.NS] non-critical missing fields: ['return_on_equity']
2026-09-16 08:21:34,307 [INFO] src.cleaning: [LALPATHLAB.NS] non-critical missing fields: ['return_on_equity']
2026-09-16 08:21:34,307 [INFO] src.cleaning: [LAURUSLABS.NS] non-critical missing fields: ['return_on_equity']
2026-09-16 08:21:34,307 [INFO] src.cleaning: [LICHSGFIN.NS] non-critical missing fields: ['ev_to_ebitda', 'return_on_equity']
2026-09-16 08:21:34,307 [INFO] src.cleaning: [LICI.NS] non-critical missing fields: ['return_on_equity']
2026-09-16 08:21:34,307 [INFO] src.cleaning: [LTTS.NS] non-critical missing fields: ['return_on_equity']
2026-09-16 08:21:34,307 [INFO] src.cleaning: [LT.NS] non-critical missing fields: ['return_on_equity']
2026-09-16 08:21:34,307 [INFO] src.cleaning: [LUPIN.NS] non-critical missing fields: ['return_on_equity']
2026-09-16 08:21:34,307 [INFO] src.cleaning: [M&M.NS] non-critical missing fields: ['return_on_equity']
2026-09-16 08:21:34,307 [INFO] src.cleaning: [MANAPPURAM.NS] non-critical missing fields: ['ev_to_ebitda', 'return_on_equity']
2026-09-16 08:21:34,307 [INFO] src.cleaning: [MARICO.NS] non-critical missing fields: ['return_on_equity']
2026-09-16 08:21:34,307 [INFO] src.cleaning: [MARUTI.NS] non-critical missing fields: ['return_on_equity']
2026-09-16 08:21:34,307 [INFO] src.cleaning: [MAZDOCK.NS] non-critical missing fields: ['return_on_equity']
2026-09-16 08:21:34,307 [INFO] src.cleaning: [METROPOLIS.NS] non-critical missing fields: ['return_on_equity']
2026-09-16 08:21:34,307 [INFO] src.cleaning: [MOTHERSON.NS] non-critical missing fields: ['return_on_equity']
2026-09-16 08:21:34,307 [INFO] src.cleaning: [MRF.NS] non-critical missing fields: ['return_on_equity']
2026-09-16 08:21:34,308 [INFO] src.cleaning: [MUTHOOTFIN.NS] non-critical missing fields: ['ev_to_ebitda']
2026-09-16 08:21:34,308 [INFO] src.cleaning: [NATIONALUM.NS] non-critical missing fields: ['return_on_equity']
2026-09-16 08:21:34,308 [INFO] src.cleaning: [NAVINFLUOR.NS] non-critical missing fields: ['return_on_equity']
2026-09-16 08:21:34,308 [INFO] src.cleaning: [NBCC.NS] non-critical missing fields: ['return_on_equity']
2026-09-16 08:21:34,308 [INFO] src.cleaning: [NCC.NS] non-critical missing fields: ['return_on_equity']
2026-09-16 08:21:34,308 [INFO] src.cleaning: [NESTLEIND.NS] non-critical missing fields: ['return_on_equity']
2026-09-16 08:21:34,308 [INFO] src.cleaning: [NMDC.NS] non-critical missing fields: ['return_on_equity']
2026-09-16 08:21:34,308 [INFO] src.cleaning: [NTPC.NS] non-critical missing fields: ['return_on_equity']
2026-09-16 08:21:34,308 [INFO] src.cleaning: [OBEROIRLTY.NS] non-critical missing fields: ['return_on_equity']
2026-09-16 08:21:34,308 [INFO] src.cleaning: [ONGC.NS] non-critical missing fields: ['return_on_equity']
2026-09-16 08:21:34,308 [INFO] src.cleaning: [PAGEIND.NS] non-critical missing fields: ['return_on_equity']
2026-09-16 08:21:34,308 [INFO] src.cleaning: [PFC.NS] non-critical missing fields: ['ev_to_ebitda', 'return_on_equity']
2026-09-16 08:21:34,308 [INFO] src.cleaning: [PGHH.NS] non-critical missing fields: ['return_on_equity']
2026-09-16 08:21:34,308 [INFO] src.cleaning: [PHOENIXLTD.NS] non-critical missing fields: ['return_on_equity']
2026-09-16 08:21:34,308 [INFO] src.cleaning: [PIDILITIND.NS] non-critical missing fields: ['return_on_equity']
2026-09-16 08:21:34,308 [INFO] src.cleaning: [PIIND.NS] non-critical missing fields: ['return_on_equity']
2026-09-16 08:21:34,308 [INFO] src.cleaning: [PNB.NS] non-critical missing fields: ['ev_to_ebitda', 'debt_to_equity']
2026-09-16 08:21:34,308 [INFO] src.cleaning: [POONAWALLA.NS] non-critical missing fields: ['ev_to_ebitda', 'return_on_equity']
2026-09-16 08:21:34,308 [INFO] src.cleaning: [POWERGRID.NS] non-critical missing fields: ['return_on_equity']
2026-09-16 08:21:34,308 [INFO] src.cleaning: [PVRINOX.NS] non-critical missing fields: ['return_on_equity']
2026-09-16 08:21:34,309 [INFO] src.cleaning: [RAMCOCEM.NS] non-critical missing fields: ['return_on_equity']
2026-09-16 08:21:34,309 [INFO] src.cleaning: [RATNAMANI.NS] non-critical missing fields: ['return_on_equity']
2026-09-16 08:21:34,309 [INFO] src.cleaning: [RBLBANK.NS] non-critical missing fields: ['ev_to_ebitda', 'return_on_equity', 'debt_to_equity']
2026-09-16 08:21:34,309 [INFO] src.cleaning: [RECLTD.NS] non-critical missing fields: ['ev_to_ebitda', 'return_on_equity']
2026-09-16 08:21:34,309 [INFO] src.cleaning: [RELAXO.NS] non-critical missing fields: ['return_on_equity']
2026-09-16 08:21:34,309 [INFO] src.cleaning: [RELIANCE.NS] non-critical missing fields: ['return_on_equity']
2026-09-16 08:21:34,309 [INFO] src.cleaning: [RVNL.NS] non-critical missing fields: ['return_on_equity']
2026-09-16 08:21:34,309 [INFO] src.cleaning: [SAIL.NS] non-critical missing fields: ['return_on_equity']
2026-09-16 08:21:34,309 [INFO] src.cleaning: [SBICARD.NS] non-critical missing fields: ['ev_to_ebitda', 'return_on_equity']
2026-09-16 08:21:34,309 [INFO] src.cleaning: [SBILIFE.NS] non-critical missing fields: ['debt_to_equity']
2026-09-16 08:21:34,309 [INFO] src.cleaning: [SBIN.NS] non-critical missing fields: ['ev_to_ebitda', 'debt_to_equity']
2026-09-16 08:21:34,309 [INFO] src.cleaning: [SHREECEM.NS] non-critical missing fields: ['return_on_equity']
2026-09-16 08:21:34,309 [INFO] src.cleaning: [SHRIRAMFIN.NS] non-critical missing fields: ['ev_to_ebitda']
2026-09-16 08:21:34,309 [INFO] src.cleaning: [SIEMENS.NS] non-critical missing fields: ['return_on_equity']
2026-09-16 08:21:34,309 [INFO] src.cleaning: [SKFINDIA.NS] non-critical missing fields: ['return_on_equity']
2026-09-16 08:21:34,309 [INFO] src.cleaning: [SOBHA.NS] non-critical missing fields: ['return_on_equity']
2026-09-16 08:21:34,309 [INFO] src.cleaning: [SRF.NS] non-critical missing fields: ['return_on_equity']
2026-09-16 08:21:34,309 [INFO] src.cleaning: [SUNDRMFAST.NS] non-critical missing fields: ['return_on_equity']
2026-09-16 08:21:34,309 [INFO] src.cleaning: [SUNPHARMA.NS] non-critical missing fields: ['return_on_equity']
2026-09-16 08:21:34,309 [INFO] src.cleaning: [SUPREMEIND.NS] non-critical missing fields: ['return_on_equity']
2026-09-16 08:21:34,309 [INFO] src.cleaning: [TATACHEM.NS] non-critical missing fields: ['trailing_pe', 'return_on_equity']
2026-09-16 08:21:34,309 [INFO] src.cleaning: [TATACONSUM.NS] non-critical missing fields: ['return_on_equity']
2026-09-16 08:21:34,310 [INFO] src.cleaning: [TATAELXSI.NS] non-critical missing fields: ['return_on_equity']
2026-09-16 08:21:34,310 [INFO] src.cleaning: [TATAPOWER.NS] non-critical missing fields: ['return_on_equity']
2026-09-16 08:21:34,310 [INFO] src.cleaning: [TATASTEEL.NS] non-critical missing fields: ['return_on_equity']
2026-09-16 08:21:34,310 [INFO] src.cleaning: [TECHM.NS] non-critical missing fields: ['return_on_equity']
2026-09-16 08:21:34,310 [INFO] src.cleaning: [THERMAX.NS] non-critical missing fields: ['return_on_equity']
2026-09-16 08:21:34,310 [INFO] src.cleaning: [TIMKEN.NS] non-critical missing fields: ['return_on_equity']
2026-09-16 08:21:34,310 [INFO] src.cleaning: [TITAN.NS] non-critical missing fields: ['return_on_equity']
2026-09-16 08:21:34,310 [INFO] src.cleaning: [TMCV.NS] non-critical missing fields: ['return_on_equity']
2026-09-16 08:21:34,310 [INFO] src.cleaning: [TMPV.NS] non-critical missing fields: ['trailing_pe', 'return_on_equity']
2026-09-16 08:21:34,310 [INFO] src.cleaning: [TORNTPHARM.NS] non-critical missing fields: ['return_on_equity']
2026-09-16 08:21:34,310 [INFO] src.cleaning: [TORNTPOWER.NS] non-critical missing fields: ['return_on_equity']
2026-09-16 08:21:34,310 [INFO] src.cleaning: [TRENT.NS] non-critical missing fields: ['return_on_equity']
2026-09-16 08:21:34,310 [INFO] src.cleaning: [TVSMOTOR.NS] non-critical missing fields: ['return_on_equity']
2026-09-16 08:21:34,310 [INFO] src.cleaning: [UCOBANK.NS] non-critical missing fields: ['ev_to_ebitda', 'debt_to_equity']
2026-09-16 08:21:34,310 [INFO] src.cleaning: [ULTRACEMCO.NS] non-critical missing fields: ['return_on_equity']
2026-09-16 08:21:34,310 [INFO] src.cleaning: [UNIONBANK.NS] non-critical missing fields: ['ev_to_ebitda', 'debt_to_equity', 'revenue_growth', 'total_debt']
2026-09-16 08:21:34,310 [INFO] src.cleaning: [UNITDSPR.NS] non-critical missing fields: ['return_on_equity']
2026-09-16 08:21:34,310 [INFO] src.cleaning: [UNOMINDA.NS] non-critical missing fields: ['return_on_equity']
2026-09-16 08:21:34,311 [INFO] src.cleaning: [UPL.NS] non-critical missing fields: ['return_on_equity']
2026-09-16 08:21:34,311 [INFO] src.cleaning: [VEDL.NS] non-critical missing fields: ['return_on_equity']
2026-09-16 08:21:34,311 [INFO] src.cleaning: [VOLTAS.NS] non-critical missing fields: ['return_on_equity']
2026-09-16 08:21:34,311 [INFO] src.cleaning: [WELCORP.NS] non-critical missing fields: ['return_on_equity']
2026-09-16 08:21:34,311 [INFO] src.cleaning: [WHIRLPOOL.NS] non-critical missing fields: ['return_on_equity']
2026-09-16 08:21:34,311 [INFO] src.cleaning: [ZEEL.NS] non-critical missing fields: ['return_on_equity']
2026-09-16 08:21:34,322 [INFO] src.cleaning: Cleaned 200/201 tickers -> data/processed/cleaned_universe.csv
2026-09-16 08:21:34,322 [INFO] src.cleaning: Full flag audit trail -> data/processed/cleaning_flags.csv
2026-09-16 08:21:34,322 [INFO] __main__: Cleaning validation passed: 200/201 tickers retained (100%)
2026-09-16 08:21:34,322 [INFO] __main__: === Stage 3/8: Scoring ===
2026-09-16 08:21:34,381 [INFO] src.scoring: Scored 200 companies -> data/processed/scored_universe.csv
2026-09-16 08:21:34,381 [INFO] src.scoring: Top 10 shortlist -> data/processed/shortlist_top_n.csv
2026-09-16 08:21:34,382 [WARNING] src.scoring: 24 companies scored on fewer than all 4 buckets (reweighted, not zero-filled) — see 'buckets_used' column: ['UNIONBANK.NS', 'IOB.NS', 'BANKINDIA.NS', 'CANBK.NS', 'PNB.NS', 'ICICIGI.NS', 'IDEA.NS', 'GICRE.NS', 'UCOBANK.NS', 'FEDERALBNK.NS', 'BANKBARODA.NS', 'CENTRALBK.NS', 'AXISBANK.NS', 'KOTAKBANK.NS', 'ICICIBANK.NS', 'SBILIFE.NS', 'SBIN.NS', 'HDFCBANK.NS', 'AUBANK.NS', 'IDFCFIRSTB.NS', 'BANDHANBNK.NS', 'GMRAIRPORT.NS', 'RBLBANK.NS', 'INDUSINDBK.NS']
2026-09-16 08:21:34,383 [INFO] __main__: Scoring validation passed: 200 companies ranked, all scores in valid range
2026-09-16 08:21:34,383 [INFO] __main__: === Stage 4/8: Comps + DuPont ===
2026-09-16 08:21:34,395 [INFO] src.comps_dupont: Comps + DuPont report for top 10 -> data/processed/comps_dupont_report.csv
2026-09-16 08:21:34,395 [WARNING] src.comps_dupont: 1 companies have a DuPont-implied ROE that diverges >5pp from reported ROE (possible data inconsistency, worth a manual check): ['IOB.NS']
2026-09-16 08:21:34,396 [INFO] __main__: === Stage 5/8: Explainability ===
2026-09-16 08:21:34,431 [INFO] src.explainability: Explanations for top 10 companies -> data/processed/explanations.csv
2026-09-16 08:21:34,431 [INFO] __main__: === Stage 6/8: Baseline Comparison ===
2026-09-16 08:21:34,438 [INFO] src.baseline_comparison: Baseline comparison -> data/processed/baseline_comparison.csv
2026-09-16 08:21:34,438 [INFO] __main__: === Stage 7/8: Acquisition Likelihood ===
2026-09-16 08:21:34,441 [INFO] src.acquisition_likelihood: 2 companies excluded from acquisition-likelihood scoring (negative/zero equity — financial distress, not a value-target thesis): ['IDEA.NS', 'GMRAIRPORT.NS']
2026-09-16 08:21:34,452 [INFO] src.acquisition_likelihood: Acquisition likelihood scoring -> data/processed/acquisition_likelihood.csv
2026-09-16 08:21:34,452 [INFO] __main__: === Stage 8/8: Historical Snapshot ===
2026-09-16 08:21:34,459 [INFO] src.history_tracker: Recorded shortlist snapshot for 2026-09-16 (10 companies) -> data/history/shortlist_history.csv (5 distinct days tracked so far)
2026-09-16 08:21:34,464 [INFO] src.history_tracker: Recorded acquisition-likelihood snapshot for 2026-09-16 (10 companies) -> data/history/acquisition_likelihood_history.csv (5 distinct days tracked so far)
2026-09-16 08:21:34,464 [INFO] __main__: === Pipeline completed successfully ===
2026-09-16 08:21:34,464 [INFO] __main__:   ingestion: {'total': 201, 'ok': 200}
2026-09-16 08:21:34,464 [INFO] __main__:   cleaning: {'retained': 200, 'input': 201}
2026-09-16 08:21:34,464 [INFO] __main__:   scoring: {'ranked': 200}
2026-09-16 08:21:34,464 [INFO] __main__:   comps_dupont: {'companies': 10}
2026-09-16 08:21:34,464 [INFO] __main__:   explainability: {'companies': 10}
2026-09-16 08:21:34,464 [INFO] __main__:   baseline_comparison: {'correlation': np.float64(0.4754320386381173), 'overlap_pct': 0.0}
2026-09-16 08:21:34,464 [INFO] __main__:   acquisition_likelihood: {'companies': 10}
2026-09-16 08:21:34,464 [INFO] __main__:   history_tracker: {'recorded': True}
