2026-07-09 19:58:43,269 [INFO] __main__: Logging to file: logs/pipeline_run_2026-07-09T19-58-43Z.log
2026-07-09 19:58:43,269 [INFO] __main__: === Stage 1/8: Ingestion ===
2026-07-09 19:58:43,301 [INFO] src.ingestion: [ACC.NS] fetching fresh data
2026-07-09 19:58:45,031 [INFO] src.ingestion: [AMBUJACEM.NS] fetching fresh data
2026-07-09 19:58:47,761 [INFO] src.ingestion: [ULTRACEMCO.NS] fetching fresh data
2026-07-09 19:58:49,434 [INFO] src.ingestion: [SHREECEM.NS] fetching fresh data
2026-07-09 19:58:50,828 [INFO] src.ingestion: [JKCEMENT.NS] fetching fresh data
2026-07-09 19:58:52,325 [INFO] src.ingestion: [RAMCOCEM.NS] fetching fresh data
2026-07-09 19:58:53,658 [INFO] src.ingestion: [HEIDELBERG.NS] fetching fresh data
2026-07-09 19:58:55,703 [INFO] src.ingestion: [DALBHARAT.NS] fetching fresh data
2026-07-09 19:58:58,009 [INFO] src.ingestion: [INFY.NS] fetching fresh data
2026-07-09 19:58:59,739 [INFO] src.ingestion: [TCS.NS] fetching fresh data
2026-07-09 19:59:01,919 [INFO] src.ingestion: [WIPRO.NS] fetching fresh data
2026-07-09 19:59:04,040 [INFO] src.ingestion: [HCLTECH.NS] fetching fresh data
2026-07-09 19:59:05,446 [INFO] src.ingestion: [TECHM.NS] fetching fresh data
2026-07-09 19:59:07,043 [INFO] src.ingestion: [LTIM.NS] fetching fresh data
2026-07-09 19:59:07,299 [ERROR] yfinance: HTTP Error 404: {"quoteSummary":{"result":null,"error":{"code":"Not Found","description":"Quote not found for symbol: LTIM.NS"}}}
2026-07-09 19:59:07,513 [WARNING] src.ingestion: [LTIM.NS] attempt 1 failed: yfinance returned an empty info payload for LTIM.NS (no exception, but no usable data — likely a transient Yahoo-side issue or an invalid/delisted symbol)
2026-07-09 19:59:09,761 [ERROR] yfinance: HTTP Error 404: {"quoteSummary":{"result":null,"error":{"code":"Not Found","description":"Quote not found for symbol: LTIM.NS"}}}
2026-07-09 19:59:09,861 [WARNING] src.ingestion: [LTIM.NS] attempt 2 failed: yfinance returned an empty info payload for LTIM.NS (no exception, but no usable data — likely a transient Yahoo-side issue or an invalid/delisted symbol)
2026-07-09 19:59:14,107 [ERROR] yfinance: HTTP Error 404: {"quoteSummary":{"result":null,"error":{"code":"Not Found","description":"Quote not found for symbol: LTIM.NS"}}}
2026-07-09 19:59:14,166 [WARNING] src.ingestion: [LTIM.NS] attempt 3 failed: yfinance returned an empty info payload for LTIM.NS (no exception, but no usable data — likely a transient Yahoo-side issue or an invalid/delisted symbol)
2026-07-09 19:59:14,566 [INFO] src.ingestion: [PERSISTENT.NS] fetching fresh data
2026-07-09 19:59:15,972 [INFO] src.ingestion: [COFORGE.NS] fetching fresh data
2026-07-09 19:59:29,496 [INFO] src.ingestion: [MPHASIS.NS] fetching fresh data
2026-07-09 19:59:30,916 [INFO] src.ingestion: [LTTS.NS] fetching fresh data
2026-07-09 19:59:32,400 [INFO] src.ingestion: [TATAELXSI.NS] fetching fresh data
2026-07-09 19:59:34,210 [INFO] src.ingestion: [CYIENT.NS] fetching fresh data
2026-07-09 19:59:35,683 [INFO] src.ingestion: [KPITTECH.NS] fetching fresh data
2026-07-09 19:59:36,921 [INFO] src.ingestion: [HDFCBANK.NS] fetching fresh data
2026-07-09 19:59:38,270 [INFO] src.ingestion: [ICICIBANK.NS] fetching fresh data
2026-07-09 19:59:40,201 [INFO] src.ingestion: [SBIN.NS] fetching fresh data
2026-07-09 19:59:42,549 [INFO] src.ingestion: [AXISBANK.NS] fetching fresh data
2026-07-09 19:59:43,806 [INFO] src.ingestion: [KOTAKBANK.NS] fetching fresh data
2026-07-09 19:59:45,191 [INFO] src.ingestion: [INDUSINDBK.NS] fetching fresh data
2026-07-09 19:59:46,757 [INFO] src.ingestion: [FEDERALBNK.NS] fetching fresh data
2026-07-09 19:59:48,531 [INFO] src.ingestion: [BANDHANBNK.NS] fetching fresh data
2026-07-09 19:59:49,775 [INFO] src.ingestion: [IDFCFIRSTB.NS] fetching fresh data
2026-07-09 19:59:52,333 [INFO] src.ingestion: [PNB.NS] fetching fresh data
2026-07-09 19:59:53,668 [INFO] src.ingestion: [BANKBARODA.NS] fetching fresh data
2026-07-09 19:59:54,936 [INFO] src.ingestion: [CANBK.NS] fetching fresh data
2026-07-09 19:59:56,764 [INFO] src.ingestion: [UNIONBANK.NS] fetching fresh data
2026-07-09 19:59:58,525 [INFO] src.ingestion: [AUBANK.NS] fetching fresh data
2026-07-09 19:59:59,929 [INFO] src.ingestion: [RBLBANK.NS] fetching fresh data
2026-07-09 20:00:01,401 [INFO] src.ingestion: [BANKINDIA.NS] fetching fresh data
2026-07-09 20:00:05,064 [INFO] src.ingestion: [CENTRALBK.NS] fetching fresh data
2026-07-09 20:00:06,432 [INFO] src.ingestion: [IOB.NS] fetching fresh data
2026-07-09 20:00:08,213 [INFO] src.ingestion: [UCOBANK.NS] fetching fresh data
2026-07-09 20:00:11,635 [INFO] src.ingestion: [BAJFINANCE.NS] fetching fresh data
2026-07-09 20:00:13,352 [INFO] src.ingestion: [BAJAJFINSV.NS] fetching fresh data
2026-07-09 20:00:15,236 [INFO] src.ingestion: [CHOLAFIN.NS] fetching fresh data
2026-07-09 20:00:16,953 [INFO] src.ingestion: [MUTHOOTFIN.NS] fetching fresh data
2026-07-09 20:00:19,028 [INFO] src.ingestion: [LICHSGFIN.NS] fetching fresh data
2026-07-09 20:00:21,332 [INFO] src.ingestion: [SHRIRAMFIN.NS] fetching fresh data
2026-07-09 20:00:23,965 [INFO] src.ingestion: [PFC.NS] fetching fresh data
2026-07-09 20:00:26,732 [INFO] src.ingestion: [RECLTD.NS] fetching fresh data
2026-07-09 20:00:28,335 [INFO] src.ingestion: [IRFC.NS] fetching fresh data
2026-07-09 20:00:32,337 [INFO] src.ingestion: [HUDCO.NS] fetching fresh data
2026-07-09 20:00:34,754 [INFO] src.ingestion: [BAJAJHLDNG.NS] fetching fresh data
2026-07-09 20:00:38,067 [INFO] src.ingestion: [SBICARD.NS] fetching fresh data
2026-07-09 20:00:40,302 [INFO] src.ingestion: [MANAPPURAM.NS] fetching fresh data
2026-07-09 20:00:42,353 [INFO] src.ingestion: [POONAWALLA.NS] fetching fresh data
2026-07-09 20:00:44,930 [INFO] src.ingestion: [HDFCLIFE.NS] fetching fresh data
2026-07-09 20:00:47,167 [INFO] src.ingestion: [SBILIFE.NS] fetching fresh data
2026-07-09 20:00:50,113 [INFO] src.ingestion: [ICICIPRULI.NS] fetching fresh data
2026-07-09 20:00:52,157 [INFO] src.ingestion: [ICICIGI.NS] fetching fresh data
2026-07-09 20:00:54,422 [INFO] src.ingestion: [LICI.NS] fetching fresh data
2026-07-09 20:00:55,703 [INFO] src.ingestion: [GICRE.NS] fetching fresh data
2026-07-09 20:00:57,155 [INFO] src.ingestion: [MARUTI.NS] fetching fresh data
2026-07-09 20:00:59,266 [INFO] src.ingestion: [TMPV.NS] fetching fresh data
2026-07-09 20:01:01,185 [INFO] src.ingestion: [TMCV.NS] fetching fresh data
2026-07-09 20:01:02,904 [INFO] src.ingestion: [M&M.NS] fetching fresh data
2026-07-09 20:01:04,882 [INFO] src.ingestion: [EICHERMOT.NS] fetching fresh data
2026-07-09 20:01:07,623 [INFO] src.ingestion: [HEROMOTOCO.NS] fetching fresh data
2026-07-09 20:01:08,956 [INFO] src.ingestion: [BAJAJ-AUTO.NS] fetching fresh data
2026-07-09 20:01:10,484 [INFO] src.ingestion: [TVSMOTOR.NS] fetching fresh data
2026-07-09 20:01:12,362 [INFO] src.ingestion: [ASHOKLEY.NS] fetching fresh data
2026-07-09 20:01:13,698 [INFO] src.ingestion: [BHARATFORG.NS] fetching fresh data
2026-07-09 20:01:17,159 [INFO] src.ingestion: [MOTHERSON.NS] fetching fresh data
2026-07-09 20:01:19,747 [INFO] src.ingestion: [BOSCHLTD.NS] fetching fresh data
2026-07-09 20:01:22,603 [INFO] src.ingestion: [MRF.NS] fetching fresh data
2026-07-09 20:01:23,863 [INFO] src.ingestion: [ENDURANCE.NS] fetching fresh data
2026-07-09 20:01:25,925 [INFO] src.ingestion: [EXIDEIND.NS] fetching fresh data
2026-07-09 20:01:28,126 [INFO] src.ingestion: [ARE&M.NS] fetching fresh data
2026-07-09 20:01:29,485 [INFO] src.ingestion: [SUNDRMFAST.NS] fetching fresh data
2026-07-09 20:01:31,972 [INFO] src.ingestion: [UNOMINDA.NS] fetching fresh data
2026-07-09 20:01:33,475 [INFO] src.ingestion: [SUNPHARMA.NS] fetching fresh data
2026-07-09 20:01:34,980 [INFO] src.ingestion: [DRREDDY.NS] fetching fresh data
2026-07-09 20:01:37,305 [INFO] src.ingestion: [CIPLA.NS] fetching fresh data
2026-07-09 20:01:38,971 [INFO] src.ingestion: [DIVISLAB.NS] fetching fresh data
2026-07-09 20:01:40,321 [INFO] src.ingestion: [LUPIN.NS] fetching fresh data
2026-07-09 20:01:41,778 [INFO] src.ingestion: [AUROPHARMA.NS] fetching fresh data
2026-07-09 20:01:44,546 [INFO] src.ingestion: [BIOCON.NS] fetching fresh data
2026-07-09 20:01:46,012 [INFO] src.ingestion: [TORNTPHARM.NS] fetching fresh data
2026-07-09 20:01:47,785 [INFO] src.ingestion: [ALKEM.NS] fetching fresh data
2026-07-09 20:01:49,494 [INFO] src.ingestion: [ABBOTINDIA.NS] fetching fresh data
2026-07-09 20:01:51,204 [INFO] src.ingestion: [APOLLOHOSP.NS] fetching fresh data
2026-07-09 20:01:53,130 [INFO] src.ingestion: [FORTIS.NS] fetching fresh data
2026-07-09 20:01:54,746 [INFO] src.ingestion: [LALPATHLAB.NS] fetching fresh data
2026-07-09 20:01:57,397 [INFO] src.ingestion: [METROPOLIS.NS] fetching fresh data
2026-07-09 20:01:59,078 [INFO] src.ingestion: [GLAND.NS] fetching fresh data
2026-07-09 20:02:01,430 [INFO] src.ingestion: [LAURUSLABS.NS] fetching fresh data
2026-07-09 20:02:03,000 [INFO] src.ingestion: [GLENMARK.NS] fetching fresh data
2026-07-09 20:02:05,449 [INFO] src.ingestion: [IPCALAB.NS] fetching fresh data
2026-07-09 20:02:07,051 [INFO] src.ingestion: [HINDUNILVR.NS] fetching fresh data
2026-07-09 20:02:10,022 [INFO] src.ingestion: [ITC.NS] fetching fresh data
2026-07-09 20:02:12,070 [INFO] src.ingestion: [NESTLEIND.NS] fetching fresh data
2026-07-09 20:02:13,835 [INFO] src.ingestion: [BRITANNIA.NS] fetching fresh data
2026-07-09 20:02:15,428 [INFO] src.ingestion: [DABUR.NS] fetching fresh data
2026-07-09 20:02:17,065 [INFO] src.ingestion: [GODREJCP.NS] fetching fresh data
2026-07-09 20:02:18,366 [INFO] src.ingestion: [MARICO.NS] fetching fresh data
2026-07-09 20:02:19,987 [INFO] src.ingestion: [COLPAL.NS] fetching fresh data
2026-07-09 20:02:21,825 [INFO] src.ingestion: [TATACONSUM.NS] fetching fresh data
2026-07-09 20:02:23,371 [INFO] src.ingestion: [VBL.NS] fetching fresh data
2026-07-09 20:02:24,986 [INFO] src.ingestion: [UNITDSPR.NS] fetching fresh data
2026-07-09 20:02:26,653 [INFO] src.ingestion: [EMAMILTD.NS] fetching fresh data
2026-07-09 20:02:28,614 [INFO] src.ingestion: [TATASTEEL.NS] fetching fresh data
2026-07-09 20:02:30,123 [INFO] src.ingestion: [JSWSTEEL.NS] fetching fresh data
2026-07-09 20:02:31,500 [INFO] src.ingestion: [HINDALCO.NS] fetching fresh data
2026-07-09 20:02:33,749 [INFO] src.ingestion: [VEDL.NS] fetching fresh data
2026-07-09 20:02:35,765 [INFO] src.ingestion: [COALINDIA.NS] fetching fresh data
2026-07-09 20:02:37,375 [INFO] src.ingestion: [NMDC.NS] fetching fresh data
2026-07-09 20:02:39,462 [INFO] src.ingestion: [SAIL.NS] fetching fresh data
2026-07-09 20:02:40,798 [INFO] src.ingestion: [JINDALSTEL.NS] fetching fresh data
2026-07-09 20:02:43,264 [INFO] src.ingestion: [APLAPOLLO.NS] fetching fresh data
2026-07-09 20:02:45,159 [INFO] src.ingestion: [NATIONALUM.NS] fetching fresh data
2026-07-09 20:02:46,818 [INFO] src.ingestion: [HINDCOPPER.NS] fetching fresh data
2026-07-09 20:02:48,067 [INFO] src.ingestion: [RATNAMANI.NS] fetching fresh data
2026-07-09 20:02:50,394 [INFO] src.ingestion: [HINDZINC.NS] fetching fresh data
2026-07-09 20:02:51,795 [INFO] src.ingestion: [WELCORP.NS] fetching fresh data
2026-07-09 20:02:53,123 [INFO] src.ingestion: [JSL.NS] fetching fresh data
2026-07-09 20:02:54,992 [INFO] src.ingestion: [RELIANCE.NS] fetching fresh data
2026-07-09 20:02:56,741 [INFO] src.ingestion: [ONGC.NS] fetching fresh data
2026-07-09 20:02:57,977 [INFO] src.ingestion: [BPCL.NS] fetching fresh data
2026-07-09 20:02:59,403 [INFO] src.ingestion: [IOC.NS] fetching fresh data
2026-07-09 20:03:01,686 [INFO] src.ingestion: [GAIL.NS] fetching fresh data
2026-07-09 20:03:05,155 [INFO] src.ingestion: [NTPC.NS] fetching fresh data
2026-07-09 20:03:07,992 [INFO] src.ingestion: [POWERGRID.NS] fetching fresh data
2026-07-09 20:03:09,706 [INFO] src.ingestion: [TATAPOWER.NS] fetching fresh data
2026-07-09 20:03:11,421 [INFO] src.ingestion: [ADANIGREEN.NS] fetching fresh data
2026-07-09 20:03:12,769 [INFO] src.ingestion: [ADANIPOWER.NS] fetching fresh data
2026-07-09 20:03:14,695 [INFO] src.ingestion: [TORNTPOWER.NS] fetching fresh data
2026-07-09 20:03:16,038 [INFO] src.ingestion: [LT.NS] fetching fresh data
2026-07-09 20:03:17,868 [INFO] src.ingestion: [SIEMENS.NS] fetching fresh data
2026-07-09 20:03:19,784 [INFO] src.ingestion: [ABB.NS] fetching fresh data
2026-07-09 20:03:22,604 [INFO] src.ingestion: [HAL.NS] fetching fresh data
2026-07-09 20:03:24,013 [INFO] src.ingestion: [BEL.NS] fetching fresh data
2026-07-09 20:03:25,844 [INFO] src.ingestion: [BHEL.NS] fetching fresh data
2026-07-09 20:03:27,587 [INFO] src.ingestion: [CUMMINSIND.NS] fetching fresh data
2026-07-09 20:03:29,148 [INFO] src.ingestion: [THERMAX.NS] fetching fresh data
2026-07-09 20:03:30,641 [INFO] src.ingestion: [POLYCAB.NS] fetching fresh data
2026-07-09 20:03:32,491 [INFO] src.ingestion: [KEI.NS] fetching fresh data
2026-07-09 20:03:33,937 [INFO] src.ingestion: [HAVELLS.NS] fetching fresh data
2026-07-09 20:03:35,434 [INFO] src.ingestion: [CROMPTON.NS] fetching fresh data
2026-07-09 20:03:36,654 [INFO] src.ingestion: [SUPREMEIND.NS] fetching fresh data
2026-07-09 20:03:39,013 [INFO] src.ingestion: [ASTRAL.NS] fetching fresh data
2026-07-09 20:03:49,394 [INFO] src.ingestion: [GRINDWELL.NS] fetching fresh data
2026-07-09 20:03:50,964 [INFO] src.ingestion: [CARBORUNIV.NS] fetching fresh data
2026-07-09 20:03:52,783 [INFO] src.ingestion: [TIMKEN.NS] fetching fresh data
2026-07-09 20:03:54,286 [INFO] src.ingestion: [SKFINDIA.NS] fetching fresh data
2026-07-09 20:03:55,720 [INFO] src.ingestion: [SRF.NS] fetching fresh data
2026-07-09 20:03:57,272 [INFO] src.ingestion: [PIIND.NS] fetching fresh data
2026-07-09 20:03:59,666 [INFO] src.ingestion: [DEEPAKNTR.NS] fetching fresh data
2026-07-09 20:04:01,241 [INFO] src.ingestion: [AARTIIND.NS] fetching fresh data
2026-07-09 20:04:02,712 [INFO] src.ingestion: [NAVINFLUOR.NS] fetching fresh data
2026-07-09 20:04:04,083 [INFO] src.ingestion: [UPL.NS] fetching fresh data
2026-07-09 20:04:06,121 [INFO] src.ingestion: [COROMANDEL.NS] fetching fresh data
2026-07-09 20:04:08,518 [INFO] src.ingestion: [CHAMBLFERT.NS] fetching fresh data
2026-07-09 20:04:09,827 [INFO] src.ingestion: [GNFC.NS] fetching fresh data
2026-07-09 20:04:12,580 [INFO] src.ingestion: [PIDILITIND.NS] fetching fresh data
2026-07-09 20:04:14,747 [INFO] src.ingestion: [TATACHEM.NS] fetching fresh data
2026-07-09 20:04:16,247 [INFO] src.ingestion: [GHCL.NS] fetching fresh data
2026-07-09 20:04:18,009 [INFO] src.ingestion: [TITAN.NS] fetching fresh data
2026-07-09 20:04:20,034 [INFO] src.ingestion: [DMART.NS] fetching fresh data
2026-07-09 20:04:21,504 [INFO] src.ingestion: [TRENT.NS] fetching fresh data
2026-07-09 20:04:23,730 [INFO] src.ingestion: [BATAINDIA.NS] fetching fresh data
2026-07-09 20:04:26,829 [INFO] src.ingestion: [PAGEIND.NS] fetching fresh data
2026-07-09 20:04:28,540 [INFO] src.ingestion: [JUBLFOOD.NS] fetching fresh data
2026-07-09 20:04:30,039 [INFO] src.ingestion: [VOLTAS.NS] fetching fresh data
2026-07-09 20:04:31,880 [INFO] src.ingestion: [DIXON.NS] fetching fresh data
2026-07-09 20:04:33,494 [INFO] src.ingestion: [RELAXO.NS] fetching fresh data
2026-07-09 20:04:34,908 [INFO] src.ingestion: [KAJARIACER.NS] fetching fresh data
2026-07-09 20:04:36,392 [INFO] src.ingestion: [WHIRLPOOL.NS] fetching fresh data
2026-07-09 20:04:39,182 [INFO] src.ingestion: [BLUESTARCO.NS] fetching fresh data
2026-07-09 20:04:40,756 [INFO] src.ingestion: [PGHH.NS] fetching fresh data
2026-07-09 20:04:42,155 [INFO] src.ingestion: [GILLETTE.NS] fetching fresh data
2026-07-09 20:04:52,669 [INFO] src.ingestion: [BHARTIARTL.NS] fetching fresh data
2026-07-09 20:04:54,374 [INFO] src.ingestion: [IDEA.NS] fetching fresh data
2026-07-09 20:04:56,539 [INFO] src.ingestion: [INDUSTOWER.NS] fetching fresh data
2026-07-09 20:04:58,437 [INFO] src.ingestion: [PVRINOX.NS] fetching fresh data
2026-07-09 20:04:59,954 [INFO] src.ingestion: [ZEEL.NS] fetching fresh data
2026-07-09 20:05:01,251 [INFO] src.ingestion: [ADANIPORTS.NS] fetching fresh data
2026-07-09 20:05:03,290 [INFO] src.ingestion: [ADANIENT.NS] fetching fresh data
2026-07-09 20:05:05,771 [INFO] src.ingestion: [GMRAIRPORT.NS] fetching fresh data
2026-07-09 20:05:07,554 [INFO] src.ingestion: [CONCOR.NS] fetching fresh data
2026-07-09 20:05:09,141 [INFO] src.ingestion: [IRCTC.NS] fetching fresh data
2026-07-09 20:05:11,539 [INFO] src.ingestion: [INDIGO.NS] fetching fresh data
2026-07-09 20:05:13,714 [INFO] src.ingestion: [RVNL.NS] fetching fresh data
2026-07-09 20:05:15,493 [INFO] src.ingestion: [IRCON.NS] fetching fresh data
2026-07-09 20:05:16,907 [INFO] src.ingestion: [NBCC.NS] fetching fresh data
2026-07-09 20:05:18,648 [INFO] src.ingestion: [NCC.NS] fetching fresh data
2026-07-09 20:05:20,304 [INFO] src.ingestion: [MAZDOCK.NS] fetching fresh data
2026-07-09 20:05:21,881 [INFO] src.ingestion: [COCHINSHIP.NS] fetching fresh data
2026-07-09 20:05:23,730 [INFO] src.ingestion: [DLF.NS] fetching fresh data
2026-07-09 20:05:25,279 [INFO] src.ingestion: [GODREJPROP.NS] fetching fresh data
2026-07-09 20:05:26,854 [INFO] src.ingestion: [OBEROIRLTY.NS] fetching fresh data
2026-07-09 20:05:28,352 [INFO] src.ingestion: [PRESTIGE.NS] fetching fresh data
2026-07-09 20:05:29,651 [INFO] src.ingestion: [PHOENIXLTD.NS] fetching fresh data
2026-07-09 20:05:31,286 [INFO] src.ingestion: [SOBHA.NS] fetching fresh data
2026-07-09 20:05:32,348 [INFO] src.ingestion: Fetched 200/201 tickers successfully
2026-07-09 20:05:32,348 [WARNING] src.ingestion: Failed tickers (excluded from downstream, not silently zeroed): ['LTIM.NS']
2026-07-09 20:05:32,348 [INFO] __main__: Ingestion validation passed: 200/201 tickers (100%)
2026-07-09 20:05:32,348 [INFO] __main__: === Stage 2/8: Cleaning ===
2026-07-09 20:05:32,356 [WARNING] src.cleaning: [CROMPTON.NS] EXCLUDED: missing critical fields: ['trailing_pe']
2026-07-09 20:05:32,357 [WARNING] src.cleaning: [INDIGO.NS] EXCLUDED: missing critical fields: ['trailing_pe']
2026-07-09 20:05:32,357 [WARNING] src.cleaning: [LTIM.NS] EXCLUDED: ingestion failed: yfinance returned an empty info payload for LTIM.NS (no exception, but no usable data — likely a transient Yahoo-side issue or an invalid/delisted symbol)
2026-07-09 20:05:32,357 [WARNING] src.cleaning: [TATACHEM.NS] EXCLUDED: missing critical fields: ['trailing_pe']
2026-07-09 20:05:32,357 [WARNING] src.cleaning: [TMPV.NS] EXCLUDED: missing critical fields: ['trailing_pe']
2026-07-09 20:05:32,358 [INFO] src.cleaning: [ABB.NS] non-critical missing fields: ['return_on_equity']
2026-07-09 20:05:32,358 [INFO] src.cleaning: [AUBANK.NS] non-critical missing fields: ['ev_to_ebitda', 'return_on_equity', 'debt_to_equity']
2026-07-09 20:05:32,358 [INFO] src.cleaning: [AXISBANK.NS] non-critical missing fields: ['ev_to_ebitda', 'debt_to_equity']
2026-07-09 20:05:32,358 [WARNING] src.cleaning: [BAJAJHLDNG.NS] outlier values flagged: ['net_margin']
2026-07-09 20:05:32,358 [INFO] src.cleaning: [BAJFINANCE.NS] non-critical missing fields: ['ev_to_ebitda']
2026-07-09 20:05:32,358 [INFO] src.cleaning: [BANDHANBNK.NS] non-critical missing fields: ['ev_to_ebitda', 'debt_to_equity']
2026-07-09 20:05:32,358 [INFO] src.cleaning: [BANKBARODA.NS] non-critical missing fields: ['ev_to_ebitda', 'debt_to_equity']
2026-07-09 20:05:32,358 [INFO] src.cleaning: [BANKINDIA.NS] non-critical missing fields: ['ev_to_ebitda', 'debt_to_equity']
2026-07-09 20:05:32,358 [INFO] src.cleaning: [CANBK.NS] non-critical missing fields: ['ev_to_ebitda', 'debt_to_equity']
2026-07-09 20:05:32,358 [INFO] src.cleaning: [CENTRALBK.NS] non-critical missing fields: ['ev_to_ebitda', 'debt_to_equity']
2026-07-09 20:05:32,358 [INFO] src.cleaning: [CHOLAFIN.NS] non-critical missing fields: ['ev_to_ebitda']
2026-07-09 20:05:32,358 [INFO] src.cleaning: [FEDERALBNK.NS] non-critical missing fields: ['ev_to_ebitda', 'debt_to_equity']
2026-07-09 20:05:32,358 [INFO] src.cleaning: [GICRE.NS] non-critical missing fields: ['debt_to_equity']
2026-07-09 20:05:32,358 [WARNING] src.cleaning: [GMRAIRPORT.NS] outlier values flagged: ['trailing_pe']
2026-07-09 20:05:32,358 [WARNING] src.cleaning: [GMRAIRPORT.NS] negative/zero equity — DuPont ROE math will be invalid downstream
2026-07-09 20:05:32,358 [INFO] src.cleaning: [GMRAIRPORT.NS] non-critical missing fields: ['return_on_equity', 'debt_to_equity']
2026-07-09 20:05:32,358 [WARNING] src.cleaning: [HCLTECH.NS] outlier values flagged: ['ev_to_ebitda']
2026-07-09 20:05:32,358 [INFO] src.cleaning: [HDFCBANK.NS] non-critical missing fields: ['ev_to_ebitda', 'debt_to_equity']
2026-07-09 20:05:32,358 [INFO] src.cleaning: [HUDCO.NS] non-critical missing fields: ['ev_to_ebitda']
2026-07-09 20:05:32,358 [INFO] src.cleaning: [ICICIBANK.NS] non-critical missing fields: ['ev_to_ebitda', 'debt_to_equity']
2026-07-09 20:05:32,358 [WARNING] src.cleaning: [IDEA.NS] negative/zero equity — DuPont ROE math will be invalid downstream
2026-07-09 20:05:32,358 [INFO] src.cleaning: [IDEA.NS] non-critical missing fields: ['return_on_equity', 'debt_to_equity']
2026-07-09 20:05:32,358 [INFO] src.cleaning: [IDFCFIRSTB.NS] non-critical missing fields: ['ev_to_ebitda', 'return_on_equity', 'debt_to_equity', 'total_debt']
2026-07-09 20:05:32,358 [INFO] src.cleaning: [INDUSINDBK.NS] non-critical missing fields: ['ev_to_ebitda', 'debt_to_equity']
2026-07-09 20:05:32,358 [WARNING] src.cleaning: [INFY.NS] outlier values flagged: ['ev_to_ebitda']
2026-07-09 20:05:32,358 [INFO] src.cleaning: [IOB.NS] non-critical missing fields: ['ev_to_ebitda', 'debt_to_equity']
2026-07-09 20:05:32,358 [INFO] src.cleaning: [IRFC.NS] non-critical missing fields: ['ev_to_ebitda']
2026-07-09 20:05:32,358 [INFO] src.cleaning: [KOTAKBANK.NS] non-critical missing fields: ['ev_to_ebitda', 'debt_to_equity']
2026-07-09 20:05:32,358 [INFO] src.cleaning: [LICHSGFIN.NS] non-critical missing fields: ['ev_to_ebitda']
2026-07-09 20:05:32,359 [INFO] src.cleaning: [LICI.NS] non-critical missing fields: ['debt_to_equity']
2026-07-09 20:05:32,359 [INFO] src.cleaning: [MANAPPURAM.NS] non-critical missing fields: ['ev_to_ebitda']
2026-07-09 20:05:32,359 [INFO] src.cleaning: [MUTHOOTFIN.NS] non-critical missing fields: ['ev_to_ebitda']
2026-07-09 20:05:32,359 [INFO] src.cleaning: [PFC.NS] non-critical missing fields: ['ev_to_ebitda', 'asset_turnover']
2026-07-09 20:05:32,359 [INFO] src.cleaning: [PNB.NS] non-critical missing fields: ['ev_to_ebitda', 'debt_to_equity']
2026-07-09 20:05:32,359 [INFO] src.cleaning: [POONAWALLA.NS] non-critical missing fields: ['ev_to_ebitda']
2026-07-09 20:05:32,359 [INFO] src.cleaning: [RBLBANK.NS] non-critical missing fields: ['ev_to_ebitda', 'return_on_equity', 'debt_to_equity']
2026-07-09 20:05:32,359 [INFO] src.cleaning: [RECLTD.NS] non-critical missing fields: ['ev_to_ebitda']
2026-07-09 20:05:32,359 [INFO] src.cleaning: [SBICARD.NS] non-critical missing fields: ['ev_to_ebitda']
2026-07-09 20:05:32,359 [INFO] src.cleaning: [SBILIFE.NS] non-critical missing fields: ['debt_to_equity']
2026-07-09 20:05:32,359 [INFO] src.cleaning: [SBIN.NS] non-critical missing fields: ['ev_to_ebitda', 'debt_to_equity']
2026-07-09 20:05:32,359 [INFO] src.cleaning: [SHREECEM.NS] non-critical missing fields: ['return_on_equity']
2026-07-09 20:05:32,359 [INFO] src.cleaning: [SHRIRAMFIN.NS] non-critical missing fields: ['ev_to_ebitda']
2026-07-09 20:05:32,359 [INFO] src.cleaning: [SIEMENS.NS] non-critical missing fields: ['return_on_equity']
2026-07-09 20:05:32,359 [INFO] src.cleaning: [UCOBANK.NS] non-critical missing fields: ['ev_to_ebitda', 'debt_to_equity']
2026-07-09 20:05:32,359 [INFO] src.cleaning: [UNIONBANK.NS] non-critical missing fields: ['ev_to_ebitda', 'debt_to_equity', 'revenue_growth', 'total_debt']
2026-07-09 20:05:32,359 [INFO] src.cleaning: [VBL.NS] non-critical missing fields: ['return_on_equity']
2026-07-09 20:05:32,368 [INFO] src.cleaning: Cleaned 196/201 tickers -> data/processed/cleaned_universe.csv
2026-07-09 20:05:32,368 [INFO] src.cleaning: Full flag audit trail -> data/processed/cleaning_flags.csv
2026-07-09 20:05:32,368 [INFO] __main__: Cleaning validation passed: 196/201 tickers retained (98%)
2026-07-09 20:05:32,368 [INFO] __main__: === Stage 3/8: Scoring ===
2026-07-09 20:05:32,426 [INFO] src.scoring: Scored 196 companies -> data/processed/scored_universe.csv
2026-07-09 20:05:32,426 [INFO] src.scoring: Top 10 shortlist -> data/processed/shortlist_top_n.csv
2026-07-09 20:05:32,427 [WARNING] src.scoring: 24 companies scored on fewer than all 4 buckets (reweighted, not zero-filled) — see 'buckets_used' column: ['UNIONBANK.NS', 'LICI.NS', 'CANBK.NS', 'GICRE.NS', 'BANKINDIA.NS', 'IDEA.NS', 'PNB.NS', 'CENTRALBK.NS', 'IOB.NS', 'ICICIBANK.NS', 'BANKBARODA.NS', 'SBIN.NS', 'AXISBANK.NS', 'HDFCBANK.NS', 'FEDERALBNK.NS', 'GMRAIRPORT.NS', 'IDFCFIRSTB.NS', 'BANDHANBNK.NS', 'UCOBANK.NS', 'RBLBANK.NS', 'AUBANK.NS', 'KOTAKBANK.NS', 'INDUSINDBK.NS', 'SBILIFE.NS']
2026-07-09 20:05:32,429 [INFO] __main__: Scoring validation passed: 196 companies ranked, all scores in valid range
2026-07-09 20:05:32,429 [INFO] __main__: === Stage 4/8: Comps + DuPont ===
2026-07-09 20:05:32,440 [INFO] src.comps_dupont: Comps + DuPont report for top 10 -> data/processed/comps_dupont_report.csv
2026-07-09 20:05:32,441 [WARNING] src.comps_dupont: 1 companies have a DuPont-implied ROE that diverges >5pp from reported ROE (possible data inconsistency, worth a manual check): ['LICI.NS']
2026-07-09 20:05:32,441 [INFO] __main__: === Stage 5/8: Explainability ===
2026-07-09 20:05:32,476 [INFO] src.explainability: Explanations for top 10 companies -> data/processed/explanations.csv
2026-07-09 20:05:32,476 [INFO] __main__: === Stage 6/8: Baseline Comparison ===
2026-07-09 20:05:32,483 [INFO] src.baseline_comparison: Baseline comparison -> data/processed/baseline_comparison.csv
2026-07-09 20:05:32,483 [INFO] __main__: === Stage 7/8: Acquisition Likelihood ===
2026-07-09 20:05:32,486 [INFO] src.acquisition_likelihood: 2 companies excluded from acquisition-likelihood scoring (negative/zero equity — financial distress, not a value-target thesis): ['IDEA.NS', 'GMRAIRPORT.NS']
2026-07-09 20:05:32,496 [INFO] src.acquisition_likelihood: Acquisition likelihood scoring -> data/processed/acquisition_likelihood.csv
2026-07-09 20:05:32,497 [INFO] __main__: === Stage 8/8: Historical Snapshot ===
2026-07-09 20:05:32,501 [INFO] src.history_tracker: Recorded shortlist snapshot for 2026-07-09 (10 companies) -> data/history/shortlist_history.csv (1 distinct days tracked so far)
2026-07-09 20:05:32,505 [INFO] src.history_tracker: Recorded acquisition-likelihood snapshot for 2026-07-09 (10 companies) -> data/history/acquisition_likelihood_history.csv (1 distinct days tracked so far)
2026-07-09 20:05:32,505 [INFO] __main__: === Pipeline completed successfully ===
2026-07-09 20:05:32,505 [INFO] __main__:   ingestion: {'total': 201, 'ok': 200}
2026-07-09 20:05:32,505 [INFO] __main__:   cleaning: {'retained': 196, 'input': 201}
2026-07-09 20:05:32,505 [INFO] __main__:   scoring: {'ranked': 196}
2026-07-09 20:05:32,505 [INFO] __main__:   comps_dupont: {'companies': 10}
2026-07-09 20:05:32,505 [INFO] __main__:   explainability: {'companies': 10}
2026-07-09 20:05:32,505 [INFO] __main__:   baseline_comparison: {'correlation': np.float64(0.4694339742925675), 'overlap_pct': 0.1}
2026-07-09 20:05:32,505 [INFO] __main__:   acquisition_likelihood: {'companies': 10}
2026-07-09 20:05:32,505 [INFO] __main__:   history_tracker: {'recorded': True}
