2026-07-14 05:30:27,598 [INFO] __main__: Logging to file: logs/pipeline_run_2026-07-14T05-30-27Z.log
2026-07-14 05:30:27,598 [INFO] __main__: === Stage 1/8: Ingestion ===
2026-07-14 05:30:27,621 [INFO] src.ingestion: [ACC.NS] fetching fresh data
2026-07-14 05:30:29,212 [INFO] src.ingestion: [AMBUJACEM.NS] fetching fresh data
2026-07-14 05:30:30,234 [INFO] src.ingestion: [ULTRACEMCO.NS] fetching fresh data
2026-07-14 05:30:31,256 [INFO] src.ingestion: [SHREECEM.NS] fetching fresh data
2026-07-14 05:30:32,277 [INFO] src.ingestion: [JKCEMENT.NS] fetching fresh data
2026-07-14 05:30:33,283 [INFO] src.ingestion: [RAMCOCEM.NS] fetching fresh data
2026-07-14 05:30:34,279 [INFO] src.ingestion: [HEIDELBERG.NS] fetching fresh data
2026-07-14 05:30:35,393 [INFO] src.ingestion: [DALBHARAT.NS] fetching fresh data
2026-07-14 05:30:36,385 [INFO] src.ingestion: [INFY.NS] fetching fresh data
2026-07-14 05:30:37,538 [INFO] src.ingestion: [TCS.NS] fetching fresh data
2026-07-14 05:30:38,506 [INFO] src.ingestion: [WIPRO.NS] fetching fresh data
2026-07-14 05:30:39,497 [INFO] src.ingestion: [HCLTECH.NS] fetching fresh data
2026-07-14 05:30:40,552 [INFO] src.ingestion: [TECHM.NS] fetching fresh data
2026-07-14 05:30:41,598 [INFO] src.ingestion: [LTIM.NS] fetching fresh data
2026-07-14 05:30:41,832 [ERROR] yfinance: HTTP Error 404: {"quoteSummary":{"result":null,"error":{"code":"Not Found","description":"Quote not found for symbol: LTIM.NS"}}}
2026-07-14 05:30:41,953 [WARNING] src.ingestion: [LTIM.NS] attempt 1 failed: yfinance returned an empty info payload for LTIM.NS (no exception, but no usable data — likely a transient Yahoo-side issue or an invalid/delisted symbol)
2026-07-14 05:30:44,152 [ERROR] yfinance: HTTP Error 404: {"quoteSummary":{"result":null,"error":{"code":"Not Found","description":"Quote not found for symbol: LTIM.NS"}}}
2026-07-14 05:30:44,213 [WARNING] src.ingestion: [LTIM.NS] attempt 2 failed: yfinance returned an empty info payload for LTIM.NS (no exception, but no usable data — likely a transient Yahoo-side issue or an invalid/delisted symbol)
2026-07-14 05:30:48,402 [ERROR] yfinance: HTTP Error 404: {"quoteSummary":{"result":null,"error":{"code":"Not Found","description":"Quote not found for symbol: LTIM.NS"}}}
2026-07-14 05:30:48,463 [WARNING] src.ingestion: [LTIM.NS] attempt 3 failed: yfinance returned an empty info payload for LTIM.NS (no exception, but no usable data — likely a transient Yahoo-side issue or an invalid/delisted symbol)
2026-07-14 05:30:48,864 [INFO] src.ingestion: [PERSISTENT.NS] fetching fresh data
2026-07-14 05:30:49,889 [INFO] src.ingestion: [COFORGE.NS] fetching fresh data
2026-07-14 05:30:51,319 [INFO] src.ingestion: [MPHASIS.NS] fetching fresh data
2026-07-14 05:30:52,396 [INFO] src.ingestion: [LTTS.NS] fetching fresh data
2026-07-14 05:30:53,343 [INFO] src.ingestion: [TATAELXSI.NS] fetching fresh data
2026-07-14 05:30:54,284 [INFO] src.ingestion: [CYIENT.NS] fetching fresh data
2026-07-14 05:30:55,257 [INFO] src.ingestion: [KPITTECH.NS] fetching fresh data
2026-07-14 05:30:56,382 [INFO] src.ingestion: [HDFCBANK.NS] fetching fresh data
2026-07-14 05:30:57,468 [INFO] src.ingestion: [ICICIBANK.NS] fetching fresh data
2026-07-14 05:30:58,455 [INFO] src.ingestion: [SBIN.NS] fetching fresh data
2026-07-14 05:30:59,525 [INFO] src.ingestion: [AXISBANK.NS] fetching fresh data
2026-07-14 05:31:00,481 [INFO] src.ingestion: [KOTAKBANK.NS] fetching fresh data
2026-07-14 05:31:01,535 [INFO] src.ingestion: [INDUSINDBK.NS] fetching fresh data
2026-07-14 05:31:02,520 [INFO] src.ingestion: [FEDERALBNK.NS] fetching fresh data
2026-07-14 05:31:03,558 [INFO] src.ingestion: [BANDHANBNK.NS] fetching fresh data
2026-07-14 05:31:04,527 [INFO] src.ingestion: [IDFCFIRSTB.NS] fetching fresh data
2026-07-14 05:31:05,694 [INFO] src.ingestion: [PNB.NS] fetching fresh data
2026-07-14 05:31:06,706 [INFO] src.ingestion: [BANKBARODA.NS] fetching fresh data
2026-07-14 05:31:07,699 [INFO] src.ingestion: [CANBK.NS] fetching fresh data
2026-07-14 05:31:08,628 [INFO] src.ingestion: [UNIONBANK.NS] fetching fresh data
2026-07-14 05:31:09,580 [INFO] src.ingestion: [AUBANK.NS] fetching fresh data
2026-07-14 05:31:10,542 [INFO] src.ingestion: [RBLBANK.NS] fetching fresh data
2026-07-14 05:31:11,504 [INFO] src.ingestion: [BANKINDIA.NS] fetching fresh data
2026-07-14 05:31:12,446 [INFO] src.ingestion: [CENTRALBK.NS] fetching fresh data
2026-07-14 05:31:13,365 [INFO] src.ingestion: [IOB.NS] fetching fresh data
2026-07-14 05:31:14,400 [INFO] src.ingestion: [UCOBANK.NS] fetching fresh data
2026-07-14 05:31:15,398 [INFO] src.ingestion: [BAJFINANCE.NS] fetching fresh data
2026-07-14 05:31:16,336 [INFO] src.ingestion: [BAJAJFINSV.NS] fetching fresh data
2026-07-14 05:31:17,373 [INFO] src.ingestion: [CHOLAFIN.NS] fetching fresh data
2026-07-14 05:31:18,367 [INFO] src.ingestion: [MUTHOOTFIN.NS] fetching fresh data
2026-07-14 05:31:19,439 [INFO] src.ingestion: [LICHSGFIN.NS] fetching fresh data
2026-07-14 05:31:20,461 [INFO] src.ingestion: [SHRIRAMFIN.NS] fetching fresh data
2026-07-14 05:31:21,393 [INFO] src.ingestion: [PFC.NS] fetching fresh data
2026-07-14 05:31:22,368 [INFO] src.ingestion: [RECLTD.NS] fetching fresh data
2026-07-14 05:31:23,361 [INFO] src.ingestion: [IRFC.NS] fetching fresh data
2026-07-14 05:31:24,475 [INFO] src.ingestion: [HUDCO.NS] fetching fresh data
2026-07-14 05:31:25,490 [INFO] src.ingestion: [BAJAJHLDNG.NS] fetching fresh data
2026-07-14 05:31:26,384 [INFO] src.ingestion: [SBICARD.NS] fetching fresh data
2026-07-14 05:31:27,434 [INFO] src.ingestion: [MANAPPURAM.NS] fetching fresh data
2026-07-14 05:31:28,397 [INFO] src.ingestion: [POONAWALLA.NS] fetching fresh data
2026-07-14 05:31:29,476 [INFO] src.ingestion: [HDFCLIFE.NS] fetching fresh data
2026-07-14 05:31:30,435 [INFO] src.ingestion: [SBILIFE.NS] fetching fresh data
2026-07-14 05:31:31,426 [INFO] src.ingestion: [ICICIPRULI.NS] fetching fresh data
2026-07-14 05:31:32,470 [INFO] src.ingestion: [ICICIGI.NS] fetching fresh data
2026-07-14 05:31:33,438 [INFO] src.ingestion: [LICI.NS] fetching fresh data
2026-07-14 05:31:34,527 [INFO] src.ingestion: [GICRE.NS] fetching fresh data
2026-07-14 05:31:35,502 [INFO] src.ingestion: [MARUTI.NS] fetching fresh data
2026-07-14 05:31:36,644 [INFO] src.ingestion: [TMPV.NS] fetching fresh data
2026-07-14 05:31:37,662 [INFO] src.ingestion: [TMCV.NS] fetching fresh data
2026-07-14 05:31:38,679 [INFO] src.ingestion: [M&M.NS] fetching fresh data
2026-07-14 05:31:39,831 [INFO] src.ingestion: [EICHERMOT.NS] fetching fresh data
2026-07-14 05:31:40,812 [INFO] src.ingestion: [HEROMOTOCO.NS] fetching fresh data
2026-07-14 05:31:41,776 [INFO] src.ingestion: [BAJAJ-AUTO.NS] fetching fresh data
2026-07-14 05:31:42,751 [INFO] src.ingestion: [TVSMOTOR.NS] fetching fresh data
2026-07-14 05:31:43,796 [INFO] src.ingestion: [ASHOKLEY.NS] fetching fresh data
2026-07-14 05:31:44,801 [INFO] src.ingestion: [BHARATFORG.NS] fetching fresh data
2026-07-14 05:31:45,807 [INFO] src.ingestion: [MOTHERSON.NS] fetching fresh data
2026-07-14 05:31:46,908 [INFO] src.ingestion: [BOSCHLTD.NS] fetching fresh data
2026-07-14 05:31:47,912 [INFO] src.ingestion: [MRF.NS] fetching fresh data
2026-07-14 05:31:48,880 [INFO] src.ingestion: [ENDURANCE.NS] fetching fresh data
2026-07-14 05:31:49,821 [INFO] src.ingestion: [EXIDEIND.NS] fetching fresh data
2026-07-14 05:31:50,833 [INFO] src.ingestion: [ARE&M.NS] fetching fresh data
2026-07-14 05:31:51,853 [INFO] src.ingestion: [SUNDRMFAST.NS] fetching fresh data
2026-07-14 05:31:52,829 [INFO] src.ingestion: [UNOMINDA.NS] fetching fresh data
2026-07-14 05:31:53,781 [INFO] src.ingestion: [SUNPHARMA.NS] fetching fresh data
2026-07-14 05:31:54,811 [INFO] src.ingestion: [DRREDDY.NS] fetching fresh data
2026-07-14 05:31:55,872 [INFO] src.ingestion: [CIPLA.NS] fetching fresh data
2026-07-14 05:31:56,845 [INFO] src.ingestion: [DIVISLAB.NS] fetching fresh data
2026-07-14 05:31:57,856 [INFO] src.ingestion: [LUPIN.NS] fetching fresh data
2026-07-14 05:31:58,946 [INFO] src.ingestion: [AUROPHARMA.NS] fetching fresh data
2026-07-14 05:31:59,987 [INFO] src.ingestion: [BIOCON.NS] fetching fresh data
2026-07-14 05:32:00,968 [INFO] src.ingestion: [TORNTPHARM.NS] fetching fresh data
2026-07-14 05:32:02,012 [INFO] src.ingestion: [ALKEM.NS] fetching fresh data
2026-07-14 05:32:03,009 [INFO] src.ingestion: [ABBOTINDIA.NS] fetching fresh data
2026-07-14 05:32:03,951 [INFO] src.ingestion: [APOLLOHOSP.NS] fetching fresh data
2026-07-14 05:32:04,979 [INFO] src.ingestion: [FORTIS.NS] fetching fresh data
2026-07-14 05:32:05,977 [INFO] src.ingestion: [LALPATHLAB.NS] fetching fresh data
2026-07-14 05:32:06,916 [INFO] src.ingestion: [METROPOLIS.NS] fetching fresh data
2026-07-14 05:32:07,874 [INFO] src.ingestion: [GLAND.NS] fetching fresh data
2026-07-14 05:32:08,930 [INFO] src.ingestion: [LAURUSLABS.NS] fetching fresh data
2026-07-14 05:32:09,857 [INFO] src.ingestion: [GLENMARK.NS] fetching fresh data
2026-07-14 05:32:10,870 [INFO] src.ingestion: [IPCALAB.NS] fetching fresh data
2026-07-14 05:32:11,845 [INFO] src.ingestion: [HINDUNILVR.NS] fetching fresh data
2026-07-14 05:32:12,951 [INFO] src.ingestion: [ITC.NS] fetching fresh data
2026-07-14 05:32:13,955 [INFO] src.ingestion: [NESTLEIND.NS] fetching fresh data
2026-07-14 05:32:15,046 [INFO] src.ingestion: [BRITANNIA.NS] fetching fresh data
2026-07-14 05:32:16,135 [INFO] src.ingestion: [DABUR.NS] fetching fresh data
2026-07-14 05:32:17,116 [INFO] src.ingestion: [GODREJCP.NS] fetching fresh data
2026-07-14 05:32:18,063 [INFO] src.ingestion: [MARICO.NS] fetching fresh data
2026-07-14 05:32:19,041 [INFO] src.ingestion: [COLPAL.NS] fetching fresh data
2026-07-14 05:32:20,032 [INFO] src.ingestion: [TATACONSUM.NS] fetching fresh data
2026-07-14 05:32:20,995 [INFO] src.ingestion: [VBL.NS] fetching fresh data
2026-07-14 05:32:22,001 [INFO] src.ingestion: [UNITDSPR.NS] fetching fresh data
2026-07-14 05:32:23,044 [INFO] src.ingestion: [EMAMILTD.NS] fetching fresh data
2026-07-14 05:32:24,073 [INFO] src.ingestion: [TATASTEEL.NS] fetching fresh data
2026-07-14 05:32:25,207 [INFO] src.ingestion: [JSWSTEEL.NS] fetching fresh data
2026-07-14 05:32:26,296 [INFO] src.ingestion: [HINDALCO.NS] fetching fresh data
2026-07-14 05:32:27,331 [INFO] src.ingestion: [VEDL.NS] fetching fresh data
2026-07-14 05:32:28,406 [INFO] src.ingestion: [COALINDIA.NS] fetching fresh data
2026-07-14 05:32:29,486 [INFO] src.ingestion: [NMDC.NS] fetching fresh data
2026-07-14 05:32:30,427 [INFO] src.ingestion: [SAIL.NS] fetching fresh data
2026-07-14 05:32:31,475 [INFO] src.ingestion: [JINDALSTEL.NS] fetching fresh data
2026-07-14 05:32:32,488 [INFO] src.ingestion: [APLAPOLLO.NS] fetching fresh data
2026-07-14 05:32:33,428 [INFO] src.ingestion: [NATIONALUM.NS] fetching fresh data
2026-07-14 05:32:34,406 [INFO] src.ingestion: [HINDCOPPER.NS] fetching fresh data
2026-07-14 05:32:35,365 [INFO] src.ingestion: [RATNAMANI.NS] fetching fresh data
2026-07-14 05:32:36,487 [INFO] src.ingestion: [HINDZINC.NS] fetching fresh data
2026-07-14 05:32:37,582 [INFO] src.ingestion: [WELCORP.NS] fetching fresh data
2026-07-14 05:32:38,684 [INFO] src.ingestion: [JSL.NS] fetching fresh data
2026-07-14 05:32:39,679 [INFO] src.ingestion: [RELIANCE.NS] fetching fresh data
2026-07-14 05:32:40,629 [INFO] src.ingestion: [ONGC.NS] fetching fresh data
2026-07-14 05:32:41,627 [INFO] src.ingestion: [BPCL.NS] fetching fresh data
2026-07-14 05:32:42,621 [INFO] src.ingestion: [IOC.NS] fetching fresh data
2026-07-14 05:32:43,614 [INFO] src.ingestion: [GAIL.NS] fetching fresh data
2026-07-14 05:32:44,647 [INFO] src.ingestion: [NTPC.NS] fetching fresh data
2026-07-14 05:32:45,719 [INFO] src.ingestion: [POWERGRID.NS] fetching fresh data
2026-07-14 05:32:46,932 [INFO] src.ingestion: [TATAPOWER.NS] fetching fresh data
2026-07-14 05:32:48,025 [INFO] src.ingestion: [ADANIGREEN.NS] fetching fresh data
2026-07-14 05:32:49,045 [INFO] src.ingestion: [ADANIPOWER.NS] fetching fresh data
2026-07-14 05:32:50,067 [INFO] src.ingestion: [TORNTPOWER.NS] fetching fresh data
2026-07-14 05:32:51,089 [INFO] src.ingestion: [LT.NS] fetching fresh data
2026-07-14 05:32:52,324 [INFO] src.ingestion: [SIEMENS.NS] fetching fresh data
2026-07-14 05:32:53,287 [INFO] src.ingestion: [ABB.NS] fetching fresh data
2026-07-14 05:32:54,254 [INFO] src.ingestion: [HAL.NS] fetching fresh data
2026-07-14 05:32:55,241 [INFO] src.ingestion: [BEL.NS] fetching fresh data
2026-07-14 05:32:56,302 [INFO] src.ingestion: [BHEL.NS] fetching fresh data
2026-07-14 05:32:57,374 [INFO] src.ingestion: [CUMMINSIND.NS] fetching fresh data
2026-07-14 05:32:58,381 [INFO] src.ingestion: [THERMAX.NS] fetching fresh data
2026-07-14 05:32:59,399 [INFO] src.ingestion: [POLYCAB.NS] fetching fresh data
2026-07-14 05:33:00,437 [INFO] src.ingestion: [KEI.NS] fetching fresh data
2026-07-14 05:33:01,533 [INFO] src.ingestion: [HAVELLS.NS] fetching fresh data
2026-07-14 05:33:02,500 [INFO] src.ingestion: [CROMPTON.NS] fetching fresh data
2026-07-14 05:33:03,517 [INFO] src.ingestion: [SUPREMEIND.NS] fetching fresh data
2026-07-14 05:33:04,459 [INFO] src.ingestion: [ASTRAL.NS] fetching fresh data
2026-07-14 05:33:05,409 [INFO] src.ingestion: [GRINDWELL.NS] fetching fresh data
2026-07-14 05:33:06,419 [INFO] src.ingestion: [CARBORUNIV.NS] fetching fresh data
2026-07-14 05:33:07,438 [INFO] src.ingestion: [TIMKEN.NS] fetching fresh data
2026-07-14 05:33:08,489 [INFO] src.ingestion: [SKFINDIA.NS] fetching fresh data
2026-07-14 05:33:09,465 [INFO] src.ingestion: [SRF.NS] fetching fresh data
2026-07-14 05:33:10,496 [INFO] src.ingestion: [PIIND.NS] fetching fresh data
2026-07-14 05:33:11,518 [INFO] src.ingestion: [DEEPAKNTR.NS] fetching fresh data
2026-07-14 05:33:12,521 [INFO] src.ingestion: [AARTIIND.NS] fetching fresh data
2026-07-14 05:33:13,456 [INFO] src.ingestion: [NAVINFLUOR.NS] fetching fresh data
2026-07-14 05:33:14,414 [INFO] src.ingestion: [UPL.NS] fetching fresh data
2026-07-14 05:33:15,544 [INFO] src.ingestion: [COROMANDEL.NS] fetching fresh data
2026-07-14 05:33:16,481 [INFO] src.ingestion: [CHAMBLFERT.NS] fetching fresh data
2026-07-14 05:33:17,550 [INFO] src.ingestion: [GNFC.NS] fetching fresh data
2026-07-14 05:33:18,580 [INFO] src.ingestion: [PIDILITIND.NS] fetching fresh data
2026-07-14 05:33:19,560 [INFO] src.ingestion: [TATACHEM.NS] fetching fresh data
2026-07-14 05:33:20,625 [INFO] src.ingestion: [GHCL.NS] fetching fresh data
2026-07-14 05:33:21,642 [INFO] src.ingestion: [TITAN.NS] fetching fresh data
2026-07-14 05:33:22,598 [INFO] src.ingestion: [DMART.NS] fetching fresh data
2026-07-14 05:33:23,611 [INFO] src.ingestion: [TRENT.NS] fetching fresh data
2026-07-14 05:33:24,661 [INFO] src.ingestion: [BATAINDIA.NS] fetching fresh data
2026-07-14 05:33:25,631 [INFO] src.ingestion: [PAGEIND.NS] fetching fresh data
2026-07-14 05:33:26,601 [INFO] src.ingestion: [JUBLFOOD.NS] fetching fresh data
2026-07-14 05:33:27,686 [INFO] src.ingestion: [VOLTAS.NS] fetching fresh data
2026-07-14 05:33:28,693 [INFO] src.ingestion: [DIXON.NS] fetching fresh data
2026-07-14 05:33:29,696 [INFO] src.ingestion: [RELAXO.NS] fetching fresh data
2026-07-14 05:33:30,714 [INFO] src.ingestion: [KAJARIACER.NS] fetching fresh data
2026-07-14 05:33:31,726 [INFO] src.ingestion: [WHIRLPOOL.NS] fetching fresh data
2026-07-14 05:33:32,665 [INFO] src.ingestion: [BLUESTARCO.NS] fetching fresh data
2026-07-14 05:33:33,734 [INFO] src.ingestion: [PGHH.NS] fetching fresh data
2026-07-14 05:33:34,707 [INFO] src.ingestion: [GILLETTE.NS] fetching fresh data
2026-07-14 05:33:35,728 [INFO] src.ingestion: [BHARTIARTL.NS] fetching fresh data
2026-07-14 05:33:36,725 [INFO] src.ingestion: [IDEA.NS] fetching fresh data
2026-07-14 05:33:37,735 [INFO] src.ingestion: [INDUSTOWER.NS] fetching fresh data
2026-07-14 05:33:38,767 [INFO] src.ingestion: [PVRINOX.NS] fetching fresh data
2026-07-14 05:33:39,769 [INFO] src.ingestion: [ZEEL.NS] fetching fresh data
2026-07-14 05:33:40,746 [INFO] src.ingestion: [ADANIPORTS.NS] fetching fresh data
2026-07-14 05:33:41,801 [INFO] src.ingestion: [ADANIENT.NS] fetching fresh data
2026-07-14 05:33:42,793 [INFO] src.ingestion: [GMRAIRPORT.NS] fetching fresh data
2026-07-14 05:33:43,751 [INFO] src.ingestion: [CONCOR.NS] fetching fresh data
2026-07-14 05:33:44,688 [INFO] src.ingestion: [IRCTC.NS] fetching fresh data
2026-07-14 05:33:45,637 [INFO] src.ingestion: [INDIGO.NS] fetching fresh data
2026-07-14 05:33:46,608 [INFO] src.ingestion: [RVNL.NS] fetching fresh data
2026-07-14 05:33:47,547 [INFO] src.ingestion: [IRCON.NS] fetching fresh data
2026-07-14 05:33:48,495 [INFO] src.ingestion: [NBCC.NS] fetching fresh data
2026-07-14 05:33:49,525 [INFO] src.ingestion: [NCC.NS] fetching fresh data
2026-07-14 05:33:50,553 [INFO] src.ingestion: [MAZDOCK.NS] fetching fresh data
2026-07-14 05:33:51,570 [INFO] src.ingestion: [COCHINSHIP.NS] fetching fresh data
2026-07-14 05:33:52,588 [INFO] src.ingestion: [DLF.NS] fetching fresh data
2026-07-14 05:33:53,567 [INFO] src.ingestion: [GODREJPROP.NS] fetching fresh data
2026-07-14 05:33:54,588 [INFO] src.ingestion: [OBEROIRLTY.NS] fetching fresh data
2026-07-14 05:33:55,613 [INFO] src.ingestion: [PRESTIGE.NS] fetching fresh data
2026-07-14 05:33:56,609 [INFO] src.ingestion: [PHOENIXLTD.NS] fetching fresh data
2026-07-14 05:33:57,602 [INFO] src.ingestion: [SOBHA.NS] fetching fresh data
2026-07-14 05:33:58,669 [INFO] src.ingestion: Fetched 200/201 tickers successfully
2026-07-14 05:33:58,670 [WARNING] src.ingestion: Failed tickers (excluded from downstream, not silently zeroed): ['LTIM.NS']
2026-07-14 05:33:58,670 [INFO] __main__: Ingestion validation passed: 200/201 tickers (100%)
2026-07-14 05:33:58,670 [INFO] __main__: === Stage 2/8: Cleaning ===
2026-07-14 05:33:58,674 [WARNING] src.cleaning: [CROMPTON.NS] EXCLUDED: missing critical fields: ['trailing_pe']
2026-07-14 05:33:58,674 [WARNING] src.cleaning: [INDIGO.NS] EXCLUDED: missing critical fields: ['trailing_pe']
2026-07-14 05:33:58,674 [WARNING] src.cleaning: [LTIM.NS] EXCLUDED: ingestion failed: yfinance returned an empty info payload for LTIM.NS (no exception, but no usable data — likely a transient Yahoo-side issue or an invalid/delisted symbol)
2026-07-14 05:33:58,675 [WARNING] src.cleaning: [TATACHEM.NS] EXCLUDED: missing critical fields: ['trailing_pe']
2026-07-14 05:33:58,675 [WARNING] src.cleaning: [TMPV.NS] EXCLUDED: missing critical fields: ['trailing_pe']
2026-07-14 05:33:58,675 [INFO] src.cleaning: [ABB.NS] non-critical missing fields: ['return_on_equity']
2026-07-14 05:33:58,675 [INFO] src.cleaning: [AUBANK.NS] non-critical missing fields: ['ev_to_ebitda', 'return_on_equity', 'debt_to_equity']
2026-07-14 05:33:58,675 [INFO] src.cleaning: [AXISBANK.NS] non-critical missing fields: ['ev_to_ebitda', 'debt_to_equity']
2026-07-14 05:33:58,675 [WARNING] src.cleaning: [BAJAJHLDNG.NS] outlier values flagged: ['net_margin']
2026-07-14 05:33:58,675 [INFO] src.cleaning: [BAJFINANCE.NS] non-critical missing fields: ['ev_to_ebitda']
2026-07-14 05:33:58,675 [INFO] src.cleaning: [BANDHANBNK.NS] non-critical missing fields: ['ev_to_ebitda', 'debt_to_equity']
2026-07-14 05:33:58,675 [INFO] src.cleaning: [BANKBARODA.NS] non-critical missing fields: ['ev_to_ebitda', 'debt_to_equity']
2026-07-14 05:33:58,675 [INFO] src.cleaning: [BANKINDIA.NS] non-critical missing fields: ['ev_to_ebitda', 'debt_to_equity']
2026-07-14 05:33:58,675 [INFO] src.cleaning: [CANBK.NS] non-critical missing fields: ['ev_to_ebitda', 'debt_to_equity']
2026-07-14 05:33:58,675 [INFO] src.cleaning: [CENTRALBK.NS] non-critical missing fields: ['ev_to_ebitda', 'debt_to_equity']
2026-07-14 05:33:58,675 [INFO] src.cleaning: [CHOLAFIN.NS] non-critical missing fields: ['ev_to_ebitda']
2026-07-14 05:33:58,675 [INFO] src.cleaning: [DMART.NS] non-critical missing fields: ['return_on_equity']
2026-07-14 05:33:58,675 [INFO] src.cleaning: [FEDERALBNK.NS] non-critical missing fields: ['ev_to_ebitda', 'debt_to_equity']
2026-07-14 05:33:58,675 [INFO] src.cleaning: [GICRE.NS] non-critical missing fields: ['debt_to_equity']
2026-07-14 05:33:58,675 [WARNING] src.cleaning: [GMRAIRPORT.NS] outlier values flagged: ['trailing_pe']
2026-07-14 05:33:58,675 [WARNING] src.cleaning: [GMRAIRPORT.NS] negative/zero equity — DuPont ROE math will be invalid downstream
2026-07-14 05:33:58,675 [INFO] src.cleaning: [GMRAIRPORT.NS] non-critical missing fields: ['return_on_equity', 'debt_to_equity']
2026-07-14 05:33:58,675 [WARNING] src.cleaning: [HCLTECH.NS] outlier values flagged: ['ev_to_ebitda']
2026-07-14 05:33:58,675 [INFO] src.cleaning: [HDFCBANK.NS] non-critical missing fields: ['ev_to_ebitda', 'debt_to_equity']
2026-07-14 05:33:58,675 [INFO] src.cleaning: [HUDCO.NS] non-critical missing fields: ['ev_to_ebitda']
2026-07-14 05:33:58,675 [INFO] src.cleaning: [ICICIBANK.NS] non-critical missing fields: ['ev_to_ebitda', 'debt_to_equity']
2026-07-14 05:33:58,675 [WARNING] src.cleaning: [IDEA.NS] negative/zero equity — DuPont ROE math will be invalid downstream
2026-07-14 05:33:58,675 [INFO] src.cleaning: [IDEA.NS] non-critical missing fields: ['return_on_equity', 'debt_to_equity']
2026-07-14 05:33:58,675 [INFO] src.cleaning: [IDFCFIRSTB.NS] non-critical missing fields: ['ev_to_ebitda', 'return_on_equity', 'debt_to_equity', 'total_debt']
2026-07-14 05:33:58,675 [INFO] src.cleaning: [INDUSINDBK.NS] non-critical missing fields: ['ev_to_ebitda', 'debt_to_equity']
2026-07-14 05:33:58,676 [WARNING] src.cleaning: [INFY.NS] outlier values flagged: ['ev_to_ebitda']
2026-07-14 05:33:58,676 [INFO] src.cleaning: [IOB.NS] non-critical missing fields: ['ev_to_ebitda', 'debt_to_equity']
2026-07-14 05:33:58,676 [INFO] src.cleaning: [IRFC.NS] non-critical missing fields: ['ev_to_ebitda']
2026-07-14 05:33:58,676 [INFO] src.cleaning: [KOTAKBANK.NS] non-critical missing fields: ['ev_to_ebitda', 'debt_to_equity']
2026-07-14 05:33:58,676 [INFO] src.cleaning: [LICHSGFIN.NS] non-critical missing fields: ['ev_to_ebitda']
2026-07-14 05:33:58,676 [INFO] src.cleaning: [LICI.NS] non-critical missing fields: ['debt_to_equity']
2026-07-14 05:33:58,676 [INFO] src.cleaning: [MANAPPURAM.NS] non-critical missing fields: ['ev_to_ebitda']
2026-07-14 05:33:58,676 [INFO] src.cleaning: [MUTHOOTFIN.NS] non-critical missing fields: ['ev_to_ebitda']
2026-07-14 05:33:58,676 [INFO] src.cleaning: [PFC.NS] non-critical missing fields: ['ev_to_ebitda']
2026-07-14 05:33:58,676 [INFO] src.cleaning: [PNB.NS] non-critical missing fields: ['ev_to_ebitda', 'debt_to_equity']
2026-07-14 05:33:58,676 [INFO] src.cleaning: [POONAWALLA.NS] non-critical missing fields: ['ev_to_ebitda']
2026-07-14 05:33:58,676 [INFO] src.cleaning: [RBLBANK.NS] non-critical missing fields: ['ev_to_ebitda', 'return_on_equity', 'debt_to_equity']
2026-07-14 05:33:58,676 [INFO] src.cleaning: [RECLTD.NS] non-critical missing fields: ['ev_to_ebitda']
2026-07-14 05:33:58,676 [INFO] src.cleaning: [SBICARD.NS] non-critical missing fields: ['ev_to_ebitda']
2026-07-14 05:33:58,676 [INFO] src.cleaning: [SBILIFE.NS] non-critical missing fields: ['debt_to_equity']
2026-07-14 05:33:58,676 [INFO] src.cleaning: [SBIN.NS] non-critical missing fields: ['ev_to_ebitda', 'debt_to_equity']
2026-07-14 05:33:58,676 [INFO] src.cleaning: [SHREECEM.NS] non-critical missing fields: ['return_on_equity']
2026-07-14 05:33:58,676 [INFO] src.cleaning: [SHRIRAMFIN.NS] non-critical missing fields: ['ev_to_ebitda']
2026-07-14 05:33:58,676 [INFO] src.cleaning: [SIEMENS.NS] non-critical missing fields: ['return_on_equity']
2026-07-14 05:33:58,676 [INFO] src.cleaning: [UCOBANK.NS] non-critical missing fields: ['ev_to_ebitda', 'debt_to_equity']
2026-07-14 05:33:58,676 [INFO] src.cleaning: [UNIONBANK.NS] non-critical missing fields: ['ev_to_ebitda', 'debt_to_equity', 'revenue_growth', 'total_debt']
2026-07-14 05:33:58,676 [INFO] src.cleaning: [VBL.NS] non-critical missing fields: ['return_on_equity']
2026-07-14 05:33:58,683 [INFO] src.cleaning: Cleaned 196/201 tickers -> data/processed/cleaned_universe.csv
2026-07-14 05:33:58,683 [INFO] src.cleaning: Full flag audit trail -> data/processed/cleaning_flags.csv
2026-07-14 05:33:58,684 [INFO] __main__: Cleaning validation passed: 196/201 tickers retained (98%)
2026-07-14 05:33:58,684 [INFO] __main__: === Stage 3/8: Scoring ===
2026-07-14 05:33:58,727 [INFO] src.scoring: Scored 196 companies -> data/processed/scored_universe.csv
2026-07-14 05:33:58,727 [INFO] src.scoring: Top 10 shortlist -> data/processed/shortlist_top_n.csv
2026-07-14 05:33:58,727 [WARNING] src.scoring: 24 companies scored on fewer than all 4 buckets (reweighted, not zero-filled) — see 'buckets_used' column: ['LICI.NS', 'UNIONBANK.NS', 'CANBK.NS', 'GICRE.NS', 'BANKINDIA.NS', 'PNB.NS', 'IDEA.NS', 'CENTRALBK.NS', 'IOB.NS', 'ICICIBANK.NS', 'BANKBARODA.NS', 'SBIN.NS', 'AXISBANK.NS', 'HDFCBANK.NS', 'FEDERALBNK.NS', 'GMRAIRPORT.NS', 'IDFCFIRSTB.NS', 'BANDHANBNK.NS', 'UCOBANK.NS', 'RBLBANK.NS', 'AUBANK.NS', 'KOTAKBANK.NS', 'INDUSINDBK.NS', 'SBILIFE.NS']
2026-07-14 05:33:58,728 [INFO] __main__: Scoring validation passed: 196 companies ranked, all scores in valid range
2026-07-14 05:33:58,729 [INFO] __main__: === Stage 4/8: Comps + DuPont ===
2026-07-14 05:33:58,737 [INFO] src.comps_dupont: Comps + DuPont report for top 10 -> data/processed/comps_dupont_report.csv
2026-07-14 05:33:58,737 [WARNING] src.comps_dupont: 1 companies have a DuPont-implied ROE that diverges >5pp from reported ROE (possible data inconsistency, worth a manual check): ['LICI.NS']
2026-07-14 05:33:58,738 [INFO] __main__: === Stage 5/8: Explainability ===
2026-07-14 05:33:58,762 [INFO] src.explainability: Explanations for top 10 companies -> data/processed/explanations.csv
2026-07-14 05:33:58,762 [INFO] __main__: === Stage 6/8: Baseline Comparison ===
2026-07-14 05:33:58,768 [INFO] src.baseline_comparison: Baseline comparison -> data/processed/baseline_comparison.csv
2026-07-14 05:33:58,768 [INFO] __main__: === Stage 7/8: Acquisition Likelihood ===
2026-07-14 05:33:58,771 [INFO] src.acquisition_likelihood: 2 companies excluded from acquisition-likelihood scoring (negative/zero equity — financial distress, not a value-target thesis): ['IDEA.NS', 'GMRAIRPORT.NS']
2026-07-14 05:33:58,779 [INFO] src.acquisition_likelihood: Acquisition likelihood scoring -> data/processed/acquisition_likelihood.csv
2026-07-14 05:33:58,779 [INFO] __main__: === Stage 8/8: Historical Snapshot ===
2026-07-14 05:33:58,782 [INFO] src.history_tracker: Recorded shortlist snapshot for 2026-07-14 (10 companies) -> data/history/shortlist_history.csv (1 distinct days tracked so far)
2026-07-14 05:33:58,785 [INFO] src.history_tracker: Recorded acquisition-likelihood snapshot for 2026-07-14 (10 companies) -> data/history/acquisition_likelihood_history.csv (1 distinct days tracked so far)
2026-07-14 05:33:58,785 [INFO] __main__: === Pipeline completed successfully ===
2026-07-14 05:33:58,786 [INFO] __main__:   ingestion: {'total': 201, 'ok': 200}
2026-07-14 05:33:58,786 [INFO] __main__:   cleaning: {'retained': 196, 'input': 201}
2026-07-14 05:33:58,786 [INFO] __main__:   scoring: {'ranked': 196}
2026-07-14 05:33:58,786 [INFO] __main__:   comps_dupont: {'companies': 10}
2026-07-14 05:33:58,786 [INFO] __main__:   explainability: {'companies': 10}
2026-07-14 05:33:58,786 [INFO] __main__:   baseline_comparison: {'correlation': np.float64(0.47731673692514887), 'overlap_pct': 0.0}
2026-07-14 05:33:58,786 [INFO] __main__:   acquisition_likelihood: {'companies': 10}
2026-07-14 05:33:58,786 [INFO] __main__:   history_tracker: {'recorded': True}
