2026-08-05 05:45:58,664 [INFO] __main__: Logging to file: logs/pipeline_run_2026-08-05T05-45-58Z.log
2026-08-05 05:45:58,665 [INFO] __main__: === Stage 1/8: Ingestion ===
2026-08-05 05:45:58,699 [INFO] src.ingestion: [ACC.NS] fetching fresh data
2026-08-05 05:45:59,930 [INFO] src.ingestion: [AMBUJACEM.NS] fetching fresh data
2026-08-05 05:46:00,745 [INFO] src.ingestion: [ULTRACEMCO.NS] fetching fresh data
2026-08-05 05:46:01,548 [INFO] src.ingestion: [SHREECEM.NS] fetching fresh data
2026-08-05 05:46:02,349 [INFO] src.ingestion: [JKCEMENT.NS] fetching fresh data
2026-08-05 05:46:03,166 [INFO] src.ingestion: [RAMCOCEM.NS] fetching fresh data
2026-08-05 05:46:03,953 [INFO] src.ingestion: [HEIDELBERG.NS] fetching fresh data
2026-08-05 05:46:04,711 [INFO] src.ingestion: [DALBHARAT.NS] fetching fresh data
2026-08-05 05:46:05,549 [INFO] src.ingestion: [INFY.NS] fetching fresh data
2026-08-05 05:46:06,400 [INFO] src.ingestion: [TCS.NS] fetching fresh data
2026-08-05 05:46:07,134 [INFO] src.ingestion: [WIPRO.NS] fetching fresh data
2026-08-05 05:46:07,980 [INFO] src.ingestion: [HCLTECH.NS] fetching fresh data
2026-08-05 05:46:08,854 [INFO] src.ingestion: [TECHM.NS] fetching fresh data
2026-08-05 05:46:09,711 [INFO] src.ingestion: [LTIM.NS] fetching fresh data
2026-08-05 05:46:09,809 [ERROR] yfinance: HTTP Error 404: {"quoteSummary":{"result":null,"error":{"code":"Not Found","description":"Quote not found for symbol: LTIM.NS"}}}
2026-08-05 05:46:09,854 [WARNING] src.ingestion: [LTIM.NS] attempt 1 failed: yfinance returned an empty info payload for LTIM.NS (no exception, but no usable data — likely a transient Yahoo-side issue or an invalid/delisted symbol)
2026-08-05 05:46:11,948 [ERROR] yfinance: HTTP Error 404: {"quoteSummary":{"result":null,"error":{"code":"Not Found","description":"Quote not found for symbol: LTIM.NS"}}}
2026-08-05 05:46:11,973 [WARNING] src.ingestion: [LTIM.NS] attempt 2 failed: yfinance returned an empty info payload for LTIM.NS (no exception, but no usable data — likely a transient Yahoo-side issue or an invalid/delisted symbol)
2026-08-05 05:46:16,057 [ERROR] yfinance: HTTP Error 404: {"quoteSummary":{"result":null,"error":{"code":"Not Found","description":"Quote not found for symbol: LTIM.NS"}}}
2026-08-05 05:46:16,081 [WARNING] src.ingestion: [LTIM.NS] attempt 3 failed: yfinance returned an empty info payload for LTIM.NS (no exception, but no usable data — likely a transient Yahoo-side issue or an invalid/delisted symbol)
2026-08-05 05:46:16,481 [INFO] src.ingestion: [PERSISTENT.NS] fetching fresh data
2026-08-05 05:46:17,333 [INFO] src.ingestion: [COFORGE.NS] fetching fresh data
2026-08-05 05:46:18,214 [INFO] src.ingestion: [MPHASIS.NS] fetching fresh data
2026-08-05 05:46:19,006 [INFO] src.ingestion: [LTTS.NS] fetching fresh data
2026-08-05 05:46:19,828 [INFO] src.ingestion: [TATAELXSI.NS] fetching fresh data
2026-08-05 05:46:20,622 [INFO] src.ingestion: [CYIENT.NS] fetching fresh data
2026-08-05 05:46:21,433 [INFO] src.ingestion: [KPITTECH.NS] fetching fresh data
2026-08-05 05:46:22,271 [INFO] src.ingestion: [HDFCBANK.NS] fetching fresh data
2026-08-05 05:46:23,147 [INFO] src.ingestion: [ICICIBANK.NS] fetching fresh data
2026-08-05 05:46:23,889 [INFO] src.ingestion: [SBIN.NS] fetching fresh data
2026-08-05 05:46:24,632 [INFO] src.ingestion: [AXISBANK.NS] fetching fresh data
2026-08-05 05:46:25,467 [INFO] src.ingestion: [KOTAKBANK.NS] fetching fresh data
2026-08-05 05:46:26,258 [INFO] src.ingestion: [INDUSINDBK.NS] fetching fresh data
2026-08-05 05:46:27,056 [INFO] src.ingestion: [FEDERALBNK.NS] fetching fresh data
2026-08-05 05:46:27,816 [INFO] src.ingestion: [BANDHANBNK.NS] fetching fresh data
2026-08-05 05:46:28,616 [INFO] src.ingestion: [IDFCFIRSTB.NS] fetching fresh data
2026-08-05 05:46:29,433 [INFO] src.ingestion: [PNB.NS] fetching fresh data
2026-08-05 05:46:30,242 [INFO] src.ingestion: [BANKBARODA.NS] fetching fresh data
2026-08-05 05:46:30,949 [INFO] src.ingestion: [CANBK.NS] fetching fresh data
2026-08-05 05:46:31,751 [INFO] src.ingestion: [UNIONBANK.NS] fetching fresh data
2026-08-05 05:46:32,635 [INFO] src.ingestion: [AUBANK.NS] fetching fresh data
2026-08-05 05:46:33,455 [INFO] src.ingestion: [RBLBANK.NS] fetching fresh data
2026-08-05 05:46:34,309 [INFO] src.ingestion: [BANKINDIA.NS] fetching fresh data
2026-08-05 05:46:34,946 [INFO] src.ingestion: [CENTRALBK.NS] fetching fresh data
2026-08-05 05:46:35,701 [INFO] src.ingestion: [IOB.NS] fetching fresh data
2026-08-05 05:46:36,416 [INFO] src.ingestion: [UCOBANK.NS] fetching fresh data
2026-08-05 05:46:37,217 [INFO] src.ingestion: [BAJFINANCE.NS] fetching fresh data
2026-08-05 05:46:38,039 [INFO] src.ingestion: [BAJAJFINSV.NS] fetching fresh data
2026-08-05 05:46:38,881 [INFO] src.ingestion: [CHOLAFIN.NS] fetching fresh data
2026-08-05 05:46:39,666 [INFO] src.ingestion: [MUTHOOTFIN.NS] fetching fresh data
2026-08-05 05:46:40,456 [INFO] src.ingestion: [LICHSGFIN.NS] fetching fresh data
2026-08-05 05:46:41,259 [INFO] src.ingestion: [SHRIRAMFIN.NS] fetching fresh data
2026-08-05 05:46:42,049 [INFO] src.ingestion: [PFC.NS] fetching fresh data
2026-08-05 05:46:42,825 [INFO] src.ingestion: [RECLTD.NS] fetching fresh data
2026-08-05 05:46:43,765 [INFO] src.ingestion: [IRFC.NS] fetching fresh data
2026-08-05 05:46:44,632 [INFO] src.ingestion: [HUDCO.NS] fetching fresh data
2026-08-05 05:46:45,389 [INFO] src.ingestion: [BAJAJHLDNG.NS] fetching fresh data
2026-08-05 05:46:46,180 [INFO] src.ingestion: [SBICARD.NS] fetching fresh data
2026-08-05 05:46:46,942 [INFO] src.ingestion: [MANAPPURAM.NS] fetching fresh data
2026-08-05 05:46:47,788 [INFO] src.ingestion: [POONAWALLA.NS] fetching fresh data
2026-08-05 05:46:48,672 [INFO] src.ingestion: [HDFCLIFE.NS] fetching fresh data
2026-08-05 05:46:49,413 [INFO] src.ingestion: [SBILIFE.NS] fetching fresh data
2026-08-05 05:46:50,243 [INFO] src.ingestion: [ICICIPRULI.NS] fetching fresh data
2026-08-05 05:46:51,029 [INFO] src.ingestion: [ICICIGI.NS] fetching fresh data
2026-08-05 05:46:51,788 [INFO] src.ingestion: [LICI.NS] fetching fresh data
2026-08-05 05:46:52,626 [INFO] src.ingestion: [GICRE.NS] fetching fresh data
2026-08-05 05:46:53,468 [INFO] src.ingestion: [MARUTI.NS] fetching fresh data
2026-08-05 05:46:54,315 [INFO] src.ingestion: [TMPV.NS] fetching fresh data
2026-08-05 05:46:55,162 [INFO] src.ingestion: [TMCV.NS] fetching fresh data
2026-08-05 05:46:55,982 [INFO] src.ingestion: [M&M.NS] fetching fresh data
2026-08-05 05:46:56,809 [INFO] src.ingestion: [EICHERMOT.NS] fetching fresh data
2026-08-05 05:46:57,671 [INFO] src.ingestion: [HEROMOTOCO.NS] fetching fresh data
2026-08-05 05:46:58,582 [INFO] src.ingestion: [BAJAJ-AUTO.NS] fetching fresh data
2026-08-05 05:46:59,400 [INFO] src.ingestion: [TVSMOTOR.NS] fetching fresh data
2026-08-05 05:47:00,253 [INFO] src.ingestion: [ASHOKLEY.NS] fetching fresh data
2026-08-05 05:47:01,221 [INFO] src.ingestion: [BHARATFORG.NS] fetching fresh data
2026-08-05 05:47:02,093 [INFO] src.ingestion: [MOTHERSON.NS] fetching fresh data
2026-08-05 05:47:02,935 [INFO] src.ingestion: [BOSCHLTD.NS] fetching fresh data
2026-08-05 05:47:03,786 [INFO] src.ingestion: [MRF.NS] fetching fresh data
2026-08-05 05:47:04,610 [INFO] src.ingestion: [ENDURANCE.NS] fetching fresh data
2026-08-05 05:47:05,507 [INFO] src.ingestion: [EXIDEIND.NS] fetching fresh data
2026-08-05 05:47:06,385 [INFO] src.ingestion: [ARE&M.NS] fetching fresh data
2026-08-05 05:47:07,195 [INFO] src.ingestion: [SUNDRMFAST.NS] fetching fresh data
2026-08-05 05:47:08,038 [INFO] src.ingestion: [UNOMINDA.NS] fetching fresh data
2026-08-05 05:47:08,908 [INFO] src.ingestion: [SUNPHARMA.NS] fetching fresh data
2026-08-05 05:47:09,770 [INFO] src.ingestion: [DRREDDY.NS] fetching fresh data
2026-08-05 05:47:10,627 [INFO] src.ingestion: [CIPLA.NS] fetching fresh data
2026-08-05 05:47:11,466 [INFO] src.ingestion: [DIVISLAB.NS] fetching fresh data
2026-08-05 05:47:12,393 [INFO] src.ingestion: [LUPIN.NS] fetching fresh data
2026-08-05 05:47:13,257 [INFO] src.ingestion: [AUROPHARMA.NS] fetching fresh data
2026-08-05 05:47:14,151 [INFO] src.ingestion: [BIOCON.NS] fetching fresh data
2026-08-05 05:47:14,916 [INFO] src.ingestion: [TORNTPHARM.NS] fetching fresh data
2026-08-05 05:47:15,713 [INFO] src.ingestion: [ALKEM.NS] fetching fresh data
2026-08-05 05:47:16,547 [INFO] src.ingestion: [ABBOTINDIA.NS] fetching fresh data
2026-08-05 05:47:17,262 [INFO] src.ingestion: [APOLLOHOSP.NS] fetching fresh data
2026-08-05 05:47:18,073 [INFO] src.ingestion: [FORTIS.NS] fetching fresh data
2026-08-05 05:47:18,868 [INFO] src.ingestion: [LALPATHLAB.NS] fetching fresh data
2026-08-05 05:47:19,721 [INFO] src.ingestion: [METROPOLIS.NS] fetching fresh data
2026-08-05 05:47:20,559 [INFO] src.ingestion: [GLAND.NS] fetching fresh data
2026-08-05 05:47:21,332 [INFO] src.ingestion: [LAURUSLABS.NS] fetching fresh data
2026-08-05 05:47:22,143 [INFO] src.ingestion: [GLENMARK.NS] fetching fresh data
2026-08-05 05:47:22,965 [INFO] src.ingestion: [IPCALAB.NS] fetching fresh data
2026-08-05 05:47:23,851 [INFO] src.ingestion: [HINDUNILVR.NS] fetching fresh data
2026-08-05 05:47:24,694 [INFO] src.ingestion: [ITC.NS] fetching fresh data
2026-08-05 05:47:25,528 [INFO] src.ingestion: [NESTLEIND.NS] fetching fresh data
2026-08-05 05:47:26,300 [INFO] src.ingestion: [BRITANNIA.NS] fetching fresh data
2026-08-05 05:47:27,111 [INFO] src.ingestion: [DABUR.NS] fetching fresh data
2026-08-05 05:47:27,953 [INFO] src.ingestion: [GODREJCP.NS] fetching fresh data
2026-08-05 05:47:28,763 [INFO] src.ingestion: [MARICO.NS] fetching fresh data
2026-08-05 05:47:29,630 [INFO] src.ingestion: [COLPAL.NS] fetching fresh data
2026-08-05 05:47:30,475 [INFO] src.ingestion: [TATACONSUM.NS] fetching fresh data
2026-08-05 05:47:31,302 [INFO] src.ingestion: [VBL.NS] fetching fresh data
2026-08-05 05:47:32,182 [INFO] src.ingestion: [UNITDSPR.NS] fetching fresh data
2026-08-05 05:47:32,995 [INFO] src.ingestion: [EMAMILTD.NS] fetching fresh data
2026-08-05 05:47:33,755 [INFO] src.ingestion: [TATASTEEL.NS] fetching fresh data
2026-08-05 05:47:34,629 [INFO] src.ingestion: [JSWSTEEL.NS] fetching fresh data
2026-08-05 05:47:35,430 [INFO] src.ingestion: [HINDALCO.NS] fetching fresh data
2026-08-05 05:47:36,241 [INFO] src.ingestion: [VEDL.NS] fetching fresh data
2026-08-05 05:47:37,178 [INFO] src.ingestion: [COALINDIA.NS] fetching fresh data
2026-08-05 05:47:38,029 [INFO] src.ingestion: [NMDC.NS] fetching fresh data
2026-08-05 05:47:38,836 [INFO] src.ingestion: [SAIL.NS] fetching fresh data
2026-08-05 05:47:39,710 [INFO] src.ingestion: [JINDALSTEL.NS] fetching fresh data
2026-08-05 05:47:40,549 [INFO] src.ingestion: [APLAPOLLO.NS] fetching fresh data
2026-08-05 05:47:41,348 [INFO] src.ingestion: [NATIONALUM.NS] fetching fresh data
2026-08-05 05:47:42,075 [INFO] src.ingestion: [HINDCOPPER.NS] fetching fresh data
2026-08-05 05:47:42,892 [INFO] src.ingestion: [RATNAMANI.NS] fetching fresh data
2026-08-05 05:47:43,745 [INFO] src.ingestion: [HINDZINC.NS] fetching fresh data
2026-08-05 05:47:44,595 [INFO] src.ingestion: [WELCORP.NS] fetching fresh data
2026-08-05 05:47:45,383 [INFO] src.ingestion: [JSL.NS] fetching fresh data
2026-08-05 05:47:46,260 [INFO] src.ingestion: [RELIANCE.NS] fetching fresh data
2026-08-05 05:47:47,095 [INFO] src.ingestion: [ONGC.NS] fetching fresh data
2026-08-05 05:47:47,958 [INFO] src.ingestion: [BPCL.NS] fetching fresh data
2026-08-05 05:47:48,776 [INFO] src.ingestion: [IOC.NS] fetching fresh data
2026-08-05 05:47:49,606 [INFO] src.ingestion: [GAIL.NS] fetching fresh data
2026-08-05 05:47:50,393 [INFO] src.ingestion: [NTPC.NS] fetching fresh data
2026-08-05 05:47:51,254 [INFO] src.ingestion: [POWERGRID.NS] fetching fresh data
2026-08-05 05:47:52,040 [INFO] src.ingestion: [TATAPOWER.NS] fetching fresh data
2026-08-05 05:47:52,834 [INFO] src.ingestion: [ADANIGREEN.NS] fetching fresh data
2026-08-05 05:47:53,604 [INFO] src.ingestion: [ADANIPOWER.NS] fetching fresh data
2026-08-05 05:47:54,453 [INFO] src.ingestion: [TORNTPOWER.NS] fetching fresh data
2026-08-05 05:47:55,180 [INFO] src.ingestion: [LT.NS] fetching fresh data
2026-08-05 05:47:56,021 [INFO] src.ingestion: [SIEMENS.NS] fetching fresh data
2026-08-05 05:47:56,865 [INFO] src.ingestion: [ABB.NS] fetching fresh data
2026-08-05 05:47:57,736 [INFO] src.ingestion: [HAL.NS] fetching fresh data
2026-08-05 05:47:58,511 [INFO] src.ingestion: [BEL.NS] fetching fresh data
2026-08-05 05:47:59,277 [INFO] src.ingestion: [BHEL.NS] fetching fresh data
2026-08-05 05:48:00,038 [INFO] src.ingestion: [CUMMINSIND.NS] fetching fresh data
2026-08-05 05:48:00,889 [INFO] src.ingestion: [THERMAX.NS] fetching fresh data
2026-08-05 05:48:01,762 [INFO] src.ingestion: [POLYCAB.NS] fetching fresh data
2026-08-05 05:48:02,552 [INFO] src.ingestion: [KEI.NS] fetching fresh data
2026-08-05 05:48:03,375 [INFO] src.ingestion: [HAVELLS.NS] fetching fresh data
2026-08-05 05:48:04,081 [INFO] src.ingestion: [CROMPTON.NS] fetching fresh data
2026-08-05 05:48:04,898 [INFO] src.ingestion: [SUPREMEIND.NS] fetching fresh data
2026-08-05 05:48:05,658 [INFO] src.ingestion: [ASTRAL.NS] fetching fresh data
2026-08-05 05:48:06,514 [INFO] src.ingestion: [GRINDWELL.NS] fetching fresh data
2026-08-05 05:48:07,353 [INFO] src.ingestion: [CARBORUNIV.NS] fetching fresh data
2026-08-05 05:48:08,133 [INFO] src.ingestion: [TIMKEN.NS] fetching fresh data
2026-08-05 05:48:08,942 [INFO] src.ingestion: [SKFINDIA.NS] fetching fresh data
2026-08-05 05:48:09,744 [INFO] src.ingestion: [SRF.NS] fetching fresh data
2026-08-05 05:48:10,553 [INFO] src.ingestion: [PIIND.NS] fetching fresh data
2026-08-05 05:48:11,290 [INFO] src.ingestion: [DEEPAKNTR.NS] fetching fresh data
2026-08-05 05:48:12,042 [INFO] src.ingestion: [AARTIIND.NS] fetching fresh data
2026-08-05 05:48:12,833 [INFO] src.ingestion: [NAVINFLUOR.NS] fetching fresh data
2026-08-05 05:48:13,654 [INFO] src.ingestion: [UPL.NS] fetching fresh data
2026-08-05 05:48:14,451 [INFO] src.ingestion: [COROMANDEL.NS] fetching fresh data
2026-08-05 05:48:15,268 [INFO] src.ingestion: [CHAMBLFERT.NS] fetching fresh data
2026-08-05 05:48:16,137 [INFO] src.ingestion: [GNFC.NS] fetching fresh data
2026-08-05 05:48:16,989 [INFO] src.ingestion: [PIDILITIND.NS] fetching fresh data
2026-08-05 05:48:17,824 [INFO] src.ingestion: [TATACHEM.NS] fetching fresh data
2026-08-05 05:48:18,614 [INFO] src.ingestion: [GHCL.NS] fetching fresh data
2026-08-05 05:48:19,424 [INFO] src.ingestion: [TITAN.NS] fetching fresh data
2026-08-05 05:48:20,252 [INFO] src.ingestion: [DMART.NS] fetching fresh data
2026-08-05 05:48:21,101 [INFO] src.ingestion: [TRENT.NS] fetching fresh data
2026-08-05 05:48:21,955 [INFO] src.ingestion: [BATAINDIA.NS] fetching fresh data
2026-08-05 05:48:22,793 [INFO] src.ingestion: [PAGEIND.NS] fetching fresh data
2026-08-05 05:48:23,640 [INFO] src.ingestion: [JUBLFOOD.NS] fetching fresh data
2026-08-05 05:48:24,380 [INFO] src.ingestion: [VOLTAS.NS] fetching fresh data
2026-08-05 05:48:25,232 [INFO] src.ingestion: [DIXON.NS] fetching fresh data
2026-08-05 05:48:26,079 [INFO] src.ingestion: [RELAXO.NS] fetching fresh data
2026-08-05 05:48:26,906 [INFO] src.ingestion: [KAJARIACER.NS] fetching fresh data
2026-08-05 05:48:27,711 [INFO] src.ingestion: [WHIRLPOOL.NS] fetching fresh data
2026-08-05 05:48:28,534 [INFO] src.ingestion: [BLUESTARCO.NS] fetching fresh data
2026-08-05 05:48:29,440 [INFO] src.ingestion: [PGHH.NS] fetching fresh data
2026-08-05 05:48:30,260 [INFO] src.ingestion: [GILLETTE.NS] fetching fresh data
2026-08-05 05:48:31,109 [INFO] src.ingestion: [BHARTIARTL.NS] fetching fresh data
2026-08-05 05:48:31,962 [INFO] src.ingestion: [IDEA.NS] fetching fresh data
2026-08-05 05:48:32,819 [INFO] src.ingestion: [INDUSTOWER.NS] fetching fresh data
2026-08-05 05:48:33,617 [INFO] src.ingestion: [PVRINOX.NS] fetching fresh data
2026-08-05 05:48:34,532 [INFO] src.ingestion: [ZEEL.NS] fetching fresh data
2026-08-05 05:48:35,379 [INFO] src.ingestion: [ADANIPORTS.NS] fetching fresh data
2026-08-05 05:48:36,281 [INFO] src.ingestion: [ADANIENT.NS] fetching fresh data
2026-08-05 05:48:37,095 [INFO] src.ingestion: [GMRAIRPORT.NS] fetching fresh data
2026-08-05 05:48:37,970 [INFO] src.ingestion: [CONCOR.NS] fetching fresh data
2026-08-05 05:48:38,810 [INFO] src.ingestion: [IRCTC.NS] fetching fresh data
2026-08-05 05:48:39,640 [INFO] src.ingestion: [INDIGO.NS] fetching fresh data
2026-08-05 05:48:40,455 [INFO] src.ingestion: [RVNL.NS] fetching fresh data
2026-08-05 05:48:41,293 [INFO] src.ingestion: [IRCON.NS] fetching fresh data
2026-08-05 05:48:42,100 [INFO] src.ingestion: [NBCC.NS] fetching fresh data
2026-08-05 05:48:42,974 [INFO] src.ingestion: [NCC.NS] fetching fresh data
2026-08-05 05:48:43,827 [INFO] src.ingestion: [MAZDOCK.NS] fetching fresh data
2026-08-05 05:48:44,572 [INFO] src.ingestion: [COCHINSHIP.NS] fetching fresh data
2026-08-05 05:48:45,440 [INFO] src.ingestion: [DLF.NS] fetching fresh data
2026-08-05 05:48:46,263 [INFO] src.ingestion: [GODREJPROP.NS] fetching fresh data
2026-08-05 05:48:47,125 [INFO] src.ingestion: [OBEROIRLTY.NS] fetching fresh data
2026-08-05 05:48:47,938 [INFO] src.ingestion: [PRESTIGE.NS] fetching fresh data
2026-08-05 05:48:48,679 [INFO] src.ingestion: [PHOENIXLTD.NS] fetching fresh data
2026-08-05 05:48:49,530 [INFO] src.ingestion: [SOBHA.NS] fetching fresh data
2026-08-05 05:48:50,334 [INFO] src.ingestion: Fetched 200/201 tickers successfully
2026-08-05 05:48:50,335 [WARNING] src.ingestion: Failed tickers (excluded from downstream, not silently zeroed): ['LTIM.NS']
2026-08-05 05:48:50,335 [INFO] __main__: Ingestion validation passed: 200/201 tickers (100%)
2026-08-05 05:48:50,335 [INFO] __main__: === Stage 2/8: Cleaning ===
2026-08-05 05:48:50,343 [WARNING] src.cleaning: [CROMPTON.NS] EXCLUDED: missing critical fields: ['trailing_pe']
2026-08-05 05:48:50,343 [WARNING] src.cleaning: [INDIGO.NS] EXCLUDED: missing critical fields: ['trailing_pe']
2026-08-05 05:48:50,343 [WARNING] src.cleaning: [LTIM.NS] EXCLUDED: ingestion failed: yfinance returned an empty info payload for LTIM.NS (no exception, but no usable data — likely a transient Yahoo-side issue or an invalid/delisted symbol)
2026-08-05 05:48:50,344 [WARNING] src.cleaning: [TATACHEM.NS] EXCLUDED: missing critical fields: ['trailing_pe']
2026-08-05 05:48:50,344 [WARNING] src.cleaning: [TMPV.NS] EXCLUDED: missing critical fields: ['trailing_pe']
2026-08-05 05:48:50,344 [INFO] src.cleaning: [AARTIIND.NS] non-critical missing fields: ['return_on_equity']
2026-08-05 05:48:50,344 [INFO] src.cleaning: [ACC.NS] non-critical missing fields: ['return_on_equity']
2026-08-05 05:48:50,344 [INFO] src.cleaning: [ADANIENT.NS] non-critical missing fields: ['return_on_equity']
2026-08-05 05:48:50,344 [INFO] src.cleaning: [ADANIGREEN.NS] non-critical missing fields: ['return_on_equity']
2026-08-05 05:48:50,344 [INFO] src.cleaning: [ADANIPORTS.NS] non-critical missing fields: ['return_on_equity']
2026-08-05 05:48:50,344 [INFO] src.cleaning: [ADANIPOWER.NS] non-critical missing fields: ['return_on_equity']
2026-08-05 05:48:50,344 [INFO] src.cleaning: [AMBUJACEM.NS] non-critical missing fields: ['return_on_equity']
2026-08-05 05:48:50,344 [INFO] src.cleaning: [APLAPOLLO.NS] non-critical missing fields: ['return_on_equity']
2026-08-05 05:48:50,344 [INFO] src.cleaning: [AUBANK.NS] non-critical missing fields: ['ev_to_ebitda', 'return_on_equity', 'debt_to_equity']
2026-08-05 05:48:50,345 [INFO] src.cleaning: [AXISBANK.NS] non-critical missing fields: ['ev_to_ebitda', 'debt_to_equity']
2026-08-05 05:48:50,345 [INFO] src.cleaning: [BAJAJ-AUTO.NS] non-critical missing fields: ['return_on_equity']
2026-08-05 05:48:50,345 [INFO] src.cleaning: [BAJAJFINSV.NS] non-critical missing fields: ['return_on_equity']
2026-08-05 05:48:50,345 [WARNING] src.cleaning: [BAJAJHLDNG.NS] outlier values flagged: ['net_margin']
2026-08-05 05:48:50,345 [INFO] src.cleaning: [BAJFINANCE.NS] non-critical missing fields: ['ev_to_ebitda', 'return_on_equity']
2026-08-05 05:48:50,345 [INFO] src.cleaning: [BANDHANBNK.NS] non-critical missing fields: ['ev_to_ebitda', 'return_on_equity', 'debt_to_equity']
2026-08-05 05:48:50,345 [INFO] src.cleaning: [BANKBARODA.NS] non-critical missing fields: ['ev_to_ebitda', 'debt_to_equity']
2026-08-05 05:48:50,345 [INFO] src.cleaning: [BANKINDIA.NS] non-critical missing fields: ['ev_to_ebitda', 'debt_to_equity']
2026-08-05 05:48:50,345 [INFO] src.cleaning: [BEL.NS] non-critical missing fields: ['return_on_equity']
2026-08-05 05:48:50,345 [INFO] src.cleaning: [BHEL.NS] non-critical missing fields: ['return_on_equity']
2026-08-05 05:48:50,345 [INFO] src.cleaning: [BPCL.NS] non-critical missing fields: ['return_on_equity']
2026-08-05 05:48:50,345 [INFO] src.cleaning: [CANBK.NS] non-critical missing fields: ['ev_to_ebitda', 'return_on_equity', 'debt_to_equity']
2026-08-05 05:48:50,345 [INFO] src.cleaning: [CENTRALBK.NS] non-critical missing fields: ['ev_to_ebitda', 'debt_to_equity']
2026-08-05 05:48:50,345 [INFO] src.cleaning: [CHAMBLFERT.NS] non-critical missing fields: ['return_on_equity']
2026-08-05 05:48:50,345 [INFO] src.cleaning: [CHOLAFIN.NS] non-critical missing fields: ['ev_to_ebitda', 'return_on_equity']
2026-08-05 05:48:50,345 [INFO] src.cleaning: [CIPLA.NS] non-critical missing fields: ['return_on_equity']
2026-08-05 05:48:50,345 [INFO] src.cleaning: [COALINDIA.NS] non-critical missing fields: ['return_on_equity']
2026-08-05 05:48:50,345 [INFO] src.cleaning: [COFORGE.NS] non-critical missing fields: ['return_on_equity']
2026-08-05 05:48:50,345 [INFO] src.cleaning: [COLPAL.NS] non-critical missing fields: ['return_on_equity']
2026-08-05 05:48:50,345 [INFO] src.cleaning: [CONCOR.NS] non-critical missing fields: ['return_on_equity']
2026-08-05 05:48:50,345 [INFO] src.cleaning: [COROMANDEL.NS] non-critical missing fields: ['return_on_equity']
2026-08-05 05:48:50,345 [INFO] src.cleaning: [CYIENT.NS] non-critical missing fields: ['return_on_equity']
2026-08-05 05:48:50,345 [INFO] src.cleaning: [DABUR.NS] non-critical missing fields: ['return_on_equity']
2026-08-05 05:48:50,345 [INFO] src.cleaning: [DALBHARAT.NS] non-critical missing fields: ['return_on_equity']
2026-08-05 05:48:50,345 [INFO] src.cleaning: [DIVISLAB.NS] non-critical missing fields: ['return_on_equity']
2026-08-05 05:48:50,346 [INFO] src.cleaning: [DIXON.NS] non-critical missing fields: ['return_on_equity']
2026-08-05 05:48:50,346 [INFO] src.cleaning: [DMART.NS] non-critical missing fields: ['return_on_equity']
2026-08-05 05:48:50,346 [INFO] src.cleaning: [EICHERMOT.NS] non-critical missing fields: ['return_on_equity']
2026-08-05 05:48:50,346 [INFO] src.cleaning: [EXIDEIND.NS] non-critical missing fields: ['return_on_equity']
2026-08-05 05:48:50,346 [INFO] src.cleaning: [FEDERALBNK.NS] non-critical missing fields: ['ev_to_ebitda', 'return_on_equity', 'debt_to_equity']
2026-08-05 05:48:50,346 [INFO] src.cleaning: [GAIL.NS] non-critical missing fields: ['return_on_equity']
2026-08-05 05:48:50,346 [INFO] src.cleaning: [GHCL.NS] non-critical missing fields: ['return_on_equity']
2026-08-05 05:48:50,346 [INFO] src.cleaning: [GICRE.NS] non-critical missing fields: ['debt_to_equity']
2026-08-05 05:48:50,346 [INFO] src.cleaning: [GILLETTE.NS] non-critical missing fields: ['return_on_equity']
2026-08-05 05:48:50,346 [INFO] src.cleaning: [GLENMARK.NS] non-critical missing fields: ['return_on_equity']
2026-08-05 05:48:50,346 [WARNING] src.cleaning: [GMRAIRPORT.NS] outlier values flagged: ['trailing_pe']
2026-08-05 05:48:50,346 [WARNING] src.cleaning: [GMRAIRPORT.NS] negative/zero equity — DuPont ROE math will be invalid downstream
2026-08-05 05:48:50,346 [INFO] src.cleaning: [GMRAIRPORT.NS] non-critical missing fields: ['return_on_equity', 'debt_to_equity']
2026-08-05 05:48:50,346 [INFO] src.cleaning: [GRINDWELL.NS] non-critical missing fields: ['return_on_equity']
2026-08-05 05:48:50,346 [INFO] src.cleaning: [HAVELLS.NS] non-critical missing fields: ['return_on_equity']
2026-08-05 05:48:50,346 [WARNING] src.cleaning: [HCLTECH.NS] outlier values flagged: ['ev_to_ebitda']
2026-08-05 05:48:50,346 [INFO] src.cleaning: [HDFCBANK.NS] non-critical missing fields: ['ev_to_ebitda', 'debt_to_equity']
2026-08-05 05:48:50,346 [INFO] src.cleaning: [HEIDELBERG.NS] non-critical missing fields: ['return_on_equity']
2026-08-05 05:48:50,346 [INFO] src.cleaning: [HINDUNILVR.NS] non-critical missing fields: ['return_on_equity']
2026-08-05 05:48:50,346 [INFO] src.cleaning: [HINDZINC.NS] non-critical missing fields: ['return_on_equity']
2026-08-05 05:48:50,346 [INFO] src.cleaning: [HUDCO.NS] non-critical missing fields: ['ev_to_ebitda', 'return_on_equity']
2026-08-05 05:48:50,346 [INFO] src.cleaning: [ICICIBANK.NS] non-critical missing fields: ['ev_to_ebitda', 'debt_to_equity']
2026-08-05 05:48:50,346 [INFO] src.cleaning: [ICICIGI.NS] non-critical missing fields: ['debt_to_equity']
2026-08-05 05:48:50,346 [WARNING] src.cleaning: [IDEA.NS] negative/zero equity — DuPont ROE math will be invalid downstream
2026-08-05 05:48:50,346 [INFO] src.cleaning: [IDEA.NS] non-critical missing fields: ['return_on_equity', 'debt_to_equity']
2026-08-05 05:48:50,347 [INFO] src.cleaning: [IDFCFIRSTB.NS] non-critical missing fields: ['ev_to_ebitda', 'return_on_equity', 'debt_to_equity', 'total_debt']
2026-08-05 05:48:50,347 [INFO] src.cleaning: [INDUSINDBK.NS] non-critical missing fields: ['ev_to_ebitda', 'return_on_equity', 'debt_to_equity']
2026-08-05 05:48:50,347 [WARNING] src.cleaning: [INFY.NS] outlier values flagged: ['ev_to_ebitda']
2026-08-05 05:48:50,347 [INFO] src.cleaning: [IOB.NS] non-critical missing fields: ['ev_to_ebitda', 'debt_to_equity']
2026-08-05 05:48:50,347 [INFO] src.cleaning: [IOC.NS] non-critical missing fields: ['return_on_equity']
2026-08-05 05:48:50,347 [INFO] src.cleaning: [IRFC.NS] non-critical missing fields: ['ev_to_ebitda', 'return_on_equity']
2026-08-05 05:48:50,347 [INFO] src.cleaning: [ITC.NS] non-critical missing fields: ['return_on_equity']
2026-08-05 05:48:50,347 [INFO] src.cleaning: [JINDALSTEL.NS] non-critical missing fields: ['return_on_equity']
2026-08-05 05:48:50,347 [INFO] src.cleaning: [JKCEMENT.NS] non-critical missing fields: ['return_on_equity']
2026-08-05 05:48:50,347 [INFO] src.cleaning: [JSL.NS] non-critical missing fields: ['return_on_equity']
2026-08-05 05:48:50,347 [INFO] src.cleaning: [JSWSTEEL.NS] non-critical missing fields: ['return_on_equity']
2026-08-05 05:48:50,347 [INFO] src.cleaning: [KAJARIACER.NS] non-critical missing fields: ['return_on_equity']
2026-08-05 05:48:50,347 [INFO] src.cleaning: [KOTAKBANK.NS] non-critical missing fields: ['ev_to_ebitda', 'return_on_equity', 'debt_to_equity']
2026-08-05 05:48:50,347 [INFO] src.cleaning: [KPITTECH.NS] non-critical missing fields: ['return_on_equity']
2026-08-05 05:48:50,347 [INFO] src.cleaning: [LALPATHLAB.NS] non-critical missing fields: ['return_on_equity']
2026-08-05 05:48:50,347 [INFO] src.cleaning: [LAURUSLABS.NS] non-critical missing fields: ['return_on_equity']
2026-08-05 05:48:50,347 [INFO] src.cleaning: [LICHSGFIN.NS] non-critical missing fields: ['ev_to_ebitda', 'return_on_equity']
2026-08-05 05:48:50,347 [INFO] src.cleaning: [LTTS.NS] non-critical missing fields: ['return_on_equity']
2026-08-05 05:48:50,347 [INFO] src.cleaning: [LT.NS] non-critical missing fields: ['return_on_equity']
2026-08-05 05:48:50,347 [INFO] src.cleaning: [M&M.NS] non-critical missing fields: ['return_on_equity']
2026-08-05 05:48:50,347 [INFO] src.cleaning: [MANAPPURAM.NS] non-critical missing fields: ['ev_to_ebitda']
2026-08-05 05:48:50,347 [INFO] src.cleaning: [MARUTI.NS] non-critical missing fields: ['return_on_equity']
2026-08-05 05:48:50,347 [INFO] src.cleaning: [MAZDOCK.NS] non-critical missing fields: ['return_on_equity']
2026-08-05 05:48:50,347 [INFO] src.cleaning: [MUTHOOTFIN.NS] non-critical missing fields: ['ev_to_ebitda']
2026-08-05 05:48:50,347 [INFO] src.cleaning: [NATIONALUM.NS] non-critical missing fields: ['return_on_equity']
2026-08-05 05:48:50,348 [INFO] src.cleaning: [NESTLEIND.NS] non-critical missing fields: ['return_on_equity']
2026-08-05 05:48:50,348 [INFO] src.cleaning: [NTPC.NS] non-critical missing fields: ['return_on_equity']
2026-08-05 05:48:50,348 [INFO] src.cleaning: [OBEROIRLTY.NS] non-critical missing fields: ['return_on_equity']
2026-08-05 05:48:50,348 [INFO] src.cleaning: [PERSISTENT.NS] non-critical missing fields: ['return_on_equity']
2026-08-05 05:48:50,348 [INFO] src.cleaning: [PFC.NS] non-critical missing fields: ['ev_to_ebitda']
2026-08-05 05:48:50,348 [INFO] src.cleaning: [PGHH.NS] non-critical missing fields: ['return_on_equity']
2026-08-05 05:48:50,348 [INFO] src.cleaning: [PHOENIXLTD.NS] non-critical missing fields: ['return_on_equity']
2026-08-05 05:48:50,348 [INFO] src.cleaning: [PNB.NS] non-critical missing fields: ['ev_to_ebitda', 'debt_to_equity']
2026-08-05 05:48:50,348 [INFO] src.cleaning: [POONAWALLA.NS] non-critical missing fields: ['ev_to_ebitda', 'return_on_equity']
2026-08-05 05:48:50,348 [INFO] src.cleaning: [PVRINOX.NS] non-critical missing fields: ['return_on_equity']
2026-08-05 05:48:50,348 [INFO] src.cleaning: [RBLBANK.NS] non-critical missing fields: ['ev_to_ebitda', 'return_on_equity', 'debt_to_equity']
2026-08-05 05:48:50,348 [INFO] src.cleaning: [RECLTD.NS] non-critical missing fields: ['ev_to_ebitda', 'return_on_equity']
2026-08-05 05:48:50,348 [INFO] src.cleaning: [RELIANCE.NS] non-critical missing fields: ['return_on_equity']
2026-08-05 05:48:50,348 [INFO] src.cleaning: [SAIL.NS] non-critical missing fields: ['return_on_equity']
2026-08-05 05:48:50,348 [INFO] src.cleaning: [SBICARD.NS] non-critical missing fields: ['ev_to_ebitda', 'return_on_equity']
2026-08-05 05:48:50,348 [INFO] src.cleaning: [SBILIFE.NS] non-critical missing fields: ['debt_to_equity']
2026-08-05 05:48:50,348 [INFO] src.cleaning: [SBIN.NS] non-critical missing fields: ['ev_to_ebitda', 'debt_to_equity']
2026-08-05 05:48:50,348 [INFO] src.cleaning: [SHREECEM.NS] non-critical missing fields: ['return_on_equity']
2026-08-05 05:48:50,348 [INFO] src.cleaning: [SHRIRAMFIN.NS] non-critical missing fields: ['ev_to_ebitda']
2026-08-05 05:48:50,348 [INFO] src.cleaning: [SIEMENS.NS] non-critical missing fields: ['return_on_equity']
2026-08-05 05:48:50,348 [INFO] src.cleaning: [SOBHA.NS] non-critical missing fields: ['return_on_equity']
2026-08-05 05:48:50,348 [INFO] src.cleaning: [SRF.NS] non-critical missing fields: ['return_on_equity']
2026-08-05 05:48:50,348 [INFO] src.cleaning: [SUNPHARMA.NS] non-critical missing fields: ['return_on_equity']
2026-08-05 05:48:50,348 [INFO] src.cleaning: [SUPREMEIND.NS] non-critical missing fields: ['return_on_equity']
2026-08-05 05:48:50,348 [INFO] src.cleaning: [TATACONSUM.NS] non-critical missing fields: ['return_on_equity']
2026-08-05 05:48:50,349 [INFO] src.cleaning: [TATAELXSI.NS] non-critical missing fields: ['return_on_equity']
2026-08-05 05:48:50,349 [INFO] src.cleaning: [TATAPOWER.NS] non-critical missing fields: ['return_on_equity']
2026-08-05 05:48:50,349 [INFO] src.cleaning: [TATASTEEL.NS] non-critical missing fields: ['return_on_equity']
2026-08-05 05:48:50,349 [INFO] src.cleaning: [TECHM.NS] non-critical missing fields: ['return_on_equity']
2026-08-05 05:48:50,349 [INFO] src.cleaning: [THERMAX.NS] non-critical missing fields: ['return_on_equity']
2026-08-05 05:48:50,349 [INFO] src.cleaning: [TORNTPHARM.NS] non-critical missing fields: ['return_on_equity']
2026-08-05 05:48:50,349 [INFO] src.cleaning: [TORNTPOWER.NS] non-critical missing fields: ['return_on_equity']
2026-08-05 05:48:50,349 [INFO] src.cleaning: [TVSMOTOR.NS] non-critical missing fields: ['return_on_equity']
2026-08-05 05:48:50,349 [INFO] src.cleaning: [UCOBANK.NS] non-critical missing fields: ['ev_to_ebitda', 'debt_to_equity']
2026-08-05 05:48:50,349 [INFO] src.cleaning: [ULTRACEMCO.NS] non-critical missing fields: ['return_on_equity']
2026-08-05 05:48:50,349 [INFO] src.cleaning: [UNIONBANK.NS] non-critical missing fields: ['ev_to_ebitda', 'debt_to_equity', 'revenue_growth', 'total_debt']
2026-08-05 05:48:50,349 [INFO] src.cleaning: [UNITDSPR.NS] non-critical missing fields: ['return_on_equity']
2026-08-05 05:48:50,349 [INFO] src.cleaning: [UPL.NS] non-critical missing fields: ['return_on_equity']
2026-08-05 05:48:50,349 [INFO] src.cleaning: [VEDL.NS] non-critical missing fields: ['return_on_equity']
2026-08-05 05:48:50,349 [INFO] src.cleaning: [WELCORP.NS] non-critical missing fields: ['return_on_equity']
2026-08-05 05:48:50,360 [INFO] src.cleaning: Cleaned 196/201 tickers -> data/processed/cleaned_universe.csv
2026-08-05 05:48:50,360 [INFO] src.cleaning: Full flag audit trail -> data/processed/cleaning_flags.csv
2026-08-05 05:48:50,360 [INFO] __main__: Cleaning validation passed: 196/201 tickers retained (98%)
2026-08-05 05:48:50,360 [INFO] __main__: === Stage 3/8: Scoring ===
2026-08-05 05:48:50,419 [INFO] src.scoring: Scored 196 companies -> data/processed/scored_universe.csv
2026-08-05 05:48:50,419 [INFO] src.scoring: Top 10 shortlist -> data/processed/shortlist_top_n.csv
2026-08-05 05:48:50,420 [WARNING] src.scoring: 24 companies scored on fewer than all 4 buckets (reweighted, not zero-filled) — see 'buckets_used' column: ['UNIONBANK.NS', 'IOB.NS', 'BANKINDIA.NS', 'CANBK.NS', 'PNB.NS', 'IDEA.NS', 'ICICIGI.NS', 'GICRE.NS', 'FEDERALBNK.NS', 'UCOBANK.NS', 'BANKBARODA.NS', 'KOTAKBANK.NS', 'SBIN.NS', 'AXISBANK.NS', 'ICICIBANK.NS', 'CENTRALBK.NS', 'HDFCBANK.NS', 'SBILIFE.NS', 'GMRAIRPORT.NS', 'AUBANK.NS', 'BANDHANBNK.NS', 'IDFCFIRSTB.NS', 'RBLBANK.NS', 'INDUSINDBK.NS']
2026-08-05 05:48:50,422 [INFO] __main__: Scoring validation passed: 196 companies ranked, all scores in valid range
2026-08-05 05:48:50,422 [INFO] __main__: === Stage 4/8: Comps + DuPont ===
2026-08-05 05:48:50,433 [INFO] src.comps_dupont: Comps + DuPont report for top 10 -> data/processed/comps_dupont_report.csv
2026-08-05 05:48:50,434 [WARNING] src.comps_dupont: 1 companies have a DuPont-implied ROE that diverges >5pp from reported ROE (possible data inconsistency, worth a manual check): ['IOB.NS']
2026-08-05 05:48:50,434 [INFO] __main__: === Stage 5/8: Explainability ===
2026-08-05 05:48:50,470 [INFO] src.explainability: Explanations for top 10 companies -> data/processed/explanations.csv
2026-08-05 05:48:50,470 [INFO] __main__: === Stage 6/8: Baseline Comparison ===
2026-08-05 05:48:50,477 [INFO] src.baseline_comparison: Baseline comparison -> data/processed/baseline_comparison.csv
2026-08-05 05:48:50,477 [INFO] __main__: === Stage 7/8: Acquisition Likelihood ===
2026-08-05 05:48:50,480 [INFO] src.acquisition_likelihood: 2 companies excluded from acquisition-likelihood scoring (negative/zero equity — financial distress, not a value-target thesis): ['IDEA.NS', 'GMRAIRPORT.NS']
2026-08-05 05:48:50,491 [INFO] src.acquisition_likelihood: Acquisition likelihood scoring -> data/processed/acquisition_likelihood.csv
2026-08-05 05:48:50,491 [INFO] __main__: === Stage 8/8: Historical Snapshot ===
2026-08-05 05:48:50,496 [INFO] src.history_tracker: Recorded shortlist snapshot for 2026-08-05 (10 companies) -> data/history/shortlist_history.csv (1 distinct days tracked so far)
2026-08-05 05:48:50,500 [INFO] src.history_tracker: Recorded acquisition-likelihood snapshot for 2026-08-05 (10 companies) -> data/history/acquisition_likelihood_history.csv (1 distinct days tracked so far)
2026-08-05 05:48:50,500 [INFO] __main__: === Pipeline completed successfully ===
2026-08-05 05:48:50,500 [INFO] __main__:   ingestion: {'total': 201, 'ok': 200}
2026-08-05 05:48:50,500 [INFO] __main__:   cleaning: {'retained': 196, 'input': 201}
2026-08-05 05:48:50,500 [INFO] __main__:   scoring: {'ranked': 196}
2026-08-05 05:48:50,500 [INFO] __main__:   comps_dupont: {'companies': 10}
2026-08-05 05:48:50,500 [INFO] __main__:   explainability: {'companies': 10}
2026-08-05 05:48:50,500 [INFO] __main__:   baseline_comparison: {'correlation': np.float64(0.45459761413350974), 'overlap_pct': 0.1}
2026-08-05 05:48:50,500 [INFO] __main__:   acquisition_likelihood: {'companies': 10}
2026-08-05 05:48:50,500 [INFO] __main__:   history_tracker: {'recorded': True}
