2026-08-02 05:57:57,296 [INFO] __main__: Logging to file: logs/pipeline_run_2026-08-02T05-57-57Z.log
2026-08-02 05:57:57,296 [INFO] __main__: === Stage 1/8: Ingestion ===
2026-08-02 05:57:57,322 [INFO] src.ingestion: [ACC.NS] fetching fresh data
2026-08-02 05:57:58,319 [INFO] src.ingestion: [AMBUJACEM.NS] fetching fresh data
2026-08-02 05:57:59,144 [INFO] src.ingestion: [ULTRACEMCO.NS] fetching fresh data
2026-08-02 05:58:00,021 [INFO] src.ingestion: [SHREECEM.NS] fetching fresh data
2026-08-02 05:58:00,901 [INFO] src.ingestion: [JKCEMENT.NS] fetching fresh data
2026-08-02 05:58:01,837 [INFO] src.ingestion: [RAMCOCEM.NS] fetching fresh data
2026-08-02 05:58:02,712 [INFO] src.ingestion: [HEIDELBERG.NS] fetching fresh data
2026-08-02 05:58:03,716 [INFO] src.ingestion: [DALBHARAT.NS] fetching fresh data
2026-08-02 05:58:04,571 [INFO] src.ingestion: [INFY.NS] fetching fresh data
2026-08-02 05:58:05,484 [INFO] src.ingestion: [TCS.NS] fetching fresh data
2026-08-02 05:58:06,375 [INFO] src.ingestion: [WIPRO.NS] fetching fresh data
2026-08-02 05:58:07,256 [INFO] src.ingestion: [HCLTECH.NS] fetching fresh data
2026-08-02 05:58:08,197 [INFO] src.ingestion: [TECHM.NS] fetching fresh data
2026-08-02 05:58:09,134 [INFO] src.ingestion: [LTIM.NS] fetching fresh data
2026-08-02 05:58:09,271 [ERROR] yfinance: HTTP Error 404: {"quoteSummary":{"result":null,"error":{"code":"Not Found","description":"Quote not found for symbol: LTIM.NS"}}}
2026-08-02 05:58:09,360 [WARNING] src.ingestion: [LTIM.NS] attempt 1 failed: yfinance returned an empty info payload for LTIM.NS (no exception, but no usable data — likely a transient Yahoo-side issue or an invalid/delisted symbol)
2026-08-02 05:58:11,523 [ERROR] yfinance: HTTP Error 404: {"quoteSummary":{"result":null,"error":{"code":"Not Found","description":"Quote not found for symbol: LTIM.NS"}}}
2026-08-02 05:58:11,568 [WARNING] src.ingestion: [LTIM.NS] attempt 2 failed: yfinance returned an empty info payload for LTIM.NS (no exception, but no usable data — likely a transient Yahoo-side issue or an invalid/delisted symbol)
2026-08-02 05:58:15,821 [ERROR] yfinance: HTTP Error 404: {"quoteSummary":{"result":null,"error":{"code":"Not Found","description":"Quote not found for symbol: LTIM.NS"}}}
2026-08-02 05:58:15,866 [WARNING] src.ingestion: [LTIM.NS] attempt 3 failed: yfinance returned an empty info payload for LTIM.NS (no exception, but no usable data — likely a transient Yahoo-side issue or an invalid/delisted symbol)
2026-08-02 05:58:16,266 [INFO] src.ingestion: [PERSISTENT.NS] fetching fresh data
2026-08-02 05:58:17,112 [INFO] src.ingestion: [COFORGE.NS] fetching fresh data
2026-08-02 05:58:18,050 [INFO] src.ingestion: [MPHASIS.NS] fetching fresh data
2026-08-02 05:58:18,858 [INFO] src.ingestion: [LTTS.NS] fetching fresh data
2026-08-02 05:58:19,730 [INFO] src.ingestion: [TATAELXSI.NS] fetching fresh data
2026-08-02 05:58:20,588 [INFO] src.ingestion: [CYIENT.NS] fetching fresh data
2026-08-02 05:58:21,632 [INFO] src.ingestion: [KPITTECH.NS] fetching fresh data
2026-08-02 05:58:22,508 [INFO] src.ingestion: [HDFCBANK.NS] fetching fresh data
2026-08-02 05:58:23,301 [INFO] src.ingestion: [ICICIBANK.NS] fetching fresh data
2026-08-02 05:58:24,161 [INFO] src.ingestion: [SBIN.NS] fetching fresh data
2026-08-02 05:58:24,922 [INFO] src.ingestion: [AXISBANK.NS] fetching fresh data
2026-08-02 05:58:25,884 [INFO] src.ingestion: [KOTAKBANK.NS] fetching fresh data
2026-08-02 05:58:26,813 [INFO] src.ingestion: [INDUSINDBK.NS] fetching fresh data
2026-08-02 05:58:27,739 [INFO] src.ingestion: [FEDERALBNK.NS] fetching fresh data
2026-08-02 05:58:28,631 [INFO] src.ingestion: [BANDHANBNK.NS] fetching fresh data
2026-08-02 05:58:29,484 [INFO] src.ingestion: [IDFCFIRSTB.NS] fetching fresh data
2026-08-02 05:58:30,343 [INFO] src.ingestion: [PNB.NS] fetching fresh data
2026-08-02 05:58:31,234 [INFO] src.ingestion: [BANKBARODA.NS] fetching fresh data
2026-08-02 05:58:32,154 [INFO] src.ingestion: [CANBK.NS] fetching fresh data
2026-08-02 05:58:32,929 [INFO] src.ingestion: [UNIONBANK.NS] fetching fresh data
2026-08-02 05:58:33,929 [INFO] src.ingestion: [AUBANK.NS] fetching fresh data
2026-08-02 05:58:34,866 [INFO] src.ingestion: [RBLBANK.NS] fetching fresh data
2026-08-02 05:58:35,815 [INFO] src.ingestion: [BANKINDIA.NS] fetching fresh data
2026-08-02 05:58:36,629 [INFO] src.ingestion: [CENTRALBK.NS] fetching fresh data
2026-08-02 05:58:37,490 [INFO] src.ingestion: [IOB.NS] fetching fresh data
2026-08-02 05:58:38,599 [INFO] src.ingestion: [UCOBANK.NS] fetching fresh data
2026-08-02 05:58:39,419 [INFO] src.ingestion: [BAJFINANCE.NS] fetching fresh data
2026-08-02 05:58:40,200 [INFO] src.ingestion: [BAJAJFINSV.NS] fetching fresh data
2026-08-02 05:58:41,148 [INFO] src.ingestion: [CHOLAFIN.NS] fetching fresh data
2026-08-02 05:58:42,097 [INFO] src.ingestion: [MUTHOOTFIN.NS] fetching fresh data
2026-08-02 05:58:43,007 [INFO] src.ingestion: [LICHSGFIN.NS] fetching fresh data
2026-08-02 05:58:43,900 [INFO] src.ingestion: [SHRIRAMFIN.NS] fetching fresh data
2026-08-02 05:58:44,809 [INFO] src.ingestion: [PFC.NS] fetching fresh data
2026-08-02 05:58:45,791 [INFO] src.ingestion: [RECLTD.NS] fetching fresh data
2026-08-02 05:58:46,614 [INFO] src.ingestion: [IRFC.NS] fetching fresh data
2026-08-02 05:58:47,573 [INFO] src.ingestion: [HUDCO.NS] fetching fresh data
2026-08-02 05:58:48,494 [INFO] src.ingestion: [BAJAJHLDNG.NS] fetching fresh data
2026-08-02 05:58:49,510 [INFO] src.ingestion: [SBICARD.NS] fetching fresh data
2026-08-02 05:58:50,522 [INFO] src.ingestion: [MANAPPURAM.NS] fetching fresh data
2026-08-02 05:58:51,393 [INFO] src.ingestion: [POONAWALLA.NS] fetching fresh data
2026-08-02 05:58:52,326 [INFO] src.ingestion: [HDFCLIFE.NS] fetching fresh data
2026-08-02 05:58:53,312 [INFO] src.ingestion: [SBILIFE.NS] fetching fresh data
2026-08-02 05:58:54,126 [INFO] src.ingestion: [ICICIPRULI.NS] fetching fresh data
2026-08-02 05:58:55,020 [INFO] src.ingestion: [ICICIGI.NS] fetching fresh data
2026-08-02 05:58:55,850 [INFO] src.ingestion: [LICI.NS] fetching fresh data
2026-08-02 05:58:56,838 [INFO] src.ingestion: [GICRE.NS] fetching fresh data
2026-08-02 05:58:57,755 [INFO] src.ingestion: [MARUTI.NS] fetching fresh data
2026-08-02 05:58:58,597 [INFO] src.ingestion: [TMPV.NS] fetching fresh data
2026-08-02 05:58:59,419 [INFO] src.ingestion: [TMCV.NS] fetching fresh data
2026-08-02 05:59:00,260 [INFO] src.ingestion: [M&M.NS] fetching fresh data
2026-08-02 05:59:01,243 [INFO] src.ingestion: [EICHERMOT.NS] fetching fresh data
2026-08-02 05:59:02,199 [INFO] src.ingestion: [HEROMOTOCO.NS] fetching fresh data
2026-08-02 05:59:03,169 [INFO] src.ingestion: [BAJAJ-AUTO.NS] fetching fresh data
2026-08-02 05:59:04,101 [INFO] src.ingestion: [TVSMOTOR.NS] fetching fresh data
2026-08-02 05:59:05,080 [INFO] src.ingestion: [ASHOKLEY.NS] fetching fresh data
2026-08-02 05:59:06,028 [INFO] src.ingestion: [BHARATFORG.NS] fetching fresh data
2026-08-02 05:59:06,920 [INFO] src.ingestion: [MOTHERSON.NS] fetching fresh data
2026-08-02 05:59:07,827 [INFO] src.ingestion: [BOSCHLTD.NS] fetching fresh data
2026-08-02 05:59:08,666 [INFO] src.ingestion: [MRF.NS] fetching fresh data
2026-08-02 05:59:09,680 [INFO] src.ingestion: [ENDURANCE.NS] fetching fresh data
2026-08-02 05:59:10,664 [INFO] src.ingestion: [EXIDEIND.NS] fetching fresh data
2026-08-02 05:59:11,512 [INFO] src.ingestion: [ARE&M.NS] fetching fresh data
2026-08-02 05:59:12,388 [INFO] src.ingestion: [SUNDRMFAST.NS] fetching fresh data
2026-08-02 05:59:13,211 [INFO] src.ingestion: [UNOMINDA.NS] fetching fresh data
2026-08-02 05:59:14,263 [INFO] src.ingestion: [SUNPHARMA.NS] fetching fresh data
2026-08-02 05:59:15,160 [INFO] src.ingestion: [DRREDDY.NS] fetching fresh data
2026-08-02 05:59:15,978 [INFO] src.ingestion: [CIPLA.NS] fetching fresh data
2026-08-02 05:59:16,858 [INFO] src.ingestion: [DIVISLAB.NS] fetching fresh data
2026-08-02 05:59:17,651 [INFO] src.ingestion: [LUPIN.NS] fetching fresh data
2026-08-02 05:59:18,512 [INFO] src.ingestion: [AUROPHARMA.NS] fetching fresh data
2026-08-02 05:59:19,359 [INFO] src.ingestion: [BIOCON.NS] fetching fresh data
2026-08-02 05:59:20,198 [INFO] src.ingestion: [TORNTPHARM.NS] fetching fresh data
2026-08-02 05:59:21,112 [INFO] src.ingestion: [ALKEM.NS] fetching fresh data
2026-08-02 05:59:22,024 [INFO] src.ingestion: [ABBOTINDIA.NS] fetching fresh data
2026-08-02 05:59:22,795 [INFO] src.ingestion: [APOLLOHOSP.NS] fetching fresh data
2026-08-02 05:59:23,631 [INFO] src.ingestion: [FORTIS.NS] fetching fresh data
2026-08-02 05:59:24,513 [INFO] src.ingestion: [LALPATHLAB.NS] fetching fresh data
2026-08-02 05:59:25,493 [INFO] src.ingestion: [METROPOLIS.NS] fetching fresh data
2026-08-02 05:59:26,325 [INFO] src.ingestion: [GLAND.NS] fetching fresh data
2026-08-02 05:59:27,203 [INFO] src.ingestion: [LAURUSLABS.NS] fetching fresh data
2026-08-02 05:59:27,993 [INFO] src.ingestion: [GLENMARK.NS] fetching fresh data
2026-08-02 05:59:28,894 [INFO] src.ingestion: [IPCALAB.NS] fetching fresh data
2026-08-02 05:59:29,729 [INFO] src.ingestion: [HINDUNILVR.NS] fetching fresh data
2026-08-02 05:59:30,554 [INFO] src.ingestion: [ITC.NS] fetching fresh data
2026-08-02 05:59:31,401 [INFO] src.ingestion: [NESTLEIND.NS] fetching fresh data
2026-08-02 05:59:32,329 [INFO] src.ingestion: [BRITANNIA.NS] fetching fresh data
2026-08-02 05:59:33,160 [INFO] src.ingestion: [DABUR.NS] fetching fresh data
2026-08-02 05:59:34,038 [INFO] src.ingestion: [GODREJCP.NS] fetching fresh data
2026-08-02 05:59:34,878 [INFO] src.ingestion: [MARICO.NS] fetching fresh data
2026-08-02 05:59:35,825 [INFO] src.ingestion: [COLPAL.NS] fetching fresh data
2026-08-02 05:59:36,687 [INFO] src.ingestion: [TATACONSUM.NS] fetching fresh data
2026-08-02 05:59:37,528 [INFO] src.ingestion: [VBL.NS] fetching fresh data
2026-08-02 05:59:38,503 [INFO] src.ingestion: [UNITDSPR.NS] fetching fresh data
2026-08-02 05:59:39,380 [INFO] src.ingestion: [EMAMILTD.NS] fetching fresh data
2026-08-02 05:59:40,253 [INFO] src.ingestion: [TATASTEEL.NS] fetching fresh data
2026-08-02 05:59:41,054 [INFO] src.ingestion: [JSWSTEEL.NS] fetching fresh data
2026-08-02 05:59:42,037 [INFO] src.ingestion: [HINDALCO.NS] fetching fresh data
2026-08-02 05:59:42,934 [INFO] src.ingestion: [VEDL.NS] fetching fresh data
2026-08-02 05:59:43,829 [INFO] src.ingestion: [COALINDIA.NS] fetching fresh data
2026-08-02 05:59:44,673 [INFO] src.ingestion: [NMDC.NS] fetching fresh data
2026-08-02 05:59:45,636 [INFO] src.ingestion: [SAIL.NS] fetching fresh data
2026-08-02 05:59:46,505 [INFO] src.ingestion: [JINDALSTEL.NS] fetching fresh data
2026-08-02 05:59:47,382 [INFO] src.ingestion: [APLAPOLLO.NS] fetching fresh data
2026-08-02 05:59:48,321 [INFO] src.ingestion: [NATIONALUM.NS] fetching fresh data
2026-08-02 05:59:49,247 [INFO] src.ingestion: [HINDCOPPER.NS] fetching fresh data
2026-08-02 05:59:50,092 [INFO] src.ingestion: [RATNAMANI.NS] fetching fresh data
2026-08-02 05:59:51,041 [INFO] src.ingestion: [HINDZINC.NS] fetching fresh data
2026-08-02 05:59:51,956 [INFO] src.ingestion: [WELCORP.NS] fetching fresh data
2026-08-02 05:59:52,824 [INFO] src.ingestion: [JSL.NS] fetching fresh data
2026-08-02 05:59:53,649 [INFO] src.ingestion: [RELIANCE.NS] fetching fresh data
2026-08-02 05:59:54,525 [INFO] src.ingestion: [ONGC.NS] fetching fresh data
2026-08-02 05:59:55,339 [INFO] src.ingestion: [BPCL.NS] fetching fresh data
2026-08-02 05:59:56,310 [INFO] src.ingestion: [IOC.NS] fetching fresh data
2026-08-02 05:59:57,325 [INFO] src.ingestion: [GAIL.NS] fetching fresh data
2026-08-02 05:59:58,217 [INFO] src.ingestion: [NTPC.NS] fetching fresh data
2026-08-02 05:59:59,177 [INFO] src.ingestion: [POWERGRID.NS] fetching fresh data
2026-08-02 05:59:59,985 [INFO] src.ingestion: [TATAPOWER.NS] fetching fresh data
2026-08-02 06:00:01,194 [INFO] src.ingestion: [ADANIGREEN.NS] fetching fresh data
2026-08-02 06:00:02,076 [INFO] src.ingestion: [ADANIPOWER.NS] fetching fresh data
2026-08-02 06:00:02,901 [INFO] src.ingestion: [TORNTPOWER.NS] fetching fresh data
2026-08-02 06:00:03,856 [INFO] src.ingestion: [LT.NS] fetching fresh data
2026-08-02 06:00:04,984 [INFO] src.ingestion: [SIEMENS.NS] fetching fresh data
2026-08-02 06:00:06,017 [INFO] src.ingestion: [ABB.NS] fetching fresh data
2026-08-02 06:00:06,957 [INFO] src.ingestion: [HAL.NS] fetching fresh data
2026-08-02 06:00:07,909 [INFO] src.ingestion: [BEL.NS] fetching fresh data
2026-08-02 06:00:08,903 [INFO] src.ingestion: [BHEL.NS] fetching fresh data
2026-08-02 06:00:09,765 [INFO] src.ingestion: [CUMMINSIND.NS] fetching fresh data
2026-08-02 06:00:10,656 [INFO] src.ingestion: [THERMAX.NS] fetching fresh data
2026-08-02 06:00:11,622 [INFO] src.ingestion: [POLYCAB.NS] fetching fresh data
2026-08-02 06:00:12,592 [INFO] src.ingestion: [KEI.NS] fetching fresh data
2026-08-02 06:00:13,530 [INFO] src.ingestion: [HAVELLS.NS] fetching fresh data
2026-08-02 06:00:14,537 [INFO] src.ingestion: [CROMPTON.NS] fetching fresh data
2026-08-02 06:00:15,536 [INFO] src.ingestion: [SUPREMEIND.NS] fetching fresh data
2026-08-02 06:00:16,389 [INFO] src.ingestion: [ASTRAL.NS] fetching fresh data
2026-08-02 06:00:17,252 [INFO] src.ingestion: [GRINDWELL.NS] fetching fresh data
2026-08-02 06:00:18,134 [INFO] src.ingestion: [CARBORUNIV.NS] fetching fresh data
2026-08-02 06:00:18,976 [INFO] src.ingestion: [TIMKEN.NS] fetching fresh data
2026-08-02 06:00:19,905 [INFO] src.ingestion: [SKFINDIA.NS] fetching fresh data
2026-08-02 06:00:20,720 [INFO] src.ingestion: [SRF.NS] fetching fresh data
2026-08-02 06:00:21,621 [INFO] src.ingestion: [PIIND.NS] fetching fresh data
2026-08-02 06:00:22,551 [INFO] src.ingestion: [DEEPAKNTR.NS] fetching fresh data
2026-08-02 06:00:23,379 [INFO] src.ingestion: [AARTIIND.NS] fetching fresh data
2026-08-02 06:00:24,194 [INFO] src.ingestion: [NAVINFLUOR.NS] fetching fresh data
2026-08-02 06:00:25,135 [INFO] src.ingestion: [UPL.NS] fetching fresh data
2026-08-02 06:00:26,030 [INFO] src.ingestion: [COROMANDEL.NS] fetching fresh data
2026-08-02 06:00:27,032 [INFO] src.ingestion: [CHAMBLFERT.NS] fetching fresh data
2026-08-02 06:00:27,868 [INFO] src.ingestion: [GNFC.NS] fetching fresh data
2026-08-02 06:00:28,745 [INFO] src.ingestion: [PIDILITIND.NS] fetching fresh data
2026-08-02 06:00:29,577 [INFO] src.ingestion: [TATACHEM.NS] fetching fresh data
2026-08-02 06:00:30,397 [INFO] src.ingestion: [GHCL.NS] fetching fresh data
2026-08-02 06:00:31,204 [INFO] src.ingestion: [TITAN.NS] fetching fresh data
2026-08-02 06:00:32,076 [INFO] src.ingestion: [DMART.NS] fetching fresh data
2026-08-02 06:00:32,921 [INFO] src.ingestion: [TRENT.NS] fetching fresh data
2026-08-02 06:00:33,826 [INFO] src.ingestion: [BATAINDIA.NS] fetching fresh data
2026-08-02 06:00:34,664 [INFO] src.ingestion: [PAGEIND.NS] fetching fresh data
2026-08-02 06:00:35,536 [INFO] src.ingestion: [JUBLFOOD.NS] fetching fresh data
2026-08-02 06:00:36,527 [INFO] src.ingestion: [VOLTAS.NS] fetching fresh data
2026-08-02 06:00:37,303 [INFO] src.ingestion: [DIXON.NS] fetching fresh data
2026-08-02 06:00:38,061 [INFO] src.ingestion: [RELAXO.NS] fetching fresh data
2026-08-02 06:00:39,007 [INFO] src.ingestion: [KAJARIACER.NS] fetching fresh data
2026-08-02 06:00:39,885 [INFO] src.ingestion: [WHIRLPOOL.NS] fetching fresh data
2026-08-02 06:00:40,847 [INFO] src.ingestion: [BLUESTARCO.NS] fetching fresh data
2026-08-02 06:00:41,804 [INFO] src.ingestion: [PGHH.NS] fetching fresh data
2026-08-02 06:00:42,672 [INFO] src.ingestion: [GILLETTE.NS] fetching fresh data
2026-08-02 06:00:43,583 [INFO] src.ingestion: [BHARTIARTL.NS] fetching fresh data
2026-08-02 06:00:44,488 [INFO] src.ingestion: [IDEA.NS] fetching fresh data
2026-08-02 06:00:45,413 [INFO] src.ingestion: [INDUSTOWER.NS] fetching fresh data
2026-08-02 06:00:46,294 [INFO] src.ingestion: [PVRINOX.NS] fetching fresh data
2026-08-02 06:00:47,139 [INFO] src.ingestion: [ZEEL.NS] fetching fresh data
2026-08-02 06:00:48,002 [INFO] src.ingestion: [ADANIPORTS.NS] fetching fresh data
2026-08-02 06:00:48,841 [INFO] src.ingestion: [ADANIENT.NS] fetching fresh data
2026-08-02 06:00:49,644 [INFO] src.ingestion: [GMRAIRPORT.NS] fetching fresh data
2026-08-02 06:00:50,547 [INFO] src.ingestion: [CONCOR.NS] fetching fresh data
2026-08-02 06:00:51,427 [INFO] src.ingestion: [IRCTC.NS] fetching fresh data
2026-08-02 06:00:52,280 [INFO] src.ingestion: [INDIGO.NS] fetching fresh data
2026-08-02 06:00:53,090 [INFO] src.ingestion: [RVNL.NS] fetching fresh data
2026-08-02 06:00:53,989 [INFO] src.ingestion: [IRCON.NS] fetching fresh data
2026-08-02 06:00:54,931 [INFO] src.ingestion: [NBCC.NS] fetching fresh data
2026-08-02 06:00:55,898 [INFO] src.ingestion: [NCC.NS] fetching fresh data
2026-08-02 06:00:56,772 [INFO] src.ingestion: [MAZDOCK.NS] fetching fresh data
2026-08-02 06:00:57,603 [INFO] src.ingestion: [COCHINSHIP.NS] fetching fresh data
2026-08-02 06:00:58,430 [INFO] src.ingestion: [DLF.NS] fetching fresh data
2026-08-02 06:00:59,336 [INFO] src.ingestion: [GODREJPROP.NS] fetching fresh data
2026-08-02 06:01:00,322 [INFO] src.ingestion: [OBEROIRLTY.NS] fetching fresh data
2026-08-02 06:01:01,114 [INFO] src.ingestion: [PRESTIGE.NS] fetching fresh data
2026-08-02 06:01:01,958 [INFO] src.ingestion: [PHOENIXLTD.NS] fetching fresh data
2026-08-02 06:01:02,923 [INFO] src.ingestion: [SOBHA.NS] fetching fresh data
2026-08-02 06:01:03,751 [INFO] src.ingestion: Fetched 200/201 tickers successfully
2026-08-02 06:01:03,751 [WARNING] src.ingestion: Failed tickers (excluded from downstream, not silently zeroed): ['LTIM.NS']
2026-08-02 06:01:03,751 [INFO] __main__: Ingestion validation passed: 200/201 tickers (100%)
2026-08-02 06:01:03,751 [INFO] __main__: === Stage 2/8: Cleaning ===
2026-08-02 06:01:03,756 [WARNING] src.cleaning: [ASHOKLEY.NS] EXCLUDED: missing critical fields: ['market_cap']
2026-08-02 06:01:03,756 [WARNING] src.cleaning: [BIOCON.NS] EXCLUDED: missing critical fields: ['market_cap']
2026-08-02 06:01:03,756 [WARNING] src.cleaning: [BOSCHLTD.NS] EXCLUDED: missing critical fields: ['market_cap']
2026-08-02 06:01:03,757 [WARNING] src.cleaning: [CROMPTON.NS] EXCLUDED: missing critical fields: ['trailing_pe']
2026-08-02 06:01:03,757 [WARNING] src.cleaning: [INDIGO.NS] EXCLUDED: missing critical fields: ['trailing_pe']
2026-08-02 06:01:03,757 [WARNING] src.cleaning: [IOC.NS] EXCLUDED: missing critical fields: ['market_cap']
2026-08-02 06:01:03,757 [WARNING] src.cleaning: [JUBLFOOD.NS] EXCLUDED: missing critical fields: ['market_cap']
2026-08-02 06:01:03,757 [WARNING] src.cleaning: [LTIM.NS] EXCLUDED: ingestion failed: yfinance returned an empty info payload for LTIM.NS (no exception, but no usable data — likely a transient Yahoo-side issue or an invalid/delisted symbol)
2026-08-02 06:01:03,757 [WARNING] src.cleaning: [RECLTD.NS] EXCLUDED: missing critical fields: ['market_cap']
2026-08-02 06:01:03,757 [WARNING] src.cleaning: [RELIANCE.NS] EXCLUDED: missing critical fields: ['market_cap']
2026-08-02 06:01:03,758 [WARNING] src.cleaning: [TATACHEM.NS] EXCLUDED: missing critical fields: ['trailing_pe']
2026-08-02 06:01:03,758 [WARNING] src.cleaning: [TCS.NS] EXCLUDED: missing critical fields: ['market_cap']
2026-08-02 06:01:03,758 [WARNING] src.cleaning: [TMPV.NS] EXCLUDED: missing critical fields: ['trailing_pe']
2026-08-02 06:01:03,758 [WARNING] src.cleaning: [TVSMOTOR.NS] EXCLUDED: missing critical fields: ['market_cap']
2026-08-02 06:01:03,758 [INFO] src.cleaning: [AARTIIND.NS] non-critical missing fields: ['return_on_equity']
2026-08-02 06:01:03,758 [INFO] src.cleaning: [ACC.NS] non-critical missing fields: ['return_on_equity']
2026-08-02 06:01:03,758 [INFO] src.cleaning: [ADANIENT.NS] non-critical missing fields: ['return_on_equity']
2026-08-02 06:01:03,758 [INFO] src.cleaning: [ADANIGREEN.NS] non-critical missing fields: ['return_on_equity']
2026-08-02 06:01:03,758 [INFO] src.cleaning: [ADANIPORTS.NS] non-critical missing fields: ['return_on_equity']
2026-08-02 06:01:03,758 [INFO] src.cleaning: [ADANIPOWER.NS] non-critical missing fields: ['return_on_equity']
2026-08-02 06:01:03,758 [INFO] src.cleaning: [AMBUJACEM.NS] non-critical missing fields: ['return_on_equity']
2026-08-02 06:01:03,758 [INFO] src.cleaning: [AUBANK.NS] non-critical missing fields: ['ev_to_ebitda', 'return_on_equity', 'debt_to_equity']
2026-08-02 06:01:03,758 [INFO] src.cleaning: [AXISBANK.NS] non-critical missing fields: ['ev_to_ebitda', 'debt_to_equity']
2026-08-02 06:01:03,758 [INFO] src.cleaning: [BAJAJ-AUTO.NS] non-critical missing fields: ['return_on_equity']
2026-08-02 06:01:03,758 [INFO] src.cleaning: [BAJAJFINSV.NS] non-critical missing fields: ['return_on_equity']
2026-08-02 06:01:03,758 [WARNING] src.cleaning: [BAJAJHLDNG.NS] outlier values flagged: ['net_margin']
2026-08-02 06:01:03,758 [INFO] src.cleaning: [BAJAJHLDNG.NS] non-critical missing fields: ['ev_to_ebitda', 'return_on_equity', 'total_debt']
2026-08-02 06:01:03,758 [INFO] src.cleaning: [BAJFINANCE.NS] non-critical missing fields: ['ev_to_ebitda', 'return_on_equity']
2026-08-02 06:01:03,758 [INFO] src.cleaning: [BANDHANBNK.NS] non-critical missing fields: ['ev_to_ebitda', 'return_on_equity', 'debt_to_equity']
2026-08-02 06:01:03,758 [INFO] src.cleaning: [BANKBARODA.NS] non-critical missing fields: ['ev_to_ebitda', 'debt_to_equity']
2026-08-02 06:01:03,758 [INFO] src.cleaning: [BANKINDIA.NS] non-critical missing fields: ['ev_to_ebitda', 'debt_to_equity']
2026-08-02 06:01:03,758 [INFO] src.cleaning: [BEL.NS] non-critical missing fields: ['return_on_equity']
2026-08-02 06:01:03,758 [INFO] src.cleaning: [BHEL.NS] non-critical missing fields: ['return_on_equity']
2026-08-02 06:01:03,758 [INFO] src.cleaning: [BPCL.NS] non-critical missing fields: ['return_on_equity']
2026-08-02 06:01:03,758 [INFO] src.cleaning: [CANBK.NS] non-critical missing fields: ['ev_to_ebitda', 'return_on_equity', 'debt_to_equity']
2026-08-02 06:01:03,758 [INFO] src.cleaning: [CENTRALBK.NS] non-critical missing fields: ['ev_to_ebitda', 'debt_to_equity']
2026-08-02 06:01:03,758 [INFO] src.cleaning: [CHAMBLFERT.NS] non-critical missing fields: ['return_on_equity']
2026-08-02 06:01:03,758 [INFO] src.cleaning: [CHOLAFIN.NS] non-critical missing fields: ['ev_to_ebitda', 'return_on_equity']
2026-08-02 06:01:03,758 [INFO] src.cleaning: [CIPLA.NS] non-critical missing fields: ['return_on_equity']
2026-08-02 06:01:03,758 [INFO] src.cleaning: [COALINDIA.NS] non-critical missing fields: ['return_on_equity']
2026-08-02 06:01:03,759 [INFO] src.cleaning: [COFORGE.NS] non-critical missing fields: ['return_on_equity']
2026-08-02 06:01:03,759 [INFO] src.cleaning: [COLPAL.NS] non-critical missing fields: ['return_on_equity']
2026-08-02 06:01:03,759 [INFO] src.cleaning: [CONCOR.NS] non-critical missing fields: ['return_on_equity']
2026-08-02 06:01:03,759 [INFO] src.cleaning: [COROMANDEL.NS] non-critical missing fields: ['return_on_equity']
2026-08-02 06:01:03,759 [INFO] src.cleaning: [CYIENT.NS] non-critical missing fields: ['return_on_equity']
2026-08-02 06:01:03,759 [INFO] src.cleaning: [DABUR.NS] non-critical missing fields: ['return_on_equity']
2026-08-02 06:01:03,759 [INFO] src.cleaning: [DALBHARAT.NS] non-critical missing fields: ['return_on_equity']
2026-08-02 06:01:03,759 [INFO] src.cleaning: [DIXON.NS] non-critical missing fields: ['return_on_equity']
2026-08-02 06:01:03,759 [INFO] src.cleaning: [DMART.NS] non-critical missing fields: ['return_on_equity']
2026-08-02 06:01:03,759 [INFO] src.cleaning: [EICHERMOT.NS] non-critical missing fields: ['return_on_equity']
2026-08-02 06:01:03,759 [INFO] src.cleaning: [EXIDEIND.NS] non-critical missing fields: ['return_on_equity']
2026-08-02 06:01:03,759 [INFO] src.cleaning: [FEDERALBNK.NS] non-critical missing fields: ['ev_to_ebitda', 'return_on_equity', 'debt_to_equity']
2026-08-02 06:01:03,759 [INFO] src.cleaning: [GAIL.NS] non-critical missing fields: ['return_on_equity']
2026-08-02 06:01:03,759 [INFO] src.cleaning: [GICRE.NS] non-critical missing fields: ['debt_to_equity']
2026-08-02 06:01:03,759 [INFO] src.cleaning: [GILLETTE.NS] non-critical missing fields: ['return_on_equity']
2026-08-02 06:01:03,759 [INFO] src.cleaning: [GLENMARK.NS] non-critical missing fields: ['ev_to_ebitda', 'return_on_equity', 'total_debt']
2026-08-02 06:01:03,759 [WARNING] src.cleaning: [GMRAIRPORT.NS] outlier values flagged: ['trailing_pe']
2026-08-02 06:01:03,759 [WARNING] src.cleaning: [GMRAIRPORT.NS] negative/zero equity — DuPont ROE math will be invalid downstream
2026-08-02 06:01:03,759 [INFO] src.cleaning: [GMRAIRPORT.NS] non-critical missing fields: ['return_on_equity', 'debt_to_equity']
2026-08-02 06:01:03,759 [INFO] src.cleaning: [GRINDWELL.NS] non-critical missing fields: ['return_on_equity']
2026-08-02 06:01:03,759 [INFO] src.cleaning: [HAVELLS.NS] non-critical missing fields: ['return_on_equity']
2026-08-02 06:01:03,759 [WARNING] src.cleaning: [HCLTECH.NS] outlier values flagged: ['ev_to_ebitda']
2026-08-02 06:01:03,759 [INFO] src.cleaning: [HDFCBANK.NS] non-critical missing fields: ['ev_to_ebitda', 'debt_to_equity']
2026-08-02 06:01:03,759 [INFO] src.cleaning: [HEIDELBERG.NS] non-critical missing fields: ['return_on_equity']
2026-08-02 06:01:03,759 [INFO] src.cleaning: [HINDUNILVR.NS] non-critical missing fields: ['return_on_equity']
2026-08-02 06:01:03,759 [INFO] src.cleaning: [HINDZINC.NS] non-critical missing fields: ['return_on_equity']
2026-08-02 06:01:03,759 [INFO] src.cleaning: [HUDCO.NS] non-critical missing fields: ['ev_to_ebitda', 'return_on_equity']
2026-08-02 06:01:03,759 [INFO] src.cleaning: [ICICIBANK.NS] non-critical missing fields: ['ev_to_ebitda', 'debt_to_equity']
2026-08-02 06:01:03,759 [INFO] src.cleaning: [ICICIGI.NS] non-critical missing fields: ['debt_to_equity']
2026-08-02 06:01:03,759 [WARNING] src.cleaning: [IDEA.NS] negative/zero equity — DuPont ROE math will be invalid downstream
2026-08-02 06:01:03,759 [INFO] src.cleaning: [IDEA.NS] non-critical missing fields: ['return_on_equity', 'debt_to_equity']
2026-08-02 06:01:03,759 [INFO] src.cleaning: [IDFCFIRSTB.NS] non-critical missing fields: ['ev_to_ebitda', 'return_on_equity', 'debt_to_equity', 'total_debt']
2026-08-02 06:01:03,759 [INFO] src.cleaning: [INDUSINDBK.NS] non-critical missing fields: ['ev_to_ebitda', 'return_on_equity', 'debt_to_equity']
2026-08-02 06:01:03,759 [WARNING] src.cleaning: [INFY.NS] outlier values flagged: ['ev_to_ebitda']
2026-08-02 06:01:03,759 [INFO] src.cleaning: [IOB.NS] non-critical missing fields: ['ev_to_ebitda', 'debt_to_equity']
2026-08-02 06:01:03,759 [INFO] src.cleaning: [IRFC.NS] non-critical missing fields: ['ev_to_ebitda', 'return_on_equity']
2026-08-02 06:01:03,759 [INFO] src.cleaning: [ITC.NS] non-critical missing fields: ['return_on_equity']
2026-08-02 06:01:03,759 [INFO] src.cleaning: [JINDALSTEL.NS] non-critical missing fields: ['return_on_equity']
2026-08-02 06:01:03,760 [INFO] src.cleaning: [JKCEMENT.NS] non-critical missing fields: ['return_on_equity']
2026-08-02 06:01:03,760 [INFO] src.cleaning: [JSWSTEEL.NS] non-critical missing fields: ['return_on_equity']
2026-08-02 06:01:03,760 [INFO] src.cleaning: [KAJARIACER.NS] non-critical missing fields: ['return_on_equity']
2026-08-02 06:01:03,760 [INFO] src.cleaning: [KOTAKBANK.NS] non-critical missing fields: ['ev_to_ebitda', 'return_on_equity', 'debt_to_equity']
2026-08-02 06:01:03,760 [INFO] src.cleaning: [KPITTECH.NS] non-critical missing fields: ['return_on_equity']
2026-08-02 06:01:03,760 [INFO] src.cleaning: [LALPATHLAB.NS] non-critical missing fields: ['return_on_equity']
2026-08-02 06:01:03,760 [INFO] src.cleaning: [LAURUSLABS.NS] non-critical missing fields: ['return_on_equity']
2026-08-02 06:01:03,760 [INFO] src.cleaning: [LICHSGFIN.NS] non-critical missing fields: ['ev_to_ebitda', 'return_on_equity']
2026-08-02 06:01:03,760 [INFO] src.cleaning: [LTTS.NS] non-critical missing fields: ['return_on_equity']
2026-08-02 06:01:03,760 [INFO] src.cleaning: [LT.NS] non-critical missing fields: ['return_on_equity']
2026-08-02 06:01:03,760 [INFO] src.cleaning: [M&M.NS] non-critical missing fields: ['return_on_equity']
2026-08-02 06:01:03,760 [INFO] src.cleaning: [MANAPPURAM.NS] non-critical missing fields: ['ev_to_ebitda']
2026-08-02 06:01:03,760 [INFO] src.cleaning: [MARUTI.NS] non-critical missing fields: ['return_on_equity']
2026-08-02 06:01:03,760 [INFO] src.cleaning: [MAZDOCK.NS] non-critical missing fields: ['return_on_equity']
2026-08-02 06:01:03,760 [INFO] src.cleaning: [MUTHOOTFIN.NS] non-critical missing fields: ['ev_to_ebitda']
2026-08-02 06:01:03,760 [INFO] src.cleaning: [NATIONALUM.NS] non-critical missing fields: ['return_on_equity']
2026-08-02 06:01:03,760 [INFO] src.cleaning: [NESTLEIND.NS] non-critical missing fields: ['return_on_equity']
2026-08-02 06:01:03,760 [INFO] src.cleaning: [NTPC.NS] non-critical missing fields: ['return_on_equity']
2026-08-02 06:01:03,760 [INFO] src.cleaning: [OBEROIRLTY.NS] non-critical missing fields: ['return_on_equity']
2026-08-02 06:01:03,760 [INFO] src.cleaning: [PFC.NS] non-critical missing fields: ['ev_to_ebitda']
2026-08-02 06:01:03,760 [INFO] src.cleaning: [PGHH.NS] non-critical missing fields: ['return_on_equity']
2026-08-02 06:01:03,760 [INFO] src.cleaning: [PHOENIXLTD.NS] non-critical missing fields: ['return_on_equity']
2026-08-02 06:01:03,760 [INFO] src.cleaning: [PNB.NS] non-critical missing fields: ['ev_to_ebitda', 'debt_to_equity']
2026-08-02 06:01:03,760 [INFO] src.cleaning: [POONAWALLA.NS] non-critical missing fields: ['ev_to_ebitda', 'return_on_equity']
2026-08-02 06:01:03,760 [INFO] src.cleaning: [PVRINOX.NS] non-critical missing fields: ['return_on_equity']
2026-08-02 06:01:03,760 [INFO] src.cleaning: [RBLBANK.NS] non-critical missing fields: ['ev_to_ebitda', 'return_on_equity', 'debt_to_equity']
2026-08-02 06:01:03,760 [INFO] src.cleaning: [SAIL.NS] non-critical missing fields: ['return_on_equity']
2026-08-02 06:01:03,760 [INFO] src.cleaning: [SBICARD.NS] non-critical missing fields: ['ev_to_ebitda', 'return_on_equity']
2026-08-02 06:01:03,760 [INFO] src.cleaning: [SBILIFE.NS] non-critical missing fields: ['debt_to_equity']
2026-08-02 06:01:03,760 [INFO] src.cleaning: [SBIN.NS] non-critical missing fields: ['ev_to_ebitda', 'debt_to_equity']
2026-08-02 06:01:03,760 [INFO] src.cleaning: [SHREECEM.NS] non-critical missing fields: ['return_on_equity']
2026-08-02 06:01:03,760 [INFO] src.cleaning: [SHRIRAMFIN.NS] non-critical missing fields: ['ev_to_ebitda']
2026-08-02 06:01:03,760 [INFO] src.cleaning: [SIEMENS.NS] non-critical missing fields: ['return_on_equity']
2026-08-02 06:01:03,760 [INFO] src.cleaning: [SOBHA.NS] non-critical missing fields: ['return_on_equity']
2026-08-02 06:01:03,760 [INFO] src.cleaning: [SRF.NS] non-critical missing fields: ['return_on_equity']
2026-08-02 06:01:03,760 [INFO] src.cleaning: [SUNPHARMA.NS] non-critical missing fields: ['return_on_equity']
2026-08-02 06:01:03,760 [INFO] src.cleaning: [SUPREMEIND.NS] non-critical missing fields: ['return_on_equity']
2026-08-02 06:01:03,760 [INFO] src.cleaning: [TATACONSUM.NS] non-critical missing fields: ['return_on_equity']
2026-08-02 06:01:03,760 [INFO] src.cleaning: [TATAELXSI.NS] non-critical missing fields: ['return_on_equity']
2026-08-02 06:01:03,760 [INFO] src.cleaning: [TATAPOWER.NS] non-critical missing fields: ['return_on_equity']
2026-08-02 06:01:03,761 [INFO] src.cleaning: [TATASTEEL.NS] non-critical missing fields: ['return_on_equity']
2026-08-02 06:01:03,761 [INFO] src.cleaning: [TECHM.NS] non-critical missing fields: ['return_on_equity']
2026-08-02 06:01:03,761 [INFO] src.cleaning: [THERMAX.NS] non-critical missing fields: ['return_on_equity']
2026-08-02 06:01:03,761 [INFO] src.cleaning: [TORNTPHARM.NS] non-critical missing fields: ['return_on_equity']
2026-08-02 06:01:03,761 [INFO] src.cleaning: [UCOBANK.NS] non-critical missing fields: ['ev_to_ebitda', 'debt_to_equity']
2026-08-02 06:01:03,761 [INFO] src.cleaning: [ULTRACEMCO.NS] non-critical missing fields: ['return_on_equity']
2026-08-02 06:01:03,761 [INFO] src.cleaning: [UNIONBANK.NS] non-critical missing fields: ['ev_to_ebitda', 'debt_to_equity', 'revenue_growth', 'total_debt']
2026-08-02 06:01:03,761 [INFO] src.cleaning: [UNITDSPR.NS] non-critical missing fields: ['return_on_equity']
2026-08-02 06:01:03,761 [INFO] src.cleaning: [VEDL.NS] non-critical missing fields: ['return_on_equity']
2026-08-02 06:01:03,761 [INFO] src.cleaning: [WELCORP.NS] non-critical missing fields: ['return_on_equity']
2026-08-02 06:01:03,770 [INFO] src.cleaning: Cleaned 187/201 tickers -> data/processed/cleaned_universe.csv
2026-08-02 06:01:03,771 [INFO] src.cleaning: Full flag audit trail -> data/processed/cleaning_flags.csv
2026-08-02 06:01:03,771 [INFO] __main__: Cleaning validation passed: 187/201 tickers retained (93%)
2026-08-02 06:01:03,771 [INFO] __main__: === Stage 3/8: Scoring ===
2026-08-02 06:01:03,820 [INFO] src.scoring: Scored 187 companies -> data/processed/scored_universe.csv
2026-08-02 06:01:03,821 [INFO] src.scoring: Top 10 shortlist -> data/processed/shortlist_top_n.csv
2026-08-02 06:01:03,821 [WARNING] src.scoring: 25 companies scored on fewer than all 4 buckets (reweighted, not zero-filled) — see 'buckets_used' column: ['UNIONBANK.NS', 'IOB.NS', 'BANKINDIA.NS', 'CANBK.NS', 'PNB.NS', 'BAJAJHLDNG.NS', 'IDEA.NS', 'ICICIGI.NS', 'GICRE.NS', 'FEDERALBNK.NS', 'UCOBANK.NS', 'BANKBARODA.NS', 'KOTAKBANK.NS', 'SBIN.NS', 'AXISBANK.NS', 'ICICIBANK.NS', 'CENTRALBK.NS', 'HDFCBANK.NS', 'SBILIFE.NS', 'GMRAIRPORT.NS', 'AUBANK.NS', 'BANDHANBNK.NS', 'IDFCFIRSTB.NS', 'RBLBANK.NS', 'INDUSINDBK.NS']
2026-08-02 06:01:03,823 [INFO] __main__: Scoring validation passed: 187 companies ranked, all scores in valid range
2026-08-02 06:01:03,823 [INFO] __main__: === Stage 4/8: Comps + DuPont ===
2026-08-02 06:01:03,832 [INFO] src.comps_dupont: Comps + DuPont report for top 10 -> data/processed/comps_dupont_report.csv
2026-08-02 06:01:03,833 [WARNING] src.comps_dupont: 1 companies have a DuPont-implied ROE that diverges >5pp from reported ROE (possible data inconsistency, worth a manual check): ['IOB.NS']
2026-08-02 06:01:03,833 [INFO] __main__: === Stage 5/8: Explainability ===
2026-08-02 06:01:03,861 [INFO] src.explainability: Explanations for top 10 companies -> data/processed/explanations.csv
2026-08-02 06:01:03,861 [INFO] __main__: === Stage 6/8: Baseline Comparison ===
2026-08-02 06:01:03,868 [INFO] src.baseline_comparison: Baseline comparison -> data/processed/baseline_comparison.csv
2026-08-02 06:01:03,868 [INFO] __main__: === Stage 7/8: Acquisition Likelihood ===
2026-08-02 06:01:03,871 [INFO] src.acquisition_likelihood: 2 companies excluded from acquisition-likelihood scoring (negative/zero equity — financial distress, not a value-target thesis): ['IDEA.NS', 'GMRAIRPORT.NS']
2026-08-02 06:01:03,880 [INFO] src.acquisition_likelihood: Acquisition likelihood scoring -> data/processed/acquisition_likelihood.csv
2026-08-02 06:01:03,880 [INFO] __main__: === Stage 8/8: Historical Snapshot ===
2026-08-02 06:01:03,884 [INFO] src.history_tracker: Recorded shortlist snapshot for 2026-08-02 (10 companies) -> data/history/shortlist_history.csv (1 distinct days tracked so far)
2026-08-02 06:01:03,888 [INFO] src.history_tracker: Recorded acquisition-likelihood snapshot for 2026-08-02 (10 companies) -> data/history/acquisition_likelihood_history.csv (1 distinct days tracked so far)
2026-08-02 06:01:03,888 [INFO] __main__: === Pipeline completed successfully ===
2026-08-02 06:01:03,888 [INFO] __main__:   ingestion: {'total': 201, 'ok': 200}
2026-08-02 06:01:03,888 [INFO] __main__:   cleaning: {'retained': 187, 'input': 201}
2026-08-02 06:01:03,888 [INFO] __main__:   scoring: {'ranked': 187}
2026-08-02 06:01:03,888 [INFO] __main__:   comps_dupont: {'companies': 10}
2026-08-02 06:01:03,888 [INFO] __main__:   explainability: {'companies': 10}
2026-08-02 06:01:03,888 [INFO] __main__:   baseline_comparison: {'correlation': np.float64(0.4629869096381938), 'overlap_pct': 0.1}
2026-08-02 06:01:03,888 [INFO] __main__:   acquisition_likelihood: {'companies': 10}
2026-08-02 06:01:03,888 [INFO] __main__:   history_tracker: {'recorded': True}
