2026-09-27 08:58:04,798 [INFO] __main__: Logging to file: logs/pipeline_run_2026-09-27T08-58-04Z.log
2026-09-27 08:58:04,798 [INFO] __main__: === Stage 1/8: Ingestion ===
2026-09-27 08:58:04,818 [INFO] src.ingestion: [ACC.NS] fetching fresh data
2026-09-27 08:58:05,983 [INFO] src.ingestion: [AMBUJACEM.NS] fetching fresh data
2026-09-27 08:58:06,883 [INFO] src.ingestion: [ULTRACEMCO.NS] fetching fresh data
2026-09-27 08:58:07,714 [INFO] src.ingestion: [SHREECEM.NS] fetching fresh data
2026-09-27 08:58:08,463 [INFO] src.ingestion: [JKCEMENT.NS] fetching fresh data
2026-09-27 08:58:09,352 [INFO] src.ingestion: [RAMCOCEM.NS] fetching fresh data
2026-09-27 08:58:10,241 [INFO] src.ingestion: [HEIDELBERG.NS] fetching fresh data
2026-09-27 08:58:11,080 [INFO] src.ingestion: [DALBHARAT.NS] fetching fresh data
2026-09-27 08:58:11,879 [INFO] src.ingestion: [INFY.NS] fetching fresh data
2026-09-27 08:58:12,695 [INFO] src.ingestion: [TCS.NS] fetching fresh data
2026-09-27 08:58:13,463 [INFO] src.ingestion: [WIPRO.NS] fetching fresh data
2026-09-27 08:58:14,288 [INFO] src.ingestion: [HCLTECH.NS] fetching fresh data
2026-09-27 08:58:15,297 [INFO] src.ingestion: [TECHM.NS] fetching fresh data
2026-09-27 08:58:16,145 [INFO] src.ingestion: [LTIM.NS] fetching fresh data
2026-09-27 08:58:16,295 [ERROR] yfinance: HTTP Error 404: {"quoteSummary":{"result":null,"error":{"code":"Not Found","description":"Quote not found for symbol: LTIM.NS"}}}
2026-09-27 08:58:16,399 [WARNING] src.ingestion: [LTIM.NS] attempt 1 failed: yfinance returned an empty info payload for LTIM.NS (no exception, but no usable data — likely a transient Yahoo-side issue or an invalid/delisted symbol)
2026-09-27 08:58:18,550 [ERROR] yfinance: HTTP Error 404: {"quoteSummary":{"result":null,"error":{"code":"Not Found","description":"Quote not found for symbol: LTIM.NS"}}}
2026-09-27 08:58:18,598 [WARNING] src.ingestion: [LTIM.NS] attempt 2 failed: yfinance returned an empty info payload for LTIM.NS (no exception, but no usable data — likely a transient Yahoo-side issue or an invalid/delisted symbol)
2026-09-27 08:58:22,789 [ERROR] yfinance: HTTP Error 404: {"quoteSummary":{"result":null,"error":{"code":"Not Found","description":"Quote not found for symbol: LTIM.NS"}}}
2026-09-27 08:58:22,839 [WARNING] src.ingestion: [LTIM.NS] attempt 3 failed: yfinance returned an empty info payload for LTIM.NS (no exception, but no usable data — likely a transient Yahoo-side issue or an invalid/delisted symbol)
2026-09-27 08:58:23,240 [INFO] src.ingestion: [PERSISTENT.NS] fetching fresh data
2026-09-27 08:58:24,086 [INFO] src.ingestion: [COFORGE.NS] fetching fresh data
2026-09-27 08:58:25,005 [INFO] src.ingestion: [MPHASIS.NS] fetching fresh data
2026-09-27 08:58:25,896 [INFO] src.ingestion: [LTTS.NS] fetching fresh data
2026-09-27 08:58:26,859 [INFO] src.ingestion: [TATAELXSI.NS] fetching fresh data
2026-09-27 08:58:27,651 [INFO] src.ingestion: [CYIENT.NS] fetching fresh data
2026-09-27 08:58:28,493 [INFO] src.ingestion: [KPITTECH.NS] fetching fresh data
2026-09-27 08:58:29,342 [INFO] src.ingestion: [HDFCBANK.NS] fetching fresh data
2026-09-27 08:58:30,259 [INFO] src.ingestion: [ICICIBANK.NS] fetching fresh data
2026-09-27 08:58:31,041 [INFO] src.ingestion: [SBIN.NS] fetching fresh data
2026-09-27 08:58:31,895 [INFO] src.ingestion: [AXISBANK.NS] fetching fresh data
2026-09-27 08:58:32,659 [INFO] src.ingestion: [KOTAKBANK.NS] fetching fresh data
2026-09-27 08:58:33,560 [INFO] src.ingestion: [INDUSINDBK.NS] fetching fresh data
2026-09-27 08:58:34,534 [INFO] src.ingestion: [FEDERALBNK.NS] fetching fresh data
2026-09-27 08:58:35,295 [INFO] src.ingestion: [BANDHANBNK.NS] fetching fresh data
2026-09-27 08:58:36,106 [INFO] src.ingestion: [IDFCFIRSTB.NS] fetching fresh data
2026-09-27 08:58:36,847 [INFO] src.ingestion: [PNB.NS] fetching fresh data
2026-09-27 08:58:37,786 [INFO] src.ingestion: [BANKBARODA.NS] fetching fresh data
2026-09-27 08:58:38,663 [INFO] src.ingestion: [CANBK.NS] fetching fresh data
2026-09-27 08:58:39,491 [INFO] src.ingestion: [UNIONBANK.NS] fetching fresh data
2026-09-27 08:58:40,268 [INFO] src.ingestion: [AUBANK.NS] fetching fresh data
2026-09-27 08:58:41,093 [INFO] src.ingestion: [RBLBANK.NS] fetching fresh data
2026-09-27 08:58:41,999 [INFO] src.ingestion: [BANKINDIA.NS] fetching fresh data
2026-09-27 08:58:42,940 [INFO] src.ingestion: [CENTRALBK.NS] fetching fresh data
2026-09-27 08:58:43,871 [INFO] src.ingestion: [IOB.NS] fetching fresh data
2026-09-27 08:58:44,666 [INFO] src.ingestion: [UCOBANK.NS] fetching fresh data
2026-09-27 08:58:45,624 [INFO] src.ingestion: [BAJFINANCE.NS] fetching fresh data
2026-09-27 08:58:46,530 [INFO] src.ingestion: [BAJAJFINSV.NS] fetching fresh data
2026-09-27 08:58:47,425 [INFO] src.ingestion: [CHOLAFIN.NS] fetching fresh data
2026-09-27 08:58:48,308 [INFO] src.ingestion: [MUTHOOTFIN.NS] fetching fresh data
2026-09-27 08:58:49,176 [INFO] src.ingestion: [LICHSGFIN.NS] fetching fresh data
2026-09-27 08:58:50,064 [INFO] src.ingestion: [SHRIRAMFIN.NS] fetching fresh data
2026-09-27 08:58:50,929 [INFO] src.ingestion: [PFC.NS] fetching fresh data
2026-09-27 08:58:51,707 [INFO] src.ingestion: [RECLTD.NS] fetching fresh data
2026-09-27 08:58:52,533 [INFO] src.ingestion: [IRFC.NS] fetching fresh data
2026-09-27 08:58:53,383 [INFO] src.ingestion: [HUDCO.NS] fetching fresh data
2026-09-27 08:58:54,288 [INFO] src.ingestion: [BAJAJHLDNG.NS] fetching fresh data
2026-09-27 08:58:55,047 [INFO] src.ingestion: [SBICARD.NS] fetching fresh data
2026-09-27 08:58:55,820 [INFO] src.ingestion: [MANAPPURAM.NS] fetching fresh data
2026-09-27 08:58:56,608 [INFO] src.ingestion: [POONAWALLA.NS] fetching fresh data
2026-09-27 08:58:57,487 [INFO] src.ingestion: [HDFCLIFE.NS] fetching fresh data
2026-09-27 08:58:58,348 [INFO] src.ingestion: [SBILIFE.NS] fetching fresh data
2026-09-27 08:58:59,139 [INFO] src.ingestion: [ICICIPRULI.NS] fetching fresh data
2026-09-27 08:58:59,923 [INFO] src.ingestion: [ICICIGI.NS] fetching fresh data
2026-09-27 08:59:00,790 [INFO] src.ingestion: [LICI.NS] fetching fresh data
2026-09-27 08:59:01,643 [INFO] src.ingestion: [GICRE.NS] fetching fresh data
2026-09-27 08:59:02,610 [INFO] src.ingestion: [MARUTI.NS] fetching fresh data
2026-09-27 08:59:03,417 [INFO] src.ingestion: [TMPV.NS] fetching fresh data
2026-09-27 08:59:04,284 [INFO] src.ingestion: [TMCV.NS] fetching fresh data
2026-09-27 08:59:05,281 [INFO] src.ingestion: [M&M.NS] fetching fresh data
2026-09-27 08:59:06,060 [INFO] src.ingestion: [EICHERMOT.NS] fetching fresh data
2026-09-27 08:59:06,984 [INFO] src.ingestion: [HEROMOTOCO.NS] fetching fresh data
2026-09-27 08:59:07,838 [INFO] src.ingestion: [BAJAJ-AUTO.NS] fetching fresh data
2026-09-27 08:59:08,616 [INFO] src.ingestion: [TVSMOTOR.NS] fetching fresh data
2026-09-27 08:59:09,413 [INFO] src.ingestion: [ASHOKLEY.NS] fetching fresh data
2026-09-27 08:59:10,347 [INFO] src.ingestion: [BHARATFORG.NS] fetching fresh data
2026-09-27 08:59:11,294 [INFO] src.ingestion: [MOTHERSON.NS] fetching fresh data
2026-09-27 08:59:12,179 [INFO] src.ingestion: [BOSCHLTD.NS] fetching fresh data
2026-09-27 08:59:13,099 [INFO] src.ingestion: [MRF.NS] fetching fresh data
2026-09-27 08:59:13,878 [INFO] src.ingestion: [ENDURANCE.NS] fetching fresh data
2026-09-27 08:59:14,654 [INFO] src.ingestion: [EXIDEIND.NS] fetching fresh data
2026-09-27 08:59:15,501 [INFO] src.ingestion: [ARE&M.NS] fetching fresh data
2026-09-27 08:59:16,354 [INFO] src.ingestion: [SUNDRMFAST.NS] fetching fresh data
2026-09-27 08:59:17,194 [INFO] src.ingestion: [UNOMINDA.NS] fetching fresh data
2026-09-27 08:59:18,040 [INFO] src.ingestion: [SUNPHARMA.NS] fetching fresh data
2026-09-27 08:59:19,015 [INFO] src.ingestion: [DRREDDY.NS] fetching fresh data
2026-09-27 08:59:19,953 [INFO] src.ingestion: [CIPLA.NS] fetching fresh data
2026-09-27 08:59:20,724 [INFO] src.ingestion: [DIVISLAB.NS] fetching fresh data
2026-09-27 08:59:21,618 [INFO] src.ingestion: [LUPIN.NS] fetching fresh data
2026-09-27 08:59:22,394 [INFO] src.ingestion: [AUROPHARMA.NS] fetching fresh data
2026-09-27 08:59:23,172 [INFO] src.ingestion: [BIOCON.NS] fetching fresh data
2026-09-27 08:59:24,020 [INFO] src.ingestion: [TORNTPHARM.NS] fetching fresh data
2026-09-27 08:59:24,859 [INFO] src.ingestion: [ALKEM.NS] fetching fresh data
2026-09-27 08:59:25,672 [INFO] src.ingestion: [ABBOTINDIA.NS] fetching fresh data
2026-09-27 08:59:26,462 [INFO] src.ingestion: [APOLLOHOSP.NS] fetching fresh data
2026-09-27 08:59:27,395 [INFO] src.ingestion: [FORTIS.NS] fetching fresh data
2026-09-27 08:59:28,181 [INFO] src.ingestion: [LALPATHLAB.NS] fetching fresh data
2026-09-27 08:59:29,069 [INFO] src.ingestion: [METROPOLIS.NS] fetching fresh data
2026-09-27 08:59:29,913 [INFO] src.ingestion: [GLAND.NS] fetching fresh data
2026-09-27 08:59:30,920 [INFO] src.ingestion: [LAURUSLABS.NS] fetching fresh data
2026-09-27 08:59:31,831 [INFO] src.ingestion: [GLENMARK.NS] fetching fresh data
2026-09-27 08:59:33,273 [INFO] src.ingestion: [IPCALAB.NS] fetching fresh data
2026-09-27 08:59:34,186 [INFO] src.ingestion: [HINDUNILVR.NS] fetching fresh data
2026-09-27 08:59:35,140 [INFO] src.ingestion: [ITC.NS] fetching fresh data
2026-09-27 08:59:36,045 [INFO] src.ingestion: [NESTLEIND.NS] fetching fresh data
2026-09-27 08:59:36,991 [INFO] src.ingestion: [BRITANNIA.NS] fetching fresh data
2026-09-27 08:59:37,819 [INFO] src.ingestion: [DABUR.NS] fetching fresh data
2026-09-27 08:59:38,615 [INFO] src.ingestion: [GODREJCP.NS] fetching fresh data
2026-09-27 08:59:39,565 [INFO] src.ingestion: [MARICO.NS] fetching fresh data
2026-09-27 08:59:40,362 [INFO] src.ingestion: [COLPAL.NS] fetching fresh data
2026-09-27 08:59:41,195 [INFO] src.ingestion: [TATACONSUM.NS] fetching fresh data
2026-09-27 08:59:41,984 [INFO] src.ingestion: [VBL.NS] fetching fresh data
2026-09-27 08:59:42,878 [INFO] src.ingestion: [UNITDSPR.NS] fetching fresh data
2026-09-27 08:59:43,753 [INFO] src.ingestion: [EMAMILTD.NS] fetching fresh data
2026-09-27 08:59:44,588 [INFO] src.ingestion: [TATASTEEL.NS] fetching fresh data
2026-09-27 08:59:45,459 [INFO] src.ingestion: [JSWSTEEL.NS] fetching fresh data
2026-09-27 08:59:46,252 [INFO] src.ingestion: [HINDALCO.NS] fetching fresh data
2026-09-27 08:59:47,032 [INFO] src.ingestion: [VEDL.NS] fetching fresh data
2026-09-27 08:59:47,906 [INFO] src.ingestion: [COALINDIA.NS] fetching fresh data
2026-09-27 08:59:48,785 [INFO] src.ingestion: [NMDC.NS] fetching fresh data
2026-09-27 08:59:49,606 [INFO] src.ingestion: [SAIL.NS] fetching fresh data
2026-09-27 08:59:50,390 [INFO] src.ingestion: [JINDALSTEL.NS] fetching fresh data
2026-09-27 08:59:51,375 [INFO] src.ingestion: [APLAPOLLO.NS] fetching fresh data
2026-09-27 08:59:52,337 [INFO] src.ingestion: [NATIONALUM.NS] fetching fresh data
2026-09-27 08:59:53,083 [INFO] src.ingestion: [HINDCOPPER.NS] fetching fresh data
2026-09-27 08:59:53,988 [INFO] src.ingestion: [RATNAMANI.NS] fetching fresh data
2026-09-27 08:59:54,911 [INFO] src.ingestion: [HINDZINC.NS] fetching fresh data
2026-09-27 08:59:55,819 [INFO] src.ingestion: [WELCORP.NS] fetching fresh data
2026-09-27 08:59:56,619 [INFO] src.ingestion: [JSL.NS] fetching fresh data
2026-09-27 08:59:57,536 [INFO] src.ingestion: [RELIANCE.NS] fetching fresh data
2026-09-27 08:59:58,507 [INFO] src.ingestion: [ONGC.NS] fetching fresh data
2026-09-27 08:59:59,455 [INFO] src.ingestion: [BPCL.NS] fetching fresh data
2026-09-27 09:00:00,431 [INFO] src.ingestion: [IOC.NS] fetching fresh data
2026-09-27 09:00:01,643 [INFO] src.ingestion: [GAIL.NS] fetching fresh data
2026-09-27 09:00:02,449 [INFO] src.ingestion: [NTPC.NS] fetching fresh data
2026-09-27 09:00:03,284 [INFO] src.ingestion: [POWERGRID.NS] fetching fresh data
2026-09-27 09:00:04,090 [INFO] src.ingestion: [TATAPOWER.NS] fetching fresh data
2026-09-27 09:00:05,048 [INFO] src.ingestion: [ADANIGREEN.NS] fetching fresh data
2026-09-27 09:00:05,997 [INFO] src.ingestion: [ADANIPOWER.NS] fetching fresh data
2026-09-27 09:00:06,974 [INFO] src.ingestion: [TORNTPOWER.NS] fetching fresh data
2026-09-27 09:00:07,776 [INFO] src.ingestion: [LT.NS] fetching fresh data
2026-09-27 09:00:08,705 [INFO] src.ingestion: [SIEMENS.NS] fetching fresh data
2026-09-27 09:00:09,546 [INFO] src.ingestion: [ABB.NS] fetching fresh data
2026-09-27 09:00:10,376 [INFO] src.ingestion: [HAL.NS] fetching fresh data
2026-09-27 09:00:11,318 [INFO] src.ingestion: [BEL.NS] fetching fresh data
2026-09-27 09:00:12,166 [INFO] src.ingestion: [BHEL.NS] fetching fresh data
2026-09-27 09:00:12,961 [INFO] src.ingestion: [CUMMINSIND.NS] fetching fresh data
2026-09-27 09:00:13,859 [INFO] src.ingestion: [THERMAX.NS] fetching fresh data
2026-09-27 09:00:14,658 [INFO] src.ingestion: [POLYCAB.NS] fetching fresh data
2026-09-27 09:00:15,548 [INFO] src.ingestion: [KEI.NS] fetching fresh data
2026-09-27 09:00:16,452 [INFO] src.ingestion: [HAVELLS.NS] fetching fresh data
2026-09-27 09:00:17,223 [INFO] src.ingestion: [CROMPTON.NS] fetching fresh data
2026-09-27 09:00:18,107 [INFO] src.ingestion: [SUPREMEIND.NS] fetching fresh data
2026-09-27 09:00:19,111 [INFO] src.ingestion: [ASTRAL.NS] fetching fresh data
2026-09-27 09:00:19,988 [INFO] src.ingestion: [GRINDWELL.NS] fetching fresh data
2026-09-27 09:00:20,957 [INFO] src.ingestion: [CARBORUNIV.NS] fetching fresh data
2026-09-27 09:00:21,904 [INFO] src.ingestion: [TIMKEN.NS] fetching fresh data
2026-09-27 09:00:22,806 [INFO] src.ingestion: [SKFINDIA.NS] fetching fresh data
2026-09-27 09:00:23,599 [INFO] src.ingestion: [SRF.NS] fetching fresh data
2026-09-27 09:00:24,524 [INFO] src.ingestion: [PIIND.NS] fetching fresh data
2026-09-27 09:00:25,416 [INFO] src.ingestion: [DEEPAKNTR.NS] fetching fresh data
2026-09-27 09:00:26,290 [INFO] src.ingestion: [AARTIIND.NS] fetching fresh data
2026-09-27 09:00:27,098 [INFO] src.ingestion: [NAVINFLUOR.NS] fetching fresh data
2026-09-27 09:00:27,906 [INFO] src.ingestion: [UPL.NS] fetching fresh data
2026-09-27 09:00:28,856 [INFO] src.ingestion: [COROMANDEL.NS] fetching fresh data
2026-09-27 09:00:29,716 [INFO] src.ingestion: [CHAMBLFERT.NS] fetching fresh data
2026-09-27 09:00:30,676 [INFO] src.ingestion: [GNFC.NS] fetching fresh data
2026-09-27 09:00:31,556 [INFO] src.ingestion: [PIDILITIND.NS] fetching fresh data
2026-09-27 09:00:32,433 [INFO] src.ingestion: [TATACHEM.NS] fetching fresh data
2026-09-27 09:00:33,375 [INFO] src.ingestion: [GHCL.NS] fetching fresh data
2026-09-27 09:00:34,287 [INFO] src.ingestion: [TITAN.NS] fetching fresh data
2026-09-27 09:00:35,160 [INFO] src.ingestion: [DMART.NS] fetching fresh data
2026-09-27 09:00:35,976 [INFO] src.ingestion: [TRENT.NS] fetching fresh data
2026-09-27 09:00:36,920 [INFO] src.ingestion: [BATAINDIA.NS] fetching fresh data
2026-09-27 09:00:37,700 [INFO] src.ingestion: [PAGEIND.NS] fetching fresh data
2026-09-27 09:00:38,582 [INFO] src.ingestion: [JUBLFOOD.NS] fetching fresh data
2026-09-27 09:00:39,546 [INFO] src.ingestion: [VOLTAS.NS] fetching fresh data
2026-09-27 09:00:40,377 [INFO] src.ingestion: [DIXON.NS] fetching fresh data
2026-09-27 09:00:41,178 [INFO] src.ingestion: [RELAXO.NS] fetching fresh data
2026-09-27 09:00:42,037 [INFO] src.ingestion: [KAJARIACER.NS] fetching fresh data
2026-09-27 09:00:42,844 [INFO] src.ingestion: [WHIRLPOOL.NS] fetching fresh data
2026-09-27 09:00:43,774 [INFO] src.ingestion: [BLUESTARCO.NS] fetching fresh data
2026-09-27 09:00:44,637 [INFO] src.ingestion: [PGHH.NS] fetching fresh data
2026-09-27 09:00:45,493 [INFO] src.ingestion: [GILLETTE.NS] fetching fresh data
2026-09-27 09:00:46,335 [INFO] src.ingestion: [BHARTIARTL.NS] fetching fresh data
2026-09-27 09:00:47,105 [INFO] src.ingestion: [IDEA.NS] fetching fresh data
2026-09-27 09:00:48,000 [INFO] src.ingestion: [INDUSTOWER.NS] fetching fresh data
2026-09-27 09:00:48,815 [INFO] src.ingestion: [PVRINOX.NS] fetching fresh data
2026-09-27 09:00:49,722 [INFO] src.ingestion: [ZEEL.NS] fetching fresh data
2026-09-27 09:00:50,599 [INFO] src.ingestion: [ADANIPORTS.NS] fetching fresh data
2026-09-27 09:00:51,402 [INFO] src.ingestion: [ADANIENT.NS] fetching fresh data
2026-09-27 09:00:52,350 [INFO] src.ingestion: [GMRAIRPORT.NS] fetching fresh data
2026-09-27 09:00:53,141 [INFO] src.ingestion: [CONCOR.NS] fetching fresh data
2026-09-27 09:00:54,008 [INFO] src.ingestion: [IRCTC.NS] fetching fresh data
2026-09-27 09:00:54,779 [INFO] src.ingestion: [INDIGO.NS] fetching fresh data
2026-09-27 09:00:55,677 [INFO] src.ingestion: [RVNL.NS] fetching fresh data
2026-09-27 09:00:56,604 [INFO] src.ingestion: [IRCON.NS] fetching fresh data
2026-09-27 09:00:57,421 [INFO] src.ingestion: [NBCC.NS] fetching fresh data
2026-09-27 09:00:58,205 [INFO] src.ingestion: [NCC.NS] fetching fresh data
2026-09-27 09:00:59,017 [INFO] src.ingestion: [MAZDOCK.NS] fetching fresh data
2026-09-27 09:00:59,925 [INFO] src.ingestion: [COCHINSHIP.NS] fetching fresh data
2026-09-27 09:01:00,836 [INFO] src.ingestion: [DLF.NS] fetching fresh data
2026-09-27 09:01:01,726 [INFO] src.ingestion: [GODREJPROP.NS] fetching fresh data
2026-09-27 09:01:02,710 [INFO] src.ingestion: [OBEROIRLTY.NS] fetching fresh data
2026-09-27 09:01:03,484 [INFO] src.ingestion: [PRESTIGE.NS] fetching fresh data
2026-09-27 09:01:04,281 [INFO] src.ingestion: [PHOENIXLTD.NS] fetching fresh data
2026-09-27 09:01:05,142 [INFO] src.ingestion: [SOBHA.NS] fetching fresh data
2026-09-27 09:01:06,009 [INFO] src.ingestion: Fetched 200/201 tickers successfully
2026-09-27 09:01:06,009 [WARNING] src.ingestion: Failed tickers (excluded from downstream, not silently zeroed): ['LTIM.NS']
2026-09-27 09:01:06,009 [INFO] __main__: Ingestion validation passed: 200/201 tickers (100%)
2026-09-27 09:01:06,009 [INFO] __main__: === Stage 2/8: Cleaning ===
2026-09-27 09:01:06,014 [WARNING] src.cleaning: [ASHOKLEY.NS] EXCLUDED: missing critical fields: ['market_cap']
2026-09-27 09:01:06,014 [WARNING] src.cleaning: [BIOCON.NS] EXCLUDED: missing critical fields: ['market_cap']
2026-09-27 09:01:06,014 [WARNING] src.cleaning: [BOSCHLTD.NS] EXCLUDED: missing critical fields: ['market_cap']
2026-09-27 09:01:06,014 [WARNING] src.cleaning: [IOC.NS] EXCLUDED: missing critical fields: ['market_cap']
2026-09-27 09:01:06,014 [WARNING] src.cleaning: [JUBLFOOD.NS] EXCLUDED: missing critical fields: ['market_cap']
2026-09-27 09:01:06,014 [WARNING] src.cleaning: [LTIM.NS] EXCLUDED: ingestion failed: yfinance returned an empty info payload for LTIM.NS (no exception, but no usable data — likely a transient Yahoo-side issue or an invalid/delisted symbol)
2026-09-27 09:01:06,014 [WARNING] src.cleaning: [RECLTD.NS] EXCLUDED: missing critical fields: ['market_cap']
2026-09-27 09:01:06,014 [WARNING] src.cleaning: [RELIANCE.NS] EXCLUDED: missing critical fields: ['market_cap']
2026-09-27 09:01:06,015 [WARNING] src.cleaning: [TCS.NS] EXCLUDED: missing critical fields: ['market_cap']
2026-09-27 09:01:06,015 [WARNING] src.cleaning: [TVSMOTOR.NS] EXCLUDED: missing critical fields: ['market_cap']
2026-09-27 09:01:06,015 [INFO] src.cleaning: [AARTIIND.NS] non-critical missing fields: ['return_on_equity']
2026-09-27 09:01:06,015 [INFO] src.cleaning: [ABBOTINDIA.NS] non-critical missing fields: ['return_on_equity']
2026-09-27 09:01:06,015 [INFO] src.cleaning: [ACC.NS] non-critical missing fields: ['return_on_equity']
2026-09-27 09:01:06,015 [INFO] src.cleaning: [ADANIENT.NS] non-critical missing fields: ['return_on_equity']
2026-09-27 09:01:06,015 [INFO] src.cleaning: [ADANIGREEN.NS] non-critical missing fields: ['return_on_equity']
2026-09-27 09:01:06,015 [INFO] src.cleaning: [ADANIPORTS.NS] non-critical missing fields: ['return_on_equity']
2026-09-27 09:01:06,015 [INFO] src.cleaning: [ADANIPOWER.NS] non-critical missing fields: ['return_on_equity']
2026-09-27 09:01:06,015 [INFO] src.cleaning: [ALKEM.NS] non-critical missing fields: ['return_on_equity']
2026-09-27 09:01:06,015 [INFO] src.cleaning: [AMBUJACEM.NS] non-critical missing fields: ['return_on_equity']
2026-09-27 09:01:06,015 [INFO] src.cleaning: [APLAPOLLO.NS] non-critical missing fields: ['return_on_equity']
2026-09-27 09:01:06,015 [INFO] src.cleaning: [APOLLOHOSP.NS] non-critical missing fields: ['return_on_equity']
2026-09-27 09:01:06,015 [INFO] src.cleaning: [ARE&M.NS] non-critical missing fields: ['return_on_equity']
2026-09-27 09:01:06,015 [INFO] src.cleaning: [ASTRAL.NS] non-critical missing fields: ['return_on_equity']
2026-09-27 09:01:06,015 [INFO] src.cleaning: [AUBANK.NS] non-critical missing fields: ['ev_to_ebitda', 'return_on_equity', 'debt_to_equity']
2026-09-27 09:01:06,015 [INFO] src.cleaning: [AUROPHARMA.NS] non-critical missing fields: ['return_on_equity']
2026-09-27 09:01:06,015 [INFO] src.cleaning: [AXISBANK.NS] non-critical missing fields: ['ev_to_ebitda', 'debt_to_equity']
2026-09-27 09:01:06,015 [INFO] src.cleaning: [BAJAJ-AUTO.NS] non-critical missing fields: ['return_on_equity']
2026-09-27 09:01:06,015 [INFO] src.cleaning: [BAJAJFINSV.NS] non-critical missing fields: ['return_on_equity']
2026-09-27 09:01:06,015 [WARNING] src.cleaning: [BAJAJHLDNG.NS] outlier values flagged: ['net_margin']
2026-09-27 09:01:06,015 [INFO] src.cleaning: [BAJFINANCE.NS] non-critical missing fields: ['ev_to_ebitda', 'return_on_equity']
2026-09-27 09:01:06,015 [INFO] src.cleaning: [BANDHANBNK.NS] non-critical missing fields: ['ev_to_ebitda', 'return_on_equity', 'debt_to_equity']
2026-09-27 09:01:06,015 [INFO] src.cleaning: [BANKBARODA.NS] non-critical missing fields: ['ev_to_ebitda', 'debt_to_equity']
2026-09-27 09:01:06,015 [INFO] src.cleaning: [BANKINDIA.NS] non-critical missing fields: ['ev_to_ebitda', 'debt_to_equity']
2026-09-27 09:01:06,015 [INFO] src.cleaning: [BATAINDIA.NS] non-critical missing fields: ['return_on_equity']
2026-09-27 09:01:06,015 [INFO] src.cleaning: [BEL.NS] non-critical missing fields: ['return_on_equity']
2026-09-27 09:01:06,015 [INFO] src.cleaning: [BHARATFORG.NS] non-critical missing fields: ['return_on_equity']
2026-09-27 09:01:06,015 [INFO] src.cleaning: [BHEL.NS] non-critical missing fields: ['return_on_equity']
2026-09-27 09:01:06,015 [INFO] src.cleaning: [BLUESTARCO.NS] non-critical missing fields: ['return_on_equity']
2026-09-27 09:01:06,015 [INFO] src.cleaning: [BPCL.NS] non-critical missing fields: ['return_on_equity']
2026-09-27 09:01:06,015 [INFO] src.cleaning: [BRITANNIA.NS] non-critical missing fields: ['return_on_equity']
2026-09-27 09:01:06,015 [INFO] src.cleaning: [CANBK.NS] non-critical missing fields: ['ev_to_ebitda', 'return_on_equity', 'debt_to_equity']
2026-09-27 09:01:06,015 [INFO] src.cleaning: [CARBORUNIV.NS] non-critical missing fields: ['return_on_equity']
2026-09-27 09:01:06,015 [INFO] src.cleaning: [CENTRALBK.NS] non-critical missing fields: ['ev_to_ebitda', 'debt_to_equity']
2026-09-27 09:01:06,015 [INFO] src.cleaning: [CHAMBLFERT.NS] non-critical missing fields: ['return_on_equity']
2026-09-27 09:01:06,015 [INFO] src.cleaning: [CHOLAFIN.NS] non-critical missing fields: ['ev_to_ebitda', 'return_on_equity']
2026-09-27 09:01:06,016 [INFO] src.cleaning: [CIPLA.NS] non-critical missing fields: ['return_on_equity']
2026-09-27 09:01:06,016 [INFO] src.cleaning: [COALINDIA.NS] non-critical missing fields: ['return_on_equity']
2026-09-27 09:01:06,016 [INFO] src.cleaning: [COCHINSHIP.NS] non-critical missing fields: ['return_on_equity']
2026-09-27 09:01:06,016 [INFO] src.cleaning: [COFORGE.NS] non-critical missing fields: ['return_on_equity']
2026-09-27 09:01:06,016 [INFO] src.cleaning: [COLPAL.NS] non-critical missing fields: ['return_on_equity']
2026-09-27 09:01:06,016 [INFO] src.cleaning: [CONCOR.NS] non-critical missing fields: ['return_on_equity']
2026-09-27 09:01:06,016 [INFO] src.cleaning: [COROMANDEL.NS] non-critical missing fields: ['return_on_equity']
2026-09-27 09:01:06,016 [INFO] src.cleaning: [CROMPTON.NS] non-critical missing fields: ['trailing_pe', 'return_on_equity']
2026-09-27 09:01:06,016 [INFO] src.cleaning: [CUMMINSIND.NS] non-critical missing fields: ['return_on_equity']
2026-09-27 09:01:06,016 [INFO] src.cleaning: [CYIENT.NS] non-critical missing fields: ['return_on_equity']
2026-09-27 09:01:06,016 [INFO] src.cleaning: [DABUR.NS] non-critical missing fields: ['return_on_equity']
2026-09-27 09:01:06,016 [INFO] src.cleaning: [DALBHARAT.NS] non-critical missing fields: ['return_on_equity']
2026-09-27 09:01:06,016 [INFO] src.cleaning: [DEEPAKNTR.NS] non-critical missing fields: ['return_on_equity']
2026-09-27 09:01:06,016 [INFO] src.cleaning: [DIVISLAB.NS] non-critical missing fields: ['return_on_equity']
2026-09-27 09:01:06,016 [INFO] src.cleaning: [DIXON.NS] non-critical missing fields: ['return_on_equity']
2026-09-27 09:01:06,016 [INFO] src.cleaning: [DMART.NS] non-critical missing fields: ['return_on_equity']
2026-09-27 09:01:06,016 [INFO] src.cleaning: [EICHERMOT.NS] non-critical missing fields: ['return_on_equity']
2026-09-27 09:01:06,016 [INFO] src.cleaning: [EMAMILTD.NS] non-critical missing fields: ['return_on_equity']
2026-09-27 09:01:06,016 [INFO] src.cleaning: [ENDURANCE.NS] non-critical missing fields: ['return_on_equity']
2026-09-27 09:01:06,016 [INFO] src.cleaning: [EXIDEIND.NS] non-critical missing fields: ['return_on_equity']
2026-09-27 09:01:06,016 [INFO] src.cleaning: [FEDERALBNK.NS] non-critical missing fields: ['ev_to_ebitda', 'return_on_equity', 'debt_to_equity']
2026-09-27 09:01:06,016 [INFO] src.cleaning: [FORTIS.NS] non-critical missing fields: ['return_on_equity']
2026-09-27 09:01:06,016 [INFO] src.cleaning: [GAIL.NS] non-critical missing fields: ['return_on_equity']
2026-09-27 09:01:06,016 [INFO] src.cleaning: [GHCL.NS] non-critical missing fields: ['return_on_equity']
2026-09-27 09:01:06,016 [INFO] src.cleaning: [GICRE.NS] non-critical missing fields: ['ev_to_ebitda', 'debt_to_equity']
2026-09-27 09:01:06,016 [INFO] src.cleaning: [GILLETTE.NS] non-critical missing fields: ['return_on_equity']
2026-09-27 09:01:06,016 [INFO] src.cleaning: [GLAND.NS] non-critical missing fields: ['return_on_equity']
2026-09-27 09:01:06,016 [INFO] src.cleaning: [GLENMARK.NS] non-critical missing fields: ['return_on_equity']
2026-09-27 09:01:06,016 [WARNING] src.cleaning: [GMRAIRPORT.NS] negative/zero equity — DuPont ROE math will be invalid downstream
2026-09-27 09:01:06,016 [INFO] src.cleaning: [GMRAIRPORT.NS] non-critical missing fields: ['return_on_equity', 'debt_to_equity']
2026-09-27 09:01:06,016 [INFO] src.cleaning: [GNFC.NS] non-critical missing fields: ['return_on_equity']
2026-09-27 09:01:06,016 [INFO] src.cleaning: [GODREJCP.NS] non-critical missing fields: ['return_on_equity']
2026-09-27 09:01:06,016 [INFO] src.cleaning: [GODREJPROP.NS] non-critical missing fields: ['return_on_equity']
2026-09-27 09:01:06,016 [INFO] src.cleaning: [GRINDWELL.NS] non-critical missing fields: ['return_on_equity']
2026-09-27 09:01:06,016 [INFO] src.cleaning: [HAL.NS] non-critical missing fields: ['return_on_equity']
2026-09-27 09:01:06,016 [INFO] src.cleaning: [HAVELLS.NS] non-critical missing fields: ['return_on_equity']
2026-09-27 09:01:06,016 [WARNING] src.cleaning: [HCLTECH.NS] outlier values flagged: ['ev_to_ebitda']
2026-09-27 09:01:06,016 [INFO] src.cleaning: [HDFCBANK.NS] non-critical missing fields: ['ev_to_ebitda', 'debt_to_equity']
2026-09-27 09:01:06,016 [INFO] src.cleaning: [HEIDELBERG.NS] non-critical missing fields: ['return_on_equity']
2026-09-27 09:01:06,017 [INFO] src.cleaning: [HEROMOTOCO.NS] non-critical missing fields: ['return_on_equity']
2026-09-27 09:01:06,017 [INFO] src.cleaning: [HINDALCO.NS] non-critical missing fields: ['return_on_equity']
2026-09-27 09:01:06,017 [INFO] src.cleaning: [HINDCOPPER.NS] non-critical missing fields: ['return_on_equity']
2026-09-27 09:01:06,017 [INFO] src.cleaning: [HINDUNILVR.NS] non-critical missing fields: ['return_on_equity']
2026-09-27 09:01:06,017 [INFO] src.cleaning: [HINDZINC.NS] non-critical missing fields: ['return_on_equity']
2026-09-27 09:01:06,017 [INFO] src.cleaning: [HUDCO.NS] non-critical missing fields: ['ev_to_ebitda', 'return_on_equity']
2026-09-27 09:01:06,017 [INFO] src.cleaning: [ICICIBANK.NS] non-critical missing fields: ['ev_to_ebitda', 'debt_to_equity']
2026-09-27 09:01:06,017 [INFO] src.cleaning: [ICICIGI.NS] non-critical missing fields: ['debt_to_equity']
2026-09-27 09:01:06,017 [WARNING] src.cleaning: [IDEA.NS] negative/zero equity — DuPont ROE math will be invalid downstream
2026-09-27 09:01:06,017 [INFO] src.cleaning: [IDEA.NS] non-critical missing fields: ['return_on_equity', 'debt_to_equity']
2026-09-27 09:01:06,017 [INFO] src.cleaning: [IDFCFIRSTB.NS] non-critical missing fields: ['ev_to_ebitda', 'debt_to_equity']
2026-09-27 09:01:06,017 [WARNING] src.cleaning: [INDIGO.NS] outlier values flagged: ['debt_to_equity']
2026-09-27 09:01:06,017 [INFO] src.cleaning: [INDIGO.NS] non-critical missing fields: ['trailing_pe', 'return_on_equity']
2026-09-27 09:01:06,017 [INFO] src.cleaning: [INDUSINDBK.NS] non-critical missing fields: ['ev_to_ebitda', 'return_on_equity', 'debt_to_equity']
2026-09-27 09:01:06,017 [WARNING] src.cleaning: [INFY.NS] outlier values flagged: ['ev_to_ebitda']
2026-09-27 09:01:06,017 [INFO] src.cleaning: [IOB.NS] non-critical missing fields: ['ev_to_ebitda', 'debt_to_equity']
2026-09-27 09:01:06,017 [INFO] src.cleaning: [IPCALAB.NS] non-critical missing fields: ['return_on_equity']
2026-09-27 09:01:06,017 [INFO] src.cleaning: [IRCON.NS] non-critical missing fields: ['return_on_equity']
2026-09-27 09:01:06,017 [INFO] src.cleaning: [IRCTC.NS] non-critical missing fields: ['return_on_equity']
2026-09-27 09:01:06,017 [INFO] src.cleaning: [IRFC.NS] non-critical missing fields: ['ev_to_ebitda', 'return_on_equity']
2026-09-27 09:01:06,017 [INFO] src.cleaning: [ITC.NS] non-critical missing fields: ['return_on_equity']
2026-09-27 09:01:06,017 [INFO] src.cleaning: [JINDALSTEL.NS] non-critical missing fields: ['return_on_equity']
2026-09-27 09:01:06,017 [INFO] src.cleaning: [JKCEMENT.NS] non-critical missing fields: ['return_on_equity']
2026-09-27 09:01:06,017 [INFO] src.cleaning: [JSL.NS] non-critical missing fields: ['return_on_equity']
2026-09-27 09:01:06,017 [INFO] src.cleaning: [JSWSTEEL.NS] non-critical missing fields: ['return_on_equity']
2026-09-27 09:01:06,017 [INFO] src.cleaning: [KAJARIACER.NS] non-critical missing fields: ['return_on_equity']
2026-09-27 09:01:06,017 [INFO] src.cleaning: [KEI.NS] non-critical missing fields: ['return_on_equity']
2026-09-27 09:01:06,017 [INFO] src.cleaning: [KOTAKBANK.NS] non-critical missing fields: ['ev_to_ebitda', 'return_on_equity', 'debt_to_equity']
2026-09-27 09:01:06,017 [INFO] src.cleaning: [KPITTECH.NS] non-critical missing fields: ['return_on_equity']
2026-09-27 09:01:06,017 [INFO] src.cleaning: [LALPATHLAB.NS] non-critical missing fields: ['return_on_equity']
2026-09-27 09:01:06,017 [INFO] src.cleaning: [LAURUSLABS.NS] non-critical missing fields: ['return_on_equity']
2026-09-27 09:01:06,017 [INFO] src.cleaning: [LICHSGFIN.NS] non-critical missing fields: ['ev_to_ebitda', 'return_on_equity']
2026-09-27 09:01:06,017 [INFO] src.cleaning: [LICI.NS] non-critical missing fields: ['return_on_equity']
2026-09-27 09:01:06,017 [INFO] src.cleaning: [LTTS.NS] non-critical missing fields: ['return_on_equity']
2026-09-27 09:01:06,017 [INFO] src.cleaning: [LT.NS] non-critical missing fields: ['return_on_equity']
2026-09-27 09:01:06,017 [INFO] src.cleaning: [LUPIN.NS] non-critical missing fields: ['return_on_equity']
2026-09-27 09:01:06,017 [INFO] src.cleaning: [M&M.NS] non-critical missing fields: ['return_on_equity']
2026-09-27 09:01:06,017 [INFO] src.cleaning: [MANAPPURAM.NS] non-critical missing fields: ['ev_to_ebitda', 'return_on_equity']
2026-09-27 09:01:06,017 [INFO] src.cleaning: [MARICO.NS] non-critical missing fields: ['return_on_equity']
2026-09-27 09:01:06,017 [INFO] src.cleaning: [MARUTI.NS] non-critical missing fields: ['return_on_equity']
2026-09-27 09:01:06,017 [INFO] src.cleaning: [MAZDOCK.NS] non-critical missing fields: ['return_on_equity']
2026-09-27 09:01:06,017 [INFO] src.cleaning: [METROPOLIS.NS] non-critical missing fields: ['return_on_equity']
2026-09-27 09:01:06,017 [INFO] src.cleaning: [MOTHERSON.NS] non-critical missing fields: ['return_on_equity']
2026-09-27 09:01:06,017 [INFO] src.cleaning: [MRF.NS] non-critical missing fields: ['return_on_equity']
2026-09-27 09:01:06,018 [INFO] src.cleaning: [MUTHOOTFIN.NS] non-critical missing fields: ['ev_to_ebitda']
2026-09-27 09:01:06,018 [INFO] src.cleaning: [NATIONALUM.NS] non-critical missing fields: ['return_on_equity']
2026-09-27 09:01:06,018 [INFO] src.cleaning: [NAVINFLUOR.NS] non-critical missing fields: ['return_on_equity']
2026-09-27 09:01:06,018 [INFO] src.cleaning: [NBCC.NS] non-critical missing fields: ['return_on_equity']
2026-09-27 09:01:06,018 [INFO] src.cleaning: [NCC.NS] non-critical missing fields: ['return_on_equity']
2026-09-27 09:01:06,018 [INFO] src.cleaning: [NESTLEIND.NS] non-critical missing fields: ['return_on_equity']
2026-09-27 09:01:06,018 [INFO] src.cleaning: [NMDC.NS] non-critical missing fields: ['return_on_equity']
2026-09-27 09:01:06,018 [INFO] src.cleaning: [NTPC.NS] non-critical missing fields: ['return_on_equity']
2026-09-27 09:01:06,018 [INFO] src.cleaning: [OBEROIRLTY.NS] non-critical missing fields: ['return_on_equity']
2026-09-27 09:01:06,018 [INFO] src.cleaning: [ONGC.NS] non-critical missing fields: ['return_on_equity']
2026-09-27 09:01:06,018 [INFO] src.cleaning: [PAGEIND.NS] non-critical missing fields: ['return_on_equity']
2026-09-27 09:01:06,018 [INFO] src.cleaning: [PFC.NS] non-critical missing fields: ['ev_to_ebitda', 'return_on_equity']
2026-09-27 09:01:06,018 [INFO] src.cleaning: [PGHH.NS] non-critical missing fields: ['return_on_equity']
2026-09-27 09:01:06,018 [INFO] src.cleaning: [PHOENIXLTD.NS] non-critical missing fields: ['return_on_equity']
2026-09-27 09:01:06,018 [INFO] src.cleaning: [PIDILITIND.NS] non-critical missing fields: ['return_on_equity']
2026-09-27 09:01:06,018 [INFO] src.cleaning: [PIIND.NS] non-critical missing fields: ['return_on_equity']
2026-09-27 09:01:06,018 [INFO] src.cleaning: [PNB.NS] non-critical missing fields: ['ev_to_ebitda', 'debt_to_equity']
2026-09-27 09:01:06,018 [INFO] src.cleaning: [POONAWALLA.NS] non-critical missing fields: ['ev_to_ebitda', 'return_on_equity']
2026-09-27 09:01:06,018 [INFO] src.cleaning: [POWERGRID.NS] non-critical missing fields: ['return_on_equity']
2026-09-27 09:01:06,018 [INFO] src.cleaning: [PVRINOX.NS] non-critical missing fields: ['return_on_equity']
2026-09-27 09:01:06,018 [INFO] src.cleaning: [RAMCOCEM.NS] non-critical missing fields: ['return_on_equity']
2026-09-27 09:01:06,018 [INFO] src.cleaning: [RATNAMANI.NS] non-critical missing fields: ['return_on_equity']
2026-09-27 09:01:06,018 [INFO] src.cleaning: [RBLBANK.NS] non-critical missing fields: ['ev_to_ebitda', 'return_on_equity', 'debt_to_equity']
2026-09-27 09:01:06,018 [INFO] src.cleaning: [RELAXO.NS] non-critical missing fields: ['return_on_equity']
2026-09-27 09:01:06,018 [INFO] src.cleaning: [RVNL.NS] non-critical missing fields: ['return_on_equity']
2026-09-27 09:01:06,018 [INFO] src.cleaning: [SAIL.NS] non-critical missing fields: ['return_on_equity']
2026-09-27 09:01:06,018 [INFO] src.cleaning: [SBICARD.NS] non-critical missing fields: ['ev_to_ebitda', 'return_on_equity']
2026-09-27 09:01:06,018 [INFO] src.cleaning: [SBILIFE.NS] non-critical missing fields: ['debt_to_equity']
2026-09-27 09:01:06,018 [INFO] src.cleaning: [SBIN.NS] non-critical missing fields: ['ev_to_ebitda', 'debt_to_equity']
2026-09-27 09:01:06,018 [INFO] src.cleaning: [SHREECEM.NS] non-critical missing fields: ['return_on_equity']
2026-09-27 09:01:06,018 [INFO] src.cleaning: [SHRIRAMFIN.NS] non-critical missing fields: ['ev_to_ebitda']
2026-09-27 09:01:06,018 [INFO] src.cleaning: [SIEMENS.NS] non-critical missing fields: ['return_on_equity']
2026-09-27 09:01:06,018 [INFO] src.cleaning: [SKFINDIA.NS] non-critical missing fields: ['return_on_equity']
2026-09-27 09:01:06,018 [INFO] src.cleaning: [SOBHA.NS] non-critical missing fields: ['return_on_equity']
2026-09-27 09:01:06,018 [INFO] src.cleaning: [SRF.NS] non-critical missing fields: ['return_on_equity']
2026-09-27 09:01:06,018 [INFO] src.cleaning: [SUNDRMFAST.NS] non-critical missing fields: ['return_on_equity']
2026-09-27 09:01:06,018 [INFO] src.cleaning: [SUNPHARMA.NS] non-critical missing fields: ['return_on_equity']
2026-09-27 09:01:06,018 [INFO] src.cleaning: [SUPREMEIND.NS] non-critical missing fields: ['return_on_equity']
2026-09-27 09:01:06,018 [INFO] src.cleaning: [TATACHEM.NS] non-critical missing fields: ['trailing_pe', 'return_on_equity']
2026-09-27 09:01:06,018 [INFO] src.cleaning: [TATACONSUM.NS] non-critical missing fields: ['return_on_equity']
2026-09-27 09:01:06,018 [INFO] src.cleaning: [TATAELXSI.NS] non-critical missing fields: ['return_on_equity']
2026-09-27 09:01:06,018 [INFO] src.cleaning: [TATAPOWER.NS] non-critical missing fields: ['return_on_equity']
2026-09-27 09:01:06,018 [INFO] src.cleaning: [TATASTEEL.NS] non-critical missing fields: ['return_on_equity']
2026-09-27 09:01:06,018 [INFO] src.cleaning: [TECHM.NS] non-critical missing fields: ['return_on_equity']
2026-09-27 09:01:06,019 [INFO] src.cleaning: [THERMAX.NS] non-critical missing fields: ['return_on_equity']
2026-09-27 09:01:06,019 [INFO] src.cleaning: [TIMKEN.NS] non-critical missing fields: ['return_on_equity']
2026-09-27 09:01:06,019 [INFO] src.cleaning: [TITAN.NS] non-critical missing fields: ['return_on_equity']
2026-09-27 09:01:06,019 [INFO] src.cleaning: [TMCV.NS] non-critical missing fields: ['return_on_equity']
2026-09-27 09:01:06,019 [INFO] src.cleaning: [TMPV.NS] non-critical missing fields: ['trailing_pe', 'return_on_equity']
2026-09-27 09:01:06,019 [INFO] src.cleaning: [TORNTPHARM.NS] non-critical missing fields: ['return_on_equity']
2026-09-27 09:01:06,019 [INFO] src.cleaning: [TORNTPOWER.NS] non-critical missing fields: ['return_on_equity']
2026-09-27 09:01:06,019 [INFO] src.cleaning: [TRENT.NS] non-critical missing fields: ['return_on_equity']
2026-09-27 09:01:06,019 [INFO] src.cleaning: [UCOBANK.NS] non-critical missing fields: ['ev_to_ebitda', 'debt_to_equity']
2026-09-27 09:01:06,019 [INFO] src.cleaning: [ULTRACEMCO.NS] non-critical missing fields: ['return_on_equity']
2026-09-27 09:01:06,019 [INFO] src.cleaning: [UNIONBANK.NS] non-critical missing fields: ['ev_to_ebitda', 'debt_to_equity']
2026-09-27 09:01:06,019 [INFO] src.cleaning: [UNITDSPR.NS] non-critical missing fields: ['return_on_equity']
2026-09-27 09:01:06,019 [INFO] src.cleaning: [UNOMINDA.NS] non-critical missing fields: ['return_on_equity']
2026-09-27 09:01:06,019 [INFO] src.cleaning: [UPL.NS] non-critical missing fields: ['return_on_equity']
2026-09-27 09:01:06,019 [INFO] src.cleaning: [VEDL.NS] non-critical missing fields: ['return_on_equity']
2026-09-27 09:01:06,019 [INFO] src.cleaning: [VOLTAS.NS] non-critical missing fields: ['return_on_equity']
2026-09-27 09:01:06,019 [INFO] src.cleaning: [WELCORP.NS] non-critical missing fields: ['return_on_equity']
2026-09-27 09:01:06,019 [INFO] src.cleaning: [WHIRLPOOL.NS] non-critical missing fields: ['return_on_equity']
2026-09-27 09:01:06,019 [INFO] src.cleaning: [ZEEL.NS] non-critical missing fields: ['return_on_equity']
2026-09-27 09:01:06,024 [INFO] src.cleaning: Cleaned 191/201 tickers -> data/processed/cleaned_universe.csv
2026-09-27 09:01:06,025 [INFO] src.cleaning: Full flag audit trail -> data/processed/cleaning_flags.csv
2026-09-27 09:01:06,025 [INFO] __main__: Cleaning validation passed: 191/201 tickers retained (95%)
2026-09-27 09:01:06,025 [INFO] __main__: === Stage 3/8: Scoring ===
2026-09-27 09:01:06,057 [INFO] src.scoring: Scored 191 companies -> data/processed/scored_universe.csv
2026-09-27 09:01:06,057 [INFO] src.scoring: Top 10 shortlist -> data/processed/shortlist_top_n.csv
2026-09-27 09:01:06,058 [WARNING] src.scoring: 24 companies scored on fewer than all 4 buckets (reweighted, not zero-filled) — see 'buckets_used' column: ['IOB.NS', 'BANKINDIA.NS', 'UNIONBANK.NS', 'CANBK.NS', 'IDEA.NS', 'ICICIGI.NS', 'PNB.NS', 'GICRE.NS', 'FEDERALBNK.NS', 'UCOBANK.NS', 'BANKBARODA.NS', 'CENTRALBK.NS', 'SBIN.NS', 'AXISBANK.NS', 'KOTAKBANK.NS', 'ICICIBANK.NS', 'HDFCBANK.NS', 'SBILIFE.NS', 'AUBANK.NS', 'BANDHANBNK.NS', 'GMRAIRPORT.NS', 'IDFCFIRSTB.NS', 'RBLBANK.NS', 'INDUSINDBK.NS']
2026-09-27 09:01:06,059 [INFO] __main__: Scoring validation passed: 191 companies ranked, all scores in valid range
2026-09-27 09:01:06,059 [INFO] __main__: === Stage 4/8: Comps + DuPont ===
2026-09-27 09:01:06,065 [INFO] src.comps_dupont: Comps + DuPont report for top 10 -> data/processed/comps_dupont_report.csv
2026-09-27 09:01:06,066 [WARNING] src.comps_dupont: 1 companies have a DuPont-implied ROE that diverges >5pp from reported ROE (possible data inconsistency, worth a manual check): ['IOB.NS']
2026-09-27 09:01:06,066 [INFO] __main__: === Stage 5/8: Explainability ===
2026-09-27 09:01:06,086 [INFO] src.explainability: Explanations for top 10 companies -> data/processed/explanations.csv
2026-09-27 09:01:06,086 [INFO] __main__: === Stage 6/8: Baseline Comparison ===
2026-09-27 09:01:06,090 [INFO] src.baseline_comparison: Baseline comparison -> data/processed/baseline_comparison.csv
2026-09-27 09:01:06,090 [INFO] __main__: === Stage 7/8: Acquisition Likelihood ===
2026-09-27 09:01:06,092 [INFO] src.acquisition_likelihood: 2 companies excluded from acquisition-likelihood scoring (negative/zero equity — financial distress, not a value-target thesis): ['IDEA.NS', 'GMRAIRPORT.NS']
2026-09-27 09:01:06,098 [INFO] src.acquisition_likelihood: Acquisition likelihood scoring -> data/processed/acquisition_likelihood.csv
2026-09-27 09:01:06,099 [INFO] __main__: === Stage 8/8: Historical Snapshot ===
2026-09-27 09:01:06,105 [INFO] src.history_tracker: Recorded shortlist snapshot for 2026-09-27 (10 companies) -> data/history/shortlist_history.csv (5 distinct days tracked so far)
2026-09-27 09:01:06,108 [INFO] src.history_tracker: Recorded acquisition-likelihood snapshot for 2026-09-27 (10 companies) -> data/history/acquisition_likelihood_history.csv (5 distinct days tracked so far)
2026-09-27 09:01:06,109 [INFO] __main__: === Pipeline completed successfully ===
2026-09-27 09:01:06,109 [INFO] __main__:   ingestion: {'total': 201, 'ok': 200}
2026-09-27 09:01:06,109 [INFO] __main__:   cleaning: {'retained': 191, 'input': 201}
2026-09-27 09:01:06,109 [INFO] __main__:   scoring: {'ranked': 191}
2026-09-27 09:01:06,109 [INFO] __main__:   comps_dupont: {'companies': 10}
2026-09-27 09:01:06,109 [INFO] __main__:   explainability: {'companies': 10}
2026-09-27 09:01:06,109 [INFO] __main__:   baseline_comparison: {'correlation': np.float64(0.4911472339511873), 'overlap_pct': 0.0}
2026-09-27 09:01:06,109 [INFO] __main__:   acquisition_likelihood: {'companies': 10}
2026-09-27 09:01:06,109 [INFO] __main__:   history_tracker: {'recorded': True}
