2026-07-24 05:50:33,163 [INFO] __main__: Logging to file: logs/pipeline_run_2026-07-24T05-50-33Z.log
2026-07-24 05:50:33,163 [INFO] __main__: === Stage 1/8: Ingestion ===
2026-07-24 05:50:33,183 [INFO] src.ingestion: [ACC.NS] fetching fresh data
2026-07-24 05:50:35,043 [INFO] src.ingestion: [AMBUJACEM.NS] fetching fresh data
2026-07-24 05:50:36,313 [INFO] src.ingestion: [ULTRACEMCO.NS] fetching fresh data
2026-07-24 05:50:37,683 [INFO] src.ingestion: [SHREECEM.NS] fetching fresh data
2026-07-24 05:50:39,012 [INFO] src.ingestion: [JKCEMENT.NS] fetching fresh data
2026-07-24 05:50:40,329 [INFO] src.ingestion: [RAMCOCEM.NS] fetching fresh data
2026-07-24 05:50:41,635 [INFO] src.ingestion: [HEIDELBERG.NS] fetching fresh data
2026-07-24 05:50:42,942 [INFO] src.ingestion: [DALBHARAT.NS] fetching fresh data
2026-07-24 05:50:44,490 [INFO] src.ingestion: [INFY.NS] fetching fresh data
2026-07-24 05:50:45,813 [INFO] src.ingestion: [TCS.NS] fetching fresh data
2026-07-24 05:50:47,103 [INFO] src.ingestion: [WIPRO.NS] fetching fresh data
2026-07-24 05:50:48,464 [INFO] src.ingestion: [HCLTECH.NS] fetching fresh data
2026-07-24 05:50:49,796 [INFO] src.ingestion: [TECHM.NS] fetching fresh data
2026-07-24 05:50:51,029 [INFO] src.ingestion: [LTIM.NS] fetching fresh data
2026-07-24 05:50:51,432 [ERROR] yfinance: HTTP Error 404: {"quoteSummary":{"result":null,"error":{"code":"Not Found","description":"Quote not found for symbol: LTIM.NS"}}}
2026-07-24 05:50:51,676 [WARNING] src.ingestion: [LTIM.NS] attempt 1 failed: yfinance returned an empty info payload for LTIM.NS (no exception, but no usable data — likely a transient Yahoo-side issue or an invalid/delisted symbol)
2026-07-24 05:50:54,065 [ERROR] yfinance: HTTP Error 404: {"quoteSummary":{"result":null,"error":{"code":"Not Found","description":"Quote not found for symbol: LTIM.NS"}}}
2026-07-24 05:50:54,172 [WARNING] src.ingestion: [LTIM.NS] attempt 2 failed: yfinance returned an empty info payload for LTIM.NS (no exception, but no usable data — likely a transient Yahoo-side issue or an invalid/delisted symbol)
2026-07-24 05:50:58,577 [ERROR] yfinance: HTTP Error 404: {"quoteSummary":{"result":null,"error":{"code":"Not Found","description":"Quote not found for symbol: LTIM.NS"}}}
2026-07-24 05:50:58,684 [WARNING] src.ingestion: [LTIM.NS] attempt 3 failed: yfinance returned an empty info payload for LTIM.NS (no exception, but no usable data — likely a transient Yahoo-side issue or an invalid/delisted symbol)
2026-07-24 05:50:59,084 [INFO] src.ingestion: [PERSISTENT.NS] fetching fresh data
2026-07-24 05:51:00,421 [INFO] src.ingestion: [COFORGE.NS] fetching fresh data
2026-07-24 05:51:01,841 [INFO] src.ingestion: [MPHASIS.NS] fetching fresh data
2026-07-24 05:51:03,177 [INFO] src.ingestion: [LTTS.NS] fetching fresh data
2026-07-24 05:51:04,400 [INFO] src.ingestion: [TATAELXSI.NS] fetching fresh data
2026-07-24 05:51:05,599 [INFO] src.ingestion: [CYIENT.NS] fetching fresh data
2026-07-24 05:51:06,822 [INFO] src.ingestion: [KPITTECH.NS] fetching fresh data
2026-07-24 05:51:08,150 [INFO] src.ingestion: [HDFCBANK.NS] fetching fresh data
2026-07-24 05:51:09,329 [INFO] src.ingestion: [ICICIBANK.NS] fetching fresh data
2026-07-24 05:51:10,581 [INFO] src.ingestion: [SBIN.NS] fetching fresh data
2026-07-24 05:51:11,866 [INFO] src.ingestion: [AXISBANK.NS] fetching fresh data
2026-07-24 05:51:13,074 [INFO] src.ingestion: [KOTAKBANK.NS] fetching fresh data
2026-07-24 05:51:14,388 [INFO] src.ingestion: [INDUSINDBK.NS] fetching fresh data
2026-07-24 05:51:15,698 [INFO] src.ingestion: [FEDERALBNK.NS] fetching fresh data
2026-07-24 05:51:17,046 [INFO] src.ingestion: [BANDHANBNK.NS] fetching fresh data
2026-07-24 05:51:18,241 [INFO] src.ingestion: [IDFCFIRSTB.NS] fetching fresh data
2026-07-24 05:51:19,511 [INFO] src.ingestion: [PNB.NS] fetching fresh data
2026-07-24 05:51:20,806 [INFO] src.ingestion: [BANKBARODA.NS] fetching fresh data
2026-07-24 05:51:22,061 [INFO] src.ingestion: [CANBK.NS] fetching fresh data
2026-07-24 05:51:23,228 [INFO] src.ingestion: [UNIONBANK.NS] fetching fresh data
2026-07-24 05:51:24,533 [INFO] src.ingestion: [AUBANK.NS] fetching fresh data
2026-07-24 05:51:25,828 [INFO] src.ingestion: [RBLBANK.NS] fetching fresh data
2026-07-24 05:51:27,079 [INFO] src.ingestion: [BANKINDIA.NS] fetching fresh data
2026-07-24 05:51:28,338 [INFO] src.ingestion: [CENTRALBK.NS] fetching fresh data
2026-07-24 05:51:29,592 [INFO] src.ingestion: [IOB.NS] fetching fresh data
2026-07-24 05:51:30,859 [INFO] src.ingestion: [UCOBANK.NS] fetching fresh data
2026-07-24 05:51:32,117 [INFO] src.ingestion: [BAJFINANCE.NS] fetching fresh data
2026-07-24 05:51:33,298 [INFO] src.ingestion: [BAJAJFINSV.NS] fetching fresh data
2026-07-24 05:51:34,522 [INFO] src.ingestion: [CHOLAFIN.NS] fetching fresh data
2026-07-24 05:51:35,742 [INFO] src.ingestion: [MUTHOOTFIN.NS] fetching fresh data
2026-07-24 05:51:36,989 [INFO] src.ingestion: [LICHSGFIN.NS] fetching fresh data
2026-07-24 05:51:38,294 [INFO] src.ingestion: [SHRIRAMFIN.NS] fetching fresh data
2026-07-24 05:51:39,471 [INFO] src.ingestion: [PFC.NS] fetching fresh data
2026-07-24 05:51:40,735 [INFO] src.ingestion: [RECLTD.NS] fetching fresh data
2026-07-24 05:51:41,983 [INFO] src.ingestion: [IRFC.NS] fetching fresh data
2026-07-24 05:51:43,289 [INFO] src.ingestion: [HUDCO.NS] fetching fresh data
2026-07-24 05:51:44,595 [INFO] src.ingestion: [BAJAJHLDNG.NS] fetching fresh data
2026-07-24 05:51:45,866 [INFO] src.ingestion: [SBICARD.NS] fetching fresh data
2026-07-24 05:51:47,211 [INFO] src.ingestion: [MANAPPURAM.NS] fetching fresh data
2026-07-24 05:51:48,570 [INFO] src.ingestion: [POONAWALLA.NS] fetching fresh data
2026-07-24 05:51:49,834 [INFO] src.ingestion: [HDFCLIFE.NS] fetching fresh data
2026-07-24 05:51:51,092 [INFO] src.ingestion: [SBILIFE.NS] fetching fresh data
2026-07-24 05:51:52,376 [INFO] src.ingestion: [ICICIPRULI.NS] fetching fresh data
2026-07-24 05:51:53,706 [INFO] src.ingestion: [ICICIGI.NS] fetching fresh data
2026-07-24 05:51:55,016 [INFO] src.ingestion: [LICI.NS] fetching fresh data
2026-07-24 05:51:56,297 [INFO] src.ingestion: [GICRE.NS] fetching fresh data
2026-07-24 05:51:57,701 [INFO] src.ingestion: [MARUTI.NS] fetching fresh data
2026-07-24 05:51:59,084 [INFO] src.ingestion: [TMPV.NS] fetching fresh data
2026-07-24 05:52:00,407 [INFO] src.ingestion: [TMCV.NS] fetching fresh data
2026-07-24 05:52:01,809 [INFO] src.ingestion: [M&M.NS] fetching fresh data
2026-07-24 05:52:03,006 [INFO] src.ingestion: [EICHERMOT.NS] fetching fresh data
2026-07-24 05:52:04,306 [INFO] src.ingestion: [HEROMOTOCO.NS] fetching fresh data
2026-07-24 05:52:05,717 [INFO] src.ingestion: [BAJAJ-AUTO.NS] fetching fresh data
2026-07-24 05:52:06,907 [INFO] src.ingestion: [TVSMOTOR.NS] fetching fresh data
2026-07-24 05:52:08,174 [INFO] src.ingestion: [ASHOKLEY.NS] fetching fresh data
2026-07-24 05:52:09,429 [INFO] src.ingestion: [BHARATFORG.NS] fetching fresh data
2026-07-24 05:52:10,689 [INFO] src.ingestion: [MOTHERSON.NS] fetching fresh data
2026-07-24 05:52:11,939 [INFO] src.ingestion: [BOSCHLTD.NS] fetching fresh data
2026-07-24 05:52:13,279 [INFO] src.ingestion: [MRF.NS] fetching fresh data
2026-07-24 05:52:14,660 [INFO] src.ingestion: [ENDURANCE.NS] fetching fresh data
2026-07-24 05:52:15,901 [INFO] src.ingestion: [EXIDEIND.NS] fetching fresh data
2026-07-24 05:52:17,234 [INFO] src.ingestion: [ARE&M.NS] fetching fresh data
2026-07-24 05:52:18,437 [INFO] src.ingestion: [SUNDRMFAST.NS] fetching fresh data
2026-07-24 05:52:19,725 [INFO] src.ingestion: [UNOMINDA.NS] fetching fresh data
2026-07-24 05:52:21,153 [INFO] src.ingestion: [SUNPHARMA.NS] fetching fresh data
2026-07-24 05:52:22,504 [INFO] src.ingestion: [DRREDDY.NS] fetching fresh data
2026-07-24 05:52:23,763 [INFO] src.ingestion: [CIPLA.NS] fetching fresh data
2026-07-24 05:52:24,973 [INFO] src.ingestion: [DIVISLAB.NS] fetching fresh data
2026-07-24 05:52:26,355 [INFO] src.ingestion: [LUPIN.NS] fetching fresh data
2026-07-24 05:52:27,565 [INFO] src.ingestion: [AUROPHARMA.NS] fetching fresh data
2026-07-24 05:52:28,774 [INFO] src.ingestion: [BIOCON.NS] fetching fresh data
2026-07-24 05:52:29,978 [INFO] src.ingestion: [TORNTPHARM.NS] fetching fresh data
2026-07-24 05:52:31,417 [INFO] src.ingestion: [ALKEM.NS] fetching fresh data
2026-07-24 05:52:32,711 [INFO] src.ingestion: [ABBOTINDIA.NS] fetching fresh data
2026-07-24 05:52:33,939 [INFO] src.ingestion: [APOLLOHOSP.NS] fetching fresh data
2026-07-24 05:52:35,327 [INFO] src.ingestion: [FORTIS.NS] fetching fresh data
2026-07-24 05:52:36,564 [INFO] src.ingestion: [LALPATHLAB.NS] fetching fresh data
2026-07-24 05:52:37,801 [INFO] src.ingestion: [METROPOLIS.NS] fetching fresh data
2026-07-24 05:52:39,028 [INFO] src.ingestion: [GLAND.NS] fetching fresh data
2026-07-24 05:52:40,229 [INFO] src.ingestion: [LAURUSLABS.NS] fetching fresh data
2026-07-24 05:52:41,536 [INFO] src.ingestion: [GLENMARK.NS] fetching fresh data
2026-07-24 05:52:42,799 [INFO] src.ingestion: [IPCALAB.NS] fetching fresh data
2026-07-24 05:52:44,052 [INFO] src.ingestion: [HINDUNILVR.NS] fetching fresh data
2026-07-24 05:52:45,326 [INFO] src.ingestion: [ITC.NS] fetching fresh data
2026-07-24 05:52:46,643 [INFO] src.ingestion: [NESTLEIND.NS] fetching fresh data
2026-07-24 05:52:47,887 [INFO] src.ingestion: [BRITANNIA.NS] fetching fresh data
2026-07-24 05:52:49,125 [INFO] src.ingestion: [DABUR.NS] fetching fresh data
2026-07-24 05:52:50,365 [INFO] src.ingestion: [GODREJCP.NS] fetching fresh data
2026-07-24 05:52:51,686 [INFO] src.ingestion: [MARICO.NS] fetching fresh data
2026-07-24 05:52:52,906 [INFO] src.ingestion: [COLPAL.NS] fetching fresh data
2026-07-24 05:52:54,233 [INFO] src.ingestion: [TATACONSUM.NS] fetching fresh data
2026-07-24 05:52:55,554 [INFO] src.ingestion: [VBL.NS] fetching fresh data
2026-07-24 05:52:56,813 [INFO] src.ingestion: [UNITDSPR.NS] fetching fresh data
2026-07-24 05:52:58,026 [INFO] src.ingestion: [EMAMILTD.NS] fetching fresh data
2026-07-24 05:52:59,275 [INFO] src.ingestion: [TATASTEEL.NS] fetching fresh data
2026-07-24 05:53:00,509 [INFO] src.ingestion: [JSWSTEEL.NS] fetching fresh data
2026-07-24 05:53:01,866 [INFO] src.ingestion: [HINDALCO.NS] fetching fresh data
2026-07-24 05:53:03,178 [INFO] src.ingestion: [VEDL.NS] fetching fresh data
2026-07-24 05:53:04,408 [INFO] src.ingestion: [COALINDIA.NS] fetching fresh data
2026-07-24 05:53:05,613 [INFO] src.ingestion: [NMDC.NS] fetching fresh data
2026-07-24 05:53:07,000 [INFO] src.ingestion: [SAIL.NS] fetching fresh data
2026-07-24 05:53:08,278 [INFO] src.ingestion: [JINDALSTEL.NS] fetching fresh data
2026-07-24 05:53:09,441 [INFO] src.ingestion: [APLAPOLLO.NS] fetching fresh data
2026-07-24 05:53:10,793 [INFO] src.ingestion: [NATIONALUM.NS] fetching fresh data
2026-07-24 05:53:11,986 [INFO] src.ingestion: [HINDCOPPER.NS] fetching fresh data
2026-07-24 05:53:13,298 [INFO] src.ingestion: [RATNAMANI.NS] fetching fresh data
2026-07-24 05:53:14,663 [INFO] src.ingestion: [HINDZINC.NS] fetching fresh data
2026-07-24 05:53:15,884 [INFO] src.ingestion: [WELCORP.NS] fetching fresh data
2026-07-24 05:53:17,197 [INFO] src.ingestion: [JSL.NS] fetching fresh data
2026-07-24 05:53:18,536 [INFO] src.ingestion: [RELIANCE.NS] fetching fresh data
2026-07-24 05:53:19,912 [INFO] src.ingestion: [ONGC.NS] fetching fresh data
2026-07-24 05:53:21,184 [INFO] src.ingestion: [BPCL.NS] fetching fresh data
2026-07-24 05:53:22,524 [INFO] src.ingestion: [IOC.NS] fetching fresh data
2026-07-24 05:53:23,853 [INFO] src.ingestion: [GAIL.NS] fetching fresh data
2026-07-24 05:53:25,051 [INFO] src.ingestion: [NTPC.NS] fetching fresh data
2026-07-24 05:53:26,343 [INFO] src.ingestion: [POWERGRID.NS] fetching fresh data
2026-07-24 05:53:27,689 [INFO] src.ingestion: [TATAPOWER.NS] fetching fresh data
2026-07-24 05:53:28,920 [INFO] src.ingestion: [ADANIGREEN.NS] fetching fresh data
2026-07-24 05:53:30,212 [INFO] src.ingestion: [ADANIPOWER.NS] fetching fresh data
2026-07-24 05:53:31,404 [INFO] src.ingestion: [TORNTPOWER.NS] fetching fresh data
2026-07-24 05:53:32,686 [INFO] src.ingestion: [LT.NS] fetching fresh data
2026-07-24 05:53:33,999 [INFO] src.ingestion: [SIEMENS.NS] fetching fresh data
2026-07-24 05:53:35,340 [INFO] src.ingestion: [ABB.NS] fetching fresh data
2026-07-24 05:53:36,623 [INFO] src.ingestion: [HAL.NS] fetching fresh data
2026-07-24 05:53:37,851 [INFO] src.ingestion: [BEL.NS] fetching fresh data
2026-07-24 05:53:39,062 [INFO] src.ingestion: [BHEL.NS] fetching fresh data
2026-07-24 05:53:40,305 [INFO] src.ingestion: [CUMMINSIND.NS] fetching fresh data
2026-07-24 05:53:41,585 [INFO] src.ingestion: [THERMAX.NS] fetching fresh data
2026-07-24 05:53:42,769 [INFO] src.ingestion: [POLYCAB.NS] fetching fresh data
2026-07-24 05:53:44,237 [INFO] src.ingestion: [KEI.NS] fetching fresh data
2026-07-24 05:53:45,652 [INFO] src.ingestion: [HAVELLS.NS] fetching fresh data
2026-07-24 05:53:46,937 [INFO] src.ingestion: [CROMPTON.NS] fetching fresh data
2026-07-24 05:53:48,206 [INFO] src.ingestion: [SUPREMEIND.NS] fetching fresh data
2026-07-24 05:53:49,415 [INFO] src.ingestion: [ASTRAL.NS] fetching fresh data
2026-07-24 05:53:50,727 [INFO] src.ingestion: [GRINDWELL.NS] fetching fresh data
2026-07-24 05:53:51,909 [INFO] src.ingestion: [CARBORUNIV.NS] fetching fresh data
2026-07-24 05:53:53,384 [INFO] src.ingestion: [TIMKEN.NS] fetching fresh data
2026-07-24 05:53:54,563 [INFO] src.ingestion: [SKFINDIA.NS] fetching fresh data
2026-07-24 05:53:55,967 [INFO] src.ingestion: [SRF.NS] fetching fresh data
2026-07-24 05:53:57,167 [INFO] src.ingestion: [PIIND.NS] fetching fresh data
2026-07-24 05:53:58,482 [INFO] src.ingestion: [DEEPAKNTR.NS] fetching fresh data
2026-07-24 05:53:59,664 [INFO] src.ingestion: [AARTIIND.NS] fetching fresh data
2026-07-24 05:54:01,062 [INFO] src.ingestion: [NAVINFLUOR.NS] fetching fresh data
2026-07-24 05:54:02,435 [INFO] src.ingestion: [UPL.NS] fetching fresh data
2026-07-24 05:54:03,727 [INFO] src.ingestion: [COROMANDEL.NS] fetching fresh data
2026-07-24 05:54:05,174 [INFO] src.ingestion: [CHAMBLFERT.NS] fetching fresh data
2026-07-24 05:54:06,548 [INFO] src.ingestion: [GNFC.NS] fetching fresh data
2026-07-24 05:54:07,765 [INFO] src.ingestion: [PIDILITIND.NS] fetching fresh data
2026-07-24 05:54:09,095 [INFO] src.ingestion: [TATACHEM.NS] fetching fresh data
2026-07-24 05:54:10,311 [INFO] src.ingestion: [GHCL.NS] fetching fresh data
2026-07-24 05:54:11,625 [INFO] src.ingestion: [TITAN.NS] fetching fresh data
2026-07-24 05:54:12,989 [INFO] src.ingestion: [DMART.NS] fetching fresh data
2026-07-24 05:54:14,247 [INFO] src.ingestion: [TRENT.NS] fetching fresh data
2026-07-24 05:54:15,641 [INFO] src.ingestion: [BATAINDIA.NS] fetching fresh data
2026-07-24 05:54:16,859 [INFO] src.ingestion: [PAGEIND.NS] fetching fresh data
2026-07-24 05:54:18,127 [INFO] src.ingestion: [JUBLFOOD.NS] fetching fresh data
2026-07-24 05:54:19,410 [INFO] src.ingestion: [VOLTAS.NS] fetching fresh data
2026-07-24 05:54:20,664 [INFO] src.ingestion: [DIXON.NS] fetching fresh data
2026-07-24 05:54:21,948 [INFO] src.ingestion: [RELAXO.NS] fetching fresh data
2026-07-24 05:54:23,283 [INFO] src.ingestion: [KAJARIACER.NS] fetching fresh data
2026-07-24 05:54:24,785 [INFO] src.ingestion: [WHIRLPOOL.NS] fetching fresh data
2026-07-24 05:54:26,067 [INFO] src.ingestion: [BLUESTARCO.NS] fetching fresh data
2026-07-24 05:54:27,440 [INFO] src.ingestion: [PGHH.NS] fetching fresh data
2026-07-24 05:54:28,785 [INFO] src.ingestion: [GILLETTE.NS] fetching fresh data
2026-07-24 05:54:29,952 [INFO] src.ingestion: [BHARTIARTL.NS] fetching fresh data
2026-07-24 05:54:31,239 [INFO] src.ingestion: [IDEA.NS] fetching fresh data
2026-07-24 05:54:32,525 [INFO] src.ingestion: [INDUSTOWER.NS] fetching fresh data
2026-07-24 05:54:33,978 [INFO] src.ingestion: [PVRINOX.NS] fetching fresh data
2026-07-24 05:54:35,154 [INFO] src.ingestion: [ZEEL.NS] fetching fresh data
2026-07-24 05:54:36,575 [INFO] src.ingestion: [ADANIPORTS.NS] fetching fresh data
2026-07-24 05:54:37,972 [INFO] src.ingestion: [ADANIENT.NS] fetching fresh data
2026-07-24 05:54:39,238 [INFO] src.ingestion: [GMRAIRPORT.NS] fetching fresh data
2026-07-24 05:54:40,469 [INFO] src.ingestion: [CONCOR.NS] fetching fresh data
2026-07-24 05:54:41,640 [INFO] src.ingestion: [IRCTC.NS] fetching fresh data
2026-07-24 05:54:42,959 [INFO] src.ingestion: [INDIGO.NS] fetching fresh data
2026-07-24 05:54:44,438 [INFO] src.ingestion: [RVNL.NS] fetching fresh data
2026-07-24 05:54:45,756 [INFO] src.ingestion: [IRCON.NS] fetching fresh data
2026-07-24 05:54:47,105 [INFO] src.ingestion: [NBCC.NS] fetching fresh data
2026-07-24 05:54:48,416 [INFO] src.ingestion: [NCC.NS] fetching fresh data
2026-07-24 05:54:49,727 [INFO] src.ingestion: [MAZDOCK.NS] fetching fresh data
2026-07-24 05:54:51,058 [INFO] src.ingestion: [COCHINSHIP.NS] fetching fresh data
2026-07-24 05:54:52,239 [INFO] src.ingestion: [DLF.NS] fetching fresh data
2026-07-24 05:54:53,590 [INFO] src.ingestion: [GODREJPROP.NS] fetching fresh data
2026-07-24 05:54:54,941 [INFO] src.ingestion: [OBEROIRLTY.NS] fetching fresh data
2026-07-24 05:54:56,241 [INFO] src.ingestion: [PRESTIGE.NS] fetching fresh data
2026-07-24 05:54:57,562 [INFO] src.ingestion: [PHOENIXLTD.NS] fetching fresh data
2026-07-24 05:54:58,860 [INFO] src.ingestion: [SOBHA.NS] fetching fresh data
2026-07-24 05:55:00,219 [INFO] src.ingestion: Fetched 200/201 tickers successfully
2026-07-24 05:55:00,219 [WARNING] src.ingestion: Failed tickers (excluded from downstream, not silently zeroed): ['LTIM.NS']
2026-07-24 05:55:00,220 [INFO] __main__: Ingestion validation passed: 200/201 tickers (100%)
2026-07-24 05:55:00,220 [INFO] __main__: === Stage 2/8: Cleaning ===
2026-07-24 05:55:00,224 [WARNING] src.cleaning: [ASHOKLEY.NS] EXCLUDED: missing critical fields: ['market_cap']
2026-07-24 05:55:00,224 [WARNING] src.cleaning: [BIOCON.NS] EXCLUDED: missing critical fields: ['market_cap']
2026-07-24 05:55:00,224 [WARNING] src.cleaning: [BOSCHLTD.NS] EXCLUDED: missing critical fields: ['market_cap']
2026-07-24 05:55:00,224 [WARNING] src.cleaning: [CROMPTON.NS] EXCLUDED: missing critical fields: ['trailing_pe']
2026-07-24 05:55:00,224 [WARNING] src.cleaning: [INDIGO.NS] EXCLUDED: missing critical fields: ['trailing_pe']
2026-07-24 05:55:00,224 [WARNING] src.cleaning: [JUBLFOOD.NS] EXCLUDED: missing critical fields: ['market_cap']
2026-07-24 05:55:00,224 [WARNING] src.cleaning: [LTIM.NS] EXCLUDED: ingestion failed: yfinance returned an empty info payload for LTIM.NS (no exception, but no usable data — likely a transient Yahoo-side issue or an invalid/delisted symbol)
2026-07-24 05:55:00,225 [WARNING] src.cleaning: [TATACHEM.NS] EXCLUDED: missing critical fields: ['trailing_pe']
2026-07-24 05:55:00,225 [WARNING] src.cleaning: [TMPV.NS] EXCLUDED: missing critical fields: ['trailing_pe']
2026-07-24 05:55:00,225 [INFO] src.cleaning: [ABB.NS] non-critical missing fields: ['return_on_equity']
2026-07-24 05:55:00,225 [INFO] src.cleaning: [ADANIGREEN.NS] non-critical missing fields: ['return_on_equity']
2026-07-24 05:55:00,225 [INFO] src.cleaning: [ADANIPOWER.NS] non-critical missing fields: ['return_on_equity']
2026-07-24 05:55:00,225 [INFO] src.cleaning: [AUBANK.NS] non-critical missing fields: ['ev_to_ebitda', 'return_on_equity', 'debt_to_equity']
2026-07-24 05:55:00,225 [INFO] src.cleaning: [AXISBANK.NS] non-critical missing fields: ['ev_to_ebitda', 'debt_to_equity']
2026-07-24 05:55:00,225 [INFO] src.cleaning: [BAJAJ-AUTO.NS] non-critical missing fields: ['return_on_equity']
2026-07-24 05:55:00,225 [WARNING] src.cleaning: [BAJAJHLDNG.NS] outlier values flagged: ['net_margin']
2026-07-24 05:55:00,225 [INFO] src.cleaning: [BAJFINANCE.NS] non-critical missing fields: ['ev_to_ebitda']
2026-07-24 05:55:00,225 [INFO] src.cleaning: [BANDHANBNK.NS] non-critical missing fields: ['ev_to_ebitda', 'return_on_equity', 'debt_to_equity']
2026-07-24 05:55:00,225 [INFO] src.cleaning: [BANKBARODA.NS] non-critical missing fields: ['ev_to_ebitda', 'debt_to_equity']
2026-07-24 05:55:00,225 [INFO] src.cleaning: [BANKINDIA.NS] non-critical missing fields: ['ev_to_ebitda', 'debt_to_equity']
2026-07-24 05:55:00,225 [INFO] src.cleaning: [BHEL.NS] non-critical missing fields: ['return_on_equity']
2026-07-24 05:55:00,225 [INFO] src.cleaning: [BPCL.NS] non-critical missing fields: ['return_on_equity']
2026-07-24 05:55:00,225 [INFO] src.cleaning: [CANBK.NS] non-critical missing fields: ['ev_to_ebitda', 'debt_to_equity']
2026-07-24 05:55:00,225 [INFO] src.cleaning: [CENTRALBK.NS] non-critical missing fields: ['ev_to_ebitda', 'debt_to_equity']
2026-07-24 05:55:00,225 [INFO] src.cleaning: [CHOLAFIN.NS] non-critical missing fields: ['ev_to_ebitda']
2026-07-24 05:55:00,225 [INFO] src.cleaning: [DMART.NS] non-critical missing fields: ['return_on_equity']
2026-07-24 05:55:00,225 [INFO] src.cleaning: [DRREDDY.NS] non-critical missing fields: ['return_on_equity']
2026-07-24 05:55:00,225 [INFO] src.cleaning: [FEDERALBNK.NS] non-critical missing fields: ['ev_to_ebitda', 'return_on_equity', 'debt_to_equity']
2026-07-24 05:55:00,225 [INFO] src.cleaning: [GICRE.NS] non-critical missing fields: ['debt_to_equity']
2026-07-24 05:55:00,225 [WARNING] src.cleaning: [GMRAIRPORT.NS] outlier values flagged: ['trailing_pe']
2026-07-24 05:55:00,225 [WARNING] src.cleaning: [GMRAIRPORT.NS] negative/zero equity — DuPont ROE math will be invalid downstream
2026-07-24 05:55:00,225 [INFO] src.cleaning: [GMRAIRPORT.NS] non-critical missing fields: ['return_on_equity', 'debt_to_equity']
2026-07-24 05:55:00,225 [INFO] src.cleaning: [HAVELLS.NS] non-critical missing fields: ['return_on_equity']
2026-07-24 05:55:00,225 [WARNING] src.cleaning: [HCLTECH.NS] outlier values flagged: ['ev_to_ebitda']
2026-07-24 05:55:00,225 [INFO] src.cleaning: [HDFCBANK.NS] non-critical missing fields: ['ev_to_ebitda', 'debt_to_equity']
2026-07-24 05:55:00,225 [INFO] src.cleaning: [HUDCO.NS] non-critical missing fields: ['ev_to_ebitda']
2026-07-24 05:55:00,225 [INFO] src.cleaning: [ICICIBANK.NS] non-critical missing fields: ['ev_to_ebitda', 'debt_to_equity']
2026-07-24 05:55:00,225 [INFO] src.cleaning: [ICICIGI.NS] non-critical missing fields: ['debt_to_equity']
2026-07-24 05:55:00,225 [INFO] src.cleaning: [ICICIPRULI.NS] non-critical missing fields: ['ev_to_ebitda', 'return_on_equity', 'debt_to_equity', 'revenue_growth', 'total_debt']
2026-07-24 05:55:00,225 [WARNING] src.cleaning: [IDEA.NS] negative/zero equity — DuPont ROE math will be invalid downstream
2026-07-24 05:55:00,225 [INFO] src.cleaning: [IDEA.NS] non-critical missing fields: ['return_on_equity', 'debt_to_equity']
2026-07-24 05:55:00,225 [INFO] src.cleaning: [IDFCFIRSTB.NS] non-critical missing fields: ['ev_to_ebitda', 'return_on_equity', 'debt_to_equity', 'total_debt']
2026-07-24 05:55:00,225 [INFO] src.cleaning: [INDUSINDBK.NS] non-critical missing fields: ['ev_to_ebitda', 'return_on_equity', 'debt_to_equity']
2026-07-24 05:55:00,225 [WARNING] src.cleaning: [INFY.NS] outlier values flagged: ['ev_to_ebitda']
2026-07-24 05:55:00,226 [INFO] src.cleaning: [IOB.NS] non-critical missing fields: ['ev_to_ebitda', 'debt_to_equity']
2026-07-24 05:55:00,226 [INFO] src.cleaning: [IRFC.NS] non-critical missing fields: ['ev_to_ebitda']
2026-07-24 05:55:00,226 [INFO] src.cleaning: [JKCEMENT.NS] non-critical missing fields: ['return_on_equity']
2026-07-24 05:55:00,226 [INFO] src.cleaning: [JSWSTEEL.NS] non-critical missing fields: ['return_on_equity']
2026-07-24 05:55:00,226 [INFO] src.cleaning: [KOTAKBANK.NS] non-critical missing fields: ['ev_to_ebitda', 'return_on_equity', 'debt_to_equity']
2026-07-24 05:55:00,226 [INFO] src.cleaning: [LICHSGFIN.NS] non-critical missing fields: ['ev_to_ebitda']
2026-07-24 05:55:00,226 [INFO] src.cleaning: [LTTS.NS] non-critical missing fields: ['return_on_equity']
2026-07-24 05:55:00,226 [INFO] src.cleaning: [MANAPPURAM.NS] non-critical missing fields: ['ev_to_ebitda']
2026-07-24 05:55:00,226 [INFO] src.cleaning: [MUTHOOTFIN.NS] non-critical missing fields: ['ev_to_ebitda']
2026-07-24 05:55:00,226 [INFO] src.cleaning: [NESTLEIND.NS] non-critical missing fields: ['return_on_equity']
2026-07-24 05:55:00,226 [INFO] src.cleaning: [OBEROIRLTY.NS] non-critical missing fields: ['return_on_equity']
2026-07-24 05:55:00,226 [INFO] src.cleaning: [PFC.NS] non-critical missing fields: ['ev_to_ebitda']
2026-07-24 05:55:00,226 [INFO] src.cleaning: [PNB.NS] non-critical missing fields: ['ev_to_ebitda', 'debt_to_equity']
2026-07-24 05:55:00,226 [INFO] src.cleaning: [POONAWALLA.NS] non-critical missing fields: ['ev_to_ebitda', 'return_on_equity']
2026-07-24 05:55:00,226 [INFO] src.cleaning: [RBLBANK.NS] non-critical missing fields: ['ev_to_ebitda', 'return_on_equity', 'debt_to_equity']
2026-07-24 05:55:00,226 [INFO] src.cleaning: [RECLTD.NS] non-critical missing fields: ['ev_to_ebitda']
2026-07-24 05:55:00,226 [INFO] src.cleaning: [RELIANCE.NS] non-critical missing fields: ['return_on_equity']
2026-07-24 05:55:00,226 [INFO] src.cleaning: [SBICARD.NS] non-critical missing fields: ['ev_to_ebitda']
2026-07-24 05:55:00,226 [INFO] src.cleaning: [SBILIFE.NS] non-critical missing fields: ['debt_to_equity']
2026-07-24 05:55:00,226 [INFO] src.cleaning: [SBIN.NS] non-critical missing fields: ['ev_to_ebitda', 'debt_to_equity']
2026-07-24 05:55:00,226 [INFO] src.cleaning: [SHREECEM.NS] non-critical missing fields: ['return_on_equity']
2026-07-24 05:55:00,226 [INFO] src.cleaning: [SHRIRAMFIN.NS] non-critical missing fields: ['ev_to_ebitda']
2026-07-24 05:55:00,226 [INFO] src.cleaning: [SIEMENS.NS] non-critical missing fields: ['return_on_equity']
2026-07-24 05:55:00,226 [INFO] src.cleaning: [SOBHA.NS] non-critical missing fields: ['return_on_equity']
2026-07-24 05:55:00,226 [INFO] src.cleaning: [SRF.NS] non-critical missing fields: ['return_on_equity']
2026-07-24 05:55:00,226 [INFO] src.cleaning: [TATAELXSI.NS] non-critical missing fields: ['return_on_equity']
2026-07-24 05:55:00,226 [INFO] src.cleaning: [TECHM.NS] non-critical missing fields: ['return_on_equity']
2026-07-24 05:55:00,226 [INFO] src.cleaning: [TVSMOTOR.NS] non-critical missing fields: ['return_on_equity']
2026-07-24 05:55:00,226 [INFO] src.cleaning: [UCOBANK.NS] non-critical missing fields: ['ev_to_ebitda', 'debt_to_equity']
2026-07-24 05:55:00,226 [INFO] src.cleaning: [ULTRACEMCO.NS] non-critical missing fields: ['return_on_equity']
2026-07-24 05:55:00,226 [INFO] src.cleaning: [UNIONBANK.NS] non-critical missing fields: ['ev_to_ebitda', 'debt_to_equity', 'revenue_growth', 'total_debt']
2026-07-24 05:55:00,226 [INFO] src.cleaning: [UNITDSPR.NS] non-critical missing fields: ['ev_to_ebitda', 'return_on_equity', 'total_debt']
2026-07-24 05:55:00,226 [INFO] src.cleaning: [VBL.NS] non-critical missing fields: ['return_on_equity']
2026-07-24 05:55:00,234 [INFO] src.cleaning: Cleaned 192/201 tickers -> data/processed/cleaned_universe.csv
2026-07-24 05:55:00,234 [INFO] src.cleaning: Full flag audit trail -> data/processed/cleaning_flags.csv
2026-07-24 05:55:00,234 [INFO] __main__: Cleaning validation passed: 192/201 tickers retained (96%)
2026-07-24 05:55:00,234 [INFO] __main__: === Stage 3/8: Scoring ===
2026-07-24 05:55:00,273 [INFO] src.scoring: Scored 192 companies -> data/processed/scored_universe.csv
2026-07-24 05:55:00,273 [INFO] src.scoring: Top 10 shortlist -> data/processed/shortlist_top_n.csv
2026-07-24 05:55:00,274 [WARNING] src.scoring: 25 companies scored on fewer than all 4 buckets (reweighted, not zero-filled) — see 'buckets_used' column: ['IOB.NS', 'UNIONBANK.NS', 'PNB.NS', 'CANBK.NS', 'IDEA.NS', 'GICRE.NS', 'ICICIGI.NS', 'BANKINDIA.NS', 'AXISBANK.NS', 'FEDERALBNK.NS', 'ICICIBANK.NS', 'SBIN.NS', 'HDFCBANK.NS', 'BANKBARODA.NS', 'KOTAKBANK.NS', 'CENTRALBK.NS', 'GMRAIRPORT.NS', 'IDFCFIRSTB.NS', 'AUBANK.NS', 'BANDHANBNK.NS', 'RBLBANK.NS', 'UCOBANK.NS', 'SBILIFE.NS', 'ICICIPRULI.NS', 'INDUSINDBK.NS']
2026-07-24 05:55:00,275 [INFO] __main__: Scoring validation passed: 192 companies ranked, all scores in valid range
2026-07-24 05:55:00,275 [INFO] __main__: === Stage 4/8: Comps + DuPont ===
2026-07-24 05:55:00,283 [INFO] src.comps_dupont: Comps + DuPont report for top 10 -> data/processed/comps_dupont_report.csv
2026-07-24 05:55:00,284 [WARNING] src.comps_dupont: 1 companies have a DuPont-implied ROE that diverges >5pp from reported ROE (possible data inconsistency, worth a manual check): ['IOB.NS']
2026-07-24 05:55:00,284 [INFO] __main__: === Stage 5/8: Explainability ===
2026-07-24 05:55:00,307 [INFO] src.explainability: Explanations for top 10 companies -> data/processed/explanations.csv
2026-07-24 05:55:00,307 [INFO] __main__: === Stage 6/8: Baseline Comparison ===
2026-07-24 05:55:00,312 [INFO] src.baseline_comparison: Baseline comparison -> data/processed/baseline_comparison.csv
2026-07-24 05:55:00,313 [INFO] __main__: === Stage 7/8: Acquisition Likelihood ===
2026-07-24 05:55:00,315 [INFO] src.acquisition_likelihood: 2 companies excluded from acquisition-likelihood scoring (negative/zero equity — financial distress, not a value-target thesis): ['IDEA.NS', 'GMRAIRPORT.NS']
2026-07-24 05:55:00,322 [INFO] src.acquisition_likelihood: Acquisition likelihood scoring -> data/processed/acquisition_likelihood.csv
2026-07-24 05:55:00,323 [INFO] __main__: === Stage 8/8: Historical Snapshot ===
2026-07-24 05:55:00,326 [INFO] src.history_tracker: Recorded shortlist snapshot for 2026-07-24 (10 companies) -> data/history/shortlist_history.csv (1 distinct days tracked so far)
2026-07-24 05:55:00,329 [INFO] src.history_tracker: Recorded acquisition-likelihood snapshot for 2026-07-24 (10 companies) -> data/history/acquisition_likelihood_history.csv (1 distinct days tracked so far)
2026-07-24 05:55:00,329 [INFO] __main__: === Pipeline completed successfully ===
2026-07-24 05:55:00,329 [INFO] __main__:   ingestion: {'total': 201, 'ok': 200}
2026-07-24 05:55:00,329 [INFO] __main__:   cleaning: {'retained': 192, 'input': 201}
2026-07-24 05:55:00,329 [INFO] __main__:   scoring: {'ranked': 192}
2026-07-24 05:55:00,329 [INFO] __main__:   comps_dupont: {'companies': 10}
2026-07-24 05:55:00,329 [INFO] __main__:   explainability: {'companies': 10}
2026-07-24 05:55:00,329 [INFO] __main__:   baseline_comparison: {'correlation': np.float64(0.45058391883460386), 'overlap_pct': 0.2}
2026-07-24 05:55:00,329 [INFO] __main__:   acquisition_likelihood: {'companies': 10}
2026-07-24 05:55:00,329 [INFO] __main__:   history_tracker: {'recorded': True}
