2026-07-18 05:26:08,669 [INFO] __main__: Logging to file: logs/pipeline_run_2026-07-18T05-26-08Z.log
2026-07-18 05:26:08,669 [INFO] __main__: === Stage 1/8: Ingestion ===
2026-07-18 05:26:08,703 [INFO] src.ingestion: [ACC.NS] fetching fresh data
2026-07-18 05:26:10,233 [INFO] src.ingestion: [AMBUJACEM.NS] fetching fresh data
2026-07-18 05:26:11,228 [INFO] src.ingestion: [ULTRACEMCO.NS] fetching fresh data
2026-07-18 05:26:12,216 [INFO] src.ingestion: [SHREECEM.NS] fetching fresh data
2026-07-18 05:26:13,199 [INFO] src.ingestion: [JKCEMENT.NS] fetching fresh data
2026-07-18 05:26:14,171 [INFO] src.ingestion: [RAMCOCEM.NS] fetching fresh data
2026-07-18 05:26:15,234 [INFO] src.ingestion: [HEIDELBERG.NS] fetching fresh data
2026-07-18 05:26:16,351 [INFO] src.ingestion: [DALBHARAT.NS] fetching fresh data
2026-07-18 05:26:17,376 [INFO] src.ingestion: [INFY.NS] fetching fresh data
2026-07-18 05:26:18,564 [INFO] src.ingestion: [TCS.NS] fetching fresh data
2026-07-18 05:26:19,536 [INFO] src.ingestion: [WIPRO.NS] fetching fresh data
2026-07-18 05:26:20,565 [INFO] src.ingestion: [HCLTECH.NS] fetching fresh data
2026-07-18 05:26:21,679 [INFO] src.ingestion: [TECHM.NS] fetching fresh data
2026-07-18 05:26:22,727 [INFO] src.ingestion: [LTIM.NS] fetching fresh data
2026-07-18 05:26:22,924 [ERROR] yfinance: HTTP Error 404: {"quoteSummary":{"result":null,"error":{"code":"Not Found","description":"Quote not found for symbol: LTIM.NS"}}}
2026-07-18 05:26:23,048 [WARNING] src.ingestion: [LTIM.NS] attempt 1 failed: yfinance returned an empty info payload for LTIM.NS (no exception, but no usable data — likely a transient Yahoo-side issue or an invalid/delisted symbol)
2026-07-18 05:26:25,246 [ERROR] yfinance: HTTP Error 404: {"quoteSummary":{"result":null,"error":{"code":"Not Found","description":"Quote not found for symbol: LTIM.NS"}}}
2026-07-18 05:26:25,310 [WARNING] src.ingestion: [LTIM.NS] attempt 2 failed: yfinance returned an empty info payload for LTIM.NS (no exception, but no usable data — likely a transient Yahoo-side issue or an invalid/delisted symbol)
2026-07-18 05:26:29,505 [ERROR] yfinance: HTTP Error 404: {"quoteSummary":{"result":null,"error":{"code":"Not Found","description":"Quote not found for symbol: LTIM.NS"}}}
2026-07-18 05:26:29,570 [WARNING] src.ingestion: [LTIM.NS] attempt 3 failed: yfinance returned an empty info payload for LTIM.NS (no exception, but no usable data — likely a transient Yahoo-side issue or an invalid/delisted symbol)
2026-07-18 05:26:29,971 [INFO] src.ingestion: [PERSISTENT.NS] fetching fresh data
2026-07-18 05:26:30,990 [INFO] src.ingestion: [COFORGE.NS] fetching fresh data
2026-07-18 05:26:32,046 [INFO] src.ingestion: [MPHASIS.NS] fetching fresh data
2026-07-18 05:26:33,016 [INFO] src.ingestion: [LTTS.NS] fetching fresh data
2026-07-18 05:26:34,026 [INFO] src.ingestion: [TATAELXSI.NS] fetching fresh data
2026-07-18 05:26:35,089 [INFO] src.ingestion: [CYIENT.NS] fetching fresh data
2026-07-18 05:26:36,136 [INFO] src.ingestion: [KPITTECH.NS] fetching fresh data
2026-07-18 05:26:37,106 [INFO] src.ingestion: [HDFCBANK.NS] fetching fresh data
2026-07-18 05:26:38,133 [INFO] src.ingestion: [ICICIBANK.NS] fetching fresh data
2026-07-18 05:26:39,227 [INFO] src.ingestion: [SBIN.NS] fetching fresh data
2026-07-18 05:26:40,214 [INFO] src.ingestion: [AXISBANK.NS] fetching fresh data
2026-07-18 05:26:41,201 [INFO] src.ingestion: [KOTAKBANK.NS] fetching fresh data
2026-07-18 05:26:42,214 [INFO] src.ingestion: [INDUSINDBK.NS] fetching fresh data
2026-07-18 05:26:43,220 [INFO] src.ingestion: [FEDERALBNK.NS] fetching fresh data
2026-07-18 05:26:44,209 [INFO] src.ingestion: [BANDHANBNK.NS] fetching fresh data
2026-07-18 05:26:45,216 [INFO] src.ingestion: [IDFCFIRSTB.NS] fetching fresh data
2026-07-18 05:26:46,296 [INFO] src.ingestion: [PNB.NS] fetching fresh data
2026-07-18 05:26:47,285 [INFO] src.ingestion: [BANKBARODA.NS] fetching fresh data
2026-07-18 05:26:48,342 [INFO] src.ingestion: [CANBK.NS] fetching fresh data
2026-07-18 05:26:49,290 [INFO] src.ingestion: [UNIONBANK.NS] fetching fresh data
2026-07-18 05:26:50,254 [INFO] src.ingestion: [AUBANK.NS] fetching fresh data
2026-07-18 05:26:51,205 [INFO] src.ingestion: [RBLBANK.NS] fetching fresh data
2026-07-18 05:26:52,269 [INFO] src.ingestion: [BANKINDIA.NS] fetching fresh data
2026-07-18 05:26:53,190 [INFO] src.ingestion: [CENTRALBK.NS] fetching fresh data
2026-07-18 05:26:54,269 [INFO] src.ingestion: [IOB.NS] fetching fresh data
2026-07-18 05:26:55,252 [INFO] src.ingestion: [UCOBANK.NS] fetching fresh data
2026-07-18 05:26:56,186 [INFO] src.ingestion: [BAJFINANCE.NS] fetching fresh data
2026-07-18 05:26:57,149 [INFO] src.ingestion: [BAJAJFINSV.NS] fetching fresh data
2026-07-18 05:26:58,171 [INFO] src.ingestion: [CHOLAFIN.NS] fetching fresh data
2026-07-18 05:26:59,106 [INFO] src.ingestion: [MUTHOOTFIN.NS] fetching fresh data
2026-07-18 05:27:00,052 [INFO] src.ingestion: [LICHSGFIN.NS] fetching fresh data
2026-07-18 05:27:01,021 [INFO] src.ingestion: [SHRIRAMFIN.NS] fetching fresh data
2026-07-18 05:27:01,933 [INFO] src.ingestion: [PFC.NS] fetching fresh data
2026-07-18 05:27:02,895 [INFO] src.ingestion: [RECLTD.NS] fetching fresh data
2026-07-18 05:27:03,904 [INFO] src.ingestion: [IRFC.NS] fetching fresh data
2026-07-18 05:27:04,922 [INFO] src.ingestion: [HUDCO.NS] fetching fresh data
2026-07-18 05:27:05,880 [INFO] src.ingestion: [BAJAJHLDNG.NS] fetching fresh data
2026-07-18 05:27:06,800 [INFO] src.ingestion: [SBICARD.NS] fetching fresh data
2026-07-18 05:27:07,745 [INFO] src.ingestion: [MANAPPURAM.NS] fetching fresh data
2026-07-18 05:27:08,876 [INFO] src.ingestion: [POONAWALLA.NS] fetching fresh data
2026-07-18 05:27:09,882 [INFO] src.ingestion: [HDFCLIFE.NS] fetching fresh data
2026-07-18 05:27:10,877 [INFO] src.ingestion: [SBILIFE.NS] fetching fresh data
2026-07-18 05:27:11,880 [INFO] src.ingestion: [ICICIPRULI.NS] fetching fresh data
2026-07-18 05:27:12,915 [INFO] src.ingestion: [ICICIGI.NS] fetching fresh data
2026-07-18 05:27:13,977 [INFO] src.ingestion: [LICI.NS] fetching fresh data
2026-07-18 05:27:14,973 [INFO] src.ingestion: [GICRE.NS] fetching fresh data
2026-07-18 05:27:15,974 [INFO] src.ingestion: [MARUTI.NS] fetching fresh data
2026-07-18 05:27:17,001 [INFO] src.ingestion: [TMPV.NS] fetching fresh data
2026-07-18 05:27:18,031 [INFO] src.ingestion: [TMCV.NS] fetching fresh data
2026-07-18 05:27:19,042 [INFO] src.ingestion: [M&M.NS] fetching fresh data
2026-07-18 05:27:20,121 [INFO] src.ingestion: [EICHERMOT.NS] fetching fresh data
2026-07-18 05:27:21,101 [INFO] src.ingestion: [HEROMOTOCO.NS] fetching fresh data
2026-07-18 05:27:22,126 [INFO] src.ingestion: [BAJAJ-AUTO.NS] fetching fresh data
2026-07-18 05:27:23,138 [INFO] src.ingestion: [TVSMOTOR.NS] fetching fresh data
2026-07-18 05:27:24,189 [INFO] src.ingestion: [ASHOKLEY.NS] fetching fresh data
2026-07-18 05:27:25,280 [INFO] src.ingestion: [BHARATFORG.NS] fetching fresh data
2026-07-18 05:27:26,424 [INFO] src.ingestion: [MOTHERSON.NS] fetching fresh data
2026-07-18 05:27:27,446 [INFO] src.ingestion: [BOSCHLTD.NS] fetching fresh data
2026-07-18 05:27:28,453 [INFO] src.ingestion: [MRF.NS] fetching fresh data
2026-07-18 05:27:29,470 [INFO] src.ingestion: [ENDURANCE.NS] fetching fresh data
2026-07-18 05:27:30,485 [INFO] src.ingestion: [EXIDEIND.NS] fetching fresh data
2026-07-18 05:27:31,461 [INFO] src.ingestion: [ARE&M.NS] fetching fresh data
2026-07-18 05:27:32,468 [INFO] src.ingestion: [SUNDRMFAST.NS] fetching fresh data
2026-07-18 05:27:33,535 [INFO] src.ingestion: [UNOMINDA.NS] fetching fresh data
2026-07-18 05:27:34,518 [INFO] src.ingestion: [SUNPHARMA.NS] fetching fresh data
2026-07-18 05:27:35,539 [INFO] src.ingestion: [DRREDDY.NS] fetching fresh data
2026-07-18 05:27:36,597 [INFO] src.ingestion: [CIPLA.NS] fetching fresh data
2026-07-18 05:27:37,670 [INFO] src.ingestion: [DIVISLAB.NS] fetching fresh data
2026-07-18 05:27:38,715 [INFO] src.ingestion: [LUPIN.NS] fetching fresh data
2026-07-18 05:27:39,786 [INFO] src.ingestion: [AUROPHARMA.NS] fetching fresh data
2026-07-18 05:27:40,966 [INFO] src.ingestion: [BIOCON.NS] fetching fresh data
2026-07-18 05:27:41,986 [INFO] src.ingestion: [TORNTPHARM.NS] fetching fresh data
2026-07-18 05:27:43,080 [INFO] src.ingestion: [ALKEM.NS] fetching fresh data
2026-07-18 05:27:44,158 [INFO] src.ingestion: [ABBOTINDIA.NS] fetching fresh data
2026-07-18 05:27:45,151 [INFO] src.ingestion: [APOLLOHOSP.NS] fetching fresh data
2026-07-18 05:27:46,187 [INFO] src.ingestion: [FORTIS.NS] fetching fresh data
2026-07-18 05:27:47,287 [INFO] src.ingestion: [LALPATHLAB.NS] fetching fresh data
2026-07-18 05:27:48,269 [INFO] src.ingestion: [METROPOLIS.NS] fetching fresh data
2026-07-18 05:27:49,320 [INFO] src.ingestion: [GLAND.NS] fetching fresh data
2026-07-18 05:27:50,386 [INFO] src.ingestion: [LAURUSLABS.NS] fetching fresh data
2026-07-18 05:27:51,409 [INFO] src.ingestion: [GLENMARK.NS] fetching fresh data
2026-07-18 05:27:52,435 [INFO] src.ingestion: [IPCALAB.NS] fetching fresh data
2026-07-18 05:27:53,507 [INFO] src.ingestion: [HINDUNILVR.NS] fetching fresh data
2026-07-18 05:27:54,583 [INFO] src.ingestion: [ITC.NS] fetching fresh data
2026-07-18 05:27:55,616 [INFO] src.ingestion: [NESTLEIND.NS] fetching fresh data
2026-07-18 05:27:56,608 [INFO] src.ingestion: [BRITANNIA.NS] fetching fresh data
2026-07-18 05:27:57,674 [INFO] src.ingestion: [DABUR.NS] fetching fresh data
2026-07-18 05:27:58,661 [INFO] src.ingestion: [GODREJCP.NS] fetching fresh data
2026-07-18 05:27:59,774 [INFO] src.ingestion: [MARICO.NS] fetching fresh data
2026-07-18 05:28:00,820 [INFO] src.ingestion: [COLPAL.NS] fetching fresh data
2026-07-18 05:28:01,784 [INFO] src.ingestion: [TATACONSUM.NS] fetching fresh data
2026-07-18 05:28:02,834 [INFO] src.ingestion: [VBL.NS] fetching fresh data
2026-07-18 05:28:03,944 [INFO] src.ingestion: [UNITDSPR.NS] fetching fresh data
2026-07-18 05:28:04,966 [INFO] src.ingestion: [EMAMILTD.NS] fetching fresh data
2026-07-18 05:28:05,983 [INFO] src.ingestion: [TATASTEEL.NS] fetching fresh data
2026-07-18 05:28:07,117 [INFO] src.ingestion: [JSWSTEEL.NS] fetching fresh data
2026-07-18 05:28:08,126 [INFO] src.ingestion: [HINDALCO.NS] fetching fresh data
2026-07-18 05:28:09,144 [INFO] src.ingestion: [VEDL.NS] fetching fresh data
2026-07-18 05:28:10,282 [INFO] src.ingestion: [COALINDIA.NS] fetching fresh data
2026-07-18 05:28:11,269 [INFO] src.ingestion: [NMDC.NS] fetching fresh data
2026-07-18 05:28:12,281 [INFO] src.ingestion: [SAIL.NS] fetching fresh data
2026-07-18 05:28:13,283 [INFO] src.ingestion: [JINDALSTEL.NS] fetching fresh data
2026-07-18 05:28:14,278 [INFO] src.ingestion: [APLAPOLLO.NS] fetching fresh data
2026-07-18 05:28:15,304 [INFO] src.ingestion: [NATIONALUM.NS] fetching fresh data
2026-07-18 05:28:16,280 [INFO] src.ingestion: [HINDCOPPER.NS] fetching fresh data
2026-07-18 05:28:17,353 [INFO] src.ingestion: [RATNAMANI.NS] fetching fresh data
2026-07-18 05:28:18,418 [INFO] src.ingestion: [HINDZINC.NS] fetching fresh data
2026-07-18 05:28:19,383 [INFO] src.ingestion: [WELCORP.NS] fetching fresh data
2026-07-18 05:28:20,433 [INFO] src.ingestion: [JSL.NS] fetching fresh data
2026-07-18 05:28:21,403 [INFO] src.ingestion: [RELIANCE.NS] fetching fresh data
2026-07-18 05:28:22,427 [INFO] src.ingestion: [ONGC.NS] fetching fresh data
2026-07-18 05:28:23,442 [INFO] src.ingestion: [BPCL.NS] fetching fresh data
2026-07-18 05:28:24,538 [INFO] src.ingestion: [IOC.NS] fetching fresh data
2026-07-18 05:28:25,565 [INFO] src.ingestion: [GAIL.NS] fetching fresh data
2026-07-18 05:28:26,595 [INFO] src.ingestion: [NTPC.NS] fetching fresh data
2026-07-18 05:28:27,601 [INFO] src.ingestion: [POWERGRID.NS] fetching fresh data
2026-07-18 05:28:28,674 [INFO] src.ingestion: [TATAPOWER.NS] fetching fresh data
2026-07-18 05:28:29,661 [INFO] src.ingestion: [ADANIGREEN.NS] fetching fresh data
2026-07-18 05:28:30,697 [INFO] src.ingestion: [ADANIPOWER.NS] fetching fresh data
2026-07-18 05:28:31,727 [INFO] src.ingestion: [TORNTPOWER.NS] fetching fresh data
2026-07-18 05:28:32,760 [INFO] src.ingestion: [LT.NS] fetching fresh data
2026-07-18 05:28:33,759 [INFO] src.ingestion: [SIEMENS.NS] fetching fresh data
2026-07-18 05:28:34,889 [INFO] src.ingestion: [ABB.NS] fetching fresh data
2026-07-18 05:28:35,877 [INFO] src.ingestion: [HAL.NS] fetching fresh data
2026-07-18 05:28:36,845 [INFO] src.ingestion: [BEL.NS] fetching fresh data
2026-07-18 05:28:37,911 [INFO] src.ingestion: [BHEL.NS] fetching fresh data
2026-07-18 05:28:38,908 [INFO] src.ingestion: [CUMMINSIND.NS] fetching fresh data
2026-07-18 05:28:39,921 [INFO] src.ingestion: [THERMAX.NS] fetching fresh data
2026-07-18 05:28:41,022 [INFO] src.ingestion: [POLYCAB.NS] fetching fresh data
2026-07-18 05:28:41,990 [INFO] src.ingestion: [KEI.NS] fetching fresh data
2026-07-18 05:28:42,964 [INFO] src.ingestion: [HAVELLS.NS] fetching fresh data
2026-07-18 05:28:43,979 [INFO] src.ingestion: [CROMPTON.NS] fetching fresh data
2026-07-18 05:28:44,980 [INFO] src.ingestion: [SUPREMEIND.NS] fetching fresh data
2026-07-18 05:28:46,020 [INFO] src.ingestion: [ASTRAL.NS] fetching fresh data
2026-07-18 05:28:47,150 [INFO] src.ingestion: [GRINDWELL.NS] fetching fresh data
2026-07-18 05:28:48,240 [INFO] src.ingestion: [CARBORUNIV.NS] fetching fresh data
2026-07-18 05:28:49,284 [INFO] src.ingestion: [TIMKEN.NS] fetching fresh data
2026-07-18 05:28:50,320 [INFO] src.ingestion: [SKFINDIA.NS] fetching fresh data
2026-07-18 05:28:51,299 [INFO] src.ingestion: [SRF.NS] fetching fresh data
2026-07-18 05:28:52,351 [INFO] src.ingestion: [PIIND.NS] fetching fresh data
2026-07-18 05:28:53,622 [INFO] src.ingestion: [DEEPAKNTR.NS] fetching fresh data
2026-07-18 05:28:54,706 [INFO] src.ingestion: [AARTIIND.NS] fetching fresh data
2026-07-18 05:28:55,728 [INFO] src.ingestion: [NAVINFLUOR.NS] fetching fresh data
2026-07-18 05:28:56,710 [INFO] src.ingestion: [UPL.NS] fetching fresh data
2026-07-18 05:28:57,901 [INFO] src.ingestion: [COROMANDEL.NS] fetching fresh data
2026-07-18 05:28:58,902 [INFO] src.ingestion: [CHAMBLFERT.NS] fetching fresh data
2026-07-18 05:28:59,927 [INFO] src.ingestion: [GNFC.NS] fetching fresh data
2026-07-18 05:29:01,017 [INFO] src.ingestion: [PIDILITIND.NS] fetching fresh data
2026-07-18 05:29:02,118 [INFO] src.ingestion: [TATACHEM.NS] fetching fresh data
2026-07-18 05:29:03,119 [INFO] src.ingestion: [GHCL.NS] fetching fresh data
2026-07-18 05:29:04,141 [INFO] src.ingestion: [TITAN.NS] fetching fresh data
2026-07-18 05:29:05,194 [INFO] src.ingestion: [DMART.NS] fetching fresh data
2026-07-18 05:29:06,254 [INFO] src.ingestion: [TRENT.NS] fetching fresh data
2026-07-18 05:29:07,246 [INFO] src.ingestion: [BATAINDIA.NS] fetching fresh data
2026-07-18 05:29:08,216 [INFO] src.ingestion: [PAGEIND.NS] fetching fresh data
2026-07-18 05:29:09,234 [INFO] src.ingestion: [JUBLFOOD.NS] fetching fresh data
2026-07-18 05:29:10,278 [INFO] src.ingestion: [VOLTAS.NS] fetching fresh data
2026-07-18 05:29:11,295 [INFO] src.ingestion: [DIXON.NS] fetching fresh data
2026-07-18 05:29:12,315 [INFO] src.ingestion: [RELAXO.NS] fetching fresh data
2026-07-18 05:29:13,330 [INFO] src.ingestion: [KAJARIACER.NS] fetching fresh data
2026-07-18 05:29:14,354 [INFO] src.ingestion: [WHIRLPOOL.NS] fetching fresh data
2026-07-18 05:29:15,437 [INFO] src.ingestion: [BLUESTARCO.NS] fetching fresh data
2026-07-18 05:29:16,474 [INFO] src.ingestion: [PGHH.NS] fetching fresh data
2026-07-18 05:29:17,464 [INFO] src.ingestion: [GILLETTE.NS] fetching fresh data
2026-07-18 05:29:18,446 [INFO] src.ingestion: [BHARTIARTL.NS] fetching fresh data
2026-07-18 05:29:19,445 [INFO] src.ingestion: [IDEA.NS] fetching fresh data
2026-07-18 05:29:20,444 [INFO] src.ingestion: [INDUSTOWER.NS] fetching fresh data
2026-07-18 05:29:21,463 [INFO] src.ingestion: [PVRINOX.NS] fetching fresh data
2026-07-18 05:29:22,550 [INFO] src.ingestion: [ZEEL.NS] fetching fresh data
2026-07-18 05:29:23,781 [INFO] src.ingestion: [ADANIPORTS.NS] fetching fresh data
2026-07-18 05:29:24,860 [INFO] src.ingestion: [ADANIENT.NS] fetching fresh data
2026-07-18 05:29:25,889 [INFO] src.ingestion: [GMRAIRPORT.NS] fetching fresh data
2026-07-18 05:29:26,972 [INFO] src.ingestion: [CONCOR.NS] fetching fresh data
2026-07-18 05:29:27,965 [INFO] src.ingestion: [IRCTC.NS] fetching fresh data
2026-07-18 05:29:28,963 [INFO] src.ingestion: [INDIGO.NS] fetching fresh data
2026-07-18 05:29:29,978 [INFO] src.ingestion: [RVNL.NS] fetching fresh data
2026-07-18 05:29:30,938 [INFO] src.ingestion: [IRCON.NS] fetching fresh data
2026-07-18 05:29:31,995 [INFO] src.ingestion: [NBCC.NS] fetching fresh data
2026-07-18 05:29:32,977 [INFO] src.ingestion: [NCC.NS] fetching fresh data
2026-07-18 05:29:34,094 [INFO] src.ingestion: [MAZDOCK.NS] fetching fresh data
2026-07-18 05:29:35,144 [INFO] src.ingestion: [COCHINSHIP.NS] fetching fresh data
2026-07-18 05:29:36,201 [INFO] src.ingestion: [DLF.NS] fetching fresh data
2026-07-18 05:29:37,211 [INFO] src.ingestion: [GODREJPROP.NS] fetching fresh data
2026-07-18 05:29:38,310 [INFO] src.ingestion: [OBEROIRLTY.NS] fetching fresh data
2026-07-18 05:29:39,332 [INFO] src.ingestion: [PRESTIGE.NS] fetching fresh data
2026-07-18 05:29:40,358 [INFO] src.ingestion: [PHOENIXLTD.NS] fetching fresh data
2026-07-18 05:29:41,422 [INFO] src.ingestion: [SOBHA.NS] fetching fresh data
2026-07-18 05:29:42,448 [INFO] src.ingestion: Fetched 200/201 tickers successfully
2026-07-18 05:29:42,448 [WARNING] src.ingestion: Failed tickers (excluded from downstream, not silently zeroed): ['LTIM.NS']
2026-07-18 05:29:42,448 [INFO] __main__: Ingestion validation passed: 200/201 tickers (100%)
2026-07-18 05:29:42,448 [INFO] __main__: === Stage 2/8: Cleaning ===
2026-07-18 05:29:42,457 [WARNING] src.cleaning: [CROMPTON.NS] EXCLUDED: missing critical fields: ['trailing_pe']
2026-07-18 05:29:42,457 [WARNING] src.cleaning: [INDIGO.NS] EXCLUDED: missing critical fields: ['trailing_pe']
2026-07-18 05:29:42,457 [WARNING] src.cleaning: [LTIM.NS] EXCLUDED: ingestion failed: yfinance returned an empty info payload for LTIM.NS (no exception, but no usable data — likely a transient Yahoo-side issue or an invalid/delisted symbol)
2026-07-18 05:29:42,457 [WARNING] src.cleaning: [TATACHEM.NS] EXCLUDED: missing critical fields: ['trailing_pe']
2026-07-18 05:29:42,458 [WARNING] src.cleaning: [TMPV.NS] EXCLUDED: missing critical fields: ['trailing_pe']
2026-07-18 05:29:42,458 [INFO] src.cleaning: [ABB.NS] non-critical missing fields: ['return_on_equity']
2026-07-18 05:29:42,458 [INFO] src.cleaning: [AUBANK.NS] non-critical missing fields: ['ev_to_ebitda', 'return_on_equity', 'debt_to_equity']
2026-07-18 05:29:42,458 [INFO] src.cleaning: [AXISBANK.NS] non-critical missing fields: ['ev_to_ebitda', 'debt_to_equity']
2026-07-18 05:29:42,458 [WARNING] src.cleaning: [BAJAJHLDNG.NS] outlier values flagged: ['net_margin']
2026-07-18 05:29:42,458 [INFO] src.cleaning: [BAJFINANCE.NS] non-critical missing fields: ['ev_to_ebitda']
2026-07-18 05:29:42,458 [INFO] src.cleaning: [BANDHANBNK.NS] non-critical missing fields: ['ev_to_ebitda', 'debt_to_equity']
2026-07-18 05:29:42,458 [INFO] src.cleaning: [BANKBARODA.NS] non-critical missing fields: ['ev_to_ebitda', 'debt_to_equity']
2026-07-18 05:29:42,458 [INFO] src.cleaning: [BANKINDIA.NS] non-critical missing fields: ['ev_to_ebitda', 'debt_to_equity']
2026-07-18 05:29:42,458 [INFO] src.cleaning: [BHEL.NS] non-critical missing fields: ['return_on_equity']
2026-07-18 05:29:42,458 [INFO] src.cleaning: [CANBK.NS] non-critical missing fields: ['ev_to_ebitda', 'debt_to_equity']
2026-07-18 05:29:42,458 [INFO] src.cleaning: [CENTRALBK.NS] non-critical missing fields: ['ev_to_ebitda', 'debt_to_equity']
2026-07-18 05:29:42,458 [INFO] src.cleaning: [CHOLAFIN.NS] non-critical missing fields: ['ev_to_ebitda']
2026-07-18 05:29:42,458 [INFO] src.cleaning: [DMART.NS] non-critical missing fields: ['return_on_equity']
2026-07-18 05:29:42,458 [INFO] src.cleaning: [FEDERALBNK.NS] non-critical missing fields: ['ev_to_ebitda', 'debt_to_equity']
2026-07-18 05:29:42,458 [INFO] src.cleaning: [GICRE.NS] non-critical missing fields: ['debt_to_equity']
2026-07-18 05:29:42,458 [WARNING] src.cleaning: [GMRAIRPORT.NS] outlier values flagged: ['trailing_pe']
2026-07-18 05:29:42,458 [WARNING] src.cleaning: [GMRAIRPORT.NS] negative/zero equity — DuPont ROE math will be invalid downstream
2026-07-18 05:29:42,459 [INFO] src.cleaning: [GMRAIRPORT.NS] non-critical missing fields: ['return_on_equity', 'debt_to_equity']
2026-07-18 05:29:42,459 [WARNING] src.cleaning: [HCLTECH.NS] outlier values flagged: ['ev_to_ebitda']
2026-07-18 05:29:42,459 [INFO] src.cleaning: [HDFCBANK.NS] non-critical missing fields: ['ev_to_ebitda', 'debt_to_equity']
2026-07-18 05:29:42,459 [INFO] src.cleaning: [HUDCO.NS] non-critical missing fields: ['ev_to_ebitda']
2026-07-18 05:29:42,459 [INFO] src.cleaning: [ICICIBANK.NS] non-critical missing fields: ['ev_to_ebitda', 'debt_to_equity']
2026-07-18 05:29:42,459 [INFO] src.cleaning: [ICICIGI.NS] non-critical missing fields: ['debt_to_equity']
2026-07-18 05:29:42,459 [WARNING] src.cleaning: [IDEA.NS] negative/zero equity — DuPont ROE math will be invalid downstream
2026-07-18 05:29:42,459 [INFO] src.cleaning: [IDEA.NS] non-critical missing fields: ['return_on_equity', 'debt_to_equity']
2026-07-18 05:29:42,459 [INFO] src.cleaning: [IDFCFIRSTB.NS] non-critical missing fields: ['ev_to_ebitda', 'return_on_equity', 'debt_to_equity', 'total_debt']
2026-07-18 05:29:42,459 [INFO] src.cleaning: [INDUSINDBK.NS] non-critical missing fields: ['ev_to_ebitda', 'debt_to_equity']
2026-07-18 05:29:42,459 [WARNING] src.cleaning: [INFY.NS] outlier values flagged: ['ev_to_ebitda']
2026-07-18 05:29:42,459 [INFO] src.cleaning: [IOB.NS] non-critical missing fields: ['ev_to_ebitda', 'debt_to_equity']
2026-07-18 05:29:42,459 [INFO] src.cleaning: [IRFC.NS] non-critical missing fields: ['ev_to_ebitda']
2026-07-18 05:29:42,459 [INFO] src.cleaning: [KOTAKBANK.NS] non-critical missing fields: ['ev_to_ebitda', 'debt_to_equity']
2026-07-18 05:29:42,459 [INFO] src.cleaning: [LICHSGFIN.NS] non-critical missing fields: ['ev_to_ebitda']
2026-07-18 05:29:42,459 [INFO] src.cleaning: [LICI.NS] non-critical missing fields: ['debt_to_equity']
2026-07-18 05:29:42,459 [INFO] src.cleaning: [LTTS.NS] non-critical missing fields: ['return_on_equity']
2026-07-18 05:29:42,459 [INFO] src.cleaning: [MANAPPURAM.NS] non-critical missing fields: ['ev_to_ebitda']
2026-07-18 05:29:42,459 [INFO] src.cleaning: [MUTHOOTFIN.NS] non-critical missing fields: ['ev_to_ebitda']
2026-07-18 05:29:42,459 [INFO] src.cleaning: [PFC.NS] non-critical missing fields: ['ev_to_ebitda']
2026-07-18 05:29:42,459 [INFO] src.cleaning: [PNB.NS] non-critical missing fields: ['ev_to_ebitda', 'debt_to_equity']
2026-07-18 05:29:42,459 [INFO] src.cleaning: [POLYCAB.NS] non-critical missing fields: ['return_on_equity']
2026-07-18 05:29:42,459 [INFO] src.cleaning: [POONAWALLA.NS] non-critical missing fields: ['ev_to_ebitda']
2026-07-18 05:29:42,459 [INFO] src.cleaning: [RBLBANK.NS] non-critical missing fields: ['ev_to_ebitda', 'return_on_equity', 'debt_to_equity']
2026-07-18 05:29:42,460 [INFO] src.cleaning: [RECLTD.NS] non-critical missing fields: ['ev_to_ebitda']
2026-07-18 05:29:42,460 [INFO] src.cleaning: [SBICARD.NS] non-critical missing fields: ['ev_to_ebitda']
2026-07-18 05:29:42,460 [INFO] src.cleaning: [SBILIFE.NS] non-critical missing fields: ['debt_to_equity']
2026-07-18 05:29:42,460 [INFO] src.cleaning: [SBIN.NS] non-critical missing fields: ['ev_to_ebitda', 'debt_to_equity']
2026-07-18 05:29:42,460 [INFO] src.cleaning: [SHREECEM.NS] non-critical missing fields: ['return_on_equity']
2026-07-18 05:29:42,460 [INFO] src.cleaning: [SHRIRAMFIN.NS] non-critical missing fields: ['ev_to_ebitda']
2026-07-18 05:29:42,460 [INFO] src.cleaning: [SIEMENS.NS] non-critical missing fields: ['return_on_equity']
2026-07-18 05:29:42,460 [INFO] src.cleaning: [TATAELXSI.NS] non-critical missing fields: ['return_on_equity']
2026-07-18 05:29:42,460 [INFO] src.cleaning: [TECHM.NS] non-critical missing fields: ['return_on_equity']
2026-07-18 05:29:42,460 [INFO] src.cleaning: [UCOBANK.NS] non-critical missing fields: ['ev_to_ebitda', 'debt_to_equity']
2026-07-18 05:29:42,460 [INFO] src.cleaning: [UNIONBANK.NS] non-critical missing fields: ['ev_to_ebitda', 'debt_to_equity', 'revenue_growth', 'total_debt']
2026-07-18 05:29:42,460 [INFO] src.cleaning: [VBL.NS] non-critical missing fields: ['return_on_equity']
2026-07-18 05:29:42,469 [INFO] src.cleaning: Cleaned 196/201 tickers -> data/processed/cleaned_universe.csv
2026-07-18 05:29:42,469 [INFO] src.cleaning: Full flag audit trail -> data/processed/cleaning_flags.csv
2026-07-18 05:29:42,469 [INFO] __main__: Cleaning validation passed: 196/201 tickers retained (98%)
2026-07-18 05:29:42,469 [INFO] __main__: === Stage 3/8: Scoring ===
2026-07-18 05:29:42,527 [INFO] src.scoring: Scored 196 companies -> data/processed/scored_universe.csv
2026-07-18 05:29:42,527 [INFO] src.scoring: Top 10 shortlist -> data/processed/shortlist_top_n.csv
2026-07-18 05:29:42,528 [WARNING] src.scoring: 25 companies scored on fewer than all 4 buckets (reweighted, not zero-filled) — see 'buckets_used' column: ['UNIONBANK.NS', 'LICI.NS', 'CANBK.NS', 'BANKINDIA.NS', 'PNB.NS', 'ICICIGI.NS', 'IDEA.NS', 'IOB.NS', 'GICRE.NS', 'ICICIBANK.NS', 'BANKBARODA.NS', 'SBIN.NS', 'AXISBANK.NS', 'FEDERALBNK.NS', 'CENTRALBK.NS', 'HDFCBANK.NS', 'IDFCFIRSTB.NS', 'GMRAIRPORT.NS', 'UCOBANK.NS', 'BANDHANBNK.NS', 'RBLBANK.NS', 'AUBANK.NS', 'KOTAKBANK.NS', 'INDUSINDBK.NS', 'SBILIFE.NS']
2026-07-18 05:29:42,530 [INFO] __main__: Scoring validation passed: 196 companies ranked, all scores in valid range
2026-07-18 05:29:42,530 [INFO] __main__: === Stage 4/8: Comps + DuPont ===
2026-07-18 05:29:42,541 [INFO] src.comps_dupont: Comps + DuPont report for top 10 -> data/processed/comps_dupont_report.csv
2026-07-18 05:29:42,541 [WARNING] src.comps_dupont: 1 companies have a DuPont-implied ROE that diverges >5pp from reported ROE (possible data inconsistency, worth a manual check): ['LICI.NS']
2026-07-18 05:29:42,542 [INFO] __main__: === Stage 5/8: Explainability ===
2026-07-18 05:29:42,577 [INFO] src.explainability: Explanations for top 10 companies -> data/processed/explanations.csv
2026-07-18 05:29:42,577 [INFO] __main__: === Stage 6/8: Baseline Comparison ===
2026-07-18 05:29:42,584 [INFO] src.baseline_comparison: Baseline comparison -> data/processed/baseline_comparison.csv
2026-07-18 05:29:42,584 [INFO] __main__: === Stage 7/8: Acquisition Likelihood ===
2026-07-18 05:29:42,587 [INFO] src.acquisition_likelihood: 2 companies excluded from acquisition-likelihood scoring (negative/zero equity — financial distress, not a value-target thesis): ['IDEA.NS', 'GMRAIRPORT.NS']
2026-07-18 05:29:42,597 [INFO] src.acquisition_likelihood: Acquisition likelihood scoring -> data/processed/acquisition_likelihood.csv
2026-07-18 05:29:42,598 [INFO] __main__: === Stage 8/8: Historical Snapshot ===
2026-07-18 05:29:42,602 [INFO] src.history_tracker: Recorded shortlist snapshot for 2026-07-18 (10 companies) -> data/history/shortlist_history.csv (1 distinct days tracked so far)
2026-07-18 05:29:42,606 [INFO] src.history_tracker: Recorded acquisition-likelihood snapshot for 2026-07-18 (10 companies) -> data/history/acquisition_likelihood_history.csv (1 distinct days tracked so far)
2026-07-18 05:29:42,606 [INFO] __main__: === Pipeline completed successfully ===
2026-07-18 05:29:42,606 [INFO] __main__:   ingestion: {'total': 201, 'ok': 200}
2026-07-18 05:29:42,606 [INFO] __main__:   cleaning: {'retained': 196, 'input': 201}
2026-07-18 05:29:42,606 [INFO] __main__:   scoring: {'ranked': 196}
2026-07-18 05:29:42,606 [INFO] __main__:   comps_dupont: {'companies': 10}
2026-07-18 05:29:42,606 [INFO] __main__:   explainability: {'companies': 10}
2026-07-18 05:29:42,606 [INFO] __main__:   baseline_comparison: {'correlation': np.float64(0.4639593908629442), 'overlap_pct': 0.1}
2026-07-18 05:29:42,606 [INFO] __main__:   acquisition_likelihood: {'companies': 10}
2026-07-18 05:29:42,606 [INFO] __main__:   history_tracker: {'recorded': True}
