2026-09-19 07:50:10,746 [INFO] __main__: Logging to file: logs/pipeline_run_2026-09-19T07-50-10Z.log
2026-09-19 07:50:10,746 [INFO] __main__: === Stage 1/8: Ingestion ===
2026-09-19 07:50:10,778 [INFO] src.ingestion: [ACC.NS] fetching fresh data
2026-09-19 07:50:11,996 [INFO] src.ingestion: [AMBUJACEM.NS] fetching fresh data
2026-09-19 07:50:12,975 [INFO] src.ingestion: [ULTRACEMCO.NS] fetching fresh data
2026-09-19 07:50:13,839 [INFO] src.ingestion: [SHREECEM.NS] fetching fresh data
2026-09-19 07:50:14,887 [INFO] src.ingestion: [JKCEMENT.NS] fetching fresh data
2026-09-19 07:50:15,743 [INFO] src.ingestion: [RAMCOCEM.NS] fetching fresh data
2026-09-19 07:50:16,659 [INFO] src.ingestion: [HEIDELBERG.NS] fetching fresh data
2026-09-19 07:50:17,530 [INFO] src.ingestion: [DALBHARAT.NS] fetching fresh data
2026-09-19 07:50:18,511 [INFO] src.ingestion: [INFY.NS] fetching fresh data
2026-09-19 07:50:19,401 [INFO] src.ingestion: [TCS.NS] fetching fresh data
2026-09-19 07:50:20,221 [INFO] src.ingestion: [WIPRO.NS] fetching fresh data
2026-09-19 07:50:21,190 [INFO] src.ingestion: [HCLTECH.NS] fetching fresh data
2026-09-19 07:50:22,091 [INFO] src.ingestion: [TECHM.NS] fetching fresh data
2026-09-19 07:50:23,069 [INFO] src.ingestion: [LTIM.NS] fetching fresh data
2026-09-19 07:50:23,237 [ERROR] yfinance: HTTP Error 404: {"quoteSummary":{"result":null,"error":{"code":"Not Found","description":"Quote not found for symbol: LTIM.NS"}}}
2026-09-19 07:50:23,353 [WARNING] src.ingestion: [LTIM.NS] attempt 1 failed: yfinance returned an empty info payload for LTIM.NS (no exception, but no usable data — likely a transient Yahoo-side issue or an invalid/delisted symbol)
2026-09-19 07:50:25,504 [ERROR] yfinance: HTTP Error 404: {"quoteSummary":{"result":null,"error":{"code":"Not Found","description":"Quote not found for symbol: LTIM.NS"}}}
2026-09-19 07:50:25,588 [WARNING] src.ingestion: [LTIM.NS] attempt 2 failed: yfinance returned an empty info payload for LTIM.NS (no exception, but no usable data — likely a transient Yahoo-side issue or an invalid/delisted symbol)
2026-09-19 07:50:29,747 [ERROR] yfinance: HTTP Error 404: {"quoteSummary":{"result":null,"error":{"code":"Not Found","description":"Quote not found for symbol: LTIM.NS"}}}
2026-09-19 07:50:29,804 [WARNING] src.ingestion: [LTIM.NS] attempt 3 failed: yfinance returned an empty info payload for LTIM.NS (no exception, but no usable data — likely a transient Yahoo-side issue or an invalid/delisted symbol)
2026-09-19 07:50:30,205 [INFO] src.ingestion: [PERSISTENT.NS] fetching fresh data
2026-09-19 07:50:31,052 [INFO] src.ingestion: [COFORGE.NS] fetching fresh data
2026-09-19 07:50:32,012 [INFO] src.ingestion: [MPHASIS.NS] fetching fresh data
2026-09-19 07:50:32,863 [INFO] src.ingestion: [LTTS.NS] fetching fresh data
2026-09-19 07:50:33,846 [INFO] src.ingestion: [TATAELXSI.NS] fetching fresh data
2026-09-19 07:50:34,700 [INFO] src.ingestion: [CYIENT.NS] fetching fresh data
2026-09-19 07:50:35,609 [INFO] src.ingestion: [KPITTECH.NS] fetching fresh data
2026-09-19 07:50:36,554 [INFO] src.ingestion: [HDFCBANK.NS] fetching fresh data
2026-09-19 07:50:37,379 [INFO] src.ingestion: [ICICIBANK.NS] fetching fresh data
2026-09-19 07:50:38,361 [INFO] src.ingestion: [SBIN.NS] fetching fresh data
2026-09-19 07:50:39,163 [INFO] src.ingestion: [AXISBANK.NS] fetching fresh data
2026-09-19 07:50:40,092 [INFO] src.ingestion: [KOTAKBANK.NS] fetching fresh data
2026-09-19 07:50:40,999 [INFO] src.ingestion: [INDUSINDBK.NS] fetching fresh data
2026-09-19 07:50:41,982 [INFO] src.ingestion: [FEDERALBNK.NS] fetching fresh data
2026-09-19 07:50:42,900 [INFO] src.ingestion: [BANDHANBNK.NS] fetching fresh data
2026-09-19 07:50:43,910 [INFO] src.ingestion: [IDFCFIRSTB.NS] fetching fresh data
2026-09-19 07:50:44,751 [INFO] src.ingestion: [PNB.NS] fetching fresh data
2026-09-19 07:50:45,717 [INFO] src.ingestion: [BANKBARODA.NS] fetching fresh data
2026-09-19 07:50:46,606 [INFO] src.ingestion: [CANBK.NS] fetching fresh data
2026-09-19 07:50:47,448 [INFO] src.ingestion: [UNIONBANK.NS] fetching fresh data
2026-09-19 07:50:48,377 [INFO] src.ingestion: [AUBANK.NS] fetching fresh data
2026-09-19 07:50:49,165 [INFO] src.ingestion: [RBLBANK.NS] fetching fresh data
2026-09-19 07:50:50,068 [INFO] src.ingestion: [BANKINDIA.NS] fetching fresh data
2026-09-19 07:50:51,043 [INFO] src.ingestion: [CENTRALBK.NS] fetching fresh data
2026-09-19 07:50:51,983 [INFO] src.ingestion: [IOB.NS] fetching fresh data
2026-09-19 07:50:52,811 [INFO] src.ingestion: [UCOBANK.NS] fetching fresh data
2026-09-19 07:50:53,665 [INFO] src.ingestion: [BAJFINANCE.NS] fetching fresh data
2026-09-19 07:50:54,500 [INFO] src.ingestion: [BAJAJFINSV.NS] fetching fresh data
2026-09-19 07:50:55,414 [INFO] src.ingestion: [CHOLAFIN.NS] fetching fresh data
2026-09-19 07:50:56,243 [INFO] src.ingestion: [MUTHOOTFIN.NS] fetching fresh data
2026-09-19 07:50:57,068 [INFO] src.ingestion: [LICHSGFIN.NS] fetching fresh data
2026-09-19 07:50:57,879 [INFO] src.ingestion: [SHRIRAMFIN.NS] fetching fresh data
2026-09-19 07:50:58,847 [INFO] src.ingestion: [PFC.NS] fetching fresh data
2026-09-19 07:50:59,802 [INFO] src.ingestion: [RECLTD.NS] fetching fresh data
2026-09-19 07:51:00,690 [INFO] src.ingestion: [IRFC.NS] fetching fresh data
2026-09-19 07:51:01,532 [INFO] src.ingestion: [HUDCO.NS] fetching fresh data
2026-09-19 07:51:02,481 [INFO] src.ingestion: [BAJAJHLDNG.NS] fetching fresh data
2026-09-19 07:51:03,273 [INFO] src.ingestion: [SBICARD.NS] fetching fresh data
2026-09-19 07:51:04,138 [INFO] src.ingestion: [MANAPPURAM.NS] fetching fresh data
2026-09-19 07:51:05,026 [INFO] src.ingestion: [POONAWALLA.NS] fetching fresh data
2026-09-19 07:51:05,937 [INFO] src.ingestion: [HDFCLIFE.NS] fetching fresh data
2026-09-19 07:51:06,763 [INFO] src.ingestion: [SBILIFE.NS] fetching fresh data
2026-09-19 07:51:07,652 [INFO] src.ingestion: [ICICIPRULI.NS] fetching fresh data
2026-09-19 07:51:08,494 [INFO] src.ingestion: [ICICIGI.NS] fetching fresh data
2026-09-19 07:51:09,407 [INFO] src.ingestion: [LICI.NS] fetching fresh data
2026-09-19 07:51:10,390 [INFO] src.ingestion: [GICRE.NS] fetching fresh data
2026-09-19 07:51:11,250 [INFO] src.ingestion: [MARUTI.NS] fetching fresh data
2026-09-19 07:51:12,273 [INFO] src.ingestion: [TMPV.NS] fetching fresh data
2026-09-19 07:51:13,315 [INFO] src.ingestion: [TMCV.NS] fetching fresh data
2026-09-19 07:51:14,139 [INFO] src.ingestion: [M&M.NS] fetching fresh data
2026-09-19 07:51:15,106 [INFO] src.ingestion: [EICHERMOT.NS] fetching fresh data
2026-09-19 07:51:16,170 [INFO] src.ingestion: [HEROMOTOCO.NS] fetching fresh data
2026-09-19 07:51:17,076 [INFO] src.ingestion: [BAJAJ-AUTO.NS] fetching fresh data
2026-09-19 07:51:17,975 [INFO] src.ingestion: [TVSMOTOR.NS] fetching fresh data
2026-09-19 07:51:19,018 [INFO] src.ingestion: [ASHOKLEY.NS] fetching fresh data
2026-09-19 07:51:19,979 [INFO] src.ingestion: [BHARATFORG.NS] fetching fresh data
2026-09-19 07:51:20,823 [INFO] src.ingestion: [MOTHERSON.NS] fetching fresh data
2026-09-19 07:51:21,826 [INFO] src.ingestion: [BOSCHLTD.NS] fetching fresh data
2026-09-19 07:51:22,837 [INFO] src.ingestion: [MRF.NS] fetching fresh data
2026-09-19 07:51:23,810 [INFO] src.ingestion: [ENDURANCE.NS] fetching fresh data
2026-09-19 07:51:24,778 [INFO] src.ingestion: [EXIDEIND.NS] fetching fresh data
2026-09-19 07:51:25,725 [INFO] src.ingestion: [ARE&M.NS] fetching fresh data
2026-09-19 07:51:26,561 [INFO] src.ingestion: [SUNDRMFAST.NS] fetching fresh data
2026-09-19 07:51:27,549 [INFO] src.ingestion: [UNOMINDA.NS] fetching fresh data
2026-09-19 07:51:28,411 [INFO] src.ingestion: [SUNPHARMA.NS] fetching fresh data
2026-09-19 07:51:29,441 [INFO] src.ingestion: [DRREDDY.NS] fetching fresh data
2026-09-19 07:51:30,526 [INFO] src.ingestion: [CIPLA.NS] fetching fresh data
2026-09-19 07:51:31,465 [INFO] src.ingestion: [DIVISLAB.NS] fetching fresh data
2026-09-19 07:51:32,370 [INFO] src.ingestion: [LUPIN.NS] fetching fresh data
2026-09-19 07:51:33,166 [INFO] src.ingestion: [AUROPHARMA.NS] fetching fresh data
2026-09-19 07:51:34,143 [INFO] src.ingestion: [BIOCON.NS] fetching fresh data
2026-09-19 07:51:35,063 [INFO] src.ingestion: [TORNTPHARM.NS] fetching fresh data
2026-09-19 07:51:35,908 [INFO] src.ingestion: [ALKEM.NS] fetching fresh data
2026-09-19 07:51:36,831 [INFO] src.ingestion: [ABBOTINDIA.NS] fetching fresh data
2026-09-19 07:51:37,726 [INFO] src.ingestion: [APOLLOHOSP.NS] fetching fresh data
2026-09-19 07:51:38,587 [INFO] src.ingestion: [FORTIS.NS] fetching fresh data
2026-09-19 07:51:39,414 [INFO] src.ingestion: [LALPATHLAB.NS] fetching fresh data
2026-09-19 07:51:40,229 [INFO] src.ingestion: [METROPOLIS.NS] fetching fresh data
2026-09-19 07:51:41,233 [INFO] src.ingestion: [GLAND.NS] fetching fresh data
2026-09-19 07:51:42,137 [INFO] src.ingestion: [LAURUSLABS.NS] fetching fresh data
2026-09-19 07:51:42,970 [INFO] src.ingestion: [GLENMARK.NS] fetching fresh data
2026-09-19 07:51:43,873 [INFO] src.ingestion: [IPCALAB.NS] fetching fresh data
2026-09-19 07:51:44,743 [INFO] src.ingestion: [HINDUNILVR.NS] fetching fresh data
2026-09-19 07:51:45,681 [INFO] src.ingestion: [ITC.NS] fetching fresh data
2026-09-19 07:51:46,622 [INFO] src.ingestion: [NESTLEIND.NS] fetching fresh data
2026-09-19 07:51:47,609 [INFO] src.ingestion: [BRITANNIA.NS] fetching fresh data
2026-09-19 07:51:48,535 [INFO] src.ingestion: [DABUR.NS] fetching fresh data
2026-09-19 07:51:49,379 [INFO] src.ingestion: [GODREJCP.NS] fetching fresh data
2026-09-19 07:51:50,351 [INFO] src.ingestion: [MARICO.NS] fetching fresh data
2026-09-19 07:51:51,405 [INFO] src.ingestion: [COLPAL.NS] fetching fresh data
2026-09-19 07:51:52,258 [INFO] src.ingestion: [TATACONSUM.NS] fetching fresh data
2026-09-19 07:51:53,254 [INFO] src.ingestion: [VBL.NS] fetching fresh data
2026-09-19 07:51:54,146 [INFO] src.ingestion: [UNITDSPR.NS] fetching fresh data
2026-09-19 07:51:55,090 [INFO] src.ingestion: [EMAMILTD.NS] fetching fresh data
2026-09-19 07:51:55,943 [INFO] src.ingestion: [TATASTEEL.NS] fetching fresh data
2026-09-19 07:51:56,984 [INFO] src.ingestion: [JSWSTEEL.NS] fetching fresh data
2026-09-19 07:51:57,958 [INFO] src.ingestion: [HINDALCO.NS] fetching fresh data
2026-09-19 07:51:58,857 [INFO] src.ingestion: [VEDL.NS] fetching fresh data
2026-09-19 07:51:59,805 [INFO] src.ingestion: [COALINDIA.NS] fetching fresh data
2026-09-19 07:52:00,797 [INFO] src.ingestion: [NMDC.NS] fetching fresh data
2026-09-19 07:52:01,826 [INFO] src.ingestion: [SAIL.NS] fetching fresh data
2026-09-19 07:52:02,655 [INFO] src.ingestion: [JINDALSTEL.NS] fetching fresh data
2026-09-19 07:52:03,570 [INFO] src.ingestion: [APLAPOLLO.NS] fetching fresh data
2026-09-19 07:52:04,423 [INFO] src.ingestion: [NATIONALUM.NS] fetching fresh data
2026-09-19 07:52:05,261 [INFO] src.ingestion: [HINDCOPPER.NS] fetching fresh data
2026-09-19 07:52:06,051 [INFO] src.ingestion: [RATNAMANI.NS] fetching fresh data
2026-09-19 07:52:07,010 [INFO] src.ingestion: [HINDZINC.NS] fetching fresh data
2026-09-19 07:52:07,853 [INFO] src.ingestion: [WELCORP.NS] fetching fresh data
2026-09-19 07:52:08,734 [INFO] src.ingestion: [JSL.NS] fetching fresh data
2026-09-19 07:52:09,702 [INFO] src.ingestion: [RELIANCE.NS] fetching fresh data
2026-09-19 07:52:10,645 [INFO] src.ingestion: [ONGC.NS] fetching fresh data
2026-09-19 07:52:11,455 [INFO] src.ingestion: [BPCL.NS] fetching fresh data
2026-09-19 07:52:12,287 [INFO] src.ingestion: [IOC.NS] fetching fresh data
2026-09-19 07:52:13,129 [INFO] src.ingestion: [GAIL.NS] fetching fresh data
2026-09-19 07:52:13,992 [INFO] src.ingestion: [NTPC.NS] fetching fresh data
2026-09-19 07:52:15,034 [INFO] src.ingestion: [POWERGRID.NS] fetching fresh data
2026-09-19 07:52:16,075 [INFO] src.ingestion: [TATAPOWER.NS] fetching fresh data
2026-09-19 07:52:17,055 [INFO] src.ingestion: [ADANIGREEN.NS] fetching fresh data
2026-09-19 07:52:17,991 [INFO] src.ingestion: [ADANIPOWER.NS] fetching fresh data
2026-09-19 07:52:18,808 [INFO] src.ingestion: [TORNTPOWER.NS] fetching fresh data
2026-09-19 07:52:19,779 [INFO] src.ingestion: [LT.NS] fetching fresh data
2026-09-19 07:52:20,734 [INFO] src.ingestion: [SIEMENS.NS] fetching fresh data
2026-09-19 07:52:21,683 [INFO] src.ingestion: [ABB.NS] fetching fresh data
2026-09-19 07:52:22,523 [INFO] src.ingestion: [HAL.NS] fetching fresh data
2026-09-19 07:52:23,480 [INFO] src.ingestion: [BEL.NS] fetching fresh data
2026-09-19 07:52:24,350 [INFO] src.ingestion: [BHEL.NS] fetching fresh data
2026-09-19 07:52:25,234 [INFO] src.ingestion: [CUMMINSIND.NS] fetching fresh data
2026-09-19 07:52:26,058 [INFO] src.ingestion: [THERMAX.NS] fetching fresh data
2026-09-19 07:52:26,984 [INFO] src.ingestion: [POLYCAB.NS] fetching fresh data
2026-09-19 07:52:27,853 [INFO] src.ingestion: [KEI.NS] fetching fresh data
2026-09-19 07:52:28,702 [INFO] src.ingestion: [HAVELLS.NS] fetching fresh data
2026-09-19 07:52:29,542 [INFO] src.ingestion: [CROMPTON.NS] fetching fresh data
2026-09-19 07:52:30,453 [INFO] src.ingestion: [SUPREMEIND.NS] fetching fresh data
2026-09-19 07:52:31,288 [INFO] src.ingestion: [ASTRAL.NS] fetching fresh data
2026-09-19 07:52:32,172 [INFO] src.ingestion: [GRINDWELL.NS] fetching fresh data
2026-09-19 07:52:33,193 [INFO] src.ingestion: [CARBORUNIV.NS] fetching fresh data
2026-09-19 07:52:34,101 [INFO] src.ingestion: [TIMKEN.NS] fetching fresh data
2026-09-19 07:52:34,913 [INFO] src.ingestion: [SKFINDIA.NS] fetching fresh data
2026-09-19 07:52:35,810 [INFO] src.ingestion: [SRF.NS] fetching fresh data
2026-09-19 07:52:36,705 [INFO] src.ingestion: [PIIND.NS] fetching fresh data
2026-09-19 07:52:37,647 [INFO] src.ingestion: [DEEPAKNTR.NS] fetching fresh data
2026-09-19 07:52:38,525 [INFO] src.ingestion: [AARTIIND.NS] fetching fresh data
2026-09-19 07:52:39,502 [INFO] src.ingestion: [NAVINFLUOR.NS] fetching fresh data
2026-09-19 07:52:40,462 [INFO] src.ingestion: [UPL.NS] fetching fresh data
2026-09-19 07:52:41,315 [INFO] src.ingestion: [COROMANDEL.NS] fetching fresh data
2026-09-19 07:52:42,279 [INFO] src.ingestion: [CHAMBLFERT.NS] fetching fresh data
2026-09-19 07:52:43,089 [INFO] src.ingestion: [GNFC.NS] fetching fresh data
2026-09-19 07:52:44,110 [INFO] src.ingestion: [PIDILITIND.NS] fetching fresh data
2026-09-19 07:52:45,023 [INFO] src.ingestion: [TATACHEM.NS] fetching fresh data
2026-09-19 07:52:45,876 [INFO] src.ingestion: [GHCL.NS] fetching fresh data
2026-09-19 07:52:46,824 [INFO] src.ingestion: [TITAN.NS] fetching fresh data
2026-09-19 07:52:47,628 [INFO] src.ingestion: [DMART.NS] fetching fresh data
2026-09-19 07:52:48,552 [INFO] src.ingestion: [TRENT.NS] fetching fresh data
2026-09-19 07:52:49,411 [INFO] src.ingestion: [BATAINDIA.NS] fetching fresh data
2026-09-19 07:52:50,313 [INFO] src.ingestion: [PAGEIND.NS] fetching fresh data
2026-09-19 07:52:51,279 [INFO] src.ingestion: [JUBLFOOD.NS] fetching fresh data
2026-09-19 07:52:52,118 [INFO] src.ingestion: [VOLTAS.NS] fetching fresh data
2026-09-19 07:52:53,100 [INFO] src.ingestion: [DIXON.NS] fetching fresh data
2026-09-19 07:52:53,987 [INFO] src.ingestion: [RELAXO.NS] fetching fresh data
2026-09-19 07:52:54,884 [INFO] src.ingestion: [KAJARIACER.NS] fetching fresh data
2026-09-19 07:52:55,752 [INFO] src.ingestion: [WHIRLPOOL.NS] fetching fresh data
2026-09-19 07:52:56,676 [INFO] src.ingestion: [BLUESTARCO.NS] fetching fresh data
2026-09-19 07:52:57,693 [INFO] src.ingestion: [PGHH.NS] fetching fresh data
2026-09-19 07:52:58,530 [INFO] src.ingestion: [GILLETTE.NS] fetching fresh data
2026-09-19 07:52:59,533 [INFO] src.ingestion: [BHARTIARTL.NS] fetching fresh data
2026-09-19 07:53:00,401 [INFO] src.ingestion: [IDEA.NS] fetching fresh data
2026-09-19 07:53:01,429 [INFO] src.ingestion: [INDUSTOWER.NS] fetching fresh data
2026-09-19 07:53:02,274 [INFO] src.ingestion: [PVRINOX.NS] fetching fresh data
2026-09-19 07:53:03,300 [INFO] src.ingestion: [ZEEL.NS] fetching fresh data
2026-09-19 07:53:04,228 [INFO] src.ingestion: [ADANIPORTS.NS] fetching fresh data
2026-09-19 07:53:05,228 [INFO] src.ingestion: [ADANIENT.NS] fetching fresh data
2026-09-19 07:53:06,247 [INFO] src.ingestion: [GMRAIRPORT.NS] fetching fresh data
2026-09-19 07:53:07,186 [INFO] src.ingestion: [CONCOR.NS] fetching fresh data
2026-09-19 07:53:08,145 [INFO] src.ingestion: [IRCTC.NS] fetching fresh data
2026-09-19 07:53:09,088 [INFO] src.ingestion: [INDIGO.NS] fetching fresh data
2026-09-19 07:53:09,898 [INFO] src.ingestion: [RVNL.NS] fetching fresh data
2026-09-19 07:53:10,893 [INFO] src.ingestion: [IRCON.NS] fetching fresh data
2026-09-19 07:53:11,841 [INFO] src.ingestion: [NBCC.NS] fetching fresh data
2026-09-19 07:53:12,710 [INFO] src.ingestion: [NCC.NS] fetching fresh data
2026-09-19 07:53:13,603 [INFO] src.ingestion: [MAZDOCK.NS] fetching fresh data
2026-09-19 07:53:14,485 [INFO] src.ingestion: [COCHINSHIP.NS] fetching fresh data
2026-09-19 07:53:15,401 [INFO] src.ingestion: [DLF.NS] fetching fresh data
2026-09-19 07:53:16,359 [INFO] src.ingestion: [GODREJPROP.NS] fetching fresh data
2026-09-19 07:53:17,215 [INFO] src.ingestion: [OBEROIRLTY.NS] fetching fresh data
2026-09-19 07:53:18,084 [INFO] src.ingestion: [PRESTIGE.NS] fetching fresh data
2026-09-19 07:53:18,929 [INFO] src.ingestion: [PHOENIXLTD.NS] fetching fresh data
2026-09-19 07:53:19,827 [INFO] src.ingestion: [SOBHA.NS] fetching fresh data
2026-09-19 07:53:20,769 [INFO] src.ingestion: Fetched 200/201 tickers successfully
2026-09-19 07:53:20,769 [WARNING] src.ingestion: Failed tickers (excluded from downstream, not silently zeroed): ['LTIM.NS']
2026-09-19 07:53:20,769 [INFO] __main__: Ingestion validation passed: 200/201 tickers (100%)
2026-09-19 07:53:20,769 [INFO] __main__: === Stage 2/8: Cleaning ===
2026-09-19 07:53:20,777 [WARNING] src.cleaning: [ASHOKLEY.NS] EXCLUDED: missing critical fields: ['market_cap']
2026-09-19 07:53:20,777 [WARNING] src.cleaning: [BIOCON.NS] EXCLUDED: missing critical fields: ['market_cap']
2026-09-19 07:53:20,777 [WARNING] src.cleaning: [BOSCHLTD.NS] EXCLUDED: missing critical fields: ['market_cap']
2026-09-19 07:53:20,778 [WARNING] src.cleaning: [IOC.NS] EXCLUDED: missing critical fields: ['market_cap']
2026-09-19 07:53:20,778 [WARNING] src.cleaning: [JUBLFOOD.NS] EXCLUDED: missing critical fields: ['market_cap']
2026-09-19 07:53:20,778 [WARNING] src.cleaning: [LTIM.NS] EXCLUDED: ingestion failed: yfinance returned an empty info payload for LTIM.NS (no exception, but no usable data — likely a transient Yahoo-side issue or an invalid/delisted symbol)
2026-09-19 07:53:20,778 [WARNING] src.cleaning: [RECLTD.NS] EXCLUDED: missing critical fields: ['market_cap']
2026-09-19 07:53:20,778 [WARNING] src.cleaning: [RELIANCE.NS] EXCLUDED: missing critical fields: ['market_cap']
2026-09-19 07:53:20,778 [WARNING] src.cleaning: [TCS.NS] EXCLUDED: missing critical fields: ['market_cap']
2026-09-19 07:53:20,778 [WARNING] src.cleaning: [TVSMOTOR.NS] EXCLUDED: missing critical fields: ['market_cap']
2026-09-19 07:53:20,779 [INFO] src.cleaning: [AARTIIND.NS] non-critical missing fields: ['return_on_equity']
2026-09-19 07:53:20,779 [INFO] src.cleaning: [ABBOTINDIA.NS] non-critical missing fields: ['return_on_equity']
2026-09-19 07:53:20,779 [INFO] src.cleaning: [ACC.NS] non-critical missing fields: ['return_on_equity']
2026-09-19 07:53:20,779 [INFO] src.cleaning: [ADANIENT.NS] non-critical missing fields: ['return_on_equity']
2026-09-19 07:53:20,779 [INFO] src.cleaning: [ADANIGREEN.NS] non-critical missing fields: ['return_on_equity']
2026-09-19 07:53:20,779 [INFO] src.cleaning: [ADANIPORTS.NS] non-critical missing fields: ['return_on_equity']
2026-09-19 07:53:20,779 [INFO] src.cleaning: [ADANIPOWER.NS] non-critical missing fields: ['return_on_equity']
2026-09-19 07:53:20,779 [INFO] src.cleaning: [ALKEM.NS] non-critical missing fields: ['return_on_equity']
2026-09-19 07:53:20,779 [INFO] src.cleaning: [AMBUJACEM.NS] non-critical missing fields: ['return_on_equity']
2026-09-19 07:53:20,779 [INFO] src.cleaning: [APLAPOLLO.NS] non-critical missing fields: ['return_on_equity']
2026-09-19 07:53:20,779 [INFO] src.cleaning: [APOLLOHOSP.NS] non-critical missing fields: ['return_on_equity']
2026-09-19 07:53:20,779 [INFO] src.cleaning: [ARE&M.NS] non-critical missing fields: ['return_on_equity']
2026-09-19 07:53:20,779 [INFO] src.cleaning: [ASTRAL.NS] non-critical missing fields: ['return_on_equity']
2026-09-19 07:53:20,779 [INFO] src.cleaning: [AUBANK.NS] non-critical missing fields: ['ev_to_ebitda', 'return_on_equity', 'debt_to_equity']
2026-09-19 07:53:20,779 [INFO] src.cleaning: [AUROPHARMA.NS] non-critical missing fields: ['return_on_equity']
2026-09-19 07:53:20,779 [INFO] src.cleaning: [AXISBANK.NS] non-critical missing fields: ['ev_to_ebitda', 'debt_to_equity']
2026-09-19 07:53:20,779 [INFO] src.cleaning: [BAJAJ-AUTO.NS] non-critical missing fields: ['return_on_equity']
2026-09-19 07:53:20,779 [INFO] src.cleaning: [BAJAJFINSV.NS] non-critical missing fields: ['return_on_equity']
2026-09-19 07:53:20,779 [WARNING] src.cleaning: [BAJAJHLDNG.NS] outlier values flagged: ['net_margin']
2026-09-19 07:53:20,779 [INFO] src.cleaning: [BAJFINANCE.NS] non-critical missing fields: ['ev_to_ebitda', 'return_on_equity']
2026-09-19 07:53:20,780 [INFO] src.cleaning: [BANDHANBNK.NS] non-critical missing fields: ['ev_to_ebitda', 'return_on_equity', 'debt_to_equity']
2026-09-19 07:53:20,780 [INFO] src.cleaning: [BANKBARODA.NS] non-critical missing fields: ['ev_to_ebitda', 'debt_to_equity']
2026-09-19 07:53:20,780 [INFO] src.cleaning: [BANKINDIA.NS] non-critical missing fields: ['ev_to_ebitda', 'debt_to_equity']
2026-09-19 07:53:20,780 [INFO] src.cleaning: [BATAINDIA.NS] non-critical missing fields: ['return_on_equity']
2026-09-19 07:53:20,780 [INFO] src.cleaning: [BEL.NS] non-critical missing fields: ['return_on_equity']
2026-09-19 07:53:20,780 [INFO] src.cleaning: [BHARATFORG.NS] non-critical missing fields: ['return_on_equity']
2026-09-19 07:53:20,780 [INFO] src.cleaning: [BHEL.NS] non-critical missing fields: ['return_on_equity']
2026-09-19 07:53:20,780 [INFO] src.cleaning: [BLUESTARCO.NS] non-critical missing fields: ['return_on_equity']
2026-09-19 07:53:20,780 [INFO] src.cleaning: [BPCL.NS] non-critical missing fields: ['return_on_equity']
2026-09-19 07:53:20,780 [INFO] src.cleaning: [BRITANNIA.NS] non-critical missing fields: ['return_on_equity']
2026-09-19 07:53:20,780 [INFO] src.cleaning: [CANBK.NS] non-critical missing fields: ['ev_to_ebitda', 'return_on_equity', 'debt_to_equity']
2026-09-19 07:53:20,780 [INFO] src.cleaning: [CARBORUNIV.NS] non-critical missing fields: ['return_on_equity']
2026-09-19 07:53:20,780 [INFO] src.cleaning: [CENTRALBK.NS] non-critical missing fields: ['ev_to_ebitda', 'debt_to_equity']
2026-09-19 07:53:20,780 [INFO] src.cleaning: [CHAMBLFERT.NS] non-critical missing fields: ['return_on_equity']
2026-09-19 07:53:20,780 [INFO] src.cleaning: [CHOLAFIN.NS] non-critical missing fields: ['ev_to_ebitda', 'return_on_equity']
2026-09-19 07:53:20,780 [INFO] src.cleaning: [CIPLA.NS] non-critical missing fields: ['return_on_equity']
2026-09-19 07:53:20,780 [INFO] src.cleaning: [COALINDIA.NS] non-critical missing fields: ['return_on_equity']
2026-09-19 07:53:20,780 [INFO] src.cleaning: [COCHINSHIP.NS] non-critical missing fields: ['return_on_equity']
2026-09-19 07:53:20,780 [INFO] src.cleaning: [COFORGE.NS] non-critical missing fields: ['return_on_equity']
2026-09-19 07:53:20,780 [INFO] src.cleaning: [COLPAL.NS] non-critical missing fields: ['return_on_equity']
2026-09-19 07:53:20,780 [INFO] src.cleaning: [CONCOR.NS] non-critical missing fields: ['return_on_equity']
2026-09-19 07:53:20,780 [INFO] src.cleaning: [COROMANDEL.NS] non-critical missing fields: ['return_on_equity']
2026-09-19 07:53:20,780 [INFO] src.cleaning: [CROMPTON.NS] non-critical missing fields: ['trailing_pe', 'return_on_equity']
2026-09-19 07:53:20,780 [INFO] src.cleaning: [CUMMINSIND.NS] non-critical missing fields: ['return_on_equity']
2026-09-19 07:53:20,780 [INFO] src.cleaning: [CYIENT.NS] non-critical missing fields: ['return_on_equity']
2026-09-19 07:53:20,780 [INFO] src.cleaning: [DABUR.NS] non-critical missing fields: ['return_on_equity']
2026-09-19 07:53:20,780 [INFO] src.cleaning: [DALBHARAT.NS] non-critical missing fields: ['return_on_equity']
2026-09-19 07:53:20,780 [INFO] src.cleaning: [DEEPAKNTR.NS] non-critical missing fields: ['return_on_equity']
2026-09-19 07:53:20,780 [INFO] src.cleaning: [DIVISLAB.NS] non-critical missing fields: ['return_on_equity']
2026-09-19 07:53:20,780 [INFO] src.cleaning: [DIXON.NS] non-critical missing fields: ['return_on_equity']
2026-09-19 07:53:20,780 [INFO] src.cleaning: [DMART.NS] non-critical missing fields: ['return_on_equity']
2026-09-19 07:53:20,780 [INFO] src.cleaning: [EICHERMOT.NS] non-critical missing fields: ['return_on_equity']
2026-09-19 07:53:20,780 [INFO] src.cleaning: [EMAMILTD.NS] non-critical missing fields: ['return_on_equity']
2026-09-19 07:53:20,780 [INFO] src.cleaning: [ENDURANCE.NS] non-critical missing fields: ['return_on_equity']
2026-09-19 07:53:20,780 [INFO] src.cleaning: [EXIDEIND.NS] non-critical missing fields: ['return_on_equity']
2026-09-19 07:53:20,780 [INFO] src.cleaning: [FEDERALBNK.NS] non-critical missing fields: ['ev_to_ebitda', 'return_on_equity', 'debt_to_equity']
2026-09-19 07:53:20,780 [INFO] src.cleaning: [FORTIS.NS] non-critical missing fields: ['return_on_equity']
2026-09-19 07:53:20,780 [INFO] src.cleaning: [GAIL.NS] non-critical missing fields: ['return_on_equity']
2026-09-19 07:53:20,780 [INFO] src.cleaning: [GHCL.NS] non-critical missing fields: ['return_on_equity']
2026-09-19 07:53:20,780 [INFO] src.cleaning: [GICRE.NS] non-critical missing fields: ['ev_to_ebitda', 'debt_to_equity']
2026-09-19 07:53:20,781 [INFO] src.cleaning: [GILLETTE.NS] non-critical missing fields: ['return_on_equity']
2026-09-19 07:53:20,781 [INFO] src.cleaning: [GLAND.NS] non-critical missing fields: ['return_on_equity']
2026-09-19 07:53:20,781 [INFO] src.cleaning: [GLENMARK.NS] non-critical missing fields: ['return_on_equity']
2026-09-19 07:53:20,781 [WARNING] src.cleaning: [GMRAIRPORT.NS] negative/zero equity — DuPont ROE math will be invalid downstream
2026-09-19 07:53:20,781 [INFO] src.cleaning: [GMRAIRPORT.NS] non-critical missing fields: ['return_on_equity', 'debt_to_equity']
2026-09-19 07:53:20,781 [INFO] src.cleaning: [GNFC.NS] non-critical missing fields: ['return_on_equity']
2026-09-19 07:53:20,781 [INFO] src.cleaning: [GODREJCP.NS] non-critical missing fields: ['return_on_equity']
2026-09-19 07:53:20,781 [INFO] src.cleaning: [GODREJPROP.NS] non-critical missing fields: ['return_on_equity']
2026-09-19 07:53:20,781 [INFO] src.cleaning: [GRINDWELL.NS] non-critical missing fields: ['return_on_equity']
2026-09-19 07:53:20,781 [INFO] src.cleaning: [HAL.NS] non-critical missing fields: ['return_on_equity']
2026-09-19 07:53:20,781 [INFO] src.cleaning: [HAVELLS.NS] non-critical missing fields: ['return_on_equity']
2026-09-19 07:53:20,781 [WARNING] src.cleaning: [HCLTECH.NS] outlier values flagged: ['ev_to_ebitda']
2026-09-19 07:53:20,781 [INFO] src.cleaning: [HDFCBANK.NS] non-critical missing fields: ['ev_to_ebitda', 'debt_to_equity']
2026-09-19 07:53:20,781 [INFO] src.cleaning: [HEIDELBERG.NS] non-critical missing fields: ['return_on_equity']
2026-09-19 07:53:20,781 [INFO] src.cleaning: [HEROMOTOCO.NS] non-critical missing fields: ['return_on_equity']
2026-09-19 07:53:20,781 [INFO] src.cleaning: [HINDALCO.NS] non-critical missing fields: ['return_on_equity']
2026-09-19 07:53:20,781 [INFO] src.cleaning: [HINDCOPPER.NS] non-critical missing fields: ['return_on_equity']
2026-09-19 07:53:20,781 [INFO] src.cleaning: [HINDUNILVR.NS] non-critical missing fields: ['return_on_equity']
2026-09-19 07:53:20,781 [INFO] src.cleaning: [HINDZINC.NS] non-critical missing fields: ['return_on_equity']
2026-09-19 07:53:20,781 [INFO] src.cleaning: [HUDCO.NS] non-critical missing fields: ['ev_to_ebitda', 'return_on_equity']
2026-09-19 07:53:20,781 [INFO] src.cleaning: [ICICIBANK.NS] non-critical missing fields: ['ev_to_ebitda', 'debt_to_equity']
2026-09-19 07:53:20,781 [INFO] src.cleaning: [ICICIGI.NS] non-critical missing fields: ['debt_to_equity']
2026-09-19 07:53:20,781 [WARNING] src.cleaning: [IDEA.NS] negative/zero equity — DuPont ROE math will be invalid downstream
2026-09-19 07:53:20,781 [INFO] src.cleaning: [IDEA.NS] non-critical missing fields: ['return_on_equity', 'debt_to_equity']
2026-09-19 07:53:20,781 [INFO] src.cleaning: [IDFCFIRSTB.NS] non-critical missing fields: ['ev_to_ebitda', 'debt_to_equity']
2026-09-19 07:53:20,781 [WARNING] src.cleaning: [INDIGO.NS] outlier values flagged: ['debt_to_equity']
2026-09-19 07:53:20,781 [INFO] src.cleaning: [INDIGO.NS] non-critical missing fields: ['trailing_pe', 'return_on_equity']
2026-09-19 07:53:20,781 [INFO] src.cleaning: [INDUSINDBK.NS] non-critical missing fields: ['ev_to_ebitda', 'return_on_equity', 'debt_to_equity']
2026-09-19 07:53:20,781 [WARNING] src.cleaning: [INFY.NS] outlier values flagged: ['ev_to_ebitda']
2026-09-19 07:53:20,781 [INFO] src.cleaning: [IOB.NS] non-critical missing fields: ['ev_to_ebitda', 'debt_to_equity']
2026-09-19 07:53:20,781 [INFO] src.cleaning: [IPCALAB.NS] non-critical missing fields: ['return_on_equity']
2026-09-19 07:53:20,781 [INFO] src.cleaning: [IRCON.NS] non-critical missing fields: ['return_on_equity']
2026-09-19 07:53:20,781 [INFO] src.cleaning: [IRCTC.NS] non-critical missing fields: ['return_on_equity']
2026-09-19 07:53:20,781 [INFO] src.cleaning: [IRFC.NS] non-critical missing fields: ['ev_to_ebitda', 'return_on_equity']
2026-09-19 07:53:20,782 [INFO] src.cleaning: [ITC.NS] non-critical missing fields: ['return_on_equity']
2026-09-19 07:53:20,782 [INFO] src.cleaning: [JINDALSTEL.NS] non-critical missing fields: ['return_on_equity']
2026-09-19 07:53:20,782 [INFO] src.cleaning: [JKCEMENT.NS] non-critical missing fields: ['return_on_equity']
2026-09-19 07:53:20,782 [INFO] src.cleaning: [JSL.NS] non-critical missing fields: ['return_on_equity']
2026-09-19 07:53:20,782 [INFO] src.cleaning: [JSWSTEEL.NS] non-critical missing fields: ['return_on_equity']
2026-09-19 07:53:20,782 [INFO] src.cleaning: [KAJARIACER.NS] non-critical missing fields: ['return_on_equity']
2026-09-19 07:53:20,782 [INFO] src.cleaning: [KEI.NS] non-critical missing fields: ['return_on_equity']
2026-09-19 07:53:20,782 [INFO] src.cleaning: [KOTAKBANK.NS] non-critical missing fields: ['ev_to_ebitda', 'return_on_equity', 'debt_to_equity']
2026-09-19 07:53:20,782 [INFO] src.cleaning: [KPITTECH.NS] non-critical missing fields: ['return_on_equity']
2026-09-19 07:53:20,782 [INFO] src.cleaning: [LALPATHLAB.NS] non-critical missing fields: ['return_on_equity']
2026-09-19 07:53:20,782 [INFO] src.cleaning: [LAURUSLABS.NS] non-critical missing fields: ['return_on_equity']
2026-09-19 07:53:20,782 [INFO] src.cleaning: [LICHSGFIN.NS] non-critical missing fields: ['ev_to_ebitda', 'return_on_equity']
2026-09-19 07:53:20,782 [INFO] src.cleaning: [LICI.NS] non-critical missing fields: ['return_on_equity']
2026-09-19 07:53:20,782 [INFO] src.cleaning: [LTTS.NS] non-critical missing fields: ['return_on_equity']
2026-09-19 07:53:20,782 [INFO] src.cleaning: [LT.NS] non-critical missing fields: ['return_on_equity']
2026-09-19 07:53:20,782 [INFO] src.cleaning: [LUPIN.NS] non-critical missing fields: ['return_on_equity']
2026-09-19 07:53:20,782 [INFO] src.cleaning: [M&M.NS] non-critical missing fields: ['return_on_equity']
2026-09-19 07:53:20,782 [INFO] src.cleaning: [MANAPPURAM.NS] non-critical missing fields: ['ev_to_ebitda', 'return_on_equity']
2026-09-19 07:53:20,782 [INFO] src.cleaning: [MARICO.NS] non-critical missing fields: ['return_on_equity']
2026-09-19 07:53:20,782 [INFO] src.cleaning: [MARUTI.NS] non-critical missing fields: ['return_on_equity']
2026-09-19 07:53:20,782 [INFO] src.cleaning: [MAZDOCK.NS] non-critical missing fields: ['return_on_equity']
2026-09-19 07:53:20,782 [INFO] src.cleaning: [METROPOLIS.NS] non-critical missing fields: ['return_on_equity']
2026-09-19 07:53:20,782 [INFO] src.cleaning: [MOTHERSON.NS] non-critical missing fields: ['return_on_equity']
2026-09-19 07:53:20,782 [INFO] src.cleaning: [MRF.NS] non-critical missing fields: ['return_on_equity']
2026-09-19 07:53:20,782 [INFO] src.cleaning: [MUTHOOTFIN.NS] non-critical missing fields: ['ev_to_ebitda']
2026-09-19 07:53:20,782 [INFO] src.cleaning: [NATIONALUM.NS] non-critical missing fields: ['return_on_equity']
2026-09-19 07:53:20,782 [INFO] src.cleaning: [NAVINFLUOR.NS] non-critical missing fields: ['return_on_equity']
2026-09-19 07:53:20,782 [INFO] src.cleaning: [NBCC.NS] non-critical missing fields: ['return_on_equity']
2026-09-19 07:53:20,782 [INFO] src.cleaning: [NCC.NS] non-critical missing fields: ['return_on_equity']
2026-09-19 07:53:20,782 [INFO] src.cleaning: [NESTLEIND.NS] non-critical missing fields: ['return_on_equity']
2026-09-19 07:53:20,782 [INFO] src.cleaning: [NMDC.NS] non-critical missing fields: ['return_on_equity']
2026-09-19 07:53:20,782 [INFO] src.cleaning: [NTPC.NS] non-critical missing fields: ['return_on_equity']
2026-09-19 07:53:20,782 [INFO] src.cleaning: [OBEROIRLTY.NS] non-critical missing fields: ['return_on_equity']
2026-09-19 07:53:20,782 [INFO] src.cleaning: [ONGC.NS] non-critical missing fields: ['return_on_equity']
2026-09-19 07:53:20,782 [INFO] src.cleaning: [PAGEIND.NS] non-critical missing fields: ['return_on_equity']
2026-09-19 07:53:20,782 [INFO] src.cleaning: [PFC.NS] non-critical missing fields: ['ev_to_ebitda', 'return_on_equity']
2026-09-19 07:53:20,782 [INFO] src.cleaning: [PGHH.NS] non-critical missing fields: ['return_on_equity']
2026-09-19 07:53:20,782 [INFO] src.cleaning: [PHOENIXLTD.NS] non-critical missing fields: ['return_on_equity']
2026-09-19 07:53:20,782 [INFO] src.cleaning: [PIDILITIND.NS] non-critical missing fields: ['return_on_equity']
2026-09-19 07:53:20,783 [INFO] src.cleaning: [PIIND.NS] non-critical missing fields: ['return_on_equity']
2026-09-19 07:53:20,783 [INFO] src.cleaning: [PNB.NS] non-critical missing fields: ['ev_to_ebitda', 'debt_to_equity']
2026-09-19 07:53:20,783 [INFO] src.cleaning: [POONAWALLA.NS] non-critical missing fields: ['ev_to_ebitda', 'return_on_equity']
2026-09-19 07:53:20,783 [INFO] src.cleaning: [POWERGRID.NS] non-critical missing fields: ['return_on_equity']
2026-09-19 07:53:20,783 [INFO] src.cleaning: [PVRINOX.NS] non-critical missing fields: ['return_on_equity']
2026-09-19 07:53:20,783 [INFO] src.cleaning: [RAMCOCEM.NS] non-critical missing fields: ['return_on_equity']
2026-09-19 07:53:20,783 [INFO] src.cleaning: [RATNAMANI.NS] non-critical missing fields: ['return_on_equity']
2026-09-19 07:53:20,783 [INFO] src.cleaning: [RBLBANK.NS] non-critical missing fields: ['ev_to_ebitda', 'return_on_equity', 'debt_to_equity']
2026-09-19 07:53:20,783 [INFO] src.cleaning: [RELAXO.NS] non-critical missing fields: ['return_on_equity']
2026-09-19 07:53:20,783 [INFO] src.cleaning: [RVNL.NS] non-critical missing fields: ['return_on_equity']
2026-09-19 07:53:20,783 [INFO] src.cleaning: [SAIL.NS] non-critical missing fields: ['return_on_equity']
2026-09-19 07:53:20,783 [INFO] src.cleaning: [SBICARD.NS] non-critical missing fields: ['ev_to_ebitda', 'return_on_equity']
2026-09-19 07:53:20,783 [INFO] src.cleaning: [SBILIFE.NS] non-critical missing fields: ['debt_to_equity']
2026-09-19 07:53:20,783 [INFO] src.cleaning: [SBIN.NS] non-critical missing fields: ['ev_to_ebitda', 'debt_to_equity']
2026-09-19 07:53:20,783 [INFO] src.cleaning: [SHREECEM.NS] non-critical missing fields: ['return_on_equity']
2026-09-19 07:53:20,783 [INFO] src.cleaning: [SHRIRAMFIN.NS] non-critical missing fields: ['ev_to_ebitda']
2026-09-19 07:53:20,783 [INFO] src.cleaning: [SIEMENS.NS] non-critical missing fields: ['return_on_equity']
2026-09-19 07:53:20,783 [INFO] src.cleaning: [SKFINDIA.NS] non-critical missing fields: ['return_on_equity']
2026-09-19 07:53:20,783 [INFO] src.cleaning: [SOBHA.NS] non-critical missing fields: ['return_on_equity']
2026-09-19 07:53:20,783 [INFO] src.cleaning: [SRF.NS] non-critical missing fields: ['return_on_equity']
2026-09-19 07:53:20,783 [INFO] src.cleaning: [SUNDRMFAST.NS] non-critical missing fields: ['return_on_equity']
2026-09-19 07:53:20,783 [INFO] src.cleaning: [SUNPHARMA.NS] non-critical missing fields: ['return_on_equity']
2026-09-19 07:53:20,783 [INFO] src.cleaning: [SUPREMEIND.NS] non-critical missing fields: ['return_on_equity']
2026-09-19 07:53:20,783 [INFO] src.cleaning: [TATACHEM.NS] non-critical missing fields: ['trailing_pe', 'return_on_equity']
2026-09-19 07:53:20,783 [INFO] src.cleaning: [TATACONSUM.NS] non-critical missing fields: ['return_on_equity']
2026-09-19 07:53:20,783 [INFO] src.cleaning: [TATAELXSI.NS] non-critical missing fields: ['return_on_equity']
2026-09-19 07:53:20,783 [INFO] src.cleaning: [TATAPOWER.NS] non-critical missing fields: ['return_on_equity']
2026-09-19 07:53:20,783 [INFO] src.cleaning: [TATASTEEL.NS] non-critical missing fields: ['return_on_equity']
2026-09-19 07:53:20,783 [INFO] src.cleaning: [TECHM.NS] non-critical missing fields: ['return_on_equity']
2026-09-19 07:53:20,783 [INFO] src.cleaning: [THERMAX.NS] non-critical missing fields: ['return_on_equity']
2026-09-19 07:53:20,783 [INFO] src.cleaning: [TIMKEN.NS] non-critical missing fields: ['return_on_equity']
2026-09-19 07:53:20,783 [INFO] src.cleaning: [TITAN.NS] non-critical missing fields: ['return_on_equity']
2026-09-19 07:53:20,783 [INFO] src.cleaning: [TMCV.NS] non-critical missing fields: ['return_on_equity']
2026-09-19 07:53:20,783 [INFO] src.cleaning: [TMPV.NS] non-critical missing fields: ['trailing_pe', 'return_on_equity']
2026-09-19 07:53:20,783 [INFO] src.cleaning: [TORNTPHARM.NS] non-critical missing fields: ['return_on_equity']
2026-09-19 07:53:20,783 [INFO] src.cleaning: [TORNTPOWER.NS] non-critical missing fields: ['return_on_equity']
2026-09-19 07:53:20,783 [INFO] src.cleaning: [TRENT.NS] non-critical missing fields: ['return_on_equity']
2026-09-19 07:53:20,783 [INFO] src.cleaning: [UCOBANK.NS] non-critical missing fields: ['ev_to_ebitda', 'debt_to_equity']
2026-09-19 07:53:20,783 [INFO] src.cleaning: [ULTRACEMCO.NS] non-critical missing fields: ['return_on_equity']
2026-09-19 07:53:20,783 [INFO] src.cleaning: [UNIONBANK.NS] non-critical missing fields: ['ev_to_ebitda', 'debt_to_equity']
2026-09-19 07:53:20,784 [INFO] src.cleaning: [UNITDSPR.NS] non-critical missing fields: ['return_on_equity']
2026-09-19 07:53:20,784 [INFO] src.cleaning: [UNOMINDA.NS] non-critical missing fields: ['return_on_equity']
2026-09-19 07:53:20,784 [INFO] src.cleaning: [UPL.NS] non-critical missing fields: ['return_on_equity']
2026-09-19 07:53:20,784 [INFO] src.cleaning: [VEDL.NS] non-critical missing fields: ['return_on_equity']
2026-09-19 07:53:20,784 [INFO] src.cleaning: [VOLTAS.NS] non-critical missing fields: ['return_on_equity']
2026-09-19 07:53:20,784 [INFO] src.cleaning: [WELCORP.NS] non-critical missing fields: ['return_on_equity']
2026-09-19 07:53:20,784 [INFO] src.cleaning: [WHIRLPOOL.NS] non-critical missing fields: ['return_on_equity']
2026-09-19 07:53:20,784 [INFO] src.cleaning: [ZEEL.NS] non-critical missing fields: ['return_on_equity']
2026-09-19 07:53:20,792 [INFO] src.cleaning: Cleaned 191/201 tickers -> data/processed/cleaned_universe.csv
2026-09-19 07:53:20,792 [INFO] src.cleaning: Full flag audit trail -> data/processed/cleaning_flags.csv
2026-09-19 07:53:20,792 [INFO] __main__: Cleaning validation passed: 191/201 tickers retained (95%)
2026-09-19 07:53:20,792 [INFO] __main__: === Stage 3/8: Scoring ===
2026-09-19 07:53:20,850 [INFO] src.scoring: Scored 191 companies -> data/processed/scored_universe.csv
2026-09-19 07:53:20,850 [INFO] src.scoring: Top 10 shortlist -> data/processed/shortlist_top_n.csv
2026-09-19 07:53:20,851 [WARNING] src.scoring: 24 companies scored on fewer than all 4 buckets (reweighted, not zero-filled) — see 'buckets_used' column: ['IOB.NS', 'BANKINDIA.NS', 'UNIONBANK.NS', 'CANBK.NS', 'IDEA.NS', 'ICICIGI.NS', 'PNB.NS', 'GICRE.NS', 'UCOBANK.NS', 'FEDERALBNK.NS', 'CENTRALBK.NS', 'BANKBARODA.NS', 'AXISBANK.NS', 'KOTAKBANK.NS', 'ICICIBANK.NS', 'SBIN.NS', 'HDFCBANK.NS', 'SBILIFE.NS', 'AUBANK.NS', 'BANDHANBNK.NS', 'GMRAIRPORT.NS', 'IDFCFIRSTB.NS', 'RBLBANK.NS', 'INDUSINDBK.NS']
2026-09-19 07:53:20,853 [INFO] __main__: Scoring validation passed: 191 companies ranked, all scores in valid range
2026-09-19 07:53:20,853 [INFO] __main__: === Stage 4/8: Comps + DuPont ===
2026-09-19 07:53:20,864 [INFO] src.comps_dupont: Comps + DuPont report for top 10 -> data/processed/comps_dupont_report.csv
2026-09-19 07:53:20,864 [WARNING] src.comps_dupont: 1 companies have a DuPont-implied ROE that diverges >5pp from reported ROE (possible data inconsistency, worth a manual check): ['IOB.NS']
2026-09-19 07:53:20,865 [INFO] __main__: === Stage 5/8: Explainability ===
2026-09-19 07:53:20,900 [INFO] src.explainability: Explanations for top 10 companies -> data/processed/explanations.csv
2026-09-19 07:53:20,900 [INFO] __main__: === Stage 6/8: Baseline Comparison ===
2026-09-19 07:53:20,907 [INFO] src.baseline_comparison: Baseline comparison -> data/processed/baseline_comparison.csv
2026-09-19 07:53:20,907 [INFO] __main__: === Stage 7/8: Acquisition Likelihood ===
2026-09-19 07:53:20,910 [INFO] src.acquisition_likelihood: 2 companies excluded from acquisition-likelihood scoring (negative/zero equity — financial distress, not a value-target thesis): ['IDEA.NS', 'GMRAIRPORT.NS']
2026-09-19 07:53:20,920 [INFO] src.acquisition_likelihood: Acquisition likelihood scoring -> data/processed/acquisition_likelihood.csv
2026-09-19 07:53:20,921 [INFO] __main__: === Stage 8/8: Historical Snapshot ===
2026-09-19 07:53:20,927 [INFO] src.history_tracker: Recorded shortlist snapshot for 2026-09-19 (10 companies) -> data/history/shortlist_history.csv (5 distinct days tracked so far)
2026-09-19 07:53:20,933 [INFO] src.history_tracker: Recorded acquisition-likelihood snapshot for 2026-09-19 (10 companies) -> data/history/acquisition_likelihood_history.csv (5 distinct days tracked so far)
2026-09-19 07:53:20,933 [INFO] __main__: === Pipeline completed successfully ===
2026-09-19 07:53:20,933 [INFO] __main__:   ingestion: {'total': 201, 'ok': 200}
2026-09-19 07:53:20,933 [INFO] __main__:   cleaning: {'retained': 191, 'input': 201}
2026-09-19 07:53:20,933 [INFO] __main__:   scoring: {'ranked': 191}
2026-09-19 07:53:20,933 [INFO] __main__:   comps_dupont: {'companies': 10}
2026-09-19 07:53:20,933 [INFO] __main__:   explainability: {'companies': 10}
2026-09-19 07:53:20,933 [INFO] __main__:   baseline_comparison: {'correlation': np.float64(0.4919643617267368), 'overlap_pct': 0.0}
2026-09-19 07:53:20,933 [INFO] __main__:   acquisition_likelihood: {'companies': 10}
2026-09-19 07:53:20,933 [INFO] __main__:   history_tracker: {'recorded': True}
