2026-09-25 08:33:41,890 [INFO] __main__: Logging to file: logs/pipeline_run_2026-09-25T08-33-41Z.log
2026-09-25 08:33:41,890 [INFO] __main__: === Stage 1/8: Ingestion ===
2026-09-25 08:33:41,921 [INFO] src.ingestion: [ACC.NS] fetching fresh data
2026-09-25 08:33:43,170 [INFO] src.ingestion: [AMBUJACEM.NS] fetching fresh data
2026-09-25 08:33:44,069 [INFO] src.ingestion: [ULTRACEMCO.NS] fetching fresh data
2026-09-25 08:33:44,903 [INFO] src.ingestion: [SHREECEM.NS] fetching fresh data
2026-09-25 08:33:45,700 [INFO] src.ingestion: [JKCEMENT.NS] fetching fresh data
2026-09-25 08:33:46,579 [INFO] src.ingestion: [RAMCOCEM.NS] fetching fresh data
2026-09-25 08:33:47,572 [INFO] src.ingestion: [HEIDELBERG.NS] fetching fresh data
2026-09-25 08:33:48,421 [INFO] src.ingestion: [DALBHARAT.NS] fetching fresh data
2026-09-25 08:33:49,210 [INFO] src.ingestion: [INFY.NS] fetching fresh data
2026-09-25 08:33:50,084 [INFO] src.ingestion: [TCS.NS] fetching fresh data
2026-09-25 08:33:50,933 [INFO] src.ingestion: [WIPRO.NS] fetching fresh data
2026-09-25 08:33:51,834 [INFO] src.ingestion: [HCLTECH.NS] fetching fresh data
2026-09-25 08:33:52,635 [INFO] src.ingestion: [TECHM.NS] fetching fresh data
2026-09-25 08:33:53,595 [INFO] src.ingestion: [LTIM.NS] fetching fresh data
2026-09-25 08:33:53,723 [ERROR] yfinance: HTTP Error 404: {"quoteSummary":{"result":null,"error":{"code":"Not Found","description":"Quote not found for symbol: LTIM.NS"}}}
2026-09-25 08:33:53,877 [WARNING] src.ingestion: [LTIM.NS] attempt 1 failed: yfinance returned an empty info payload for LTIM.NS (no exception, but no usable data — likely a transient Yahoo-side issue or an invalid/delisted symbol)
2026-09-25 08:33:56,006 [ERROR] yfinance: HTTP Error 404: {"quoteSummary":{"result":null,"error":{"code":"Not Found","description":"Quote not found for symbol: LTIM.NS"}}}
2026-09-25 08:33:56,054 [WARNING] src.ingestion: [LTIM.NS] attempt 2 failed: yfinance returned an empty info payload for LTIM.NS (no exception, but no usable data — likely a transient Yahoo-side issue or an invalid/delisted symbol)
2026-09-25 08:34:00,180 [ERROR] yfinance: HTTP Error 404: {"quoteSummary":{"result":null,"error":{"code":"Not Found","description":"Quote not found for symbol: LTIM.NS"}}}
2026-09-25 08:34:00,223 [WARNING] src.ingestion: [LTIM.NS] attempt 3 failed: yfinance returned an empty info payload for LTIM.NS (no exception, but no usable data — likely a transient Yahoo-side issue or an invalid/delisted symbol)
2026-09-25 08:34:00,623 [INFO] src.ingestion: [PERSISTENT.NS] fetching fresh data
2026-09-25 08:34:01,509 [INFO] src.ingestion: [COFORGE.NS] fetching fresh data
2026-09-25 08:34:02,339 [INFO] src.ingestion: [MPHASIS.NS] fetching fresh data
2026-09-25 08:34:03,174 [INFO] src.ingestion: [LTTS.NS] fetching fresh data
2026-09-25 08:34:04,107 [INFO] src.ingestion: [TATAELXSI.NS] fetching fresh data
2026-09-25 08:34:04,966 [INFO] src.ingestion: [CYIENT.NS] fetching fresh data
2026-09-25 08:34:05,841 [INFO] src.ingestion: [KPITTECH.NS] fetching fresh data
2026-09-25 08:34:06,712 [INFO] src.ingestion: [HDFCBANK.NS] fetching fresh data
2026-09-25 08:34:07,647 [INFO] src.ingestion: [ICICIBANK.NS] fetching fresh data
2026-09-25 08:34:08,646 [INFO] src.ingestion: [SBIN.NS] fetching fresh data
2026-09-25 08:34:09,389 [INFO] src.ingestion: [AXISBANK.NS] fetching fresh data
2026-09-25 08:34:10,174 [INFO] src.ingestion: [KOTAKBANK.NS] fetching fresh data
2026-09-25 08:34:11,022 [INFO] src.ingestion: [INDUSINDBK.NS] fetching fresh data
2026-09-25 08:34:11,810 [INFO] src.ingestion: [FEDERALBNK.NS] fetching fresh data
2026-09-25 08:34:12,696 [INFO] src.ingestion: [BANDHANBNK.NS] fetching fresh data
2026-09-25 08:34:13,698 [INFO] src.ingestion: [IDFCFIRSTB.NS] fetching fresh data
2026-09-25 08:34:14,551 [INFO] src.ingestion: [PNB.NS] fetching fresh data
2026-09-25 08:34:15,327 [INFO] src.ingestion: [BANKBARODA.NS] fetching fresh data
2026-09-25 08:34:16,192 [INFO] src.ingestion: [CANBK.NS] fetching fresh data
2026-09-25 08:34:17,068 [INFO] src.ingestion: [UNIONBANK.NS] fetching fresh data
2026-09-25 08:34:17,888 [INFO] src.ingestion: [AUBANK.NS] fetching fresh data
2026-09-25 08:34:18,819 [INFO] src.ingestion: [RBLBANK.NS] fetching fresh data
2026-09-25 08:34:19,645 [INFO] src.ingestion: [BANKINDIA.NS] fetching fresh data
2026-09-25 08:34:20,506 [INFO] src.ingestion: [CENTRALBK.NS] fetching fresh data
2026-09-25 08:34:21,280 [INFO] src.ingestion: [IOB.NS] fetching fresh data
2026-09-25 08:34:22,196 [INFO] src.ingestion: [UCOBANK.NS] fetching fresh data
2026-09-25 08:34:23,062 [INFO] src.ingestion: [BAJFINANCE.NS] fetching fresh data
2026-09-25 08:34:23,982 [INFO] src.ingestion: [BAJAJFINSV.NS] fetching fresh data
2026-09-25 08:34:24,726 [INFO] src.ingestion: [CHOLAFIN.NS] fetching fresh data
2026-09-25 08:34:25,524 [INFO] src.ingestion: [MUTHOOTFIN.NS] fetching fresh data
2026-09-25 08:34:26,271 [INFO] src.ingestion: [LICHSGFIN.NS] fetching fresh data
2026-09-25 08:34:27,048 [INFO] src.ingestion: [SHRIRAMFIN.NS] fetching fresh data
2026-09-25 08:34:28,006 [INFO] src.ingestion: [PFC.NS] fetching fresh data
2026-09-25 08:34:28,848 [INFO] src.ingestion: [RECLTD.NS] fetching fresh data
2026-09-25 08:34:29,755 [INFO] src.ingestion: [IRFC.NS] fetching fresh data
2026-09-25 08:34:30,584 [INFO] src.ingestion: [HUDCO.NS] fetching fresh data
2026-09-25 08:34:31,504 [INFO] src.ingestion: [BAJAJHLDNG.NS] fetching fresh data
2026-09-25 08:34:32,281 [INFO] src.ingestion: [SBICARD.NS] fetching fresh data
2026-09-25 08:34:33,038 [INFO] src.ingestion: [MANAPPURAM.NS] fetching fresh data
2026-09-25 08:34:33,893 [INFO] src.ingestion: [POONAWALLA.NS] fetching fresh data
2026-09-25 08:34:34,834 [INFO] src.ingestion: [HDFCLIFE.NS] fetching fresh data
2026-09-25 08:34:35,736 [INFO] src.ingestion: [SBILIFE.NS] fetching fresh data
2026-09-25 08:34:36,644 [INFO] src.ingestion: [ICICIPRULI.NS] fetching fresh data
2026-09-25 08:34:37,503 [INFO] src.ingestion: [ICICIGI.NS] fetching fresh data
2026-09-25 08:34:38,472 [INFO] src.ingestion: [LICI.NS] fetching fresh data
2026-09-25 08:34:39,301 [INFO] src.ingestion: [GICRE.NS] fetching fresh data
2026-09-25 08:34:40,054 [INFO] src.ingestion: [MARUTI.NS] fetching fresh data
2026-09-25 08:34:40,960 [INFO] src.ingestion: [TMPV.NS] fetching fresh data
2026-09-25 08:34:41,915 [INFO] src.ingestion: [TMCV.NS] fetching fresh data
2026-09-25 08:34:42,775 [INFO] src.ingestion: [M&M.NS] fetching fresh data
2026-09-25 08:34:43,743 [INFO] src.ingestion: [EICHERMOT.NS] fetching fresh data
2026-09-25 08:34:44,651 [INFO] src.ingestion: [HEROMOTOCO.NS] fetching fresh data
2026-09-25 08:34:45,497 [INFO] src.ingestion: [BAJAJ-AUTO.NS] fetching fresh data
2026-09-25 08:34:46,437 [INFO] src.ingestion: [TVSMOTOR.NS] fetching fresh data
2026-09-25 08:34:47,283 [INFO] src.ingestion: [ASHOKLEY.NS] fetching fresh data
2026-09-25 08:34:48,217 [INFO] src.ingestion: [BHARATFORG.NS] fetching fresh data
2026-09-25 08:34:49,250 [INFO] src.ingestion: [MOTHERSON.NS] fetching fresh data
2026-09-25 08:34:50,241 [INFO] src.ingestion: [BOSCHLTD.NS] fetching fresh data
2026-09-25 08:34:51,094 [INFO] src.ingestion: [MRF.NS] fetching fresh data
2026-09-25 08:34:52,066 [INFO] src.ingestion: [ENDURANCE.NS] fetching fresh data
2026-09-25 08:34:52,958 [INFO] src.ingestion: [EXIDEIND.NS] fetching fresh data
2026-09-25 08:34:53,886 [INFO] src.ingestion: [ARE&M.NS] fetching fresh data
2026-09-25 08:34:54,710 [INFO] src.ingestion: [SUNDRMFAST.NS] fetching fresh data
2026-09-25 08:34:55,698 [INFO] src.ingestion: [UNOMINDA.NS] fetching fresh data
2026-09-25 08:34:56,552 [INFO] src.ingestion: [SUNPHARMA.NS] fetching fresh data
2026-09-25 08:34:57,425 [INFO] src.ingestion: [DRREDDY.NS] fetching fresh data
2026-09-25 08:34:58,248 [INFO] src.ingestion: [CIPLA.NS] fetching fresh data
2026-09-25 08:34:59,208 [INFO] src.ingestion: [DIVISLAB.NS] fetching fresh data
2026-09-25 08:35:00,114 [INFO] src.ingestion: [LUPIN.NS] fetching fresh data
2026-09-25 08:35:01,048 [INFO] src.ingestion: [AUROPHARMA.NS] fetching fresh data
2026-09-25 08:35:01,995 [INFO] src.ingestion: [BIOCON.NS] fetching fresh data
2026-09-25 08:35:02,807 [INFO] src.ingestion: [TORNTPHARM.NS] fetching fresh data
2026-09-25 08:35:03,810 [INFO] src.ingestion: [ALKEM.NS] fetching fresh data
2026-09-25 08:35:04,619 [INFO] src.ingestion: [ABBOTINDIA.NS] fetching fresh data
2026-09-25 08:35:05,390 [INFO] src.ingestion: [APOLLOHOSP.NS] fetching fresh data
2026-09-25 08:35:06,384 [INFO] src.ingestion: [FORTIS.NS] fetching fresh data
2026-09-25 08:35:07,392 [INFO] src.ingestion: [LALPATHLAB.NS] fetching fresh data
2026-09-25 08:35:08,258 [INFO] src.ingestion: [METROPOLIS.NS] fetching fresh data
2026-09-25 08:35:09,254 [INFO] src.ingestion: [GLAND.NS] fetching fresh data
2026-09-25 08:35:10,064 [INFO] src.ingestion: [LAURUSLABS.NS] fetching fresh data
2026-09-25 08:35:10,852 [INFO] src.ingestion: [GLENMARK.NS] fetching fresh data
2026-09-25 08:35:11,700 [INFO] src.ingestion: [IPCALAB.NS] fetching fresh data
2026-09-25 08:35:12,603 [INFO] src.ingestion: [HINDUNILVR.NS] fetching fresh data
2026-09-25 08:35:13,452 [INFO] src.ingestion: [ITC.NS] fetching fresh data
2026-09-25 08:35:14,358 [INFO] src.ingestion: [NESTLEIND.NS] fetching fresh data
2026-09-25 08:35:15,246 [INFO] src.ingestion: [BRITANNIA.NS] fetching fresh data
2026-09-25 08:35:16,153 [INFO] src.ingestion: [DABUR.NS] fetching fresh data
2026-09-25 08:35:17,070 [INFO] src.ingestion: [GODREJCP.NS] fetching fresh data
2026-09-25 08:35:18,136 [INFO] src.ingestion: [MARICO.NS] fetching fresh data
2026-09-25 08:35:19,096 [INFO] src.ingestion: [COLPAL.NS] fetching fresh data
2026-09-25 08:35:19,955 [INFO] src.ingestion: [TATACONSUM.NS] fetching fresh data
2026-09-25 08:35:20,754 [INFO] src.ingestion: [VBL.NS] fetching fresh data
2026-09-25 08:35:21,543 [INFO] src.ingestion: [UNITDSPR.NS] fetching fresh data
2026-09-25 08:35:22,607 [INFO] src.ingestion: [EMAMILTD.NS] fetching fresh data
2026-09-25 08:35:23,540 [INFO] src.ingestion: [TATASTEEL.NS] fetching fresh data
2026-09-25 08:35:24,338 [INFO] src.ingestion: [JSWSTEEL.NS] fetching fresh data
2026-09-25 08:35:25,119 [INFO] src.ingestion: [HINDALCO.NS] fetching fresh data
2026-09-25 08:35:25,988 [INFO] src.ingestion: [VEDL.NS] fetching fresh data
2026-09-25 08:35:26,885 [INFO] src.ingestion: [COALINDIA.NS] fetching fresh data
2026-09-25 08:35:27,757 [INFO] src.ingestion: [NMDC.NS] fetching fresh data
2026-09-25 08:35:28,704 [INFO] src.ingestion: [SAIL.NS] fetching fresh data
2026-09-25 08:35:29,694 [INFO] src.ingestion: [JINDALSTEL.NS] fetching fresh data
2026-09-25 08:35:30,559 [INFO] src.ingestion: [APLAPOLLO.NS] fetching fresh data
2026-09-25 08:35:31,472 [INFO] src.ingestion: [NATIONALUM.NS] fetching fresh data
2026-09-25 08:35:32,334 [INFO] src.ingestion: [HINDCOPPER.NS] fetching fresh data
2026-09-25 08:35:33,180 [INFO] src.ingestion: [RATNAMANI.NS] fetching fresh data
2026-09-25 08:35:34,057 [INFO] src.ingestion: [HINDZINC.NS] fetching fresh data
2026-09-25 08:35:35,024 [INFO] src.ingestion: [WELCORP.NS] fetching fresh data
2026-09-25 08:35:35,903 [INFO] src.ingestion: [JSL.NS] fetching fresh data
2026-09-25 08:35:36,702 [INFO] src.ingestion: [RELIANCE.NS] fetching fresh data
2026-09-25 08:35:37,656 [INFO] src.ingestion: [ONGC.NS] fetching fresh data
2026-09-25 08:35:38,552 [INFO] src.ingestion: [BPCL.NS] fetching fresh data
2026-09-25 08:35:39,344 [INFO] src.ingestion: [IOC.NS] fetching fresh data
2026-09-25 08:35:40,224 [INFO] src.ingestion: [GAIL.NS] fetching fresh data
2026-09-25 08:35:41,119 [INFO] src.ingestion: [NTPC.NS] fetching fresh data
2026-09-25 08:35:42,095 [INFO] src.ingestion: [POWERGRID.NS] fetching fresh data
2026-09-25 08:35:42,899 [INFO] src.ingestion: [TATAPOWER.NS] fetching fresh data
2026-09-25 08:35:43,779 [INFO] src.ingestion: [ADANIGREEN.NS] fetching fresh data
2026-09-25 08:35:44,768 [INFO] src.ingestion: [ADANIPOWER.NS] fetching fresh data
2026-09-25 08:35:45,727 [INFO] src.ingestion: [TORNTPOWER.NS] fetching fresh data
2026-09-25 08:35:46,718 [INFO] src.ingestion: [LT.NS] fetching fresh data
2026-09-25 08:35:47,769 [INFO] src.ingestion: [SIEMENS.NS] fetching fresh data
2026-09-25 08:35:48,828 [INFO] src.ingestion: [ABB.NS] fetching fresh data
2026-09-25 08:35:49,654 [INFO] src.ingestion: [HAL.NS] fetching fresh data
2026-09-25 08:35:50,541 [INFO] src.ingestion: [BEL.NS] fetching fresh data
2026-09-25 08:35:51,464 [INFO] src.ingestion: [BHEL.NS] fetching fresh data
2026-09-25 08:35:52,275 [INFO] src.ingestion: [CUMMINSIND.NS] fetching fresh data
2026-09-25 08:35:53,267 [INFO] src.ingestion: [THERMAX.NS] fetching fresh data
2026-09-25 08:35:54,127 [INFO] src.ingestion: [POLYCAB.NS] fetching fresh data
2026-09-25 08:35:54,958 [INFO] src.ingestion: [KEI.NS] fetching fresh data
2026-09-25 08:35:55,786 [INFO] src.ingestion: [HAVELLS.NS] fetching fresh data
2026-09-25 08:35:56,633 [INFO] src.ingestion: [CROMPTON.NS] fetching fresh data
2026-09-25 08:35:57,422 [INFO] src.ingestion: [SUPREMEIND.NS] fetching fresh data
2026-09-25 08:35:58,228 [INFO] src.ingestion: [ASTRAL.NS] fetching fresh data
2026-09-25 08:35:59,030 [INFO] src.ingestion: [GRINDWELL.NS] fetching fresh data
2026-09-25 08:35:59,929 [INFO] src.ingestion: [CARBORUNIV.NS] fetching fresh data
2026-09-25 08:36:00,890 [INFO] src.ingestion: [TIMKEN.NS] fetching fresh data
2026-09-25 08:36:01,753 [INFO] src.ingestion: [SKFINDIA.NS] fetching fresh data
2026-09-25 08:36:02,553 [INFO] src.ingestion: [SRF.NS] fetching fresh data
2026-09-25 08:36:03,449 [INFO] src.ingestion: [PIIND.NS] fetching fresh data
2026-09-25 08:36:04,323 [INFO] src.ingestion: [DEEPAKNTR.NS] fetching fresh data
2026-09-25 08:36:05,159 [INFO] src.ingestion: [AARTIIND.NS] fetching fresh data
2026-09-25 08:36:06,005 [INFO] src.ingestion: [NAVINFLUOR.NS] fetching fresh data
2026-09-25 08:36:06,972 [INFO] src.ingestion: [UPL.NS] fetching fresh data
2026-09-25 08:36:07,836 [INFO] src.ingestion: [COROMANDEL.NS] fetching fresh data
2026-09-25 08:36:08,710 [INFO] src.ingestion: [CHAMBLFERT.NS] fetching fresh data
2026-09-25 08:36:09,520 [INFO] src.ingestion: [GNFC.NS] fetching fresh data
2026-09-25 08:36:10,453 [INFO] src.ingestion: [PIDILITIND.NS] fetching fresh data
2026-09-25 08:36:11,338 [INFO] src.ingestion: [TATACHEM.NS] fetching fresh data
2026-09-25 08:36:12,279 [INFO] src.ingestion: [GHCL.NS] fetching fresh data
2026-09-25 08:36:13,225 [INFO] src.ingestion: [TITAN.NS] fetching fresh data
2026-09-25 08:36:14,212 [INFO] src.ingestion: [DMART.NS] fetching fresh data
2026-09-25 08:36:15,146 [INFO] src.ingestion: [TRENT.NS] fetching fresh data
2026-09-25 08:36:15,956 [INFO] src.ingestion: [BATAINDIA.NS] fetching fresh data
2026-09-25 08:36:16,924 [INFO] src.ingestion: [PAGEIND.NS] fetching fresh data
2026-09-25 08:36:17,886 [INFO] src.ingestion: [JUBLFOOD.NS] fetching fresh data
2026-09-25 08:36:18,842 [INFO] src.ingestion: [VOLTAS.NS] fetching fresh data
2026-09-25 08:36:19,741 [INFO] src.ingestion: [DIXON.NS] fetching fresh data
2026-09-25 08:36:20,608 [INFO] src.ingestion: [RELAXO.NS] fetching fresh data
2026-09-25 08:36:21,537 [INFO] src.ingestion: [KAJARIACER.NS] fetching fresh data
2026-09-25 08:36:22,349 [INFO] src.ingestion: [WHIRLPOOL.NS] fetching fresh data
2026-09-25 08:36:23,208 [INFO] src.ingestion: [BLUESTARCO.NS] fetching fresh data
2026-09-25 08:36:23,968 [INFO] src.ingestion: [PGHH.NS] fetching fresh data
2026-09-25 08:36:24,932 [INFO] src.ingestion: [GILLETTE.NS] fetching fresh data
2026-09-25 08:36:25,785 [INFO] src.ingestion: [BHARTIARTL.NS] fetching fresh data
2026-09-25 08:36:26,758 [INFO] src.ingestion: [IDEA.NS] fetching fresh data
2026-09-25 08:36:27,615 [INFO] src.ingestion: [INDUSTOWER.NS] fetching fresh data
2026-09-25 08:36:28,491 [INFO] src.ingestion: [PVRINOX.NS] fetching fresh data
2026-09-25 08:36:29,263 [INFO] src.ingestion: [ZEEL.NS] fetching fresh data
2026-09-25 08:36:30,115 [INFO] src.ingestion: [ADANIPORTS.NS] fetching fresh data
2026-09-25 08:36:31,003 [INFO] src.ingestion: [ADANIENT.NS] fetching fresh data
2026-09-25 08:36:31,816 [INFO] src.ingestion: [GMRAIRPORT.NS] fetching fresh data
2026-09-25 08:36:32,682 [INFO] src.ingestion: [CONCOR.NS] fetching fresh data
2026-09-25 08:36:33,531 [INFO] src.ingestion: [IRCTC.NS] fetching fresh data
2026-09-25 08:36:34,313 [INFO] src.ingestion: [INDIGO.NS] fetching fresh data
2026-09-25 08:36:35,151 [INFO] src.ingestion: [RVNL.NS] fetching fresh data
2026-09-25 08:36:36,086 [INFO] src.ingestion: [IRCON.NS] fetching fresh data
2026-09-25 08:36:36,977 [INFO] src.ingestion: [NBCC.NS] fetching fresh data
2026-09-25 08:36:37,840 [INFO] src.ingestion: [NCC.NS] fetching fresh data
2026-09-25 08:36:38,601 [INFO] src.ingestion: [MAZDOCK.NS] fetching fresh data
2026-09-25 08:36:39,493 [INFO] src.ingestion: [COCHINSHIP.NS] fetching fresh data
2026-09-25 08:36:40,505 [INFO] src.ingestion: [DLF.NS] fetching fresh data
2026-09-25 08:36:41,370 [INFO] src.ingestion: [GODREJPROP.NS] fetching fresh data
2026-09-25 08:36:42,208 [INFO] src.ingestion: [OBEROIRLTY.NS] fetching fresh data
2026-09-25 08:36:43,119 [INFO] src.ingestion: [PRESTIGE.NS] fetching fresh data
2026-09-25 08:36:43,950 [INFO] src.ingestion: [PHOENIXLTD.NS] fetching fresh data
2026-09-25 08:36:44,869 [INFO] src.ingestion: [SOBHA.NS] fetching fresh data
2026-09-25 08:36:45,719 [INFO] src.ingestion: Fetched 200/201 tickers successfully
2026-09-25 08:36:45,720 [WARNING] src.ingestion: Failed tickers (excluded from downstream, not silently zeroed): ['LTIM.NS']
2026-09-25 08:36:45,720 [INFO] __main__: Ingestion validation passed: 200/201 tickers (100%)
2026-09-25 08:36:45,720 [INFO] __main__: === Stage 2/8: Cleaning ===
2026-09-25 08:36:45,727 [WARNING] src.cleaning: [ASHOKLEY.NS] EXCLUDED: missing critical fields: ['market_cap']
2026-09-25 08:36:45,728 [WARNING] src.cleaning: [BIOCON.NS] EXCLUDED: missing critical fields: ['market_cap']
2026-09-25 08:36:45,728 [WARNING] src.cleaning: [BOSCHLTD.NS] EXCLUDED: missing critical fields: ['market_cap']
2026-09-25 08:36:45,728 [WARNING] src.cleaning: [IOC.NS] EXCLUDED: missing critical fields: ['market_cap']
2026-09-25 08:36:45,728 [WARNING] src.cleaning: [JUBLFOOD.NS] EXCLUDED: missing critical fields: ['market_cap']
2026-09-25 08:36:45,728 [WARNING] src.cleaning: [LTIM.NS] EXCLUDED: ingestion failed: yfinance returned an empty info payload for LTIM.NS (no exception, but no usable data — likely a transient Yahoo-side issue or an invalid/delisted symbol)
2026-09-25 08:36:45,729 [WARNING] src.cleaning: [RECLTD.NS] EXCLUDED: missing critical fields: ['market_cap']
2026-09-25 08:36:45,729 [WARNING] src.cleaning: [RELIANCE.NS] EXCLUDED: missing critical fields: ['market_cap']
2026-09-25 08:36:45,729 [WARNING] src.cleaning: [TCS.NS] EXCLUDED: missing critical fields: ['market_cap']
2026-09-25 08:36:45,729 [WARNING] src.cleaning: [TVSMOTOR.NS] EXCLUDED: missing critical fields: ['market_cap']
2026-09-25 08:36:45,729 [INFO] src.cleaning: [AARTIIND.NS] non-critical missing fields: ['return_on_equity']
2026-09-25 08:36:45,729 [INFO] src.cleaning: [ABBOTINDIA.NS] non-critical missing fields: ['return_on_equity']
2026-09-25 08:36:45,729 [INFO] src.cleaning: [ACC.NS] non-critical missing fields: ['return_on_equity']
2026-09-25 08:36:45,729 [INFO] src.cleaning: [ADANIENT.NS] non-critical missing fields: ['return_on_equity']
2026-09-25 08:36:45,729 [INFO] src.cleaning: [ADANIGREEN.NS] non-critical missing fields: ['return_on_equity']
2026-09-25 08:36:45,729 [INFO] src.cleaning: [ADANIPORTS.NS] non-critical missing fields: ['return_on_equity']
2026-09-25 08:36:45,729 [INFO] src.cleaning: [ADANIPOWER.NS] non-critical missing fields: ['return_on_equity']
2026-09-25 08:36:45,730 [INFO] src.cleaning: [ALKEM.NS] non-critical missing fields: ['return_on_equity']
2026-09-25 08:36:45,730 [INFO] src.cleaning: [AMBUJACEM.NS] non-critical missing fields: ['return_on_equity']
2026-09-25 08:36:45,730 [INFO] src.cleaning: [APLAPOLLO.NS] non-critical missing fields: ['return_on_equity']
2026-09-25 08:36:45,730 [INFO] src.cleaning: [APOLLOHOSP.NS] non-critical missing fields: ['return_on_equity']
2026-09-25 08:36:45,730 [INFO] src.cleaning: [ARE&M.NS] non-critical missing fields: ['return_on_equity']
2026-09-25 08:36:45,730 [INFO] src.cleaning: [ASTRAL.NS] non-critical missing fields: ['return_on_equity']
2026-09-25 08:36:45,730 [INFO] src.cleaning: [AUBANK.NS] non-critical missing fields: ['ev_to_ebitda', 'return_on_equity', 'debt_to_equity']
2026-09-25 08:36:45,730 [INFO] src.cleaning: [AUROPHARMA.NS] non-critical missing fields: ['return_on_equity']
2026-09-25 08:36:45,730 [INFO] src.cleaning: [AXISBANK.NS] non-critical missing fields: ['ev_to_ebitda', 'debt_to_equity']
2026-09-25 08:36:45,730 [INFO] src.cleaning: [BAJAJ-AUTO.NS] non-critical missing fields: ['return_on_equity']
2026-09-25 08:36:45,730 [INFO] src.cleaning: [BAJAJFINSV.NS] non-critical missing fields: ['return_on_equity']
2026-09-25 08:36:45,730 [WARNING] src.cleaning: [BAJAJHLDNG.NS] outlier values flagged: ['net_margin']
2026-09-25 08:36:45,730 [INFO] src.cleaning: [BAJFINANCE.NS] non-critical missing fields: ['ev_to_ebitda', 'return_on_equity']
2026-09-25 08:36:45,730 [INFO] src.cleaning: [BANDHANBNK.NS] non-critical missing fields: ['ev_to_ebitda', 'return_on_equity', 'debt_to_equity']
2026-09-25 08:36:45,730 [INFO] src.cleaning: [BANKBARODA.NS] non-critical missing fields: ['ev_to_ebitda', 'debt_to_equity']
2026-09-25 08:36:45,730 [INFO] src.cleaning: [BANKINDIA.NS] non-critical missing fields: ['ev_to_ebitda', 'debt_to_equity']
2026-09-25 08:36:45,730 [INFO] src.cleaning: [BATAINDIA.NS] non-critical missing fields: ['return_on_equity']
2026-09-25 08:36:45,730 [INFO] src.cleaning: [BEL.NS] non-critical missing fields: ['return_on_equity']
2026-09-25 08:36:45,730 [INFO] src.cleaning: [BHARATFORG.NS] non-critical missing fields: ['return_on_equity']
2026-09-25 08:36:45,730 [INFO] src.cleaning: [BHEL.NS] non-critical missing fields: ['return_on_equity']
2026-09-25 08:36:45,730 [INFO] src.cleaning: [BLUESTARCO.NS] non-critical missing fields: ['return_on_equity']
2026-09-25 08:36:45,731 [INFO] src.cleaning: [BPCL.NS] non-critical missing fields: ['return_on_equity']
2026-09-25 08:36:45,731 [INFO] src.cleaning: [BRITANNIA.NS] non-critical missing fields: ['return_on_equity']
2026-09-25 08:36:45,731 [INFO] src.cleaning: [CANBK.NS] non-critical missing fields: ['ev_to_ebitda', 'return_on_equity', 'debt_to_equity']
2026-09-25 08:36:45,731 [INFO] src.cleaning: [CARBORUNIV.NS] non-critical missing fields: ['return_on_equity']
2026-09-25 08:36:45,731 [INFO] src.cleaning: [CENTRALBK.NS] non-critical missing fields: ['ev_to_ebitda', 'debt_to_equity']
2026-09-25 08:36:45,731 [INFO] src.cleaning: [CHAMBLFERT.NS] non-critical missing fields: ['return_on_equity']
2026-09-25 08:36:45,731 [INFO] src.cleaning: [CHOLAFIN.NS] non-critical missing fields: ['ev_to_ebitda', 'return_on_equity']
2026-09-25 08:36:45,731 [INFO] src.cleaning: [CIPLA.NS] non-critical missing fields: ['return_on_equity']
2026-09-25 08:36:45,731 [INFO] src.cleaning: [COALINDIA.NS] non-critical missing fields: ['return_on_equity']
2026-09-25 08:36:45,731 [INFO] src.cleaning: [COCHINSHIP.NS] non-critical missing fields: ['return_on_equity']
2026-09-25 08:36:45,731 [INFO] src.cleaning: [COFORGE.NS] non-critical missing fields: ['return_on_equity']
2026-09-25 08:36:45,731 [INFO] src.cleaning: [COLPAL.NS] non-critical missing fields: ['return_on_equity']
2026-09-25 08:36:45,731 [INFO] src.cleaning: [CONCOR.NS] non-critical missing fields: ['return_on_equity']
2026-09-25 08:36:45,731 [INFO] src.cleaning: [COROMANDEL.NS] non-critical missing fields: ['return_on_equity']
2026-09-25 08:36:45,731 [INFO] src.cleaning: [CROMPTON.NS] non-critical missing fields: ['trailing_pe', 'return_on_equity']
2026-09-25 08:36:45,731 [INFO] src.cleaning: [CUMMINSIND.NS] non-critical missing fields: ['return_on_equity']
2026-09-25 08:36:45,731 [INFO] src.cleaning: [CYIENT.NS] non-critical missing fields: ['return_on_equity']
2026-09-25 08:36:45,731 [INFO] src.cleaning: [DABUR.NS] non-critical missing fields: ['return_on_equity']
2026-09-25 08:36:45,731 [INFO] src.cleaning: [DALBHARAT.NS] non-critical missing fields: ['return_on_equity']
2026-09-25 08:36:45,731 [INFO] src.cleaning: [DEEPAKNTR.NS] non-critical missing fields: ['return_on_equity']
2026-09-25 08:36:45,731 [INFO] src.cleaning: [DIVISLAB.NS] non-critical missing fields: ['return_on_equity']
2026-09-25 08:36:45,731 [INFO] src.cleaning: [DIXON.NS] non-critical missing fields: ['return_on_equity']
2026-09-25 08:36:45,731 [INFO] src.cleaning: [DMART.NS] non-critical missing fields: ['return_on_equity']
2026-09-25 08:36:45,731 [INFO] src.cleaning: [EICHERMOT.NS] non-critical missing fields: ['return_on_equity']
2026-09-25 08:36:45,731 [INFO] src.cleaning: [EMAMILTD.NS] non-critical missing fields: ['return_on_equity']
2026-09-25 08:36:45,732 [INFO] src.cleaning: [ENDURANCE.NS] non-critical missing fields: ['return_on_equity']
2026-09-25 08:36:45,732 [INFO] src.cleaning: [EXIDEIND.NS] non-critical missing fields: ['return_on_equity']
2026-09-25 08:36:45,732 [INFO] src.cleaning: [FEDERALBNK.NS] non-critical missing fields: ['ev_to_ebitda', 'return_on_equity', 'debt_to_equity']
2026-09-25 08:36:45,732 [INFO] src.cleaning: [FORTIS.NS] non-critical missing fields: ['return_on_equity']
2026-09-25 08:36:45,732 [INFO] src.cleaning: [GAIL.NS] non-critical missing fields: ['return_on_equity']
2026-09-25 08:36:45,732 [INFO] src.cleaning: [GHCL.NS] non-critical missing fields: ['return_on_equity']
2026-09-25 08:36:45,732 [INFO] src.cleaning: [GICRE.NS] non-critical missing fields: ['ev_to_ebitda', 'debt_to_equity']
2026-09-25 08:36:45,732 [INFO] src.cleaning: [GILLETTE.NS] non-critical missing fields: ['return_on_equity']
2026-09-25 08:36:45,732 [INFO] src.cleaning: [GLAND.NS] non-critical missing fields: ['return_on_equity']
2026-09-25 08:36:45,732 [INFO] src.cleaning: [GLENMARK.NS] non-critical missing fields: ['return_on_equity']
2026-09-25 08:36:45,732 [WARNING] src.cleaning: [GMRAIRPORT.NS] negative/zero equity — DuPont ROE math will be invalid downstream
2026-09-25 08:36:45,732 [INFO] src.cleaning: [GMRAIRPORT.NS] non-critical missing fields: ['return_on_equity', 'debt_to_equity']
2026-09-25 08:36:45,732 [INFO] src.cleaning: [GNFC.NS] non-critical missing fields: ['return_on_equity']
2026-09-25 08:36:45,732 [INFO] src.cleaning: [GODREJCP.NS] non-critical missing fields: ['return_on_equity']
2026-09-25 08:36:45,732 [INFO] src.cleaning: [GODREJPROP.NS] non-critical missing fields: ['return_on_equity']
2026-09-25 08:36:45,732 [INFO] src.cleaning: [GRINDWELL.NS] non-critical missing fields: ['return_on_equity']
2026-09-25 08:36:45,732 [INFO] src.cleaning: [HAL.NS] non-critical missing fields: ['return_on_equity']
2026-09-25 08:36:45,732 [INFO] src.cleaning: [HAVELLS.NS] non-critical missing fields: ['return_on_equity']
2026-09-25 08:36:45,732 [WARNING] src.cleaning: [HCLTECH.NS] outlier values flagged: ['ev_to_ebitda']
2026-09-25 08:36:45,732 [INFO] src.cleaning: [HDFCBANK.NS] non-critical missing fields: ['ev_to_ebitda', 'debt_to_equity']
2026-09-25 08:36:45,732 [INFO] src.cleaning: [HEIDELBERG.NS] non-critical missing fields: ['return_on_equity']
2026-09-25 08:36:45,733 [INFO] src.cleaning: [HEROMOTOCO.NS] non-critical missing fields: ['return_on_equity']
2026-09-25 08:36:45,733 [INFO] src.cleaning: [HINDALCO.NS] non-critical missing fields: ['return_on_equity']
2026-09-25 08:36:45,733 [INFO] src.cleaning: [HINDCOPPER.NS] non-critical missing fields: ['return_on_equity']
2026-09-25 08:36:45,733 [INFO] src.cleaning: [HINDUNILVR.NS] non-critical missing fields: ['return_on_equity']
2026-09-25 08:36:45,733 [INFO] src.cleaning: [HINDZINC.NS] non-critical missing fields: ['return_on_equity']
2026-09-25 08:36:45,733 [INFO] src.cleaning: [HUDCO.NS] non-critical missing fields: ['ev_to_ebitda', 'return_on_equity']
2026-09-25 08:36:45,733 [INFO] src.cleaning: [ICICIBANK.NS] non-critical missing fields: ['ev_to_ebitda', 'debt_to_equity']
2026-09-25 08:36:45,733 [INFO] src.cleaning: [ICICIGI.NS] non-critical missing fields: ['debt_to_equity']
2026-09-25 08:36:45,733 [WARNING] src.cleaning: [IDEA.NS] negative/zero equity — DuPont ROE math will be invalid downstream
2026-09-25 08:36:45,733 [INFO] src.cleaning: [IDEA.NS] non-critical missing fields: ['return_on_equity', 'debt_to_equity']
2026-09-25 08:36:45,733 [INFO] src.cleaning: [IDFCFIRSTB.NS] non-critical missing fields: ['ev_to_ebitda', 'debt_to_equity']
2026-09-25 08:36:45,733 [WARNING] src.cleaning: [INDIGO.NS] outlier values flagged: ['debt_to_equity']
2026-09-25 08:36:45,733 [INFO] src.cleaning: [INDIGO.NS] non-critical missing fields: ['trailing_pe', 'return_on_equity']
2026-09-25 08:36:45,733 [INFO] src.cleaning: [INDUSINDBK.NS] non-critical missing fields: ['ev_to_ebitda', 'return_on_equity', 'debt_to_equity']
2026-09-25 08:36:45,733 [WARNING] src.cleaning: [INFY.NS] outlier values flagged: ['ev_to_ebitda']
2026-09-25 08:36:45,733 [INFO] src.cleaning: [IOB.NS] non-critical missing fields: ['ev_to_ebitda', 'debt_to_equity']
2026-09-25 08:36:45,733 [INFO] src.cleaning: [IPCALAB.NS] non-critical missing fields: ['return_on_equity']
2026-09-25 08:36:45,733 [INFO] src.cleaning: [IRCON.NS] non-critical missing fields: ['return_on_equity']
2026-09-25 08:36:45,734 [INFO] src.cleaning: [IRCTC.NS] non-critical missing fields: ['return_on_equity']
2026-09-25 08:36:45,734 [INFO] src.cleaning: [IRFC.NS] non-critical missing fields: ['ev_to_ebitda', 'return_on_equity']
2026-09-25 08:36:45,734 [INFO] src.cleaning: [ITC.NS] non-critical missing fields: ['return_on_equity']
2026-09-25 08:36:45,734 [INFO] src.cleaning: [JINDALSTEL.NS] non-critical missing fields: ['return_on_equity']
2026-09-25 08:36:45,734 [INFO] src.cleaning: [JKCEMENT.NS] non-critical missing fields: ['return_on_equity']
2026-09-25 08:36:45,734 [INFO] src.cleaning: [JSL.NS] non-critical missing fields: ['return_on_equity']
2026-09-25 08:36:45,734 [INFO] src.cleaning: [JSWSTEEL.NS] non-critical missing fields: ['return_on_equity']
2026-09-25 08:36:45,734 [INFO] src.cleaning: [KAJARIACER.NS] non-critical missing fields: ['return_on_equity']
2026-09-25 08:36:45,734 [INFO] src.cleaning: [KEI.NS] non-critical missing fields: ['return_on_equity']
2026-09-25 08:36:45,734 [INFO] src.cleaning: [KOTAKBANK.NS] non-critical missing fields: ['ev_to_ebitda', 'return_on_equity', 'debt_to_equity']
2026-09-25 08:36:45,734 [INFO] src.cleaning: [KPITTECH.NS] non-critical missing fields: ['return_on_equity']
2026-09-25 08:36:45,734 [INFO] src.cleaning: [LALPATHLAB.NS] non-critical missing fields: ['return_on_equity']
2026-09-25 08:36:45,734 [INFO] src.cleaning: [LAURUSLABS.NS] non-critical missing fields: ['return_on_equity']
2026-09-25 08:36:45,734 [INFO] src.cleaning: [LICHSGFIN.NS] non-critical missing fields: ['ev_to_ebitda', 'return_on_equity']
2026-09-25 08:36:45,734 [INFO] src.cleaning: [LICI.NS] non-critical missing fields: ['return_on_equity']
2026-09-25 08:36:45,734 [INFO] src.cleaning: [LTTS.NS] non-critical missing fields: ['return_on_equity']
2026-09-25 08:36:45,734 [INFO] src.cleaning: [LT.NS] non-critical missing fields: ['return_on_equity']
2026-09-25 08:36:45,734 [INFO] src.cleaning: [LUPIN.NS] non-critical missing fields: ['return_on_equity']
2026-09-25 08:36:45,735 [INFO] src.cleaning: [M&M.NS] non-critical missing fields: ['return_on_equity']
2026-09-25 08:36:45,735 [INFO] src.cleaning: [MANAPPURAM.NS] non-critical missing fields: ['ev_to_ebitda', 'return_on_equity']
2026-09-25 08:36:45,735 [INFO] src.cleaning: [MARICO.NS] non-critical missing fields: ['return_on_equity']
2026-09-25 08:36:45,735 [INFO] src.cleaning: [MARUTI.NS] non-critical missing fields: ['return_on_equity']
2026-09-25 08:36:45,735 [INFO] src.cleaning: [MAZDOCK.NS] non-critical missing fields: ['return_on_equity']
2026-09-25 08:36:45,735 [INFO] src.cleaning: [METROPOLIS.NS] non-critical missing fields: ['return_on_equity']
2026-09-25 08:36:45,735 [INFO] src.cleaning: [MOTHERSON.NS] non-critical missing fields: ['return_on_equity']
2026-09-25 08:36:45,735 [INFO] src.cleaning: [MRF.NS] non-critical missing fields: ['return_on_equity']
2026-09-25 08:36:45,735 [INFO] src.cleaning: [MUTHOOTFIN.NS] non-critical missing fields: ['ev_to_ebitda']
2026-09-25 08:36:45,735 [INFO] src.cleaning: [NATIONALUM.NS] non-critical missing fields: ['return_on_equity']
2026-09-25 08:36:45,735 [INFO] src.cleaning: [NAVINFLUOR.NS] non-critical missing fields: ['return_on_equity']
2026-09-25 08:36:45,735 [INFO] src.cleaning: [NBCC.NS] non-critical missing fields: ['return_on_equity']
2026-09-25 08:36:45,735 [INFO] src.cleaning: [NCC.NS] non-critical missing fields: ['return_on_equity']
2026-09-25 08:36:45,735 [INFO] src.cleaning: [NESTLEIND.NS] non-critical missing fields: ['return_on_equity']
2026-09-25 08:36:45,735 [INFO] src.cleaning: [NMDC.NS] non-critical missing fields: ['return_on_equity']
2026-09-25 08:36:45,735 [INFO] src.cleaning: [NTPC.NS] non-critical missing fields: ['return_on_equity']
2026-09-25 08:36:45,735 [INFO] src.cleaning: [OBEROIRLTY.NS] non-critical missing fields: ['return_on_equity']
2026-09-25 08:36:45,736 [INFO] src.cleaning: [ONGC.NS] non-critical missing fields: ['return_on_equity']
2026-09-25 08:36:45,736 [INFO] src.cleaning: [PAGEIND.NS] non-critical missing fields: ['return_on_equity']
2026-09-25 08:36:45,736 [INFO] src.cleaning: [PFC.NS] non-critical missing fields: ['ev_to_ebitda', 'return_on_equity']
2026-09-25 08:36:45,736 [INFO] src.cleaning: [PGHH.NS] non-critical missing fields: ['return_on_equity']
2026-09-25 08:36:45,736 [INFO] src.cleaning: [PHOENIXLTD.NS] non-critical missing fields: ['return_on_equity']
2026-09-25 08:36:45,736 [INFO] src.cleaning: [PIDILITIND.NS] non-critical missing fields: ['return_on_equity']
2026-09-25 08:36:45,736 [INFO] src.cleaning: [PIIND.NS] non-critical missing fields: ['return_on_equity']
2026-09-25 08:36:45,736 [INFO] src.cleaning: [PNB.NS] non-critical missing fields: ['ev_to_ebitda', 'debt_to_equity']
2026-09-25 08:36:45,736 [INFO] src.cleaning: [POONAWALLA.NS] non-critical missing fields: ['ev_to_ebitda', 'return_on_equity']
2026-09-25 08:36:45,736 [INFO] src.cleaning: [POWERGRID.NS] non-critical missing fields: ['return_on_equity']
2026-09-25 08:36:45,736 [INFO] src.cleaning: [PVRINOX.NS] non-critical missing fields: ['return_on_equity']
2026-09-25 08:36:45,736 [INFO] src.cleaning: [RAMCOCEM.NS] non-critical missing fields: ['return_on_equity']
2026-09-25 08:36:45,736 [INFO] src.cleaning: [RATNAMANI.NS] non-critical missing fields: ['return_on_equity']
2026-09-25 08:36:45,736 [INFO] src.cleaning: [RBLBANK.NS] non-critical missing fields: ['ev_to_ebitda', 'return_on_equity', 'debt_to_equity']
2026-09-25 08:36:45,736 [INFO] src.cleaning: [RELAXO.NS] non-critical missing fields: ['return_on_equity']
2026-09-25 08:36:45,736 [INFO] src.cleaning: [RVNL.NS] non-critical missing fields: ['return_on_equity']
2026-09-25 08:36:45,736 [INFO] src.cleaning: [SAIL.NS] non-critical missing fields: ['return_on_equity']
2026-09-25 08:36:45,736 [INFO] src.cleaning: [SBICARD.NS] non-critical missing fields: ['ev_to_ebitda', 'return_on_equity']
2026-09-25 08:36:45,737 [INFO] src.cleaning: [SBILIFE.NS] non-critical missing fields: ['debt_to_equity']
2026-09-25 08:36:45,737 [INFO] src.cleaning: [SBIN.NS] non-critical missing fields: ['ev_to_ebitda', 'debt_to_equity']
2026-09-25 08:36:45,737 [INFO] src.cleaning: [SHREECEM.NS] non-critical missing fields: ['return_on_equity']
2026-09-25 08:36:45,737 [INFO] src.cleaning: [SHRIRAMFIN.NS] non-critical missing fields: ['ev_to_ebitda']
2026-09-25 08:36:45,737 [INFO] src.cleaning: [SIEMENS.NS] non-critical missing fields: ['return_on_equity']
2026-09-25 08:36:45,737 [INFO] src.cleaning: [SKFINDIA.NS] non-critical missing fields: ['return_on_equity']
2026-09-25 08:36:45,737 [INFO] src.cleaning: [SOBHA.NS] non-critical missing fields: ['return_on_equity']
2026-09-25 08:36:45,737 [INFO] src.cleaning: [SRF.NS] non-critical missing fields: ['return_on_equity']
2026-09-25 08:36:45,737 [INFO] src.cleaning: [SUNDRMFAST.NS] non-critical missing fields: ['return_on_equity']
2026-09-25 08:36:45,737 [INFO] src.cleaning: [SUNPHARMA.NS] non-critical missing fields: ['return_on_equity']
2026-09-25 08:36:45,737 [INFO] src.cleaning: [SUPREMEIND.NS] non-critical missing fields: ['return_on_equity']
2026-09-25 08:36:45,737 [INFO] src.cleaning: [TATACHEM.NS] non-critical missing fields: ['trailing_pe', 'return_on_equity']
2026-09-25 08:36:45,737 [INFO] src.cleaning: [TATACONSUM.NS] non-critical missing fields: ['return_on_equity']
2026-09-25 08:36:45,737 [INFO] src.cleaning: [TATAELXSI.NS] non-critical missing fields: ['return_on_equity']
2026-09-25 08:36:45,737 [INFO] src.cleaning: [TATAPOWER.NS] non-critical missing fields: ['return_on_equity']
2026-09-25 08:36:45,737 [INFO] src.cleaning: [TATASTEEL.NS] non-critical missing fields: ['return_on_equity']
2026-09-25 08:36:45,737 [INFO] src.cleaning: [TECHM.NS] non-critical missing fields: ['return_on_equity']
2026-09-25 08:36:45,737 [INFO] src.cleaning: [THERMAX.NS] non-critical missing fields: ['return_on_equity']
2026-09-25 08:36:45,738 [INFO] src.cleaning: [TIMKEN.NS] non-critical missing fields: ['return_on_equity']
2026-09-25 08:36:45,738 [INFO] src.cleaning: [TITAN.NS] non-critical missing fields: ['return_on_equity']
2026-09-25 08:36:45,738 [INFO] src.cleaning: [TMCV.NS] non-critical missing fields: ['return_on_equity']
2026-09-25 08:36:45,738 [INFO] src.cleaning: [TMPV.NS] non-critical missing fields: ['trailing_pe', 'return_on_equity']
2026-09-25 08:36:45,738 [INFO] src.cleaning: [TORNTPHARM.NS] non-critical missing fields: ['return_on_equity']
2026-09-25 08:36:45,738 [INFO] src.cleaning: [TORNTPOWER.NS] non-critical missing fields: ['return_on_equity']
2026-09-25 08:36:45,738 [INFO] src.cleaning: [TRENT.NS] non-critical missing fields: ['return_on_equity']
2026-09-25 08:36:45,738 [INFO] src.cleaning: [UCOBANK.NS] non-critical missing fields: ['ev_to_ebitda', 'debt_to_equity']
2026-09-25 08:36:45,738 [INFO] src.cleaning: [ULTRACEMCO.NS] non-critical missing fields: ['return_on_equity']
2026-09-25 08:36:45,738 [INFO] src.cleaning: [UNIONBANK.NS] non-critical missing fields: ['ev_to_ebitda', 'debt_to_equity']
2026-09-25 08:36:45,738 [INFO] src.cleaning: [UNITDSPR.NS] non-critical missing fields: ['return_on_equity']
2026-09-25 08:36:45,738 [INFO] src.cleaning: [UNOMINDA.NS] non-critical missing fields: ['return_on_equity']
2026-09-25 08:36:45,738 [INFO] src.cleaning: [UPL.NS] non-critical missing fields: ['return_on_equity']
2026-09-25 08:36:45,738 [INFO] src.cleaning: [VEDL.NS] non-critical missing fields: ['return_on_equity']
2026-09-25 08:36:45,738 [INFO] src.cleaning: [VOLTAS.NS] non-critical missing fields: ['return_on_equity']
2026-09-25 08:36:45,738 [INFO] src.cleaning: [WELCORP.NS] non-critical missing fields: ['return_on_equity']
2026-09-25 08:36:45,738 [INFO] src.cleaning: [WHIRLPOOL.NS] non-critical missing fields: ['return_on_equity']
2026-09-25 08:36:45,738 [INFO] src.cleaning: [ZEEL.NS] non-critical missing fields: ['return_on_equity']
2026-09-25 08:36:45,749 [INFO] src.cleaning: Cleaned 191/201 tickers -> data/processed/cleaned_universe.csv
2026-09-25 08:36:45,749 [INFO] src.cleaning: Full flag audit trail -> data/processed/cleaning_flags.csv
2026-09-25 08:36:45,750 [INFO] __main__: Cleaning validation passed: 191/201 tickers retained (95%)
2026-09-25 08:36:45,750 [INFO] __main__: === Stage 3/8: Scoring ===
2026-09-25 08:36:45,811 [INFO] src.scoring: Scored 191 companies -> data/processed/scored_universe.csv
2026-09-25 08:36:45,811 [INFO] src.scoring: Top 10 shortlist -> data/processed/shortlist_top_n.csv
2026-09-25 08:36:45,812 [WARNING] src.scoring: 24 companies scored on fewer than all 4 buckets (reweighted, not zero-filled) — see 'buckets_used' column: ['IOB.NS', 'BANKINDIA.NS', 'UNIONBANK.NS', 'CANBK.NS', 'IDEA.NS', 'ICICIGI.NS', 'PNB.NS', 'GICRE.NS', 'UCOBANK.NS', 'FEDERALBNK.NS', 'BANKBARODA.NS', 'CENTRALBK.NS', 'AXISBANK.NS', 'KOTAKBANK.NS', 'ICICIBANK.NS', 'SBIN.NS', 'HDFCBANK.NS', 'SBILIFE.NS', 'AUBANK.NS', 'BANDHANBNK.NS', 'GMRAIRPORT.NS', 'IDFCFIRSTB.NS', 'RBLBANK.NS', 'INDUSINDBK.NS']
2026-09-25 08:36:45,813 [INFO] __main__: Scoring validation passed: 191 companies ranked, all scores in valid range
2026-09-25 08:36:45,813 [INFO] __main__: === Stage 4/8: Comps + DuPont ===
2026-09-25 08:36:45,825 [INFO] src.comps_dupont: Comps + DuPont report for top 10 -> data/processed/comps_dupont_report.csv
2026-09-25 08:36:45,826 [WARNING] src.comps_dupont: 1 companies have a DuPont-implied ROE that diverges >5pp from reported ROE (possible data inconsistency, worth a manual check): ['IOB.NS']
2026-09-25 08:36:45,826 [INFO] __main__: === Stage 5/8: Explainability ===
2026-09-25 08:36:45,863 [INFO] src.explainability: Explanations for top 10 companies -> data/processed/explanations.csv
2026-09-25 08:36:45,864 [INFO] __main__: === Stage 6/8: Baseline Comparison ===
2026-09-25 08:36:45,871 [INFO] src.baseline_comparison: Baseline comparison -> data/processed/baseline_comparison.csv
2026-09-25 08:36:45,871 [INFO] __main__: === Stage 7/8: Acquisition Likelihood ===
2026-09-25 08:36:45,875 [INFO] src.acquisition_likelihood: 2 companies excluded from acquisition-likelihood scoring (negative/zero equity — financial distress, not a value-target thesis): ['IDEA.NS', 'GMRAIRPORT.NS']
2026-09-25 08:36:45,886 [INFO] src.acquisition_likelihood: Acquisition likelihood scoring -> data/processed/acquisition_likelihood.csv
2026-09-25 08:36:45,886 [INFO] __main__: === Stage 8/8: Historical Snapshot ===
2026-09-25 08:36:45,894 [INFO] src.history_tracker: Recorded shortlist snapshot for 2026-09-25 (10 companies) -> data/history/shortlist_history.csv (5 distinct days tracked so far)
2026-09-25 08:36:45,899 [INFO] src.history_tracker: Recorded acquisition-likelihood snapshot for 2026-09-25 (10 companies) -> data/history/acquisition_likelihood_history.csv (5 distinct days tracked so far)
2026-09-25 08:36:45,900 [INFO] __main__: === Pipeline completed successfully ===
2026-09-25 08:36:45,900 [INFO] __main__:   ingestion: {'total': 201, 'ok': 200}
2026-09-25 08:36:45,900 [INFO] __main__:   cleaning: {'retained': 191, 'input': 201}
2026-09-25 08:36:45,900 [INFO] __main__:   scoring: {'ranked': 191}
2026-09-25 08:36:45,900 [INFO] __main__:   comps_dupont: {'companies': 10}
2026-09-25 08:36:45,900 [INFO] __main__:   explainability: {'companies': 10}
2026-09-25 08:36:45,900 [INFO] __main__:   baseline_comparison: {'correlation': np.float64(0.49370549896999555), 'overlap_pct': 0.0}
2026-09-25 08:36:45,900 [INFO] __main__:   acquisition_likelihood: {'companies': 10}
2026-09-25 08:36:45,900 [INFO] __main__:   history_tracker: {'recorded': True}
