2026-09-24 08:10:16,743 [INFO] __main__: Logging to file: logs/pipeline_run_2026-09-24T08-10-16Z.log
2026-09-24 08:10:16,743 [INFO] __main__: === Stage 1/8: Ingestion ===
2026-09-24 08:10:16,764 [INFO] src.ingestion: [ACC.NS] fetching fresh data
2026-09-24 08:10:18,894 [INFO] src.ingestion: [AMBUJACEM.NS] fetching fresh data
2026-09-24 08:10:20,306 [INFO] src.ingestion: [ULTRACEMCO.NS] fetching fresh data
2026-09-24 08:10:21,661 [INFO] src.ingestion: [SHREECEM.NS] fetching fresh data
2026-09-24 08:10:23,221 [INFO] src.ingestion: [JKCEMENT.NS] fetching fresh data
2026-09-24 08:10:24,515 [INFO] src.ingestion: [RAMCOCEM.NS] fetching fresh data
2026-09-24 08:10:25,813 [INFO] src.ingestion: [HEIDELBERG.NS] fetching fresh data
2026-09-24 08:10:27,231 [INFO] src.ingestion: [DALBHARAT.NS] fetching fresh data
2026-09-24 08:10:28,839 [INFO] src.ingestion: [INFY.NS] fetching fresh data
2026-09-24 08:10:30,098 [INFO] src.ingestion: [TCS.NS] fetching fresh data
2026-09-24 08:10:31,487 [INFO] src.ingestion: [WIPRO.NS] fetching fresh data
2026-09-24 08:10:32,783 [INFO] src.ingestion: [HCLTECH.NS] fetching fresh data
2026-09-24 08:10:34,152 [INFO] src.ingestion: [TECHM.NS] fetching fresh data
2026-09-24 08:10:35,620 [INFO] src.ingestion: [LTIM.NS] fetching fresh data
2026-09-24 08:10:36,241 [ERROR] yfinance: HTTP Error 404: {"quoteSummary":{"result":null,"error":{"code":"Not Found","description":"Quote not found for symbol: LTIM.NS"}}}
2026-09-24 08:10:36,494 [WARNING] src.ingestion: [LTIM.NS] attempt 1 failed: yfinance returned an empty info payload for LTIM.NS (no exception, but no usable data — likely a transient Yahoo-side issue or an invalid/delisted symbol)
2026-09-24 08:10:38,984 [ERROR] yfinance: HTTP Error 404: {"quoteSummary":{"result":null,"error":{"code":"Not Found","description":"Quote not found for symbol: LTIM.NS"}}}
2026-09-24 08:10:39,072 [WARNING] src.ingestion: [LTIM.NS] attempt 2 failed: yfinance returned an empty info payload for LTIM.NS (no exception, but no usable data — likely a transient Yahoo-side issue or an invalid/delisted symbol)
2026-09-24 08:10:43,546 [ERROR] yfinance: HTTP Error 404: {"quoteSummary":{"result":null,"error":{"code":"Not Found","description":"Quote not found for symbol: LTIM.NS"}}}
2026-09-24 08:10:43,635 [WARNING] src.ingestion: [LTIM.NS] attempt 3 failed: yfinance returned an empty info payload for LTIM.NS (no exception, but no usable data — likely a transient Yahoo-side issue or an invalid/delisted symbol)
2026-09-24 08:10:44,036 [INFO] src.ingestion: [PERSISTENT.NS] fetching fresh data
2026-09-24 08:10:45,399 [INFO] src.ingestion: [COFORGE.NS] fetching fresh data
2026-09-24 08:10:46,695 [INFO] src.ingestion: [MPHASIS.NS] fetching fresh data
2026-09-24 08:10:48,056 [INFO] src.ingestion: [LTTS.NS] fetching fresh data
2026-09-24 08:10:49,321 [INFO] src.ingestion: [TATAELXSI.NS] fetching fresh data
2026-09-24 08:10:50,705 [INFO] src.ingestion: [CYIENT.NS] fetching fresh data
2026-09-24 08:10:51,981 [INFO] src.ingestion: [KPITTECH.NS] fetching fresh data
2026-09-24 08:10:53,386 [INFO] src.ingestion: [HDFCBANK.NS] fetching fresh data
2026-09-24 08:10:54,722 [INFO] src.ingestion: [ICICIBANK.NS] fetching fresh data
2026-09-24 08:10:56,009 [INFO] src.ingestion: [SBIN.NS] fetching fresh data
2026-09-24 08:10:57,339 [INFO] src.ingestion: [AXISBANK.NS] fetching fresh data
2026-09-24 08:10:58,641 [INFO] src.ingestion: [KOTAKBANK.NS] fetching fresh data
2026-09-24 08:11:00,074 [INFO] src.ingestion: [INDUSINDBK.NS] fetching fresh data
2026-09-24 08:11:01,340 [INFO] src.ingestion: [FEDERALBNK.NS] fetching fresh data
2026-09-24 08:11:02,833 [INFO] src.ingestion: [BANDHANBNK.NS] fetching fresh data
2026-09-24 08:11:04,057 [INFO] src.ingestion: [IDFCFIRSTB.NS] fetching fresh data
2026-09-24 08:11:05,425 [INFO] src.ingestion: [PNB.NS] fetching fresh data
2026-09-24 08:11:06,725 [INFO] src.ingestion: [BANKBARODA.NS] fetching fresh data
2026-09-24 08:11:08,051 [INFO] src.ingestion: [CANBK.NS] fetching fresh data
2026-09-24 08:11:09,267 [INFO] src.ingestion: [UNIONBANK.NS] fetching fresh data
2026-09-24 08:11:10,561 [INFO] src.ingestion: [AUBANK.NS] fetching fresh data
2026-09-24 08:11:12,072 [INFO] src.ingestion: [RBLBANK.NS] fetching fresh data
2026-09-24 08:11:13,391 [INFO] src.ingestion: [BANKINDIA.NS] fetching fresh data
2026-09-24 08:11:14,758 [INFO] src.ingestion: [CENTRALBK.NS] fetching fresh data
2026-09-24 08:11:16,010 [INFO] src.ingestion: [IOB.NS] fetching fresh data
2026-09-24 08:11:17,406 [INFO] src.ingestion: [UCOBANK.NS] fetching fresh data
2026-09-24 08:11:18,779 [INFO] src.ingestion: [BAJFINANCE.NS] fetching fresh data
2026-09-24 08:11:20,223 [INFO] src.ingestion: [BAJAJFINSV.NS] fetching fresh data
2026-09-24 08:11:21,504 [INFO] src.ingestion: [CHOLAFIN.NS] fetching fresh data
2026-09-24 08:11:22,784 [INFO] src.ingestion: [MUTHOOTFIN.NS] fetching fresh data
2026-09-24 08:11:24,153 [INFO] src.ingestion: [LICHSGFIN.NS] fetching fresh data
2026-09-24 08:11:25,436 [INFO] src.ingestion: [SHRIRAMFIN.NS] fetching fresh data
2026-09-24 08:11:26,741 [INFO] src.ingestion: [PFC.NS] fetching fresh data
2026-09-24 08:11:28,024 [INFO] src.ingestion: [RECLTD.NS] fetching fresh data
2026-09-24 08:11:29,251 [INFO] src.ingestion: [IRFC.NS] fetching fresh data
2026-09-24 08:11:30,786 [INFO] src.ingestion: [HUDCO.NS] fetching fresh data
2026-09-24 08:11:32,093 [INFO] src.ingestion: [BAJAJHLDNG.NS] fetching fresh data
2026-09-24 08:11:33,421 [INFO] src.ingestion: [SBICARD.NS] fetching fresh data
2026-09-24 08:11:34,757 [INFO] src.ingestion: [MANAPPURAM.NS] fetching fresh data
2026-09-24 08:11:36,069 [INFO] src.ingestion: [POONAWALLA.NS] fetching fresh data
2026-09-24 08:11:37,464 [INFO] src.ingestion: [HDFCLIFE.NS] fetching fresh data
2026-09-24 08:11:38,744 [INFO] src.ingestion: [SBILIFE.NS] fetching fresh data
2026-09-24 08:11:40,167 [INFO] src.ingestion: [ICICIPRULI.NS] fetching fresh data
2026-09-24 08:11:41,492 [INFO] src.ingestion: [ICICIGI.NS] fetching fresh data
2026-09-24 08:11:42,760 [INFO] src.ingestion: [LICI.NS] fetching fresh data
2026-09-24 08:11:44,124 [INFO] src.ingestion: [GICRE.NS] fetching fresh data
2026-09-24 08:11:45,487 [INFO] src.ingestion: [MARUTI.NS] fetching fresh data
2026-09-24 08:11:46,777 [INFO] src.ingestion: [TMPV.NS] fetching fresh data
2026-09-24 08:11:48,238 [INFO] src.ingestion: [TMCV.NS] fetching fresh data
2026-09-24 08:11:49,563 [INFO] src.ingestion: [M&M.NS] fetching fresh data
2026-09-24 08:11:50,993 [INFO] src.ingestion: [EICHERMOT.NS] fetching fresh data
2026-09-24 08:11:52,421 [INFO] src.ingestion: [HEROMOTOCO.NS] fetching fresh data
2026-09-24 08:11:53,768 [INFO] src.ingestion: [BAJAJ-AUTO.NS] fetching fresh data
2026-09-24 08:11:55,286 [INFO] src.ingestion: [TVSMOTOR.NS] fetching fresh data
2026-09-24 08:11:56,644 [INFO] src.ingestion: [ASHOKLEY.NS] fetching fresh data
2026-09-24 08:11:58,031 [INFO] src.ingestion: [BHARATFORG.NS] fetching fresh data
2026-09-24 08:11:59,370 [INFO] src.ingestion: [MOTHERSON.NS] fetching fresh data
2026-09-24 08:12:00,739 [INFO] src.ingestion: [BOSCHLTD.NS] fetching fresh data
2026-09-24 08:12:02,096 [INFO] src.ingestion: [MRF.NS] fetching fresh data
2026-09-24 08:12:03,661 [INFO] src.ingestion: [ENDURANCE.NS] fetching fresh data
2026-09-24 08:12:05,123 [INFO] src.ingestion: [EXIDEIND.NS] fetching fresh data
2026-09-24 08:12:06,477 [INFO] src.ingestion: [ARE&M.NS] fetching fresh data
2026-09-24 08:12:07,744 [INFO] src.ingestion: [SUNDRMFAST.NS] fetching fresh data
2026-09-24 08:12:09,224 [INFO] src.ingestion: [UNOMINDA.NS] fetching fresh data
2026-09-24 08:12:10,655 [INFO] src.ingestion: [SUNPHARMA.NS] fetching fresh data
2026-09-24 08:12:12,002 [INFO] src.ingestion: [DRREDDY.NS] fetching fresh data
2026-09-24 08:12:13,292 [INFO] src.ingestion: [CIPLA.NS] fetching fresh data
2026-09-24 08:12:14,687 [INFO] src.ingestion: [DIVISLAB.NS] fetching fresh data
2026-09-24 08:12:15,995 [INFO] src.ingestion: [LUPIN.NS] fetching fresh data
2026-09-24 08:12:17,341 [INFO] src.ingestion: [AUROPHARMA.NS] fetching fresh data
2026-09-24 08:12:18,659 [INFO] src.ingestion: [BIOCON.NS] fetching fresh data
2026-09-24 08:12:20,112 [INFO] src.ingestion: [TORNTPHARM.NS] fetching fresh data
2026-09-24 08:12:21,416 [INFO] src.ingestion: [ALKEM.NS] fetching fresh data
2026-09-24 08:12:22,721 [INFO] src.ingestion: [ABBOTINDIA.NS] fetching fresh data
2026-09-24 08:12:23,965 [INFO] src.ingestion: [APOLLOHOSP.NS] fetching fresh data
2026-09-24 08:12:25,305 [INFO] src.ingestion: [FORTIS.NS] fetching fresh data
2026-09-24 08:12:26,591 [INFO] src.ingestion: [LALPATHLAB.NS] fetching fresh data
2026-09-24 08:12:27,891 [INFO] src.ingestion: [METROPOLIS.NS] fetching fresh data
2026-09-24 08:12:29,251 [INFO] src.ingestion: [GLAND.NS] fetching fresh data
2026-09-24 08:12:33,961 [INFO] src.ingestion: [LAURUSLABS.NS] fetching fresh data
2026-09-24 08:12:35,308 [INFO] src.ingestion: [GLENMARK.NS] fetching fresh data
2026-09-24 08:12:36,755 [INFO] src.ingestion: [IPCALAB.NS] fetching fresh data
2026-09-24 08:12:38,063 [INFO] src.ingestion: [HINDUNILVR.NS] fetching fresh data
2026-09-24 08:12:39,542 [INFO] src.ingestion: [ITC.NS] fetching fresh data
2026-09-24 08:12:40,979 [INFO] src.ingestion: [NESTLEIND.NS] fetching fresh data
2026-09-24 08:12:42,469 [INFO] src.ingestion: [BRITANNIA.NS] fetching fresh data
2026-09-24 08:12:43,758 [INFO] src.ingestion: [DABUR.NS] fetching fresh data
2026-09-24 08:12:45,088 [INFO] src.ingestion: [GODREJCP.NS] fetching fresh data
2026-09-24 08:12:46,490 [INFO] src.ingestion: [MARICO.NS] fetching fresh data
2026-09-24 08:12:47,801 [INFO] src.ingestion: [COLPAL.NS] fetching fresh data
2026-09-24 08:12:49,111 [INFO] src.ingestion: [TATACONSUM.NS] fetching fresh data
2026-09-24 08:12:50,614 [INFO] src.ingestion: [VBL.NS] fetching fresh data
2026-09-24 08:12:51,893 [INFO] src.ingestion: [UNITDSPR.NS] fetching fresh data
2026-09-24 08:12:53,199 [INFO] src.ingestion: [EMAMILTD.NS] fetching fresh data
2026-09-24 08:12:54,566 [INFO] src.ingestion: [TATASTEEL.NS] fetching fresh data
2026-09-24 08:12:55,825 [INFO] src.ingestion: [JSWSTEEL.NS] fetching fresh data
2026-09-24 08:12:57,281 [INFO] src.ingestion: [HINDALCO.NS] fetching fresh data
2026-09-24 08:12:58,653 [INFO] src.ingestion: [VEDL.NS] fetching fresh data
2026-09-24 08:13:00,079 [INFO] src.ingestion: [COALINDIA.NS] fetching fresh data
2026-09-24 08:13:01,426 [INFO] src.ingestion: [NMDC.NS] fetching fresh data
2026-09-24 08:13:02,772 [INFO] src.ingestion: [SAIL.NS] fetching fresh data
2026-09-24 08:13:04,116 [INFO] src.ingestion: [JINDALSTEL.NS] fetching fresh data
2026-09-24 08:13:05,520 [INFO] src.ingestion: [APLAPOLLO.NS] fetching fresh data
2026-09-24 08:13:06,833 [INFO] src.ingestion: [NATIONALUM.NS] fetching fresh data
2026-09-24 08:13:08,319 [INFO] src.ingestion: [HINDCOPPER.NS] fetching fresh data
2026-09-24 08:13:09,668 [INFO] src.ingestion: [RATNAMANI.NS] fetching fresh data
2026-09-24 08:13:10,963 [INFO] src.ingestion: [HINDZINC.NS] fetching fresh data
2026-09-24 08:13:12,354 [INFO] src.ingestion: [WELCORP.NS] fetching fresh data
2026-09-24 08:13:13,833 [INFO] src.ingestion: [JSL.NS] fetching fresh data
2026-09-24 08:13:15,144 [INFO] src.ingestion: [RELIANCE.NS] fetching fresh data
2026-09-24 08:13:16,477 [INFO] src.ingestion: [ONGC.NS] fetching fresh data
2026-09-24 08:13:17,837 [INFO] src.ingestion: [BPCL.NS] fetching fresh data
2026-09-24 08:13:19,197 [INFO] src.ingestion: [IOC.NS] fetching fresh data
2026-09-24 08:13:20,551 [INFO] src.ingestion: [GAIL.NS] fetching fresh data
2026-09-24 08:13:21,842 [INFO] src.ingestion: [NTPC.NS] fetching fresh data
2026-09-24 08:13:23,267 [INFO] src.ingestion: [POWERGRID.NS] fetching fresh data
2026-09-24 08:13:24,699 [INFO] src.ingestion: [TATAPOWER.NS] fetching fresh data
2026-09-24 08:13:26,213 [INFO] src.ingestion: [ADANIGREEN.NS] fetching fresh data
2026-09-24 08:13:27,737 [INFO] src.ingestion: [ADANIPOWER.NS] fetching fresh data
2026-09-24 08:13:29,082 [INFO] src.ingestion: [TORNTPOWER.NS] fetching fresh data
2026-09-24 08:13:30,536 [INFO] src.ingestion: [LT.NS] fetching fresh data
2026-09-24 08:13:31,919 [INFO] src.ingestion: [SIEMENS.NS] fetching fresh data
2026-09-24 08:13:33,282 [INFO] src.ingestion: [ABB.NS] fetching fresh data
2026-09-24 08:13:34,669 [INFO] src.ingestion: [HAL.NS] fetching fresh data
2026-09-24 08:13:35,979 [INFO] src.ingestion: [BEL.NS] fetching fresh data
2026-09-24 08:13:37,367 [INFO] src.ingestion: [BHEL.NS] fetching fresh data
2026-09-24 08:13:38,711 [INFO] src.ingestion: [CUMMINSIND.NS] fetching fresh data
2026-09-24 08:13:40,120 [INFO] src.ingestion: [THERMAX.NS] fetching fresh data
2026-09-24 08:13:41,453 [INFO] src.ingestion: [POLYCAB.NS] fetching fresh data
2026-09-24 08:13:42,778 [INFO] src.ingestion: [KEI.NS] fetching fresh data
2026-09-24 08:13:44,036 [INFO] src.ingestion: [HAVELLS.NS] fetching fresh data
2026-09-24 08:13:45,392 [INFO] src.ingestion: [CROMPTON.NS] fetching fresh data
2026-09-24 08:13:46,875 [INFO] src.ingestion: [SUPREMEIND.NS] fetching fresh data
2026-09-24 08:13:48,288 [INFO] src.ingestion: [ASTRAL.NS] fetching fresh data
2026-09-24 08:13:49,631 [INFO] src.ingestion: [GRINDWELL.NS] fetching fresh data
2026-09-24 08:13:50,978 [INFO] src.ingestion: [CARBORUNIV.NS] fetching fresh data
2026-09-24 08:13:52,369 [INFO] src.ingestion: [TIMKEN.NS] fetching fresh data
2026-09-24 08:13:53,678 [INFO] src.ingestion: [SKFINDIA.NS] fetching fresh data
2026-09-24 08:13:54,964 [INFO] src.ingestion: [SRF.NS] fetching fresh data
2026-09-24 08:13:56,368 [INFO] src.ingestion: [PIIND.NS] fetching fresh data
2026-09-24 08:13:57,680 [INFO] src.ingestion: [DEEPAKNTR.NS] fetching fresh data
2026-09-24 08:13:58,976 [INFO] src.ingestion: [AARTIIND.NS] fetching fresh data
2026-09-24 08:14:00,256 [INFO] src.ingestion: [NAVINFLUOR.NS] fetching fresh data
2026-09-24 08:14:01,527 [INFO] src.ingestion: [UPL.NS] fetching fresh data
2026-09-24 08:14:02,756 [INFO] src.ingestion: [COROMANDEL.NS] fetching fresh data
2026-09-24 08:14:03,998 [INFO] src.ingestion: [CHAMBLFERT.NS] fetching fresh data
2026-09-24 08:14:05,387 [INFO] src.ingestion: [GNFC.NS] fetching fresh data
2026-09-24 08:14:06,800 [INFO] src.ingestion: [PIDILITIND.NS] fetching fresh data
2026-09-24 08:14:08,070 [INFO] src.ingestion: [TATACHEM.NS] fetching fresh data
2026-09-24 08:14:09,341 [INFO] src.ingestion: [GHCL.NS] fetching fresh data
2026-09-24 08:14:10,698 [INFO] src.ingestion: [TITAN.NS] fetching fresh data
2026-09-24 08:14:12,213 [INFO] src.ingestion: [DMART.NS] fetching fresh data
2026-09-24 08:14:13,498 [INFO] src.ingestion: [TRENT.NS] fetching fresh data
2026-09-24 08:14:14,857 [INFO] src.ingestion: [BATAINDIA.NS] fetching fresh data
2026-09-24 08:14:16,181 [INFO] src.ingestion: [PAGEIND.NS] fetching fresh data
2026-09-24 08:14:17,705 [INFO] src.ingestion: [JUBLFOOD.NS] fetching fresh data
2026-09-24 08:14:19,108 [INFO] src.ingestion: [VOLTAS.NS] fetching fresh data
2026-09-24 08:14:20,408 [INFO] src.ingestion: [DIXON.NS] fetching fresh data
2026-09-24 08:14:21,875 [INFO] src.ingestion: [RELAXO.NS] fetching fresh data
2026-09-24 08:14:23,259 [INFO] src.ingestion: [KAJARIACER.NS] fetching fresh data
2026-09-24 08:14:24,639 [INFO] src.ingestion: [WHIRLPOOL.NS] fetching fresh data
2026-09-24 08:14:25,925 [INFO] src.ingestion: [BLUESTARCO.NS] fetching fresh data
2026-09-24 08:14:27,270 [INFO] src.ingestion: [PGHH.NS] fetching fresh data
2026-09-24 08:14:28,609 [INFO] src.ingestion: [GILLETTE.NS] fetching fresh data
2026-09-24 08:14:29,969 [INFO] src.ingestion: [BHARTIARTL.NS] fetching fresh data
2026-09-24 08:14:31,311 [INFO] src.ingestion: [IDEA.NS] fetching fresh data
2026-09-24 08:14:32,731 [INFO] src.ingestion: [INDUSTOWER.NS] fetching fresh data
2026-09-24 08:14:33,999 [INFO] src.ingestion: [PVRINOX.NS] fetching fresh data
2026-09-24 08:14:35,397 [INFO] src.ingestion: [ZEEL.NS] fetching fresh data
2026-09-24 08:14:36,694 [INFO] src.ingestion: [ADANIPORTS.NS] fetching fresh data
2026-09-24 08:14:37,953 [INFO] src.ingestion: [ADANIENT.NS] fetching fresh data
2026-09-24 08:14:39,339 [INFO] src.ingestion: [GMRAIRPORT.NS] fetching fresh data
2026-09-24 08:14:40,798 [INFO] src.ingestion: [CONCOR.NS] fetching fresh data
2026-09-24 08:14:42,065 [INFO] src.ingestion: [IRCTC.NS] fetching fresh data
2026-09-24 08:14:43,352 [INFO] src.ingestion: [INDIGO.NS] fetching fresh data
2026-09-24 08:14:44,657 [INFO] src.ingestion: [RVNL.NS] fetching fresh data
2026-09-24 08:14:46,038 [INFO] src.ingestion: [IRCON.NS] fetching fresh data
2026-09-24 08:14:47,353 [INFO] src.ingestion: [NBCC.NS] fetching fresh data
2026-09-24 08:14:48,611 [INFO] src.ingestion: [NCC.NS] fetching fresh data
2026-09-24 08:14:49,871 [INFO] src.ingestion: [MAZDOCK.NS] fetching fresh data
2026-09-24 08:14:51,446 [INFO] src.ingestion: [COCHINSHIP.NS] fetching fresh data
2026-09-24 08:14:52,902 [INFO] src.ingestion: [DLF.NS] fetching fresh data
2026-09-24 08:14:54,237 [INFO] src.ingestion: [GODREJPROP.NS] fetching fresh data
2026-09-24 08:14:55,767 [INFO] src.ingestion: [OBEROIRLTY.NS] fetching fresh data
2026-09-24 08:14:57,145 [INFO] src.ingestion: [PRESTIGE.NS] fetching fresh data
2026-09-24 08:14:58,510 [INFO] src.ingestion: [PHOENIXLTD.NS] fetching fresh data
2026-09-24 08:14:59,875 [INFO] src.ingestion: [SOBHA.NS] fetching fresh data
2026-09-24 08:15:01,234 [INFO] src.ingestion: Fetched 200/201 tickers successfully
2026-09-24 08:15:01,234 [WARNING] src.ingestion: Failed tickers (excluded from downstream, not silently zeroed): ['LTIM.NS']
2026-09-24 08:15:01,234 [INFO] __main__: Ingestion validation passed: 200/201 tickers (100%)
2026-09-24 08:15:01,234 [INFO] __main__: === Stage 2/8: Cleaning ===
2026-09-24 08:15:01,239 [WARNING] src.cleaning: [LTIM.NS] EXCLUDED: ingestion failed: yfinance returned an empty info payload for LTIM.NS (no exception, but no usable data — likely a transient Yahoo-side issue or an invalid/delisted symbol)
2026-09-24 08:15:01,240 [INFO] src.cleaning: [AARTIIND.NS] non-critical missing fields: ['return_on_equity']
2026-09-24 08:15:01,240 [INFO] src.cleaning: [ABBOTINDIA.NS] non-critical missing fields: ['return_on_equity']
2026-09-24 08:15:01,240 [INFO] src.cleaning: [ACC.NS] non-critical missing fields: ['return_on_equity']
2026-09-24 08:15:01,240 [INFO] src.cleaning: [ADANIENT.NS] non-critical missing fields: ['return_on_equity']
2026-09-24 08:15:01,240 [INFO] src.cleaning: [ADANIGREEN.NS] non-critical missing fields: ['return_on_equity']
2026-09-24 08:15:01,240 [INFO] src.cleaning: [ADANIPORTS.NS] non-critical missing fields: ['return_on_equity']
2026-09-24 08:15:01,240 [INFO] src.cleaning: [ADANIPOWER.NS] non-critical missing fields: ['return_on_equity']
2026-09-24 08:15:01,240 [INFO] src.cleaning: [ALKEM.NS] non-critical missing fields: ['return_on_equity']
2026-09-24 08:15:01,240 [INFO] src.cleaning: [AMBUJACEM.NS] non-critical missing fields: ['return_on_equity']
2026-09-24 08:15:01,240 [INFO] src.cleaning: [APLAPOLLO.NS] non-critical missing fields: ['return_on_equity']
2026-09-24 08:15:01,240 [INFO] src.cleaning: [APOLLOHOSP.NS] non-critical missing fields: ['return_on_equity']
2026-09-24 08:15:01,240 [INFO] src.cleaning: [ARE&M.NS] non-critical missing fields: ['return_on_equity']
2026-09-24 08:15:01,240 [INFO] src.cleaning: [ASHOKLEY.NS] non-critical missing fields: ['return_on_equity']
2026-09-24 08:15:01,240 [INFO] src.cleaning: [ASTRAL.NS] non-critical missing fields: ['return_on_equity']
2026-09-24 08:15:01,240 [INFO] src.cleaning: [AUBANK.NS] non-critical missing fields: ['ev_to_ebitda', 'return_on_equity', 'debt_to_equity']
2026-09-24 08:15:01,240 [INFO] src.cleaning: [AUROPHARMA.NS] non-critical missing fields: ['return_on_equity']
2026-09-24 08:15:01,240 [INFO] src.cleaning: [AXISBANK.NS] non-critical missing fields: ['ev_to_ebitda', 'debt_to_equity']
2026-09-24 08:15:01,240 [INFO] src.cleaning: [BAJAJ-AUTO.NS] non-critical missing fields: ['return_on_equity']
2026-09-24 08:15:01,240 [INFO] src.cleaning: [BAJAJFINSV.NS] non-critical missing fields: ['return_on_equity']
2026-09-24 08:15:01,240 [WARNING] src.cleaning: [BAJAJHLDNG.NS] outlier values flagged: ['net_margin']
2026-09-24 08:15:01,240 [INFO] src.cleaning: [BAJFINANCE.NS] non-critical missing fields: ['ev_to_ebitda', 'return_on_equity']
2026-09-24 08:15:01,240 [INFO] src.cleaning: [BANDHANBNK.NS] non-critical missing fields: ['ev_to_ebitda', 'return_on_equity', 'debt_to_equity']
2026-09-24 08:15:01,240 [INFO] src.cleaning: [BANKBARODA.NS] non-critical missing fields: ['ev_to_ebitda', 'debt_to_equity']
2026-09-24 08:15:01,240 [INFO] src.cleaning: [BANKINDIA.NS] non-critical missing fields: ['ev_to_ebitda', 'debt_to_equity']
2026-09-24 08:15:01,240 [INFO] src.cleaning: [BATAINDIA.NS] non-critical missing fields: ['return_on_equity']
2026-09-24 08:15:01,241 [INFO] src.cleaning: [BEL.NS] non-critical missing fields: ['return_on_equity']
2026-09-24 08:15:01,241 [INFO] src.cleaning: [BHARATFORG.NS] non-critical missing fields: ['return_on_equity']
2026-09-24 08:15:01,241 [INFO] src.cleaning: [BHEL.NS] non-critical missing fields: ['return_on_equity']
2026-09-24 08:15:01,241 [INFO] src.cleaning: [BIOCON.NS] non-critical missing fields: ['return_on_equity']
2026-09-24 08:15:01,241 [INFO] src.cleaning: [BLUESTARCO.NS] non-critical missing fields: ['return_on_equity']
2026-09-24 08:15:01,241 [INFO] src.cleaning: [BOSCHLTD.NS] non-critical missing fields: ['return_on_equity']
2026-09-24 08:15:01,241 [INFO] src.cleaning: [BPCL.NS] non-critical missing fields: ['return_on_equity']
2026-09-24 08:15:01,241 [INFO] src.cleaning: [BRITANNIA.NS] non-critical missing fields: ['return_on_equity']
2026-09-24 08:15:01,241 [INFO] src.cleaning: [CANBK.NS] non-critical missing fields: ['ev_to_ebitda', 'return_on_equity', 'debt_to_equity']
2026-09-24 08:15:01,241 [INFO] src.cleaning: [CARBORUNIV.NS] non-critical missing fields: ['return_on_equity']
2026-09-24 08:15:01,241 [INFO] src.cleaning: [CENTRALBK.NS] non-critical missing fields: ['ev_to_ebitda', 'debt_to_equity']
2026-09-24 08:15:01,241 [INFO] src.cleaning: [CHAMBLFERT.NS] non-critical missing fields: ['return_on_equity']
2026-09-24 08:15:01,241 [INFO] src.cleaning: [CHOLAFIN.NS] non-critical missing fields: ['ev_to_ebitda', 'return_on_equity']
2026-09-24 08:15:01,241 [INFO] src.cleaning: [CIPLA.NS] non-critical missing fields: ['return_on_equity']
2026-09-24 08:15:01,241 [INFO] src.cleaning: [COALINDIA.NS] non-critical missing fields: ['return_on_equity']
2026-09-24 08:15:01,241 [INFO] src.cleaning: [COCHINSHIP.NS] non-critical missing fields: ['return_on_equity']
2026-09-24 08:15:01,241 [INFO] src.cleaning: [COFORGE.NS] non-critical missing fields: ['return_on_equity']
2026-09-24 08:15:01,241 [INFO] src.cleaning: [COLPAL.NS] non-critical missing fields: ['return_on_equity']
2026-09-24 08:15:01,241 [INFO] src.cleaning: [CONCOR.NS] non-critical missing fields: ['return_on_equity']
2026-09-24 08:15:01,241 [INFO] src.cleaning: [COROMANDEL.NS] non-critical missing fields: ['return_on_equity']
2026-09-24 08:15:01,241 [INFO] src.cleaning: [CROMPTON.NS] non-critical missing fields: ['trailing_pe', 'return_on_equity']
2026-09-24 08:15:01,241 [INFO] src.cleaning: [CUMMINSIND.NS] non-critical missing fields: ['return_on_equity']
2026-09-24 08:15:01,241 [INFO] src.cleaning: [CYIENT.NS] non-critical missing fields: ['return_on_equity']
2026-09-24 08:15:01,241 [INFO] src.cleaning: [DABUR.NS] non-critical missing fields: ['return_on_equity']
2026-09-24 08:15:01,241 [INFO] src.cleaning: [DALBHARAT.NS] non-critical missing fields: ['return_on_equity']
2026-09-24 08:15:01,241 [INFO] src.cleaning: [DEEPAKNTR.NS] non-critical missing fields: ['return_on_equity']
2026-09-24 08:15:01,241 [INFO] src.cleaning: [DIVISLAB.NS] non-critical missing fields: ['return_on_equity']
2026-09-24 08:15:01,241 [INFO] src.cleaning: [DIXON.NS] non-critical missing fields: ['return_on_equity']
2026-09-24 08:15:01,241 [INFO] src.cleaning: [DMART.NS] non-critical missing fields: ['return_on_equity']
2026-09-24 08:15:01,241 [INFO] src.cleaning: [EICHERMOT.NS] non-critical missing fields: ['return_on_equity']
2026-09-24 08:15:01,241 [INFO] src.cleaning: [EMAMILTD.NS] non-critical missing fields: ['return_on_equity']
2026-09-24 08:15:01,241 [INFO] src.cleaning: [ENDURANCE.NS] non-critical missing fields: ['return_on_equity']
2026-09-24 08:15:01,241 [INFO] src.cleaning: [EXIDEIND.NS] non-critical missing fields: ['return_on_equity']
2026-09-24 08:15:01,241 [INFO] src.cleaning: [FEDERALBNK.NS] non-critical missing fields: ['ev_to_ebitda', 'return_on_equity', 'debt_to_equity']
2026-09-24 08:15:01,241 [INFO] src.cleaning: [FORTIS.NS] non-critical missing fields: ['return_on_equity']
2026-09-24 08:15:01,241 [INFO] src.cleaning: [GAIL.NS] non-critical missing fields: ['return_on_equity']
2026-09-24 08:15:01,241 [INFO] src.cleaning: [GHCL.NS] non-critical missing fields: ['return_on_equity']
2026-09-24 08:15:01,241 [INFO] src.cleaning: [GICRE.NS] non-critical missing fields: ['ev_to_ebitda', 'debt_to_equity']
2026-09-24 08:15:01,242 [INFO] src.cleaning: [GILLETTE.NS] non-critical missing fields: ['return_on_equity']
2026-09-24 08:15:01,242 [INFO] src.cleaning: [GLAND.NS] non-critical missing fields: ['return_on_equity']
2026-09-24 08:15:01,242 [INFO] src.cleaning: [GLENMARK.NS] non-critical missing fields: ['return_on_equity']
2026-09-24 08:15:01,242 [WARNING] src.cleaning: [GMRAIRPORT.NS] negative/zero equity — DuPont ROE math will be invalid downstream
2026-09-24 08:15:01,242 [INFO] src.cleaning: [GMRAIRPORT.NS] non-critical missing fields: ['return_on_equity', 'debt_to_equity']
2026-09-24 08:15:01,242 [INFO] src.cleaning: [GNFC.NS] non-critical missing fields: ['return_on_equity']
2026-09-24 08:15:01,242 [INFO] src.cleaning: [GODREJCP.NS] non-critical missing fields: ['return_on_equity']
2026-09-24 08:15:01,242 [INFO] src.cleaning: [GODREJPROP.NS] non-critical missing fields: ['return_on_equity']
2026-09-24 08:15:01,242 [INFO] src.cleaning: [GRINDWELL.NS] non-critical missing fields: ['return_on_equity']
2026-09-24 08:15:01,242 [INFO] src.cleaning: [HAL.NS] non-critical missing fields: ['return_on_equity']
2026-09-24 08:15:01,242 [INFO] src.cleaning: [HAVELLS.NS] non-critical missing fields: ['return_on_equity']
2026-09-24 08:15:01,242 [WARNING] src.cleaning: [HCLTECH.NS] outlier values flagged: ['ev_to_ebitda']
2026-09-24 08:15:01,242 [INFO] src.cleaning: [HDFCBANK.NS] non-critical missing fields: ['ev_to_ebitda', 'debt_to_equity']
2026-09-24 08:15:01,242 [INFO] src.cleaning: [HEIDELBERG.NS] non-critical missing fields: ['return_on_equity']
2026-09-24 08:15:01,242 [INFO] src.cleaning: [HEROMOTOCO.NS] non-critical missing fields: ['return_on_equity']
2026-09-24 08:15:01,242 [INFO] src.cleaning: [HINDALCO.NS] non-critical missing fields: ['return_on_equity']
2026-09-24 08:15:01,242 [INFO] src.cleaning: [HINDCOPPER.NS] non-critical missing fields: ['return_on_equity']
2026-09-24 08:15:01,242 [INFO] src.cleaning: [HINDUNILVR.NS] non-critical missing fields: ['return_on_equity']
2026-09-24 08:15:01,242 [INFO] src.cleaning: [HINDZINC.NS] non-critical missing fields: ['return_on_equity']
2026-09-24 08:15:01,242 [INFO] src.cleaning: [HUDCO.NS] non-critical missing fields: ['ev_to_ebitda', 'return_on_equity']
2026-09-24 08:15:01,242 [INFO] src.cleaning: [ICICIBANK.NS] non-critical missing fields: ['ev_to_ebitda', 'debt_to_equity']
2026-09-24 08:15:01,242 [INFO] src.cleaning: [ICICIGI.NS] non-critical missing fields: ['debt_to_equity']
2026-09-24 08:15:01,242 [WARNING] src.cleaning: [IDEA.NS] negative/zero equity — DuPont ROE math will be invalid downstream
2026-09-24 08:15:01,242 [INFO] src.cleaning: [IDEA.NS] non-critical missing fields: ['return_on_equity', 'debt_to_equity']
2026-09-24 08:15:01,242 [INFO] src.cleaning: [IDFCFIRSTB.NS] non-critical missing fields: ['ev_to_ebitda', 'debt_to_equity']
2026-09-24 08:15:01,242 [WARNING] src.cleaning: [INDIGO.NS] outlier values flagged: ['debt_to_equity']
2026-09-24 08:15:01,242 [INFO] src.cleaning: [INDIGO.NS] non-critical missing fields: ['trailing_pe', 'return_on_equity']
2026-09-24 08:15:01,242 [INFO] src.cleaning: [INDUSINDBK.NS] non-critical missing fields: ['ev_to_ebitda', 'return_on_equity', 'debt_to_equity']
2026-09-24 08:15:01,242 [WARNING] src.cleaning: [INFY.NS] outlier values flagged: ['ev_to_ebitda']
2026-09-24 08:15:01,242 [INFO] src.cleaning: [IOB.NS] non-critical missing fields: ['ev_to_ebitda', 'debt_to_equity']
2026-09-24 08:15:01,242 [INFO] src.cleaning: [IOC.NS] non-critical missing fields: ['return_on_equity']
2026-09-24 08:15:01,242 [INFO] src.cleaning: [IPCALAB.NS] non-critical missing fields: ['return_on_equity']
2026-09-24 08:15:01,242 [INFO] src.cleaning: [IRCON.NS] non-critical missing fields: ['return_on_equity']
2026-09-24 08:15:01,242 [INFO] src.cleaning: [IRCTC.NS] non-critical missing fields: ['return_on_equity']
2026-09-24 08:15:01,242 [INFO] src.cleaning: [IRFC.NS] non-critical missing fields: ['ev_to_ebitda', 'return_on_equity']
2026-09-24 08:15:01,243 [INFO] src.cleaning: [ITC.NS] non-critical missing fields: ['return_on_equity']
2026-09-24 08:15:01,243 [INFO] src.cleaning: [JINDALSTEL.NS] non-critical missing fields: ['return_on_equity']
2026-09-24 08:15:01,243 [INFO] src.cleaning: [JKCEMENT.NS] non-critical missing fields: ['return_on_equity']
2026-09-24 08:15:01,243 [INFO] src.cleaning: [JSL.NS] non-critical missing fields: ['return_on_equity']
2026-09-24 08:15:01,243 [INFO] src.cleaning: [JSWSTEEL.NS] non-critical missing fields: ['return_on_equity']
2026-09-24 08:15:01,243 [INFO] src.cleaning: [JUBLFOOD.NS] non-critical missing fields: ['return_on_equity']
2026-09-24 08:15:01,243 [INFO] src.cleaning: [KAJARIACER.NS] non-critical missing fields: ['return_on_equity']
2026-09-24 08:15:01,243 [INFO] src.cleaning: [KEI.NS] non-critical missing fields: ['return_on_equity']
2026-09-24 08:15:01,243 [INFO] src.cleaning: [KOTAKBANK.NS] non-critical missing fields: ['ev_to_ebitda', 'return_on_equity', 'debt_to_equity']
2026-09-24 08:15:01,243 [INFO] src.cleaning: [KPITTECH.NS] non-critical missing fields: ['return_on_equity']
2026-09-24 08:15:01,243 [INFO] src.cleaning: [LALPATHLAB.NS] non-critical missing fields: ['return_on_equity']
2026-09-24 08:15:01,243 [INFO] src.cleaning: [LAURUSLABS.NS] non-critical missing fields: ['return_on_equity']
2026-09-24 08:15:01,243 [INFO] src.cleaning: [LICHSGFIN.NS] non-critical missing fields: ['ev_to_ebitda', 'return_on_equity']
2026-09-24 08:15:01,243 [INFO] src.cleaning: [LICI.NS] non-critical missing fields: ['return_on_equity']
2026-09-24 08:15:01,243 [INFO] src.cleaning: [LTTS.NS] non-critical missing fields: ['return_on_equity']
2026-09-24 08:15:01,243 [INFO] src.cleaning: [LT.NS] non-critical missing fields: ['return_on_equity']
2026-09-24 08:15:01,243 [INFO] src.cleaning: [LUPIN.NS] non-critical missing fields: ['return_on_equity']
2026-09-24 08:15:01,243 [INFO] src.cleaning: [M&M.NS] non-critical missing fields: ['return_on_equity']
2026-09-24 08:15:01,243 [INFO] src.cleaning: [MANAPPURAM.NS] non-critical missing fields: ['ev_to_ebitda', 'return_on_equity']
2026-09-24 08:15:01,243 [INFO] src.cleaning: [MARICO.NS] non-critical missing fields: ['return_on_equity']
2026-09-24 08:15:01,243 [INFO] src.cleaning: [MARUTI.NS] non-critical missing fields: ['return_on_equity']
2026-09-24 08:15:01,243 [INFO] src.cleaning: [MAZDOCK.NS] non-critical missing fields: ['return_on_equity']
2026-09-24 08:15:01,243 [INFO] src.cleaning: [METROPOLIS.NS] non-critical missing fields: ['return_on_equity']
2026-09-24 08:15:01,243 [INFO] src.cleaning: [MOTHERSON.NS] non-critical missing fields: ['return_on_equity']
2026-09-24 08:15:01,243 [INFO] src.cleaning: [MRF.NS] non-critical missing fields: ['return_on_equity']
2026-09-24 08:15:01,243 [INFO] src.cleaning: [MUTHOOTFIN.NS] non-critical missing fields: ['ev_to_ebitda']
2026-09-24 08:15:01,243 [INFO] src.cleaning: [NATIONALUM.NS] non-critical missing fields: ['return_on_equity']
2026-09-24 08:15:01,243 [INFO] src.cleaning: [NAVINFLUOR.NS] non-critical missing fields: ['return_on_equity']
2026-09-24 08:15:01,243 [INFO] src.cleaning: [NBCC.NS] non-critical missing fields: ['return_on_equity']
2026-09-24 08:15:01,243 [INFO] src.cleaning: [NCC.NS] non-critical missing fields: ['return_on_equity']
2026-09-24 08:15:01,243 [INFO] src.cleaning: [NESTLEIND.NS] non-critical missing fields: ['return_on_equity']
2026-09-24 08:15:01,243 [INFO] src.cleaning: [NMDC.NS] non-critical missing fields: ['return_on_equity']
2026-09-24 08:15:01,243 [INFO] src.cleaning: [NTPC.NS] non-critical missing fields: ['return_on_equity']
2026-09-24 08:15:01,243 [INFO] src.cleaning: [OBEROIRLTY.NS] non-critical missing fields: ['return_on_equity']
2026-09-24 08:15:01,243 [INFO] src.cleaning: [ONGC.NS] non-critical missing fields: ['return_on_equity']
2026-09-24 08:15:01,243 [INFO] src.cleaning: [PAGEIND.NS] non-critical missing fields: ['return_on_equity']
2026-09-24 08:15:01,243 [INFO] src.cleaning: [PFC.NS] non-critical missing fields: ['ev_to_ebitda', 'return_on_equity']
2026-09-24 08:15:01,243 [INFO] src.cleaning: [PGHH.NS] non-critical missing fields: ['return_on_equity']
2026-09-24 08:15:01,243 [INFO] src.cleaning: [PHOENIXLTD.NS] non-critical missing fields: ['return_on_equity']
2026-09-24 08:15:01,243 [INFO] src.cleaning: [PIDILITIND.NS] non-critical missing fields: ['return_on_equity']
2026-09-24 08:15:01,243 [INFO] src.cleaning: [PIIND.NS] non-critical missing fields: ['return_on_equity']
2026-09-24 08:15:01,243 [INFO] src.cleaning: [PNB.NS] non-critical missing fields: ['ev_to_ebitda', 'debt_to_equity']
2026-09-24 08:15:01,243 [INFO] src.cleaning: [POONAWALLA.NS] non-critical missing fields: ['ev_to_ebitda', 'return_on_equity']
2026-09-24 08:15:01,243 [INFO] src.cleaning: [POWERGRID.NS] non-critical missing fields: ['return_on_equity']
2026-09-24 08:15:01,243 [INFO] src.cleaning: [PVRINOX.NS] non-critical missing fields: ['return_on_equity']
2026-09-24 08:15:01,243 [INFO] src.cleaning: [RAMCOCEM.NS] non-critical missing fields: ['return_on_equity']
2026-09-24 08:15:01,243 [INFO] src.cleaning: [RATNAMANI.NS] non-critical missing fields: ['return_on_equity']
2026-09-24 08:15:01,243 [INFO] src.cleaning: [RBLBANK.NS] non-critical missing fields: ['ev_to_ebitda', 'return_on_equity', 'debt_to_equity']
2026-09-24 08:15:01,243 [INFO] src.cleaning: [RECLTD.NS] non-critical missing fields: ['ev_to_ebitda', 'return_on_equity']
2026-09-24 08:15:01,243 [INFO] src.cleaning: [RELAXO.NS] non-critical missing fields: ['return_on_equity']
2026-09-24 08:15:01,243 [INFO] src.cleaning: [RELIANCE.NS] non-critical missing fields: ['return_on_equity']
2026-09-24 08:15:01,243 [INFO] src.cleaning: [RVNL.NS] non-critical missing fields: ['return_on_equity']
2026-09-24 08:15:01,243 [INFO] src.cleaning: [SAIL.NS] non-critical missing fields: ['return_on_equity']
2026-09-24 08:15:01,243 [INFO] src.cleaning: [SBICARD.NS] non-critical missing fields: ['ev_to_ebitda', 'return_on_equity']
2026-09-24 08:15:01,243 [INFO] src.cleaning: [SBILIFE.NS] non-critical missing fields: ['debt_to_equity']
2026-09-24 08:15:01,243 [INFO] src.cleaning: [SBIN.NS] non-critical missing fields: ['ev_to_ebitda', 'debt_to_equity']
2026-09-24 08:15:01,243 [INFO] src.cleaning: [SHREECEM.NS] non-critical missing fields: ['return_on_equity']
2026-09-24 08:15:01,243 [INFO] src.cleaning: [SHRIRAMFIN.NS] non-critical missing fields: ['ev_to_ebitda']
2026-09-24 08:15:01,243 [INFO] src.cleaning: [SIEMENS.NS] non-critical missing fields: ['return_on_equity']
2026-09-24 08:15:01,243 [INFO] src.cleaning: [SKFINDIA.NS] non-critical missing fields: ['return_on_equity']
2026-09-24 08:15:01,243 [INFO] src.cleaning: [SOBHA.NS] non-critical missing fields: ['return_on_equity']
2026-09-24 08:15:01,243 [INFO] src.cleaning: [SRF.NS] non-critical missing fields: ['return_on_equity']
2026-09-24 08:15:01,243 [INFO] src.cleaning: [SUNDRMFAST.NS] non-critical missing fields: ['return_on_equity']
2026-09-24 08:15:01,243 [INFO] src.cleaning: [SUNPHARMA.NS] non-critical missing fields: ['return_on_equity']
2026-09-24 08:15:01,243 [INFO] src.cleaning: [SUPREMEIND.NS] non-critical missing fields: ['return_on_equity']
2026-09-24 08:15:01,243 [INFO] src.cleaning: [TATACHEM.NS] non-critical missing fields: ['trailing_pe', 'return_on_equity']
2026-09-24 08:15:01,243 [INFO] src.cleaning: [TATACONSUM.NS] non-critical missing fields: ['return_on_equity']
2026-09-24 08:15:01,243 [INFO] src.cleaning: [TATAELXSI.NS] non-critical missing fields: ['return_on_equity']
2026-09-24 08:15:01,244 [INFO] src.cleaning: [TATAPOWER.NS] non-critical missing fields: ['return_on_equity']
2026-09-24 08:15:01,244 [INFO] src.cleaning: [TATASTEEL.NS] non-critical missing fields: ['return_on_equity']
2026-09-24 08:15:01,244 [INFO] src.cleaning: [TECHM.NS] non-critical missing fields: ['return_on_equity']
2026-09-24 08:15:01,244 [INFO] src.cleaning: [THERMAX.NS] non-critical missing fields: ['return_on_equity']
2026-09-24 08:15:01,244 [INFO] src.cleaning: [TIMKEN.NS] non-critical missing fields: ['return_on_equity']
2026-09-24 08:15:01,244 [INFO] src.cleaning: [TITAN.NS] non-critical missing fields: ['return_on_equity']
2026-09-24 08:15:01,244 [INFO] src.cleaning: [TMCV.NS] non-critical missing fields: ['return_on_equity']
2026-09-24 08:15:01,244 [INFO] src.cleaning: [TMPV.NS] non-critical missing fields: ['trailing_pe', 'return_on_equity']
2026-09-24 08:15:01,244 [INFO] src.cleaning: [TORNTPHARM.NS] non-critical missing fields: ['return_on_equity']
2026-09-24 08:15:01,244 [INFO] src.cleaning: [TORNTPOWER.NS] non-critical missing fields: ['return_on_equity']
2026-09-24 08:15:01,244 [INFO] src.cleaning: [TRENT.NS] non-critical missing fields: ['return_on_equity']
2026-09-24 08:15:01,244 [INFO] src.cleaning: [TVSMOTOR.NS] non-critical missing fields: ['return_on_equity']
2026-09-24 08:15:01,244 [INFO] src.cleaning: [UCOBANK.NS] non-critical missing fields: ['ev_to_ebitda', 'debt_to_equity']
2026-09-24 08:15:01,244 [INFO] src.cleaning: [ULTRACEMCO.NS] non-critical missing fields: ['return_on_equity']
2026-09-24 08:15:01,244 [INFO] src.cleaning: [UNIONBANK.NS] non-critical missing fields: ['ev_to_ebitda', 'debt_to_equity']
2026-09-24 08:15:01,244 [INFO] src.cleaning: [UNITDSPR.NS] non-critical missing fields: ['return_on_equity']
2026-09-24 08:15:01,244 [INFO] src.cleaning: [UNOMINDA.NS] non-critical missing fields: ['return_on_equity']
2026-09-24 08:15:01,244 [INFO] src.cleaning: [UPL.NS] non-critical missing fields: ['return_on_equity']
2026-09-24 08:15:01,244 [INFO] src.cleaning: [VEDL.NS] non-critical missing fields: ['return_on_equity']
2026-09-24 08:15:01,244 [INFO] src.cleaning: [VOLTAS.NS] non-critical missing fields: ['return_on_equity']
2026-09-24 08:15:01,244 [INFO] src.cleaning: [WELCORP.NS] non-critical missing fields: ['return_on_equity']
2026-09-24 08:15:01,244 [INFO] src.cleaning: [WHIRLPOOL.NS] non-critical missing fields: ['return_on_equity']
2026-09-24 08:15:01,244 [INFO] src.cleaning: [ZEEL.NS] non-critical missing fields: ['return_on_equity']
2026-09-24 08:15:01,250 [INFO] src.cleaning: Cleaned 200/201 tickers -> data/processed/cleaned_universe.csv
2026-09-24 08:15:01,250 [INFO] src.cleaning: Full flag audit trail -> data/processed/cleaning_flags.csv
2026-09-24 08:15:01,251 [INFO] __main__: Cleaning validation passed: 200/201 tickers retained (100%)
2026-09-24 08:15:01,251 [INFO] __main__: === Stage 3/8: Scoring ===
2026-09-24 08:15:01,294 [INFO] src.scoring: Scored 200 companies -> data/processed/scored_universe.csv
2026-09-24 08:15:01,294 [INFO] src.scoring: Top 10 shortlist -> data/processed/shortlist_top_n.csv
2026-09-24 08:15:01,295 [WARNING] src.scoring: 24 companies scored on fewer than all 4 buckets (reweighted, not zero-filled) — see 'buckets_used' column: ['IOB.NS', 'BANKINDIA.NS', 'UNIONBANK.NS', 'CANBK.NS', 'ICICIGI.NS', 'IDEA.NS', 'PNB.NS', 'GICRE.NS', 'FEDERALBNK.NS', 'UCOBANK.NS', 'BANKBARODA.NS', 'CENTRALBK.NS', 'SBIN.NS', 'AXISBANK.NS', 'KOTAKBANK.NS', 'ICICIBANK.NS', 'HDFCBANK.NS', 'SBILIFE.NS', 'AUBANK.NS', 'BANDHANBNK.NS', 'GMRAIRPORT.NS', 'IDFCFIRSTB.NS', 'RBLBANK.NS', 'INDUSINDBK.NS']
2026-09-24 08:15:01,295 [INFO] __main__: Scoring validation passed: 200 companies ranked, all scores in valid range
2026-09-24 08:15:01,295 [INFO] __main__: === Stage 4/8: Comps + DuPont ===
2026-09-24 08:15:01,304 [INFO] src.comps_dupont: Comps + DuPont report for top 10 -> data/processed/comps_dupont_report.csv
2026-09-24 08:15:01,304 [WARNING] src.comps_dupont: 1 companies have a DuPont-implied ROE that diverges >5pp from reported ROE (possible data inconsistency, worth a manual check): ['IOB.NS']
2026-09-24 08:15:01,305 [INFO] __main__: === Stage 5/8: Explainability ===
2026-09-24 08:15:01,329 [INFO] src.explainability: Explanations for top 10 companies -> data/processed/explanations.csv
2026-09-24 08:15:01,329 [INFO] __main__: === Stage 6/8: Baseline Comparison ===
2026-09-24 08:15:01,335 [INFO] src.baseline_comparison: Baseline comparison -> data/processed/baseline_comparison.csv
2026-09-24 08:15:01,335 [INFO] __main__: === Stage 7/8: Acquisition Likelihood ===
2026-09-24 08:15:01,338 [INFO] src.acquisition_likelihood: 2 companies excluded from acquisition-likelihood scoring (negative/zero equity — financial distress, not a value-target thesis): ['IDEA.NS', 'GMRAIRPORT.NS']
2026-09-24 08:15:01,346 [INFO] src.acquisition_likelihood: Acquisition likelihood scoring -> data/processed/acquisition_likelihood.csv
2026-09-24 08:15:01,346 [INFO] __main__: === Stage 8/8: Historical Snapshot ===
2026-09-24 08:15:01,352 [INFO] src.history_tracker: Recorded shortlist snapshot for 2026-09-24 (10 companies) -> data/history/shortlist_history.csv (5 distinct days tracked so far)
2026-09-24 08:15:01,356 [INFO] src.history_tracker: Recorded acquisition-likelihood snapshot for 2026-09-24 (10 companies) -> data/history/acquisition_likelihood_history.csv (5 distinct days tracked so far)
2026-09-24 08:15:01,356 [INFO] __main__: === Pipeline completed successfully ===
2026-09-24 08:15:01,356 [INFO] __main__:   ingestion: {'total': 201, 'ok': 200}
2026-09-24 08:15:01,356 [INFO] __main__:   cleaning: {'retained': 200, 'input': 201}
2026-09-24 08:15:01,356 [INFO] __main__:   scoring: {'ranked': 200}
2026-09-24 08:15:01,356 [INFO] __main__:   comps_dupont: {'companies': 10}
2026-09-24 08:15:01,356 [INFO] __main__:   explainability: {'companies': 10}
2026-09-24 08:15:01,356 [INFO] __main__:   baseline_comparison: {'correlation': np.float64(0.4738961493928295), 'overlap_pct': 0.0}
2026-09-24 08:15:01,356 [INFO] __main__:   acquisition_likelihood: {'companies': 10}
2026-09-24 08:15:01,356 [INFO] __main__:   history_tracker: {'recorded': True}
