2026-09-29 09:30:07,263 [INFO] __main__: Logging to file: logs/pipeline_run_2026-09-29T09-30-07Z.log
2026-09-29 09:30:07,263 [INFO] __main__: === Stage 1/8: Ingestion ===
2026-09-29 09:30:07,294 [INFO] src.ingestion: [ACC.NS] fetching fresh data
2026-09-29 09:30:08,340 [INFO] src.ingestion: [AMBUJACEM.NS] fetching fresh data
2026-09-29 09:30:09,248 [INFO] src.ingestion: [ULTRACEMCO.NS] fetching fresh data
2026-09-29 09:30:10,092 [INFO] src.ingestion: [SHREECEM.NS] fetching fresh data
2026-09-29 09:30:10,909 [INFO] src.ingestion: [JKCEMENT.NS] fetching fresh data
2026-09-29 09:30:11,963 [INFO] src.ingestion: [RAMCOCEM.NS] fetching fresh data
2026-09-29 09:30:12,935 [INFO] src.ingestion: [HEIDELBERG.NS] fetching fresh data
2026-09-29 09:30:13,967 [INFO] src.ingestion: [DALBHARAT.NS] fetching fresh data
2026-09-29 09:30:14,796 [INFO] src.ingestion: [INFY.NS] fetching fresh data
2026-09-29 09:30:15,852 [INFO] src.ingestion: [TCS.NS] fetching fresh data
2026-09-29 09:30:16,788 [INFO] src.ingestion: [WIPRO.NS] fetching fresh data
2026-09-29 09:30:17,874 [INFO] src.ingestion: [HCLTECH.NS] fetching fresh data
2026-09-29 09:30:18,756 [INFO] src.ingestion: [TECHM.NS] fetching fresh data
2026-09-29 09:30:19,664 [INFO] src.ingestion: [LTIM.NS] fetching fresh data
2026-09-29 09:30:19,816 [ERROR] yfinance: HTTP Error 404: {"quoteSummary":{"result":null,"error":{"code":"Not Found","description":"Quote not found for symbol: LTIM.NS"}}}
2026-09-29 09:30:19,967 [WARNING] src.ingestion: [LTIM.NS] attempt 1 failed: yfinance returned an empty info payload for LTIM.NS (no exception, but no usable data — likely a transient Yahoo-side issue or an invalid/delisted symbol)
2026-09-29 09:30:22,101 [ERROR] yfinance: HTTP Error 404: {"quoteSummary":{"result":null,"error":{"code":"Not Found","description":"Quote not found for symbol: LTIM.NS"}}}
2026-09-29 09:30:22,181 [WARNING] src.ingestion: [LTIM.NS] attempt 2 failed: yfinance returned an empty info payload for LTIM.NS (no exception, but no usable data — likely a transient Yahoo-side issue or an invalid/delisted symbol)
2026-09-29 09:30:26,316 [ERROR] yfinance: HTTP Error 404: {"quoteSummary":{"result":null,"error":{"code":"Not Found","description":"Quote not found for symbol: LTIM.NS"}}}
2026-09-29 09:30:26,367 [WARNING] src.ingestion: [LTIM.NS] attempt 3 failed: yfinance returned an empty info payload for LTIM.NS (no exception, but no usable data — likely a transient Yahoo-side issue or an invalid/delisted symbol)
2026-09-29 09:30:26,768 [INFO] src.ingestion: [PERSISTENT.NS] fetching fresh data
2026-09-29 09:30:27,762 [INFO] src.ingestion: [COFORGE.NS] fetching fresh data
2026-09-29 09:30:28,754 [INFO] src.ingestion: [MPHASIS.NS] fetching fresh data
2026-09-29 09:30:29,658 [INFO] src.ingestion: [LTTS.NS] fetching fresh data
2026-09-29 09:30:30,490 [INFO] src.ingestion: [TATAELXSI.NS] fetching fresh data
2026-09-29 09:30:31,487 [INFO] src.ingestion: [CYIENT.NS] fetching fresh data
2026-09-29 09:30:32,407 [INFO] src.ingestion: [KPITTECH.NS] fetching fresh data
2026-09-29 09:30:33,355 [INFO] src.ingestion: [HDFCBANK.NS] fetching fresh data
2026-09-29 09:30:34,265 [INFO] src.ingestion: [ICICIBANK.NS] fetching fresh data
2026-09-29 09:30:35,235 [INFO] src.ingestion: [SBIN.NS] fetching fresh data
2026-09-29 09:30:36,110 [INFO] src.ingestion: [AXISBANK.NS] fetching fresh data
2026-09-29 09:30:37,060 [INFO] src.ingestion: [KOTAKBANK.NS] fetching fresh data
2026-09-29 09:30:37,923 [INFO] src.ingestion: [INDUSINDBK.NS] fetching fresh data
2026-09-29 09:30:38,921 [INFO] src.ingestion: [FEDERALBNK.NS] fetching fresh data
2026-09-29 09:30:39,730 [INFO] src.ingestion: [BANDHANBNK.NS] fetching fresh data
2026-09-29 09:30:40,687 [INFO] src.ingestion: [IDFCFIRSTB.NS] fetching fresh data
2026-09-29 09:30:41,624 [INFO] src.ingestion: [PNB.NS] fetching fresh data
2026-09-29 09:30:42,504 [INFO] src.ingestion: [BANKBARODA.NS] fetching fresh data
2026-09-29 09:30:43,328 [INFO] src.ingestion: [CANBK.NS] fetching fresh data
2026-09-29 09:30:44,317 [INFO] src.ingestion: [UNIONBANK.NS] fetching fresh data
2026-09-29 09:30:45,230 [INFO] src.ingestion: [AUBANK.NS] fetching fresh data
2026-09-29 09:30:46,168 [INFO] src.ingestion: [RBLBANK.NS] fetching fresh data
2026-09-29 09:30:46,949 [INFO] src.ingestion: [BANKINDIA.NS] fetching fresh data
2026-09-29 09:30:47,816 [INFO] src.ingestion: [CENTRALBK.NS] fetching fresh data
2026-09-29 09:30:48,715 [INFO] src.ingestion: [IOB.NS] fetching fresh data
2026-09-29 09:30:49,646 [INFO] src.ingestion: [UCOBANK.NS] fetching fresh data
2026-09-29 09:30:50,507 [INFO] src.ingestion: [BAJFINANCE.NS] fetching fresh data
2026-09-29 09:30:51,397 [INFO] src.ingestion: [BAJAJFINSV.NS] fetching fresh data
2026-09-29 09:30:52,377 [INFO] src.ingestion: [CHOLAFIN.NS] fetching fresh data
2026-09-29 09:30:53,176 [INFO] src.ingestion: [MUTHOOTFIN.NS] fetching fresh data
2026-09-29 09:30:53,977 [INFO] src.ingestion: [LICHSGFIN.NS] fetching fresh data
2026-09-29 09:30:54,934 [INFO] src.ingestion: [SHRIRAMFIN.NS] fetching fresh data
2026-09-29 09:30:55,816 [INFO] src.ingestion: [PFC.NS] fetching fresh data
2026-09-29 09:30:56,637 [INFO] src.ingestion: [RECLTD.NS] fetching fresh data
2026-09-29 09:30:57,508 [INFO] src.ingestion: [IRFC.NS] fetching fresh data
2026-09-29 09:30:58,305 [INFO] src.ingestion: [HUDCO.NS] fetching fresh data
2026-09-29 09:30:59,194 [INFO] src.ingestion: [BAJAJHLDNG.NS] fetching fresh data
2026-09-29 09:31:00,111 [INFO] src.ingestion: [SBICARD.NS] fetching fresh data
2026-09-29 09:31:01,010 [INFO] src.ingestion: [MANAPPURAM.NS] fetching fresh data
2026-09-29 09:31:01,835 [INFO] src.ingestion: [POONAWALLA.NS] fetching fresh data
2026-09-29 09:31:02,839 [INFO] src.ingestion: [HDFCLIFE.NS] fetching fresh data
2026-09-29 09:31:03,740 [INFO] src.ingestion: [SBILIFE.NS] fetching fresh data
2026-09-29 09:31:04,700 [INFO] src.ingestion: [ICICIPRULI.NS] fetching fresh data
2026-09-29 09:31:05,546 [INFO] src.ingestion: [ICICIGI.NS] fetching fresh data
2026-09-29 09:31:06,501 [INFO] src.ingestion: [LICI.NS] fetching fresh data
2026-09-29 09:31:07,454 [INFO] src.ingestion: [GICRE.NS] fetching fresh data
2026-09-29 09:31:08,201 [INFO] src.ingestion: [MARUTI.NS] fetching fresh data
2026-09-29 09:31:09,216 [INFO] src.ingestion: [TMPV.NS] fetching fresh data
2026-09-29 09:31:10,057 [INFO] src.ingestion: [TMCV.NS] fetching fresh data
2026-09-29 09:31:11,078 [INFO] src.ingestion: [M&M.NS] fetching fresh data
2026-09-29 09:31:11,984 [INFO] src.ingestion: [EICHERMOT.NS] fetching fresh data
2026-09-29 09:31:12,849 [INFO] src.ingestion: [HEROMOTOCO.NS] fetching fresh data
2026-09-29 09:31:13,803 [INFO] src.ingestion: [BAJAJ-AUTO.NS] fetching fresh data
2026-09-29 09:31:14,680 [INFO] src.ingestion: [TVSMOTOR.NS] fetching fresh data
2026-09-29 09:31:15,556 [INFO] src.ingestion: [ASHOKLEY.NS] fetching fresh data
2026-09-29 09:31:16,398 [INFO] src.ingestion: [BHARATFORG.NS] fetching fresh data
2026-09-29 09:31:17,227 [INFO] src.ingestion: [MOTHERSON.NS] fetching fresh data
2026-09-29 09:31:18,306 [INFO] src.ingestion: [BOSCHLTD.NS] fetching fresh data
2026-09-29 09:31:19,182 [INFO] src.ingestion: [MRF.NS] fetching fresh data
2026-09-29 09:31:20,202 [INFO] src.ingestion: [ENDURANCE.NS] fetching fresh data
2026-09-29 09:31:21,097 [INFO] src.ingestion: [EXIDEIND.NS] fetching fresh data
2026-09-29 09:31:21,981 [INFO] src.ingestion: [ARE&M.NS] fetching fresh data
2026-09-29 09:31:22,810 [INFO] src.ingestion: [SUNDRMFAST.NS] fetching fresh data
2026-09-29 09:31:23,684 [INFO] src.ingestion: [UNOMINDA.NS] fetching fresh data
2026-09-29 09:31:24,601 [INFO] src.ingestion: [SUNPHARMA.NS] fetching fresh data
2026-09-29 09:31:25,522 [INFO] src.ingestion: [DRREDDY.NS] fetching fresh data
2026-09-29 09:31:26,438 [INFO] src.ingestion: [CIPLA.NS] fetching fresh data
2026-09-29 09:31:27,255 [INFO] src.ingestion: [DIVISLAB.NS] fetching fresh data
2026-09-29 09:31:28,182 [INFO] src.ingestion: [LUPIN.NS] fetching fresh data
2026-09-29 09:31:29,087 [INFO] src.ingestion: [AUROPHARMA.NS] fetching fresh data
2026-09-29 09:31:30,046 [INFO] src.ingestion: [BIOCON.NS] fetching fresh data
2026-09-29 09:31:31,078 [INFO] src.ingestion: [TORNTPHARM.NS] fetching fresh data
2026-09-29 09:31:31,932 [INFO] src.ingestion: [ALKEM.NS] fetching fresh data
2026-09-29 09:31:32,756 [INFO] src.ingestion: [ABBOTINDIA.NS] fetching fresh data
2026-09-29 09:31:33,625 [INFO] src.ingestion: [APOLLOHOSP.NS] fetching fresh data
2026-09-29 09:31:34,555 [INFO] src.ingestion: [FORTIS.NS] fetching fresh data
2026-09-29 09:31:35,406 [INFO] src.ingestion: [LALPATHLAB.NS] fetching fresh data
2026-09-29 09:31:36,263 [INFO] src.ingestion: [METROPOLIS.NS] fetching fresh data
2026-09-29 09:31:37,222 [INFO] src.ingestion: [GLAND.NS] fetching fresh data
2026-09-29 09:31:38,057 [INFO] src.ingestion: [LAURUSLABS.NS] fetching fresh data
2026-09-29 09:31:39,096 [INFO] src.ingestion: [GLENMARK.NS] fetching fresh data
2026-09-29 09:31:40,045 [INFO] src.ingestion: [IPCALAB.NS] fetching fresh data
2026-09-29 09:31:41,012 [INFO] src.ingestion: [HINDUNILVR.NS] fetching fresh data
2026-09-29 09:31:41,953 [INFO] src.ingestion: [ITC.NS] fetching fresh data
2026-09-29 09:31:42,859 [INFO] src.ingestion: [NESTLEIND.NS] fetching fresh data
2026-09-29 09:31:43,891 [INFO] src.ingestion: [BRITANNIA.NS] fetching fresh data
2026-09-29 09:31:44,793 [INFO] src.ingestion: [DABUR.NS] fetching fresh data
2026-09-29 09:31:45,618 [INFO] src.ingestion: [GODREJCP.NS] fetching fresh data
2026-09-29 09:31:46,502 [INFO] src.ingestion: [MARICO.NS] fetching fresh data
2026-09-29 09:31:47,417 [INFO] src.ingestion: [COLPAL.NS] fetching fresh data
2026-09-29 09:31:48,274 [INFO] src.ingestion: [TATACONSUM.NS] fetching fresh data
2026-09-29 09:31:49,181 [INFO] src.ingestion: [VBL.NS] fetching fresh data
2026-09-29 09:31:50,243 [INFO] src.ingestion: [UNITDSPR.NS] fetching fresh data
2026-09-29 09:31:51,245 [INFO] src.ingestion: [EMAMILTD.NS] fetching fresh data
2026-09-29 09:31:52,083 [INFO] src.ingestion: [TATASTEEL.NS] fetching fresh data
2026-09-29 09:31:53,083 [INFO] src.ingestion: [JSWSTEEL.NS] fetching fresh data
2026-09-29 09:31:54,116 [INFO] src.ingestion: [HINDALCO.NS] fetching fresh data
2026-09-29 09:31:54,960 [INFO] src.ingestion: [VEDL.NS] fetching fresh data
2026-09-29 09:31:55,889 [INFO] src.ingestion: [COALINDIA.NS] fetching fresh data
2026-09-29 09:31:56,864 [INFO] src.ingestion: [NMDC.NS] fetching fresh data
2026-09-29 09:31:57,679 [INFO] src.ingestion: [SAIL.NS] fetching fresh data
2026-09-29 09:31:58,609 [INFO] src.ingestion: [JINDALSTEL.NS] fetching fresh data
2026-09-29 09:31:59,467 [INFO] src.ingestion: [APLAPOLLO.NS] fetching fresh data
2026-09-29 09:32:00,401 [INFO] src.ingestion: [NATIONALUM.NS] fetching fresh data
2026-09-29 09:32:01,327 [INFO] src.ingestion: [HINDCOPPER.NS] fetching fresh data
2026-09-29 09:32:02,235 [INFO] src.ingestion: [RATNAMANI.NS] fetching fresh data
2026-09-29 09:32:03,208 [INFO] src.ingestion: [HINDZINC.NS] fetching fresh data
2026-09-29 09:32:04,033 [INFO] src.ingestion: [WELCORP.NS] fetching fresh data
2026-09-29 09:32:04,920 [INFO] src.ingestion: [JSL.NS] fetching fresh data
2026-09-29 09:32:05,877 [INFO] src.ingestion: [RELIANCE.NS] fetching fresh data
2026-09-29 09:32:06,843 [INFO] src.ingestion: [ONGC.NS] fetching fresh data
2026-09-29 09:32:07,657 [INFO] src.ingestion: [BPCL.NS] fetching fresh data
2026-09-29 09:32:08,510 [INFO] src.ingestion: [IOC.NS] fetching fresh data
2026-09-29 09:32:09,653 [INFO] src.ingestion: [GAIL.NS] fetching fresh data
2026-09-29 09:32:10,649 [INFO] src.ingestion: [NTPC.NS] fetching fresh data
2026-09-29 09:32:11,585 [INFO] src.ingestion: [POWERGRID.NS] fetching fresh data
2026-09-29 09:32:12,449 [INFO] src.ingestion: [TATAPOWER.NS] fetching fresh data
2026-09-29 09:32:13,334 [INFO] src.ingestion: [ADANIGREEN.NS] fetching fresh data
2026-09-29 09:32:14,199 [INFO] src.ingestion: [ADANIPOWER.NS] fetching fresh data
2026-09-29 09:32:15,136 [INFO] src.ingestion: [TORNTPOWER.NS] fetching fresh data
2026-09-29 09:32:16,166 [INFO] src.ingestion: [LT.NS] fetching fresh data
2026-09-29 09:32:17,118 [INFO] src.ingestion: [SIEMENS.NS] fetching fresh data
2026-09-29 09:32:18,145 [INFO] src.ingestion: [ABB.NS] fetching fresh data
2026-09-29 09:32:18,977 [INFO] src.ingestion: [HAL.NS] fetching fresh data
2026-09-29 09:32:19,949 [INFO] src.ingestion: [BEL.NS] fetching fresh data
2026-09-29 09:32:20,852 [INFO] src.ingestion: [BHEL.NS] fetching fresh data
2026-09-29 09:32:21,828 [INFO] src.ingestion: [CUMMINSIND.NS] fetching fresh data
2026-09-29 09:32:22,631 [INFO] src.ingestion: [THERMAX.NS] fetching fresh data
2026-09-29 09:32:23,493 [INFO] src.ingestion: [POLYCAB.NS] fetching fresh data
2026-09-29 09:32:24,370 [INFO] src.ingestion: [KEI.NS] fetching fresh data
2026-09-29 09:32:25,333 [INFO] src.ingestion: [HAVELLS.NS] fetching fresh data
2026-09-29 09:32:26,190 [INFO] src.ingestion: [CROMPTON.NS] fetching fresh data
2026-09-29 09:32:27,186 [INFO] src.ingestion: [SUPREMEIND.NS] fetching fresh data
2026-09-29 09:32:27,985 [INFO] src.ingestion: [ASTRAL.NS] fetching fresh data
2026-09-29 09:32:28,918 [INFO] src.ingestion: [GRINDWELL.NS] fetching fresh data
2026-09-29 09:32:29,835 [INFO] src.ingestion: [CARBORUNIV.NS] fetching fresh data
2026-09-29 09:32:30,715 [INFO] src.ingestion: [TIMKEN.NS] fetching fresh data
2026-09-29 09:32:31,573 [INFO] src.ingestion: [SKFINDIA.NS] fetching fresh data
2026-09-29 09:32:32,573 [INFO] src.ingestion: [SRF.NS] fetching fresh data
2026-09-29 09:32:33,420 [INFO] src.ingestion: [PIIND.NS] fetching fresh data
2026-09-29 09:32:34,388 [INFO] src.ingestion: [DEEPAKNTR.NS] fetching fresh data
2026-09-29 09:32:35,368 [INFO] src.ingestion: [AARTIIND.NS] fetching fresh data
2026-09-29 09:32:36,238 [INFO] src.ingestion: [NAVINFLUOR.NS] fetching fresh data
2026-09-29 09:32:37,006 [INFO] src.ingestion: [UPL.NS] fetching fresh data
2026-09-29 09:32:37,921 [INFO] src.ingestion: [COROMANDEL.NS] fetching fresh data
2026-09-29 09:32:38,786 [INFO] src.ingestion: [CHAMBLFERT.NS] fetching fresh data
2026-09-29 09:32:39,775 [INFO] src.ingestion: [GNFC.NS] fetching fresh data
2026-09-29 09:32:40,598 [INFO] src.ingestion: [PIDILITIND.NS] fetching fresh data
2026-09-29 09:32:41,687 [INFO] src.ingestion: [TATACHEM.NS] fetching fresh data
2026-09-29 09:32:42,604 [INFO] src.ingestion: [GHCL.NS] fetching fresh data
2026-09-29 09:32:43,637 [INFO] src.ingestion: [TITAN.NS] fetching fresh data
2026-09-29 09:32:44,493 [INFO] src.ingestion: [DMART.NS] fetching fresh data
2026-09-29 09:32:45,312 [INFO] src.ingestion: [TRENT.NS] fetching fresh data
2026-09-29 09:32:46,153 [INFO] src.ingestion: [BATAINDIA.NS] fetching fresh data
2026-09-29 09:32:47,076 [INFO] src.ingestion: [PAGEIND.NS] fetching fresh data
2026-09-29 09:32:47,904 [INFO] src.ingestion: [JUBLFOOD.NS] fetching fresh data
2026-09-29 09:32:48,870 [INFO] src.ingestion: [VOLTAS.NS] fetching fresh data
2026-09-29 09:32:49,900 [INFO] src.ingestion: [DIXON.NS] fetching fresh data
2026-09-29 09:32:50,885 [INFO] src.ingestion: [RELAXO.NS] fetching fresh data
2026-09-29 09:32:51,867 [INFO] src.ingestion: [KAJARIACER.NS] fetching fresh data
2026-09-29 09:32:52,726 [INFO] src.ingestion: [WHIRLPOOL.NS] fetching fresh data
2026-09-29 09:32:53,537 [INFO] src.ingestion: [BLUESTARCO.NS] fetching fresh data
2026-09-29 09:32:54,449 [INFO] src.ingestion: [PGHH.NS] fetching fresh data
2026-09-29 09:32:55,300 [INFO] src.ingestion: [GILLETTE.NS] fetching fresh data
2026-09-29 09:32:56,103 [INFO] src.ingestion: [BHARTIARTL.NS] fetching fresh data
2026-09-29 09:32:56,925 [INFO] src.ingestion: [IDEA.NS] fetching fresh data
2026-09-29 09:32:57,901 [INFO] src.ingestion: [INDUSTOWER.NS] fetching fresh data
2026-09-29 09:32:58,772 [INFO] src.ingestion: [PVRINOX.NS] fetching fresh data
2026-09-29 09:32:59,813 [INFO] src.ingestion: [ZEEL.NS] fetching fresh data
2026-09-29 09:33:00,663 [INFO] src.ingestion: [ADANIPORTS.NS] fetching fresh data
2026-09-29 09:33:01,798 [INFO] src.ingestion: [ADANIENT.NS] fetching fresh data
2026-09-29 09:33:02,770 [INFO] src.ingestion: [GMRAIRPORT.NS] fetching fresh data
2026-09-29 09:33:03,740 [INFO] src.ingestion: [CONCOR.NS] fetching fresh data
2026-09-29 09:33:04,747 [INFO] src.ingestion: [IRCTC.NS] fetching fresh data
2026-09-29 09:33:05,639 [INFO] src.ingestion: [INDIGO.NS] fetching fresh data
2026-09-29 09:33:06,635 [INFO] src.ingestion: [RVNL.NS] fetching fresh data
2026-09-29 09:33:07,537 [INFO] src.ingestion: [IRCON.NS] fetching fresh data
2026-09-29 09:33:08,597 [INFO] src.ingestion: [NBCC.NS] fetching fresh data
2026-09-29 09:33:09,487 [INFO] src.ingestion: [NCC.NS] fetching fresh data
2026-09-29 09:33:10,312 [INFO] src.ingestion: [MAZDOCK.NS] fetching fresh data
2026-09-29 09:33:11,241 [INFO] src.ingestion: [COCHINSHIP.NS] fetching fresh data
2026-09-29 09:33:12,153 [INFO] src.ingestion: [DLF.NS] fetching fresh data
2026-09-29 09:33:13,170 [INFO] src.ingestion: [GODREJPROP.NS] fetching fresh data
2026-09-29 09:33:14,069 [INFO] src.ingestion: [OBEROIRLTY.NS] fetching fresh data
2026-09-29 09:33:14,912 [INFO] src.ingestion: [PRESTIGE.NS] fetching fresh data
2026-09-29 09:33:15,749 [INFO] src.ingestion: [PHOENIXLTD.NS] fetching fresh data
2026-09-29 09:33:16,627 [INFO] src.ingestion: [SOBHA.NS] fetching fresh data
2026-09-29 09:33:17,504 [INFO] src.ingestion: Fetched 200/201 tickers successfully
2026-09-29 09:33:17,504 [WARNING] src.ingestion: Failed tickers (excluded from downstream, not silently zeroed): ['LTIM.NS']
2026-09-29 09:33:17,504 [INFO] __main__: Ingestion validation passed: 200/201 tickers (100%)
2026-09-29 09:33:17,505 [INFO] __main__: === Stage 2/8: Cleaning ===
2026-09-29 09:33:17,513 [WARNING] src.cleaning: [ASHOKLEY.NS] EXCLUDED: missing critical fields: ['market_cap']
2026-09-29 09:33:17,513 [WARNING] src.cleaning: [BIOCON.NS] EXCLUDED: missing critical fields: ['market_cap']
2026-09-29 09:33:17,513 [WARNING] src.cleaning: [BOSCHLTD.NS] EXCLUDED: missing critical fields: ['market_cap']
2026-09-29 09:33:17,513 [WARNING] src.cleaning: [IOC.NS] EXCLUDED: missing critical fields: ['market_cap']
2026-09-29 09:33:17,513 [WARNING] src.cleaning: [JUBLFOOD.NS] EXCLUDED: missing critical fields: ['market_cap']
2026-09-29 09:33:17,514 [WARNING] src.cleaning: [LTIM.NS] EXCLUDED: ingestion failed: yfinance returned an empty info payload for LTIM.NS (no exception, but no usable data — likely a transient Yahoo-side issue or an invalid/delisted symbol)
2026-09-29 09:33:17,514 [WARNING] src.cleaning: [RECLTD.NS] EXCLUDED: missing critical fields: ['market_cap']
2026-09-29 09:33:17,514 [WARNING] src.cleaning: [RELIANCE.NS] EXCLUDED: missing critical fields: ['market_cap']
2026-09-29 09:33:17,514 [WARNING] src.cleaning: [TCS.NS] EXCLUDED: missing critical fields: ['market_cap']
2026-09-29 09:33:17,514 [WARNING] src.cleaning: [TVSMOTOR.NS] EXCLUDED: missing critical fields: ['market_cap']
2026-09-29 09:33:17,515 [INFO] src.cleaning: [AARTIIND.NS] non-critical missing fields: ['return_on_equity']
2026-09-29 09:33:17,515 [INFO] src.cleaning: [ABBOTINDIA.NS] non-critical missing fields: ['return_on_equity']
2026-09-29 09:33:17,515 [INFO] src.cleaning: [ACC.NS] non-critical missing fields: ['return_on_equity']
2026-09-29 09:33:17,515 [INFO] src.cleaning: [ADANIENT.NS] non-critical missing fields: ['return_on_equity']
2026-09-29 09:33:17,515 [INFO] src.cleaning: [ADANIGREEN.NS] non-critical missing fields: ['return_on_equity']
2026-09-29 09:33:17,515 [INFO] src.cleaning: [ADANIPORTS.NS] non-critical missing fields: ['return_on_equity']
2026-09-29 09:33:17,515 [INFO] src.cleaning: [ADANIPOWER.NS] non-critical missing fields: ['return_on_equity']
2026-09-29 09:33:17,515 [INFO] src.cleaning: [ALKEM.NS] non-critical missing fields: ['return_on_equity']
2026-09-29 09:33:17,515 [INFO] src.cleaning: [AMBUJACEM.NS] non-critical missing fields: ['return_on_equity']
2026-09-29 09:33:17,515 [INFO] src.cleaning: [APLAPOLLO.NS] non-critical missing fields: ['return_on_equity']
2026-09-29 09:33:17,515 [INFO] src.cleaning: [APOLLOHOSP.NS] non-critical missing fields: ['return_on_equity']
2026-09-29 09:33:17,515 [INFO] src.cleaning: [ARE&M.NS] non-critical missing fields: ['return_on_equity']
2026-09-29 09:33:17,515 [INFO] src.cleaning: [ASTRAL.NS] non-critical missing fields: ['return_on_equity']
2026-09-29 09:33:17,515 [INFO] src.cleaning: [AUBANK.NS] non-critical missing fields: ['ev_to_ebitda', 'return_on_equity', 'debt_to_equity']
2026-09-29 09:33:17,515 [INFO] src.cleaning: [AUROPHARMA.NS] non-critical missing fields: ['return_on_equity']
2026-09-29 09:33:17,515 [INFO] src.cleaning: [AXISBANK.NS] non-critical missing fields: ['ev_to_ebitda', 'debt_to_equity']
2026-09-29 09:33:17,515 [INFO] src.cleaning: [BAJAJ-AUTO.NS] non-critical missing fields: ['return_on_equity']
2026-09-29 09:33:17,515 [INFO] src.cleaning: [BAJAJFINSV.NS] non-critical missing fields: ['return_on_equity']
2026-09-29 09:33:17,515 [WARNING] src.cleaning: [BAJAJHLDNG.NS] outlier values flagged: ['net_margin']
2026-09-29 09:33:17,515 [INFO] src.cleaning: [BAJFINANCE.NS] non-critical missing fields: ['ev_to_ebitda', 'return_on_equity']
2026-09-29 09:33:17,516 [INFO] src.cleaning: [BANDHANBNK.NS] non-critical missing fields: ['ev_to_ebitda', 'return_on_equity', 'debt_to_equity']
2026-09-29 09:33:17,516 [INFO] src.cleaning: [BANKBARODA.NS] non-critical missing fields: ['ev_to_ebitda', 'debt_to_equity']
2026-09-29 09:33:17,516 [INFO] src.cleaning: [BANKINDIA.NS] non-critical missing fields: ['ev_to_ebitda', 'debt_to_equity']
2026-09-29 09:33:17,516 [INFO] src.cleaning: [BATAINDIA.NS] non-critical missing fields: ['return_on_equity']
2026-09-29 09:33:17,516 [INFO] src.cleaning: [BEL.NS] non-critical missing fields: ['return_on_equity']
2026-09-29 09:33:17,516 [INFO] src.cleaning: [BHARATFORG.NS] non-critical missing fields: ['return_on_equity']
2026-09-29 09:33:17,516 [INFO] src.cleaning: [BHEL.NS] non-critical missing fields: ['return_on_equity']
2026-09-29 09:33:17,516 [INFO] src.cleaning: [BLUESTARCO.NS] non-critical missing fields: ['return_on_equity']
2026-09-29 09:33:17,516 [INFO] src.cleaning: [BPCL.NS] non-critical missing fields: ['return_on_equity']
2026-09-29 09:33:17,516 [INFO] src.cleaning: [BRITANNIA.NS] non-critical missing fields: ['return_on_equity']
2026-09-29 09:33:17,516 [INFO] src.cleaning: [CANBK.NS] non-critical missing fields: ['ev_to_ebitda', 'return_on_equity', 'debt_to_equity']
2026-09-29 09:33:17,516 [INFO] src.cleaning: [CARBORUNIV.NS] non-critical missing fields: ['return_on_equity']
2026-09-29 09:33:17,516 [INFO] src.cleaning: [CENTRALBK.NS] non-critical missing fields: ['ev_to_ebitda', 'debt_to_equity']
2026-09-29 09:33:17,516 [INFO] src.cleaning: [CHAMBLFERT.NS] non-critical missing fields: ['return_on_equity']
2026-09-29 09:33:17,516 [INFO] src.cleaning: [CHOLAFIN.NS] non-critical missing fields: ['ev_to_ebitda', 'return_on_equity']
2026-09-29 09:33:17,516 [INFO] src.cleaning: [CIPLA.NS] non-critical missing fields: ['return_on_equity']
2026-09-29 09:33:17,516 [INFO] src.cleaning: [COALINDIA.NS] non-critical missing fields: ['return_on_equity']
2026-09-29 09:33:17,516 [INFO] src.cleaning: [COCHINSHIP.NS] non-critical missing fields: ['return_on_equity']
2026-09-29 09:33:17,516 [INFO] src.cleaning: [COFORGE.NS] non-critical missing fields: ['return_on_equity']
2026-09-29 09:33:17,516 [INFO] src.cleaning: [COLPAL.NS] non-critical missing fields: ['return_on_equity']
2026-09-29 09:33:17,516 [INFO] src.cleaning: [CONCOR.NS] non-critical missing fields: ['return_on_equity']
2026-09-29 09:33:17,516 [INFO] src.cleaning: [COROMANDEL.NS] non-critical missing fields: ['return_on_equity']
2026-09-29 09:33:17,516 [INFO] src.cleaning: [CROMPTON.NS] non-critical missing fields: ['trailing_pe', 'return_on_equity']
2026-09-29 09:33:17,516 [INFO] src.cleaning: [CUMMINSIND.NS] non-critical missing fields: ['return_on_equity']
2026-09-29 09:33:17,516 [INFO] src.cleaning: [CYIENT.NS] non-critical missing fields: ['return_on_equity']
2026-09-29 09:33:17,517 [INFO] src.cleaning: [DABUR.NS] non-critical missing fields: ['return_on_equity']
2026-09-29 09:33:17,517 [INFO] src.cleaning: [DALBHARAT.NS] non-critical missing fields: ['return_on_equity']
2026-09-29 09:33:17,517 [INFO] src.cleaning: [DEEPAKNTR.NS] non-critical missing fields: ['return_on_equity']
2026-09-29 09:33:17,517 [INFO] src.cleaning: [DIVISLAB.NS] non-critical missing fields: ['return_on_equity']
2026-09-29 09:33:17,517 [INFO] src.cleaning: [DIXON.NS] non-critical missing fields: ['return_on_equity']
2026-09-29 09:33:17,517 [INFO] src.cleaning: [DMART.NS] non-critical missing fields: ['return_on_equity']
2026-09-29 09:33:17,517 [INFO] src.cleaning: [EICHERMOT.NS] non-critical missing fields: ['return_on_equity']
2026-09-29 09:33:17,517 [INFO] src.cleaning: [EMAMILTD.NS] non-critical missing fields: ['return_on_equity']
2026-09-29 09:33:17,517 [INFO] src.cleaning: [ENDURANCE.NS] non-critical missing fields: ['return_on_equity']
2026-09-29 09:33:17,517 [INFO] src.cleaning: [EXIDEIND.NS] non-critical missing fields: ['return_on_equity']
2026-09-29 09:33:17,517 [INFO] src.cleaning: [FEDERALBNK.NS] non-critical missing fields: ['ev_to_ebitda', 'return_on_equity', 'debt_to_equity']
2026-09-29 09:33:17,517 [INFO] src.cleaning: [FORTIS.NS] non-critical missing fields: ['return_on_equity']
2026-09-29 09:33:17,517 [INFO] src.cleaning: [GAIL.NS] non-critical missing fields: ['return_on_equity']
2026-09-29 09:33:17,517 [INFO] src.cleaning: [GHCL.NS] non-critical missing fields: ['return_on_equity']
2026-09-29 09:33:17,517 [INFO] src.cleaning: [GICRE.NS] non-critical missing fields: ['ev_to_ebitda', 'debt_to_equity']
2026-09-29 09:33:17,517 [INFO] src.cleaning: [GILLETTE.NS] non-critical missing fields: ['return_on_equity']
2026-09-29 09:33:17,517 [INFO] src.cleaning: [GLAND.NS] non-critical missing fields: ['return_on_equity']
2026-09-29 09:33:17,517 [INFO] src.cleaning: [GLENMARK.NS] non-critical missing fields: ['return_on_equity']
2026-09-29 09:33:17,517 [WARNING] src.cleaning: [GMRAIRPORT.NS] negative/zero equity — DuPont ROE math will be invalid downstream
2026-09-29 09:33:17,517 [INFO] src.cleaning: [GMRAIRPORT.NS] non-critical missing fields: ['return_on_equity', 'debt_to_equity']
2026-09-29 09:33:17,517 [INFO] src.cleaning: [GNFC.NS] non-critical missing fields: ['return_on_equity']
2026-09-29 09:33:17,517 [INFO] src.cleaning: [GODREJCP.NS] non-critical missing fields: ['return_on_equity']
2026-09-29 09:33:17,517 [INFO] src.cleaning: [GODREJPROP.NS] non-critical missing fields: ['return_on_equity']
2026-09-29 09:33:17,517 [INFO] src.cleaning: [GRINDWELL.NS] non-critical missing fields: ['return_on_equity']
2026-09-29 09:33:17,517 [INFO] src.cleaning: [HAL.NS] non-critical missing fields: ['return_on_equity']
2026-09-29 09:33:17,517 [INFO] src.cleaning: [HAVELLS.NS] non-critical missing fields: ['return_on_equity']
2026-09-29 09:33:17,517 [WARNING] src.cleaning: [HCLTECH.NS] outlier values flagged: ['ev_to_ebitda']
2026-09-29 09:33:17,517 [INFO] src.cleaning: [HDFCBANK.NS] non-critical missing fields: ['ev_to_ebitda', 'debt_to_equity']
2026-09-29 09:33:17,517 [INFO] src.cleaning: [HEIDELBERG.NS] non-critical missing fields: ['return_on_equity']
2026-09-29 09:33:17,517 [INFO] src.cleaning: [HEROMOTOCO.NS] non-critical missing fields: ['return_on_equity']
2026-09-29 09:33:17,517 [INFO] src.cleaning: [HINDALCO.NS] non-critical missing fields: ['return_on_equity']
2026-09-29 09:33:17,518 [INFO] src.cleaning: [HINDCOPPER.NS] non-critical missing fields: ['return_on_equity']
2026-09-29 09:33:17,518 [INFO] src.cleaning: [HINDUNILVR.NS] non-critical missing fields: ['return_on_equity']
2026-09-29 09:33:17,518 [INFO] src.cleaning: [HINDZINC.NS] non-critical missing fields: ['return_on_equity']
2026-09-29 09:33:17,518 [INFO] src.cleaning: [HUDCO.NS] non-critical missing fields: ['ev_to_ebitda', 'return_on_equity']
2026-09-29 09:33:17,518 [INFO] src.cleaning: [ICICIBANK.NS] non-critical missing fields: ['ev_to_ebitda', 'debt_to_equity']
2026-09-29 09:33:17,518 [INFO] src.cleaning: [ICICIGI.NS] non-critical missing fields: ['debt_to_equity']
2026-09-29 09:33:17,518 [WARNING] src.cleaning: [IDEA.NS] negative/zero equity — DuPont ROE math will be invalid downstream
2026-09-29 09:33:17,518 [INFO] src.cleaning: [IDEA.NS] non-critical missing fields: ['return_on_equity', 'debt_to_equity']
2026-09-29 09:33:17,518 [INFO] src.cleaning: [IDFCFIRSTB.NS] non-critical missing fields: ['ev_to_ebitda', 'debt_to_equity']
2026-09-29 09:33:17,518 [WARNING] src.cleaning: [INDIGO.NS] outlier values flagged: ['debt_to_equity']
2026-09-29 09:33:17,518 [INFO] src.cleaning: [INDIGO.NS] non-critical missing fields: ['trailing_pe', 'return_on_equity']
2026-09-29 09:33:17,518 [INFO] src.cleaning: [INDUSINDBK.NS] non-critical missing fields: ['ev_to_ebitda', 'return_on_equity', 'debt_to_equity']
2026-09-29 09:33:17,518 [WARNING] src.cleaning: [INFY.NS] outlier values flagged: ['ev_to_ebitda']
2026-09-29 09:33:17,518 [INFO] src.cleaning: [IOB.NS] non-critical missing fields: ['ev_to_ebitda', 'debt_to_equity']
2026-09-29 09:33:17,518 [INFO] src.cleaning: [IPCALAB.NS] non-critical missing fields: ['return_on_equity']
2026-09-29 09:33:17,518 [INFO] src.cleaning: [IRCON.NS] non-critical missing fields: ['return_on_equity']
2026-09-29 09:33:17,518 [INFO] src.cleaning: [IRCTC.NS] non-critical missing fields: ['return_on_equity']
2026-09-29 09:33:17,518 [INFO] src.cleaning: [IRFC.NS] non-critical missing fields: ['ev_to_ebitda', 'return_on_equity']
2026-09-29 09:33:17,518 [INFO] src.cleaning: [ITC.NS] non-critical missing fields: ['return_on_equity']
2026-09-29 09:33:17,518 [INFO] src.cleaning: [JINDALSTEL.NS] non-critical missing fields: ['return_on_equity']
2026-09-29 09:33:17,518 [INFO] src.cleaning: [JKCEMENT.NS] non-critical missing fields: ['return_on_equity']
2026-09-29 09:33:17,518 [INFO] src.cleaning: [JSL.NS] non-critical missing fields: ['return_on_equity']
2026-09-29 09:33:17,518 [INFO] src.cleaning: [JSWSTEEL.NS] non-critical missing fields: ['return_on_equity']
2026-09-29 09:33:17,518 [INFO] src.cleaning: [KAJARIACER.NS] non-critical missing fields: ['return_on_equity']
2026-09-29 09:33:17,518 [INFO] src.cleaning: [KEI.NS] non-critical missing fields: ['return_on_equity']
2026-09-29 09:33:17,518 [INFO] src.cleaning: [KOTAKBANK.NS] non-critical missing fields: ['ev_to_ebitda', 'return_on_equity', 'debt_to_equity']
2026-09-29 09:33:17,519 [INFO] src.cleaning: [KPITTECH.NS] non-critical missing fields: ['return_on_equity']
2026-09-29 09:33:17,519 [INFO] src.cleaning: [LALPATHLAB.NS] non-critical missing fields: ['return_on_equity']
2026-09-29 09:33:17,519 [INFO] src.cleaning: [LAURUSLABS.NS] non-critical missing fields: ['return_on_equity']
2026-09-29 09:33:17,519 [INFO] src.cleaning: [LICHSGFIN.NS] non-critical missing fields: ['ev_to_ebitda', 'return_on_equity']
2026-09-29 09:33:17,519 [INFO] src.cleaning: [LICI.NS] non-critical missing fields: ['return_on_equity']
2026-09-29 09:33:17,519 [INFO] src.cleaning: [LTTS.NS] non-critical missing fields: ['return_on_equity']
2026-09-29 09:33:17,519 [INFO] src.cleaning: [LT.NS] non-critical missing fields: ['return_on_equity']
2026-09-29 09:33:17,519 [INFO] src.cleaning: [LUPIN.NS] non-critical missing fields: ['return_on_equity']
2026-09-29 09:33:17,519 [INFO] src.cleaning: [M&M.NS] non-critical missing fields: ['return_on_equity']
2026-09-29 09:33:17,519 [INFO] src.cleaning: [MANAPPURAM.NS] non-critical missing fields: ['ev_to_ebitda', 'return_on_equity']
2026-09-29 09:33:17,519 [INFO] src.cleaning: [MARICO.NS] non-critical missing fields: ['return_on_equity']
2026-09-29 09:33:17,519 [INFO] src.cleaning: [MARUTI.NS] non-critical missing fields: ['return_on_equity']
2026-09-29 09:33:17,519 [INFO] src.cleaning: [MAZDOCK.NS] non-critical missing fields: ['return_on_equity']
2026-09-29 09:33:17,519 [INFO] src.cleaning: [METROPOLIS.NS] non-critical missing fields: ['return_on_equity']
2026-09-29 09:33:17,519 [INFO] src.cleaning: [MOTHERSON.NS] non-critical missing fields: ['return_on_equity']
2026-09-29 09:33:17,519 [INFO] src.cleaning: [MRF.NS] non-critical missing fields: ['return_on_equity']
2026-09-29 09:33:17,519 [INFO] src.cleaning: [MUTHOOTFIN.NS] non-critical missing fields: ['ev_to_ebitda']
2026-09-29 09:33:17,519 [INFO] src.cleaning: [NATIONALUM.NS] non-critical missing fields: ['return_on_equity']
2026-09-29 09:33:17,519 [INFO] src.cleaning: [NAVINFLUOR.NS] non-critical missing fields: ['return_on_equity']
2026-09-29 09:33:17,519 [INFO] src.cleaning: [NBCC.NS] non-critical missing fields: ['return_on_equity']
2026-09-29 09:33:17,519 [INFO] src.cleaning: [NCC.NS] non-critical missing fields: ['return_on_equity']
2026-09-29 09:33:17,519 [INFO] src.cleaning: [NESTLEIND.NS] non-critical missing fields: ['return_on_equity']
2026-09-29 09:33:17,519 [INFO] src.cleaning: [NMDC.NS] non-critical missing fields: ['return_on_equity']
2026-09-29 09:33:17,519 [INFO] src.cleaning: [NTPC.NS] non-critical missing fields: ['return_on_equity']
2026-09-29 09:33:17,519 [INFO] src.cleaning: [OBEROIRLTY.NS] non-critical missing fields: ['return_on_equity']
2026-09-29 09:33:17,520 [INFO] src.cleaning: [ONGC.NS] non-critical missing fields: ['return_on_equity']
2026-09-29 09:33:17,520 [INFO] src.cleaning: [PAGEIND.NS] non-critical missing fields: ['return_on_equity']
2026-09-29 09:33:17,520 [INFO] src.cleaning: [PFC.NS] non-critical missing fields: ['ev_to_ebitda', 'return_on_equity']
2026-09-29 09:33:17,520 [INFO] src.cleaning: [PGHH.NS] non-critical missing fields: ['return_on_equity']
2026-09-29 09:33:17,520 [INFO] src.cleaning: [PHOENIXLTD.NS] non-critical missing fields: ['return_on_equity']
2026-09-29 09:33:17,520 [INFO] src.cleaning: [PIDILITIND.NS] non-critical missing fields: ['return_on_equity']
2026-09-29 09:33:17,520 [INFO] src.cleaning: [PIIND.NS] non-critical missing fields: ['return_on_equity']
2026-09-29 09:33:17,520 [INFO] src.cleaning: [PNB.NS] non-critical missing fields: ['ev_to_ebitda', 'debt_to_equity']
2026-09-29 09:33:17,520 [INFO] src.cleaning: [POONAWALLA.NS] non-critical missing fields: ['ev_to_ebitda', 'return_on_equity']
2026-09-29 09:33:17,520 [INFO] src.cleaning: [POWERGRID.NS] non-critical missing fields: ['return_on_equity']
2026-09-29 09:33:17,520 [INFO] src.cleaning: [PVRINOX.NS] non-critical missing fields: ['return_on_equity']
2026-09-29 09:33:17,520 [INFO] src.cleaning: [RAMCOCEM.NS] non-critical missing fields: ['return_on_equity']
2026-09-29 09:33:17,520 [INFO] src.cleaning: [RATNAMANI.NS] non-critical missing fields: ['return_on_equity']
2026-09-29 09:33:17,520 [INFO] src.cleaning: [RBLBANK.NS] non-critical missing fields: ['ev_to_ebitda', 'return_on_equity', 'debt_to_equity']
2026-09-29 09:33:17,520 [INFO] src.cleaning: [RELAXO.NS] non-critical missing fields: ['return_on_equity']
2026-09-29 09:33:17,520 [INFO] src.cleaning: [RVNL.NS] non-critical missing fields: ['return_on_equity']
2026-09-29 09:33:17,520 [INFO] src.cleaning: [SAIL.NS] non-critical missing fields: ['return_on_equity']
2026-09-29 09:33:17,520 [INFO] src.cleaning: [SBICARD.NS] non-critical missing fields: ['ev_to_ebitda', 'return_on_equity']
2026-09-29 09:33:17,520 [INFO] src.cleaning: [SBILIFE.NS] non-critical missing fields: ['debt_to_equity']
2026-09-29 09:33:17,520 [INFO] src.cleaning: [SBIN.NS] non-critical missing fields: ['ev_to_ebitda', 'debt_to_equity']
2026-09-29 09:33:17,520 [INFO] src.cleaning: [SHREECEM.NS] non-critical missing fields: ['return_on_equity']
2026-09-29 09:33:17,520 [INFO] src.cleaning: [SHRIRAMFIN.NS] non-critical missing fields: ['ev_to_ebitda']
2026-09-29 09:33:17,521 [INFO] src.cleaning: [SIEMENS.NS] non-critical missing fields: ['return_on_equity']
2026-09-29 09:33:17,521 [INFO] src.cleaning: [SKFINDIA.NS] non-critical missing fields: ['return_on_equity']
2026-09-29 09:33:17,521 [INFO] src.cleaning: [SOBHA.NS] non-critical missing fields: ['return_on_equity']
2026-09-29 09:33:17,521 [INFO] src.cleaning: [SRF.NS] non-critical missing fields: ['return_on_equity']
2026-09-29 09:33:17,521 [INFO] src.cleaning: [SUNDRMFAST.NS] non-critical missing fields: ['return_on_equity']
2026-09-29 09:33:17,521 [INFO] src.cleaning: [SUNPHARMA.NS] non-critical missing fields: ['return_on_equity']
2026-09-29 09:33:17,521 [INFO] src.cleaning: [SUPREMEIND.NS] non-critical missing fields: ['return_on_equity']
2026-09-29 09:33:17,521 [INFO] src.cleaning: [TATACHEM.NS] non-critical missing fields: ['trailing_pe', 'return_on_equity']
2026-09-29 09:33:17,521 [INFO] src.cleaning: [TATACONSUM.NS] non-critical missing fields: ['return_on_equity']
2026-09-29 09:33:17,521 [INFO] src.cleaning: [TATAELXSI.NS] non-critical missing fields: ['return_on_equity']
2026-09-29 09:33:17,521 [INFO] src.cleaning: [TATAPOWER.NS] non-critical missing fields: ['return_on_equity']
2026-09-29 09:33:17,521 [INFO] src.cleaning: [TATASTEEL.NS] non-critical missing fields: ['return_on_equity']
2026-09-29 09:33:17,521 [INFO] src.cleaning: [TECHM.NS] non-critical missing fields: ['return_on_equity']
2026-09-29 09:33:17,521 [INFO] src.cleaning: [THERMAX.NS] non-critical missing fields: ['return_on_equity']
2026-09-29 09:33:17,521 [INFO] src.cleaning: [TIMKEN.NS] non-critical missing fields: ['return_on_equity']
2026-09-29 09:33:17,521 [INFO] src.cleaning: [TITAN.NS] non-critical missing fields: ['return_on_equity']
2026-09-29 09:33:17,521 [INFO] src.cleaning: [TMCV.NS] non-critical missing fields: ['return_on_equity']
2026-09-29 09:33:17,521 [INFO] src.cleaning: [TMPV.NS] non-critical missing fields: ['trailing_pe', 'return_on_equity']
2026-09-29 09:33:17,521 [INFO] src.cleaning: [TORNTPHARM.NS] non-critical missing fields: ['return_on_equity']
2026-09-29 09:33:17,521 [INFO] src.cleaning: [TORNTPOWER.NS] non-critical missing fields: ['return_on_equity']
2026-09-29 09:33:17,521 [INFO] src.cleaning: [TRENT.NS] non-critical missing fields: ['return_on_equity']
2026-09-29 09:33:17,521 [INFO] src.cleaning: [UCOBANK.NS] non-critical missing fields: ['ev_to_ebitda', 'debt_to_equity']
2026-09-29 09:33:17,521 [INFO] src.cleaning: [ULTRACEMCO.NS] non-critical missing fields: ['return_on_equity']
2026-09-29 09:33:17,521 [INFO] src.cleaning: [UNIONBANK.NS] non-critical missing fields: ['ev_to_ebitda', 'debt_to_equity']
2026-09-29 09:33:17,522 [INFO] src.cleaning: [UNITDSPR.NS] non-critical missing fields: ['return_on_equity']
2026-09-29 09:33:17,522 [INFO] src.cleaning: [UNOMINDA.NS] non-critical missing fields: ['return_on_equity']
2026-09-29 09:33:17,522 [INFO] src.cleaning: [UPL.NS] non-critical missing fields: ['return_on_equity']
2026-09-29 09:33:17,522 [INFO] src.cleaning: [VEDL.NS] non-critical missing fields: ['return_on_equity']
2026-09-29 09:33:17,522 [INFO] src.cleaning: [VOLTAS.NS] non-critical missing fields: ['return_on_equity']
2026-09-29 09:33:17,522 [INFO] src.cleaning: [WELCORP.NS] non-critical missing fields: ['return_on_equity']
2026-09-29 09:33:17,522 [INFO] src.cleaning: [WHIRLPOOL.NS] non-critical missing fields: ['return_on_equity']
2026-09-29 09:33:17,522 [INFO] src.cleaning: [ZEEL.NS] non-critical missing fields: ['return_on_equity']
2026-09-29 09:33:17,533 [INFO] src.cleaning: Cleaned 191/201 tickers -> data/processed/cleaned_universe.csv
2026-09-29 09:33:17,534 [INFO] src.cleaning: Full flag audit trail -> data/processed/cleaning_flags.csv
2026-09-29 09:33:17,534 [INFO] __main__: Cleaning validation passed: 191/201 tickers retained (95%)
2026-09-29 09:33:17,534 [INFO] __main__: === Stage 3/8: Scoring ===
2026-09-29 09:33:17,596 [INFO] src.scoring: Scored 191 companies -> data/processed/scored_universe.csv
2026-09-29 09:33:17,596 [INFO] src.scoring: Top 10 shortlist -> data/processed/shortlist_top_n.csv
2026-09-29 09:33:17,598 [WARNING] src.scoring: 24 companies scored on fewer than all 4 buckets (reweighted, not zero-filled) — see 'buckets_used' column: ['IOB.NS', 'BANKINDIA.NS', 'UNIONBANK.NS', 'CANBK.NS', 'IDEA.NS', 'ICICIGI.NS', 'PNB.NS', 'GICRE.NS', 'UCOBANK.NS', 'FEDERALBNK.NS', 'CENTRALBK.NS', 'BANKBARODA.NS', 'AXISBANK.NS', 'KOTAKBANK.NS', 'ICICIBANK.NS', 'SBIN.NS', 'HDFCBANK.NS', 'SBILIFE.NS', 'AUBANK.NS', 'BANDHANBNK.NS', 'GMRAIRPORT.NS', 'IDFCFIRSTB.NS', 'RBLBANK.NS', 'INDUSINDBK.NS']
2026-09-29 09:33:17,599 [INFO] __main__: Scoring validation passed: 191 companies ranked, all scores in valid range
2026-09-29 09:33:17,599 [INFO] __main__: === Stage 4/8: Comps + DuPont ===
2026-09-29 09:33:17,612 [INFO] src.comps_dupont: Comps + DuPont report for top 10 -> data/processed/comps_dupont_report.csv
2026-09-29 09:33:17,613 [WARNING] src.comps_dupont: 1 companies have a DuPont-implied ROE that diverges >5pp from reported ROE (possible data inconsistency, worth a manual check): ['IOB.NS']
2026-09-29 09:33:17,613 [INFO] __main__: === Stage 5/8: Explainability ===
2026-09-29 09:33:17,651 [INFO] src.explainability: Explanations for top 10 companies -> data/processed/explanations.csv
2026-09-29 09:33:17,651 [INFO] __main__: === Stage 6/8: Baseline Comparison ===
2026-09-29 09:33:17,659 [INFO] src.baseline_comparison: Baseline comparison -> data/processed/baseline_comparison.csv
2026-09-29 09:33:17,659 [INFO] __main__: === Stage 7/8: Acquisition Likelihood ===
2026-09-29 09:33:17,663 [INFO] src.acquisition_likelihood: 2 companies excluded from acquisition-likelihood scoring (negative/zero equity — financial distress, not a value-target thesis): ['IDEA.NS', 'GMRAIRPORT.NS']
2026-09-29 09:33:17,674 [INFO] src.acquisition_likelihood: Acquisition likelihood scoring -> data/processed/acquisition_likelihood.csv
2026-09-29 09:33:17,674 [INFO] __main__: === Stage 8/8: Historical Snapshot ===
2026-09-29 09:33:17,682 [INFO] src.history_tracker: Recorded shortlist snapshot for 2026-09-29 (10 companies) -> data/history/shortlist_history.csv (5 distinct days tracked so far)
2026-09-29 09:33:17,687 [INFO] src.history_tracker: Recorded acquisition-likelihood snapshot for 2026-09-29 (10 companies) -> data/history/acquisition_likelihood_history.csv (5 distinct days tracked so far)
2026-09-29 09:33:17,688 [INFO] __main__: === Pipeline completed successfully ===
2026-09-29 09:33:17,688 [INFO] __main__:   ingestion: {'total': 201, 'ok': 200}
2026-09-29 09:33:17,688 [INFO] __main__:   cleaning: {'retained': 191, 'input': 201}
2026-09-29 09:33:17,688 [INFO] __main__:   scoring: {'ranked': 191}
2026-09-29 09:33:17,688 [INFO] __main__:   comps_dupont: {'companies': 10}
2026-09-29 09:33:17,688 [INFO] __main__:   explainability: {'companies': 10}
2026-09-29 09:33:17,688 [INFO] __main__:   baseline_comparison: {'correlation': np.float64(0.48648753695264385), 'overlap_pct': 0.0}
2026-09-29 09:33:17,688 [INFO] __main__:   acquisition_likelihood: {'companies': 10}
2026-09-29 09:33:17,688 [INFO] __main__:   history_tracker: {'recorded': True}
