2026-08-28 14:55:45,217 [INFO] __main__: Logging to file: logs/pipeline_run_2026-08-28T14-55-45Z.log
2026-08-28 14:55:45,217 [INFO] __main__: === Stage 1/8: Ingestion ===
2026-08-28 14:55:45,249 [INFO] src.ingestion: [ACC.NS] fetching fresh data
2026-08-28 14:55:46,901 [INFO] src.ingestion: [AMBUJACEM.NS] fetching fresh data
2026-08-28 14:55:47,888 [INFO] src.ingestion: [ULTRACEMCO.NS] fetching fresh data
2026-08-28 14:55:49,300 [INFO] src.ingestion: [SHREECEM.NS] fetching fresh data
2026-08-28 14:55:50,415 [INFO] src.ingestion: [JKCEMENT.NS] fetching fresh data
2026-08-28 14:55:51,507 [INFO] src.ingestion: [RAMCOCEM.NS] fetching fresh data
2026-08-28 14:55:52,710 [INFO] src.ingestion: [HEIDELBERG.NS] fetching fresh data
2026-08-28 14:55:53,727 [INFO] src.ingestion: [DALBHARAT.NS] fetching fresh data
2026-08-28 14:55:54,956 [INFO] src.ingestion: [INFY.NS] fetching fresh data
2026-08-28 14:55:56,156 [INFO] src.ingestion: [TCS.NS] fetching fresh data
2026-08-28 14:55:57,145 [INFO] src.ingestion: [WIPRO.NS] fetching fresh data
2026-08-28 14:55:58,151 [INFO] src.ingestion: [HCLTECH.NS] fetching fresh data
2026-08-28 14:55:59,238 [INFO] src.ingestion: [TECHM.NS] fetching fresh data
2026-08-28 14:56:00,275 [INFO] src.ingestion: [LTIM.NS] fetching fresh data
2026-08-28 14:56:00,600 [ERROR] yfinance: HTTP Error 404: {"quoteSummary":{"result":null,"error":{"code":"Not Found","description":"Quote not found for symbol: LTIM.NS"}}}
2026-08-28 14:56:00,735 [WARNING] src.ingestion: [LTIM.NS] attempt 1 failed: yfinance returned an empty info payload for LTIM.NS (no exception, but no usable data — likely a transient Yahoo-side issue or an invalid/delisted symbol)
2026-08-28 14:56:03,027 [ERROR] yfinance: HTTP Error 404: {"quoteSummary":{"result":null,"error":{"code":"Not Found","description":"Quote not found for symbol: LTIM.NS"}}}
2026-08-28 14:56:03,094 [WARNING] src.ingestion: [LTIM.NS] attempt 2 failed: yfinance returned an empty info payload for LTIM.NS (no exception, but no usable data — likely a transient Yahoo-side issue or an invalid/delisted symbol)
2026-08-28 14:56:07,348 [ERROR] yfinance: HTTP Error 404: {"quoteSummary":{"result":null,"error":{"code":"Not Found","description":"Quote not found for symbol: LTIM.NS"}}}
2026-08-28 14:56:07,411 [WARNING] src.ingestion: [LTIM.NS] attempt 3 failed: yfinance returned an empty info payload for LTIM.NS (no exception, but no usable data — likely a transient Yahoo-side issue or an invalid/delisted symbol)
2026-08-28 14:56:07,812 [INFO] src.ingestion: [PERSISTENT.NS] fetching fresh data
2026-08-28 14:56:08,915 [INFO] src.ingestion: [COFORGE.NS] fetching fresh data
2026-08-28 14:56:10,033 [INFO] src.ingestion: [MPHASIS.NS] fetching fresh data
2026-08-28 14:56:10,960 [INFO] src.ingestion: [LTTS.NS] fetching fresh data
2026-08-28 14:56:11,943 [INFO] src.ingestion: [TATAELXSI.NS] fetching fresh data
2026-08-28 14:56:12,934 [INFO] src.ingestion: [CYIENT.NS] fetching fresh data
2026-08-28 14:56:13,909 [INFO] src.ingestion: [KPITTECH.NS] fetching fresh data
2026-08-28 14:56:15,250 [INFO] src.ingestion: [HDFCBANK.NS] fetching fresh data
2026-08-28 14:56:16,341 [INFO] src.ingestion: [ICICIBANK.NS] fetching fresh data
2026-08-28 14:56:17,335 [INFO] src.ingestion: [SBIN.NS] fetching fresh data
2026-08-28 14:56:18,322 [INFO] src.ingestion: [AXISBANK.NS] fetching fresh data
2026-08-28 14:56:19,262 [INFO] src.ingestion: [KOTAKBANK.NS] fetching fresh data
2026-08-28 14:56:20,300 [INFO] src.ingestion: [INDUSINDBK.NS] fetching fresh data
2026-08-28 14:56:21,381 [INFO] src.ingestion: [FEDERALBNK.NS] fetching fresh data
2026-08-28 14:56:22,485 [INFO] src.ingestion: [BANDHANBNK.NS] fetching fresh data
2026-08-28 14:56:23,508 [INFO] src.ingestion: [IDFCFIRSTB.NS] fetching fresh data
2026-08-28 14:56:24,509 [INFO] src.ingestion: [PNB.NS] fetching fresh data
2026-08-28 14:56:25,569 [INFO] src.ingestion: [BANKBARODA.NS] fetching fresh data
2026-08-28 14:56:26,563 [INFO] src.ingestion: [CANBK.NS] fetching fresh data
2026-08-28 14:56:27,526 [INFO] src.ingestion: [UNIONBANK.NS] fetching fresh data
2026-08-28 14:56:28,575 [INFO] src.ingestion: [AUBANK.NS] fetching fresh data
2026-08-28 14:56:29,690 [INFO] src.ingestion: [RBLBANK.NS] fetching fresh data
2026-08-28 14:56:30,807 [INFO] src.ingestion: [BANKINDIA.NS] fetching fresh data
2026-08-28 14:56:31,785 [INFO] src.ingestion: [CENTRALBK.NS] fetching fresh data
2026-08-28 14:56:32,772 [INFO] src.ingestion: [IOB.NS] fetching fresh data
2026-08-28 14:56:33,778 [INFO] src.ingestion: [UCOBANK.NS] fetching fresh data
2026-08-28 14:56:34,920 [INFO] src.ingestion: [BAJFINANCE.NS] fetching fresh data
2026-08-28 14:56:35,966 [INFO] src.ingestion: [BAJAJFINSV.NS] fetching fresh data
2026-08-28 14:56:37,047 [INFO] src.ingestion: [CHOLAFIN.NS] fetching fresh data
2026-08-28 14:56:38,166 [INFO] src.ingestion: [MUTHOOTFIN.NS] fetching fresh data
2026-08-28 14:56:39,136 [INFO] src.ingestion: [LICHSGFIN.NS] fetching fresh data
2026-08-28 14:56:40,063 [INFO] src.ingestion: [SHRIRAMFIN.NS] fetching fresh data
2026-08-28 14:56:41,103 [INFO] src.ingestion: [PFC.NS] fetching fresh data
2026-08-28 14:56:42,516 [INFO] src.ingestion: [RECLTD.NS] fetching fresh data
2026-08-28 14:56:43,527 [INFO] src.ingestion: [IRFC.NS] fetching fresh data
2026-08-28 14:56:44,592 [INFO] src.ingestion: [HUDCO.NS] fetching fresh data
2026-08-28 14:56:45,714 [INFO] src.ingestion: [BAJAJHLDNG.NS] fetching fresh data
2026-08-28 14:56:46,703 [INFO] src.ingestion: [SBICARD.NS] fetching fresh data
2026-08-28 14:56:47,786 [INFO] src.ingestion: [MANAPPURAM.NS] fetching fresh data
2026-08-28 14:56:48,905 [INFO] src.ingestion: [POONAWALLA.NS] fetching fresh data
2026-08-28 14:56:50,048 [INFO] src.ingestion: [HDFCLIFE.NS] fetching fresh data
2026-08-28 14:56:51,149 [INFO] src.ingestion: [SBILIFE.NS] fetching fresh data
2026-08-28 14:56:52,148 [INFO] src.ingestion: [ICICIPRULI.NS] fetching fresh data
2026-08-28 14:56:53,105 [INFO] src.ingestion: [ICICIGI.NS] fetching fresh data
2026-08-28 14:56:54,143 [INFO] src.ingestion: [LICI.NS] fetching fresh data
2026-08-28 14:56:55,136 [INFO] src.ingestion: [GICRE.NS] fetching fresh data
2026-08-28 14:56:56,164 [INFO] src.ingestion: [MARUTI.NS] fetching fresh data
2026-08-28 14:56:57,166 [INFO] src.ingestion: [TMPV.NS] fetching fresh data
2026-08-28 14:56:58,184 [INFO] src.ingestion: [TMCV.NS] fetching fresh data
2026-08-28 14:56:59,214 [INFO] src.ingestion: [M&M.NS] fetching fresh data
2026-08-28 14:57:00,268 [INFO] src.ingestion: [EICHERMOT.NS] fetching fresh data
2026-08-28 14:57:01,350 [INFO] src.ingestion: [HEROMOTOCO.NS] fetching fresh data
2026-08-28 14:57:02,806 [INFO] src.ingestion: [BAJAJ-AUTO.NS] fetching fresh data
2026-08-28 14:57:03,823 [INFO] src.ingestion: [TVSMOTOR.NS] fetching fresh data
2026-08-28 14:57:04,805 [INFO] src.ingestion: [ASHOKLEY.NS] fetching fresh data
2026-08-28 14:57:05,964 [INFO] src.ingestion: [BHARATFORG.NS] fetching fresh data
2026-08-28 14:57:06,895 [INFO] src.ingestion: [MOTHERSON.NS] fetching fresh data
2026-08-28 14:57:08,013 [INFO] src.ingestion: [BOSCHLTD.NS] fetching fresh data
2026-08-28 14:57:09,101 [INFO] src.ingestion: [MRF.NS] fetching fresh data
2026-08-28 14:57:10,200 [INFO] src.ingestion: [ENDURANCE.NS] fetching fresh data
2026-08-28 14:57:11,274 [INFO] src.ingestion: [EXIDEIND.NS] fetching fresh data
2026-08-28 14:57:12,392 [INFO] src.ingestion: [ARE&M.NS] fetching fresh data
2026-08-28 14:57:13,400 [INFO] src.ingestion: [SUNDRMFAST.NS] fetching fresh data
2026-08-28 14:57:14,452 [INFO] src.ingestion: [UNOMINDA.NS] fetching fresh data
2026-08-28 14:57:15,501 [INFO] src.ingestion: [SUNPHARMA.NS] fetching fresh data
2026-08-28 14:57:16,650 [INFO] src.ingestion: [DRREDDY.NS] fetching fresh data
2026-08-28 14:57:17,726 [INFO] src.ingestion: [CIPLA.NS] fetching fresh data
2026-08-28 14:57:18,813 [INFO] src.ingestion: [DIVISLAB.NS] fetching fresh data
2026-08-28 14:57:19,886 [INFO] src.ingestion: [LUPIN.NS] fetching fresh data
2026-08-28 14:57:21,027 [INFO] src.ingestion: [AUROPHARMA.NS] fetching fresh data
2026-08-28 14:57:21,999 [INFO] src.ingestion: [BIOCON.NS] fetching fresh data
2026-08-28 14:57:23,117 [INFO] src.ingestion: [TORNTPHARM.NS] fetching fresh data
2026-08-28 14:57:24,301 [INFO] src.ingestion: [ALKEM.NS] fetching fresh data
2026-08-28 14:57:25,363 [INFO] src.ingestion: [ABBOTINDIA.NS] fetching fresh data
2026-08-28 14:57:26,450 [INFO] src.ingestion: [APOLLOHOSP.NS] fetching fresh data
2026-08-28 14:57:27,743 [INFO] src.ingestion: [FORTIS.NS] fetching fresh data
2026-08-28 14:57:29,015 [INFO] src.ingestion: [LALPATHLAB.NS] fetching fresh data
2026-08-28 14:57:30,088 [INFO] src.ingestion: [METROPOLIS.NS] fetching fresh data
2026-08-28 14:57:31,052 [INFO] src.ingestion: [GLAND.NS] fetching fresh data
2026-08-28 14:57:32,211 [INFO] src.ingestion: [LAURUSLABS.NS] fetching fresh data
2026-08-28 14:57:33,234 [INFO] src.ingestion: [GLENMARK.NS] fetching fresh data
2026-08-28 14:57:34,322 [INFO] src.ingestion: [IPCALAB.NS] fetching fresh data
2026-08-28 14:57:35,440 [INFO] src.ingestion: [HINDUNILVR.NS] fetching fresh data
2026-08-28 14:57:36,451 [INFO] src.ingestion: [ITC.NS] fetching fresh data
2026-08-28 14:57:37,498 [INFO] src.ingestion: [NESTLEIND.NS] fetching fresh data
2026-08-28 14:57:38,889 [INFO] src.ingestion: [BRITANNIA.NS] fetching fresh data
2026-08-28 14:57:39,963 [INFO] src.ingestion: [DABUR.NS] fetching fresh data
2026-08-28 14:57:40,997 [INFO] src.ingestion: [GODREJCP.NS] fetching fresh data
2026-08-28 14:57:41,936 [INFO] src.ingestion: [MARICO.NS] fetching fresh data
2026-08-28 14:57:42,936 [INFO] src.ingestion: [COLPAL.NS] fetching fresh data
2026-08-28 14:57:44,091 [INFO] src.ingestion: [TATACONSUM.NS] fetching fresh data
2026-08-28 14:57:45,161 [INFO] src.ingestion: [VBL.NS] fetching fresh data
2026-08-28 14:57:46,283 [INFO] src.ingestion: [UNITDSPR.NS] fetching fresh data
2026-08-28 14:57:47,329 [INFO] src.ingestion: [EMAMILTD.NS] fetching fresh data
2026-08-28 14:57:48,487 [INFO] src.ingestion: [TATASTEEL.NS] fetching fresh data
2026-08-28 14:57:49,559 [INFO] src.ingestion: [JSWSTEEL.NS] fetching fresh data
2026-08-28 14:57:50,528 [INFO] src.ingestion: [HINDALCO.NS] fetching fresh data
2026-08-28 14:57:51,616 [INFO] src.ingestion: [VEDL.NS] fetching fresh data
2026-08-28 14:57:52,621 [INFO] src.ingestion: [COALINDIA.NS] fetching fresh data
2026-08-28 14:57:53,619 [INFO] src.ingestion: [NMDC.NS] fetching fresh data
2026-08-28 14:57:54,596 [INFO] src.ingestion: [SAIL.NS] fetching fresh data
2026-08-28 14:57:55,718 [INFO] src.ingestion: [JINDALSTEL.NS] fetching fresh data
2026-08-28 14:57:56,733 [INFO] src.ingestion: [APLAPOLLO.NS] fetching fresh data
2026-08-28 14:57:57,789 [INFO] src.ingestion: [NATIONALUM.NS] fetching fresh data
2026-08-28 14:57:58,857 [INFO] src.ingestion: [HINDCOPPER.NS] fetching fresh data
2026-08-28 14:57:59,950 [INFO] src.ingestion: [RATNAMANI.NS] fetching fresh data
2026-08-28 14:58:01,005 [INFO] src.ingestion: [HINDZINC.NS] fetching fresh data
2026-08-28 14:58:02,016 [INFO] src.ingestion: [WELCORP.NS] fetching fresh data
2026-08-28 14:58:03,231 [INFO] src.ingestion: [JSL.NS] fetching fresh data
2026-08-28 14:58:04,176 [INFO] src.ingestion: [RELIANCE.NS] fetching fresh data
2026-08-28 14:58:05,226 [INFO] src.ingestion: [ONGC.NS] fetching fresh data
2026-08-28 14:58:06,234 [INFO] src.ingestion: [BPCL.NS] fetching fresh data
2026-08-28 14:58:07,378 [INFO] src.ingestion: [IOC.NS] fetching fresh data
2026-08-28 14:58:08,349 [INFO] src.ingestion: [GAIL.NS] fetching fresh data
2026-08-28 14:58:09,445 [INFO] src.ingestion: [NTPC.NS] fetching fresh data
2026-08-28 14:58:10,606 [INFO] src.ingestion: [POWERGRID.NS] fetching fresh data
2026-08-28 14:58:11,580 [INFO] src.ingestion: [TATAPOWER.NS] fetching fresh data
2026-08-28 14:58:12,796 [INFO] src.ingestion: [ADANIGREEN.NS] fetching fresh data
2026-08-28 14:58:13,823 [INFO] src.ingestion: [ADANIPOWER.NS] fetching fresh data
2026-08-28 14:58:14,864 [INFO] src.ingestion: [TORNTPOWER.NS] fetching fresh data
2026-08-28 14:58:15,924 [INFO] src.ingestion: [LT.NS] fetching fresh data
2026-08-28 14:58:17,024 [INFO] src.ingestion: [SIEMENS.NS] fetching fresh data
2026-08-28 14:58:18,266 [INFO] src.ingestion: [ABB.NS] fetching fresh data
2026-08-28 14:58:19,214 [INFO] src.ingestion: [HAL.NS] fetching fresh data
2026-08-28 14:58:20,375 [INFO] src.ingestion: [BEL.NS] fetching fresh data
2026-08-28 14:58:21,383 [INFO] src.ingestion: [BHEL.NS] fetching fresh data
2026-08-28 14:58:22,663 [INFO] src.ingestion: [CUMMINSIND.NS] fetching fresh data
2026-08-28 14:58:24,317 [INFO] src.ingestion: [THERMAX.NS] fetching fresh data
2026-08-28 14:58:25,318 [INFO] src.ingestion: [POLYCAB.NS] fetching fresh data
2026-08-28 14:58:26,372 [INFO] src.ingestion: [KEI.NS] fetching fresh data
2026-08-28 14:58:27,529 [INFO] src.ingestion: [HAVELLS.NS] fetching fresh data
2026-08-28 14:58:28,645 [INFO] src.ingestion: [CROMPTON.NS] fetching fresh data
2026-08-28 14:58:29,861 [INFO] src.ingestion: [SUPREMEIND.NS] fetching fresh data
2026-08-28 14:58:31,411 [INFO] src.ingestion: [ASTRAL.NS] fetching fresh data
2026-08-28 14:58:32,526 [INFO] src.ingestion: [GRINDWELL.NS] fetching fresh data
2026-08-28 14:58:33,641 [INFO] src.ingestion: [CARBORUNIV.NS] fetching fresh data
2026-08-28 14:58:34,767 [INFO] src.ingestion: [TIMKEN.NS] fetching fresh data
2026-08-28 14:58:35,880 [INFO] src.ingestion: [SKFINDIA.NS] fetching fresh data
2026-08-28 14:58:36,823 [INFO] src.ingestion: [SRF.NS] fetching fresh data
2026-08-28 14:58:37,852 [INFO] src.ingestion: [PIIND.NS] fetching fresh data
2026-08-28 14:58:38,943 [INFO] src.ingestion: [DEEPAKNTR.NS] fetching fresh data
2026-08-28 14:58:39,958 [INFO] src.ingestion: [AARTIIND.NS] fetching fresh data
2026-08-28 14:58:41,100 [INFO] src.ingestion: [NAVINFLUOR.NS] fetching fresh data
2026-08-28 14:58:42,130 [INFO] src.ingestion: [UPL.NS] fetching fresh data
2026-08-28 14:58:43,237 [INFO] src.ingestion: [COROMANDEL.NS] fetching fresh data
2026-08-28 14:58:44,202 [INFO] src.ingestion: [CHAMBLFERT.NS] fetching fresh data
2026-08-28 14:58:45,221 [INFO] src.ingestion: [GNFC.NS] fetching fresh data
2026-08-28 14:58:46,254 [INFO] src.ingestion: [PIDILITIND.NS] fetching fresh data
2026-08-28 14:58:47,426 [INFO] src.ingestion: [TATACHEM.NS] fetching fresh data
2026-08-28 14:58:48,465 [INFO] src.ingestion: [GHCL.NS] fetching fresh data
2026-08-28 14:58:49,522 [INFO] src.ingestion: [TITAN.NS] fetching fresh data
2026-08-28 14:58:50,552 [INFO] src.ingestion: [DMART.NS] fetching fresh data
2026-08-28 14:58:51,589 [INFO] src.ingestion: [TRENT.NS] fetching fresh data
2026-08-28 14:58:52,645 [INFO] src.ingestion: [BATAINDIA.NS] fetching fresh data
2026-08-28 14:58:53,615 [INFO] src.ingestion: [PAGEIND.NS] fetching fresh data
2026-08-28 14:58:54,615 [INFO] src.ingestion: [JUBLFOOD.NS] fetching fresh data
2026-08-28 14:58:55,551 [INFO] src.ingestion: [VOLTAS.NS] fetching fresh data
2026-08-28 14:58:56,538 [INFO] src.ingestion: [DIXON.NS] fetching fresh data
2026-08-28 14:58:57,597 [INFO] src.ingestion: [RELAXO.NS] fetching fresh data
2026-08-28 14:58:58,560 [INFO] src.ingestion: [KAJARIACER.NS] fetching fresh data
2026-08-28 14:58:59,593 [INFO] src.ingestion: [WHIRLPOOL.NS] fetching fresh data
2026-08-28 14:59:00,601 [INFO] src.ingestion: [BLUESTARCO.NS] fetching fresh data
2026-08-28 14:59:01,608 [INFO] src.ingestion: [PGHH.NS] fetching fresh data
2026-08-28 14:59:02,732 [INFO] src.ingestion: [GILLETTE.NS] fetching fresh data
2026-08-28 14:59:03,698 [INFO] src.ingestion: [BHARTIARTL.NS] fetching fresh data
2026-08-28 14:59:04,766 [INFO] src.ingestion: [IDEA.NS] fetching fresh data
2026-08-28 14:59:05,900 [INFO] src.ingestion: [INDUSTOWER.NS] fetching fresh data
2026-08-28 14:59:06,921 [INFO] src.ingestion: [PVRINOX.NS] fetching fresh data
2026-08-28 14:59:08,113 [INFO] src.ingestion: [ZEEL.NS] fetching fresh data
2026-08-28 14:59:09,286 [INFO] src.ingestion: [ADANIPORTS.NS] fetching fresh data
2026-08-28 14:59:10,394 [INFO] src.ingestion: [ADANIENT.NS] fetching fresh data
2026-08-28 14:59:11,506 [INFO] src.ingestion: [GMRAIRPORT.NS] fetching fresh data
2026-08-28 14:59:12,588 [INFO] src.ingestion: [CONCOR.NS] fetching fresh data
2026-08-28 14:59:13,574 [INFO] src.ingestion: [IRCTC.NS] fetching fresh data
2026-08-28 14:59:14,563 [INFO] src.ingestion: [INDIGO.NS] fetching fresh data
2026-08-28 14:59:15,803 [INFO] src.ingestion: [RVNL.NS] fetching fresh data
2026-08-28 14:59:16,904 [INFO] src.ingestion: [IRCON.NS] fetching fresh data
2026-08-28 14:59:17,924 [INFO] src.ingestion: [NBCC.NS] fetching fresh data
2026-08-28 14:59:18,949 [INFO] src.ingestion: [NCC.NS] fetching fresh data
2026-08-28 14:59:19,978 [INFO] src.ingestion: [MAZDOCK.NS] fetching fresh data
2026-08-28 14:59:21,044 [INFO] src.ingestion: [COCHINSHIP.NS] fetching fresh data
2026-08-28 14:59:22,063 [INFO] src.ingestion: [DLF.NS] fetching fresh data
2026-08-28 14:59:23,039 [INFO] src.ingestion: [GODREJPROP.NS] fetching fresh data
2026-08-28 14:59:23,981 [INFO] src.ingestion: [OBEROIRLTY.NS] fetching fresh data
2026-08-28 14:59:25,079 [INFO] src.ingestion: [PRESTIGE.NS] fetching fresh data
2026-08-28 14:59:26,090 [INFO] src.ingestion: [PHOENIXLTD.NS] fetching fresh data
2026-08-28 14:59:27,084 [INFO] src.ingestion: [SOBHA.NS] fetching fresh data
2026-08-28 14:59:28,212 [INFO] src.ingestion: Fetched 200/201 tickers successfully
2026-08-28 14:59:28,213 [WARNING] src.ingestion: Failed tickers (excluded from downstream, not silently zeroed): ['LTIM.NS']
2026-08-28 14:59:28,213 [INFO] __main__: Ingestion validation passed: 200/201 tickers (100%)
2026-08-28 14:59:28,213 [INFO] __main__: === Stage 2/8: Cleaning ===
2026-08-28 14:59:28,221 [WARNING] src.cleaning: [LTIM.NS] EXCLUDED: ingestion failed: yfinance returned an empty info payload for LTIM.NS (no exception, but no usable data — likely a transient Yahoo-side issue or an invalid/delisted symbol)
2026-08-28 14:59:28,222 [INFO] src.cleaning: [AARTIIND.NS] non-critical missing fields: ['return_on_equity']
2026-08-28 14:59:28,222 [INFO] src.cleaning: [ABBOTINDIA.NS] non-critical missing fields: ['return_on_equity']
2026-08-28 14:59:28,222 [INFO] src.cleaning: [ACC.NS] non-critical missing fields: ['return_on_equity']
2026-08-28 14:59:28,222 [INFO] src.cleaning: [ADANIENT.NS] non-critical missing fields: ['return_on_equity']
2026-08-28 14:59:28,222 [INFO] src.cleaning: [ADANIGREEN.NS] non-critical missing fields: ['return_on_equity']
2026-08-28 14:59:28,222 [INFO] src.cleaning: [ADANIPORTS.NS] non-critical missing fields: ['return_on_equity']
2026-08-28 14:59:28,222 [INFO] src.cleaning: [ADANIPOWER.NS] non-critical missing fields: ['return_on_equity']
2026-08-28 14:59:28,222 [INFO] src.cleaning: [ALKEM.NS] non-critical missing fields: ['return_on_equity']
2026-08-28 14:59:28,222 [INFO] src.cleaning: [AMBUJACEM.NS] non-critical missing fields: ['return_on_equity']
2026-08-28 14:59:28,222 [INFO] src.cleaning: [APLAPOLLO.NS] non-critical missing fields: ['return_on_equity']
2026-08-28 14:59:28,222 [INFO] src.cleaning: [APOLLOHOSP.NS] non-critical missing fields: ['return_on_equity']
2026-08-28 14:59:28,222 [INFO] src.cleaning: [ARE&M.NS] non-critical missing fields: ['return_on_equity']
2026-08-28 14:59:28,223 [INFO] src.cleaning: [ASHOKLEY.NS] non-critical missing fields: ['return_on_equity']
2026-08-28 14:59:28,223 [INFO] src.cleaning: [ASTRAL.NS] non-critical missing fields: ['return_on_equity']
2026-08-28 14:59:28,223 [INFO] src.cleaning: [AUBANK.NS] non-critical missing fields: ['ev_to_ebitda', 'return_on_equity', 'debt_to_equity']
2026-08-28 14:59:28,223 [INFO] src.cleaning: [AUROPHARMA.NS] non-critical missing fields: ['return_on_equity']
2026-08-28 14:59:28,223 [INFO] src.cleaning: [AXISBANK.NS] non-critical missing fields: ['ev_to_ebitda', 'debt_to_equity']
2026-08-28 14:59:28,223 [INFO] src.cleaning: [BAJAJ-AUTO.NS] non-critical missing fields: ['return_on_equity']
2026-08-28 14:59:28,223 [INFO] src.cleaning: [BAJAJFINSV.NS] non-critical missing fields: ['return_on_equity']
2026-08-28 14:59:28,223 [WARNING] src.cleaning: [BAJAJHLDNG.NS] outlier values flagged: ['net_margin']
2026-08-28 14:59:28,223 [INFO] src.cleaning: [BAJFINANCE.NS] non-critical missing fields: ['ev_to_ebitda', 'return_on_equity']
2026-08-28 14:59:28,223 [INFO] src.cleaning: [BANDHANBNK.NS] non-critical missing fields: ['ev_to_ebitda', 'return_on_equity', 'debt_to_equity']
2026-08-28 14:59:28,223 [INFO] src.cleaning: [BANKBARODA.NS] non-critical missing fields: ['ev_to_ebitda', 'debt_to_equity']
2026-08-28 14:59:28,223 [INFO] src.cleaning: [BANKINDIA.NS] non-critical missing fields: ['ev_to_ebitda', 'debt_to_equity']
2026-08-28 14:59:28,223 [INFO] src.cleaning: [BATAINDIA.NS] non-critical missing fields: ['return_on_equity']
2026-08-28 14:59:28,223 [INFO] src.cleaning: [BEL.NS] non-critical missing fields: ['return_on_equity']
2026-08-28 14:59:28,223 [INFO] src.cleaning: [BHARATFORG.NS] non-critical missing fields: ['return_on_equity']
2026-08-28 14:59:28,223 [INFO] src.cleaning: [BHEL.NS] non-critical missing fields: ['return_on_equity']
2026-08-28 14:59:28,223 [INFO] src.cleaning: [BIOCON.NS] non-critical missing fields: ['return_on_equity']
2026-08-28 14:59:28,223 [INFO] src.cleaning: [BLUESTARCO.NS] non-critical missing fields: ['return_on_equity']
2026-08-28 14:59:28,223 [INFO] src.cleaning: [BOSCHLTD.NS] non-critical missing fields: ['return_on_equity']
2026-08-28 14:59:28,223 [INFO] src.cleaning: [BPCL.NS] non-critical missing fields: ['return_on_equity']
2026-08-28 14:59:28,223 [INFO] src.cleaning: [BRITANNIA.NS] non-critical missing fields: ['return_on_equity']
2026-08-28 14:59:28,223 [INFO] src.cleaning: [CANBK.NS] non-critical missing fields: ['ev_to_ebitda', 'return_on_equity', 'debt_to_equity']
2026-08-28 14:59:28,223 [INFO] src.cleaning: [CARBORUNIV.NS] non-critical missing fields: ['return_on_equity']
2026-08-28 14:59:28,223 [INFO] src.cleaning: [CENTRALBK.NS] non-critical missing fields: ['ev_to_ebitda', 'debt_to_equity']
2026-08-28 14:59:28,224 [INFO] src.cleaning: [CHAMBLFERT.NS] non-critical missing fields: ['return_on_equity']
2026-08-28 14:59:28,224 [INFO] src.cleaning: [CHOLAFIN.NS] non-critical missing fields: ['ev_to_ebitda', 'return_on_equity']
2026-08-28 14:59:28,224 [INFO] src.cleaning: [CIPLA.NS] non-critical missing fields: ['return_on_equity']
2026-08-28 14:59:28,224 [INFO] src.cleaning: [COALINDIA.NS] non-critical missing fields: ['return_on_equity']
2026-08-28 14:59:28,224 [INFO] src.cleaning: [COCHINSHIP.NS] non-critical missing fields: ['return_on_equity']
2026-08-28 14:59:28,224 [INFO] src.cleaning: [COFORGE.NS] non-critical missing fields: ['return_on_equity']
2026-08-28 14:59:28,224 [INFO] src.cleaning: [COLPAL.NS] non-critical missing fields: ['return_on_equity']
2026-08-28 14:59:28,224 [INFO] src.cleaning: [CONCOR.NS] non-critical missing fields: ['return_on_equity']
2026-08-28 14:59:28,224 [INFO] src.cleaning: [COROMANDEL.NS] non-critical missing fields: ['return_on_equity']
2026-08-28 14:59:28,224 [INFO] src.cleaning: [CROMPTON.NS] non-critical missing fields: ['trailing_pe', 'return_on_equity']
2026-08-28 14:59:28,224 [INFO] src.cleaning: [CUMMINSIND.NS] non-critical missing fields: ['return_on_equity']
2026-08-28 14:59:28,224 [INFO] src.cleaning: [CYIENT.NS] non-critical missing fields: ['return_on_equity']
2026-08-28 14:59:28,224 [INFO] src.cleaning: [DABUR.NS] non-critical missing fields: ['return_on_equity']
2026-08-28 14:59:28,224 [INFO] src.cleaning: [DALBHARAT.NS] non-critical missing fields: ['return_on_equity']
2026-08-28 14:59:28,224 [INFO] src.cleaning: [DEEPAKNTR.NS] non-critical missing fields: ['return_on_equity']
2026-08-28 14:59:28,224 [INFO] src.cleaning: [DIVISLAB.NS] non-critical missing fields: ['return_on_equity']
2026-08-28 14:59:28,224 [INFO] src.cleaning: [DIXON.NS] non-critical missing fields: ['return_on_equity']
2026-08-28 14:59:28,224 [INFO] src.cleaning: [DMART.NS] non-critical missing fields: ['return_on_equity']
2026-08-28 14:59:28,224 [INFO] src.cleaning: [EICHERMOT.NS] non-critical missing fields: ['return_on_equity']
2026-08-28 14:59:28,224 [INFO] src.cleaning: [EMAMILTD.NS] non-critical missing fields: ['return_on_equity']
2026-08-28 14:59:28,224 [INFO] src.cleaning: [ENDURANCE.NS] non-critical missing fields: ['return_on_equity']
2026-08-28 14:59:28,224 [INFO] src.cleaning: [EXIDEIND.NS] non-critical missing fields: ['return_on_equity']
2026-08-28 14:59:28,224 [INFO] src.cleaning: [FEDERALBNK.NS] non-critical missing fields: ['ev_to_ebitda', 'return_on_equity', 'debt_to_equity']
2026-08-28 14:59:28,224 [INFO] src.cleaning: [FORTIS.NS] non-critical missing fields: ['return_on_equity']
2026-08-28 14:59:28,224 [INFO] src.cleaning: [GAIL.NS] non-critical missing fields: ['return_on_equity']
2026-08-28 14:59:28,224 [INFO] src.cleaning: [GHCL.NS] non-critical missing fields: ['return_on_equity']
2026-08-28 14:59:28,224 [INFO] src.cleaning: [GICRE.NS] non-critical missing fields: ['ev_to_ebitda', 'debt_to_equity']
2026-08-28 14:59:28,224 [INFO] src.cleaning: [GILLETTE.NS] non-critical missing fields: ['return_on_equity']
2026-08-28 14:59:28,224 [INFO] src.cleaning: [GLAND.NS] non-critical missing fields: ['return_on_equity']
2026-08-28 14:59:28,224 [INFO] src.cleaning: [GLENMARK.NS] non-critical missing fields: ['return_on_equity']
2026-08-28 14:59:28,224 [WARNING] src.cleaning: [GMRAIRPORT.NS] negative/zero equity — DuPont ROE math will be invalid downstream
2026-08-28 14:59:28,224 [INFO] src.cleaning: [GMRAIRPORT.NS] non-critical missing fields: ['return_on_equity', 'debt_to_equity']
2026-08-28 14:59:28,224 [INFO] src.cleaning: [GNFC.NS] non-critical missing fields: ['return_on_equity']
2026-08-28 14:59:28,224 [INFO] src.cleaning: [GODREJCP.NS] non-critical missing fields: ['return_on_equity']
2026-08-28 14:59:28,224 [INFO] src.cleaning: [GODREJPROP.NS] non-critical missing fields: ['return_on_equity']
2026-08-28 14:59:28,224 [INFO] src.cleaning: [GRINDWELL.NS] non-critical missing fields: ['return_on_equity']
2026-08-28 14:59:28,224 [INFO] src.cleaning: [HAL.NS] non-critical missing fields: ['return_on_equity']
2026-08-28 14:59:28,224 [INFO] src.cleaning: [HAVELLS.NS] non-critical missing fields: ['return_on_equity']
2026-08-28 14:59:28,225 [WARNING] src.cleaning: [HCLTECH.NS] outlier values flagged: ['ev_to_ebitda']
2026-08-28 14:59:28,225 [INFO] src.cleaning: [HDFCBANK.NS] non-critical missing fields: ['ev_to_ebitda', 'debt_to_equity']
2026-08-28 14:59:28,225 [INFO] src.cleaning: [HEIDELBERG.NS] non-critical missing fields: ['return_on_equity']
2026-08-28 14:59:28,225 [INFO] src.cleaning: [HEROMOTOCO.NS] non-critical missing fields: ['return_on_equity']
2026-08-28 14:59:28,225 [INFO] src.cleaning: [HINDALCO.NS] non-critical missing fields: ['return_on_equity']
2026-08-28 14:59:28,225 [INFO] src.cleaning: [HINDCOPPER.NS] non-critical missing fields: ['return_on_equity']
2026-08-28 14:59:28,225 [INFO] src.cleaning: [HINDUNILVR.NS] non-critical missing fields: ['return_on_equity']
2026-08-28 14:59:28,225 [INFO] src.cleaning: [HINDZINC.NS] non-critical missing fields: ['return_on_equity']
2026-08-28 14:59:28,225 [INFO] src.cleaning: [HUDCO.NS] non-critical missing fields: ['ev_to_ebitda', 'return_on_equity']
2026-08-28 14:59:28,225 [INFO] src.cleaning: [ICICIBANK.NS] non-critical missing fields: ['ev_to_ebitda', 'debt_to_equity']
2026-08-28 14:59:28,225 [INFO] src.cleaning: [ICICIGI.NS] non-critical missing fields: ['debt_to_equity']
2026-08-28 14:59:28,225 [WARNING] src.cleaning: [IDEA.NS] negative/zero equity — DuPont ROE math will be invalid downstream
2026-08-28 14:59:28,225 [INFO] src.cleaning: [IDEA.NS] non-critical missing fields: ['return_on_equity', 'debt_to_equity']
2026-08-28 14:59:28,225 [INFO] src.cleaning: [IDFCFIRSTB.NS] non-critical missing fields: ['ev_to_ebitda', 'return_on_equity', 'debt_to_equity', 'total_debt']
2026-08-28 14:59:28,225 [INFO] src.cleaning: [INDIGO.NS] non-critical missing fields: ['trailing_pe', 'return_on_equity']
2026-08-28 14:59:28,225 [INFO] src.cleaning: [INDUSINDBK.NS] non-critical missing fields: ['ev_to_ebitda', 'return_on_equity', 'debt_to_equity']
2026-08-28 14:59:28,225 [WARNING] src.cleaning: [INFY.NS] outlier values flagged: ['ev_to_ebitda']
2026-08-28 14:59:28,225 [INFO] src.cleaning: [IOB.NS] non-critical missing fields: ['ev_to_ebitda', 'debt_to_equity']
2026-08-28 14:59:28,225 [INFO] src.cleaning: [IOC.NS] non-critical missing fields: ['return_on_equity']
2026-08-28 14:59:28,225 [INFO] src.cleaning: [IPCALAB.NS] non-critical missing fields: ['return_on_equity']
2026-08-28 14:59:28,225 [INFO] src.cleaning: [IRCON.NS] non-critical missing fields: ['return_on_equity']
2026-08-28 14:59:28,225 [INFO] src.cleaning: [IRCTC.NS] non-critical missing fields: ['return_on_equity']
2026-08-28 14:59:28,225 [INFO] src.cleaning: [IRFC.NS] non-critical missing fields: ['ev_to_ebitda', 'return_on_equity']
2026-08-28 14:59:28,225 [INFO] src.cleaning: [ITC.NS] non-critical missing fields: ['return_on_equity']
2026-08-28 14:59:28,225 [INFO] src.cleaning: [JINDALSTEL.NS] non-critical missing fields: ['return_on_equity']
2026-08-28 14:59:28,225 [INFO] src.cleaning: [JKCEMENT.NS] non-critical missing fields: ['return_on_equity']
2026-08-28 14:59:28,225 [INFO] src.cleaning: [JSL.NS] non-critical missing fields: ['return_on_equity']
2026-08-28 14:59:28,225 [INFO] src.cleaning: [JSWSTEEL.NS] non-critical missing fields: ['return_on_equity']
2026-08-28 14:59:28,225 [INFO] src.cleaning: [JUBLFOOD.NS] non-critical missing fields: ['return_on_equity']
2026-08-28 14:59:28,225 [INFO] src.cleaning: [KAJARIACER.NS] non-critical missing fields: ['return_on_equity']
2026-08-28 14:59:28,225 [INFO] src.cleaning: [KEI.NS] non-critical missing fields: ['return_on_equity']
2026-08-28 14:59:28,225 [INFO] src.cleaning: [KOTAKBANK.NS] non-critical missing fields: ['ev_to_ebitda', 'return_on_equity', 'debt_to_equity']
2026-08-28 14:59:28,225 [INFO] src.cleaning: [KPITTECH.NS] non-critical missing fields: ['return_on_equity']
2026-08-28 14:59:28,225 [INFO] src.cleaning: [LALPATHLAB.NS] non-critical missing fields: ['return_on_equity']
2026-08-28 14:59:28,225 [INFO] src.cleaning: [LAURUSLABS.NS] non-critical missing fields: ['return_on_equity']
2026-08-28 14:59:28,225 [INFO] src.cleaning: [LICHSGFIN.NS] non-critical missing fields: ['ev_to_ebitda', 'return_on_equity']
2026-08-28 14:59:28,225 [INFO] src.cleaning: [LICI.NS] non-critical missing fields: ['return_on_equity']
2026-08-28 14:59:28,225 [INFO] src.cleaning: [LTTS.NS] non-critical missing fields: ['return_on_equity']
2026-08-28 14:59:28,226 [INFO] src.cleaning: [LT.NS] non-critical missing fields: ['return_on_equity']
2026-08-28 14:59:28,226 [INFO] src.cleaning: [LUPIN.NS] non-critical missing fields: ['return_on_equity']
2026-08-28 14:59:28,226 [INFO] src.cleaning: [M&M.NS] non-critical missing fields: ['return_on_equity']
2026-08-28 14:59:28,226 [INFO] src.cleaning: [MANAPPURAM.NS] non-critical missing fields: ['ev_to_ebitda', 'return_on_equity']
2026-08-28 14:59:28,226 [INFO] src.cleaning: [MARICO.NS] non-critical missing fields: ['return_on_equity']
2026-08-28 14:59:28,226 [INFO] src.cleaning: [MARUTI.NS] non-critical missing fields: ['return_on_equity']
2026-08-28 14:59:28,226 [INFO] src.cleaning: [MAZDOCK.NS] non-critical missing fields: ['return_on_equity']
2026-08-28 14:59:28,226 [INFO] src.cleaning: [METROPOLIS.NS] non-critical missing fields: ['return_on_equity']
2026-08-28 14:59:28,226 [INFO] src.cleaning: [MOTHERSON.NS] non-critical missing fields: ['return_on_equity']
2026-08-28 14:59:28,226 [INFO] src.cleaning: [MRF.NS] non-critical missing fields: ['return_on_equity']
2026-08-28 14:59:28,226 [INFO] src.cleaning: [MUTHOOTFIN.NS] non-critical missing fields: ['ev_to_ebitda']
2026-08-28 14:59:28,226 [INFO] src.cleaning: [NATIONALUM.NS] non-critical missing fields: ['return_on_equity']
2026-08-28 14:59:28,226 [INFO] src.cleaning: [NAVINFLUOR.NS] non-critical missing fields: ['return_on_equity']
2026-08-28 14:59:28,226 [INFO] src.cleaning: [NBCC.NS] non-critical missing fields: ['return_on_equity']
2026-08-28 14:59:28,226 [INFO] src.cleaning: [NCC.NS] non-critical missing fields: ['return_on_equity']
2026-08-28 14:59:28,226 [INFO] src.cleaning: [NESTLEIND.NS] non-critical missing fields: ['return_on_equity']
2026-08-28 14:59:28,226 [INFO] src.cleaning: [NMDC.NS] non-critical missing fields: ['return_on_equity']
2026-08-28 14:59:28,226 [INFO] src.cleaning: [NTPC.NS] non-critical missing fields: ['return_on_equity']
2026-08-28 14:59:28,226 [INFO] src.cleaning: [OBEROIRLTY.NS] non-critical missing fields: ['return_on_equity']
2026-08-28 14:59:28,226 [INFO] src.cleaning: [ONGC.NS] non-critical missing fields: ['return_on_equity']
2026-08-28 14:59:28,226 [INFO] src.cleaning: [PAGEIND.NS] non-critical missing fields: ['return_on_equity']
2026-08-28 14:59:28,226 [INFO] src.cleaning: [PFC.NS] non-critical missing fields: ['ev_to_ebitda', 'return_on_equity']
2026-08-28 14:59:28,227 [INFO] src.cleaning: [PGHH.NS] non-critical missing fields: ['return_on_equity']
2026-08-28 14:59:28,227 [INFO] src.cleaning: [PHOENIXLTD.NS] non-critical missing fields: ['return_on_equity']
2026-08-28 14:59:28,227 [INFO] src.cleaning: [PIDILITIND.NS] non-critical missing fields: ['return_on_equity']
2026-08-28 14:59:28,227 [INFO] src.cleaning: [PIIND.NS] non-critical missing fields: ['return_on_equity']
2026-08-28 14:59:28,227 [INFO] src.cleaning: [PNB.NS] non-critical missing fields: ['ev_to_ebitda', 'debt_to_equity']
2026-08-28 14:59:28,227 [INFO] src.cleaning: [POONAWALLA.NS] non-critical missing fields: ['ev_to_ebitda', 'return_on_equity']
2026-08-28 14:59:28,227 [INFO] src.cleaning: [POWERGRID.NS] non-critical missing fields: ['return_on_equity']
2026-08-28 14:59:28,227 [INFO] src.cleaning: [PVRINOX.NS] non-critical missing fields: ['return_on_equity']
2026-08-28 14:59:28,227 [INFO] src.cleaning: [RAMCOCEM.NS] non-critical missing fields: ['return_on_equity']
2026-08-28 14:59:28,227 [INFO] src.cleaning: [RATNAMANI.NS] non-critical missing fields: ['return_on_equity']
2026-08-28 14:59:28,227 [INFO] src.cleaning: [RBLBANK.NS] non-critical missing fields: ['ev_to_ebitda', 'return_on_equity', 'debt_to_equity']
2026-08-28 14:59:28,227 [INFO] src.cleaning: [RECLTD.NS] non-critical missing fields: ['ev_to_ebitda', 'return_on_equity']
2026-08-28 14:59:28,227 [INFO] src.cleaning: [RELAXO.NS] non-critical missing fields: ['return_on_equity']
2026-08-28 14:59:28,227 [INFO] src.cleaning: [RELIANCE.NS] non-critical missing fields: ['return_on_equity']
2026-08-28 14:59:28,227 [INFO] src.cleaning: [RVNL.NS] non-critical missing fields: ['return_on_equity']
2026-08-28 14:59:28,227 [INFO] src.cleaning: [SAIL.NS] non-critical missing fields: ['return_on_equity']
2026-08-28 14:59:28,227 [INFO] src.cleaning: [SBICARD.NS] non-critical missing fields: ['ev_to_ebitda', 'return_on_equity']
2026-08-28 14:59:28,227 [INFO] src.cleaning: [SBILIFE.NS] non-critical missing fields: ['debt_to_equity']
2026-08-28 14:59:28,227 [INFO] src.cleaning: [SBIN.NS] non-critical missing fields: ['ev_to_ebitda', 'debt_to_equity']
2026-08-28 14:59:28,227 [INFO] src.cleaning: [SHREECEM.NS] non-critical missing fields: ['return_on_equity']
2026-08-28 14:59:28,228 [INFO] src.cleaning: [SHRIRAMFIN.NS] non-critical missing fields: ['ev_to_ebitda']
2026-08-28 14:59:28,228 [INFO] src.cleaning: [SIEMENS.NS] non-critical missing fields: ['return_on_equity']
2026-08-28 14:59:28,228 [INFO] src.cleaning: [SKFINDIA.NS] non-critical missing fields: ['return_on_equity']
2026-08-28 14:59:28,228 [INFO] src.cleaning: [SOBHA.NS] non-critical missing fields: ['return_on_equity']
2026-08-28 14:59:28,228 [INFO] src.cleaning: [SRF.NS] non-critical missing fields: ['return_on_equity']
2026-08-28 14:59:28,228 [INFO] src.cleaning: [SUNDRMFAST.NS] non-critical missing fields: ['return_on_equity']
2026-08-28 14:59:28,228 [INFO] src.cleaning: [SUNPHARMA.NS] non-critical missing fields: ['return_on_equity']
2026-08-28 14:59:28,228 [INFO] src.cleaning: [SUPREMEIND.NS] non-critical missing fields: ['return_on_equity']
2026-08-28 14:59:28,228 [INFO] src.cleaning: [TATACHEM.NS] non-critical missing fields: ['trailing_pe', 'return_on_equity']
2026-08-28 14:59:28,228 [INFO] src.cleaning: [TATACONSUM.NS] non-critical missing fields: ['return_on_equity']
2026-08-28 14:59:28,228 [INFO] src.cleaning: [TATAELXSI.NS] non-critical missing fields: ['return_on_equity']
2026-08-28 14:59:28,228 [INFO] src.cleaning: [TATAPOWER.NS] non-critical missing fields: ['return_on_equity']
2026-08-28 14:59:28,228 [INFO] src.cleaning: [TATASTEEL.NS] non-critical missing fields: ['return_on_equity']
2026-08-28 14:59:28,228 [INFO] src.cleaning: [TECHM.NS] non-critical missing fields: ['return_on_equity']
2026-08-28 14:59:28,228 [INFO] src.cleaning: [THERMAX.NS] non-critical missing fields: ['return_on_equity']
2026-08-28 14:59:28,228 [INFO] src.cleaning: [TIMKEN.NS] non-critical missing fields: ['return_on_equity']
2026-08-28 14:59:28,228 [INFO] src.cleaning: [TITAN.NS] non-critical missing fields: ['return_on_equity']
2026-08-28 14:59:28,228 [INFO] src.cleaning: [TMCV.NS] non-critical missing fields: ['return_on_equity']
2026-08-28 14:59:28,228 [INFO] src.cleaning: [TMPV.NS] non-critical missing fields: ['trailing_pe', 'return_on_equity']
2026-08-28 14:59:28,228 [INFO] src.cleaning: [TORNTPHARM.NS] non-critical missing fields: ['return_on_equity']
2026-08-28 14:59:28,228 [INFO] src.cleaning: [TORNTPOWER.NS] non-critical missing fields: ['return_on_equity']
2026-08-28 14:59:28,228 [INFO] src.cleaning: [TRENT.NS] non-critical missing fields: ['return_on_equity']
2026-08-28 14:59:28,228 [INFO] src.cleaning: [TVSMOTOR.NS] non-critical missing fields: ['return_on_equity']
2026-08-28 14:59:28,228 [INFO] src.cleaning: [UCOBANK.NS] non-critical missing fields: ['ev_to_ebitda', 'debt_to_equity']
2026-08-28 14:59:28,228 [INFO] src.cleaning: [ULTRACEMCO.NS] non-critical missing fields: ['return_on_equity']
2026-08-28 14:59:28,228 [INFO] src.cleaning: [UNIONBANK.NS] non-critical missing fields: ['ev_to_ebitda', 'debt_to_equity', 'revenue_growth', 'total_debt']
2026-08-28 14:59:28,228 [INFO] src.cleaning: [UNITDSPR.NS] non-critical missing fields: ['return_on_equity']
2026-08-28 14:59:28,228 [INFO] src.cleaning: [UNOMINDA.NS] non-critical missing fields: ['return_on_equity']
2026-08-28 14:59:28,228 [INFO] src.cleaning: [UPL.NS] non-critical missing fields: ['return_on_equity']
2026-08-28 14:59:28,228 [INFO] src.cleaning: [VEDL.NS] non-critical missing fields: ['return_on_equity']
2026-08-28 14:59:28,228 [INFO] src.cleaning: [VOLTAS.NS] non-critical missing fields: ['return_on_equity']
2026-08-28 14:59:28,229 [INFO] src.cleaning: [WELCORP.NS] non-critical missing fields: ['return_on_equity']
2026-08-28 14:59:28,229 [INFO] src.cleaning: [WHIRLPOOL.NS] non-critical missing fields: ['return_on_equity']
2026-08-28 14:59:28,229 [INFO] src.cleaning: [ZEEL.NS] non-critical missing fields: ['return_on_equity']
2026-08-28 14:59:28,236 [INFO] src.cleaning: Cleaned 200/201 tickers -> data/processed/cleaned_universe.csv
2026-08-28 14:59:28,236 [INFO] src.cleaning: Full flag audit trail -> data/processed/cleaning_flags.csv
2026-08-28 14:59:28,237 [INFO] __main__: Cleaning validation passed: 200/201 tickers retained (100%)
2026-08-28 14:59:28,237 [INFO] __main__: === Stage 3/8: Scoring ===
2026-08-28 14:59:28,300 [INFO] src.scoring: Scored 200 companies -> data/processed/scored_universe.csv
2026-08-28 14:59:28,301 [INFO] src.scoring: Top 10 shortlist -> data/processed/shortlist_top_n.csv
2026-08-28 14:59:28,302 [WARNING] src.scoring: 24 companies scored on fewer than all 4 buckets (reweighted, not zero-filled) — see 'buckets_used' column: ['IOB.NS', 'UNIONBANK.NS', 'BANKINDIA.NS', 'CANBK.NS', 'ICICIGI.NS', 'PNB.NS', 'IDEA.NS', 'GICRE.NS', 'FEDERALBNK.NS', 'UCOBANK.NS', 'BANKBARODA.NS', 'AXISBANK.NS', 'SBIN.NS', 'ICICIBANK.NS', 'CENTRALBK.NS', 'KOTAKBANK.NS', 'SBILIFE.NS', 'HDFCBANK.NS', 'BANDHANBNK.NS', 'AUBANK.NS', 'GMRAIRPORT.NS', 'IDFCFIRSTB.NS', 'RBLBANK.NS', 'INDUSINDBK.NS']
2026-08-28 14:59:28,303 [INFO] __main__: Scoring validation passed: 200 companies ranked, all scores in valid range
2026-08-28 14:59:28,303 [INFO] __main__: === Stage 4/8: Comps + DuPont ===
2026-08-28 14:59:28,315 [INFO] src.comps_dupont: Comps + DuPont report for top 10 -> data/processed/comps_dupont_report.csv
2026-08-28 14:59:28,316 [WARNING] src.comps_dupont: 1 companies have a DuPont-implied ROE that diverges >5pp from reported ROE (possible data inconsistency, worth a manual check): ['IOB.NS']
2026-08-28 14:59:28,317 [INFO] __main__: === Stage 5/8: Explainability ===
2026-08-28 14:59:28,354 [INFO] src.explainability: Explanations for top 10 companies -> data/processed/explanations.csv
2026-08-28 14:59:28,355 [INFO] __main__: === Stage 6/8: Baseline Comparison ===
2026-08-28 14:59:28,362 [INFO] src.baseline_comparison: Baseline comparison -> data/processed/baseline_comparison.csv
2026-08-28 14:59:28,362 [INFO] __main__: === Stage 7/8: Acquisition Likelihood ===
2026-08-28 14:59:28,366 [INFO] src.acquisition_likelihood: 2 companies excluded from acquisition-likelihood scoring (negative/zero equity — financial distress, not a value-target thesis): ['IDEA.NS', 'GMRAIRPORT.NS']
2026-08-28 14:59:28,377 [INFO] src.acquisition_likelihood: Acquisition likelihood scoring -> data/processed/acquisition_likelihood.csv
2026-08-28 14:59:28,377 [INFO] __main__: === Stage 8/8: Historical Snapshot ===
2026-08-28 14:59:28,385 [INFO] src.history_tracker: Recorded shortlist snapshot for 2026-08-28 (10 companies) -> data/history/shortlist_history.csv (5 distinct days tracked so far)
2026-08-28 14:59:28,390 [INFO] src.history_tracker: Recorded acquisition-likelihood snapshot for 2026-08-28 (10 companies) -> data/history/acquisition_likelihood_history.csv (5 distinct days tracked so far)
2026-08-28 14:59:28,391 [INFO] __main__: === Pipeline completed successfully ===
2026-08-28 14:59:28,391 [INFO] __main__:   ingestion: {'total': 201, 'ok': 200}
2026-08-28 14:59:28,391 [INFO] __main__:   cleaning: {'retained': 200, 'input': 201}
2026-08-28 14:59:28,391 [INFO] __main__:   scoring: {'ranked': 200}
2026-08-28 14:59:28,391 [INFO] __main__:   comps_dupont: {'companies': 10}
2026-08-28 14:59:28,391 [INFO] __main__:   explainability: {'companies': 10}
2026-08-28 14:59:28,391 [INFO] __main__:   baseline_comparison: {'correlation': np.float64(0.47400274581161284), 'overlap_pct': 0.0}
2026-08-28 14:59:28,391 [INFO] __main__:   acquisition_likelihood: {'companies': 10}
2026-08-28 14:59:28,391 [INFO] __main__:   history_tracker: {'recorded': True}
