2026-09-09 07:54:28,003 [INFO] __main__: Logging to file: logs/pipeline_run_2026-09-09T07-54-28Z.log
2026-09-09 07:54:28,003 [INFO] __main__: === Stage 1/8: Ingestion ===
2026-09-09 07:54:28,034 [INFO] src.ingestion: [ACC.NS] fetching fresh data
2026-09-09 07:54:29,665 [INFO] src.ingestion: [AMBUJACEM.NS] fetching fresh data
2026-09-09 07:54:30,730 [INFO] src.ingestion: [ULTRACEMCO.NS] fetching fresh data
2026-09-09 07:54:31,833 [INFO] src.ingestion: [SHREECEM.NS] fetching fresh data
2026-09-09 07:54:32,971 [INFO] src.ingestion: [JKCEMENT.NS] fetching fresh data
2026-09-09 07:54:33,979 [INFO] src.ingestion: [RAMCOCEM.NS] fetching fresh data
2026-09-09 07:54:35,076 [INFO] src.ingestion: [HEIDELBERG.NS] fetching fresh data
2026-09-09 07:54:36,187 [INFO] src.ingestion: [DALBHARAT.NS] fetching fresh data
2026-09-09 07:54:37,205 [INFO] src.ingestion: [INFY.NS] fetching fresh data
2026-09-09 07:54:38,227 [INFO] src.ingestion: [TCS.NS] fetching fresh data
2026-09-09 07:54:39,188 [INFO] src.ingestion: [WIPRO.NS] fetching fresh data
2026-09-09 07:54:40,266 [INFO] src.ingestion: [HCLTECH.NS] fetching fresh data
2026-09-09 07:54:41,230 [INFO] src.ingestion: [TECHM.NS] fetching fresh data
2026-09-09 07:54:42,286 [INFO] src.ingestion: [LTIM.NS] fetching fresh data
2026-09-09 07:54:42,525 [ERROR] yfinance: HTTP Error 404: {"quoteSummary":{"result":null,"error":{"code":"Not Found","description":"Quote not found for symbol: LTIM.NS"}}}
2026-09-09 07:54:42,681 [WARNING] src.ingestion: [LTIM.NS] attempt 1 failed: yfinance returned an empty info payload for LTIM.NS (no exception, but no usable data — likely a transient Yahoo-side issue or an invalid/delisted symbol)
2026-09-09 07:54:44,924 [ERROR] yfinance: HTTP Error 404: {"quoteSummary":{"result":null,"error":{"code":"Not Found","description":"Quote not found for symbol: LTIM.NS"}}}
2026-09-09 07:54:45,003 [WARNING] src.ingestion: [LTIM.NS] attempt 2 failed: yfinance returned an empty info payload for LTIM.NS (no exception, but no usable data — likely a transient Yahoo-side issue or an invalid/delisted symbol)
2026-09-09 07:54:49,237 [ERROR] yfinance: HTTP Error 404: {"quoteSummary":{"result":null,"error":{"code":"Not Found","description":"Quote not found for symbol: LTIM.NS"}}}
2026-09-09 07:54:49,319 [WARNING] src.ingestion: [LTIM.NS] attempt 3 failed: yfinance returned an empty info payload for LTIM.NS (no exception, but no usable data — likely a transient Yahoo-side issue or an invalid/delisted symbol)
2026-09-09 07:54:49,720 [INFO] src.ingestion: [PERSISTENT.NS] fetching fresh data
2026-09-09 07:54:50,739 [INFO] src.ingestion: [COFORGE.NS] fetching fresh data
2026-09-09 07:54:51,760 [INFO] src.ingestion: [MPHASIS.NS] fetching fresh data
2026-09-09 07:54:52,844 [INFO] src.ingestion: [LTTS.NS] fetching fresh data
2026-09-09 07:54:53,907 [INFO] src.ingestion: [TATAELXSI.NS] fetching fresh data
2026-09-09 07:54:55,011 [INFO] src.ingestion: [CYIENT.NS] fetching fresh data
2026-09-09 07:54:56,106 [INFO] src.ingestion: [KPITTECH.NS] fetching fresh data
2026-09-09 07:54:57,230 [INFO] src.ingestion: [HDFCBANK.NS] fetching fresh data
2026-09-09 07:54:58,408 [INFO] src.ingestion: [ICICIBANK.NS] fetching fresh data
2026-09-09 07:54:59,452 [INFO] src.ingestion: [SBIN.NS] fetching fresh data
2026-09-09 07:55:00,499 [INFO] src.ingestion: [AXISBANK.NS] fetching fresh data
2026-09-09 07:55:01,661 [INFO] src.ingestion: [KOTAKBANK.NS] fetching fresh data
2026-09-09 07:55:02,662 [INFO] src.ingestion: [INDUSINDBK.NS] fetching fresh data
2026-09-09 07:55:03,745 [INFO] src.ingestion: [FEDERALBNK.NS] fetching fresh data
2026-09-09 07:55:04,686 [INFO] src.ingestion: [BANDHANBNK.NS] fetching fresh data
2026-09-09 07:55:05,668 [INFO] src.ingestion: [IDFCFIRSTB.NS] fetching fresh data
2026-09-09 07:55:06,826 [INFO] src.ingestion: [PNB.NS] fetching fresh data
2026-09-09 07:55:07,882 [INFO] src.ingestion: [BANKBARODA.NS] fetching fresh data
2026-09-09 07:55:09,025 [INFO] src.ingestion: [CANBK.NS] fetching fresh data
2026-09-09 07:55:10,063 [INFO] src.ingestion: [UNIONBANK.NS] fetching fresh data
2026-09-09 07:55:11,014 [INFO] src.ingestion: [AUBANK.NS] fetching fresh data
2026-09-09 07:55:11,966 [INFO] src.ingestion: [RBLBANK.NS] fetching fresh data
2026-09-09 07:55:13,032 [INFO] src.ingestion: [BANKINDIA.NS] fetching fresh data
2026-09-09 07:55:14,091 [INFO] src.ingestion: [CENTRALBK.NS] fetching fresh data
2026-09-09 07:55:15,189 [INFO] src.ingestion: [IOB.NS] fetching fresh data
2026-09-09 07:55:16,325 [INFO] src.ingestion: [UCOBANK.NS] fetching fresh data
2026-09-09 07:55:17,493 [INFO] src.ingestion: [BAJFINANCE.NS] fetching fresh data
2026-09-09 07:55:18,673 [INFO] src.ingestion: [BAJAJFINSV.NS] fetching fresh data
2026-09-09 07:55:19,674 [INFO] src.ingestion: [CHOLAFIN.NS] fetching fresh data
2026-09-09 07:55:20,817 [INFO] src.ingestion: [MUTHOOTFIN.NS] fetching fresh data
2026-09-09 07:55:21,935 [INFO] src.ingestion: [LICHSGFIN.NS] fetching fresh data
2026-09-09 07:55:22,946 [INFO] src.ingestion: [SHRIRAMFIN.NS] fetching fresh data
2026-09-09 07:55:24,000 [INFO] src.ingestion: [PFC.NS] fetching fresh data
2026-09-09 07:55:25,022 [INFO] src.ingestion: [RECLTD.NS] fetching fresh data
2026-09-09 07:55:26,107 [INFO] src.ingestion: [IRFC.NS] fetching fresh data
2026-09-09 07:55:27,044 [INFO] src.ingestion: [HUDCO.NS] fetching fresh data
2026-09-09 07:55:28,233 [INFO] src.ingestion: [BAJAJHLDNG.NS] fetching fresh data
2026-09-09 07:55:29,258 [INFO] src.ingestion: [SBICARD.NS] fetching fresh data
2026-09-09 07:55:30,284 [INFO] src.ingestion: [MANAPPURAM.NS] fetching fresh data
2026-09-09 07:55:31,219 [INFO] src.ingestion: [POONAWALLA.NS] fetching fresh data
2026-09-09 07:55:32,351 [INFO] src.ingestion: [HDFCLIFE.NS] fetching fresh data
2026-09-09 07:55:33,406 [INFO] src.ingestion: [SBILIFE.NS] fetching fresh data
2026-09-09 07:55:34,422 [INFO] src.ingestion: [ICICIPRULI.NS] fetching fresh data
2026-09-09 07:55:35,485 [INFO] src.ingestion: [ICICIGI.NS] fetching fresh data
2026-09-09 07:55:36,610 [INFO] src.ingestion: [LICI.NS] fetching fresh data
2026-09-09 07:55:37,606 [INFO] src.ingestion: [GICRE.NS] fetching fresh data
2026-09-09 07:55:38,528 [INFO] src.ingestion: [MARUTI.NS] fetching fresh data
2026-09-09 07:55:39,644 [INFO] src.ingestion: [TMPV.NS] fetching fresh data
2026-09-09 07:55:40,635 [INFO] src.ingestion: [TMCV.NS] fetching fresh data
2026-09-09 07:55:41,693 [INFO] src.ingestion: [M&M.NS] fetching fresh data
2026-09-09 07:55:42,820 [INFO] src.ingestion: [EICHERMOT.NS] fetching fresh data
2026-09-09 07:55:43,932 [INFO] src.ingestion: [HEROMOTOCO.NS] fetching fresh data
2026-09-09 07:55:44,910 [INFO] src.ingestion: [BAJAJ-AUTO.NS] fetching fresh data
2026-09-09 07:55:45,887 [INFO] src.ingestion: [TVSMOTOR.NS] fetching fresh data
2026-09-09 07:55:46,936 [INFO] src.ingestion: [ASHOKLEY.NS] fetching fresh data
2026-09-09 07:55:47,930 [INFO] src.ingestion: [BHARATFORG.NS] fetching fresh data
2026-09-09 07:55:48,946 [INFO] src.ingestion: [MOTHERSON.NS] fetching fresh data
2026-09-09 07:55:50,056 [INFO] src.ingestion: [BOSCHLTD.NS] fetching fresh data
2026-09-09 07:55:51,003 [INFO] src.ingestion: [MRF.NS] fetching fresh data
2026-09-09 07:55:52,171 [INFO] src.ingestion: [ENDURANCE.NS] fetching fresh data
2026-09-09 07:55:53,154 [INFO] src.ingestion: [EXIDEIND.NS] fetching fresh data
2026-09-09 07:55:54,139 [INFO] src.ingestion: [ARE&M.NS] fetching fresh data
2026-09-09 07:55:55,230 [INFO] src.ingestion: [SUNDRMFAST.NS] fetching fresh data
2026-09-09 07:55:56,221 [INFO] src.ingestion: [UNOMINDA.NS] fetching fresh data
2026-09-09 07:55:57,351 [INFO] src.ingestion: [SUNPHARMA.NS] fetching fresh data
2026-09-09 07:55:58,368 [INFO] src.ingestion: [DRREDDY.NS] fetching fresh data
2026-09-09 07:55:59,507 [INFO] src.ingestion: [CIPLA.NS] fetching fresh data
2026-09-09 07:56:00,602 [INFO] src.ingestion: [DIVISLAB.NS] fetching fresh data
2026-09-09 07:56:01,676 [INFO] src.ingestion: [LUPIN.NS] fetching fresh data
2026-09-09 07:56:02,767 [INFO] src.ingestion: [AUROPHARMA.NS] fetching fresh data
2026-09-09 07:56:03,968 [INFO] src.ingestion: [BIOCON.NS] fetching fresh data
2026-09-09 07:56:04,940 [INFO] src.ingestion: [TORNTPHARM.NS] fetching fresh data
2026-09-09 07:56:05,936 [INFO] src.ingestion: [ALKEM.NS] fetching fresh data
2026-09-09 07:56:07,117 [INFO] src.ingestion: [ABBOTINDIA.NS] fetching fresh data
2026-09-09 07:56:08,245 [INFO] src.ingestion: [APOLLOHOSP.NS] fetching fresh data
2026-09-09 07:56:09,262 [INFO] src.ingestion: [FORTIS.NS] fetching fresh data
2026-09-09 07:56:10,335 [INFO] src.ingestion: [LALPATHLAB.NS] fetching fresh data
2026-09-09 07:56:11,381 [INFO] src.ingestion: [METROPOLIS.NS] fetching fresh data
2026-09-09 07:56:12,397 [INFO] src.ingestion: [GLAND.NS] fetching fresh data
2026-09-09 07:56:13,362 [INFO] src.ingestion: [LAURUSLABS.NS] fetching fresh data
2026-09-09 07:56:14,338 [INFO] src.ingestion: [GLENMARK.NS] fetching fresh data
2026-09-09 07:56:15,439 [INFO] src.ingestion: [IPCALAB.NS] fetching fresh data
2026-09-09 07:56:16,491 [INFO] src.ingestion: [HINDUNILVR.NS] fetching fresh data
2026-09-09 07:56:17,659 [INFO] src.ingestion: [ITC.NS] fetching fresh data
2026-09-09 07:56:18,638 [INFO] src.ingestion: [NESTLEIND.NS] fetching fresh data
2026-09-09 07:56:19,738 [INFO] src.ingestion: [BRITANNIA.NS] fetching fresh data
2026-09-09 07:56:20,738 [INFO] src.ingestion: [DABUR.NS] fetching fresh data
2026-09-09 07:56:21,907 [INFO] src.ingestion: [GODREJCP.NS] fetching fresh data
2026-09-09 07:56:23,054 [INFO] src.ingestion: [MARICO.NS] fetching fresh data
2026-09-09 07:56:24,133 [INFO] src.ingestion: [COLPAL.NS] fetching fresh data
2026-09-09 07:56:25,223 [INFO] src.ingestion: [TATACONSUM.NS] fetching fresh data
2026-09-09 07:56:26,368 [INFO] src.ingestion: [VBL.NS] fetching fresh data
2026-09-09 07:56:27,493 [INFO] src.ingestion: [UNITDSPR.NS] fetching fresh data
2026-09-09 07:56:28,583 [INFO] src.ingestion: [EMAMILTD.NS] fetching fresh data
2026-09-09 07:56:29,657 [INFO] src.ingestion: [TATASTEEL.NS] fetching fresh data
2026-09-09 07:56:30,729 [INFO] src.ingestion: [JSWSTEEL.NS] fetching fresh data
2026-09-09 07:56:31,919 [INFO] src.ingestion: [HINDALCO.NS] fetching fresh data
2026-09-09 07:56:32,907 [INFO] src.ingestion: [VEDL.NS] fetching fresh data
2026-09-09 07:56:33,982 [INFO] src.ingestion: [COALINDIA.NS] fetching fresh data
2026-09-09 07:56:35,096 [INFO] src.ingestion: [NMDC.NS] fetching fresh data
2026-09-09 07:56:36,158 [INFO] src.ingestion: [SAIL.NS] fetching fresh data
2026-09-09 07:56:37,126 [INFO] src.ingestion: [JINDALSTEL.NS] fetching fresh data
2026-09-09 07:56:38,254 [INFO] src.ingestion: [APLAPOLLO.NS] fetching fresh data
2026-09-09 07:56:39,288 [INFO] src.ingestion: [NATIONALUM.NS] fetching fresh data
2026-09-09 07:56:40,439 [INFO] src.ingestion: [HINDCOPPER.NS] fetching fresh data
2026-09-09 07:56:41,426 [INFO] src.ingestion: [RATNAMANI.NS] fetching fresh data
2026-09-09 07:56:42,392 [INFO] src.ingestion: [HINDZINC.NS] fetching fresh data
2026-09-09 07:56:43,394 [INFO] src.ingestion: [WELCORP.NS] fetching fresh data
2026-09-09 07:56:44,383 [INFO] src.ingestion: [JSL.NS] fetching fresh data
2026-09-09 07:56:45,570 [INFO] src.ingestion: [RELIANCE.NS] fetching fresh data
2026-09-09 07:56:46,612 [INFO] src.ingestion: [ONGC.NS] fetching fresh data
2026-09-09 07:56:47,671 [INFO] src.ingestion: [BPCL.NS] fetching fresh data
2026-09-09 07:56:48,726 [INFO] src.ingestion: [IOC.NS] fetching fresh data
2026-09-09 07:56:49,762 [INFO] src.ingestion: [GAIL.NS] fetching fresh data
2026-09-09 07:56:50,865 [INFO] src.ingestion: [NTPC.NS] fetching fresh data
2026-09-09 07:56:51,979 [INFO] src.ingestion: [POWERGRID.NS] fetching fresh data
2026-09-09 07:56:53,091 [INFO] src.ingestion: [TATAPOWER.NS] fetching fresh data
2026-09-09 07:56:54,371 [INFO] src.ingestion: [ADANIGREEN.NS] fetching fresh data
2026-09-09 07:56:55,374 [INFO] src.ingestion: [ADANIPOWER.NS] fetching fresh data
2026-09-09 07:56:56,530 [INFO] src.ingestion: [TORNTPOWER.NS] fetching fresh data
2026-09-09 07:56:57,588 [INFO] src.ingestion: [LT.NS] fetching fresh data
2026-09-09 07:56:58,608 [INFO] src.ingestion: [SIEMENS.NS] fetching fresh data
2026-09-09 07:56:59,741 [INFO] src.ingestion: [ABB.NS] fetching fresh data
2026-09-09 07:57:00,823 [INFO] src.ingestion: [HAL.NS] fetching fresh data
2026-09-09 07:57:01,937 [INFO] src.ingestion: [BEL.NS] fetching fresh data
2026-09-09 07:57:05,430 [INFO] src.ingestion: [BHEL.NS] fetching fresh data
2026-09-09 07:57:06,529 [INFO] src.ingestion: [CUMMINSIND.NS] fetching fresh data
2026-09-09 07:57:07,496 [INFO] src.ingestion: [THERMAX.NS] fetching fresh data
2026-09-09 07:57:08,551 [INFO] src.ingestion: [POLYCAB.NS] fetching fresh data
2026-09-09 07:57:09,533 [INFO] src.ingestion: [KEI.NS] fetching fresh data
2026-09-09 07:57:10,535 [INFO] src.ingestion: [HAVELLS.NS] fetching fresh data
2026-09-09 07:57:11,531 [INFO] src.ingestion: [CROMPTON.NS] fetching fresh data
2026-09-09 07:57:12,708 [INFO] src.ingestion: [SUPREMEIND.NS] fetching fresh data
2026-09-09 07:57:13,755 [INFO] src.ingestion: [ASTRAL.NS] fetching fresh data
2026-09-09 07:57:14,835 [INFO] src.ingestion: [GRINDWELL.NS] fetching fresh data
2026-09-09 07:57:15,844 [INFO] src.ingestion: [CARBORUNIV.NS] fetching fresh data
2026-09-09 07:57:16,935 [INFO] src.ingestion: [TIMKEN.NS] fetching fresh data
2026-09-09 07:57:18,003 [INFO] src.ingestion: [SKFINDIA.NS] fetching fresh data
2026-09-09 07:57:18,976 [INFO] src.ingestion: [SRF.NS] fetching fresh data
2026-09-09 07:57:19,970 [INFO] src.ingestion: [PIIND.NS] fetching fresh data
2026-09-09 07:57:21,054 [INFO] src.ingestion: [DEEPAKNTR.NS] fetching fresh data
2026-09-09 07:57:22,048 [INFO] src.ingestion: [AARTIIND.NS] fetching fresh data
2026-09-09 07:57:23,114 [INFO] src.ingestion: [NAVINFLUOR.NS] fetching fresh data
2026-09-09 07:57:24,083 [INFO] src.ingestion: [UPL.NS] fetching fresh data
2026-09-09 07:57:25,181 [INFO] src.ingestion: [COROMANDEL.NS] fetching fresh data
2026-09-09 07:57:26,289 [INFO] src.ingestion: [CHAMBLFERT.NS] fetching fresh data
2026-09-09 07:57:27,373 [INFO] src.ingestion: [GNFC.NS] fetching fresh data
2026-09-09 07:57:28,324 [INFO] src.ingestion: [PIDILITIND.NS] fetching fresh data
2026-09-09 07:57:29,485 [INFO] src.ingestion: [TATACHEM.NS] fetching fresh data
2026-09-09 07:57:30,471 [INFO] src.ingestion: [GHCL.NS] fetching fresh data
2026-09-09 07:57:31,571 [INFO] src.ingestion: [TITAN.NS] fetching fresh data
2026-09-09 07:57:32,704 [INFO] src.ingestion: [DMART.NS] fetching fresh data
2026-09-09 07:57:33,674 [INFO] src.ingestion: [TRENT.NS] fetching fresh data
2026-09-09 07:57:34,681 [INFO] src.ingestion: [BATAINDIA.NS] fetching fresh data
2026-09-09 07:57:35,759 [INFO] src.ingestion: [PAGEIND.NS] fetching fresh data
2026-09-09 07:57:36,823 [INFO] src.ingestion: [JUBLFOOD.NS] fetching fresh data
2026-09-09 07:57:37,873 [INFO] src.ingestion: [VOLTAS.NS] fetching fresh data
2026-09-09 07:57:38,865 [INFO] src.ingestion: [DIXON.NS] fetching fresh data
2026-09-09 07:57:39,955 [INFO] src.ingestion: [RELAXO.NS] fetching fresh data
2026-09-09 07:57:40,953 [INFO] src.ingestion: [KAJARIACER.NS] fetching fresh data
2026-09-09 07:57:41,957 [INFO] src.ingestion: [WHIRLPOOL.NS] fetching fresh data
2026-09-09 07:57:43,105 [INFO] src.ingestion: [BLUESTARCO.NS] fetching fresh data
2026-09-09 07:57:44,339 [INFO] src.ingestion: [PGHH.NS] fetching fresh data
2026-09-09 07:57:45,451 [INFO] src.ingestion: [GILLETTE.NS] fetching fresh data
2026-09-09 07:57:46,487 [INFO] src.ingestion: [BHARTIARTL.NS] fetching fresh data
2026-09-09 07:57:47,564 [INFO] src.ingestion: [IDEA.NS] fetching fresh data
2026-09-09 07:57:48,541 [INFO] src.ingestion: [INDUSTOWER.NS] fetching fresh data
2026-09-09 07:57:49,721 [INFO] src.ingestion: [PVRINOX.NS] fetching fresh data
2026-09-09 07:57:50,859 [INFO] src.ingestion: [ZEEL.NS] fetching fresh data
2026-09-09 07:57:52,015 [INFO] src.ingestion: [ADANIPORTS.NS] fetching fresh data
2026-09-09 07:57:53,143 [INFO] src.ingestion: [ADANIENT.NS] fetching fresh data
2026-09-09 07:57:54,114 [INFO] src.ingestion: [GMRAIRPORT.NS] fetching fresh data
2026-09-09 07:57:55,118 [INFO] src.ingestion: [CONCOR.NS] fetching fresh data
2026-09-09 07:57:56,093 [INFO] src.ingestion: [IRCTC.NS] fetching fresh data
2026-09-09 07:57:57,180 [INFO] src.ingestion: [INDIGO.NS] fetching fresh data
2026-09-09 07:57:58,243 [INFO] src.ingestion: [RVNL.NS] fetching fresh data
2026-09-09 07:57:59,336 [INFO] src.ingestion: [IRCON.NS] fetching fresh data
2026-09-09 07:58:00,344 [INFO] src.ingestion: [NBCC.NS] fetching fresh data
2026-09-09 07:58:01,370 [INFO] src.ingestion: [NCC.NS] fetching fresh data
2026-09-09 07:58:02,341 [INFO] src.ingestion: [MAZDOCK.NS] fetching fresh data
2026-09-09 07:58:03,436 [INFO] src.ingestion: [COCHINSHIP.NS] fetching fresh data
2026-09-09 07:58:04,521 [INFO] src.ingestion: [DLF.NS] fetching fresh data
2026-09-09 07:58:05,695 [INFO] src.ingestion: [GODREJPROP.NS] fetching fresh data
2026-09-09 07:58:06,737 [INFO] src.ingestion: [OBEROIRLTY.NS] fetching fresh data
2026-09-09 07:58:07,750 [INFO] src.ingestion: [PRESTIGE.NS] fetching fresh data
2026-09-09 07:58:08,795 [INFO] src.ingestion: [PHOENIXLTD.NS] fetching fresh data
2026-09-09 07:58:09,854 [INFO] src.ingestion: [SOBHA.NS] fetching fresh data
2026-09-09 07:58:10,825 [INFO] src.ingestion: Fetched 200/201 tickers successfully
2026-09-09 07:58:10,825 [WARNING] src.ingestion: Failed tickers (excluded from downstream, not silently zeroed): ['LTIM.NS']
2026-09-09 07:58:10,826 [INFO] __main__: Ingestion validation passed: 200/201 tickers (100%)
2026-09-09 07:58:10,826 [INFO] __main__: === Stage 2/8: Cleaning ===
2026-09-09 07:58:10,833 [WARNING] src.cleaning: [ASHOKLEY.NS] EXCLUDED: missing critical fields: ['market_cap']
2026-09-09 07:58:10,833 [WARNING] src.cleaning: [BIOCON.NS] EXCLUDED: missing critical fields: ['market_cap']
2026-09-09 07:58:10,833 [WARNING] src.cleaning: [BOSCHLTD.NS] EXCLUDED: missing critical fields: ['market_cap']
2026-09-09 07:58:10,833 [WARNING] src.cleaning: [IOC.NS] EXCLUDED: missing critical fields: ['market_cap']
2026-09-09 07:58:10,834 [WARNING] src.cleaning: [JUBLFOOD.NS] EXCLUDED: missing critical fields: ['market_cap']
2026-09-09 07:58:10,834 [WARNING] src.cleaning: [LTIM.NS] EXCLUDED: ingestion failed: yfinance returned an empty info payload for LTIM.NS (no exception, but no usable data — likely a transient Yahoo-side issue or an invalid/delisted symbol)
2026-09-09 07:58:10,834 [WARNING] src.cleaning: [RECLTD.NS] EXCLUDED: missing critical fields: ['market_cap']
2026-09-09 07:58:10,834 [WARNING] src.cleaning: [RELIANCE.NS] EXCLUDED: missing critical fields: ['market_cap']
2026-09-09 07:58:10,834 [WARNING] src.cleaning: [TCS.NS] EXCLUDED: missing critical fields: ['market_cap']
2026-09-09 07:58:10,834 [WARNING] src.cleaning: [TVSMOTOR.NS] EXCLUDED: missing critical fields: ['market_cap']
2026-09-09 07:58:10,834 [INFO] src.cleaning: [AARTIIND.NS] non-critical missing fields: ['return_on_equity']
2026-09-09 07:58:10,835 [INFO] src.cleaning: [ABBOTINDIA.NS] non-critical missing fields: ['return_on_equity']
2026-09-09 07:58:10,835 [INFO] src.cleaning: [ACC.NS] non-critical missing fields: ['return_on_equity']
2026-09-09 07:58:10,835 [INFO] src.cleaning: [ADANIENT.NS] non-critical missing fields: ['return_on_equity']
2026-09-09 07:58:10,835 [INFO] src.cleaning: [ADANIGREEN.NS] non-critical missing fields: ['return_on_equity']
2026-09-09 07:58:10,835 [INFO] src.cleaning: [ADANIPORTS.NS] non-critical missing fields: ['return_on_equity']
2026-09-09 07:58:10,835 [INFO] src.cleaning: [ADANIPOWER.NS] non-critical missing fields: ['return_on_equity']
2026-09-09 07:58:10,835 [INFO] src.cleaning: [ALKEM.NS] non-critical missing fields: ['return_on_equity']
2026-09-09 07:58:10,835 [INFO] src.cleaning: [AMBUJACEM.NS] non-critical missing fields: ['return_on_equity']
2026-09-09 07:58:10,835 [INFO] src.cleaning: [APLAPOLLO.NS] non-critical missing fields: ['return_on_equity']
2026-09-09 07:58:10,835 [INFO] src.cleaning: [APOLLOHOSP.NS] non-critical missing fields: ['return_on_equity']
2026-09-09 07:58:10,835 [INFO] src.cleaning: [ARE&M.NS] non-critical missing fields: ['return_on_equity']
2026-09-09 07:58:10,835 [INFO] src.cleaning: [ASTRAL.NS] non-critical missing fields: ['return_on_equity']
2026-09-09 07:58:10,835 [INFO] src.cleaning: [AUBANK.NS] non-critical missing fields: ['ev_to_ebitda', 'return_on_equity', 'debt_to_equity']
2026-09-09 07:58:10,835 [INFO] src.cleaning: [AUROPHARMA.NS] non-critical missing fields: ['return_on_equity']
2026-09-09 07:58:10,835 [INFO] src.cleaning: [AXISBANK.NS] non-critical missing fields: ['ev_to_ebitda', 'debt_to_equity']
2026-09-09 07:58:10,835 [INFO] src.cleaning: [BAJAJ-AUTO.NS] non-critical missing fields: ['return_on_equity']
2026-09-09 07:58:10,835 [INFO] src.cleaning: [BAJAJFINSV.NS] non-critical missing fields: ['return_on_equity']
2026-09-09 07:58:10,835 [WARNING] src.cleaning: [BAJAJHLDNG.NS] outlier values flagged: ['net_margin']
2026-09-09 07:58:10,835 [INFO] src.cleaning: [BAJFINANCE.NS] non-critical missing fields: ['ev_to_ebitda', 'return_on_equity']
2026-09-09 07:58:10,835 [INFO] src.cleaning: [BANDHANBNK.NS] non-critical missing fields: ['ev_to_ebitda', 'return_on_equity', 'debt_to_equity']
2026-09-09 07:58:10,836 [INFO] src.cleaning: [BANKBARODA.NS] non-critical missing fields: ['ev_to_ebitda', 'debt_to_equity']
2026-09-09 07:58:10,836 [INFO] src.cleaning: [BANKINDIA.NS] non-critical missing fields: ['ev_to_ebitda', 'debt_to_equity']
2026-09-09 07:58:10,836 [INFO] src.cleaning: [BATAINDIA.NS] non-critical missing fields: ['return_on_equity']
2026-09-09 07:58:10,836 [INFO] src.cleaning: [BEL.NS] non-critical missing fields: ['return_on_equity']
2026-09-09 07:58:10,836 [INFO] src.cleaning: [BHARATFORG.NS] non-critical missing fields: ['return_on_equity']
2026-09-09 07:58:10,836 [INFO] src.cleaning: [BHEL.NS] non-critical missing fields: ['return_on_equity']
2026-09-09 07:58:10,836 [INFO] src.cleaning: [BLUESTARCO.NS] non-critical missing fields: ['return_on_equity']
2026-09-09 07:58:10,836 [INFO] src.cleaning: [BPCL.NS] non-critical missing fields: ['return_on_equity']
2026-09-09 07:58:10,836 [INFO] src.cleaning: [BRITANNIA.NS] non-critical missing fields: ['return_on_equity']
2026-09-09 07:58:10,836 [INFO] src.cleaning: [CANBK.NS] non-critical missing fields: ['ev_to_ebitda', 'return_on_equity', 'debt_to_equity']
2026-09-09 07:58:10,836 [INFO] src.cleaning: [CARBORUNIV.NS] non-critical missing fields: ['return_on_equity']
2026-09-09 07:58:10,836 [INFO] src.cleaning: [CENTRALBK.NS] non-critical missing fields: ['ev_to_ebitda', 'debt_to_equity']
2026-09-09 07:58:10,836 [INFO] src.cleaning: [CHAMBLFERT.NS] non-critical missing fields: ['return_on_equity']
2026-09-09 07:58:10,836 [INFO] src.cleaning: [CHOLAFIN.NS] non-critical missing fields: ['ev_to_ebitda', 'return_on_equity']
2026-09-09 07:58:10,836 [INFO] src.cleaning: [CIPLA.NS] non-critical missing fields: ['return_on_equity']
2026-09-09 07:58:10,836 [INFO] src.cleaning: [COALINDIA.NS] non-critical missing fields: ['return_on_equity']
2026-09-09 07:58:10,836 [INFO] src.cleaning: [COCHINSHIP.NS] non-critical missing fields: ['return_on_equity']
2026-09-09 07:58:10,836 [INFO] src.cleaning: [COFORGE.NS] non-critical missing fields: ['return_on_equity']
2026-09-09 07:58:10,836 [INFO] src.cleaning: [COLPAL.NS] non-critical missing fields: ['return_on_equity']
2026-09-09 07:58:10,836 [INFO] src.cleaning: [CONCOR.NS] non-critical missing fields: ['return_on_equity']
2026-09-09 07:58:10,836 [INFO] src.cleaning: [COROMANDEL.NS] non-critical missing fields: ['return_on_equity']
2026-09-09 07:58:10,836 [INFO] src.cleaning: [CROMPTON.NS] non-critical missing fields: ['trailing_pe', 'return_on_equity']
2026-09-09 07:58:10,836 [INFO] src.cleaning: [CUMMINSIND.NS] non-critical missing fields: ['return_on_equity']
2026-09-09 07:58:10,836 [INFO] src.cleaning: [CYIENT.NS] non-critical missing fields: ['return_on_equity']
2026-09-09 07:58:10,836 [INFO] src.cleaning: [DABUR.NS] non-critical missing fields: ['return_on_equity']
2026-09-09 07:58:10,836 [INFO] src.cleaning: [DALBHARAT.NS] non-critical missing fields: ['return_on_equity']
2026-09-09 07:58:10,837 [INFO] src.cleaning: [DEEPAKNTR.NS] non-critical missing fields: ['return_on_equity']
2026-09-09 07:58:10,837 [INFO] src.cleaning: [DIVISLAB.NS] non-critical missing fields: ['return_on_equity']
2026-09-09 07:58:10,837 [INFO] src.cleaning: [DIXON.NS] non-critical missing fields: ['return_on_equity']
2026-09-09 07:58:10,837 [INFO] src.cleaning: [DMART.NS] non-critical missing fields: ['return_on_equity']
2026-09-09 07:58:10,837 [INFO] src.cleaning: [EICHERMOT.NS] non-critical missing fields: ['return_on_equity']
2026-09-09 07:58:10,837 [INFO] src.cleaning: [EMAMILTD.NS] non-critical missing fields: ['return_on_equity']
2026-09-09 07:58:10,837 [INFO] src.cleaning: [ENDURANCE.NS] non-critical missing fields: ['return_on_equity']
2026-09-09 07:58:10,837 [INFO] src.cleaning: [EXIDEIND.NS] non-critical missing fields: ['return_on_equity']
2026-09-09 07:58:10,837 [INFO] src.cleaning: [FEDERALBNK.NS] non-critical missing fields: ['ev_to_ebitda', 'return_on_equity', 'debt_to_equity']
2026-09-09 07:58:10,837 [INFO] src.cleaning: [FORTIS.NS] non-critical missing fields: ['return_on_equity']
2026-09-09 07:58:10,837 [INFO] src.cleaning: [GAIL.NS] non-critical missing fields: ['return_on_equity']
2026-09-09 07:58:10,837 [INFO] src.cleaning: [GHCL.NS] non-critical missing fields: ['return_on_equity']
2026-09-09 07:58:10,837 [INFO] src.cleaning: [GICRE.NS] non-critical missing fields: ['ev_to_ebitda', 'debt_to_equity']
2026-09-09 07:58:10,837 [INFO] src.cleaning: [GILLETTE.NS] non-critical missing fields: ['return_on_equity']
2026-09-09 07:58:10,837 [INFO] src.cleaning: [GLAND.NS] non-critical missing fields: ['return_on_equity']
2026-09-09 07:58:10,837 [INFO] src.cleaning: [GLENMARK.NS] non-critical missing fields: ['return_on_equity']
2026-09-09 07:58:10,837 [WARNING] src.cleaning: [GMRAIRPORT.NS] negative/zero equity — DuPont ROE math will be invalid downstream
2026-09-09 07:58:10,837 [INFO] src.cleaning: [GMRAIRPORT.NS] non-critical missing fields: ['return_on_equity', 'debt_to_equity']
2026-09-09 07:58:10,837 [INFO] src.cleaning: [GNFC.NS] non-critical missing fields: ['return_on_equity']
2026-09-09 07:58:10,837 [INFO] src.cleaning: [GODREJCP.NS] non-critical missing fields: ['return_on_equity']
2026-09-09 07:58:10,837 [INFO] src.cleaning: [GODREJPROP.NS] non-critical missing fields: ['return_on_equity']
2026-09-09 07:58:10,837 [INFO] src.cleaning: [GRINDWELL.NS] non-critical missing fields: ['return_on_equity']
2026-09-09 07:58:10,837 [INFO] src.cleaning: [HAL.NS] non-critical missing fields: ['return_on_equity']
2026-09-09 07:58:10,837 [INFO] src.cleaning: [HAVELLS.NS] non-critical missing fields: ['return_on_equity']
2026-09-09 07:58:10,837 [WARNING] src.cleaning: [HCLTECH.NS] outlier values flagged: ['ev_to_ebitda']
2026-09-09 07:58:10,837 [INFO] src.cleaning: [HDFCBANK.NS] non-critical missing fields: ['ev_to_ebitda', 'debt_to_equity']
2026-09-09 07:58:10,837 [INFO] src.cleaning: [HEIDELBERG.NS] non-critical missing fields: ['return_on_equity']
2026-09-09 07:58:10,837 [INFO] src.cleaning: [HEROMOTOCO.NS] non-critical missing fields: ['return_on_equity']
2026-09-09 07:58:10,837 [INFO] src.cleaning: [HINDALCO.NS] non-critical missing fields: ['return_on_equity']
2026-09-09 07:58:10,837 [INFO] src.cleaning: [HINDCOPPER.NS] non-critical missing fields: ['return_on_equity']
2026-09-09 07:58:10,838 [INFO] src.cleaning: [HINDUNILVR.NS] non-critical missing fields: ['return_on_equity']
2026-09-09 07:58:10,838 [INFO] src.cleaning: [HINDZINC.NS] non-critical missing fields: ['return_on_equity']
2026-09-09 07:58:10,838 [INFO] src.cleaning: [HUDCO.NS] non-critical missing fields: ['ev_to_ebitda', 'return_on_equity']
2026-09-09 07:58:10,838 [INFO] src.cleaning: [ICICIBANK.NS] non-critical missing fields: ['ev_to_ebitda', 'debt_to_equity']
2026-09-09 07:58:10,838 [INFO] src.cleaning: [ICICIGI.NS] non-critical missing fields: ['debt_to_equity']
2026-09-09 07:58:10,838 [WARNING] src.cleaning: [IDEA.NS] negative/zero equity — DuPont ROE math will be invalid downstream
2026-09-09 07:58:10,838 [INFO] src.cleaning: [IDEA.NS] non-critical missing fields: ['return_on_equity', 'debt_to_equity']
2026-09-09 07:58:10,838 [INFO] src.cleaning: [IDFCFIRSTB.NS] non-critical missing fields: ['ev_to_ebitda', 'return_on_equity', 'debt_to_equity', 'total_debt']
2026-09-09 07:58:10,838 [INFO] src.cleaning: [INDIGO.NS] non-critical missing fields: ['trailing_pe', 'return_on_equity']
2026-09-09 07:58:10,838 [INFO] src.cleaning: [INDUSINDBK.NS] non-critical missing fields: ['ev_to_ebitda', 'return_on_equity', 'debt_to_equity']
2026-09-09 07:58:10,838 [WARNING] src.cleaning: [INFY.NS] outlier values flagged: ['ev_to_ebitda']
2026-09-09 07:58:10,838 [INFO] src.cleaning: [IOB.NS] non-critical missing fields: ['ev_to_ebitda', 'debt_to_equity']
2026-09-09 07:58:10,838 [INFO] src.cleaning: [IPCALAB.NS] non-critical missing fields: ['return_on_equity']
2026-09-09 07:58:10,838 [INFO] src.cleaning: [IRCON.NS] non-critical missing fields: ['return_on_equity']
2026-09-09 07:58:10,838 [INFO] src.cleaning: [IRCTC.NS] non-critical missing fields: ['return_on_equity']
2026-09-09 07:58:10,838 [INFO] src.cleaning: [IRFC.NS] non-critical missing fields: ['ev_to_ebitda', 'return_on_equity']
2026-09-09 07:58:10,838 [INFO] src.cleaning: [ITC.NS] non-critical missing fields: ['return_on_equity']
2026-09-09 07:58:10,838 [INFO] src.cleaning: [JINDALSTEL.NS] non-critical missing fields: ['return_on_equity']
2026-09-09 07:58:10,839 [INFO] src.cleaning: [JKCEMENT.NS] non-critical missing fields: ['return_on_equity']
2026-09-09 07:58:10,839 [INFO] src.cleaning: [JSL.NS] non-critical missing fields: ['return_on_equity']
2026-09-09 07:58:10,839 [INFO] src.cleaning: [JSWSTEEL.NS] non-critical missing fields: ['return_on_equity']
2026-09-09 07:58:10,839 [INFO] src.cleaning: [KAJARIACER.NS] non-critical missing fields: ['return_on_equity']
2026-09-09 07:58:10,839 [INFO] src.cleaning: [KEI.NS] non-critical missing fields: ['return_on_equity']
2026-09-09 07:58:10,839 [INFO] src.cleaning: [KOTAKBANK.NS] non-critical missing fields: ['ev_to_ebitda', 'return_on_equity', 'debt_to_equity']
2026-09-09 07:58:10,839 [INFO] src.cleaning: [KPITTECH.NS] non-critical missing fields: ['return_on_equity']
2026-09-09 07:58:10,839 [INFO] src.cleaning: [LALPATHLAB.NS] non-critical missing fields: ['return_on_equity']
2026-09-09 07:58:10,839 [INFO] src.cleaning: [LAURUSLABS.NS] non-critical missing fields: ['return_on_equity']
2026-09-09 07:58:10,839 [INFO] src.cleaning: [LICHSGFIN.NS] non-critical missing fields: ['ev_to_ebitda', 'return_on_equity']
2026-09-09 07:58:10,839 [INFO] src.cleaning: [LICI.NS] non-critical missing fields: ['return_on_equity']
2026-09-09 07:58:10,839 [INFO] src.cleaning: [LTTS.NS] non-critical missing fields: ['return_on_equity']
2026-09-09 07:58:10,839 [INFO] src.cleaning: [LT.NS] non-critical missing fields: ['return_on_equity']
2026-09-09 07:58:10,839 [INFO] src.cleaning: [LUPIN.NS] non-critical missing fields: ['return_on_equity']
2026-09-09 07:58:10,839 [INFO] src.cleaning: [M&M.NS] non-critical missing fields: ['return_on_equity']
2026-09-09 07:58:10,839 [INFO] src.cleaning: [MANAPPURAM.NS] non-critical missing fields: ['ev_to_ebitda', 'return_on_equity']
2026-09-09 07:58:10,839 [INFO] src.cleaning: [MARICO.NS] non-critical missing fields: ['return_on_equity']
2026-09-09 07:58:10,839 [INFO] src.cleaning: [MARUTI.NS] non-critical missing fields: ['return_on_equity']
2026-09-09 07:58:10,839 [INFO] src.cleaning: [MAZDOCK.NS] non-critical missing fields: ['return_on_equity']
2026-09-09 07:58:10,840 [INFO] src.cleaning: [METROPOLIS.NS] non-critical missing fields: ['return_on_equity']
2026-09-09 07:58:10,840 [INFO] src.cleaning: [MOTHERSON.NS] non-critical missing fields: ['return_on_equity']
2026-09-09 07:58:10,840 [INFO] src.cleaning: [MRF.NS] non-critical missing fields: ['return_on_equity']
2026-09-09 07:58:10,840 [INFO] src.cleaning: [MUTHOOTFIN.NS] non-critical missing fields: ['ev_to_ebitda']
2026-09-09 07:58:10,840 [INFO] src.cleaning: [NATIONALUM.NS] non-critical missing fields: ['return_on_equity']
2026-09-09 07:58:10,840 [INFO] src.cleaning: [NAVINFLUOR.NS] non-critical missing fields: ['return_on_equity']
2026-09-09 07:58:10,840 [INFO] src.cleaning: [NBCC.NS] non-critical missing fields: ['return_on_equity']
2026-09-09 07:58:10,840 [INFO] src.cleaning: [NCC.NS] non-critical missing fields: ['return_on_equity']
2026-09-09 07:58:10,840 [INFO] src.cleaning: [NESTLEIND.NS] non-critical missing fields: ['return_on_equity']
2026-09-09 07:58:10,840 [INFO] src.cleaning: [NMDC.NS] non-critical missing fields: ['return_on_equity']
2026-09-09 07:58:10,840 [INFO] src.cleaning: [NTPC.NS] non-critical missing fields: ['return_on_equity']
2026-09-09 07:58:10,840 [INFO] src.cleaning: [OBEROIRLTY.NS] non-critical missing fields: ['return_on_equity']
2026-09-09 07:58:10,840 [INFO] src.cleaning: [ONGC.NS] non-critical missing fields: ['return_on_equity']
2026-09-09 07:58:10,840 [INFO] src.cleaning: [PAGEIND.NS] non-critical missing fields: ['return_on_equity']
2026-09-09 07:58:10,840 [INFO] src.cleaning: [PFC.NS] non-critical missing fields: ['ev_to_ebitda', 'return_on_equity']
2026-09-09 07:58:10,840 [INFO] src.cleaning: [PGHH.NS] non-critical missing fields: ['return_on_equity']
2026-09-09 07:58:10,840 [INFO] src.cleaning: [PHOENIXLTD.NS] non-critical missing fields: ['return_on_equity']
2026-09-09 07:58:10,840 [INFO] src.cleaning: [PIDILITIND.NS] non-critical missing fields: ['return_on_equity']
2026-09-09 07:58:10,841 [INFO] src.cleaning: [PIIND.NS] non-critical missing fields: ['return_on_equity']
2026-09-09 07:58:10,841 [INFO] src.cleaning: [PNB.NS] non-critical missing fields: ['ev_to_ebitda', 'debt_to_equity']
2026-09-09 07:58:10,841 [INFO] src.cleaning: [POONAWALLA.NS] non-critical missing fields: ['ev_to_ebitda', 'return_on_equity']
2026-09-09 07:58:10,841 [INFO] src.cleaning: [POWERGRID.NS] non-critical missing fields: ['return_on_equity']
2026-09-09 07:58:10,841 [INFO] src.cleaning: [PVRINOX.NS] non-critical missing fields: ['return_on_equity']
2026-09-09 07:58:10,841 [INFO] src.cleaning: [RAMCOCEM.NS] non-critical missing fields: ['return_on_equity']
2026-09-09 07:58:10,841 [INFO] src.cleaning: [RATNAMANI.NS] non-critical missing fields: ['return_on_equity']
2026-09-09 07:58:10,841 [INFO] src.cleaning: [RBLBANK.NS] non-critical missing fields: ['ev_to_ebitda', 'return_on_equity', 'debt_to_equity']
2026-09-09 07:58:10,841 [INFO] src.cleaning: [RELAXO.NS] non-critical missing fields: ['return_on_equity']
2026-09-09 07:58:10,841 [INFO] src.cleaning: [RVNL.NS] non-critical missing fields: ['return_on_equity']
2026-09-09 07:58:10,841 [INFO] src.cleaning: [SAIL.NS] non-critical missing fields: ['return_on_equity']
2026-09-09 07:58:10,841 [INFO] src.cleaning: [SBICARD.NS] non-critical missing fields: ['ev_to_ebitda', 'return_on_equity']
2026-09-09 07:58:10,841 [INFO] src.cleaning: [SBILIFE.NS] non-critical missing fields: ['debt_to_equity']
2026-09-09 07:58:10,841 [INFO] src.cleaning: [SBIN.NS] non-critical missing fields: ['ev_to_ebitda', 'debt_to_equity']
2026-09-09 07:58:10,841 [INFO] src.cleaning: [SHREECEM.NS] non-critical missing fields: ['return_on_equity']
2026-09-09 07:58:10,841 [INFO] src.cleaning: [SHRIRAMFIN.NS] non-critical missing fields: ['ev_to_ebitda']
2026-09-09 07:58:10,841 [INFO] src.cleaning: [SIEMENS.NS] non-critical missing fields: ['return_on_equity']
2026-09-09 07:58:10,841 [INFO] src.cleaning: [SKFINDIA.NS] non-critical missing fields: ['return_on_equity']
2026-09-09 07:58:10,842 [INFO] src.cleaning: [SOBHA.NS] non-critical missing fields: ['return_on_equity']
2026-09-09 07:58:10,842 [INFO] src.cleaning: [SRF.NS] non-critical missing fields: ['return_on_equity']
2026-09-09 07:58:10,842 [INFO] src.cleaning: [SUNDRMFAST.NS] non-critical missing fields: ['return_on_equity']
2026-09-09 07:58:10,842 [INFO] src.cleaning: [SUNPHARMA.NS] non-critical missing fields: ['return_on_equity']
2026-09-09 07:58:10,842 [INFO] src.cleaning: [SUPREMEIND.NS] non-critical missing fields: ['return_on_equity']
2026-09-09 07:58:10,842 [INFO] src.cleaning: [TATACHEM.NS] non-critical missing fields: ['trailing_pe', 'return_on_equity']
2026-09-09 07:58:10,842 [INFO] src.cleaning: [TATACONSUM.NS] non-critical missing fields: ['return_on_equity']
2026-09-09 07:58:10,842 [INFO] src.cleaning: [TATAELXSI.NS] non-critical missing fields: ['return_on_equity']
2026-09-09 07:58:10,842 [INFO] src.cleaning: [TATAPOWER.NS] non-critical missing fields: ['return_on_equity']
2026-09-09 07:58:10,842 [INFO] src.cleaning: [TATASTEEL.NS] non-critical missing fields: ['return_on_equity']
2026-09-09 07:58:10,842 [INFO] src.cleaning: [TECHM.NS] non-critical missing fields: ['return_on_equity']
2026-09-09 07:58:10,842 [INFO] src.cleaning: [THERMAX.NS] non-critical missing fields: ['return_on_equity']
2026-09-09 07:58:10,842 [INFO] src.cleaning: [TIMKEN.NS] non-critical missing fields: ['return_on_equity']
2026-09-09 07:58:10,842 [INFO] src.cleaning: [TITAN.NS] non-critical missing fields: ['return_on_equity']
2026-09-09 07:58:10,842 [INFO] src.cleaning: [TMCV.NS] non-critical missing fields: ['return_on_equity']
2026-09-09 07:58:10,842 [INFO] src.cleaning: [TMPV.NS] non-critical missing fields: ['trailing_pe', 'return_on_equity']
2026-09-09 07:58:10,842 [INFO] src.cleaning: [TORNTPHARM.NS] non-critical missing fields: ['return_on_equity']
2026-09-09 07:58:10,842 [INFO] src.cleaning: [TORNTPOWER.NS] non-critical missing fields: ['return_on_equity']
2026-09-09 07:58:10,843 [INFO] src.cleaning: [TRENT.NS] non-critical missing fields: ['return_on_equity']
2026-09-09 07:58:10,843 [INFO] src.cleaning: [UCOBANK.NS] non-critical missing fields: ['ev_to_ebitda', 'debt_to_equity']
2026-09-09 07:58:10,843 [INFO] src.cleaning: [ULTRACEMCO.NS] non-critical missing fields: ['return_on_equity']
2026-09-09 07:58:10,843 [INFO] src.cleaning: [UNIONBANK.NS] non-critical missing fields: ['ev_to_ebitda', 'debt_to_equity', 'revenue_growth', 'total_debt']
2026-09-09 07:58:10,843 [INFO] src.cleaning: [UNITDSPR.NS] non-critical missing fields: ['return_on_equity']
2026-09-09 07:58:10,843 [INFO] src.cleaning: [UNOMINDA.NS] non-critical missing fields: ['return_on_equity']
2026-09-09 07:58:10,843 [INFO] src.cleaning: [UPL.NS] non-critical missing fields: ['return_on_equity']
2026-09-09 07:58:10,843 [INFO] src.cleaning: [VEDL.NS] non-critical missing fields: ['return_on_equity']
2026-09-09 07:58:10,843 [INFO] src.cleaning: [VOLTAS.NS] non-critical missing fields: ['return_on_equity']
2026-09-09 07:58:10,843 [INFO] src.cleaning: [WELCORP.NS] non-critical missing fields: ['return_on_equity']
2026-09-09 07:58:10,843 [INFO] src.cleaning: [WHIRLPOOL.NS] non-critical missing fields: ['return_on_equity']
2026-09-09 07:58:10,843 [INFO] src.cleaning: [ZEEL.NS] non-critical missing fields: ['return_on_equity']
2026-09-09 07:58:10,850 [INFO] src.cleaning: Cleaned 191/201 tickers -> data/processed/cleaned_universe.csv
2026-09-09 07:58:10,850 [INFO] src.cleaning: Full flag audit trail -> data/processed/cleaning_flags.csv
2026-09-09 07:58:10,850 [INFO] __main__: Cleaning validation passed: 191/201 tickers retained (95%)
2026-09-09 07:58:10,850 [INFO] __main__: === Stage 3/8: Scoring ===
2026-09-09 07:58:10,908 [INFO] src.scoring: Scored 191 companies -> data/processed/scored_universe.csv
2026-09-09 07:58:10,908 [INFO] src.scoring: Top 10 shortlist -> data/processed/shortlist_top_n.csv
2026-09-09 07:58:10,909 [WARNING] src.scoring: 24 companies scored on fewer than all 4 buckets (reweighted, not zero-filled) — see 'buckets_used' column: ['UNIONBANK.NS', 'IOB.NS', 'BANKINDIA.NS', 'CANBK.NS', 'PNB.NS', 'ICICIGI.NS', 'IDEA.NS', 'GICRE.NS', 'FEDERALBNK.NS', 'UCOBANK.NS', 'BANKBARODA.NS', 'SBIN.NS', 'AXISBANK.NS', 'CENTRALBK.NS', 'KOTAKBANK.NS', 'SBILIFE.NS', 'ICICIBANK.NS', 'HDFCBANK.NS', 'BANDHANBNK.NS', 'AUBANK.NS', 'IDFCFIRSTB.NS', 'GMRAIRPORT.NS', 'RBLBANK.NS', 'INDUSINDBK.NS']
2026-09-09 07:58:10,910 [INFO] __main__: Scoring validation passed: 191 companies ranked, all scores in valid range
2026-09-09 07:58:10,910 [INFO] __main__: === Stage 4/8: Comps + DuPont ===
2026-09-09 07:58:10,921 [INFO] src.comps_dupont: Comps + DuPont report for top 10 -> data/processed/comps_dupont_report.csv
2026-09-09 07:58:10,922 [WARNING] src.comps_dupont: 1 companies have a DuPont-implied ROE that diverges >5pp from reported ROE (possible data inconsistency, worth a manual check): ['IOB.NS']
2026-09-09 07:58:10,922 [INFO] __main__: === Stage 5/8: Explainability ===
2026-09-09 07:58:10,957 [INFO] src.explainability: Explanations for top 10 companies -> data/processed/explanations.csv
2026-09-09 07:58:10,957 [INFO] __main__: === Stage 6/8: Baseline Comparison ===
2026-09-09 07:58:10,964 [INFO] src.baseline_comparison: Baseline comparison -> data/processed/baseline_comparison.csv
2026-09-09 07:58:10,964 [INFO] __main__: === Stage 7/8: Acquisition Likelihood ===
2026-09-09 07:58:10,967 [INFO] src.acquisition_likelihood: 2 companies excluded from acquisition-likelihood scoring (negative/zero equity — financial distress, not a value-target thesis): ['IDEA.NS', 'GMRAIRPORT.NS']
2026-09-09 07:58:10,977 [INFO] src.acquisition_likelihood: Acquisition likelihood scoring -> data/processed/acquisition_likelihood.csv
2026-09-09 07:58:10,978 [INFO] __main__: === Stage 8/8: Historical Snapshot ===
2026-09-09 07:58:10,984 [INFO] src.history_tracker: Recorded shortlist snapshot for 2026-09-09 (10 companies) -> data/history/shortlist_history.csv (5 distinct days tracked so far)
2026-09-09 07:58:10,990 [INFO] src.history_tracker: Recorded acquisition-likelihood snapshot for 2026-09-09 (10 companies) -> data/history/acquisition_likelihood_history.csv (5 distinct days tracked so far)
2026-09-09 07:58:10,990 [INFO] __main__: === Pipeline completed successfully ===
2026-09-09 07:58:10,990 [INFO] __main__:   ingestion: {'total': 201, 'ok': 200}
2026-09-09 07:58:10,990 [INFO] __main__:   cleaning: {'retained': 191, 'input': 201}
2026-09-09 07:58:10,990 [INFO] __main__:   scoring: {'ranked': 191}
2026-09-09 07:58:10,990 [INFO] __main__:   comps_dupont: {'companies': 10}
2026-09-09 07:58:10,990 [INFO] __main__:   explainability: {'companies': 10}
2026-09-09 07:58:10,990 [INFO] __main__:   baseline_comparison: {'correlation': np.float64(0.4896198600922494), 'overlap_pct': 0.1}
2026-09-09 07:58:10,990 [INFO] __main__:   acquisition_likelihood: {'companies': 10}
2026-09-09 07:58:10,990 [INFO] __main__:   history_tracker: {'recorded': True}
