2026-10-04 09:23:01,710 [INFO] __main__: Logging to file: logs/pipeline_run_2026-10-04T09-23-01Z.log
2026-10-04 09:23:01,711 [INFO] __main__: === Stage 1/8: Ingestion ===
2026-10-04 09:23:01,742 [INFO] src.ingestion: [ACC.NS] fetching fresh data
2026-10-04 09:23:02,754 [INFO] src.ingestion: [AMBUJACEM.NS] fetching fresh data
2026-10-04 09:23:03,719 [INFO] src.ingestion: [ULTRACEMCO.NS] fetching fresh data
2026-10-04 09:23:04,701 [INFO] src.ingestion: [SHREECEM.NS] fetching fresh data
2026-10-04 09:23:05,674 [INFO] src.ingestion: [JKCEMENT.NS] fetching fresh data
2026-10-04 09:23:06,566 [INFO] src.ingestion: [RAMCOCEM.NS] fetching fresh data
2026-10-04 09:23:07,370 [INFO] src.ingestion: [HEIDELBERG.NS] fetching fresh data
2026-10-04 09:23:08,290 [INFO] src.ingestion: [DALBHARAT.NS] fetching fresh data
2026-10-04 09:23:09,231 [INFO] src.ingestion: [INFY.NS] fetching fresh data
2026-10-04 09:23:10,145 [INFO] src.ingestion: [TCS.NS] fetching fresh data
2026-10-04 09:23:10,978 [INFO] src.ingestion: [WIPRO.NS] fetching fresh data
2026-10-04 09:23:11,851 [INFO] src.ingestion: [HCLTECH.NS] fetching fresh data
2026-10-04 09:23:12,667 [INFO] src.ingestion: [TECHM.NS] fetching fresh data
2026-10-04 09:23:13,493 [INFO] src.ingestion: [LTIM.NS] fetching fresh data
2026-10-04 09:23:13,624 [ERROR] yfinance: HTTP Error 404: {"quoteSummary":{"result":null,"error":{"code":"Not Found","description":"Quote not found for symbol: LTIM.NS"}}}
2026-10-04 09:23:13,710 [WARNING] src.ingestion: [LTIM.NS] attempt 1 failed: yfinance returned an empty info payload for LTIM.NS (no exception, but no usable data — likely a transient Yahoo-side issue or an invalid/delisted symbol)
2026-10-04 09:23:16,062 [ERROR] yfinance: HTTP Error 404: {"quoteSummary":{"result":null,"error":{"code":"Not Found","description":"Quote not found for symbol: LTIM.NS"}}}
2026-10-04 09:23:16,106 [WARNING] src.ingestion: [LTIM.NS] attempt 2 failed: yfinance returned an empty info payload for LTIM.NS (no exception, but no usable data — likely a transient Yahoo-side issue or an invalid/delisted symbol)
2026-10-04 09:23:20,269 [ERROR] yfinance: HTTP Error 404: {"quoteSummary":{"result":null,"error":{"code":"Not Found","description":"Quote not found for symbol: LTIM.NS"}}}
2026-10-04 09:23:20,317 [WARNING] src.ingestion: [LTIM.NS] attempt 3 failed: yfinance returned an empty info payload for LTIM.NS (no exception, but no usable data — likely a transient Yahoo-side issue or an invalid/delisted symbol)
2026-10-04 09:23:20,718 [INFO] src.ingestion: [PERSISTENT.NS] fetching fresh data
2026-10-04 09:23:21,593 [INFO] src.ingestion: [COFORGE.NS] fetching fresh data
2026-10-04 09:23:22,412 [INFO] src.ingestion: [MPHASIS.NS] fetching fresh data
2026-10-04 09:23:23,310 [INFO] src.ingestion: [LTTS.NS] fetching fresh data
2026-10-04 09:23:24,137 [INFO] src.ingestion: [TATAELXSI.NS] fetching fresh data
2026-10-04 09:23:24,939 [INFO] src.ingestion: [CYIENT.NS] fetching fresh data
2026-10-04 09:23:25,853 [INFO] src.ingestion: [KPITTECH.NS] fetching fresh data
2026-10-04 09:23:26,777 [INFO] src.ingestion: [HDFCBANK.NS] fetching fresh data
2026-10-04 09:23:27,605 [INFO] src.ingestion: [ICICIBANK.NS] fetching fresh data
2026-10-04 09:23:28,436 [INFO] src.ingestion: [SBIN.NS] fetching fresh data
2026-10-04 09:23:29,326 [INFO] src.ingestion: [AXISBANK.NS] fetching fresh data
2026-10-04 09:23:30,189 [INFO] src.ingestion: [KOTAKBANK.NS] fetching fresh data
2026-10-04 09:23:31,041 [INFO] src.ingestion: [INDUSINDBK.NS] fetching fresh data
2026-10-04 09:23:31,835 [INFO] src.ingestion: [FEDERALBNK.NS] fetching fresh data
2026-10-04 09:23:32,723 [INFO] src.ingestion: [BANDHANBNK.NS] fetching fresh data
2026-10-04 09:23:33,509 [INFO] src.ingestion: [IDFCFIRSTB.NS] fetching fresh data
2026-10-04 09:23:34,298 [INFO] src.ingestion: [PNB.NS] fetching fresh data
2026-10-04 09:23:35,080 [INFO] src.ingestion: [BANKBARODA.NS] fetching fresh data
2026-10-04 09:23:35,930 [INFO] src.ingestion: [CANBK.NS] fetching fresh data
2026-10-04 09:23:36,968 [INFO] src.ingestion: [UNIONBANK.NS] fetching fresh data
2026-10-04 09:23:37,890 [INFO] src.ingestion: [AUBANK.NS] fetching fresh data
2026-10-04 09:23:38,683 [INFO] src.ingestion: [RBLBANK.NS] fetching fresh data
2026-10-04 09:23:39,542 [INFO] src.ingestion: [BANKINDIA.NS] fetching fresh data
2026-10-04 09:23:40,302 [INFO] src.ingestion: [CENTRALBK.NS] fetching fresh data
2026-10-04 09:23:41,177 [INFO] src.ingestion: [IOB.NS] fetching fresh data
2026-10-04 09:23:41,951 [INFO] src.ingestion: [UCOBANK.NS] fetching fresh data
2026-10-04 09:23:42,711 [INFO] src.ingestion: [BAJFINANCE.NS] fetching fresh data
2026-10-04 09:23:43,636 [INFO] src.ingestion: [BAJAJFINSV.NS] fetching fresh data
2026-10-04 09:23:44,450 [INFO] src.ingestion: [CHOLAFIN.NS] fetching fresh data
2026-10-04 09:23:45,320 [INFO] src.ingestion: [MUTHOOTFIN.NS] fetching fresh data
2026-10-04 09:23:46,229 [INFO] src.ingestion: [LICHSGFIN.NS] fetching fresh data
2026-10-04 09:23:47,085 [INFO] src.ingestion: [SHRIRAMFIN.NS] fetching fresh data
2026-10-04 09:23:47,997 [INFO] src.ingestion: [PFC.NS] fetching fresh data
2026-10-04 09:23:48,833 [INFO] src.ingestion: [RECLTD.NS] fetching fresh data
2026-10-04 09:23:49,663 [INFO] src.ingestion: [IRFC.NS] fetching fresh data
2026-10-04 09:23:50,576 [INFO] src.ingestion: [HUDCO.NS] fetching fresh data
2026-10-04 09:23:51,500 [INFO] src.ingestion: [BAJAJHLDNG.NS] fetching fresh data
2026-10-04 09:23:52,379 [INFO] src.ingestion: [SBICARD.NS] fetching fresh data
2026-10-04 09:23:53,226 [INFO] src.ingestion: [MANAPPURAM.NS] fetching fresh data
2026-10-04 09:23:54,027 [INFO] src.ingestion: [POONAWALLA.NS] fetching fresh data
2026-10-04 09:23:55,064 [INFO] src.ingestion: [HDFCLIFE.NS] fetching fresh data
2026-10-04 09:23:55,964 [INFO] src.ingestion: [SBILIFE.NS] fetching fresh data
2026-10-04 09:23:56,881 [INFO] src.ingestion: [ICICIPRULI.NS] fetching fresh data
2026-10-04 09:23:57,660 [INFO] src.ingestion: [ICICIGI.NS] fetching fresh data
2026-10-04 09:23:58,523 [INFO] src.ingestion: [LICI.NS] fetching fresh data
2026-10-04 09:23:59,354 [INFO] src.ingestion: [GICRE.NS] fetching fresh data
2026-10-04 09:24:00,212 [INFO] src.ingestion: [MARUTI.NS] fetching fresh data
2026-10-04 09:24:01,070 [INFO] src.ingestion: [TMPV.NS] fetching fresh data
2026-10-04 09:24:01,909 [INFO] src.ingestion: [TMCV.NS] fetching fresh data
2026-10-04 09:24:02,698 [INFO] src.ingestion: [M&M.NS] fetching fresh data
2026-10-04 09:24:03,667 [INFO] src.ingestion: [EICHERMOT.NS] fetching fresh data
2026-10-04 09:24:04,655 [INFO] src.ingestion: [HEROMOTOCO.NS] fetching fresh data
2026-10-04 09:24:05,578 [INFO] src.ingestion: [BAJAJ-AUTO.NS] fetching fresh data
2026-10-04 09:24:06,412 [INFO] src.ingestion: [TVSMOTOR.NS] fetching fresh data
2026-10-04 09:24:07,368 [INFO] src.ingestion: [ASHOKLEY.NS] fetching fresh data
2026-10-04 09:24:08,328 [INFO] src.ingestion: [BHARATFORG.NS] fetching fresh data
2026-10-04 09:24:09,278 [INFO] src.ingestion: [MOTHERSON.NS] fetching fresh data
2026-10-04 09:24:10,119 [INFO] src.ingestion: [BOSCHLTD.NS] fetching fresh data
2026-10-04 09:24:10,929 [INFO] src.ingestion: [MRF.NS] fetching fresh data
2026-10-04 09:24:11,755 [INFO] src.ingestion: [ENDURANCE.NS] fetching fresh data
2026-10-04 09:24:12,548 [INFO] src.ingestion: [EXIDEIND.NS] fetching fresh data
2026-10-04 09:24:13,590 [INFO] src.ingestion: [ARE&M.NS] fetching fresh data
2026-10-04 09:24:14,362 [INFO] src.ingestion: [SUNDRMFAST.NS] fetching fresh data
2026-10-04 09:24:15,367 [INFO] src.ingestion: [UNOMINDA.NS] fetching fresh data
2026-10-04 09:24:16,349 [INFO] src.ingestion: [SUNPHARMA.NS] fetching fresh data
2026-10-04 09:24:17,316 [INFO] src.ingestion: [DRREDDY.NS] fetching fresh data
2026-10-04 09:24:18,369 [INFO] src.ingestion: [CIPLA.NS] fetching fresh data
2026-10-04 09:24:19,255 [INFO] src.ingestion: [DIVISLAB.NS] fetching fresh data
2026-10-04 09:24:20,164 [INFO] src.ingestion: [LUPIN.NS] fetching fresh data
2026-10-04 09:24:21,118 [INFO] src.ingestion: [AUROPHARMA.NS] fetching fresh data
2026-10-04 09:24:22,183 [INFO] src.ingestion: [BIOCON.NS] fetching fresh data
2026-10-04 09:24:23,147 [INFO] src.ingestion: [TORNTPHARM.NS] fetching fresh data
2026-10-04 09:24:24,001 [INFO] src.ingestion: [ALKEM.NS] fetching fresh data
2026-10-04 09:24:24,854 [INFO] src.ingestion: [ABBOTINDIA.NS] fetching fresh data
2026-10-04 09:24:25,664 [INFO] src.ingestion: [APOLLOHOSP.NS] fetching fresh data
2026-10-04 09:24:26,584 [INFO] src.ingestion: [FORTIS.NS] fetching fresh data
2026-10-04 09:24:27,554 [INFO] src.ingestion: [LALPATHLAB.NS] fetching fresh data
2026-10-04 09:24:28,474 [INFO] src.ingestion: [METROPOLIS.NS] fetching fresh data
2026-10-04 09:24:29,312 [INFO] src.ingestion: [GLAND.NS] fetching fresh data
2026-10-04 09:24:30,117 [INFO] src.ingestion: [LAURUSLABS.NS] fetching fresh data
2026-10-04 09:24:31,099 [INFO] src.ingestion: [GLENMARK.NS] fetching fresh data
2026-10-04 09:24:32,117 [INFO] src.ingestion: [IPCALAB.NS] fetching fresh data
2026-10-04 09:24:33,038 [INFO] src.ingestion: [HINDUNILVR.NS] fetching fresh data
2026-10-04 09:24:33,933 [INFO] src.ingestion: [ITC.NS] fetching fresh data
2026-10-04 09:24:34,761 [INFO] src.ingestion: [NESTLEIND.NS] fetching fresh data
2026-10-04 09:24:35,669 [INFO] src.ingestion: [BRITANNIA.NS] fetching fresh data
2026-10-04 09:24:36,522 [INFO] src.ingestion: [DABUR.NS] fetching fresh data
2026-10-04 09:24:37,295 [INFO] src.ingestion: [GODREJCP.NS] fetching fresh data
2026-10-04 09:24:38,235 [INFO] src.ingestion: [MARICO.NS] fetching fresh data
2026-10-04 09:24:39,185 [INFO] src.ingestion: [COLPAL.NS] fetching fresh data
2026-10-04 09:24:39,973 [INFO] src.ingestion: [TATACONSUM.NS] fetching fresh data
2026-10-04 09:24:40,962 [INFO] src.ingestion: [VBL.NS] fetching fresh data
2026-10-04 09:24:41,929 [INFO] src.ingestion: [UNITDSPR.NS] fetching fresh data
2026-10-04 09:24:42,759 [INFO] src.ingestion: [EMAMILTD.NS] fetching fresh data
2026-10-04 09:24:43,734 [INFO] src.ingestion: [TATASTEEL.NS] fetching fresh data
2026-10-04 09:24:44,573 [INFO] src.ingestion: [JSWSTEEL.NS] fetching fresh data
2026-10-04 09:24:45,480 [INFO] src.ingestion: [HINDALCO.NS] fetching fresh data
2026-10-04 09:24:46,428 [INFO] src.ingestion: [VEDL.NS] fetching fresh data
2026-10-04 09:24:47,341 [INFO] src.ingestion: [COALINDIA.NS] fetching fresh data
2026-10-04 09:24:48,202 [INFO] src.ingestion: [NMDC.NS] fetching fresh data
2026-10-04 09:24:49,088 [INFO] src.ingestion: [SAIL.NS] fetching fresh data
2026-10-04 09:24:50,086 [INFO] src.ingestion: [JINDALSTEL.NS] fetching fresh data
2026-10-04 09:24:51,011 [INFO] src.ingestion: [APLAPOLLO.NS] fetching fresh data
2026-10-04 09:24:51,839 [INFO] src.ingestion: [NATIONALUM.NS] fetching fresh data
2026-10-04 09:24:52,636 [INFO] src.ingestion: [HINDCOPPER.NS] fetching fresh data
2026-10-04 09:24:53,465 [INFO] src.ingestion: [RATNAMANI.NS] fetching fresh data
2026-10-04 09:24:54,380 [INFO] src.ingestion: [HINDZINC.NS] fetching fresh data
2026-10-04 09:24:55,247 [INFO] src.ingestion: [WELCORP.NS] fetching fresh data
2026-10-04 09:24:56,042 [INFO] src.ingestion: [JSL.NS] fetching fresh data
2026-10-04 09:24:56,887 [INFO] src.ingestion: [RELIANCE.NS] fetching fresh data
2026-10-04 09:24:57,879 [INFO] src.ingestion: [ONGC.NS] fetching fresh data
2026-10-04 09:24:58,715 [INFO] src.ingestion: [BPCL.NS] fetching fresh data
2026-10-04 09:24:59,584 [INFO] src.ingestion: [IOC.NS] fetching fresh data
2026-10-04 09:25:00,634 [INFO] src.ingestion: [GAIL.NS] fetching fresh data
2026-10-04 09:25:01,459 [INFO] src.ingestion: [NTPC.NS] fetching fresh data
2026-10-04 09:25:02,273 [INFO] src.ingestion: [POWERGRID.NS] fetching fresh data
2026-10-04 09:25:03,250 [INFO] src.ingestion: [TATAPOWER.NS] fetching fresh data
2026-10-04 09:25:04,299 [INFO] src.ingestion: [ADANIGREEN.NS] fetching fresh data
2026-10-04 09:25:05,162 [INFO] src.ingestion: [ADANIPOWER.NS] fetching fresh data
2026-10-04 09:25:06,100 [INFO] src.ingestion: [TORNTPOWER.NS] fetching fresh data
2026-10-04 09:25:06,943 [INFO] src.ingestion: [LT.NS] fetching fresh data
2026-10-04 09:25:07,907 [INFO] src.ingestion: [SIEMENS.NS] fetching fresh data
2026-10-04 09:25:08,807 [INFO] src.ingestion: [ABB.NS] fetching fresh data
2026-10-04 09:25:09,660 [INFO] src.ingestion: [HAL.NS] fetching fresh data
2026-10-04 09:25:10,468 [INFO] src.ingestion: [BEL.NS] fetching fresh data
2026-10-04 09:25:11,385 [INFO] src.ingestion: [BHEL.NS] fetching fresh data
2026-10-04 09:25:12,216 [INFO] src.ingestion: [CUMMINSIND.NS] fetching fresh data
2026-10-04 09:25:13,189 [INFO] src.ingestion: [THERMAX.NS] fetching fresh data
2026-10-04 09:25:14,110 [INFO] src.ingestion: [POLYCAB.NS] fetching fresh data
2026-10-04 09:25:14,921 [INFO] src.ingestion: [KEI.NS] fetching fresh data
2026-10-04 09:25:15,757 [INFO] src.ingestion: [HAVELLS.NS] fetching fresh data
2026-10-04 09:25:16,542 [INFO] src.ingestion: [CROMPTON.NS] fetching fresh data
2026-10-04 09:25:17,435 [INFO] src.ingestion: [SUPREMEIND.NS] fetching fresh data
2026-10-04 09:25:18,210 [INFO] src.ingestion: [ASTRAL.NS] fetching fresh data
2026-10-04 09:25:19,087 [INFO] src.ingestion: [GRINDWELL.NS] fetching fresh data
2026-10-04 09:25:19,878 [INFO] src.ingestion: [CARBORUNIV.NS] fetching fresh data
2026-10-04 09:25:20,637 [INFO] src.ingestion: [TIMKEN.NS] fetching fresh data
2026-10-04 09:25:21,567 [INFO] src.ingestion: [SKFINDIA.NS] fetching fresh data
2026-10-04 09:25:22,486 [INFO] src.ingestion: [SRF.NS] fetching fresh data
2026-10-04 09:25:23,347 [INFO] src.ingestion: [PIIND.NS] fetching fresh data
2026-10-04 09:25:24,143 [INFO] src.ingestion: [DEEPAKNTR.NS] fetching fresh data
2026-10-04 09:25:24,981 [INFO] src.ingestion: [AARTIIND.NS] fetching fresh data
2026-10-04 09:25:25,988 [INFO] src.ingestion: [NAVINFLUOR.NS] fetching fresh data
2026-10-04 09:25:26,875 [INFO] src.ingestion: [UPL.NS] fetching fresh data
2026-10-04 09:25:27,795 [INFO] src.ingestion: [COROMANDEL.NS] fetching fresh data
2026-10-04 09:25:28,824 [INFO] src.ingestion: [CHAMBLFERT.NS] fetching fresh data
2026-10-04 09:25:29,641 [INFO] src.ingestion: [GNFC.NS] fetching fresh data
2026-10-04 09:25:30,544 [INFO] src.ingestion: [PIDILITIND.NS] fetching fresh data
2026-10-04 09:25:31,599 [INFO] src.ingestion: [TATACHEM.NS] fetching fresh data
2026-10-04 09:25:32,480 [INFO] src.ingestion: [GHCL.NS] fetching fresh data
2026-10-04 09:25:33,334 [INFO] src.ingestion: [TITAN.NS] fetching fresh data
2026-10-04 09:25:34,182 [INFO] src.ingestion: [DMART.NS] fetching fresh data
2026-10-04 09:25:34,989 [INFO] src.ingestion: [TRENT.NS] fetching fresh data
2026-10-04 09:25:35,923 [INFO] src.ingestion: [BATAINDIA.NS] fetching fresh data
2026-10-04 09:25:36,735 [INFO] src.ingestion: [PAGEIND.NS] fetching fresh data
2026-10-04 09:25:37,535 [INFO] src.ingestion: [JUBLFOOD.NS] fetching fresh data
2026-10-04 09:25:38,475 [INFO] src.ingestion: [VOLTAS.NS] fetching fresh data
2026-10-04 09:25:39,411 [INFO] src.ingestion: [DIXON.NS] fetching fresh data
2026-10-04 09:25:40,368 [INFO] src.ingestion: [RELAXO.NS] fetching fresh data
2026-10-04 09:25:41,151 [INFO] src.ingestion: [KAJARIACER.NS] fetching fresh data
2026-10-04 09:25:41,969 [INFO] src.ingestion: [WHIRLPOOL.NS] fetching fresh data
2026-10-04 09:25:42,864 [INFO] src.ingestion: [BLUESTARCO.NS] fetching fresh data
2026-10-04 09:25:43,774 [INFO] src.ingestion: [PGHH.NS] fetching fresh data
2026-10-04 09:25:44,648 [INFO] src.ingestion: [GILLETTE.NS] fetching fresh data
2026-10-04 09:25:45,450 [INFO] src.ingestion: [BHARTIARTL.NS] fetching fresh data
2026-10-04 09:25:46,363 [INFO] src.ingestion: [IDEA.NS] fetching fresh data
2026-10-04 09:25:47,194 [INFO] src.ingestion: [INDUSTOWER.NS] fetching fresh data
2026-10-04 09:25:48,130 [INFO] src.ingestion: [PVRINOX.NS] fetching fresh data
2026-10-04 09:25:49,115 [INFO] src.ingestion: [ZEEL.NS] fetching fresh data
2026-10-04 09:25:49,934 [INFO] src.ingestion: [ADANIPORTS.NS] fetching fresh data
2026-10-04 09:25:50,852 [INFO] src.ingestion: [ADANIENT.NS] fetching fresh data
2026-10-04 09:25:51,719 [INFO] src.ingestion: [GMRAIRPORT.NS] fetching fresh data
2026-10-04 09:25:52,686 [INFO] src.ingestion: [CONCOR.NS] fetching fresh data
2026-10-04 09:25:53,517 [INFO] src.ingestion: [IRCTC.NS] fetching fresh data
2026-10-04 09:25:54,295 [INFO] src.ingestion: [INDIGO.NS] fetching fresh data
2026-10-04 09:25:55,179 [INFO] src.ingestion: [RVNL.NS] fetching fresh data
2026-10-04 09:25:56,033 [INFO] src.ingestion: [IRCON.NS] fetching fresh data
2026-10-04 09:25:56,928 [INFO] src.ingestion: [NBCC.NS] fetching fresh data
2026-10-04 09:25:57,776 [INFO] src.ingestion: [NCC.NS] fetching fresh data
2026-10-04 09:25:58,595 [INFO] src.ingestion: [MAZDOCK.NS] fetching fresh data
2026-10-04 09:25:59,404 [INFO] src.ingestion: [COCHINSHIP.NS] fetching fresh data
2026-10-04 09:26:00,283 [INFO] src.ingestion: [DLF.NS] fetching fresh data
2026-10-04 09:26:01,238 [INFO] src.ingestion: [GODREJPROP.NS] fetching fresh data
2026-10-04 09:26:02,084 [INFO] src.ingestion: [OBEROIRLTY.NS] fetching fresh data
2026-10-04 09:26:02,938 [INFO] src.ingestion: [PRESTIGE.NS] fetching fresh data
2026-10-04 09:26:03,859 [INFO] src.ingestion: [PHOENIXLTD.NS] fetching fresh data
2026-10-04 09:26:04,837 [INFO] src.ingestion: [SOBHA.NS] fetching fresh data
2026-10-04 09:26:05,698 [INFO] src.ingestion: Fetched 200/201 tickers successfully
2026-10-04 09:26:05,698 [WARNING] src.ingestion: Failed tickers (excluded from downstream, not silently zeroed): ['LTIM.NS']
2026-10-04 09:26:05,699 [INFO] __main__: Ingestion validation passed: 200/201 tickers (100%)
2026-10-04 09:26:05,699 [INFO] __main__: === Stage 2/8: Cleaning ===
2026-10-04 09:26:05,706 [WARNING] src.cleaning: [ASHOKLEY.NS] EXCLUDED: missing critical fields: ['market_cap']
2026-10-04 09:26:05,707 [WARNING] src.cleaning: [BOSCHLTD.NS] EXCLUDED: missing critical fields: ['market_cap']
2026-10-04 09:26:05,707 [WARNING] src.cleaning: [IOC.NS] EXCLUDED: missing critical fields: ['market_cap']
2026-10-04 09:26:05,707 [WARNING] src.cleaning: [JUBLFOOD.NS] EXCLUDED: missing critical fields: ['market_cap']
2026-10-04 09:26:05,707 [WARNING] src.cleaning: [LTIM.NS] EXCLUDED: ingestion failed: yfinance returned an empty info payload for LTIM.NS (no exception, but no usable data — likely a transient Yahoo-side issue or an invalid/delisted symbol)
2026-10-04 09:26:05,707 [WARNING] src.cleaning: [RECLTD.NS] EXCLUDED: missing critical fields: ['market_cap']
2026-10-04 09:26:05,707 [WARNING] src.cleaning: [RELIANCE.NS] EXCLUDED: missing critical fields: ['market_cap']
2026-10-04 09:26:05,708 [WARNING] src.cleaning: [TCS.NS] EXCLUDED: missing critical fields: ['market_cap']
2026-10-04 09:26:05,708 [WARNING] src.cleaning: [TVSMOTOR.NS] EXCLUDED: missing critical fields: ['market_cap']
2026-10-04 09:26:05,708 [INFO] src.cleaning: [AARTIIND.NS] non-critical missing fields: ['return_on_equity']
2026-10-04 09:26:05,708 [INFO] src.cleaning: [ABBOTINDIA.NS] non-critical missing fields: ['return_on_equity']
2026-10-04 09:26:05,708 [INFO] src.cleaning: [ACC.NS] non-critical missing fields: ['return_on_equity']
2026-10-04 09:26:05,708 [INFO] src.cleaning: [ADANIENT.NS] non-critical missing fields: ['return_on_equity']
2026-10-04 09:26:05,708 [INFO] src.cleaning: [ADANIGREEN.NS] non-critical missing fields: ['return_on_equity']
2026-10-04 09:26:05,708 [INFO] src.cleaning: [ADANIPORTS.NS] non-critical missing fields: ['return_on_equity']
2026-10-04 09:26:05,708 [INFO] src.cleaning: [ADANIPOWER.NS] non-critical missing fields: ['return_on_equity']
2026-10-04 09:26:05,708 [INFO] src.cleaning: [ALKEM.NS] non-critical missing fields: ['return_on_equity']
2026-10-04 09:26:05,708 [INFO] src.cleaning: [AMBUJACEM.NS] non-critical missing fields: ['return_on_equity']
2026-10-04 09:26:05,708 [INFO] src.cleaning: [APLAPOLLO.NS] non-critical missing fields: ['return_on_equity']
2026-10-04 09:26:05,708 [INFO] src.cleaning: [APOLLOHOSP.NS] non-critical missing fields: ['return_on_equity']
2026-10-04 09:26:05,708 [INFO] src.cleaning: [ARE&M.NS] non-critical missing fields: ['return_on_equity']
2026-10-04 09:26:05,708 [INFO] src.cleaning: [ASTRAL.NS] non-critical missing fields: ['return_on_equity']
2026-10-04 09:26:05,708 [INFO] src.cleaning: [AUBANK.NS] non-critical missing fields: ['ev_to_ebitda', 'return_on_equity', 'debt_to_equity']
2026-10-04 09:26:05,708 [INFO] src.cleaning: [AUROPHARMA.NS] non-critical missing fields: ['return_on_equity']
2026-10-04 09:26:05,709 [INFO] src.cleaning: [AXISBANK.NS] non-critical missing fields: ['ev_to_ebitda', 'debt_to_equity']
2026-10-04 09:26:05,709 [INFO] src.cleaning: [BAJAJ-AUTO.NS] non-critical missing fields: ['return_on_equity']
2026-10-04 09:26:05,709 [INFO] src.cleaning: [BAJAJFINSV.NS] non-critical missing fields: ['return_on_equity']
2026-10-04 09:26:05,709 [WARNING] src.cleaning: [BAJAJHLDNG.NS] outlier values flagged: ['net_margin']
2026-10-04 09:26:05,709 [INFO] src.cleaning: [BAJFINANCE.NS] non-critical missing fields: ['ev_to_ebitda', 'return_on_equity']
2026-10-04 09:26:05,709 [INFO] src.cleaning: [BANDHANBNK.NS] non-critical missing fields: ['ev_to_ebitda', 'return_on_equity', 'debt_to_equity']
2026-10-04 09:26:05,709 [INFO] src.cleaning: [BANKBARODA.NS] non-critical missing fields: ['ev_to_ebitda', 'debt_to_equity']
2026-10-04 09:26:05,709 [INFO] src.cleaning: [BANKINDIA.NS] non-critical missing fields: ['ev_to_ebitda', 'debt_to_equity']
2026-10-04 09:26:05,709 [INFO] src.cleaning: [BATAINDIA.NS] non-critical missing fields: ['return_on_equity']
2026-10-04 09:26:05,709 [INFO] src.cleaning: [BEL.NS] non-critical missing fields: ['return_on_equity']
2026-10-04 09:26:05,709 [INFO] src.cleaning: [BHARATFORG.NS] non-critical missing fields: ['return_on_equity']
2026-10-04 09:26:05,709 [INFO] src.cleaning: [BHEL.NS] non-critical missing fields: ['return_on_equity']
2026-10-04 09:26:05,709 [INFO] src.cleaning: [BIOCON.NS] non-critical missing fields: ['return_on_equity']
2026-10-04 09:26:05,709 [INFO] src.cleaning: [BLUESTARCO.NS] non-critical missing fields: ['return_on_equity']
2026-10-04 09:26:05,709 [INFO] src.cleaning: [BPCL.NS] non-critical missing fields: ['return_on_equity']
2026-10-04 09:26:05,709 [INFO] src.cleaning: [BRITANNIA.NS] non-critical missing fields: ['return_on_equity']
2026-10-04 09:26:05,709 [INFO] src.cleaning: [CANBK.NS] non-critical missing fields: ['ev_to_ebitda', 'return_on_equity', 'debt_to_equity']
2026-10-04 09:26:05,709 [INFO] src.cleaning: [CARBORUNIV.NS] non-critical missing fields: ['return_on_equity']
2026-10-04 09:26:05,709 [INFO] src.cleaning: [CENTRALBK.NS] non-critical missing fields: ['ev_to_ebitda', 'debt_to_equity']
2026-10-04 09:26:05,709 [INFO] src.cleaning: [CHAMBLFERT.NS] non-critical missing fields: ['return_on_equity']
2026-10-04 09:26:05,709 [INFO] src.cleaning: [CHOLAFIN.NS] non-critical missing fields: ['ev_to_ebitda', 'return_on_equity']
2026-10-04 09:26:05,709 [INFO] src.cleaning: [CIPLA.NS] non-critical missing fields: ['return_on_equity']
2026-10-04 09:26:05,709 [INFO] src.cleaning: [COALINDIA.NS] non-critical missing fields: ['return_on_equity']
2026-10-04 09:26:05,709 [INFO] src.cleaning: [COCHINSHIP.NS] non-critical missing fields: ['return_on_equity']
2026-10-04 09:26:05,709 [INFO] src.cleaning: [COFORGE.NS] non-critical missing fields: ['return_on_equity']
2026-10-04 09:26:05,709 [INFO] src.cleaning: [COLPAL.NS] non-critical missing fields: ['return_on_equity']
2026-10-04 09:26:05,709 [INFO] src.cleaning: [CONCOR.NS] non-critical missing fields: ['return_on_equity']
2026-10-04 09:26:05,709 [INFO] src.cleaning: [COROMANDEL.NS] non-critical missing fields: ['return_on_equity']
2026-10-04 09:26:05,709 [INFO] src.cleaning: [CROMPTON.NS] non-critical missing fields: ['trailing_pe', 'return_on_equity']
2026-10-04 09:26:05,709 [INFO] src.cleaning: [CUMMINSIND.NS] non-critical missing fields: ['return_on_equity']
2026-10-04 09:26:05,709 [INFO] src.cleaning: [CYIENT.NS] non-critical missing fields: ['return_on_equity']
2026-10-04 09:26:05,709 [INFO] src.cleaning: [DABUR.NS] non-critical missing fields: ['return_on_equity']
2026-10-04 09:26:05,709 [INFO] src.cleaning: [DALBHARAT.NS] non-critical missing fields: ['return_on_equity']
2026-10-04 09:26:05,709 [INFO] src.cleaning: [DEEPAKNTR.NS] non-critical missing fields: ['return_on_equity']
2026-10-04 09:26:05,709 [INFO] src.cleaning: [DIVISLAB.NS] non-critical missing fields: ['return_on_equity']
2026-10-04 09:26:05,709 [INFO] src.cleaning: [DIXON.NS] non-critical missing fields: ['return_on_equity']
2026-10-04 09:26:05,710 [INFO] src.cleaning: [DMART.NS] non-critical missing fields: ['return_on_equity']
2026-10-04 09:26:05,710 [INFO] src.cleaning: [EICHERMOT.NS] non-critical missing fields: ['return_on_equity']
2026-10-04 09:26:05,710 [INFO] src.cleaning: [EMAMILTD.NS] non-critical missing fields: ['return_on_equity']
2026-10-04 09:26:05,710 [INFO] src.cleaning: [ENDURANCE.NS] non-critical missing fields: ['return_on_equity']
2026-10-04 09:26:05,710 [INFO] src.cleaning: [EXIDEIND.NS] non-critical missing fields: ['return_on_equity']
2026-10-04 09:26:05,710 [INFO] src.cleaning: [FEDERALBNK.NS] non-critical missing fields: ['ev_to_ebitda', 'return_on_equity', 'debt_to_equity']
2026-10-04 09:26:05,710 [INFO] src.cleaning: [FORTIS.NS] non-critical missing fields: ['return_on_equity']
2026-10-04 09:26:05,710 [INFO] src.cleaning: [GAIL.NS] non-critical missing fields: ['return_on_equity']
2026-10-04 09:26:05,710 [INFO] src.cleaning: [GHCL.NS] non-critical missing fields: ['return_on_equity']
2026-10-04 09:26:05,710 [INFO] src.cleaning: [GICRE.NS] non-critical missing fields: ['ev_to_ebitda', 'debt_to_equity']
2026-10-04 09:26:05,710 [INFO] src.cleaning: [GILLETTE.NS] non-critical missing fields: ['return_on_equity']
2026-10-04 09:26:05,710 [INFO] src.cleaning: [GLAND.NS] non-critical missing fields: ['return_on_equity']
2026-10-04 09:26:05,710 [INFO] src.cleaning: [GLENMARK.NS] non-critical missing fields: ['return_on_equity']
2026-10-04 09:26:05,710 [WARNING] src.cleaning: [GMRAIRPORT.NS] negative/zero equity — DuPont ROE math will be invalid downstream
2026-10-04 09:26:05,710 [INFO] src.cleaning: [GMRAIRPORT.NS] non-critical missing fields: ['return_on_equity', 'debt_to_equity']
2026-10-04 09:26:05,710 [INFO] src.cleaning: [GNFC.NS] non-critical missing fields: ['return_on_equity']
2026-10-04 09:26:05,710 [INFO] src.cleaning: [GODREJCP.NS] non-critical missing fields: ['return_on_equity']
2026-10-04 09:26:05,710 [INFO] src.cleaning: [GODREJPROP.NS] non-critical missing fields: ['return_on_equity']
2026-10-04 09:26:05,710 [INFO] src.cleaning: [GRINDWELL.NS] non-critical missing fields: ['return_on_equity']
2026-10-04 09:26:05,710 [INFO] src.cleaning: [HAL.NS] non-critical missing fields: ['return_on_equity']
2026-10-04 09:26:05,710 [INFO] src.cleaning: [HAVELLS.NS] non-critical missing fields: ['return_on_equity']
2026-10-04 09:26:05,710 [WARNING] src.cleaning: [HCLTECH.NS] outlier values flagged: ['ev_to_ebitda']
2026-10-04 09:26:05,710 [INFO] src.cleaning: [HDFCBANK.NS] non-critical missing fields: ['ev_to_ebitda', 'debt_to_equity']
2026-10-04 09:26:05,710 [INFO] src.cleaning: [HEIDELBERG.NS] non-critical missing fields: ['return_on_equity']
2026-10-04 09:26:05,710 [INFO] src.cleaning: [HEROMOTOCO.NS] non-critical missing fields: ['return_on_equity']
2026-10-04 09:26:05,710 [INFO] src.cleaning: [HINDALCO.NS] non-critical missing fields: ['return_on_equity']
2026-10-04 09:26:05,710 [INFO] src.cleaning: [HINDCOPPER.NS] non-critical missing fields: ['return_on_equity']
2026-10-04 09:26:05,710 [INFO] src.cleaning: [HINDUNILVR.NS] non-critical missing fields: ['return_on_equity']
2026-10-04 09:26:05,710 [INFO] src.cleaning: [HINDZINC.NS] non-critical missing fields: ['return_on_equity']
2026-10-04 09:26:05,710 [INFO] src.cleaning: [HUDCO.NS] non-critical missing fields: ['ev_to_ebitda', 'return_on_equity']
2026-10-04 09:26:05,710 [INFO] src.cleaning: [ICICIBANK.NS] non-critical missing fields: ['ev_to_ebitda', 'debt_to_equity']
2026-10-04 09:26:05,710 [INFO] src.cleaning: [ICICIGI.NS] non-critical missing fields: ['debt_to_equity']
2026-10-04 09:26:05,710 [WARNING] src.cleaning: [IDEA.NS] negative/zero equity — DuPont ROE math will be invalid downstream
2026-10-04 09:26:05,710 [INFO] src.cleaning: [IDEA.NS] non-critical missing fields: ['return_on_equity', 'debt_to_equity']
2026-10-04 09:26:05,710 [INFO] src.cleaning: [IDFCFIRSTB.NS] non-critical missing fields: ['ev_to_ebitda', 'debt_to_equity']
2026-10-04 09:26:05,710 [WARNING] src.cleaning: [INDIGO.NS] outlier values flagged: ['debt_to_equity']
2026-10-04 09:26:05,710 [INFO] src.cleaning: [INDIGO.NS] non-critical missing fields: ['trailing_pe', 'return_on_equity']
2026-10-04 09:26:05,710 [INFO] src.cleaning: [INDUSINDBK.NS] non-critical missing fields: ['ev_to_ebitda', 'return_on_equity', 'debt_to_equity']
2026-10-04 09:26:05,711 [WARNING] src.cleaning: [INFY.NS] outlier values flagged: ['ev_to_ebitda']
2026-10-04 09:26:05,711 [INFO] src.cleaning: [IOB.NS] non-critical missing fields: ['ev_to_ebitda', 'debt_to_equity']
2026-10-04 09:26:05,711 [INFO] src.cleaning: [IPCALAB.NS] non-critical missing fields: ['return_on_equity']
2026-10-04 09:26:05,711 [INFO] src.cleaning: [IRCON.NS] non-critical missing fields: ['return_on_equity']
2026-10-04 09:26:05,711 [INFO] src.cleaning: [IRCTC.NS] non-critical missing fields: ['return_on_equity']
2026-10-04 09:26:05,711 [INFO] src.cleaning: [IRFC.NS] non-critical missing fields: ['ev_to_ebitda', 'return_on_equity']
2026-10-04 09:26:05,711 [INFO] src.cleaning: [ITC.NS] non-critical missing fields: ['return_on_equity']
2026-10-04 09:26:05,711 [INFO] src.cleaning: [JINDALSTEL.NS] non-critical missing fields: ['return_on_equity']
2026-10-04 09:26:05,711 [INFO] src.cleaning: [JKCEMENT.NS] non-critical missing fields: ['return_on_equity']
2026-10-04 09:26:05,711 [INFO] src.cleaning: [JSL.NS] non-critical missing fields: ['return_on_equity']
2026-10-04 09:26:05,711 [INFO] src.cleaning: [JSWSTEEL.NS] non-critical missing fields: ['return_on_equity']
2026-10-04 09:26:05,711 [INFO] src.cleaning: [KAJARIACER.NS] non-critical missing fields: ['return_on_equity']
2026-10-04 09:26:05,711 [INFO] src.cleaning: [KEI.NS] non-critical missing fields: ['return_on_equity']
2026-10-04 09:26:05,711 [INFO] src.cleaning: [KOTAKBANK.NS] non-critical missing fields: ['ev_to_ebitda', 'return_on_equity', 'debt_to_equity']
2026-10-04 09:26:05,711 [INFO] src.cleaning: [KPITTECH.NS] non-critical missing fields: ['return_on_equity']
2026-10-04 09:26:05,711 [INFO] src.cleaning: [LALPATHLAB.NS] non-critical missing fields: ['return_on_equity']
2026-10-04 09:26:05,711 [INFO] src.cleaning: [LAURUSLABS.NS] non-critical missing fields: ['return_on_equity']
2026-10-04 09:26:05,711 [INFO] src.cleaning: [LICHSGFIN.NS] non-critical missing fields: ['ev_to_ebitda', 'return_on_equity']
2026-10-04 09:26:05,711 [INFO] src.cleaning: [LICI.NS] non-critical missing fields: ['return_on_equity']
2026-10-04 09:26:05,711 [INFO] src.cleaning: [LTTS.NS] non-critical missing fields: ['return_on_equity']
2026-10-04 09:26:05,711 [INFO] src.cleaning: [LT.NS] non-critical missing fields: ['return_on_equity']
2026-10-04 09:26:05,711 [INFO] src.cleaning: [LUPIN.NS] non-critical missing fields: ['return_on_equity']
2026-10-04 09:26:05,711 [INFO] src.cleaning: [M&M.NS] non-critical missing fields: ['return_on_equity']
2026-10-04 09:26:05,711 [INFO] src.cleaning: [MANAPPURAM.NS] non-critical missing fields: ['ev_to_ebitda', 'return_on_equity']
2026-10-04 09:26:05,711 [INFO] src.cleaning: [MARICO.NS] non-critical missing fields: ['return_on_equity']
2026-10-04 09:26:05,711 [INFO] src.cleaning: [MARUTI.NS] non-critical missing fields: ['return_on_equity']
2026-10-04 09:26:05,712 [INFO] src.cleaning: [MAZDOCK.NS] non-critical missing fields: ['return_on_equity']
2026-10-04 09:26:05,712 [INFO] src.cleaning: [METROPOLIS.NS] non-critical missing fields: ['return_on_equity']
2026-10-04 09:26:05,712 [INFO] src.cleaning: [MOTHERSON.NS] non-critical missing fields: ['return_on_equity']
2026-10-04 09:26:05,712 [INFO] src.cleaning: [MRF.NS] non-critical missing fields: ['return_on_equity']
2026-10-04 09:26:05,712 [INFO] src.cleaning: [MUTHOOTFIN.NS] non-critical missing fields: ['ev_to_ebitda']
2026-10-04 09:26:05,712 [INFO] src.cleaning: [NATIONALUM.NS] non-critical missing fields: ['return_on_equity']
2026-10-04 09:26:05,712 [INFO] src.cleaning: [NAVINFLUOR.NS] non-critical missing fields: ['return_on_equity']
2026-10-04 09:26:05,712 [INFO] src.cleaning: [NBCC.NS] non-critical missing fields: ['return_on_equity']
2026-10-04 09:26:05,712 [INFO] src.cleaning: [NCC.NS] non-critical missing fields: ['return_on_equity']
2026-10-04 09:26:05,712 [INFO] src.cleaning: [NESTLEIND.NS] non-critical missing fields: ['return_on_equity']
2026-10-04 09:26:05,712 [INFO] src.cleaning: [NMDC.NS] non-critical missing fields: ['return_on_equity']
2026-10-04 09:26:05,712 [INFO] src.cleaning: [NTPC.NS] non-critical missing fields: ['return_on_equity']
2026-10-04 09:26:05,712 [INFO] src.cleaning: [OBEROIRLTY.NS] non-critical missing fields: ['return_on_equity']
2026-10-04 09:26:05,712 [INFO] src.cleaning: [ONGC.NS] non-critical missing fields: ['return_on_equity']
2026-10-04 09:26:05,712 [INFO] src.cleaning: [PAGEIND.NS] non-critical missing fields: ['return_on_equity']
2026-10-04 09:26:05,712 [INFO] src.cleaning: [PFC.NS] non-critical missing fields: ['ev_to_ebitda', 'return_on_equity']
2026-10-04 09:26:05,712 [INFO] src.cleaning: [PGHH.NS] non-critical missing fields: ['return_on_equity']
2026-10-04 09:26:05,712 [INFO] src.cleaning: [PHOENIXLTD.NS] non-critical missing fields: ['return_on_equity']
2026-10-04 09:26:05,712 [INFO] src.cleaning: [PIDILITIND.NS] non-critical missing fields: ['return_on_equity']
2026-10-04 09:26:05,712 [INFO] src.cleaning: [PIIND.NS] non-critical missing fields: ['return_on_equity']
2026-10-04 09:26:05,712 [INFO] src.cleaning: [PNB.NS] non-critical missing fields: ['ev_to_ebitda', 'debt_to_equity']
2026-10-04 09:26:05,712 [INFO] src.cleaning: [POONAWALLA.NS] non-critical missing fields: ['ev_to_ebitda', 'return_on_equity']
2026-10-04 09:26:05,712 [INFO] src.cleaning: [POWERGRID.NS] non-critical missing fields: ['return_on_equity']
2026-10-04 09:26:05,712 [INFO] src.cleaning: [PVRINOX.NS] non-critical missing fields: ['return_on_equity']
2026-10-04 09:26:05,712 [INFO] src.cleaning: [RAMCOCEM.NS] non-critical missing fields: ['return_on_equity']
2026-10-04 09:26:05,712 [INFO] src.cleaning: [RATNAMANI.NS] non-critical missing fields: ['return_on_equity']
2026-10-04 09:26:05,712 [INFO] src.cleaning: [RBLBANK.NS] non-critical missing fields: ['ev_to_ebitda', 'return_on_equity', 'debt_to_equity']
2026-10-04 09:26:05,712 [INFO] src.cleaning: [RELAXO.NS] non-critical missing fields: ['return_on_equity']
2026-10-04 09:26:05,712 [INFO] src.cleaning: [RVNL.NS] non-critical missing fields: ['return_on_equity']
2026-10-04 09:26:05,712 [INFO] src.cleaning: [SAIL.NS] non-critical missing fields: ['return_on_equity']
2026-10-04 09:26:05,712 [INFO] src.cleaning: [SBICARD.NS] non-critical missing fields: ['ev_to_ebitda', 'return_on_equity']
2026-10-04 09:26:05,712 [INFO] src.cleaning: [SBILIFE.NS] non-critical missing fields: ['debt_to_equity']
2026-10-04 09:26:05,712 [INFO] src.cleaning: [SBIN.NS] non-critical missing fields: ['ev_to_ebitda', 'debt_to_equity']
2026-10-04 09:26:05,712 [INFO] src.cleaning: [SHREECEM.NS] non-critical missing fields: ['return_on_equity']
2026-10-04 09:26:05,712 [INFO] src.cleaning: [SHRIRAMFIN.NS] non-critical missing fields: ['ev_to_ebitda']
2026-10-04 09:26:05,712 [INFO] src.cleaning: [SIEMENS.NS] non-critical missing fields: ['return_on_equity']
2026-10-04 09:26:05,712 [INFO] src.cleaning: [SKFINDIA.NS] non-critical missing fields: ['return_on_equity']
2026-10-04 09:26:05,712 [INFO] src.cleaning: [SOBHA.NS] non-critical missing fields: ['return_on_equity']
2026-10-04 09:26:05,712 [INFO] src.cleaning: [SRF.NS] non-critical missing fields: ['return_on_equity']
2026-10-04 09:26:05,713 [INFO] src.cleaning: [SUNDRMFAST.NS] non-critical missing fields: ['return_on_equity']
2026-10-04 09:26:05,713 [INFO] src.cleaning: [SUNPHARMA.NS] non-critical missing fields: ['return_on_equity']
2026-10-04 09:26:05,713 [INFO] src.cleaning: [SUPREMEIND.NS] non-critical missing fields: ['return_on_equity']
2026-10-04 09:26:05,713 [INFO] src.cleaning: [TATACHEM.NS] non-critical missing fields: ['trailing_pe', 'return_on_equity']
2026-10-04 09:26:05,713 [INFO] src.cleaning: [TATACONSUM.NS] non-critical missing fields: ['return_on_equity']
2026-10-04 09:26:05,713 [INFO] src.cleaning: [TATAELXSI.NS] non-critical missing fields: ['return_on_equity']
2026-10-04 09:26:05,713 [INFO] src.cleaning: [TATAPOWER.NS] non-critical missing fields: ['return_on_equity']
2026-10-04 09:26:05,713 [INFO] src.cleaning: [TATASTEEL.NS] non-critical missing fields: ['return_on_equity']
2026-10-04 09:26:05,713 [INFO] src.cleaning: [TECHM.NS] non-critical missing fields: ['return_on_equity']
2026-10-04 09:26:05,713 [INFO] src.cleaning: [THERMAX.NS] non-critical missing fields: ['return_on_equity']
2026-10-04 09:26:05,713 [INFO] src.cleaning: [TIMKEN.NS] non-critical missing fields: ['return_on_equity']
2026-10-04 09:26:05,713 [INFO] src.cleaning: [TITAN.NS] non-critical missing fields: ['return_on_equity']
2026-10-04 09:26:05,713 [INFO] src.cleaning: [TMCV.NS] non-critical missing fields: ['return_on_equity']
2026-10-04 09:26:05,713 [INFO] src.cleaning: [TMPV.NS] non-critical missing fields: ['trailing_pe', 'return_on_equity']
2026-10-04 09:26:05,713 [INFO] src.cleaning: [TORNTPHARM.NS] non-critical missing fields: ['return_on_equity']
2026-10-04 09:26:05,713 [INFO] src.cleaning: [TORNTPOWER.NS] non-critical missing fields: ['return_on_equity']
2026-10-04 09:26:05,713 [INFO] src.cleaning: [TRENT.NS] non-critical missing fields: ['return_on_equity']
2026-10-04 09:26:05,713 [INFO] src.cleaning: [UCOBANK.NS] non-critical missing fields: ['ev_to_ebitda', 'debt_to_equity']
2026-10-04 09:26:05,713 [INFO] src.cleaning: [ULTRACEMCO.NS] non-critical missing fields: ['return_on_equity']
2026-10-04 09:26:05,713 [INFO] src.cleaning: [UNIONBANK.NS] non-critical missing fields: ['ev_to_ebitda', 'debt_to_equity']
2026-10-04 09:26:05,713 [INFO] src.cleaning: [UNITDSPR.NS] non-critical missing fields: ['return_on_equity']
2026-10-04 09:26:05,714 [INFO] src.cleaning: [UNOMINDA.NS] non-critical missing fields: ['return_on_equity']
2026-10-04 09:26:05,714 [INFO] src.cleaning: [UPL.NS] non-critical missing fields: ['return_on_equity']
2026-10-04 09:26:05,714 [INFO] src.cleaning: [VEDL.NS] non-critical missing fields: ['return_on_equity']
2026-10-04 09:26:05,714 [INFO] src.cleaning: [VOLTAS.NS] non-critical missing fields: ['return_on_equity']
2026-10-04 09:26:05,714 [INFO] src.cleaning: [WELCORP.NS] non-critical missing fields: ['return_on_equity']
2026-10-04 09:26:05,714 [INFO] src.cleaning: [WHIRLPOOL.NS] non-critical missing fields: ['return_on_equity']
2026-10-04 09:26:05,714 [INFO] src.cleaning: [ZEEL.NS] non-critical missing fields: ['return_on_equity']
2026-10-04 09:26:05,721 [INFO] src.cleaning: Cleaned 192/201 tickers -> data/processed/cleaned_universe.csv
2026-10-04 09:26:05,721 [INFO] src.cleaning: Full flag audit trail -> data/processed/cleaning_flags.csv
2026-10-04 09:26:05,721 [INFO] __main__: Cleaning validation passed: 192/201 tickers retained (96%)
2026-10-04 09:26:05,721 [INFO] __main__: === Stage 3/8: Scoring ===
2026-10-04 09:26:05,779 [INFO] src.scoring: Scored 192 companies -> data/processed/scored_universe.csv
2026-10-04 09:26:05,779 [INFO] src.scoring: Top 10 shortlist -> data/processed/shortlist_top_n.csv
2026-10-04 09:26:05,780 [WARNING] src.scoring: 24 companies scored on fewer than all 4 buckets (reweighted, not zero-filled) — see 'buckets_used' column: ['IOB.NS', 'BANKINDIA.NS', 'UNIONBANK.NS', 'CANBK.NS', 'IDEA.NS', 'ICICIGI.NS', 'PNB.NS', 'GICRE.NS', 'UCOBANK.NS', 'FEDERALBNK.NS', 'BANKBARODA.NS', 'CENTRALBK.NS', 'AXISBANK.NS', 'KOTAKBANK.NS', 'ICICIBANK.NS', 'SBIN.NS', 'HDFCBANK.NS', 'SBILIFE.NS', 'AUBANK.NS', 'BANDHANBNK.NS', 'GMRAIRPORT.NS', 'IDFCFIRSTB.NS', 'RBLBANK.NS', 'INDUSINDBK.NS']
2026-10-04 09:26:05,781 [INFO] __main__: Scoring validation passed: 192 companies ranked, all scores in valid range
2026-10-04 09:26:05,781 [INFO] __main__: === Stage 4/8: Comps + DuPont ===
2026-10-04 09:26:05,793 [INFO] src.comps_dupont: Comps + DuPont report for top 10 -> data/processed/comps_dupont_report.csv
2026-10-04 09:26:05,793 [WARNING] src.comps_dupont: 1 companies have a DuPont-implied ROE that diverges >5pp from reported ROE (possible data inconsistency, worth a manual check): ['IOB.NS']
2026-10-04 09:26:05,793 [INFO] __main__: === Stage 5/8: Explainability ===
2026-10-04 09:26:05,829 [INFO] src.explainability: Explanations for top 10 companies -> data/processed/explanations.csv
2026-10-04 09:26:05,829 [INFO] __main__: === Stage 6/8: Baseline Comparison ===
2026-10-04 09:26:05,836 [INFO] src.baseline_comparison: Baseline comparison -> data/processed/baseline_comparison.csv
2026-10-04 09:26:05,836 [INFO] __main__: === Stage 7/8: Acquisition Likelihood ===
2026-10-04 09:26:05,839 [INFO] src.acquisition_likelihood: 2 companies excluded from acquisition-likelihood scoring (negative/zero equity — financial distress, not a value-target thesis): ['IDEA.NS', 'GMRAIRPORT.NS']
2026-10-04 09:26:05,850 [INFO] src.acquisition_likelihood: Acquisition likelihood scoring -> data/processed/acquisition_likelihood.csv
2026-10-04 09:26:05,850 [INFO] __main__: === Stage 8/8: Historical Snapshot ===
2026-10-04 09:26:05,857 [INFO] src.history_tracker: Recorded shortlist snapshot for 2026-10-04 (10 companies) -> data/history/shortlist_history.csv (5 distinct days tracked so far)
2026-10-04 09:26:05,862 [INFO] src.history_tracker: Recorded acquisition-likelihood snapshot for 2026-10-04 (10 companies) -> data/history/acquisition_likelihood_history.csv (5 distinct days tracked so far)
2026-10-04 09:26:05,862 [INFO] __main__: === Pipeline completed successfully ===
2026-10-04 09:26:05,863 [INFO] __main__:   ingestion: {'total': 201, 'ok': 200}
2026-10-04 09:26:05,863 [INFO] __main__:   cleaning: {'retained': 192, 'input': 201}
2026-10-04 09:26:05,863 [INFO] __main__:   scoring: {'ranked': 192}
2026-10-04 09:26:05,863 [INFO] __main__:   comps_dupont: {'companies': 10}
2026-10-04 09:26:05,863 [INFO] __main__:   explainability: {'companies': 10}
2026-10-04 09:26:05,863 [INFO] __main__:   baseline_comparison: {'correlation': np.float64(0.4879000901913787), 'overlap_pct': 0.0}
2026-10-04 09:26:05,863 [INFO] __main__:   acquisition_likelihood: {'companies': 10}
2026-10-04 09:26:05,863 [INFO] __main__:   history_tracker: {'recorded': True}
