2026-07-25 05:43:19,417 [INFO] __main__: Logging to file: logs/pipeline_run_2026-07-25T05-43-19Z.log
2026-07-25 05:43:19,417 [INFO] __main__: === Stage 1/8: Ingestion ===
2026-07-25 05:43:19,439 [INFO] src.ingestion: [ACC.NS] fetching fresh data
2026-07-25 05:43:21,108 [INFO] src.ingestion: [AMBUJACEM.NS] fetching fresh data
2026-07-25 05:43:22,342 [INFO] src.ingestion: [ULTRACEMCO.NS] fetching fresh data
2026-07-25 05:43:23,600 [INFO] src.ingestion: [SHREECEM.NS] fetching fresh data
2026-07-25 05:43:24,852 [INFO] src.ingestion: [JKCEMENT.NS] fetching fresh data
2026-07-25 05:43:25,929 [INFO] src.ingestion: [RAMCOCEM.NS] fetching fresh data
2026-07-25 05:43:26,994 [INFO] src.ingestion: [HEIDELBERG.NS] fetching fresh data
2026-07-25 05:43:28,123 [INFO] src.ingestion: [DALBHARAT.NS] fetching fresh data
2026-07-25 05:43:29,339 [INFO] src.ingestion: [INFY.NS] fetching fresh data
2026-07-25 05:43:30,659 [INFO] src.ingestion: [TCS.NS] fetching fresh data
2026-07-25 05:43:31,977 [INFO] src.ingestion: [WIPRO.NS] fetching fresh data
2026-07-25 05:43:33,151 [INFO] src.ingestion: [HCLTECH.NS] fetching fresh data
2026-07-25 05:43:34,345 [INFO] src.ingestion: [TECHM.NS] fetching fresh data
2026-07-25 05:43:35,545 [INFO] src.ingestion: [LTIM.NS] fetching fresh data
2026-07-25 05:43:35,854 [ERROR] yfinance: HTTP Error 404: {"quoteSummary":{"result":null,"error":{"code":"Not Found","description":"Quote not found for symbol: LTIM.NS"}}}
2026-07-25 05:43:36,058 [WARNING] src.ingestion: [LTIM.NS] attempt 1 failed: yfinance returned an empty info payload for LTIM.NS (no exception, but no usable data — likely a transient Yahoo-side issue or an invalid/delisted symbol)
2026-07-25 05:43:38,373 [ERROR] yfinance: HTTP Error 404: {"quoteSummary":{"result":null,"error":{"code":"Not Found","description":"Quote not found for symbol: LTIM.NS"}}}
2026-07-25 05:43:38,478 [WARNING] src.ingestion: [LTIM.NS] attempt 2 failed: yfinance returned an empty info payload for LTIM.NS (no exception, but no usable data — likely a transient Yahoo-side issue or an invalid/delisted symbol)
2026-07-25 05:43:42,899 [ERROR] yfinance: HTTP Error 404: {"quoteSummary":{"result":null,"error":{"code":"Not Found","description":"Quote not found for symbol: LTIM.NS"}}}
2026-07-25 05:43:43,001 [WARNING] src.ingestion: [LTIM.NS] attempt 3 failed: yfinance returned an empty info payload for LTIM.NS (no exception, but no usable data — likely a transient Yahoo-side issue or an invalid/delisted symbol)
2026-07-25 05:43:43,401 [INFO] src.ingestion: [PERSISTENT.NS] fetching fresh data
2026-07-25 05:43:44,537 [INFO] src.ingestion: [COFORGE.NS] fetching fresh data
2026-07-25 05:43:45,709 [INFO] src.ingestion: [MPHASIS.NS] fetching fresh data
2026-07-25 05:43:46,850 [INFO] src.ingestion: [LTTS.NS] fetching fresh data
2026-07-25 05:43:47,998 [INFO] src.ingestion: [TATAELXSI.NS] fetching fresh data
2026-07-25 05:43:49,193 [INFO] src.ingestion: [CYIENT.NS] fetching fresh data
2026-07-25 05:43:50,241 [INFO] src.ingestion: [KPITTECH.NS] fetching fresh data
2026-07-25 05:43:51,425 [INFO] src.ingestion: [HDFCBANK.NS] fetching fresh data
2026-07-25 05:43:52,513 [INFO] src.ingestion: [ICICIBANK.NS] fetching fresh data
2026-07-25 05:43:53,754 [INFO] src.ingestion: [SBIN.NS] fetching fresh data
2026-07-25 05:43:54,916 [INFO] src.ingestion: [AXISBANK.NS] fetching fresh data
2026-07-25 05:43:56,131 [INFO] src.ingestion: [KOTAKBANK.NS] fetching fresh data
2026-07-25 05:43:57,341 [INFO] src.ingestion: [INDUSINDBK.NS] fetching fresh data
2026-07-25 05:43:58,993 [INFO] src.ingestion: [FEDERALBNK.NS] fetching fresh data
2026-07-25 05:44:00,195 [INFO] src.ingestion: [BANDHANBNK.NS] fetching fresh data
2026-07-25 05:44:01,361 [INFO] src.ingestion: [IDFCFIRSTB.NS] fetching fresh data
2026-07-25 05:44:02,518 [INFO] src.ingestion: [PNB.NS] fetching fresh data
2026-07-25 05:44:03,672 [INFO] src.ingestion: [BANKBARODA.NS] fetching fresh data
2026-07-25 05:44:04,794 [INFO] src.ingestion: [CANBK.NS] fetching fresh data
2026-07-25 05:44:06,032 [INFO] src.ingestion: [UNIONBANK.NS] fetching fresh data
2026-07-25 05:44:07,204 [INFO] src.ingestion: [AUBANK.NS] fetching fresh data
2026-07-25 05:44:08,338 [INFO] src.ingestion: [RBLBANK.NS] fetching fresh data
2026-07-25 05:44:09,559 [INFO] src.ingestion: [BANKINDIA.NS] fetching fresh data
2026-07-25 05:44:10,768 [INFO] src.ingestion: [CENTRALBK.NS] fetching fresh data
2026-07-25 05:44:11,878 [INFO] src.ingestion: [IOB.NS] fetching fresh data
2026-07-25 05:44:13,056 [INFO] src.ingestion: [UCOBANK.NS] fetching fresh data
2026-07-25 05:44:14,332 [INFO] src.ingestion: [BAJFINANCE.NS] fetching fresh data
2026-07-25 05:44:15,375 [INFO] src.ingestion: [BAJAJFINSV.NS] fetching fresh data
2026-07-25 05:44:16,476 [INFO] src.ingestion: [CHOLAFIN.NS] fetching fresh data
2026-07-25 05:44:17,582 [INFO] src.ingestion: [MUTHOOTFIN.NS] fetching fresh data
2026-07-25 05:44:18,712 [INFO] src.ingestion: [LICHSGFIN.NS] fetching fresh data
2026-07-25 05:44:19,861 [INFO] src.ingestion: [SHRIRAMFIN.NS] fetching fresh data
2026-07-25 05:44:20,976 [INFO] src.ingestion: [PFC.NS] fetching fresh data
2026-07-25 05:44:22,187 [INFO] src.ingestion: [RECLTD.NS] fetching fresh data
2026-07-25 05:44:23,413 [INFO] src.ingestion: [IRFC.NS] fetching fresh data
2026-07-25 05:44:24,610 [INFO] src.ingestion: [HUDCO.NS] fetching fresh data
2026-07-25 05:44:25,698 [INFO] src.ingestion: [BAJAJHLDNG.NS] fetching fresh data
2026-07-25 05:44:26,932 [INFO] src.ingestion: [SBICARD.NS] fetching fresh data
2026-07-25 05:44:28,097 [INFO] src.ingestion: [MANAPPURAM.NS] fetching fresh data
2026-07-25 05:44:29,313 [INFO] src.ingestion: [POONAWALLA.NS] fetching fresh data
2026-07-25 05:44:30,550 [INFO] src.ingestion: [HDFCLIFE.NS] fetching fresh data
2026-07-25 05:44:31,710 [INFO] src.ingestion: [SBILIFE.NS] fetching fresh data
2026-07-25 05:44:33,069 [INFO] src.ingestion: [ICICIPRULI.NS] fetching fresh data
2026-07-25 05:44:34,231 [INFO] src.ingestion: [ICICIGI.NS] fetching fresh data
2026-07-25 05:44:35,288 [INFO] src.ingestion: [LICI.NS] fetching fresh data
2026-07-25 05:44:36,336 [INFO] src.ingestion: [GICRE.NS] fetching fresh data
2026-07-25 05:44:37,529 [INFO] src.ingestion: [MARUTI.NS] fetching fresh data
2026-07-25 05:44:38,735 [INFO] src.ingestion: [TMPV.NS] fetching fresh data
2026-07-25 05:44:39,970 [INFO] src.ingestion: [TMCV.NS] fetching fresh data
2026-07-25 05:44:41,169 [INFO] src.ingestion: [M&M.NS] fetching fresh data
2026-07-25 05:44:42,287 [INFO] src.ingestion: [EICHERMOT.NS] fetching fresh data
2026-07-25 05:44:43,353 [INFO] src.ingestion: [HEROMOTOCO.NS] fetching fresh data
2026-07-25 05:44:44,593 [INFO] src.ingestion: [BAJAJ-AUTO.NS] fetching fresh data
2026-07-25 05:44:45,814 [INFO] src.ingestion: [TVSMOTOR.NS] fetching fresh data
2026-07-25 05:44:46,985 [INFO] src.ingestion: [ASHOKLEY.NS] fetching fresh data
2026-07-25 05:44:48,129 [INFO] src.ingestion: [BHARATFORG.NS] fetching fresh data
2026-07-25 05:44:49,362 [INFO] src.ingestion: [MOTHERSON.NS] fetching fresh data
2026-07-25 05:44:50,578 [INFO] src.ingestion: [BOSCHLTD.NS] fetching fresh data
2026-07-25 05:44:51,753 [INFO] src.ingestion: [MRF.NS] fetching fresh data
2026-07-25 05:44:53,081 [INFO] src.ingestion: [ENDURANCE.NS] fetching fresh data
2026-07-25 05:44:54,180 [INFO] src.ingestion: [EXIDEIND.NS] fetching fresh data
2026-07-25 05:44:55,332 [INFO] src.ingestion: [ARE&M.NS] fetching fresh data
2026-07-25 05:44:56,415 [INFO] src.ingestion: [SUNDRMFAST.NS] fetching fresh data
2026-07-25 05:44:57,459 [INFO] src.ingestion: [UNOMINDA.NS] fetching fresh data
2026-07-25 05:44:58,705 [INFO] src.ingestion: [SUNPHARMA.NS] fetching fresh data
2026-07-25 05:44:59,921 [INFO] src.ingestion: [DRREDDY.NS] fetching fresh data
2026-07-25 05:45:01,009 [INFO] src.ingestion: [CIPLA.NS] fetching fresh data
2026-07-25 05:45:02,128 [INFO] src.ingestion: [DIVISLAB.NS] fetching fresh data
2026-07-25 05:45:03,410 [INFO] src.ingestion: [LUPIN.NS] fetching fresh data
2026-07-25 05:45:04,443 [INFO] src.ingestion: [AUROPHARMA.NS] fetching fresh data
2026-07-25 05:45:05,593 [INFO] src.ingestion: [BIOCON.NS] fetching fresh data
2026-07-25 05:45:06,710 [INFO] src.ingestion: [TORNTPHARM.NS] fetching fresh data
2026-07-25 05:45:07,930 [INFO] src.ingestion: [ALKEM.NS] fetching fresh data
2026-07-25 05:45:09,136 [INFO] src.ingestion: [ABBOTINDIA.NS] fetching fresh data
2026-07-25 05:45:10,346 [INFO] src.ingestion: [APOLLOHOSP.NS] fetching fresh data
2026-07-25 05:45:11,480 [INFO] src.ingestion: [FORTIS.NS] fetching fresh data
2026-07-25 05:45:12,742 [INFO] src.ingestion: [LALPATHLAB.NS] fetching fresh data
2026-07-25 05:45:13,935 [INFO] src.ingestion: [METROPOLIS.NS] fetching fresh data
2026-07-25 05:45:15,181 [INFO] src.ingestion: [GLAND.NS] fetching fresh data
2026-07-25 05:45:16,439 [INFO] src.ingestion: [LAURUSLABS.NS] fetching fresh data
2026-07-25 05:45:17,628 [INFO] src.ingestion: [GLENMARK.NS] fetching fresh data
2026-07-25 05:45:18,808 [INFO] src.ingestion: [IPCALAB.NS] fetching fresh data
2026-07-25 05:45:20,070 [INFO] src.ingestion: [HINDUNILVR.NS] fetching fresh data
2026-07-25 05:45:21,254 [INFO] src.ingestion: [ITC.NS] fetching fresh data
2026-07-25 05:45:22,366 [INFO] src.ingestion: [NESTLEIND.NS] fetching fresh data
2026-07-25 05:45:23,430 [INFO] src.ingestion: [BRITANNIA.NS] fetching fresh data
2026-07-25 05:45:24,573 [INFO] src.ingestion: [DABUR.NS] fetching fresh data
2026-07-25 05:45:26,105 [INFO] src.ingestion: [GODREJCP.NS] fetching fresh data
2026-07-25 05:45:27,289 [INFO] src.ingestion: [MARICO.NS] fetching fresh data
2026-07-25 05:45:28,564 [INFO] src.ingestion: [COLPAL.NS] fetching fresh data
2026-07-25 05:45:29,759 [INFO] src.ingestion: [TATACONSUM.NS] fetching fresh data
2026-07-25 05:45:30,901 [INFO] src.ingestion: [VBL.NS] fetching fresh data
2026-07-25 05:45:32,066 [INFO] src.ingestion: [UNITDSPR.NS] fetching fresh data
2026-07-25 05:45:33,177 [INFO] src.ingestion: [EMAMILTD.NS] fetching fresh data
2026-07-25 05:45:34,305 [INFO] src.ingestion: [TATASTEEL.NS] fetching fresh data
2026-07-25 05:45:35,442 [INFO] src.ingestion: [JSWSTEEL.NS] fetching fresh data
2026-07-25 05:45:36,548 [INFO] src.ingestion: [HINDALCO.NS] fetching fresh data
2026-07-25 05:45:37,662 [INFO] src.ingestion: [VEDL.NS] fetching fresh data
2026-07-25 05:45:38,877 [INFO] src.ingestion: [COALINDIA.NS] fetching fresh data
2026-07-25 05:45:40,027 [INFO] src.ingestion: [NMDC.NS] fetching fresh data
2026-07-25 05:45:41,227 [INFO] src.ingestion: [SAIL.NS] fetching fresh data
2026-07-25 05:45:42,489 [INFO] src.ingestion: [JINDALSTEL.NS] fetching fresh data
2026-07-25 05:45:43,575 [INFO] src.ingestion: [APLAPOLLO.NS] fetching fresh data
2026-07-25 05:45:44,745 [INFO] src.ingestion: [NATIONALUM.NS] fetching fresh data
2026-07-25 05:45:45,879 [INFO] src.ingestion: [HINDCOPPER.NS] fetching fresh data
2026-07-25 05:45:47,160 [INFO] src.ingestion: [RATNAMANI.NS] fetching fresh data
2026-07-25 05:45:48,357 [INFO] src.ingestion: [HINDZINC.NS] fetching fresh data
2026-07-25 05:45:49,440 [INFO] src.ingestion: [WELCORP.NS] fetching fresh data
2026-07-25 05:45:50,603 [INFO] src.ingestion: [JSL.NS] fetching fresh data
2026-07-25 05:45:51,682 [INFO] src.ingestion: [RELIANCE.NS] fetching fresh data
2026-07-25 05:45:52,787 [INFO] src.ingestion: [ONGC.NS] fetching fresh data
2026-07-25 05:45:53,963 [INFO] src.ingestion: [BPCL.NS] fetching fresh data
2026-07-25 05:45:55,068 [INFO] src.ingestion: [IOC.NS] fetching fresh data
2026-07-25 05:45:56,350 [INFO] src.ingestion: [GAIL.NS] fetching fresh data
2026-07-25 05:45:57,435 [INFO] src.ingestion: [NTPC.NS] fetching fresh data
2026-07-25 05:45:58,646 [INFO] src.ingestion: [POWERGRID.NS] fetching fresh data
2026-07-25 05:45:59,868 [INFO] src.ingestion: [TATAPOWER.NS] fetching fresh data
2026-07-25 05:46:01,134 [INFO] src.ingestion: [ADANIGREEN.NS] fetching fresh data
2026-07-25 05:46:02,229 [INFO] src.ingestion: [ADANIPOWER.NS] fetching fresh data
2026-07-25 05:46:03,521 [INFO] src.ingestion: [TORNTPOWER.NS] fetching fresh data
2026-07-25 05:46:04,746 [INFO] src.ingestion: [LT.NS] fetching fresh data
2026-07-25 05:46:05,854 [INFO] src.ingestion: [SIEMENS.NS] fetching fresh data
2026-07-25 05:46:07,063 [INFO] src.ingestion: [ABB.NS] fetching fresh data
2026-07-25 05:46:08,262 [INFO] src.ingestion: [HAL.NS] fetching fresh data
2026-07-25 05:46:09,563 [INFO] src.ingestion: [BEL.NS] fetching fresh data
2026-07-25 05:46:10,778 [INFO] src.ingestion: [BHEL.NS] fetching fresh data
2026-07-25 05:46:12,081 [INFO] src.ingestion: [CUMMINSIND.NS] fetching fresh data
2026-07-25 05:46:13,338 [INFO] src.ingestion: [THERMAX.NS] fetching fresh data
2026-07-25 05:46:14,505 [INFO] src.ingestion: [POLYCAB.NS] fetching fresh data
2026-07-25 05:46:15,751 [INFO] src.ingestion: [KEI.NS] fetching fresh data
2026-07-25 05:46:16,914 [INFO] src.ingestion: [HAVELLS.NS] fetching fresh data
2026-07-25 05:46:18,159 [INFO] src.ingestion: [CROMPTON.NS] fetching fresh data
2026-07-25 05:46:19,303 [INFO] src.ingestion: [SUPREMEIND.NS] fetching fresh data
2026-07-25 05:46:20,493 [INFO] src.ingestion: [ASTRAL.NS] fetching fresh data
2026-07-25 05:46:21,605 [INFO] src.ingestion: [GRINDWELL.NS] fetching fresh data
2026-07-25 05:46:22,750 [INFO] src.ingestion: [CARBORUNIV.NS] fetching fresh data
2026-07-25 05:46:23,971 [INFO] src.ingestion: [TIMKEN.NS] fetching fresh data
2026-07-25 05:46:25,231 [INFO] src.ingestion: [SKFINDIA.NS] fetching fresh data
2026-07-25 05:46:26,388 [INFO] src.ingestion: [SRF.NS] fetching fresh data
2026-07-25 05:46:27,603 [INFO] src.ingestion: [PIIND.NS] fetching fresh data
2026-07-25 05:46:28,610 [INFO] src.ingestion: [DEEPAKNTR.NS] fetching fresh data
2026-07-25 05:46:29,675 [INFO] src.ingestion: [AARTIIND.NS] fetching fresh data
2026-07-25 05:46:30,874 [INFO] src.ingestion: [NAVINFLUOR.NS] fetching fresh data
2026-07-25 05:46:31,964 [INFO] src.ingestion: [UPL.NS] fetching fresh data
2026-07-25 05:46:33,101 [INFO] src.ingestion: [COROMANDEL.NS] fetching fresh data
2026-07-25 05:46:34,286 [INFO] src.ingestion: [CHAMBLFERT.NS] fetching fresh data
2026-07-25 05:46:35,509 [INFO] src.ingestion: [GNFC.NS] fetching fresh data
2026-07-25 05:46:36,612 [INFO] src.ingestion: [PIDILITIND.NS] fetching fresh data
2026-07-25 05:46:37,811 [INFO] src.ingestion: [TATACHEM.NS] fetching fresh data
2026-07-25 05:46:38,923 [INFO] src.ingestion: [GHCL.NS] fetching fresh data
2026-07-25 05:46:40,085 [INFO] src.ingestion: [TITAN.NS] fetching fresh data
2026-07-25 05:46:41,222 [INFO] src.ingestion: [DMART.NS] fetching fresh data
2026-07-25 05:46:42,347 [INFO] src.ingestion: [TRENT.NS] fetching fresh data
2026-07-25 05:46:43,372 [INFO] src.ingestion: [BATAINDIA.NS] fetching fresh data
2026-07-25 05:46:44,457 [INFO] src.ingestion: [PAGEIND.NS] fetching fresh data
2026-07-25 05:46:45,583 [INFO] src.ingestion: [JUBLFOOD.NS] fetching fresh data
2026-07-25 05:46:46,777 [INFO] src.ingestion: [VOLTAS.NS] fetching fresh data
2026-07-25 05:46:48,019 [INFO] src.ingestion: [DIXON.NS] fetching fresh data
2026-07-25 05:46:49,154 [INFO] src.ingestion: [RELAXO.NS] fetching fresh data
2026-07-25 05:46:50,349 [INFO] src.ingestion: [KAJARIACER.NS] fetching fresh data
2026-07-25 05:46:51,433 [INFO] src.ingestion: [WHIRLPOOL.NS] fetching fresh data
2026-07-25 05:46:52,744 [INFO] src.ingestion: [BLUESTARCO.NS] fetching fresh data
2026-07-25 05:46:53,889 [INFO] src.ingestion: [PGHH.NS] fetching fresh data
2026-07-25 05:46:55,052 [INFO] src.ingestion: [GILLETTE.NS] fetching fresh data
2026-07-25 05:46:56,086 [INFO] src.ingestion: [BHARTIARTL.NS] fetching fresh data
2026-07-25 05:46:57,226 [INFO] src.ingestion: [IDEA.NS] fetching fresh data
2026-07-25 05:46:58,326 [INFO] src.ingestion: [INDUSTOWER.NS] fetching fresh data
2026-07-25 05:46:59,465 [INFO] src.ingestion: [PVRINOX.NS] fetching fresh data
2026-07-25 05:47:00,609 [INFO] src.ingestion: [ZEEL.NS] fetching fresh data
2026-07-25 05:47:01,874 [INFO] src.ingestion: [ADANIPORTS.NS] fetching fresh data
2026-07-25 05:47:03,090 [INFO] src.ingestion: [ADANIENT.NS] fetching fresh data
2026-07-25 05:47:04,238 [INFO] src.ingestion: [GMRAIRPORT.NS] fetching fresh data
2026-07-25 05:47:05,335 [INFO] src.ingestion: [CONCOR.NS] fetching fresh data
2026-07-25 05:47:06,451 [INFO] src.ingestion: [IRCTC.NS] fetching fresh data
2026-07-25 05:47:07,648 [INFO] src.ingestion: [INDIGO.NS] fetching fresh data
2026-07-25 05:47:08,813 [INFO] src.ingestion: [RVNL.NS] fetching fresh data
2026-07-25 05:47:09,914 [INFO] src.ingestion: [IRCON.NS] fetching fresh data
2026-07-25 05:47:11,079 [INFO] src.ingestion: [NBCC.NS] fetching fresh data
2026-07-25 05:47:12,339 [INFO] src.ingestion: [NCC.NS] fetching fresh data
2026-07-25 05:47:13,425 [INFO] src.ingestion: [MAZDOCK.NS] fetching fresh data
2026-07-25 05:47:14,668 [INFO] src.ingestion: [COCHINSHIP.NS] fetching fresh data
2026-07-25 05:47:15,756 [INFO] src.ingestion: [DLF.NS] fetching fresh data
2026-07-25 05:47:16,947 [INFO] src.ingestion: [GODREJPROP.NS] fetching fresh data
2026-07-25 05:47:18,282 [INFO] src.ingestion: [OBEROIRLTY.NS] fetching fresh data
2026-07-25 05:47:19,496 [INFO] src.ingestion: [PRESTIGE.NS] fetching fresh data
2026-07-25 05:47:20,673 [INFO] src.ingestion: [PHOENIXLTD.NS] fetching fresh data
2026-07-25 05:47:21,808 [INFO] src.ingestion: [SOBHA.NS] fetching fresh data
2026-07-25 05:47:22,889 [INFO] src.ingestion: Fetched 200/201 tickers successfully
2026-07-25 05:47:22,889 [WARNING] src.ingestion: Failed tickers (excluded from downstream, not silently zeroed): ['LTIM.NS']
2026-07-25 05:47:22,889 [INFO] __main__: Ingestion validation passed: 200/201 tickers (100%)
2026-07-25 05:47:22,890 [INFO] __main__: === Stage 2/8: Cleaning ===
2026-07-25 05:47:22,895 [WARNING] src.cleaning: [CROMPTON.NS] EXCLUDED: missing critical fields: ['trailing_pe']
2026-07-25 05:47:22,896 [WARNING] src.cleaning: [INDIGO.NS] EXCLUDED: missing critical fields: ['trailing_pe']
2026-07-25 05:47:22,896 [WARNING] src.cleaning: [LTIM.NS] EXCLUDED: ingestion failed: yfinance returned an empty info payload for LTIM.NS (no exception, but no usable data — likely a transient Yahoo-side issue or an invalid/delisted symbol)
2026-07-25 05:47:22,896 [WARNING] src.cleaning: [TATACHEM.NS] EXCLUDED: missing critical fields: ['trailing_pe']
2026-07-25 05:47:22,896 [WARNING] src.cleaning: [TMPV.NS] EXCLUDED: missing critical fields: ['trailing_pe']
2026-07-25 05:47:22,896 [INFO] src.cleaning: [ABB.NS] non-critical missing fields: ['return_on_equity']
2026-07-25 05:47:22,896 [INFO] src.cleaning: [ADANIGREEN.NS] non-critical missing fields: ['return_on_equity']
2026-07-25 05:47:22,896 [INFO] src.cleaning: [ADANIPOWER.NS] non-critical missing fields: ['return_on_equity']
2026-07-25 05:47:22,897 [INFO] src.cleaning: [AUBANK.NS] non-critical missing fields: ['ev_to_ebitda', 'return_on_equity', 'debt_to_equity']
2026-07-25 05:47:22,897 [INFO] src.cleaning: [AXISBANK.NS] non-critical missing fields: ['ev_to_ebitda', 'debt_to_equity']
2026-07-25 05:47:22,897 [INFO] src.cleaning: [BAJAJ-AUTO.NS] non-critical missing fields: ['return_on_equity']
2026-07-25 05:47:22,897 [WARNING] src.cleaning: [BAJAJHLDNG.NS] outlier values flagged: ['net_margin']
2026-07-25 05:47:22,897 [INFO] src.cleaning: [BAJFINANCE.NS] non-critical missing fields: ['ev_to_ebitda']
2026-07-25 05:47:22,897 [INFO] src.cleaning: [BANDHANBNK.NS] non-critical missing fields: ['ev_to_ebitda', 'return_on_equity', 'debt_to_equity']
2026-07-25 05:47:22,897 [INFO] src.cleaning: [BANKBARODA.NS] non-critical missing fields: ['ev_to_ebitda', 'debt_to_equity']
2026-07-25 05:47:22,897 [INFO] src.cleaning: [BANKINDIA.NS] non-critical missing fields: ['ev_to_ebitda', 'debt_to_equity']
2026-07-25 05:47:22,897 [INFO] src.cleaning: [BHEL.NS] non-critical missing fields: ['return_on_equity']
2026-07-25 05:47:22,897 [INFO] src.cleaning: [BPCL.NS] non-critical missing fields: ['return_on_equity']
2026-07-25 05:47:22,897 [INFO] src.cleaning: [CANBK.NS] non-critical missing fields: ['ev_to_ebitda', 'debt_to_equity']
2026-07-25 05:47:22,897 [INFO] src.cleaning: [CENTRALBK.NS] non-critical missing fields: ['ev_to_ebitda', 'debt_to_equity']
2026-07-25 05:47:22,897 [INFO] src.cleaning: [CHOLAFIN.NS] non-critical missing fields: ['ev_to_ebitda']
2026-07-25 05:47:22,897 [INFO] src.cleaning: [CIPLA.NS] non-critical missing fields: ['return_on_equity']
2026-07-25 05:47:22,897 [INFO] src.cleaning: [COROMANDEL.NS] non-critical missing fields: ['return_on_equity']
2026-07-25 05:47:22,897 [INFO] src.cleaning: [CYIENT.NS] non-critical missing fields: ['ev_to_ebitda', 'return_on_equity', 'total_debt']
2026-07-25 05:47:22,897 [INFO] src.cleaning: [DMART.NS] non-critical missing fields: ['return_on_equity']
2026-07-25 05:47:22,897 [INFO] src.cleaning: [FEDERALBNK.NS] non-critical missing fields: ['ev_to_ebitda', 'return_on_equity', 'debt_to_equity']
2026-07-25 05:47:22,897 [INFO] src.cleaning: [GICRE.NS] non-critical missing fields: ['debt_to_equity']
2026-07-25 05:47:22,897 [WARNING] src.cleaning: [GMRAIRPORT.NS] outlier values flagged: ['trailing_pe']
2026-07-25 05:47:22,897 [WARNING] src.cleaning: [GMRAIRPORT.NS] negative/zero equity — DuPont ROE math will be invalid downstream
2026-07-25 05:47:22,897 [INFO] src.cleaning: [GMRAIRPORT.NS] non-critical missing fields: ['return_on_equity', 'debt_to_equity']
2026-07-25 05:47:22,897 [INFO] src.cleaning: [HAVELLS.NS] non-critical missing fields: ['return_on_equity']
2026-07-25 05:47:22,897 [WARNING] src.cleaning: [HCLTECH.NS] outlier values flagged: ['ev_to_ebitda']
2026-07-25 05:47:22,897 [INFO] src.cleaning: [HDFCBANK.NS] non-critical missing fields: ['ev_to_ebitda', 'debt_to_equity']
2026-07-25 05:47:22,897 [INFO] src.cleaning: [HUDCO.NS] non-critical missing fields: ['ev_to_ebitda']
2026-07-25 05:47:22,897 [INFO] src.cleaning: [ICICIBANK.NS] non-critical missing fields: ['ev_to_ebitda', 'debt_to_equity']
2026-07-25 05:47:22,897 [INFO] src.cleaning: [ICICIGI.NS] non-critical missing fields: ['debt_to_equity']
2026-07-25 05:47:22,897 [WARNING] src.cleaning: [IDEA.NS] negative/zero equity — DuPont ROE math will be invalid downstream
2026-07-25 05:47:22,897 [INFO] src.cleaning: [IDEA.NS] non-critical missing fields: ['return_on_equity', 'debt_to_equity']
2026-07-25 05:47:22,897 [INFO] src.cleaning: [IDFCFIRSTB.NS] non-critical missing fields: ['ev_to_ebitda', 'return_on_equity', 'debt_to_equity', 'total_debt']
2026-07-25 05:47:22,897 [INFO] src.cleaning: [INDUSINDBK.NS] non-critical missing fields: ['ev_to_ebitda', 'return_on_equity', 'debt_to_equity']
2026-07-25 05:47:22,897 [WARNING] src.cleaning: [INFY.NS] outlier values flagged: ['ev_to_ebitda']
2026-07-25 05:47:22,897 [INFO] src.cleaning: [IOB.NS] non-critical missing fields: ['ev_to_ebitda', 'debt_to_equity']
2026-07-25 05:47:22,897 [INFO] src.cleaning: [IRFC.NS] non-critical missing fields: ['ev_to_ebitda']
2026-07-25 05:47:22,897 [INFO] src.cleaning: [JKCEMENT.NS] non-critical missing fields: ['return_on_equity']
2026-07-25 05:47:22,897 [INFO] src.cleaning: [JSWSTEEL.NS] non-critical missing fields: ['return_on_equity']
2026-07-25 05:47:22,897 [INFO] src.cleaning: [KOTAKBANK.NS] non-critical missing fields: ['ev_to_ebitda', 'return_on_equity', 'debt_to_equity']
2026-07-25 05:47:22,897 [INFO] src.cleaning: [LICHSGFIN.NS] non-critical missing fields: ['ev_to_ebitda']
2026-07-25 05:47:22,897 [INFO] src.cleaning: [LTTS.NS] non-critical missing fields: ['return_on_equity']
2026-07-25 05:47:22,897 [INFO] src.cleaning: [MANAPPURAM.NS] non-critical missing fields: ['ev_to_ebitda']
2026-07-25 05:47:22,897 [INFO] src.cleaning: [MUTHOOTFIN.NS] non-critical missing fields: ['ev_to_ebitda']
2026-07-25 05:47:22,897 [INFO] src.cleaning: [NESTLEIND.NS] non-critical missing fields: ['return_on_equity']
2026-07-25 05:47:22,897 [INFO] src.cleaning: [OBEROIRLTY.NS] non-critical missing fields: ['return_on_equity']
2026-07-25 05:47:22,897 [INFO] src.cleaning: [PFC.NS] non-critical missing fields: ['ev_to_ebitda']
2026-07-25 05:47:22,897 [INFO] src.cleaning: [PNB.NS] non-critical missing fields: ['ev_to_ebitda', 'debt_to_equity']
2026-07-25 05:47:22,897 [INFO] src.cleaning: [POONAWALLA.NS] non-critical missing fields: ['ev_to_ebitda', 'return_on_equity']
2026-07-25 05:47:22,897 [INFO] src.cleaning: [RBLBANK.NS] non-critical missing fields: ['ev_to_ebitda', 'return_on_equity', 'debt_to_equity']
2026-07-25 05:47:22,897 [INFO] src.cleaning: [RECLTD.NS] non-critical missing fields: ['ev_to_ebitda']
2026-07-25 05:47:22,897 [INFO] src.cleaning: [RELIANCE.NS] non-critical missing fields: ['return_on_equity']
2026-07-25 05:47:22,897 [INFO] src.cleaning: [SBICARD.NS] non-critical missing fields: ['ev_to_ebitda']
2026-07-25 05:47:22,897 [INFO] src.cleaning: [SBILIFE.NS] non-critical missing fields: ['debt_to_equity']
2026-07-25 05:47:22,898 [INFO] src.cleaning: [SBIN.NS] non-critical missing fields: ['ev_to_ebitda', 'debt_to_equity']
2026-07-25 05:47:22,898 [INFO] src.cleaning: [SHREECEM.NS] non-critical missing fields: ['return_on_equity']
2026-07-25 05:47:22,898 [INFO] src.cleaning: [SHRIRAMFIN.NS] non-critical missing fields: ['ev_to_ebitda']
2026-07-25 05:47:22,898 [INFO] src.cleaning: [SIEMENS.NS] non-critical missing fields: ['return_on_equity']
2026-07-25 05:47:22,898 [INFO] src.cleaning: [SOBHA.NS] non-critical missing fields: ['return_on_equity']
2026-07-25 05:47:22,898 [INFO] src.cleaning: [SRF.NS] non-critical missing fields: ['return_on_equity']
2026-07-25 05:47:22,898 [INFO] src.cleaning: [TATAELXSI.NS] non-critical missing fields: ['return_on_equity']
2026-07-25 05:47:22,898 [INFO] src.cleaning: [TECHM.NS] non-critical missing fields: ['return_on_equity']
2026-07-25 05:47:22,898 [INFO] src.cleaning: [TVSMOTOR.NS] non-critical missing fields: ['return_on_equity']
2026-07-25 05:47:22,898 [INFO] src.cleaning: [UCOBANK.NS] non-critical missing fields: ['ev_to_ebitda', 'debt_to_equity']
2026-07-25 05:47:22,898 [INFO] src.cleaning: [ULTRACEMCO.NS] non-critical missing fields: ['return_on_equity']
2026-07-25 05:47:22,898 [INFO] src.cleaning: [UNIONBANK.NS] non-critical missing fields: ['ev_to_ebitda', 'debt_to_equity', 'revenue_growth', 'total_debt']
2026-07-25 05:47:22,898 [INFO] src.cleaning: [UNITDSPR.NS] non-critical missing fields: ['return_on_equity']
2026-07-25 05:47:22,898 [INFO] src.cleaning: [VBL.NS] non-critical missing fields: ['return_on_equity']
2026-07-25 05:47:22,909 [INFO] src.cleaning: Cleaned 196/201 tickers -> data/processed/cleaned_universe.csv
2026-07-25 05:47:22,909 [INFO] src.cleaning: Full flag audit trail -> data/processed/cleaning_flags.csv
2026-07-25 05:47:22,909 [INFO] __main__: Cleaning validation passed: 196/201 tickers retained (98%)
2026-07-25 05:47:22,909 [INFO] __main__: === Stage 3/8: Scoring ===
2026-07-25 05:47:22,951 [INFO] src.scoring: Scored 196 companies -> data/processed/scored_universe.csv
2026-07-25 05:47:22,952 [INFO] src.scoring: Top 10 shortlist -> data/processed/shortlist_top_n.csv
2026-07-25 05:47:22,952 [WARNING] src.scoring: 24 companies scored on fewer than all 4 buckets (reweighted, not zero-filled) — see 'buckets_used' column: ['UNIONBANK.NS', 'IOB.NS', 'PNB.NS', 'CANBK.NS', 'ICICIGI.NS', 'IDEA.NS', 'GICRE.NS', 'BANKINDIA.NS', 'AXISBANK.NS', 'UCOBANK.NS', 'SBIN.NS', 'ICICIBANK.NS', 'FEDERALBNK.NS', 'KOTAKBANK.NS', 'HDFCBANK.NS', 'BANKBARODA.NS', 'CENTRALBK.NS', 'GMRAIRPORT.NS', 'IDFCFIRSTB.NS', 'AUBANK.NS', 'BANDHANBNK.NS', 'RBLBANK.NS', 'SBILIFE.NS', 'INDUSINDBK.NS']
2026-07-25 05:47:22,953 [INFO] __main__: Scoring validation passed: 196 companies ranked, all scores in valid range
2026-07-25 05:47:22,953 [INFO] __main__: === Stage 4/8: Comps + DuPont ===
2026-07-25 05:47:22,961 [INFO] src.comps_dupont: Comps + DuPont report for top 10 -> data/processed/comps_dupont_report.csv
2026-07-25 05:47:22,962 [WARNING] src.comps_dupont: 2 companies have a DuPont-implied ROE that diverges >5pp from reported ROE (possible data inconsistency, worth a manual check): ['IOB.NS', 'LICI.NS']
2026-07-25 05:47:22,962 [INFO] __main__: === Stage 5/8: Explainability ===
2026-07-25 05:47:22,986 [INFO] src.explainability: Explanations for top 10 companies -> data/processed/explanations.csv
2026-07-25 05:47:22,986 [INFO] __main__: === Stage 6/8: Baseline Comparison ===
2026-07-25 05:47:22,992 [INFO] src.baseline_comparison: Baseline comparison -> data/processed/baseline_comparison.csv
2026-07-25 05:47:22,992 [INFO] __main__: === Stage 7/8: Acquisition Likelihood ===
2026-07-25 05:47:22,994 [INFO] src.acquisition_likelihood: 2 companies excluded from acquisition-likelihood scoring (negative/zero equity — financial distress, not a value-target thesis): ['IDEA.NS', 'GMRAIRPORT.NS']
2026-07-25 05:47:23,002 [INFO] src.acquisition_likelihood: Acquisition likelihood scoring -> data/processed/acquisition_likelihood.csv
2026-07-25 05:47:23,003 [INFO] __main__: === Stage 8/8: Historical Snapshot ===
2026-07-25 05:47:23,008 [INFO] src.history_tracker: Recorded shortlist snapshot for 2026-07-25 (10 companies) -> data/history/shortlist_history.csv (1 distinct days tracked so far)
2026-07-25 05:47:23,010 [INFO] src.history_tracker: Recorded acquisition-likelihood snapshot for 2026-07-25 (10 companies) -> data/history/acquisition_likelihood_history.csv (1 distinct days tracked so far)
2026-07-25 05:47:23,010 [INFO] __main__: === Pipeline completed successfully ===
2026-07-25 05:47:23,011 [INFO] __main__:   ingestion: {'total': 201, 'ok': 200}
2026-07-25 05:47:23,011 [INFO] __main__:   cleaning: {'retained': 196, 'input': 201}
2026-07-25 05:47:23,011 [INFO] __main__:   scoring: {'ranked': 196}
2026-07-25 05:47:23,011 [INFO] __main__:   comps_dupont: {'companies': 10}
2026-07-25 05:47:23,011 [INFO] __main__:   explainability: {'companies': 10}
2026-07-25 05:47:23,011 [INFO] __main__:   baseline_comparison: {'correlation': np.float64(0.4532700077297612), 'overlap_pct': 0.2}
2026-07-25 05:47:23,011 [INFO] __main__:   acquisition_likelihood: {'companies': 10}
2026-07-25 05:47:23,011 [INFO] __main__:   history_tracker: {'recorded': True}
