2026-08-17 03:50:26,148 [INFO] __main__: Logging to file: logs/pipeline_run_2026-08-17T03-50-26Z.log
2026-08-17 03:50:26,148 [INFO] __main__: === Stage 1/8: Ingestion ===
2026-08-17 03:50:26,176 [INFO] src.ingestion: [ACC.NS] fetching fresh data
2026-08-17 03:50:27,760 [INFO] src.ingestion: [AMBUJACEM.NS] fetching fresh data
2026-08-17 03:50:28,912 [INFO] src.ingestion: [ULTRACEMCO.NS] fetching fresh data
2026-08-17 03:50:30,014 [INFO] src.ingestion: [SHREECEM.NS] fetching fresh data
2026-08-17 03:50:31,304 [INFO] src.ingestion: [JKCEMENT.NS] fetching fresh data
2026-08-17 03:50:32,449 [INFO] src.ingestion: [RAMCOCEM.NS] fetching fresh data
2026-08-17 03:50:33,623 [INFO] src.ingestion: [HEIDELBERG.NS] fetching fresh data
2026-08-17 03:50:34,716 [INFO] src.ingestion: [DALBHARAT.NS] fetching fresh data
2026-08-17 03:50:35,897 [INFO] src.ingestion: [INFY.NS] fetching fresh data
2026-08-17 03:50:37,006 [INFO] src.ingestion: [TCS.NS] fetching fresh data
2026-08-17 03:50:38,170 [INFO] src.ingestion: [WIPRO.NS] fetching fresh data
2026-08-17 03:50:39,401 [INFO] src.ingestion: [HCLTECH.NS] fetching fresh data
2026-08-17 03:50:40,512 [INFO] src.ingestion: [TECHM.NS] fetching fresh data
2026-08-17 03:50:41,680 [INFO] src.ingestion: [LTIM.NS] fetching fresh data
2026-08-17 03:50:42,007 [ERROR] yfinance: HTTP Error 404: {"quoteSummary":{"result":null,"error":{"code":"Not Found","description":"Quote not found for symbol: LTIM.NS"}}}
2026-08-17 03:50:42,136 [WARNING] src.ingestion: [LTIM.NS] attempt 1 failed: yfinance returned an empty info payload for LTIM.NS (no exception, but no usable data — likely a transient Yahoo-side issue or an invalid/delisted symbol)
2026-08-17 03:50:44,470 [ERROR] yfinance: HTTP Error 404: {"quoteSummary":{"result":null,"error":{"code":"Not Found","description":"Quote not found for symbol: LTIM.NS"}}}
2026-08-17 03:50:44,533 [WARNING] src.ingestion: [LTIM.NS] attempt 2 failed: yfinance returned an empty info payload for LTIM.NS (no exception, but no usable data — likely a transient Yahoo-side issue or an invalid/delisted symbol)
2026-08-17 03:50:48,861 [ERROR] yfinance: HTTP Error 404: {"quoteSummary":{"result":null,"error":{"code":"Not Found","description":"Quote not found for symbol: LTIM.NS"}}}
2026-08-17 03:50:48,938 [WARNING] src.ingestion: [LTIM.NS] attempt 3 failed: yfinance returned an empty info payload for LTIM.NS (no exception, but no usable data — likely a transient Yahoo-side issue or an invalid/delisted symbol)
2026-08-17 03:50:49,339 [INFO] src.ingestion: [PERSISTENT.NS] fetching fresh data
2026-08-17 03:50:50,429 [INFO] src.ingestion: [COFORGE.NS] fetching fresh data
2026-08-17 03:50:51,670 [INFO] src.ingestion: [MPHASIS.NS] fetching fresh data
2026-08-17 03:50:52,744 [INFO] src.ingestion: [LTTS.NS] fetching fresh data
2026-08-17 03:50:53,976 [INFO] src.ingestion: [TATAELXSI.NS] fetching fresh data
2026-08-17 03:50:55,170 [INFO] src.ingestion: [CYIENT.NS] fetching fresh data
2026-08-17 03:50:56,467 [INFO] src.ingestion: [KPITTECH.NS] fetching fresh data
2026-08-17 03:50:57,603 [INFO] src.ingestion: [HDFCBANK.NS] fetching fresh data
2026-08-17 03:50:58,709 [INFO] src.ingestion: [ICICIBANK.NS] fetching fresh data
2026-08-17 03:50:59,817 [INFO] src.ingestion: [SBIN.NS] fetching fresh data
2026-08-17 03:51:00,908 [INFO] src.ingestion: [AXISBANK.NS] fetching fresh data
2026-08-17 03:51:02,113 [INFO] src.ingestion: [KOTAKBANK.NS] fetching fresh data
2026-08-17 03:51:03,293 [INFO] src.ingestion: [INDUSINDBK.NS] fetching fresh data
2026-08-17 03:51:04,507 [INFO] src.ingestion: [FEDERALBNK.NS] fetching fresh data
2026-08-17 03:51:05,630 [INFO] src.ingestion: [BANDHANBNK.NS] fetching fresh data
2026-08-17 03:51:06,800 [INFO] src.ingestion: [IDFCFIRSTB.NS] fetching fresh data
2026-08-17 03:51:07,818 [INFO] src.ingestion: [PNB.NS] fetching fresh data
2026-08-17 03:51:08,870 [INFO] src.ingestion: [BANKBARODA.NS] fetching fresh data
2026-08-17 03:51:09,881 [INFO] src.ingestion: [CANBK.NS] fetching fresh data
2026-08-17 03:51:10,916 [INFO] src.ingestion: [UNIONBANK.NS] fetching fresh data
2026-08-17 03:51:11,925 [INFO] src.ingestion: [AUBANK.NS] fetching fresh data
2026-08-17 03:51:12,933 [INFO] src.ingestion: [RBLBANK.NS] fetching fresh data
2026-08-17 03:51:13,950 [INFO] src.ingestion: [BANKINDIA.NS] fetching fresh data
2026-08-17 03:51:15,153 [INFO] src.ingestion: [CENTRALBK.NS] fetching fresh data
2026-08-17 03:51:16,282 [INFO] src.ingestion: [IOB.NS] fetching fresh data
2026-08-17 03:51:17,304 [INFO] src.ingestion: [UCOBANK.NS] fetching fresh data
2026-08-17 03:51:18,406 [INFO] src.ingestion: [BAJFINANCE.NS] fetching fresh data
2026-08-17 03:51:19,743 [INFO] src.ingestion: [BAJAJFINSV.NS] fetching fresh data
2026-08-17 03:51:20,733 [INFO] src.ingestion: [CHOLAFIN.NS] fetching fresh data
2026-08-17 03:51:21,901 [INFO] src.ingestion: [MUTHOOTFIN.NS] fetching fresh data
2026-08-17 03:51:23,037 [INFO] src.ingestion: [LICHSGFIN.NS] fetching fresh data
2026-08-17 03:51:24,054 [INFO] src.ingestion: [SHRIRAMFIN.NS] fetching fresh data
2026-08-17 03:51:25,219 [INFO] src.ingestion: [PFC.NS] fetching fresh data
2026-08-17 03:51:26,427 [INFO] src.ingestion: [RECLTD.NS] fetching fresh data
2026-08-17 03:51:27,424 [INFO] src.ingestion: [IRFC.NS] fetching fresh data
2026-08-17 03:51:28,458 [INFO] src.ingestion: [HUDCO.NS] fetching fresh data
2026-08-17 03:51:29,516 [INFO] src.ingestion: [BAJAJHLDNG.NS] fetching fresh data
2026-08-17 03:51:30,564 [INFO] src.ingestion: [SBICARD.NS] fetching fresh data
2026-08-17 03:51:31,725 [INFO] src.ingestion: [MANAPPURAM.NS] fetching fresh data
2026-08-17 03:51:32,776 [INFO] src.ingestion: [POONAWALLA.NS] fetching fresh data
2026-08-17 03:51:33,877 [INFO] src.ingestion: [HDFCLIFE.NS] fetching fresh data
2026-08-17 03:51:34,917 [INFO] src.ingestion: [SBILIFE.NS] fetching fresh data
2026-08-17 03:51:36,091 [INFO] src.ingestion: [ICICIPRULI.NS] fetching fresh data
2026-08-17 03:51:37,065 [INFO] src.ingestion: [ICICIGI.NS] fetching fresh data
2026-08-17 03:51:38,151 [INFO] src.ingestion: [LICI.NS] fetching fresh data
2026-08-17 03:51:39,222 [INFO] src.ingestion: [GICRE.NS] fetching fresh data
2026-08-17 03:51:40,381 [INFO] src.ingestion: [MARUTI.NS] fetching fresh data
2026-08-17 03:51:41,605 [INFO] src.ingestion: [TMPV.NS] fetching fresh data
2026-08-17 03:51:42,730 [INFO] src.ingestion: [TMCV.NS] fetching fresh data
2026-08-17 03:51:43,807 [INFO] src.ingestion: [M&M.NS] fetching fresh data
2026-08-17 03:51:44,995 [INFO] src.ingestion: [EICHERMOT.NS] fetching fresh data
2026-08-17 03:51:46,207 [INFO] src.ingestion: [HEROMOTOCO.NS] fetching fresh data
2026-08-17 03:51:47,341 [INFO] src.ingestion: [BAJAJ-AUTO.NS] fetching fresh data
2026-08-17 03:51:48,441 [INFO] src.ingestion: [TVSMOTOR.NS] fetching fresh data
2026-08-17 03:51:49,682 [INFO] src.ingestion: [ASHOKLEY.NS] fetching fresh data
2026-08-17 03:51:50,763 [INFO] src.ingestion: [BHARATFORG.NS] fetching fresh data
2026-08-17 03:51:52,017 [INFO] src.ingestion: [MOTHERSON.NS] fetching fresh data
2026-08-17 03:51:53,112 [INFO] src.ingestion: [BOSCHLTD.NS] fetching fresh data
2026-08-17 03:51:54,176 [INFO] src.ingestion: [MRF.NS] fetching fresh data
2026-08-17 03:51:55,222 [INFO] src.ingestion: [ENDURANCE.NS] fetching fresh data
2026-08-17 03:51:56,361 [INFO] src.ingestion: [EXIDEIND.NS] fetching fresh data
2026-08-17 03:51:57,536 [INFO] src.ingestion: [ARE&M.NS] fetching fresh data
2026-08-17 03:51:58,854 [INFO] src.ingestion: [SUNDRMFAST.NS] fetching fresh data
2026-08-17 03:52:00,002 [INFO] src.ingestion: [UNOMINDA.NS] fetching fresh data
2026-08-17 03:52:01,181 [INFO] src.ingestion: [SUNPHARMA.NS] fetching fresh data
2026-08-17 03:52:02,369 [INFO] src.ingestion: [DRREDDY.NS] fetching fresh data
2026-08-17 03:52:03,447 [INFO] src.ingestion: [CIPLA.NS] fetching fresh data
2026-08-17 03:52:04,560 [INFO] src.ingestion: [DIVISLAB.NS] fetching fresh data
2026-08-17 03:52:05,635 [INFO] src.ingestion: [LUPIN.NS] fetching fresh data
2026-08-17 03:52:06,859 [INFO] src.ingestion: [AUROPHARMA.NS] fetching fresh data
2026-08-17 03:52:07,950 [INFO] src.ingestion: [BIOCON.NS] fetching fresh data
2026-08-17 03:52:09,122 [INFO] src.ingestion: [TORNTPHARM.NS] fetching fresh data
2026-08-17 03:52:10,236 [INFO] src.ingestion: [ALKEM.NS] fetching fresh data
2026-08-17 03:52:11,378 [INFO] src.ingestion: [ABBOTINDIA.NS] fetching fresh data
2026-08-17 03:52:12,418 [INFO] src.ingestion: [APOLLOHOSP.NS] fetching fresh data
2026-08-17 03:52:13,443 [INFO] src.ingestion: [FORTIS.NS] fetching fresh data
2026-08-17 03:52:14,622 [INFO] src.ingestion: [LALPATHLAB.NS] fetching fresh data
2026-08-17 03:52:15,779 [INFO] src.ingestion: [METROPOLIS.NS] fetching fresh data
2026-08-17 03:52:16,922 [INFO] src.ingestion: [GLAND.NS] fetching fresh data
2026-08-17 03:52:18,076 [INFO] src.ingestion: [LAURUSLABS.NS] fetching fresh data
2026-08-17 03:52:19,259 [INFO] src.ingestion: [GLENMARK.NS] fetching fresh data
2026-08-17 03:52:20,443 [INFO] src.ingestion: [IPCALAB.NS] fetching fresh data
2026-08-17 03:52:21,751 [INFO] src.ingestion: [HINDUNILVR.NS] fetching fresh data
2026-08-17 03:52:22,936 [INFO] src.ingestion: [ITC.NS] fetching fresh data
2026-08-17 03:52:24,094 [INFO] src.ingestion: [NESTLEIND.NS] fetching fresh data
2026-08-17 03:52:25,313 [INFO] src.ingestion: [BRITANNIA.NS] fetching fresh data
2026-08-17 03:52:26,384 [INFO] src.ingestion: [DABUR.NS] fetching fresh data
2026-08-17 03:52:27,501 [INFO] src.ingestion: [GODREJCP.NS] fetching fresh data
2026-08-17 03:52:28,580 [INFO] src.ingestion: [MARICO.NS] fetching fresh data
2026-08-17 03:52:29,721 [INFO] src.ingestion: [COLPAL.NS] fetching fresh data
2026-08-17 03:52:30,842 [INFO] src.ingestion: [TATACONSUM.NS] fetching fresh data
2026-08-17 03:52:31,960 [INFO] src.ingestion: [VBL.NS] fetching fresh data
2026-08-17 03:52:33,083 [INFO] src.ingestion: [UNITDSPR.NS] fetching fresh data
2026-08-17 03:52:34,158 [INFO] src.ingestion: [EMAMILTD.NS] fetching fresh data
2026-08-17 03:52:35,310 [INFO] src.ingestion: [TATASTEEL.NS] fetching fresh data
2026-08-17 03:52:36,326 [INFO] src.ingestion: [JSWSTEEL.NS] fetching fresh data
2026-08-17 03:52:37,480 [INFO] src.ingestion: [HINDALCO.NS] fetching fresh data
2026-08-17 03:52:38,597 [INFO] src.ingestion: [VEDL.NS] fetching fresh data
2026-08-17 03:52:39,672 [INFO] src.ingestion: [COALINDIA.NS] fetching fresh data
2026-08-17 03:52:40,831 [INFO] src.ingestion: [NMDC.NS] fetching fresh data
2026-08-17 03:52:42,074 [INFO] src.ingestion: [SAIL.NS] fetching fresh data
2026-08-17 03:52:43,080 [INFO] src.ingestion: [JINDALSTEL.NS] fetching fresh data
2026-08-17 03:52:44,156 [INFO] src.ingestion: [APLAPOLLO.NS] fetching fresh data
2026-08-17 03:52:45,193 [INFO] src.ingestion: [NATIONALUM.NS] fetching fresh data
2026-08-17 03:52:46,298 [INFO] src.ingestion: [HINDCOPPER.NS] fetching fresh data
2026-08-17 03:52:47,563 [INFO] src.ingestion: [RATNAMANI.NS] fetching fresh data
2026-08-17 03:52:48,753 [INFO] src.ingestion: [HINDZINC.NS] fetching fresh data
2026-08-17 03:52:49,858 [INFO] src.ingestion: [WELCORP.NS] fetching fresh data
2026-08-17 03:52:51,104 [INFO] src.ingestion: [JSL.NS] fetching fresh data
2026-08-17 03:52:52,141 [INFO] src.ingestion: [RELIANCE.NS] fetching fresh data
2026-08-17 03:52:53,357 [INFO] src.ingestion: [ONGC.NS] fetching fresh data
2026-08-17 03:52:54,472 [INFO] src.ingestion: [BPCL.NS] fetching fresh data
2026-08-17 03:52:55,678 [INFO] src.ingestion: [IOC.NS] fetching fresh data
2026-08-17 03:52:56,901 [INFO] src.ingestion: [GAIL.NS] fetching fresh data
2026-08-17 03:52:58,118 [INFO] src.ingestion: [NTPC.NS] fetching fresh data
2026-08-17 03:52:59,212 [INFO] src.ingestion: [POWERGRID.NS] fetching fresh data
2026-08-17 03:53:00,257 [INFO] src.ingestion: [TATAPOWER.NS] fetching fresh data
2026-08-17 03:53:01,307 [INFO] src.ingestion: [ADANIGREEN.NS] fetching fresh data
2026-08-17 03:53:02,514 [INFO] src.ingestion: [ADANIPOWER.NS] fetching fresh data
2026-08-17 03:53:03,725 [INFO] src.ingestion: [TORNTPOWER.NS] fetching fresh data
2026-08-17 03:53:04,792 [INFO] src.ingestion: [LT.NS] fetching fresh data
2026-08-17 03:53:06,064 [INFO] src.ingestion: [SIEMENS.NS] fetching fresh data
2026-08-17 03:53:07,323 [INFO] src.ingestion: [ABB.NS] fetching fresh data
2026-08-17 03:53:08,380 [INFO] src.ingestion: [HAL.NS] fetching fresh data
2026-08-17 03:53:09,482 [INFO] src.ingestion: [BEL.NS] fetching fresh data
2026-08-17 03:53:10,740 [INFO] src.ingestion: [BHEL.NS] fetching fresh data
2026-08-17 03:53:11,822 [INFO] src.ingestion: [CUMMINSIND.NS] fetching fresh data
2026-08-17 03:53:13,065 [INFO] src.ingestion: [THERMAX.NS] fetching fresh data
2026-08-17 03:53:14,255 [INFO] src.ingestion: [POLYCAB.NS] fetching fresh data
2026-08-17 03:53:15,492 [INFO] src.ingestion: [KEI.NS] fetching fresh data
2026-08-17 03:53:16,643 [INFO] src.ingestion: [HAVELLS.NS] fetching fresh data
2026-08-17 03:53:17,859 [INFO] src.ingestion: [CROMPTON.NS] fetching fresh data
2026-08-17 03:53:19,056 [INFO] src.ingestion: [SUPREMEIND.NS] fetching fresh data
2026-08-17 03:53:20,313 [INFO] src.ingestion: [ASTRAL.NS] fetching fresh data
2026-08-17 03:53:21,503 [INFO] src.ingestion: [GRINDWELL.NS] fetching fresh data
2026-08-17 03:53:22,635 [INFO] src.ingestion: [CARBORUNIV.NS] fetching fresh data
2026-08-17 03:53:23,969 [INFO] src.ingestion: [TIMKEN.NS] fetching fresh data
2026-08-17 03:53:25,086 [INFO] src.ingestion: [SKFINDIA.NS] fetching fresh data
2026-08-17 03:53:26,231 [INFO] src.ingestion: [SRF.NS] fetching fresh data
2026-08-17 03:53:27,392 [INFO] src.ingestion: [PIIND.NS] fetching fresh data
2026-08-17 03:53:28,578 [INFO] src.ingestion: [DEEPAKNTR.NS] fetching fresh data
2026-08-17 03:53:29,777 [INFO] src.ingestion: [AARTIIND.NS] fetching fresh data
2026-08-17 03:53:30,918 [INFO] src.ingestion: [NAVINFLUOR.NS] fetching fresh data
2026-08-17 03:53:32,103 [INFO] src.ingestion: [UPL.NS] fetching fresh data
2026-08-17 03:53:33,249 [INFO] src.ingestion: [COROMANDEL.NS] fetching fresh data
2026-08-17 03:53:34,384 [INFO] src.ingestion: [CHAMBLFERT.NS] fetching fresh data
2026-08-17 03:53:35,440 [INFO] src.ingestion: [GNFC.NS] fetching fresh data
2026-08-17 03:53:36,623 [INFO] src.ingestion: [PIDILITIND.NS] fetching fresh data
2026-08-17 03:53:37,972 [INFO] src.ingestion: [TATACHEM.NS] fetching fresh data
2026-08-17 03:53:39,064 [INFO] src.ingestion: [GHCL.NS] fetching fresh data
2026-08-17 03:53:40,393 [INFO] src.ingestion: [TITAN.NS] fetching fresh data
2026-08-17 03:53:41,536 [INFO] src.ingestion: [DMART.NS] fetching fresh data
2026-08-17 03:53:42,684 [INFO] src.ingestion: [TRENT.NS] fetching fresh data
2026-08-17 03:53:43,782 [INFO] src.ingestion: [BATAINDIA.NS] fetching fresh data
2026-08-17 03:53:44,882 [INFO] src.ingestion: [PAGEIND.NS] fetching fresh data
2026-08-17 03:53:46,168 [INFO] src.ingestion: [JUBLFOOD.NS] fetching fresh data
2026-08-17 03:53:47,302 [INFO] src.ingestion: [VOLTAS.NS] fetching fresh data
2026-08-17 03:53:48,407 [INFO] src.ingestion: [DIXON.NS] fetching fresh data
2026-08-17 03:53:49,586 [INFO] src.ingestion: [RELAXO.NS] fetching fresh data
2026-08-17 03:53:50,738 [INFO] src.ingestion: [KAJARIACER.NS] fetching fresh data
2026-08-17 03:53:51,918 [INFO] src.ingestion: [WHIRLPOOL.NS] fetching fresh data
2026-08-17 03:53:53,089 [INFO] src.ingestion: [BLUESTARCO.NS] fetching fresh data
2026-08-17 03:53:54,230 [INFO] src.ingestion: [PGHH.NS] fetching fresh data
2026-08-17 03:53:55,473 [INFO] src.ingestion: [GILLETTE.NS] fetching fresh data
2026-08-17 03:53:56,597 [INFO] src.ingestion: [BHARTIARTL.NS] fetching fresh data
2026-08-17 03:53:57,661 [INFO] src.ingestion: [IDEA.NS] fetching fresh data
2026-08-17 03:53:58,823 [INFO] src.ingestion: [INDUSTOWER.NS] fetching fresh data
2026-08-17 03:53:59,986 [INFO] src.ingestion: [PVRINOX.NS] fetching fresh data
2026-08-17 03:54:01,095 [INFO] src.ingestion: [ZEEL.NS] fetching fresh data
2026-08-17 03:54:02,177 [INFO] src.ingestion: [ADANIPORTS.NS] fetching fresh data
2026-08-17 03:54:03,242 [INFO] src.ingestion: [ADANIENT.NS] fetching fresh data
2026-08-17 03:54:04,365 [INFO] src.ingestion: [GMRAIRPORT.NS] fetching fresh data
2026-08-17 03:54:05,434 [INFO] src.ingestion: [CONCOR.NS] fetching fresh data
2026-08-17 03:54:06,476 [INFO] src.ingestion: [IRCTC.NS] fetching fresh data
2026-08-17 03:54:07,669 [INFO] src.ingestion: [INDIGO.NS] fetching fresh data
2026-08-17 03:54:08,826 [INFO] src.ingestion: [RVNL.NS] fetching fresh data
2026-08-17 03:54:09,945 [INFO] src.ingestion: [IRCON.NS] fetching fresh data
2026-08-17 03:54:11,166 [INFO] src.ingestion: [NBCC.NS] fetching fresh data
2026-08-17 03:54:12,315 [INFO] src.ingestion: [NCC.NS] fetching fresh data
2026-08-17 03:54:13,442 [INFO] src.ingestion: [MAZDOCK.NS] fetching fresh data
2026-08-17 03:54:14,701 [INFO] src.ingestion: [COCHINSHIP.NS] fetching fresh data
2026-08-17 03:54:15,872 [INFO] src.ingestion: [DLF.NS] fetching fresh data
2026-08-17 03:54:16,959 [INFO] src.ingestion: [GODREJPROP.NS] fetching fresh data
2026-08-17 03:54:18,203 [INFO] src.ingestion: [OBEROIRLTY.NS] fetching fresh data
2026-08-17 03:54:19,275 [INFO] src.ingestion: [PRESTIGE.NS] fetching fresh data
2026-08-17 03:54:20,384 [INFO] src.ingestion: [PHOENIXLTD.NS] fetching fresh data
2026-08-17 03:54:21,606 [INFO] src.ingestion: [SOBHA.NS] fetching fresh data
2026-08-17 03:54:22,754 [INFO] src.ingestion: Fetched 200/201 tickers successfully
2026-08-17 03:54:22,755 [WARNING] src.ingestion: Failed tickers (excluded from downstream, not silently zeroed): ['LTIM.NS']
2026-08-17 03:54:22,755 [INFO] __main__: Ingestion validation passed: 200/201 tickers (100%)
2026-08-17 03:54:22,755 [INFO] __main__: === Stage 2/8: Cleaning ===
2026-08-17 03:54:22,762 [WARNING] src.cleaning: [ASHOKLEY.NS] EXCLUDED: missing critical fields: ['market_cap']
2026-08-17 03:54:22,762 [WARNING] src.cleaning: [BIOCON.NS] EXCLUDED: missing critical fields: ['market_cap']
2026-08-17 03:54:22,762 [WARNING] src.cleaning: [BOSCHLTD.NS] EXCLUDED: missing critical fields: ['market_cap']
2026-08-17 03:54:22,763 [WARNING] src.cleaning: [IOC.NS] EXCLUDED: missing critical fields: ['market_cap']
2026-08-17 03:54:22,763 [WARNING] src.cleaning: [JUBLFOOD.NS] EXCLUDED: missing critical fields: ['market_cap']
2026-08-17 03:54:22,763 [WARNING] src.cleaning: [LTIM.NS] EXCLUDED: ingestion failed: yfinance returned an empty info payload for LTIM.NS (no exception, but no usable data — likely a transient Yahoo-side issue or an invalid/delisted symbol)
2026-08-17 03:54:22,764 [WARNING] src.cleaning: [RECLTD.NS] EXCLUDED: missing critical fields: ['market_cap']
2026-08-17 03:54:22,764 [WARNING] src.cleaning: [RELIANCE.NS] EXCLUDED: missing critical fields: ['market_cap']
2026-08-17 03:54:22,764 [WARNING] src.cleaning: [TCS.NS] EXCLUDED: missing critical fields: ['market_cap']
2026-08-17 03:54:22,764 [WARNING] src.cleaning: [TVSMOTOR.NS] EXCLUDED: missing critical fields: ['market_cap']
2026-08-17 03:54:22,764 [INFO] src.cleaning: [AARTIIND.NS] non-critical missing fields: ['return_on_equity']
2026-08-17 03:54:22,764 [INFO] src.cleaning: [ABBOTINDIA.NS] non-critical missing fields: ['ev_to_ebitda', 'return_on_equity', 'total_debt']
2026-08-17 03:54:22,765 [INFO] src.cleaning: [ACC.NS] non-critical missing fields: ['return_on_equity']
2026-08-17 03:54:22,765 [INFO] src.cleaning: [ADANIENT.NS] non-critical missing fields: ['return_on_equity']
2026-08-17 03:54:22,765 [INFO] src.cleaning: [ADANIGREEN.NS] non-critical missing fields: ['return_on_equity']
2026-08-17 03:54:22,765 [INFO] src.cleaning: [ADANIPORTS.NS] non-critical missing fields: ['return_on_equity']
2026-08-17 03:54:22,765 [INFO] src.cleaning: [ADANIPOWER.NS] non-critical missing fields: ['return_on_equity']
2026-08-17 03:54:22,765 [INFO] src.cleaning: [ALKEM.NS] non-critical missing fields: ['return_on_equity']
2026-08-17 03:54:22,765 [INFO] src.cleaning: [AMBUJACEM.NS] non-critical missing fields: ['return_on_equity']
2026-08-17 03:54:22,765 [INFO] src.cleaning: [APLAPOLLO.NS] non-critical missing fields: ['return_on_equity']
2026-08-17 03:54:22,765 [INFO] src.cleaning: [APOLLOHOSP.NS] non-critical missing fields: ['return_on_equity']
2026-08-17 03:54:22,765 [INFO] src.cleaning: [ARE&M.NS] non-critical missing fields: ['return_on_equity']
2026-08-17 03:54:22,765 [INFO] src.cleaning: [ASTRAL.NS] non-critical missing fields: ['return_on_equity']
2026-08-17 03:54:22,765 [INFO] src.cleaning: [AUBANK.NS] non-critical missing fields: ['ev_to_ebitda', 'return_on_equity', 'debt_to_equity']
2026-08-17 03:54:22,765 [INFO] src.cleaning: [AUROPHARMA.NS] non-critical missing fields: ['return_on_equity']
2026-08-17 03:54:22,765 [INFO] src.cleaning: [AXISBANK.NS] non-critical missing fields: ['ev_to_ebitda', 'debt_to_equity']
2026-08-17 03:54:22,765 [INFO] src.cleaning: [BAJAJ-AUTO.NS] non-critical missing fields: ['return_on_equity']
2026-08-17 03:54:22,765 [INFO] src.cleaning: [BAJAJFINSV.NS] non-critical missing fields: ['return_on_equity']
2026-08-17 03:54:22,765 [WARNING] src.cleaning: [BAJAJHLDNG.NS] outlier values flagged: ['net_margin']
2026-08-17 03:54:22,765 [INFO] src.cleaning: [BAJFINANCE.NS] non-critical missing fields: ['ev_to_ebitda', 'return_on_equity']
2026-08-17 03:54:22,765 [INFO] src.cleaning: [BANDHANBNK.NS] non-critical missing fields: ['ev_to_ebitda', 'return_on_equity', 'debt_to_equity']
2026-08-17 03:54:22,765 [INFO] src.cleaning: [BANKBARODA.NS] non-critical missing fields: ['ev_to_ebitda', 'debt_to_equity']
2026-08-17 03:54:22,765 [INFO] src.cleaning: [BANKINDIA.NS] non-critical missing fields: ['ev_to_ebitda', 'debt_to_equity']
2026-08-17 03:54:22,765 [INFO] src.cleaning: [BATAINDIA.NS] non-critical missing fields: ['return_on_equity']
2026-08-17 03:54:22,765 [INFO] src.cleaning: [BEL.NS] non-critical missing fields: ['return_on_equity']
2026-08-17 03:54:22,765 [INFO] src.cleaning: [BHARATFORG.NS] non-critical missing fields: ['return_on_equity']
2026-08-17 03:54:22,765 [INFO] src.cleaning: [BHEL.NS] non-critical missing fields: ['return_on_equity']
2026-08-17 03:54:22,765 [INFO] src.cleaning: [BLUESTARCO.NS] non-critical missing fields: ['return_on_equity']
2026-08-17 03:54:22,765 [INFO] src.cleaning: [BPCL.NS] non-critical missing fields: ['return_on_equity']
2026-08-17 03:54:22,766 [INFO] src.cleaning: [BRITANNIA.NS] non-critical missing fields: ['return_on_equity']
2026-08-17 03:54:22,766 [INFO] src.cleaning: [CANBK.NS] non-critical missing fields: ['ev_to_ebitda', 'return_on_equity', 'debt_to_equity']
2026-08-17 03:54:22,766 [INFO] src.cleaning: [CARBORUNIV.NS] non-critical missing fields: ['return_on_equity']
2026-08-17 03:54:22,766 [INFO] src.cleaning: [CENTRALBK.NS] non-critical missing fields: ['ev_to_ebitda', 'debt_to_equity']
2026-08-17 03:54:22,766 [INFO] src.cleaning: [CHAMBLFERT.NS] non-critical missing fields: ['return_on_equity']
2026-08-17 03:54:22,766 [INFO] src.cleaning: [CHOLAFIN.NS] non-critical missing fields: ['ev_to_ebitda', 'return_on_equity']
2026-08-17 03:54:22,766 [INFO] src.cleaning: [CIPLA.NS] non-critical missing fields: ['return_on_equity']
2026-08-17 03:54:22,766 [INFO] src.cleaning: [COALINDIA.NS] non-critical missing fields: ['return_on_equity']
2026-08-17 03:54:22,766 [INFO] src.cleaning: [COFORGE.NS] non-critical missing fields: ['return_on_equity']
2026-08-17 03:54:22,766 [INFO] src.cleaning: [COLPAL.NS] non-critical missing fields: ['return_on_equity']
2026-08-17 03:54:22,766 [INFO] src.cleaning: [CONCOR.NS] non-critical missing fields: ['return_on_equity']
2026-08-17 03:54:22,766 [INFO] src.cleaning: [COROMANDEL.NS] non-critical missing fields: ['return_on_equity']
2026-08-17 03:54:22,766 [INFO] src.cleaning: [CROMPTON.NS] non-critical missing fields: ['trailing_pe', 'return_on_equity']
2026-08-17 03:54:22,766 [INFO] src.cleaning: [CUMMINSIND.NS] non-critical missing fields: ['return_on_equity']
2026-08-17 03:54:22,766 [INFO] src.cleaning: [CYIENT.NS] non-critical missing fields: ['return_on_equity']
2026-08-17 03:54:22,766 [INFO] src.cleaning: [DABUR.NS] non-critical missing fields: ['return_on_equity']
2026-08-17 03:54:22,766 [INFO] src.cleaning: [DALBHARAT.NS] non-critical missing fields: ['return_on_equity']
2026-08-17 03:54:22,766 [INFO] src.cleaning: [DEEPAKNTR.NS] non-critical missing fields: ['return_on_equity']
2026-08-17 03:54:22,766 [INFO] src.cleaning: [DIVISLAB.NS] non-critical missing fields: ['return_on_equity']
2026-08-17 03:54:22,766 [INFO] src.cleaning: [DIXON.NS] non-critical missing fields: ['return_on_equity']
2026-08-17 03:54:22,766 [INFO] src.cleaning: [DMART.NS] non-critical missing fields: ['return_on_equity']
2026-08-17 03:54:22,766 [INFO] src.cleaning: [EICHERMOT.NS] non-critical missing fields: ['return_on_equity']
2026-08-17 03:54:22,767 [INFO] src.cleaning: [EMAMILTD.NS] non-critical missing fields: ['return_on_equity']
2026-08-17 03:54:22,767 [INFO] src.cleaning: [ENDURANCE.NS] non-critical missing fields: ['return_on_equity']
2026-08-17 03:54:22,767 [INFO] src.cleaning: [EXIDEIND.NS] non-critical missing fields: ['return_on_equity']
2026-08-17 03:54:22,767 [INFO] src.cleaning: [FEDERALBNK.NS] non-critical missing fields: ['ev_to_ebitda', 'return_on_equity', 'debt_to_equity']
2026-08-17 03:54:22,767 [INFO] src.cleaning: [FORTIS.NS] non-critical missing fields: ['return_on_equity']
2026-08-17 03:54:22,767 [INFO] src.cleaning: [GAIL.NS] non-critical missing fields: ['return_on_equity']
2026-08-17 03:54:22,767 [INFO] src.cleaning: [GHCL.NS] non-critical missing fields: ['return_on_equity']
2026-08-17 03:54:22,767 [INFO] src.cleaning: [GICRE.NS] non-critical missing fields: ['ev_to_ebitda', 'debt_to_equity']
2026-08-17 03:54:22,767 [INFO] src.cleaning: [GILLETTE.NS] non-critical missing fields: ['return_on_equity']
2026-08-17 03:54:22,767 [INFO] src.cleaning: [GLENMARK.NS] non-critical missing fields: ['return_on_equity']
2026-08-17 03:54:22,767 [WARNING] src.cleaning: [GMRAIRPORT.NS] negative/zero equity — DuPont ROE math will be invalid downstream
2026-08-17 03:54:22,767 [INFO] src.cleaning: [GMRAIRPORT.NS] non-critical missing fields: ['return_on_equity', 'debt_to_equity']
2026-08-17 03:54:22,767 [INFO] src.cleaning: [GNFC.NS] non-critical missing fields: ['return_on_equity']
2026-08-17 03:54:22,767 [INFO] src.cleaning: [GODREJCP.NS] non-critical missing fields: ['return_on_equity']
2026-08-17 03:54:22,767 [INFO] src.cleaning: [GODREJPROP.NS] non-critical missing fields: ['return_on_equity']
2026-08-17 03:54:22,767 [INFO] src.cleaning: [GRINDWELL.NS] non-critical missing fields: ['return_on_equity']
2026-08-17 03:54:22,767 [INFO] src.cleaning: [HAL.NS] non-critical missing fields: ['return_on_equity']
2026-08-17 03:54:22,767 [INFO] src.cleaning: [HAVELLS.NS] non-critical missing fields: ['return_on_equity']
2026-08-17 03:54:22,767 [WARNING] src.cleaning: [HCLTECH.NS] outlier values flagged: ['ev_to_ebitda']
2026-08-17 03:54:22,767 [INFO] src.cleaning: [HDFCBANK.NS] non-critical missing fields: ['ev_to_ebitda', 'debt_to_equity']
2026-08-17 03:54:22,767 [INFO] src.cleaning: [HEIDELBERG.NS] non-critical missing fields: ['return_on_equity']
2026-08-17 03:54:22,767 [INFO] src.cleaning: [HEROMOTOCO.NS] non-critical missing fields: ['return_on_equity']
2026-08-17 03:54:22,767 [INFO] src.cleaning: [HINDALCO.NS] non-critical missing fields: ['return_on_equity']
2026-08-17 03:54:22,767 [INFO] src.cleaning: [HINDCOPPER.NS] non-critical missing fields: ['return_on_equity']
2026-08-17 03:54:22,768 [INFO] src.cleaning: [HINDUNILVR.NS] non-critical missing fields: ['return_on_equity']
2026-08-17 03:54:22,768 [INFO] src.cleaning: [HINDZINC.NS] non-critical missing fields: ['return_on_equity']
2026-08-17 03:54:22,768 [INFO] src.cleaning: [HUDCO.NS] non-critical missing fields: ['ev_to_ebitda', 'return_on_equity']
2026-08-17 03:54:22,768 [INFO] src.cleaning: [ICICIBANK.NS] non-critical missing fields: ['ev_to_ebitda', 'debt_to_equity']
2026-08-17 03:54:22,768 [INFO] src.cleaning: [ICICIGI.NS] non-critical missing fields: ['debt_to_equity']
2026-08-17 03:54:22,768 [WARNING] src.cleaning: [IDEA.NS] negative/zero equity — DuPont ROE math will be invalid downstream
2026-08-17 03:54:22,768 [INFO] src.cleaning: [IDEA.NS] non-critical missing fields: ['return_on_equity', 'debt_to_equity']
2026-08-17 03:54:22,768 [INFO] src.cleaning: [IDFCFIRSTB.NS] non-critical missing fields: ['ev_to_ebitda', 'return_on_equity', 'debt_to_equity', 'total_debt']
2026-08-17 03:54:22,768 [INFO] src.cleaning: [INDIGO.NS] non-critical missing fields: ['trailing_pe', 'return_on_equity']
2026-08-17 03:54:22,768 [INFO] src.cleaning: [INDUSINDBK.NS] non-critical missing fields: ['ev_to_ebitda', 'return_on_equity', 'debt_to_equity']
2026-08-17 03:54:22,768 [WARNING] src.cleaning: [INFY.NS] outlier values flagged: ['ev_to_ebitda']
2026-08-17 03:54:22,768 [INFO] src.cleaning: [IOB.NS] non-critical missing fields: ['ev_to_ebitda', 'debt_to_equity']
2026-08-17 03:54:22,768 [INFO] src.cleaning: [IRCON.NS] non-critical missing fields: ['ev_to_ebitda', 'return_on_equity', 'total_debt']
2026-08-17 03:54:22,768 [INFO] src.cleaning: [IRCTC.NS] non-critical missing fields: ['return_on_equity']
2026-08-17 03:54:22,768 [INFO] src.cleaning: [IRFC.NS] non-critical missing fields: ['ev_to_ebitda', 'return_on_equity']
2026-08-17 03:54:22,768 [INFO] src.cleaning: [ITC.NS] non-critical missing fields: ['return_on_equity']
2026-08-17 03:54:22,768 [INFO] src.cleaning: [JINDALSTEL.NS] non-critical missing fields: ['return_on_equity']
2026-08-17 03:54:22,768 [INFO] src.cleaning: [JKCEMENT.NS] non-critical missing fields: ['return_on_equity']
2026-08-17 03:54:22,768 [INFO] src.cleaning: [JSL.NS] non-critical missing fields: ['return_on_equity']
2026-08-17 03:54:22,768 [INFO] src.cleaning: [JSWSTEEL.NS] non-critical missing fields: ['return_on_equity']
2026-08-17 03:54:22,768 [INFO] src.cleaning: [KAJARIACER.NS] non-critical missing fields: ['return_on_equity']
2026-08-17 03:54:22,768 [INFO] src.cleaning: [KEI.NS] non-critical missing fields: ['return_on_equity']
2026-08-17 03:54:22,768 [INFO] src.cleaning: [KOTAKBANK.NS] non-critical missing fields: ['ev_to_ebitda', 'return_on_equity', 'debt_to_equity']
2026-08-17 03:54:22,768 [INFO] src.cleaning: [KPITTECH.NS] non-critical missing fields: ['return_on_equity']
2026-08-17 03:54:22,768 [INFO] src.cleaning: [LALPATHLAB.NS] non-critical missing fields: ['return_on_equity']
2026-08-17 03:54:22,768 [INFO] src.cleaning: [LAURUSLABS.NS] non-critical missing fields: ['return_on_equity']
2026-08-17 03:54:22,769 [INFO] src.cleaning: [LICHSGFIN.NS] non-critical missing fields: ['ev_to_ebitda', 'return_on_equity']
2026-08-17 03:54:22,769 [INFO] src.cleaning: [LICI.NS] non-critical missing fields: ['return_on_equity']
2026-08-17 03:54:22,769 [INFO] src.cleaning: [LTTS.NS] non-critical missing fields: ['return_on_equity']
2026-08-17 03:54:22,769 [INFO] src.cleaning: [LT.NS] non-critical missing fields: ['return_on_equity']
2026-08-17 03:54:22,769 [INFO] src.cleaning: [LUPIN.NS] non-critical missing fields: ['return_on_equity']
2026-08-17 03:54:22,769 [INFO] src.cleaning: [M&M.NS] non-critical missing fields: ['return_on_equity']
2026-08-17 03:54:22,769 [INFO] src.cleaning: [MANAPPURAM.NS] non-critical missing fields: ['ev_to_ebitda', 'return_on_equity']
2026-08-17 03:54:22,769 [INFO] src.cleaning: [MARICO.NS] non-critical missing fields: ['return_on_equity']
2026-08-17 03:54:22,769 [INFO] src.cleaning: [MARUTI.NS] non-critical missing fields: ['return_on_equity']
2026-08-17 03:54:22,769 [INFO] src.cleaning: [MAZDOCK.NS] non-critical missing fields: ['return_on_equity']
2026-08-17 03:54:22,769 [INFO] src.cleaning: [METROPOLIS.NS] non-critical missing fields: ['return_on_equity']
2026-08-17 03:54:22,769 [INFO] src.cleaning: [MOTHERSON.NS] non-critical missing fields: ['return_on_equity']
2026-08-17 03:54:22,769 [INFO] src.cleaning: [MRF.NS] non-critical missing fields: ['return_on_equity']
2026-08-17 03:54:22,769 [INFO] src.cleaning: [MUTHOOTFIN.NS] non-critical missing fields: ['ev_to_ebitda']
2026-08-17 03:54:22,769 [INFO] src.cleaning: [NATIONALUM.NS] non-critical missing fields: ['return_on_equity']
2026-08-17 03:54:22,769 [INFO] src.cleaning: [NAVINFLUOR.NS] non-critical missing fields: ['return_on_equity']
2026-08-17 03:54:22,769 [INFO] src.cleaning: [NBCC.NS] non-critical missing fields: ['return_on_equity']
2026-08-17 03:54:22,769 [INFO] src.cleaning: [NCC.NS] non-critical missing fields: ['return_on_equity']
2026-08-17 03:54:22,769 [INFO] src.cleaning: [NESTLEIND.NS] non-critical missing fields: ['return_on_equity']
2026-08-17 03:54:22,769 [INFO] src.cleaning: [NMDC.NS] non-critical missing fields: ['return_on_equity']
2026-08-17 03:54:22,769 [INFO] src.cleaning: [NTPC.NS] non-critical missing fields: ['return_on_equity']
2026-08-17 03:54:22,769 [INFO] src.cleaning: [OBEROIRLTY.NS] non-critical missing fields: ['return_on_equity']
2026-08-17 03:54:22,769 [INFO] src.cleaning: [ONGC.NS] non-critical missing fields: ['return_on_equity']
2026-08-17 03:54:22,769 [INFO] src.cleaning: [PAGEIND.NS] non-critical missing fields: ['return_on_equity']
2026-08-17 03:54:22,769 [INFO] src.cleaning: [PERSISTENT.NS] non-critical missing fields: ['return_on_equity']
2026-08-17 03:54:22,770 [INFO] src.cleaning: [PFC.NS] non-critical missing fields: ['ev_to_ebitda', 'return_on_equity']
2026-08-17 03:54:22,770 [INFO] src.cleaning: [PGHH.NS] non-critical missing fields: ['return_on_equity']
2026-08-17 03:54:22,770 [INFO] src.cleaning: [PHOENIXLTD.NS] non-critical missing fields: ['return_on_equity']
2026-08-17 03:54:22,770 [INFO] src.cleaning: [PIDILITIND.NS] non-critical missing fields: ['return_on_equity']
2026-08-17 03:54:22,770 [INFO] src.cleaning: [PIIND.NS] non-critical missing fields: ['return_on_equity']
2026-08-17 03:54:22,770 [INFO] src.cleaning: [PNB.NS] non-critical missing fields: ['ev_to_ebitda', 'debt_to_equity']
2026-08-17 03:54:22,770 [INFO] src.cleaning: [POONAWALLA.NS] non-critical missing fields: ['ev_to_ebitda', 'return_on_equity']
2026-08-17 03:54:22,770 [INFO] src.cleaning: [POWERGRID.NS] non-critical missing fields: ['return_on_equity']
2026-08-17 03:54:22,770 [INFO] src.cleaning: [PVRINOX.NS] non-critical missing fields: ['return_on_equity']
2026-08-17 03:54:22,770 [INFO] src.cleaning: [RAMCOCEM.NS] non-critical missing fields: ['return_on_equity']
2026-08-17 03:54:22,770 [INFO] src.cleaning: [RATNAMANI.NS] non-critical missing fields: ['return_on_equity']
2026-08-17 03:54:22,770 [INFO] src.cleaning: [RBLBANK.NS] non-critical missing fields: ['ev_to_ebitda', 'return_on_equity', 'debt_to_equity']
2026-08-17 03:54:22,770 [INFO] src.cleaning: [RELAXO.NS] non-critical missing fields: ['ev_to_ebitda', 'return_on_equity', 'total_debt']
2026-08-17 03:54:22,770 [INFO] src.cleaning: [RVNL.NS] non-critical missing fields: ['return_on_equity']
2026-08-17 03:54:22,770 [INFO] src.cleaning: [SAIL.NS] non-critical missing fields: ['return_on_equity']
2026-08-17 03:54:22,770 [INFO] src.cleaning: [SBICARD.NS] non-critical missing fields: ['ev_to_ebitda', 'return_on_equity']
2026-08-17 03:54:22,770 [INFO] src.cleaning: [SBILIFE.NS] non-critical missing fields: ['debt_to_equity']
2026-08-17 03:54:22,770 [INFO] src.cleaning: [SBIN.NS] non-critical missing fields: ['ev_to_ebitda', 'debt_to_equity']
2026-08-17 03:54:22,770 [INFO] src.cleaning: [SHREECEM.NS] non-critical missing fields: ['return_on_equity']
2026-08-17 03:54:22,770 [INFO] src.cleaning: [SHRIRAMFIN.NS] non-critical missing fields: ['ev_to_ebitda']
2026-08-17 03:54:22,770 [INFO] src.cleaning: [SIEMENS.NS] non-critical missing fields: ['return_on_equity']
2026-08-17 03:54:22,770 [INFO] src.cleaning: [SOBHA.NS] non-critical missing fields: ['return_on_equity']
2026-08-17 03:54:22,770 [INFO] src.cleaning: [SRF.NS] non-critical missing fields: ['return_on_equity']
2026-08-17 03:54:22,770 [INFO] src.cleaning: [SUNDRMFAST.NS] non-critical missing fields: ['return_on_equity']
2026-08-17 03:54:22,771 [INFO] src.cleaning: [SUNPHARMA.NS] non-critical missing fields: ['return_on_equity']
2026-08-17 03:54:22,771 [INFO] src.cleaning: [SUPREMEIND.NS] non-critical missing fields: ['return_on_equity']
2026-08-17 03:54:22,771 [INFO] src.cleaning: [TATACHEM.NS] non-critical missing fields: ['trailing_pe', 'return_on_equity']
2026-08-17 03:54:22,771 [INFO] src.cleaning: [TATACONSUM.NS] non-critical missing fields: ['return_on_equity']
2026-08-17 03:54:22,771 [INFO] src.cleaning: [TATAELXSI.NS] non-critical missing fields: ['return_on_equity']
2026-08-17 03:54:22,771 [INFO] src.cleaning: [TATAPOWER.NS] non-critical missing fields: ['return_on_equity']
2026-08-17 03:54:22,771 [INFO] src.cleaning: [TATASTEEL.NS] non-critical missing fields: ['return_on_equity']
2026-08-17 03:54:22,771 [INFO] src.cleaning: [TECHM.NS] non-critical missing fields: ['return_on_equity']
2026-08-17 03:54:22,771 [INFO] src.cleaning: [THERMAX.NS] non-critical missing fields: ['return_on_equity']
2026-08-17 03:54:22,771 [INFO] src.cleaning: [TIMKEN.NS] non-critical missing fields: ['return_on_equity']
2026-08-17 03:54:22,771 [INFO] src.cleaning: [TITAN.NS] non-critical missing fields: ['return_on_equity']
2026-08-17 03:54:22,771 [INFO] src.cleaning: [TMCV.NS] non-critical missing fields: ['return_on_equity']
2026-08-17 03:54:22,771 [INFO] src.cleaning: [TMPV.NS] non-critical missing fields: ['trailing_pe', 'return_on_equity']
2026-08-17 03:54:22,771 [INFO] src.cleaning: [TORNTPHARM.NS] non-critical missing fields: ['return_on_equity']
2026-08-17 03:54:22,771 [INFO] src.cleaning: [TORNTPOWER.NS] non-critical missing fields: ['return_on_equity']
2026-08-17 03:54:22,771 [INFO] src.cleaning: [TRENT.NS] non-critical missing fields: ['return_on_equity']
2026-08-17 03:54:22,771 [INFO] src.cleaning: [UCOBANK.NS] non-critical missing fields: ['ev_to_ebitda', 'debt_to_equity']
2026-08-17 03:54:22,771 [INFO] src.cleaning: [ULTRACEMCO.NS] non-critical missing fields: ['return_on_equity']
2026-08-17 03:54:22,771 [INFO] src.cleaning: [UNIONBANK.NS] non-critical missing fields: ['ev_to_ebitda', 'debt_to_equity', 'revenue_growth', 'total_debt']
2026-08-17 03:54:22,771 [INFO] src.cleaning: [UNITDSPR.NS] non-critical missing fields: ['return_on_equity']
2026-08-17 03:54:22,771 [INFO] src.cleaning: [UNOMINDA.NS] non-critical missing fields: ['return_on_equity']
2026-08-17 03:54:22,771 [INFO] src.cleaning: [UPL.NS] non-critical missing fields: ['return_on_equity']
2026-08-17 03:54:22,771 [INFO] src.cleaning: [VEDL.NS] non-critical missing fields: ['return_on_equity']
2026-08-17 03:54:22,771 [INFO] src.cleaning: [WELCORP.NS] non-critical missing fields: ['return_on_equity']
2026-08-17 03:54:22,771 [INFO] src.cleaning: [WHIRLPOOL.NS] non-critical missing fields: ['return_on_equity']
2026-08-17 03:54:22,772 [INFO] src.cleaning: [ZEEL.NS] non-critical missing fields: ['return_on_equity']
2026-08-17 03:54:22,779 [INFO] src.cleaning: Cleaned 191/201 tickers -> data/processed/cleaned_universe.csv
2026-08-17 03:54:22,779 [INFO] src.cleaning: Full flag audit trail -> data/processed/cleaning_flags.csv
2026-08-17 03:54:22,779 [INFO] __main__: Cleaning validation passed: 191/201 tickers retained (95%)
2026-08-17 03:54:22,779 [INFO] __main__: === Stage 3/8: Scoring ===
2026-08-17 03:54:22,833 [INFO] src.scoring: Scored 191 companies -> data/processed/scored_universe.csv
2026-08-17 03:54:22,833 [INFO] src.scoring: Top 10 shortlist -> data/processed/shortlist_top_n.csv
2026-08-17 03:54:22,834 [WARNING] src.scoring: 24 companies scored on fewer than all 4 buckets (reweighted, not zero-filled) — see 'buckets_used' column: ['IOB.NS', 'UNIONBANK.NS', 'BANKINDIA.NS', 'CANBK.NS', 'ICICIGI.NS', 'PNB.NS', 'IDEA.NS', 'GICRE.NS', 'FEDERALBNK.NS', 'UCOBANK.NS', 'BANKBARODA.NS', 'AXISBANK.NS', 'KOTAKBANK.NS', 'SBIN.NS', 'ICICIBANK.NS', 'CENTRALBK.NS', 'SBILIFE.NS', 'HDFCBANK.NS', 'AUBANK.NS', 'BANDHANBNK.NS', 'GMRAIRPORT.NS', 'IDFCFIRSTB.NS', 'RBLBANK.NS', 'INDUSINDBK.NS']
2026-08-17 03:54:22,835 [INFO] __main__: Scoring validation passed: 191 companies ranked, all scores in valid range
2026-08-17 03:54:22,835 [INFO] __main__: === Stage 4/8: Comps + DuPont ===
2026-08-17 03:54:22,845 [INFO] src.comps_dupont: Comps + DuPont report for top 10 -> data/processed/comps_dupont_report.csv
2026-08-17 03:54:22,846 [WARNING] src.comps_dupont: 1 companies have a DuPont-implied ROE that diverges >5pp from reported ROE (possible data inconsistency, worth a manual check): ['IOB.NS']
2026-08-17 03:54:22,846 [INFO] __main__: === Stage 5/8: Explainability ===
2026-08-17 03:54:22,878 [INFO] src.explainability: Explanations for top 10 companies -> data/processed/explanations.csv
2026-08-17 03:54:22,878 [INFO] __main__: === Stage 6/8: Baseline Comparison ===
2026-08-17 03:54:22,885 [INFO] src.baseline_comparison: Baseline comparison -> data/processed/baseline_comparison.csv
2026-08-17 03:54:22,885 [INFO] __main__: === Stage 7/8: Acquisition Likelihood ===
2026-08-17 03:54:22,888 [INFO] src.acquisition_likelihood: 2 companies excluded from acquisition-likelihood scoring (negative/zero equity — financial distress, not a value-target thesis): ['IDEA.NS', 'GMRAIRPORT.NS']
2026-08-17 03:54:22,898 [INFO] src.acquisition_likelihood: Acquisition likelihood scoring -> data/processed/acquisition_likelihood.csv
2026-08-17 03:54:22,898 [INFO] __main__: === Stage 8/8: Historical Snapshot ===
2026-08-17 03:54:22,905 [INFO] src.history_tracker: Recorded shortlist snapshot for 2026-08-17 (10 companies) -> data/history/shortlist_history.csv (5 distinct days tracked so far)
2026-08-17 03:54:22,910 [INFO] src.history_tracker: Recorded acquisition-likelihood snapshot for 2026-08-17 (10 companies) -> data/history/acquisition_likelihood_history.csv (5 distinct days tracked so far)
2026-08-17 03:54:22,910 [INFO] __main__: === Pipeline completed successfully ===
2026-08-17 03:54:22,910 [INFO] __main__:   ingestion: {'total': 201, 'ok': 200}
2026-08-17 03:54:22,910 [INFO] __main__:   cleaning: {'retained': 191, 'input': 201}
2026-08-17 03:54:22,910 [INFO] __main__:   scoring: {'ranked': 191}
2026-08-17 03:54:22,910 [INFO] __main__:   comps_dupont: {'companies': 10}
2026-08-17 03:54:22,910 [INFO] __main__:   explainability: {'companies': 10}
2026-08-17 03:54:22,910 [INFO] __main__:   baseline_comparison: {'correlation': np.float64(0.4641061658345932), 'overlap_pct': 0.1}
2026-08-17 03:54:22,910 [INFO] __main__:   acquisition_likelihood: {'companies': 10}
2026-08-17 03:54:22,910 [INFO] __main__:   history_tracker: {'recorded': True}
