2026-10-09 10:07:02,317 [INFO] __main__: Logging to file: logs/pipeline_run_2026-10-09T10-07-02Z.log
2026-10-09 10:07:02,317 [INFO] __main__: === Stage 1/8: Ingestion ===
2026-10-09 10:07:02,349 [INFO] src.ingestion: [ACC.NS] fetching fresh data
2026-10-09 10:07:04,332 [INFO] src.ingestion: [AMBUJACEM.NS] fetching fresh data
2026-10-09 10:07:05,398 [INFO] src.ingestion: [ULTRACEMCO.NS] fetching fresh data
2026-10-09 10:07:06,690 [INFO] src.ingestion: [SHREECEM.NS] fetching fresh data
2026-10-09 10:07:07,817 [INFO] src.ingestion: [JKCEMENT.NS] fetching fresh data
2026-10-09 10:07:08,901 [INFO] src.ingestion: [RAMCOCEM.NS] fetching fresh data
2026-10-09 10:07:10,308 [INFO] src.ingestion: [HEIDELBERG.NS] fetching fresh data
2026-10-09 10:07:11,521 [INFO] src.ingestion: [DALBHARAT.NS] fetching fresh data
2026-10-09 10:07:14,246 [INFO] src.ingestion: [INFY.NS] fetching fresh data
2026-10-09 10:07:15,469 [INFO] src.ingestion: [TCS.NS] fetching fresh data
2026-10-09 10:07:16,680 [INFO] src.ingestion: [WIPRO.NS] fetching fresh data
2026-10-09 10:07:17,854 [INFO] src.ingestion: [HCLTECH.NS] fetching fresh data
2026-10-09 10:07:19,013 [INFO] src.ingestion: [TECHM.NS] fetching fresh data
2026-10-09 10:07:20,224 [INFO] src.ingestion: [LTIM.NS] fetching fresh data
2026-10-09 10:07:20,582 [ERROR] yfinance: HTTP Error 404: {"quoteSummary":{"result":null,"error":{"code":"Not Found","description":"Quote not found for symbol: LTIM.NS"}}}
2026-10-09 10:07:20,862 [WARNING] src.ingestion: [LTIM.NS] attempt 1 failed: yfinance returned an empty info payload for LTIM.NS (no exception, but no usable data — likely a transient Yahoo-side issue or an invalid/delisted symbol)
2026-10-09 10:07:23,151 [ERROR] yfinance: HTTP Error 404: {"quoteSummary":{"result":null,"error":{"code":"Not Found","description":"Quote not found for symbol: LTIM.NS"}}}
2026-10-09 10:07:23,251 [WARNING] src.ingestion: [LTIM.NS] attempt 2 failed: yfinance returned an empty info payload for LTIM.NS (no exception, but no usable data — likely a transient Yahoo-side issue or an invalid/delisted symbol)
2026-10-09 10:07:27,567 [ERROR] yfinance: HTTP Error 404: {"quoteSummary":{"result":null,"error":{"code":"Not Found","description":"Quote not found for symbol: LTIM.NS"}}}
2026-10-09 10:07:27,665 [WARNING] src.ingestion: [LTIM.NS] attempt 3 failed: yfinance returned an empty info payload for LTIM.NS (no exception, but no usable data — likely a transient Yahoo-side issue or an invalid/delisted symbol)
2026-10-09 10:07:28,066 [INFO] src.ingestion: [PERSISTENT.NS] fetching fresh data
2026-10-09 10:07:29,390 [INFO] src.ingestion: [COFORGE.NS] fetching fresh data
2026-10-09 10:07:30,661 [INFO] src.ingestion: [MPHASIS.NS] fetching fresh data
2026-10-09 10:07:31,903 [INFO] src.ingestion: [LTTS.NS] fetching fresh data
2026-10-09 10:07:33,063 [INFO] src.ingestion: [TATAELXSI.NS] fetching fresh data
2026-10-09 10:07:34,348 [INFO] src.ingestion: [CYIENT.NS] fetching fresh data
2026-10-09 10:07:35,518 [INFO] src.ingestion: [KPITTECH.NS] fetching fresh data
2026-10-09 10:07:36,580 [INFO] src.ingestion: [HDFCBANK.NS] fetching fresh data
2026-10-09 10:07:37,792 [INFO] src.ingestion: [ICICIBANK.NS] fetching fresh data
2026-10-09 10:07:38,998 [INFO] src.ingestion: [SBIN.NS] fetching fresh data
2026-10-09 10:07:40,176 [INFO] src.ingestion: [AXISBANK.NS] fetching fresh data
2026-10-09 10:07:41,399 [INFO] src.ingestion: [KOTAKBANK.NS] fetching fresh data
2026-10-09 10:07:42,449 [INFO] src.ingestion: [INDUSINDBK.NS] fetching fresh data
2026-10-09 10:07:43,525 [INFO] src.ingestion: [FEDERALBNK.NS] fetching fresh data
2026-10-09 10:07:44,573 [INFO] src.ingestion: [BANDHANBNK.NS] fetching fresh data
2026-10-09 10:07:45,771 [INFO] src.ingestion: [IDFCFIRSTB.NS] fetching fresh data
2026-10-09 10:07:47,068 [INFO] src.ingestion: [PNB.NS] fetching fresh data
2026-10-09 10:07:48,246 [INFO] src.ingestion: [BANKBARODA.NS] fetching fresh data
2026-10-09 10:07:49,457 [INFO] src.ingestion: [CANBK.NS] fetching fresh data
2026-10-09 10:07:50,532 [INFO] src.ingestion: [UNIONBANK.NS] fetching fresh data
2026-10-09 10:07:51,545 [INFO] src.ingestion: [AUBANK.NS] fetching fresh data
2026-10-09 10:07:52,782 [INFO] src.ingestion: [RBLBANK.NS] fetching fresh data
2026-10-09 10:07:53,923 [INFO] src.ingestion: [BANKINDIA.NS] fetching fresh data
2026-10-09 10:07:55,231 [INFO] src.ingestion: [CENTRALBK.NS] fetching fresh data
2026-10-09 10:07:56,434 [INFO] src.ingestion: [IOB.NS] fetching fresh data
2026-10-09 10:07:57,706 [INFO] src.ingestion: [UCOBANK.NS] fetching fresh data
2026-10-09 10:07:58,909 [INFO] src.ingestion: [BAJFINANCE.NS] fetching fresh data
2026-10-09 10:08:00,064 [INFO] src.ingestion: [BAJAJFINSV.NS] fetching fresh data
2026-10-09 10:08:01,272 [INFO] src.ingestion: [CHOLAFIN.NS] fetching fresh data
2026-10-09 10:08:02,466 [INFO] src.ingestion: [MUTHOOTFIN.NS] fetching fresh data
2026-10-09 10:08:03,701 [INFO] src.ingestion: [LICHSGFIN.NS] fetching fresh data
2026-10-09 10:08:04,870 [INFO] src.ingestion: [SHRIRAMFIN.NS] fetching fresh data
2026-10-09 10:08:06,059 [INFO] src.ingestion: [PFC.NS] fetching fresh data
2026-10-09 10:08:07,310 [INFO] src.ingestion: [RECLTD.NS] fetching fresh data
2026-10-09 10:08:08,420 [INFO] src.ingestion: [IRFC.NS] fetching fresh data
2026-10-09 10:08:09,723 [INFO] src.ingestion: [HUDCO.NS] fetching fresh data
2026-10-09 10:08:10,751 [INFO] src.ingestion: [BAJAJHLDNG.NS] fetching fresh data
2026-10-09 10:08:11,970 [INFO] src.ingestion: [SBICARD.NS] fetching fresh data
2026-10-09 10:08:13,206 [INFO] src.ingestion: [MANAPPURAM.NS] fetching fresh data
2026-10-09 10:08:14,368 [INFO] src.ingestion: [POONAWALLA.NS] fetching fresh data
2026-10-09 10:08:15,610 [INFO] src.ingestion: [HDFCLIFE.NS] fetching fresh data
2026-10-09 10:08:16,744 [INFO] src.ingestion: [SBILIFE.NS] fetching fresh data
2026-10-09 10:08:17,967 [INFO] src.ingestion: [ICICIPRULI.NS] fetching fresh data
2026-10-09 10:08:19,130 [INFO] src.ingestion: [ICICIGI.NS] fetching fresh data
2026-10-09 10:08:20,375 [INFO] src.ingestion: [LICI.NS] fetching fresh data
2026-10-09 10:08:21,623 [INFO] src.ingestion: [GICRE.NS] fetching fresh data
2026-10-09 10:08:22,677 [INFO] src.ingestion: [MARUTI.NS] fetching fresh data
2026-10-09 10:08:23,958 [INFO] src.ingestion: [TMPV.NS] fetching fresh data
2026-10-09 10:08:25,305 [INFO] src.ingestion: [TMCV.NS] fetching fresh data
2026-10-09 10:08:26,458 [INFO] src.ingestion: [M&M.NS] fetching fresh data
2026-10-09 10:08:27,704 [INFO] src.ingestion: [EICHERMOT.NS] fetching fresh data
2026-10-09 10:08:28,946 [INFO] src.ingestion: [HEROMOTOCO.NS] fetching fresh data
2026-10-09 10:08:30,256 [INFO] src.ingestion: [BAJAJ-AUTO.NS] fetching fresh data
2026-10-09 10:08:31,406 [INFO] src.ingestion: [TVSMOTOR.NS] fetching fresh data
2026-10-09 10:08:32,643 [INFO] src.ingestion: [ASHOKLEY.NS] fetching fresh data
2026-10-09 10:08:33,878 [INFO] src.ingestion: [BHARATFORG.NS] fetching fresh data
2026-10-09 10:08:35,146 [INFO] src.ingestion: [MOTHERSON.NS] fetching fresh data
2026-10-09 10:08:36,396 [INFO] src.ingestion: [BOSCHLTD.NS] fetching fresh data
2026-10-09 10:08:37,516 [INFO] src.ingestion: [MRF.NS] fetching fresh data
2026-10-09 10:08:38,840 [INFO] src.ingestion: [ENDURANCE.NS] fetching fresh data
2026-10-09 10:08:40,045 [INFO] src.ingestion: [EXIDEIND.NS] fetching fresh data
2026-10-09 10:08:41,444 [INFO] src.ingestion: [ARE&M.NS] fetching fresh data
2026-10-09 10:08:42,578 [INFO] src.ingestion: [SUNDRMFAST.NS] fetching fresh data
2026-10-09 10:08:43,720 [INFO] src.ingestion: [UNOMINDA.NS] fetching fresh data
2026-10-09 10:08:44,877 [INFO] src.ingestion: [SUNPHARMA.NS] fetching fresh data
2026-10-09 10:08:46,065 [INFO] src.ingestion: [DRREDDY.NS] fetching fresh data
2026-10-09 10:08:47,322 [INFO] src.ingestion: [CIPLA.NS] fetching fresh data
2026-10-09 10:08:48,551 [INFO] src.ingestion: [DIVISLAB.NS] fetching fresh data
2026-10-09 10:08:49,827 [INFO] src.ingestion: [LUPIN.NS] fetching fresh data
2026-10-09 10:08:51,094 [INFO] src.ingestion: [AUROPHARMA.NS] fetching fresh data
2026-10-09 10:08:52,237 [INFO] src.ingestion: [BIOCON.NS] fetching fresh data
2026-10-09 10:08:53,352 [INFO] src.ingestion: [TORNTPHARM.NS] fetching fresh data
2026-10-09 10:08:54,622 [INFO] src.ingestion: [ALKEM.NS] fetching fresh data
2026-10-09 10:08:55,882 [INFO] src.ingestion: [ABBOTINDIA.NS] fetching fresh data
2026-10-09 10:08:56,956 [INFO] src.ingestion: [APOLLOHOSP.NS] fetching fresh data
2026-10-09 10:08:58,204 [INFO] src.ingestion: [FORTIS.NS] fetching fresh data
2026-10-09 10:08:59,297 [INFO] src.ingestion: [LALPATHLAB.NS] fetching fresh data
2026-10-09 10:09:00,576 [INFO] src.ingestion: [METROPOLIS.NS] fetching fresh data
2026-10-09 10:09:01,806 [INFO] src.ingestion: [GLAND.NS] fetching fresh data
2026-10-09 10:09:02,929 [INFO] src.ingestion: [LAURUSLABS.NS] fetching fresh data
2026-10-09 10:09:03,974 [INFO] src.ingestion: [GLENMARK.NS] fetching fresh data
2026-10-09 10:09:05,222 [INFO] src.ingestion: [IPCALAB.NS] fetching fresh data
2026-10-09 10:09:06,553 [INFO] src.ingestion: [HINDUNILVR.NS] fetching fresh data
2026-10-09 10:09:07,853 [INFO] src.ingestion: [ITC.NS] fetching fresh data
2026-10-09 10:09:09,100 [INFO] src.ingestion: [NESTLEIND.NS] fetching fresh data
2026-10-09 10:09:10,467 [INFO] src.ingestion: [BRITANNIA.NS] fetching fresh data
2026-10-09 10:09:11,680 [INFO] src.ingestion: [DABUR.NS] fetching fresh data
2026-10-09 10:09:13,047 [INFO] src.ingestion: [GODREJCP.NS] fetching fresh data
2026-10-09 10:09:14,303 [INFO] src.ingestion: [MARICO.NS] fetching fresh data
2026-10-09 10:09:15,397 [INFO] src.ingestion: [COLPAL.NS] fetching fresh data
2026-10-09 10:09:16,560 [INFO] src.ingestion: [TATACONSUM.NS] fetching fresh data
2026-10-09 10:09:17,663 [INFO] src.ingestion: [VBL.NS] fetching fresh data
2026-10-09 10:09:18,772 [INFO] src.ingestion: [UNITDSPR.NS] fetching fresh data
2026-10-09 10:09:19,979 [INFO] src.ingestion: [EMAMILTD.NS] fetching fresh data
2026-10-09 10:09:21,331 [INFO] src.ingestion: [TATASTEEL.NS] fetching fresh data
2026-10-09 10:09:22,480 [INFO] src.ingestion: [JSWSTEEL.NS] fetching fresh data
2026-10-09 10:09:23,608 [INFO] src.ingestion: [HINDALCO.NS] fetching fresh data
2026-10-09 10:09:24,674 [INFO] src.ingestion: [VEDL.NS] fetching fresh data
2026-10-09 10:09:25,910 [INFO] src.ingestion: [COALINDIA.NS] fetching fresh data
2026-10-09 10:09:27,058 [INFO] src.ingestion: [NMDC.NS] fetching fresh data
2026-10-09 10:09:28,540 [INFO] src.ingestion: [SAIL.NS] fetching fresh data
2026-10-09 10:09:29,667 [INFO] src.ingestion: [JINDALSTEL.NS] fetching fresh data
2026-10-09 10:09:30,875 [INFO] src.ingestion: [APLAPOLLO.NS] fetching fresh data
2026-10-09 10:09:31,921 [INFO] src.ingestion: [NATIONALUM.NS] fetching fresh data
2026-10-09 10:09:33,187 [INFO] src.ingestion: [HINDCOPPER.NS] fetching fresh data
2026-10-09 10:09:34,539 [INFO] src.ingestion: [RATNAMANI.NS] fetching fresh data
2026-10-09 10:09:35,640 [INFO] src.ingestion: [HINDZINC.NS] fetching fresh data
2026-10-09 10:09:36,926 [INFO] src.ingestion: [WELCORP.NS] fetching fresh data
2026-10-09 10:09:38,125 [INFO] src.ingestion: [JSL.NS] fetching fresh data
2026-10-09 10:09:39,289 [INFO] src.ingestion: [RELIANCE.NS] fetching fresh data
2026-10-09 10:09:40,429 [INFO] src.ingestion: [ONGC.NS] fetching fresh data
2026-10-09 10:09:41,721 [INFO] src.ingestion: [BPCL.NS] fetching fresh data
2026-10-09 10:09:42,947 [INFO] src.ingestion: [IOC.NS] fetching fresh data
2026-10-09 10:09:44,133 [INFO] src.ingestion: [GAIL.NS] fetching fresh data
2026-10-09 10:09:45,390 [INFO] src.ingestion: [NTPC.NS] fetching fresh data
2026-10-09 10:09:46,721 [INFO] src.ingestion: [POWERGRID.NS] fetching fresh data
2026-10-09 10:09:47,957 [INFO] src.ingestion: [TATAPOWER.NS] fetching fresh data
2026-10-09 10:09:49,130 [INFO] src.ingestion: [ADANIGREEN.NS] fetching fresh data
2026-10-09 10:09:50,463 [INFO] src.ingestion: [ADANIPOWER.NS] fetching fresh data
2026-10-09 10:09:51,818 [INFO] src.ingestion: [TORNTPOWER.NS] fetching fresh data
2026-10-09 10:09:53,094 [INFO] src.ingestion: [LT.NS] fetching fresh data
2026-10-09 10:09:54,196 [INFO] src.ingestion: [SIEMENS.NS] fetching fresh data
2026-10-09 10:09:55,283 [INFO] src.ingestion: [ABB.NS] fetching fresh data
2026-10-09 10:09:56,446 [INFO] src.ingestion: [HAL.NS] fetching fresh data
2026-10-09 10:09:57,651 [INFO] src.ingestion: [BEL.NS] fetching fresh data
2026-10-09 10:09:58,880 [INFO] src.ingestion: [BHEL.NS] fetching fresh data
2026-10-09 10:10:00,122 [INFO] src.ingestion: [CUMMINSIND.NS] fetching fresh data
2026-10-09 10:10:01,253 [INFO] src.ingestion: [THERMAX.NS] fetching fresh data
2026-10-09 10:10:02,566 [INFO] src.ingestion: [POLYCAB.NS] fetching fresh data
2026-10-09 10:10:03,785 [INFO] src.ingestion: [KEI.NS] fetching fresh data
2026-10-09 10:10:04,970 [INFO] src.ingestion: [HAVELLS.NS] fetching fresh data
2026-10-09 10:10:06,128 [INFO] src.ingestion: [CROMPTON.NS] fetching fresh data
2026-10-09 10:10:07,353 [INFO] src.ingestion: [SUPREMEIND.NS] fetching fresh data
2026-10-09 10:10:08,665 [INFO] src.ingestion: [ASTRAL.NS] fetching fresh data
2026-10-09 10:10:09,969 [INFO] src.ingestion: [GRINDWELL.NS] fetching fresh data
2026-10-09 10:10:11,255 [INFO] src.ingestion: [CARBORUNIV.NS] fetching fresh data
2026-10-09 10:10:12,505 [INFO] src.ingestion: [TIMKEN.NS] fetching fresh data
2026-10-09 10:10:13,631 [INFO] src.ingestion: [SKFINDIA.NS] fetching fresh data
2026-10-09 10:10:14,678 [INFO] src.ingestion: [SRF.NS] fetching fresh data
2026-10-09 10:10:15,967 [INFO] src.ingestion: [PIIND.NS] fetching fresh data
2026-10-09 10:10:17,204 [INFO] src.ingestion: [DEEPAKNTR.NS] fetching fresh data
2026-10-09 10:10:18,393 [INFO] src.ingestion: [AARTIIND.NS] fetching fresh data
2026-10-09 10:10:19,686 [INFO] src.ingestion: [NAVINFLUOR.NS] fetching fresh data
2026-10-09 10:10:20,770 [INFO] src.ingestion: [UPL.NS] fetching fresh data
2026-10-09 10:10:22,102 [INFO] src.ingestion: [COROMANDEL.NS] fetching fresh data
2026-10-09 10:10:23,328 [INFO] src.ingestion: [CHAMBLFERT.NS] fetching fresh data
2026-10-09 10:10:24,530 [INFO] src.ingestion: [GNFC.NS] fetching fresh data
2026-10-09 10:10:25,738 [INFO] src.ingestion: [PIDILITIND.NS] fetching fresh data
2026-10-09 10:10:26,943 [INFO] src.ingestion: [TATACHEM.NS] fetching fresh data
2026-10-09 10:10:28,172 [INFO] src.ingestion: [GHCL.NS] fetching fresh data
2026-10-09 10:10:29,409 [INFO] src.ingestion: [TITAN.NS] fetching fresh data
2026-10-09 10:10:30,784 [INFO] src.ingestion: [DMART.NS] fetching fresh data
2026-10-09 10:10:31,908 [INFO] src.ingestion: [TRENT.NS] fetching fresh data
2026-10-09 10:10:33,142 [INFO] src.ingestion: [BATAINDIA.NS] fetching fresh data
2026-10-09 10:10:34,407 [INFO] src.ingestion: [PAGEIND.NS] fetching fresh data
2026-10-09 10:10:35,579 [INFO] src.ingestion: [JUBLFOOD.NS] fetching fresh data
2026-10-09 10:10:36,861 [INFO] src.ingestion: [VOLTAS.NS] fetching fresh data
2026-10-09 10:10:37,996 [INFO] src.ingestion: [DIXON.NS] fetching fresh data
2026-10-09 10:10:39,350 [INFO] src.ingestion: [RELAXO.NS] fetching fresh data
2026-10-09 10:10:40,552 [INFO] src.ingestion: [KAJARIACER.NS] fetching fresh data
2026-10-09 10:10:41,715 [INFO] src.ingestion: [WHIRLPOOL.NS] fetching fresh data
2026-10-09 10:10:42,886 [INFO] src.ingestion: [BLUESTARCO.NS] fetching fresh data
2026-10-09 10:10:44,079 [INFO] src.ingestion: [PGHH.NS] fetching fresh data
2026-10-09 10:10:45,282 [INFO] src.ingestion: [GILLETTE.NS] fetching fresh data
2026-10-09 10:10:46,434 [INFO] src.ingestion: [BHARTIARTL.NS] fetching fresh data
2026-10-09 10:10:47,613 [INFO] src.ingestion: [IDEA.NS] fetching fresh data
2026-10-09 10:10:48,814 [INFO] src.ingestion: [INDUSTOWER.NS] fetching fresh data
2026-10-09 10:10:50,138 [INFO] src.ingestion: [PVRINOX.NS] fetching fresh data
2026-10-09 10:10:51,387 [INFO] src.ingestion: [ZEEL.NS] fetching fresh data
2026-10-09 10:10:52,657 [INFO] src.ingestion: [ADANIPORTS.NS] fetching fresh data
2026-10-09 10:10:53,774 [INFO] src.ingestion: [ADANIENT.NS] fetching fresh data
2026-10-09 10:10:54,932 [INFO] src.ingestion: [GMRAIRPORT.NS] fetching fresh data
2026-10-09 10:10:56,025 [INFO] src.ingestion: [CONCOR.NS] fetching fresh data
2026-10-09 10:10:57,139 [INFO] src.ingestion: [IRCTC.NS] fetching fresh data
2026-10-09 10:10:58,387 [INFO] src.ingestion: [INDIGO.NS] fetching fresh data
2026-10-09 10:10:59,485 [INFO] src.ingestion: [RVNL.NS] fetching fresh data
2026-10-09 10:11:00,745 [INFO] src.ingestion: [IRCON.NS] fetching fresh data
2026-10-09 10:11:01,977 [INFO] src.ingestion: [NBCC.NS] fetching fresh data
2026-10-09 10:11:03,243 [INFO] src.ingestion: [NCC.NS] fetching fresh data
2026-10-09 10:11:04,545 [INFO] src.ingestion: [MAZDOCK.NS] fetching fresh data
2026-10-09 10:11:05,618 [INFO] src.ingestion: [COCHINSHIP.NS] fetching fresh data
2026-10-09 10:11:06,857 [INFO] src.ingestion: [DLF.NS] fetching fresh data
2026-10-09 10:11:08,148 [INFO] src.ingestion: [GODREJPROP.NS] fetching fresh data
2026-10-09 10:11:09,302 [INFO] src.ingestion: [OBEROIRLTY.NS] fetching fresh data
2026-10-09 10:11:10,407 [INFO] src.ingestion: [PRESTIGE.NS] fetching fresh data
2026-10-09 10:11:11,577 [INFO] src.ingestion: [PHOENIXLTD.NS] fetching fresh data
2026-10-09 10:11:12,854 [INFO] src.ingestion: [SOBHA.NS] fetching fresh data
2026-10-09 10:11:14,088 [INFO] src.ingestion: Fetched 200/201 tickers successfully
2026-10-09 10:11:14,088 [WARNING] src.ingestion: Failed tickers (excluded from downstream, not silently zeroed): ['LTIM.NS']
2026-10-09 10:11:14,089 [INFO] __main__: Ingestion validation passed: 200/201 tickers (100%)
2026-10-09 10:11:14,089 [INFO] __main__: === Stage 2/8: Cleaning ===
2026-10-09 10:11:14,096 [WARNING] src.cleaning: [ASHOKLEY.NS] EXCLUDED: missing critical fields: ['market_cap']
2026-10-09 10:11:14,096 [WARNING] src.cleaning: [BOSCHLTD.NS] EXCLUDED: missing critical fields: ['market_cap']
2026-10-09 10:11:14,097 [WARNING] src.cleaning: [IOC.NS] EXCLUDED: missing critical fields: ['market_cap']
2026-10-09 10:11:14,097 [WARNING] src.cleaning: [JUBLFOOD.NS] EXCLUDED: missing critical fields: ['market_cap']
2026-10-09 10:11:14,097 [WARNING] src.cleaning: [LTIM.NS] EXCLUDED: ingestion failed: yfinance returned an empty info payload for LTIM.NS (no exception, but no usable data — likely a transient Yahoo-side issue or an invalid/delisted symbol)
2026-10-09 10:11:14,097 [WARNING] src.cleaning: [RECLTD.NS] EXCLUDED: missing critical fields: ['market_cap']
2026-10-09 10:11:14,097 [WARNING] src.cleaning: [RELIANCE.NS] EXCLUDED: missing critical fields: ['market_cap']
2026-10-09 10:11:14,097 [WARNING] src.cleaning: [TCS.NS] EXCLUDED: missing critical fields: ['market_cap']
2026-10-09 10:11:14,098 [WARNING] src.cleaning: [TVSMOTOR.NS] EXCLUDED: missing critical fields: ['market_cap']
2026-10-09 10:11:14,098 [INFO] src.cleaning: [AARTIIND.NS] non-critical missing fields: ['return_on_equity']
2026-10-09 10:11:14,098 [INFO] src.cleaning: [ABBOTINDIA.NS] non-critical missing fields: ['return_on_equity']
2026-10-09 10:11:14,098 [INFO] src.cleaning: [ACC.NS] non-critical missing fields: ['return_on_equity']
2026-10-09 10:11:14,098 [INFO] src.cleaning: [ADANIENT.NS] non-critical missing fields: ['return_on_equity']
2026-10-09 10:11:14,098 [INFO] src.cleaning: [ADANIGREEN.NS] non-critical missing fields: ['return_on_equity']
2026-10-09 10:11:14,098 [INFO] src.cleaning: [ADANIPORTS.NS] non-critical missing fields: ['return_on_equity']
2026-10-09 10:11:14,098 [INFO] src.cleaning: [ADANIPOWER.NS] non-critical missing fields: ['return_on_equity']
2026-10-09 10:11:14,098 [INFO] src.cleaning: [ALKEM.NS] non-critical missing fields: ['return_on_equity']
2026-10-09 10:11:14,098 [INFO] src.cleaning: [AMBUJACEM.NS] non-critical missing fields: ['return_on_equity']
2026-10-09 10:11:14,098 [INFO] src.cleaning: [APLAPOLLO.NS] non-critical missing fields: ['return_on_equity']
2026-10-09 10:11:14,098 [INFO] src.cleaning: [APOLLOHOSP.NS] non-critical missing fields: ['return_on_equity']
2026-10-09 10:11:14,098 [INFO] src.cleaning: [ARE&M.NS] non-critical missing fields: ['return_on_equity']
2026-10-09 10:11:14,098 [INFO] src.cleaning: [ASTRAL.NS] non-critical missing fields: ['return_on_equity']
2026-10-09 10:11:14,098 [INFO] src.cleaning: [AUBANK.NS] non-critical missing fields: ['ev_to_ebitda', 'return_on_equity', 'debt_to_equity']
2026-10-09 10:11:14,098 [INFO] src.cleaning: [AUROPHARMA.NS] non-critical missing fields: ['return_on_equity']
2026-10-09 10:11:14,098 [INFO] src.cleaning: [AXISBANK.NS] non-critical missing fields: ['ev_to_ebitda', 'debt_to_equity']
2026-10-09 10:11:14,099 [INFO] src.cleaning: [BAJAJ-AUTO.NS] non-critical missing fields: ['return_on_equity']
2026-10-09 10:11:14,099 [INFO] src.cleaning: [BAJAJFINSV.NS] non-critical missing fields: ['return_on_equity']
2026-10-09 10:11:14,099 [WARNING] src.cleaning: [BAJAJHLDNG.NS] outlier values flagged: ['net_margin']
2026-10-09 10:11:14,099 [INFO] src.cleaning: [BAJFINANCE.NS] non-critical missing fields: ['ev_to_ebitda', 'return_on_equity']
2026-10-09 10:11:14,099 [INFO] src.cleaning: [BANDHANBNK.NS] non-critical missing fields: ['ev_to_ebitda', 'return_on_equity', 'debt_to_equity']
2026-10-09 10:11:14,099 [INFO] src.cleaning: [BANKBARODA.NS] non-critical missing fields: ['ev_to_ebitda', 'debt_to_equity']
2026-10-09 10:11:14,099 [INFO] src.cleaning: [BANKINDIA.NS] non-critical missing fields: ['ev_to_ebitda', 'debt_to_equity']
2026-10-09 10:11:14,099 [INFO] src.cleaning: [BATAINDIA.NS] non-critical missing fields: ['return_on_equity']
2026-10-09 10:11:14,099 [INFO] src.cleaning: [BEL.NS] non-critical missing fields: ['return_on_equity']
2026-10-09 10:11:14,099 [INFO] src.cleaning: [BHARATFORG.NS] non-critical missing fields: ['return_on_equity']
2026-10-09 10:11:14,099 [INFO] src.cleaning: [BHEL.NS] non-critical missing fields: ['return_on_equity']
2026-10-09 10:11:14,099 [INFO] src.cleaning: [BIOCON.NS] non-critical missing fields: ['return_on_equity']
2026-10-09 10:11:14,099 [INFO] src.cleaning: [BLUESTARCO.NS] non-critical missing fields: ['return_on_equity']
2026-10-09 10:11:14,099 [INFO] src.cleaning: [BPCL.NS] non-critical missing fields: ['return_on_equity']
2026-10-09 10:11:14,099 [INFO] src.cleaning: [BRITANNIA.NS] non-critical missing fields: ['return_on_equity']
2026-10-09 10:11:14,099 [INFO] src.cleaning: [CANBK.NS] non-critical missing fields: ['ev_to_ebitda', 'return_on_equity', 'debt_to_equity']
2026-10-09 10:11:14,099 [INFO] src.cleaning: [CARBORUNIV.NS] non-critical missing fields: ['return_on_equity']
2026-10-09 10:11:14,099 [INFO] src.cleaning: [CENTRALBK.NS] non-critical missing fields: ['ev_to_ebitda', 'debt_to_equity']
2026-10-09 10:11:14,099 [INFO] src.cleaning: [CHAMBLFERT.NS] non-critical missing fields: ['return_on_equity']
2026-10-09 10:11:14,099 [INFO] src.cleaning: [CHOLAFIN.NS] non-critical missing fields: ['ev_to_ebitda', 'return_on_equity']
2026-10-09 10:11:14,099 [INFO] src.cleaning: [CIPLA.NS] non-critical missing fields: ['return_on_equity']
2026-10-09 10:11:14,099 [INFO] src.cleaning: [COALINDIA.NS] non-critical missing fields: ['return_on_equity']
2026-10-09 10:11:14,099 [INFO] src.cleaning: [COCHINSHIP.NS] non-critical missing fields: ['return_on_equity']
2026-10-09 10:11:14,099 [INFO] src.cleaning: [COFORGE.NS] non-critical missing fields: ['return_on_equity']
2026-10-09 10:11:14,099 [INFO] src.cleaning: [COLPAL.NS] non-critical missing fields: ['return_on_equity']
2026-10-09 10:11:14,099 [INFO] src.cleaning: [CONCOR.NS] non-critical missing fields: ['return_on_equity']
2026-10-09 10:11:14,099 [INFO] src.cleaning: [COROMANDEL.NS] non-critical missing fields: ['return_on_equity']
2026-10-09 10:11:14,099 [INFO] src.cleaning: [CROMPTON.NS] non-critical missing fields: ['trailing_pe', 'return_on_equity']
2026-10-09 10:11:14,099 [INFO] src.cleaning: [CUMMINSIND.NS] non-critical missing fields: ['return_on_equity']
2026-10-09 10:11:14,099 [INFO] src.cleaning: [CYIENT.NS] non-critical missing fields: ['return_on_equity']
2026-10-09 10:11:14,099 [INFO] src.cleaning: [DABUR.NS] non-critical missing fields: ['return_on_equity']
2026-10-09 10:11:14,099 [INFO] src.cleaning: [DALBHARAT.NS] non-critical missing fields: ['return_on_equity']
2026-10-09 10:11:14,100 [INFO] src.cleaning: [DEEPAKNTR.NS] non-critical missing fields: ['return_on_equity']
2026-10-09 10:11:14,100 [INFO] src.cleaning: [DIVISLAB.NS] non-critical missing fields: ['return_on_equity']
2026-10-09 10:11:14,100 [INFO] src.cleaning: [DIXON.NS] non-critical missing fields: ['return_on_equity']
2026-10-09 10:11:14,100 [INFO] src.cleaning: [DMART.NS] non-critical missing fields: ['return_on_equity']
2026-10-09 10:11:14,100 [INFO] src.cleaning: [EICHERMOT.NS] non-critical missing fields: ['return_on_equity']
2026-10-09 10:11:14,100 [INFO] src.cleaning: [EMAMILTD.NS] non-critical missing fields: ['return_on_equity']
2026-10-09 10:11:14,100 [INFO] src.cleaning: [ENDURANCE.NS] non-critical missing fields: ['return_on_equity']
2026-10-09 10:11:14,100 [INFO] src.cleaning: [EXIDEIND.NS] non-critical missing fields: ['return_on_equity']
2026-10-09 10:11:14,100 [INFO] src.cleaning: [FEDERALBNK.NS] non-critical missing fields: ['ev_to_ebitda', 'return_on_equity', 'debt_to_equity']
2026-10-09 10:11:14,100 [INFO] src.cleaning: [FORTIS.NS] non-critical missing fields: ['return_on_equity']
2026-10-09 10:11:14,100 [INFO] src.cleaning: [GAIL.NS] non-critical missing fields: ['return_on_equity']
2026-10-09 10:11:14,100 [INFO] src.cleaning: [GHCL.NS] non-critical missing fields: ['return_on_equity']
2026-10-09 10:11:14,100 [INFO] src.cleaning: [GICRE.NS] non-critical missing fields: ['ev_to_ebitda', 'debt_to_equity']
2026-10-09 10:11:14,100 [INFO] src.cleaning: [GILLETTE.NS] non-critical missing fields: ['return_on_equity']
2026-10-09 10:11:14,100 [INFO] src.cleaning: [GLAND.NS] non-critical missing fields: ['return_on_equity']
2026-10-09 10:11:14,100 [INFO] src.cleaning: [GLENMARK.NS] non-critical missing fields: ['return_on_equity']
2026-10-09 10:11:14,100 [WARNING] src.cleaning: [GMRAIRPORT.NS] negative/zero equity — DuPont ROE math will be invalid downstream
2026-10-09 10:11:14,100 [INFO] src.cleaning: [GMRAIRPORT.NS] non-critical missing fields: ['return_on_equity', 'debt_to_equity']
2026-10-09 10:11:14,100 [INFO] src.cleaning: [GNFC.NS] non-critical missing fields: ['return_on_equity']
2026-10-09 10:11:14,100 [INFO] src.cleaning: [GODREJCP.NS] non-critical missing fields: ['return_on_equity']
2026-10-09 10:11:14,100 [INFO] src.cleaning: [GODREJPROP.NS] non-critical missing fields: ['return_on_equity']
2026-10-09 10:11:14,100 [INFO] src.cleaning: [GRINDWELL.NS] non-critical missing fields: ['return_on_equity']
2026-10-09 10:11:14,100 [INFO] src.cleaning: [HAL.NS] non-critical missing fields: ['return_on_equity']
2026-10-09 10:11:14,100 [INFO] src.cleaning: [HAVELLS.NS] non-critical missing fields: ['return_on_equity']
2026-10-09 10:11:14,100 [WARNING] src.cleaning: [HCLTECH.NS] outlier values flagged: ['ev_to_ebitda']
2026-10-09 10:11:14,100 [INFO] src.cleaning: [HDFCBANK.NS] non-critical missing fields: ['ev_to_ebitda', 'debt_to_equity']
2026-10-09 10:11:14,100 [INFO] src.cleaning: [HEIDELBERG.NS] non-critical missing fields: ['return_on_equity']
2026-10-09 10:11:14,100 [INFO] src.cleaning: [HEROMOTOCO.NS] non-critical missing fields: ['return_on_equity']
2026-10-09 10:11:14,100 [INFO] src.cleaning: [HINDALCO.NS] non-critical missing fields: ['return_on_equity']
2026-10-09 10:11:14,100 [INFO] src.cleaning: [HINDCOPPER.NS] non-critical missing fields: ['return_on_equity']
2026-10-09 10:11:14,100 [INFO] src.cleaning: [HINDUNILVR.NS] non-critical missing fields: ['return_on_equity']
2026-10-09 10:11:14,100 [INFO] src.cleaning: [HINDZINC.NS] non-critical missing fields: ['return_on_equity']
2026-10-09 10:11:14,100 [INFO] src.cleaning: [HUDCO.NS] non-critical missing fields: ['ev_to_ebitda', 'return_on_equity']
2026-10-09 10:11:14,100 [INFO] src.cleaning: [ICICIBANK.NS] non-critical missing fields: ['ev_to_ebitda', 'debt_to_equity']
2026-10-09 10:11:14,100 [INFO] src.cleaning: [ICICIGI.NS] non-critical missing fields: ['debt_to_equity']
2026-10-09 10:11:14,100 [WARNING] src.cleaning: [IDEA.NS] negative/zero equity — DuPont ROE math will be invalid downstream
2026-10-09 10:11:14,100 [INFO] src.cleaning: [IDEA.NS] non-critical missing fields: ['return_on_equity', 'debt_to_equity']
2026-10-09 10:11:14,100 [INFO] src.cleaning: [IDFCFIRSTB.NS] non-critical missing fields: ['ev_to_ebitda', 'debt_to_equity']
2026-10-09 10:11:14,100 [WARNING] src.cleaning: [INDIGO.NS] outlier values flagged: ['debt_to_equity']
2026-10-09 10:11:14,100 [INFO] src.cleaning: [INDIGO.NS] non-critical missing fields: ['trailing_pe', 'return_on_equity']
2026-10-09 10:11:14,100 [INFO] src.cleaning: [INDUSINDBK.NS] non-critical missing fields: ['ev_to_ebitda', 'return_on_equity', 'debt_to_equity']
2026-10-09 10:11:14,100 [WARNING] src.cleaning: [INFY.NS] outlier values flagged: ['ev_to_ebitda']
2026-10-09 10:11:14,101 [INFO] src.cleaning: [IOB.NS] non-critical missing fields: ['ev_to_ebitda', 'debt_to_equity']
2026-10-09 10:11:14,101 [INFO] src.cleaning: [IPCALAB.NS] non-critical missing fields: ['return_on_equity']
2026-10-09 10:11:14,101 [INFO] src.cleaning: [IRCON.NS] non-critical missing fields: ['return_on_equity']
2026-10-09 10:11:14,101 [INFO] src.cleaning: [IRCTC.NS] non-critical missing fields: ['return_on_equity']
2026-10-09 10:11:14,101 [INFO] src.cleaning: [IRFC.NS] non-critical missing fields: ['ev_to_ebitda', 'return_on_equity']
2026-10-09 10:11:14,101 [INFO] src.cleaning: [ITC.NS] non-critical missing fields: ['return_on_equity']
2026-10-09 10:11:14,101 [INFO] src.cleaning: [JINDALSTEL.NS] non-critical missing fields: ['return_on_equity']
2026-10-09 10:11:14,101 [INFO] src.cleaning: [JKCEMENT.NS] non-critical missing fields: ['return_on_equity']
2026-10-09 10:11:14,101 [INFO] src.cleaning: [JSL.NS] non-critical missing fields: ['return_on_equity']
2026-10-09 10:11:14,101 [INFO] src.cleaning: [JSWSTEEL.NS] non-critical missing fields: ['return_on_equity']
2026-10-09 10:11:14,101 [INFO] src.cleaning: [KAJARIACER.NS] non-critical missing fields: ['return_on_equity']
2026-10-09 10:11:14,101 [INFO] src.cleaning: [KEI.NS] non-critical missing fields: ['return_on_equity']
2026-10-09 10:11:14,101 [INFO] src.cleaning: [KOTAKBANK.NS] non-critical missing fields: ['ev_to_ebitda', 'return_on_equity', 'debt_to_equity']
2026-10-09 10:11:14,101 [INFO] src.cleaning: [KPITTECH.NS] non-critical missing fields: ['return_on_equity']
2026-10-09 10:11:14,101 [INFO] src.cleaning: [LALPATHLAB.NS] non-critical missing fields: ['return_on_equity']
2026-10-09 10:11:14,101 [INFO] src.cleaning: [LAURUSLABS.NS] non-critical missing fields: ['return_on_equity']
2026-10-09 10:11:14,101 [INFO] src.cleaning: [LICHSGFIN.NS] non-critical missing fields: ['ev_to_ebitda', 'return_on_equity']
2026-10-09 10:11:14,101 [INFO] src.cleaning: [LICI.NS] non-critical missing fields: ['return_on_equity']
2026-10-09 10:11:14,101 [INFO] src.cleaning: [LTTS.NS] non-critical missing fields: ['return_on_equity']
2026-10-09 10:11:14,101 [INFO] src.cleaning: [LT.NS] non-critical missing fields: ['return_on_equity']
2026-10-09 10:11:14,101 [INFO] src.cleaning: [LUPIN.NS] non-critical missing fields: ['return_on_equity']
2026-10-09 10:11:14,101 [INFO] src.cleaning: [M&M.NS] non-critical missing fields: ['return_on_equity']
2026-10-09 10:11:14,101 [INFO] src.cleaning: [MANAPPURAM.NS] non-critical missing fields: ['ev_to_ebitda', 'return_on_equity']
2026-10-09 10:11:14,101 [INFO] src.cleaning: [MARICO.NS] non-critical missing fields: ['return_on_equity']
2026-10-09 10:11:14,101 [INFO] src.cleaning: [MARUTI.NS] non-critical missing fields: ['return_on_equity']
2026-10-09 10:11:14,101 [INFO] src.cleaning: [MAZDOCK.NS] non-critical missing fields: ['return_on_equity']
2026-10-09 10:11:14,101 [INFO] src.cleaning: [METROPOLIS.NS] non-critical missing fields: ['return_on_equity']
2026-10-09 10:11:14,101 [INFO] src.cleaning: [MOTHERSON.NS] non-critical missing fields: ['return_on_equity']
2026-10-09 10:11:14,101 [INFO] src.cleaning: [MRF.NS] non-critical missing fields: ['return_on_equity']
2026-10-09 10:11:14,101 [INFO] src.cleaning: [MUTHOOTFIN.NS] non-critical missing fields: ['ev_to_ebitda']
2026-10-09 10:11:14,101 [INFO] src.cleaning: [NATIONALUM.NS] non-critical missing fields: ['return_on_equity']
2026-10-09 10:11:14,101 [INFO] src.cleaning: [NAVINFLUOR.NS] non-critical missing fields: ['return_on_equity']
2026-10-09 10:11:14,101 [INFO] src.cleaning: [NBCC.NS] non-critical missing fields: ['return_on_equity']
2026-10-09 10:11:14,101 [INFO] src.cleaning: [NCC.NS] non-critical missing fields: ['return_on_equity']
2026-10-09 10:11:14,101 [INFO] src.cleaning: [NESTLEIND.NS] non-critical missing fields: ['return_on_equity']
2026-10-09 10:11:14,102 [INFO] src.cleaning: [NMDC.NS] non-critical missing fields: ['return_on_equity']
2026-10-09 10:11:14,102 [INFO] src.cleaning: [NTPC.NS] non-critical missing fields: ['return_on_equity']
2026-10-09 10:11:14,102 [INFO] src.cleaning: [OBEROIRLTY.NS] non-critical missing fields: ['return_on_equity']
2026-10-09 10:11:14,102 [INFO] src.cleaning: [ONGC.NS] non-critical missing fields: ['return_on_equity']
2026-10-09 10:11:14,102 [INFO] src.cleaning: [PAGEIND.NS] non-critical missing fields: ['return_on_equity']
2026-10-09 10:11:14,102 [INFO] src.cleaning: [PFC.NS] non-critical missing fields: ['ev_to_ebitda', 'return_on_equity']
2026-10-09 10:11:14,102 [INFO] src.cleaning: [PGHH.NS] non-critical missing fields: ['return_on_equity']
2026-10-09 10:11:14,102 [INFO] src.cleaning: [PHOENIXLTD.NS] non-critical missing fields: ['return_on_equity']
2026-10-09 10:11:14,102 [INFO] src.cleaning: [PIDILITIND.NS] non-critical missing fields: ['return_on_equity']
2026-10-09 10:11:14,102 [INFO] src.cleaning: [PIIND.NS] non-critical missing fields: ['return_on_equity']
2026-10-09 10:11:14,102 [INFO] src.cleaning: [PNB.NS] non-critical missing fields: ['ev_to_ebitda', 'debt_to_equity']
2026-10-09 10:11:14,102 [INFO] src.cleaning: [POONAWALLA.NS] non-critical missing fields: ['ev_to_ebitda', 'return_on_equity']
2026-10-09 10:11:14,102 [INFO] src.cleaning: [POWERGRID.NS] non-critical missing fields: ['return_on_equity']
2026-10-09 10:11:14,102 [INFO] src.cleaning: [PVRINOX.NS] non-critical missing fields: ['return_on_equity']
2026-10-09 10:11:14,102 [INFO] src.cleaning: [RAMCOCEM.NS] non-critical missing fields: ['return_on_equity']
2026-10-09 10:11:14,102 [INFO] src.cleaning: [RATNAMANI.NS] non-critical missing fields: ['return_on_equity']
2026-10-09 10:11:14,102 [INFO] src.cleaning: [RBLBANK.NS] non-critical missing fields: ['ev_to_ebitda', 'return_on_equity', 'debt_to_equity']
2026-10-09 10:11:14,102 [INFO] src.cleaning: [RELAXO.NS] non-critical missing fields: ['return_on_equity']
2026-10-09 10:11:14,102 [INFO] src.cleaning: [RVNL.NS] non-critical missing fields: ['return_on_equity']
2026-10-09 10:11:14,102 [INFO] src.cleaning: [SAIL.NS] non-critical missing fields: ['return_on_equity']
2026-10-09 10:11:14,102 [INFO] src.cleaning: [SBICARD.NS] non-critical missing fields: ['ev_to_ebitda', 'return_on_equity']
2026-10-09 10:11:14,103 [INFO] src.cleaning: [SBILIFE.NS] non-critical missing fields: ['debt_to_equity']
2026-10-09 10:11:14,103 [INFO] src.cleaning: [SBIN.NS] non-critical missing fields: ['ev_to_ebitda', 'debt_to_equity']
2026-10-09 10:11:14,103 [INFO] src.cleaning: [SHREECEM.NS] non-critical missing fields: ['return_on_equity']
2026-10-09 10:11:14,103 [INFO] src.cleaning: [SHRIRAMFIN.NS] non-critical missing fields: ['ev_to_ebitda']
2026-10-09 10:11:14,103 [INFO] src.cleaning: [SIEMENS.NS] non-critical missing fields: ['return_on_equity']
2026-10-09 10:11:14,103 [INFO] src.cleaning: [SKFINDIA.NS] non-critical missing fields: ['return_on_equity']
2026-10-09 10:11:14,103 [INFO] src.cleaning: [SOBHA.NS] non-critical missing fields: ['return_on_equity']
2026-10-09 10:11:14,103 [INFO] src.cleaning: [SRF.NS] non-critical missing fields: ['return_on_equity']
2026-10-09 10:11:14,103 [INFO] src.cleaning: [SUNDRMFAST.NS] non-critical missing fields: ['return_on_equity']
2026-10-09 10:11:14,103 [INFO] src.cleaning: [SUNPHARMA.NS] non-critical missing fields: ['return_on_equity']
2026-10-09 10:11:14,103 [INFO] src.cleaning: [SUPREMEIND.NS] non-critical missing fields: ['return_on_equity']
2026-10-09 10:11:14,103 [INFO] src.cleaning: [TATACHEM.NS] non-critical missing fields: ['trailing_pe', 'return_on_equity']
2026-10-09 10:11:14,103 [INFO] src.cleaning: [TATACONSUM.NS] non-critical missing fields: ['return_on_equity']
2026-10-09 10:11:14,103 [INFO] src.cleaning: [TATAELXSI.NS] non-critical missing fields: ['return_on_equity']
2026-10-09 10:11:14,103 [INFO] src.cleaning: [TATAPOWER.NS] non-critical missing fields: ['return_on_equity']
2026-10-09 10:11:14,103 [INFO] src.cleaning: [TATASTEEL.NS] non-critical missing fields: ['return_on_equity']
2026-10-09 10:11:14,103 [INFO] src.cleaning: [TECHM.NS] non-critical missing fields: ['return_on_equity']
2026-10-09 10:11:14,103 [INFO] src.cleaning: [THERMAX.NS] non-critical missing fields: ['return_on_equity']
2026-10-09 10:11:14,103 [INFO] src.cleaning: [TIMKEN.NS] non-critical missing fields: ['return_on_equity']
2026-10-09 10:11:14,103 [INFO] src.cleaning: [TITAN.NS] non-critical missing fields: ['return_on_equity']
2026-10-09 10:11:14,103 [INFO] src.cleaning: [TMCV.NS] non-critical missing fields: ['return_on_equity']
2026-10-09 10:11:14,103 [INFO] src.cleaning: [TMPV.NS] non-critical missing fields: ['trailing_pe', 'return_on_equity']
2026-10-09 10:11:14,103 [INFO] src.cleaning: [TORNTPHARM.NS] non-critical missing fields: ['return_on_equity']
2026-10-09 10:11:14,103 [INFO] src.cleaning: [TORNTPOWER.NS] non-critical missing fields: ['return_on_equity']
2026-10-09 10:11:14,103 [INFO] src.cleaning: [TRENT.NS] non-critical missing fields: ['return_on_equity']
2026-10-09 10:11:14,103 [INFO] src.cleaning: [UCOBANK.NS] non-critical missing fields: ['ev_to_ebitda', 'debt_to_equity']
2026-10-09 10:11:14,103 [INFO] src.cleaning: [ULTRACEMCO.NS] non-critical missing fields: ['return_on_equity']
2026-10-09 10:11:14,103 [INFO] src.cleaning: [UNIONBANK.NS] non-critical missing fields: ['ev_to_ebitda', 'debt_to_equity']
2026-10-09 10:11:14,103 [INFO] src.cleaning: [UNITDSPR.NS] non-critical missing fields: ['return_on_equity']
2026-10-09 10:11:14,103 [INFO] src.cleaning: [UNOMINDA.NS] non-critical missing fields: ['return_on_equity']
2026-10-09 10:11:14,103 [INFO] src.cleaning: [UPL.NS] non-critical missing fields: ['return_on_equity']
2026-10-09 10:11:14,103 [INFO] src.cleaning: [VEDL.NS] non-critical missing fields: ['return_on_equity']
2026-10-09 10:11:14,103 [INFO] src.cleaning: [VOLTAS.NS] non-critical missing fields: ['return_on_equity']
2026-10-09 10:11:14,103 [INFO] src.cleaning: [WELCORP.NS] non-critical missing fields: ['return_on_equity']
2026-10-09 10:11:14,103 [INFO] src.cleaning: [WHIRLPOOL.NS] non-critical missing fields: ['return_on_equity']
2026-10-09 10:11:14,103 [INFO] src.cleaning: [ZEEL.NS] non-critical missing fields: ['return_on_equity']
2026-10-09 10:11:14,111 [INFO] src.cleaning: Cleaned 192/201 tickers -> data/processed/cleaned_universe.csv
2026-10-09 10:11:14,111 [INFO] src.cleaning: Full flag audit trail -> data/processed/cleaning_flags.csv
2026-10-09 10:11:14,111 [INFO] __main__: Cleaning validation passed: 192/201 tickers retained (96%)
2026-10-09 10:11:14,111 [INFO] __main__: === Stage 3/8: Scoring ===
2026-10-09 10:11:14,173 [INFO] src.scoring: Scored 192 companies -> data/processed/scored_universe.csv
2026-10-09 10:11:14,173 [INFO] src.scoring: Top 10 shortlist -> data/processed/shortlist_top_n.csv
2026-10-09 10:11:14,174 [WARNING] src.scoring: 24 companies scored on fewer than all 4 buckets (reweighted, not zero-filled) — see 'buckets_used' column: ['IOB.NS', 'BANKINDIA.NS', 'UNIONBANK.NS', 'CANBK.NS', 'IDEA.NS', 'ICICIGI.NS', 'PNB.NS', 'GICRE.NS', 'FEDERALBNK.NS', 'CENTRALBK.NS', 'BANKBARODA.NS', 'UCOBANK.NS', 'AXISBANK.NS', 'ICICIBANK.NS', 'SBIN.NS', 'KOTAKBANK.NS', 'HDFCBANK.NS', 'SBILIFE.NS', 'AUBANK.NS', 'BANDHANBNK.NS', 'GMRAIRPORT.NS', 'IDFCFIRSTB.NS', 'RBLBANK.NS', 'INDUSINDBK.NS']
2026-10-09 10:11:14,175 [INFO] __main__: Scoring validation passed: 192 companies ranked, all scores in valid range
2026-10-09 10:11:14,175 [INFO] __main__: === Stage 4/8: Comps + DuPont ===
2026-10-09 10:11:14,188 [INFO] src.comps_dupont: Comps + DuPont report for top 10 -> data/processed/comps_dupont_report.csv
2026-10-09 10:11:14,188 [WARNING] src.comps_dupont: 1 companies have a DuPont-implied ROE that diverges >5pp from reported ROE (possible data inconsistency, worth a manual check): ['IOB.NS']
2026-10-09 10:11:14,189 [INFO] __main__: === Stage 5/8: Explainability ===
2026-10-09 10:11:14,227 [INFO] src.explainability: Explanations for top 10 companies -> data/processed/explanations.csv
2026-10-09 10:11:14,227 [INFO] __main__: === Stage 6/8: Baseline Comparison ===
2026-10-09 10:11:14,234 [INFO] src.baseline_comparison: Baseline comparison -> data/processed/baseline_comparison.csv
2026-10-09 10:11:14,235 [INFO] __main__: === Stage 7/8: Acquisition Likelihood ===
2026-10-09 10:11:14,238 [INFO] src.acquisition_likelihood: 2 companies excluded from acquisition-likelihood scoring (negative/zero equity — financial distress, not a value-target thesis): ['IDEA.NS', 'GMRAIRPORT.NS']
2026-10-09 10:11:14,249 [INFO] src.acquisition_likelihood: Acquisition likelihood scoring -> data/processed/acquisition_likelihood.csv
2026-10-09 10:11:14,250 [INFO] __main__: === Stage 8/8: Historical Snapshot ===
2026-10-09 10:11:14,258 [INFO] src.history_tracker: Recorded shortlist snapshot for 2026-10-09 (10 companies) -> data/history/shortlist_history.csv (5 distinct days tracked so far)
2026-10-09 10:11:14,264 [INFO] src.history_tracker: Recorded acquisition-likelihood snapshot for 2026-10-09 (10 companies) -> data/history/acquisition_likelihood_history.csv (5 distinct days tracked so far)
2026-10-09 10:11:14,264 [INFO] __main__: === Pipeline completed successfully ===
2026-10-09 10:11:14,264 [INFO] __main__:   ingestion: {'total': 201, 'ok': 200}
2026-10-09 10:11:14,264 [INFO] __main__:   cleaning: {'retained': 192, 'input': 201}
2026-10-09 10:11:14,264 [INFO] __main__:   scoring: {'ranked': 192}
2026-10-09 10:11:14,264 [INFO] __main__:   comps_dupont: {'companies': 10}
2026-10-09 10:11:14,264 [INFO] __main__:   explainability: {'companies': 10}
2026-10-09 10:11:14,264 [INFO] __main__:   baseline_comparison: {'correlation': np.float64(0.4828224115353676), 'overlap_pct': 0.0}
2026-10-09 10:11:14,264 [INFO] __main__:   acquisition_likelihood: {'companies': 10}
2026-10-09 10:11:14,264 [INFO] __main__:   history_tracker: {'recorded': True}
