2026-10-01 09:48:22,065 [INFO] __main__: Logging to file: logs/pipeline_run_2026-10-01T09-48-22Z.log
2026-10-01 09:48:22,066 [INFO] __main__: === Stage 1/8: Ingestion ===
2026-10-01 09:48:22,097 [INFO] src.ingestion: [ACC.NS] fetching fresh data
2026-10-01 09:48:23,171 [INFO] src.ingestion: [AMBUJACEM.NS] fetching fresh data
2026-10-01 09:48:24,064 [INFO] src.ingestion: [ULTRACEMCO.NS] fetching fresh data
2026-10-01 09:48:24,801 [INFO] src.ingestion: [SHREECEM.NS] fetching fresh data
2026-10-01 09:48:25,489 [INFO] src.ingestion: [JKCEMENT.NS] fetching fresh data
2026-10-01 09:48:26,232 [INFO] src.ingestion: [RAMCOCEM.NS] fetching fresh data
2026-10-01 09:48:27,009 [INFO] src.ingestion: [HEIDELBERG.NS] fetching fresh data
2026-10-01 09:48:27,776 [INFO] src.ingestion: [DALBHARAT.NS] fetching fresh data
2026-10-01 09:48:28,509 [INFO] src.ingestion: [INFY.NS] fetching fresh data
2026-10-01 09:48:29,257 [INFO] src.ingestion: [TCS.NS] fetching fresh data
2026-10-01 09:48:30,102 [INFO] src.ingestion: [WIPRO.NS] fetching fresh data
2026-10-01 09:48:30,946 [INFO] src.ingestion: [HCLTECH.NS] fetching fresh data
2026-10-01 09:48:31,728 [INFO] src.ingestion: [TECHM.NS] fetching fresh data
2026-10-01 09:48:32,570 [INFO] src.ingestion: [LTIM.NS] fetching fresh data
2026-10-01 09:48:32,663 [ERROR] yfinance: HTTP Error 404: {"quoteSummary":{"result":null,"error":{"code":"Not Found","description":"Quote not found for symbol: LTIM.NS"}}}
2026-10-01 09:48:32,716 [WARNING] src.ingestion: [LTIM.NS] attempt 1 failed: yfinance returned an empty info payload for LTIM.NS (no exception, but no usable data — likely a transient Yahoo-side issue or an invalid/delisted symbol)
2026-10-01 09:48:34,811 [ERROR] yfinance: HTTP Error 404: {"quoteSummary":{"result":null,"error":{"code":"Not Found","description":"Quote not found for symbol: LTIM.NS"}}}
2026-10-01 09:48:34,837 [WARNING] src.ingestion: [LTIM.NS] attempt 2 failed: yfinance returned an empty info payload for LTIM.NS (no exception, but no usable data — likely a transient Yahoo-side issue or an invalid/delisted symbol)
2026-10-01 09:48:38,926 [ERROR] yfinance: HTTP Error 404: {"quoteSummary":{"result":null,"error":{"code":"Not Found","description":"Quote not found for symbol: LTIM.NS"}}}
2026-10-01 09:48:38,949 [WARNING] src.ingestion: [LTIM.NS] attempt 3 failed: yfinance returned an empty info payload for LTIM.NS (no exception, but no usable data — likely a transient Yahoo-side issue or an invalid/delisted symbol)
2026-10-01 09:48:39,349 [INFO] src.ingestion: [PERSISTENT.NS] fetching fresh data
2026-10-01 09:48:40,143 [INFO] src.ingestion: [COFORGE.NS] fetching fresh data
2026-10-01 09:48:40,999 [INFO] src.ingestion: [MPHASIS.NS] fetching fresh data
2026-10-01 09:48:41,720 [INFO] src.ingestion: [LTTS.NS] fetching fresh data
2026-10-01 09:48:42,470 [INFO] src.ingestion: [TATAELXSI.NS] fetching fresh data
2026-10-01 09:48:43,248 [INFO] src.ingestion: [CYIENT.NS] fetching fresh data
2026-10-01 09:48:43,953 [INFO] src.ingestion: [KPITTECH.NS] fetching fresh data
2026-10-01 09:48:44,746 [INFO] src.ingestion: [HDFCBANK.NS] fetching fresh data
2026-10-01 09:48:45,501 [INFO] src.ingestion: [ICICIBANK.NS] fetching fresh data
2026-10-01 09:48:46,340 [INFO] src.ingestion: [SBIN.NS] fetching fresh data
2026-10-01 09:48:47,099 [INFO] src.ingestion: [AXISBANK.NS] fetching fresh data
2026-10-01 09:48:47,842 [INFO] src.ingestion: [KOTAKBANK.NS] fetching fresh data
2026-10-01 09:48:48,640 [INFO] src.ingestion: [INDUSINDBK.NS] fetching fresh data
2026-10-01 09:48:49,314 [INFO] src.ingestion: [FEDERALBNK.NS] fetching fresh data
2026-10-01 09:48:50,015 [INFO] src.ingestion: [BANDHANBNK.NS] fetching fresh data
2026-10-01 09:48:50,805 [INFO] src.ingestion: [IDFCFIRSTB.NS] fetching fresh data
2026-10-01 09:48:51,470 [INFO] src.ingestion: [PNB.NS] fetching fresh data
2026-10-01 09:48:52,251 [INFO] src.ingestion: [BANKBARODA.NS] fetching fresh data
2026-10-01 09:48:52,907 [INFO] src.ingestion: [CANBK.NS] fetching fresh data
2026-10-01 09:48:53,632 [INFO] src.ingestion: [UNIONBANK.NS] fetching fresh data
2026-10-01 09:48:54,463 [INFO] src.ingestion: [AUBANK.NS] fetching fresh data
2026-10-01 09:48:55,130 [INFO] src.ingestion: [RBLBANK.NS] fetching fresh data
2026-10-01 09:48:55,992 [INFO] src.ingestion: [BANKINDIA.NS] fetching fresh data
2026-10-01 09:48:56,798 [INFO] src.ingestion: [CENTRALBK.NS] fetching fresh data
2026-10-01 09:48:57,560 [INFO] src.ingestion: [IOB.NS] fetching fresh data
2026-10-01 09:48:58,281 [INFO] src.ingestion: [UCOBANK.NS] fetching fresh data
2026-10-01 09:48:58,957 [INFO] src.ingestion: [BAJFINANCE.NS] fetching fresh data
2026-10-01 09:48:59,604 [INFO] src.ingestion: [BAJAJFINSV.NS] fetching fresh data
2026-10-01 09:49:00,318 [INFO] src.ingestion: [CHOLAFIN.NS] fetching fresh data
2026-10-01 09:49:01,184 [INFO] src.ingestion: [MUTHOOTFIN.NS] fetching fresh data
2026-10-01 09:49:01,918 [INFO] src.ingestion: [LICHSGFIN.NS] fetching fresh data
2026-10-01 09:49:02,668 [INFO] src.ingestion: [SHRIRAMFIN.NS] fetching fresh data
2026-10-01 09:49:03,413 [INFO] src.ingestion: [PFC.NS] fetching fresh data
2026-10-01 09:49:04,155 [INFO] src.ingestion: [RECLTD.NS] fetching fresh data
2026-10-01 09:49:04,835 [INFO] src.ingestion: [IRFC.NS] fetching fresh data
2026-10-01 09:49:05,669 [INFO] src.ingestion: [HUDCO.NS] fetching fresh data
2026-10-01 09:49:06,500 [INFO] src.ingestion: [BAJAJHLDNG.NS] fetching fresh data
2026-10-01 09:49:07,188 [INFO] src.ingestion: [SBICARD.NS] fetching fresh data
2026-10-01 09:49:08,015 [INFO] src.ingestion: [MANAPPURAM.NS] fetching fresh data
2026-10-01 09:49:08,789 [INFO] src.ingestion: [POONAWALLA.NS] fetching fresh data
2026-10-01 09:49:09,658 [INFO] src.ingestion: [HDFCLIFE.NS] fetching fresh data
2026-10-01 09:49:10,414 [INFO] src.ingestion: [SBILIFE.NS] fetching fresh data
2026-10-01 09:49:11,170 [INFO] src.ingestion: [ICICIPRULI.NS] fetching fresh data
2026-10-01 09:49:11,843 [INFO] src.ingestion: [ICICIGI.NS] fetching fresh data
2026-10-01 09:49:12,614 [INFO] src.ingestion: [LICI.NS] fetching fresh data
2026-10-01 09:49:13,350 [INFO] src.ingestion: [GICRE.NS] fetching fresh data
2026-10-01 09:49:14,066 [INFO] src.ingestion: [MARUTI.NS] fetching fresh data
2026-10-01 09:49:14,901 [INFO] src.ingestion: [TMPV.NS] fetching fresh data
2026-10-01 09:49:15,661 [INFO] src.ingestion: [TMCV.NS] fetching fresh data
2026-10-01 09:49:16,334 [INFO] src.ingestion: [M&M.NS] fetching fresh data
2026-10-01 09:49:17,130 [INFO] src.ingestion: [EICHERMOT.NS] fetching fresh data
2026-10-01 09:49:17,983 [INFO] src.ingestion: [HEROMOTOCO.NS] fetching fresh data
2026-10-01 09:49:18,803 [INFO] src.ingestion: [BAJAJ-AUTO.NS] fetching fresh data
2026-10-01 09:49:19,585 [INFO] src.ingestion: [TVSMOTOR.NS] fetching fresh data
2026-10-01 09:49:20,376 [INFO] src.ingestion: [ASHOKLEY.NS] fetching fresh data
2026-10-01 09:49:21,205 [INFO] src.ingestion: [BHARATFORG.NS] fetching fresh data
2026-10-01 09:49:21,897 [INFO] src.ingestion: [MOTHERSON.NS] fetching fresh data
2026-10-01 09:49:22,690 [INFO] src.ingestion: [BOSCHLTD.NS] fetching fresh data
2026-10-01 09:49:23,431 [INFO] src.ingestion: [MRF.NS] fetching fresh data
2026-10-01 09:49:24,209 [INFO] src.ingestion: [ENDURANCE.NS] fetching fresh data
2026-10-01 09:49:25,006 [INFO] src.ingestion: [EXIDEIND.NS] fetching fresh data
2026-10-01 09:49:25,725 [INFO] src.ingestion: [ARE&M.NS] fetching fresh data
2026-10-01 09:49:26,483 [INFO] src.ingestion: [SUNDRMFAST.NS] fetching fresh data
2026-10-01 09:49:27,187 [INFO] src.ingestion: [UNOMINDA.NS] fetching fresh data
2026-10-01 09:49:27,991 [INFO] src.ingestion: [SUNPHARMA.NS] fetching fresh data
2026-10-01 09:49:28,766 [INFO] src.ingestion: [DRREDDY.NS] fetching fresh data
2026-10-01 09:49:29,635 [INFO] src.ingestion: [CIPLA.NS] fetching fresh data
2026-10-01 09:49:30,400 [INFO] src.ingestion: [DIVISLAB.NS] fetching fresh data
2026-10-01 09:49:31,258 [INFO] src.ingestion: [LUPIN.NS] fetching fresh data
2026-10-01 09:49:32,072 [INFO] src.ingestion: [AUROPHARMA.NS] fetching fresh data
2026-10-01 09:49:32,901 [INFO] src.ingestion: [BIOCON.NS] fetching fresh data
2026-10-01 09:49:33,749 [INFO] src.ingestion: [TORNTPHARM.NS] fetching fresh data
2026-10-01 09:49:34,546 [INFO] src.ingestion: [ALKEM.NS] fetching fresh data
2026-10-01 09:49:35,457 [INFO] src.ingestion: [ABBOTINDIA.NS] fetching fresh data
2026-10-01 09:49:36,219 [INFO] src.ingestion: [APOLLOHOSP.NS] fetching fresh data
2026-10-01 09:49:37,120 [INFO] src.ingestion: [FORTIS.NS] fetching fresh data
2026-10-01 09:49:37,852 [INFO] src.ingestion: [LALPATHLAB.NS] fetching fresh data
2026-10-01 09:49:38,594 [INFO] src.ingestion: [METROPOLIS.NS] fetching fresh data
2026-10-01 09:49:39,381 [INFO] src.ingestion: [GLAND.NS] fetching fresh data
2026-10-01 09:49:40,135 [INFO] src.ingestion: [LAURUSLABS.NS] fetching fresh data
2026-10-01 09:49:40,969 [INFO] src.ingestion: [GLENMARK.NS] fetching fresh data
2026-10-01 09:49:41,834 [INFO] src.ingestion: [IPCALAB.NS] fetching fresh data
2026-10-01 09:49:42,674 [INFO] src.ingestion: [HINDUNILVR.NS] fetching fresh data
2026-10-01 09:49:43,370 [INFO] src.ingestion: [ITC.NS] fetching fresh data
2026-10-01 09:49:44,118 [INFO] src.ingestion: [NESTLEIND.NS] fetching fresh data
2026-10-01 09:49:44,888 [INFO] src.ingestion: [BRITANNIA.NS] fetching fresh data
2026-10-01 09:49:45,665 [INFO] src.ingestion: [DABUR.NS] fetching fresh data
2026-10-01 09:49:46,364 [INFO] src.ingestion: [GODREJCP.NS] fetching fresh data
2026-10-01 09:49:47,229 [INFO] src.ingestion: [MARICO.NS] fetching fresh data
2026-10-01 09:49:47,918 [INFO] src.ingestion: [COLPAL.NS] fetching fresh data
2026-10-01 09:49:48,641 [INFO] src.ingestion: [TATACONSUM.NS] fetching fresh data
2026-10-01 09:49:49,522 [INFO] src.ingestion: [VBL.NS] fetching fresh data
2026-10-01 09:49:50,330 [INFO] src.ingestion: [UNITDSPR.NS] fetching fresh data
2026-10-01 09:49:51,092 [INFO] src.ingestion: [EMAMILTD.NS] fetching fresh data
2026-10-01 09:49:51,906 [INFO] src.ingestion: [TATASTEEL.NS] fetching fresh data
2026-10-01 09:49:52,688 [INFO] src.ingestion: [JSWSTEEL.NS] fetching fresh data
2026-10-01 09:49:53,561 [INFO] src.ingestion: [HINDALCO.NS] fetching fresh data
2026-10-01 09:49:54,374 [INFO] src.ingestion: [VEDL.NS] fetching fresh data
2026-10-01 09:49:55,262 [INFO] src.ingestion: [COALINDIA.NS] fetching fresh data
2026-10-01 09:49:55,983 [INFO] src.ingestion: [NMDC.NS] fetching fresh data
2026-10-01 09:49:56,685 [INFO] src.ingestion: [SAIL.NS] fetching fresh data
2026-10-01 09:49:57,482 [INFO] src.ingestion: [JINDALSTEL.NS] fetching fresh data
2026-10-01 09:49:58,295 [INFO] src.ingestion: [APLAPOLLO.NS] fetching fresh data
2026-10-01 09:49:59,170 [INFO] src.ingestion: [NATIONALUM.NS] fetching fresh data
2026-10-01 09:50:00,030 [INFO] src.ingestion: [HINDCOPPER.NS] fetching fresh data
2026-10-01 09:50:00,828 [INFO] src.ingestion: [RATNAMANI.NS] fetching fresh data
2026-10-01 09:50:01,732 [INFO] src.ingestion: [HINDZINC.NS] fetching fresh data
2026-10-01 09:50:02,584 [INFO] src.ingestion: [WELCORP.NS] fetching fresh data
2026-10-01 09:50:03,473 [INFO] src.ingestion: [JSL.NS] fetching fresh data
2026-10-01 09:50:04,205 [INFO] src.ingestion: [RELIANCE.NS] fetching fresh data
2026-10-01 09:50:05,021 [INFO] src.ingestion: [ONGC.NS] fetching fresh data
2026-10-01 09:50:05,868 [INFO] src.ingestion: [BPCL.NS] fetching fresh data
2026-10-01 09:50:06,663 [INFO] src.ingestion: [IOC.NS] fetching fresh data
2026-10-01 09:50:07,411 [INFO] src.ingestion: [GAIL.NS] fetching fresh data
2026-10-01 09:50:08,147 [INFO] src.ingestion: [NTPC.NS] fetching fresh data
2026-10-01 09:50:08,987 [INFO] src.ingestion: [POWERGRID.NS] fetching fresh data
2026-10-01 09:50:09,831 [INFO] src.ingestion: [TATAPOWER.NS] fetching fresh data
2026-10-01 09:50:10,628 [INFO] src.ingestion: [ADANIGREEN.NS] fetching fresh data
2026-10-01 09:50:11,352 [INFO] src.ingestion: [ADANIPOWER.NS] fetching fresh data
2026-10-01 09:50:12,150 [INFO] src.ingestion: [TORNTPOWER.NS] fetching fresh data
2026-10-01 09:50:13,003 [INFO] src.ingestion: [LT.NS] fetching fresh data
2026-10-01 09:50:13,804 [INFO] src.ingestion: [SIEMENS.NS] fetching fresh data
2026-10-01 09:50:14,513 [INFO] src.ingestion: [ABB.NS] fetching fresh data
2026-10-01 09:50:15,337 [INFO] src.ingestion: [HAL.NS] fetching fresh data
2026-10-01 09:50:16,069 [INFO] src.ingestion: [BEL.NS] fetching fresh data
2026-10-01 09:50:16,795 [INFO] src.ingestion: [BHEL.NS] fetching fresh data
2026-10-01 09:50:17,554 [INFO] src.ingestion: [CUMMINSIND.NS] fetching fresh data
2026-10-01 09:50:18,318 [INFO] src.ingestion: [THERMAX.NS] fetching fresh data
2026-10-01 09:50:19,183 [INFO] src.ingestion: [POLYCAB.NS] fetching fresh data
2026-10-01 09:50:19,949 [INFO] src.ingestion: [KEI.NS] fetching fresh data
2026-10-01 09:50:20,801 [INFO] src.ingestion: [HAVELLS.NS] fetching fresh data
2026-10-01 09:50:21,636 [INFO] src.ingestion: [CROMPTON.NS] fetching fresh data
2026-10-01 09:50:22,378 [INFO] src.ingestion: [SUPREMEIND.NS] fetching fresh data
2026-10-01 09:50:23,279 [INFO] src.ingestion: [ASTRAL.NS] fetching fresh data
2026-10-01 09:50:23,974 [INFO] src.ingestion: [GRINDWELL.NS] fetching fresh data
2026-10-01 09:50:24,761 [INFO] src.ingestion: [CARBORUNIV.NS] fetching fresh data
2026-10-01 09:50:25,609 [INFO] src.ingestion: [TIMKEN.NS] fetching fresh data
2026-10-01 09:50:26,357 [INFO] src.ingestion: [SKFINDIA.NS] fetching fresh data
2026-10-01 09:50:27,086 [INFO] src.ingestion: [SRF.NS] fetching fresh data
2026-10-01 09:50:27,863 [INFO] src.ingestion: [PIIND.NS] fetching fresh data
2026-10-01 09:50:28,606 [INFO] src.ingestion: [DEEPAKNTR.NS] fetching fresh data
2026-10-01 09:50:29,416 [INFO] src.ingestion: [AARTIIND.NS] fetching fresh data
2026-10-01 09:50:30,256 [INFO] src.ingestion: [NAVINFLUOR.NS] fetching fresh data
2026-10-01 09:50:30,963 [INFO] src.ingestion: [UPL.NS] fetching fresh data
2026-10-01 09:50:31,691 [INFO] src.ingestion: [COROMANDEL.NS] fetching fresh data
2026-10-01 09:50:32,483 [INFO] src.ingestion: [CHAMBLFERT.NS] fetching fresh data
2026-10-01 09:50:33,240 [INFO] src.ingestion: [GNFC.NS] fetching fresh data
2026-10-01 09:50:34,013 [INFO] src.ingestion: [PIDILITIND.NS] fetching fresh data
2026-10-01 09:50:34,742 [INFO] src.ingestion: [TATACHEM.NS] fetching fresh data
2026-10-01 09:50:35,432 [INFO] src.ingestion: [GHCL.NS] fetching fresh data
2026-10-01 09:50:36,249 [INFO] src.ingestion: [TITAN.NS] fetching fresh data
2026-10-01 09:50:37,031 [INFO] src.ingestion: [DMART.NS] fetching fresh data
2026-10-01 09:50:37,833 [INFO] src.ingestion: [TRENT.NS] fetching fresh data
2026-10-01 09:50:38,533 [INFO] src.ingestion: [BATAINDIA.NS] fetching fresh data
2026-10-01 09:50:39,210 [INFO] src.ingestion: [PAGEIND.NS] fetching fresh data
2026-10-01 09:50:40,055 [INFO] src.ingestion: [JUBLFOOD.NS] fetching fresh data
2026-10-01 09:50:40,778 [INFO] src.ingestion: [VOLTAS.NS] fetching fresh data
2026-10-01 09:50:41,634 [INFO] src.ingestion: [DIXON.NS] fetching fresh data
2026-10-01 09:50:42,507 [INFO] src.ingestion: [RELAXO.NS] fetching fresh data
2026-10-01 09:50:43,363 [INFO] src.ingestion: [KAJARIACER.NS] fetching fresh data
2026-10-01 09:50:44,093 [INFO] src.ingestion: [WHIRLPOOL.NS] fetching fresh data
2026-10-01 09:50:44,925 [INFO] src.ingestion: [BLUESTARCO.NS] fetching fresh data
2026-10-01 09:50:45,681 [INFO] src.ingestion: [PGHH.NS] fetching fresh data
2026-10-01 09:50:46,381 [INFO] src.ingestion: [GILLETTE.NS] fetching fresh data
2026-10-01 09:50:47,045 [INFO] src.ingestion: [BHARTIARTL.NS] fetching fresh data
2026-10-01 09:50:47,911 [INFO] src.ingestion: [IDEA.NS] fetching fresh data
2026-10-01 09:50:48,734 [INFO] src.ingestion: [INDUSTOWER.NS] fetching fresh data
2026-10-01 09:50:49,527 [INFO] src.ingestion: [PVRINOX.NS] fetching fresh data
2026-10-01 09:50:50,381 [INFO] src.ingestion: [ZEEL.NS] fetching fresh data
2026-10-01 09:50:51,097 [INFO] src.ingestion: [ADANIPORTS.NS] fetching fresh data
2026-10-01 09:50:51,965 [INFO] src.ingestion: [ADANIENT.NS] fetching fresh data
2026-10-01 09:50:52,709 [INFO] src.ingestion: [GMRAIRPORT.NS] fetching fresh data
2026-10-01 09:50:53,469 [INFO] src.ingestion: [CONCOR.NS] fetching fresh data
2026-10-01 09:50:54,247 [INFO] src.ingestion: [IRCTC.NS] fetching fresh data
2026-10-01 09:50:55,097 [INFO] src.ingestion: [INDIGO.NS] fetching fresh data
2026-10-01 09:50:56,029 [INFO] src.ingestion: [RVNL.NS] fetching fresh data
2026-10-01 09:50:56,849 [INFO] src.ingestion: [IRCON.NS] fetching fresh data
2026-10-01 09:50:57,588 [INFO] src.ingestion: [NBCC.NS] fetching fresh data
2026-10-01 09:50:58,378 [INFO] src.ingestion: [NCC.NS] fetching fresh data
2026-10-01 09:50:59,057 [INFO] src.ingestion: [MAZDOCK.NS] fetching fresh data
2026-10-01 09:50:59,822 [INFO] src.ingestion: [COCHINSHIP.NS] fetching fresh data
2026-10-01 09:51:00,620 [INFO] src.ingestion: [DLF.NS] fetching fresh data
2026-10-01 09:51:01,430 [INFO] src.ingestion: [GODREJPROP.NS] fetching fresh data
2026-10-01 09:51:02,172 [INFO] src.ingestion: [OBEROIRLTY.NS] fetching fresh data
2026-10-01 09:51:02,955 [INFO] src.ingestion: [PRESTIGE.NS] fetching fresh data
2026-10-01 09:51:03,702 [INFO] src.ingestion: [PHOENIXLTD.NS] fetching fresh data
2026-10-01 09:51:04,417 [INFO] src.ingestion: [SOBHA.NS] fetching fresh data
2026-10-01 09:51:05,126 [INFO] src.ingestion: Fetched 200/201 tickers successfully
2026-10-01 09:51:05,126 [WARNING] src.ingestion: Failed tickers (excluded from downstream, not silently zeroed): ['LTIM.NS']
2026-10-01 09:51:05,126 [INFO] __main__: Ingestion validation passed: 200/201 tickers (100%)
2026-10-01 09:51:05,126 [INFO] __main__: === Stage 2/8: Cleaning ===
2026-10-01 09:51:05,134 [WARNING] src.cleaning: [LTIM.NS] EXCLUDED: ingestion failed: yfinance returned an empty info payload for LTIM.NS (no exception, but no usable data — likely a transient Yahoo-side issue or an invalid/delisted symbol)
2026-10-01 09:51:05,135 [INFO] src.cleaning: [AARTIIND.NS] non-critical missing fields: ['return_on_equity']
2026-10-01 09:51:05,135 [INFO] src.cleaning: [ABBOTINDIA.NS] non-critical missing fields: ['return_on_equity']
2026-10-01 09:51:05,135 [INFO] src.cleaning: [ACC.NS] non-critical missing fields: ['return_on_equity']
2026-10-01 09:51:05,135 [INFO] src.cleaning: [ADANIENT.NS] non-critical missing fields: ['return_on_equity']
2026-10-01 09:51:05,135 [INFO] src.cleaning: [ADANIGREEN.NS] non-critical missing fields: ['return_on_equity']
2026-10-01 09:51:05,135 [INFO] src.cleaning: [ADANIPORTS.NS] non-critical missing fields: ['return_on_equity']
2026-10-01 09:51:05,135 [INFO] src.cleaning: [ADANIPOWER.NS] non-critical missing fields: ['return_on_equity']
2026-10-01 09:51:05,135 [INFO] src.cleaning: [ALKEM.NS] non-critical missing fields: ['return_on_equity']
2026-10-01 09:51:05,135 [INFO] src.cleaning: [AMBUJACEM.NS] non-critical missing fields: ['return_on_equity']
2026-10-01 09:51:05,135 [INFO] src.cleaning: [APLAPOLLO.NS] non-critical missing fields: ['return_on_equity']
2026-10-01 09:51:05,135 [INFO] src.cleaning: [APOLLOHOSP.NS] non-critical missing fields: ['return_on_equity']
2026-10-01 09:51:05,135 [INFO] src.cleaning: [ARE&M.NS] non-critical missing fields: ['return_on_equity']
2026-10-01 09:51:05,135 [INFO] src.cleaning: [ASHOKLEY.NS] non-critical missing fields: ['return_on_equity']
2026-10-01 09:51:05,135 [INFO] src.cleaning: [ASTRAL.NS] non-critical missing fields: ['return_on_equity']
2026-10-01 09:51:05,136 [INFO] src.cleaning: [AUBANK.NS] non-critical missing fields: ['ev_to_ebitda', 'return_on_equity', 'debt_to_equity']
2026-10-01 09:51:05,136 [INFO] src.cleaning: [AUROPHARMA.NS] non-critical missing fields: ['return_on_equity']
2026-10-01 09:51:05,136 [INFO] src.cleaning: [AXISBANK.NS] non-critical missing fields: ['ev_to_ebitda', 'debt_to_equity']
2026-10-01 09:51:05,136 [INFO] src.cleaning: [BAJAJ-AUTO.NS] non-critical missing fields: ['return_on_equity']
2026-10-01 09:51:05,136 [INFO] src.cleaning: [BAJAJFINSV.NS] non-critical missing fields: ['return_on_equity']
2026-10-01 09:51:05,136 [WARNING] src.cleaning: [BAJAJHLDNG.NS] outlier values flagged: ['net_margin']
2026-10-01 09:51:05,136 [INFO] src.cleaning: [BAJFINANCE.NS] non-critical missing fields: ['ev_to_ebitda', 'return_on_equity']
2026-10-01 09:51:05,136 [INFO] src.cleaning: [BANDHANBNK.NS] non-critical missing fields: ['ev_to_ebitda', 'return_on_equity', 'debt_to_equity']
2026-10-01 09:51:05,136 [INFO] src.cleaning: [BANKBARODA.NS] non-critical missing fields: ['ev_to_ebitda', 'debt_to_equity']
2026-10-01 09:51:05,136 [INFO] src.cleaning: [BANKINDIA.NS] non-critical missing fields: ['ev_to_ebitda', 'debt_to_equity']
2026-10-01 09:51:05,136 [INFO] src.cleaning: [BATAINDIA.NS] non-critical missing fields: ['return_on_equity']
2026-10-01 09:51:05,136 [INFO] src.cleaning: [BEL.NS] non-critical missing fields: ['return_on_equity']
2026-10-01 09:51:05,136 [INFO] src.cleaning: [BHARATFORG.NS] non-critical missing fields: ['return_on_equity']
2026-10-01 09:51:05,136 [INFO] src.cleaning: [BHEL.NS] non-critical missing fields: ['return_on_equity']
2026-10-01 09:51:05,136 [INFO] src.cleaning: [BIOCON.NS] non-critical missing fields: ['return_on_equity']
2026-10-01 09:51:05,136 [INFO] src.cleaning: [BLUESTARCO.NS] non-critical missing fields: ['return_on_equity']
2026-10-01 09:51:05,136 [INFO] src.cleaning: [BOSCHLTD.NS] non-critical missing fields: ['return_on_equity']
2026-10-01 09:51:05,136 [INFO] src.cleaning: [BPCL.NS] non-critical missing fields: ['return_on_equity']
2026-10-01 09:51:05,136 [INFO] src.cleaning: [BRITANNIA.NS] non-critical missing fields: ['return_on_equity']
2026-10-01 09:51:05,136 [INFO] src.cleaning: [CANBK.NS] non-critical missing fields: ['ev_to_ebitda', 'return_on_equity', 'debt_to_equity']
2026-10-01 09:51:05,136 [INFO] src.cleaning: [CARBORUNIV.NS] non-critical missing fields: ['return_on_equity']
2026-10-01 09:51:05,136 [INFO] src.cleaning: [CENTRALBK.NS] non-critical missing fields: ['ev_to_ebitda', 'debt_to_equity']
2026-10-01 09:51:05,136 [INFO] src.cleaning: [CHAMBLFERT.NS] non-critical missing fields: ['return_on_equity']
2026-10-01 09:51:05,136 [INFO] src.cleaning: [CHOLAFIN.NS] non-critical missing fields: ['ev_to_ebitda', 'return_on_equity']
2026-10-01 09:51:05,136 [INFO] src.cleaning: [CIPLA.NS] non-critical missing fields: ['return_on_equity']
2026-10-01 09:51:05,136 [INFO] src.cleaning: [COALINDIA.NS] non-critical missing fields: ['return_on_equity']
2026-10-01 09:51:05,136 [INFO] src.cleaning: [COCHINSHIP.NS] non-critical missing fields: ['return_on_equity']
2026-10-01 09:51:05,136 [INFO] src.cleaning: [COFORGE.NS] non-critical missing fields: ['return_on_equity']
2026-10-01 09:51:05,136 [INFO] src.cleaning: [COLPAL.NS] non-critical missing fields: ['return_on_equity']
2026-10-01 09:51:05,136 [INFO] src.cleaning: [CONCOR.NS] non-critical missing fields: ['return_on_equity']
2026-10-01 09:51:05,136 [INFO] src.cleaning: [COROMANDEL.NS] non-critical missing fields: ['return_on_equity']
2026-10-01 09:51:05,136 [INFO] src.cleaning: [CROMPTON.NS] non-critical missing fields: ['trailing_pe', 'return_on_equity']
2026-10-01 09:51:05,137 [INFO] src.cleaning: [CUMMINSIND.NS] non-critical missing fields: ['return_on_equity']
2026-10-01 09:51:05,137 [INFO] src.cleaning: [CYIENT.NS] non-critical missing fields: ['return_on_equity']
2026-10-01 09:51:05,137 [INFO] src.cleaning: [DABUR.NS] non-critical missing fields: ['return_on_equity']
2026-10-01 09:51:05,137 [INFO] src.cleaning: [DALBHARAT.NS] non-critical missing fields: ['return_on_equity']
2026-10-01 09:51:05,137 [INFO] src.cleaning: [DEEPAKNTR.NS] non-critical missing fields: ['return_on_equity']
2026-10-01 09:51:05,137 [INFO] src.cleaning: [DIVISLAB.NS] non-critical missing fields: ['return_on_equity']
2026-10-01 09:51:05,137 [INFO] src.cleaning: [DIXON.NS] non-critical missing fields: ['return_on_equity']
2026-10-01 09:51:05,137 [INFO] src.cleaning: [DMART.NS] non-critical missing fields: ['return_on_equity']
2026-10-01 09:51:05,137 [INFO] src.cleaning: [EICHERMOT.NS] non-critical missing fields: ['return_on_equity']
2026-10-01 09:51:05,137 [INFO] src.cleaning: [EMAMILTD.NS] non-critical missing fields: ['return_on_equity']
2026-10-01 09:51:05,137 [INFO] src.cleaning: [ENDURANCE.NS] non-critical missing fields: ['return_on_equity']
2026-10-01 09:51:05,137 [INFO] src.cleaning: [EXIDEIND.NS] non-critical missing fields: ['return_on_equity']
2026-10-01 09:51:05,137 [INFO] src.cleaning: [FEDERALBNK.NS] non-critical missing fields: ['ev_to_ebitda', 'return_on_equity', 'debt_to_equity']
2026-10-01 09:51:05,137 [INFO] src.cleaning: [FORTIS.NS] non-critical missing fields: ['return_on_equity']
2026-10-01 09:51:05,137 [INFO] src.cleaning: [GAIL.NS] non-critical missing fields: ['return_on_equity']
2026-10-01 09:51:05,137 [INFO] src.cleaning: [GHCL.NS] non-critical missing fields: ['return_on_equity']
2026-10-01 09:51:05,137 [INFO] src.cleaning: [GICRE.NS] non-critical missing fields: ['ev_to_ebitda', 'debt_to_equity']
2026-10-01 09:51:05,137 [INFO] src.cleaning: [GILLETTE.NS] non-critical missing fields: ['return_on_equity']
2026-10-01 09:51:05,137 [INFO] src.cleaning: [GLAND.NS] non-critical missing fields: ['return_on_equity']
2026-10-01 09:51:05,137 [INFO] src.cleaning: [GLENMARK.NS] non-critical missing fields: ['return_on_equity']
2026-10-01 09:51:05,137 [WARNING] src.cleaning: [GMRAIRPORT.NS] negative/zero equity — DuPont ROE math will be invalid downstream
2026-10-01 09:51:05,137 [INFO] src.cleaning: [GMRAIRPORT.NS] non-critical missing fields: ['return_on_equity', 'debt_to_equity']
2026-10-01 09:51:05,137 [INFO] src.cleaning: [GNFC.NS] non-critical missing fields: ['return_on_equity']
2026-10-01 09:51:05,137 [INFO] src.cleaning: [GODREJCP.NS] non-critical missing fields: ['return_on_equity']
2026-10-01 09:51:05,137 [INFO] src.cleaning: [GODREJPROP.NS] non-critical missing fields: ['return_on_equity']
2026-10-01 09:51:05,137 [INFO] src.cleaning: [GRINDWELL.NS] non-critical missing fields: ['return_on_equity']
2026-10-01 09:51:05,137 [INFO] src.cleaning: [HAL.NS] non-critical missing fields: ['return_on_equity']
2026-10-01 09:51:05,137 [INFO] src.cleaning: [HAVELLS.NS] non-critical missing fields: ['return_on_equity']
2026-10-01 09:51:05,137 [WARNING] src.cleaning: [HCLTECH.NS] outlier values flagged: ['ev_to_ebitda']
2026-10-01 09:51:05,137 [INFO] src.cleaning: [HDFCBANK.NS] non-critical missing fields: ['ev_to_ebitda', 'debt_to_equity']
2026-10-01 09:51:05,137 [INFO] src.cleaning: [HEIDELBERG.NS] non-critical missing fields: ['return_on_equity']
2026-10-01 09:51:05,137 [INFO] src.cleaning: [HEROMOTOCO.NS] non-critical missing fields: ['return_on_equity']
2026-10-01 09:51:05,138 [INFO] src.cleaning: [HINDALCO.NS] non-critical missing fields: ['return_on_equity']
2026-10-01 09:51:05,138 [INFO] src.cleaning: [HINDCOPPER.NS] non-critical missing fields: ['return_on_equity']
2026-10-01 09:51:05,138 [INFO] src.cleaning: [HINDUNILVR.NS] non-critical missing fields: ['return_on_equity']
2026-10-01 09:51:05,138 [INFO] src.cleaning: [HINDZINC.NS] non-critical missing fields: ['return_on_equity']
2026-10-01 09:51:05,138 [INFO] src.cleaning: [HUDCO.NS] non-critical missing fields: ['ev_to_ebitda', 'return_on_equity']
2026-10-01 09:51:05,138 [INFO] src.cleaning: [ICICIBANK.NS] non-critical missing fields: ['ev_to_ebitda', 'debt_to_equity']
2026-10-01 09:51:05,138 [INFO] src.cleaning: [ICICIGI.NS] non-critical missing fields: ['debt_to_equity']
2026-10-01 09:51:05,138 [WARNING] src.cleaning: [IDEA.NS] negative/zero equity — DuPont ROE math will be invalid downstream
2026-10-01 09:51:05,138 [INFO] src.cleaning: [IDEA.NS] non-critical missing fields: ['return_on_equity', 'debt_to_equity']
2026-10-01 09:51:05,138 [INFO] src.cleaning: [IDFCFIRSTB.NS] non-critical missing fields: ['ev_to_ebitda', 'debt_to_equity']
2026-10-01 09:51:05,138 [WARNING] src.cleaning: [INDIGO.NS] outlier values flagged: ['debt_to_equity']
2026-10-01 09:51:05,138 [INFO] src.cleaning: [INDIGO.NS] non-critical missing fields: ['trailing_pe', 'return_on_equity']
2026-10-01 09:51:05,138 [INFO] src.cleaning: [INDUSINDBK.NS] non-critical missing fields: ['ev_to_ebitda', 'return_on_equity', 'debt_to_equity']
2026-10-01 09:51:05,138 [WARNING] src.cleaning: [INFY.NS] outlier values flagged: ['ev_to_ebitda']
2026-10-01 09:51:05,138 [INFO] src.cleaning: [IOB.NS] non-critical missing fields: ['ev_to_ebitda', 'debt_to_equity']
2026-10-01 09:51:05,138 [INFO] src.cleaning: [IOC.NS] non-critical missing fields: ['return_on_equity']
2026-10-01 09:51:05,138 [INFO] src.cleaning: [IPCALAB.NS] non-critical missing fields: ['return_on_equity']
2026-10-01 09:51:05,138 [INFO] src.cleaning: [IRCON.NS] non-critical missing fields: ['return_on_equity']
2026-10-01 09:51:05,138 [INFO] src.cleaning: [IRCTC.NS] non-critical missing fields: ['return_on_equity']
2026-10-01 09:51:05,138 [INFO] src.cleaning: [IRFC.NS] non-critical missing fields: ['ev_to_ebitda', 'return_on_equity']
2026-10-01 09:51:05,138 [INFO] src.cleaning: [ITC.NS] non-critical missing fields: ['return_on_equity']
2026-10-01 09:51:05,138 [INFO] src.cleaning: [JINDALSTEL.NS] non-critical missing fields: ['return_on_equity']
2026-10-01 09:51:05,138 [INFO] src.cleaning: [JKCEMENT.NS] non-critical missing fields: ['return_on_equity']
2026-10-01 09:51:05,138 [INFO] src.cleaning: [JSL.NS] non-critical missing fields: ['return_on_equity']
2026-10-01 09:51:05,138 [INFO] src.cleaning: [JSWSTEEL.NS] non-critical missing fields: ['return_on_equity']
2026-10-01 09:51:05,139 [INFO] src.cleaning: [JUBLFOOD.NS] non-critical missing fields: ['return_on_equity']
2026-10-01 09:51:05,139 [INFO] src.cleaning: [KAJARIACER.NS] non-critical missing fields: ['return_on_equity']
2026-10-01 09:51:05,139 [INFO] src.cleaning: [KEI.NS] non-critical missing fields: ['return_on_equity']
2026-10-01 09:51:05,139 [INFO] src.cleaning: [KOTAKBANK.NS] non-critical missing fields: ['ev_to_ebitda', 'return_on_equity', 'debt_to_equity']
2026-10-01 09:51:05,139 [INFO] src.cleaning: [KPITTECH.NS] non-critical missing fields: ['return_on_equity']
2026-10-01 09:51:05,139 [INFO] src.cleaning: [LALPATHLAB.NS] non-critical missing fields: ['return_on_equity']
2026-10-01 09:51:05,139 [INFO] src.cleaning: [LAURUSLABS.NS] non-critical missing fields: ['return_on_equity']
2026-10-01 09:51:05,139 [INFO] src.cleaning: [LICHSGFIN.NS] non-critical missing fields: ['ev_to_ebitda', 'return_on_equity']
2026-10-01 09:51:05,139 [INFO] src.cleaning: [LICI.NS] non-critical missing fields: ['return_on_equity']
2026-10-01 09:51:05,139 [INFO] src.cleaning: [LTTS.NS] non-critical missing fields: ['return_on_equity']
2026-10-01 09:51:05,139 [INFO] src.cleaning: [LT.NS] non-critical missing fields: ['return_on_equity']
2026-10-01 09:51:05,139 [INFO] src.cleaning: [LUPIN.NS] non-critical missing fields: ['return_on_equity']
2026-10-01 09:51:05,139 [INFO] src.cleaning: [M&M.NS] non-critical missing fields: ['return_on_equity']
2026-10-01 09:51:05,139 [INFO] src.cleaning: [MANAPPURAM.NS] non-critical missing fields: ['ev_to_ebitda', 'return_on_equity']
2026-10-01 09:51:05,139 [INFO] src.cleaning: [MARICO.NS] non-critical missing fields: ['return_on_equity']
2026-10-01 09:51:05,139 [INFO] src.cleaning: [MARUTI.NS] non-critical missing fields: ['return_on_equity']
2026-10-01 09:51:05,139 [INFO] src.cleaning: [MAZDOCK.NS] non-critical missing fields: ['return_on_equity']
2026-10-01 09:51:05,139 [INFO] src.cleaning: [METROPOLIS.NS] non-critical missing fields: ['return_on_equity']
2026-10-01 09:51:05,139 [INFO] src.cleaning: [MOTHERSON.NS] non-critical missing fields: ['return_on_equity']
2026-10-01 09:51:05,139 [INFO] src.cleaning: [MRF.NS] non-critical missing fields: ['return_on_equity']
2026-10-01 09:51:05,139 [INFO] src.cleaning: [MUTHOOTFIN.NS] non-critical missing fields: ['ev_to_ebitda']
2026-10-01 09:51:05,139 [INFO] src.cleaning: [NATIONALUM.NS] non-critical missing fields: ['return_on_equity']
2026-10-01 09:51:05,139 [INFO] src.cleaning: [NAVINFLUOR.NS] non-critical missing fields: ['return_on_equity']
2026-10-01 09:51:05,139 [INFO] src.cleaning: [NBCC.NS] non-critical missing fields: ['return_on_equity']
2026-10-01 09:51:05,139 [INFO] src.cleaning: [NCC.NS] non-critical missing fields: ['return_on_equity']
2026-10-01 09:51:05,139 [INFO] src.cleaning: [NESTLEIND.NS] non-critical missing fields: ['return_on_equity']
2026-10-01 09:51:05,140 [INFO] src.cleaning: [NMDC.NS] non-critical missing fields: ['return_on_equity']
2026-10-01 09:51:05,140 [INFO] src.cleaning: [NTPC.NS] non-critical missing fields: ['return_on_equity']
2026-10-01 09:51:05,140 [INFO] src.cleaning: [OBEROIRLTY.NS] non-critical missing fields: ['return_on_equity']
2026-10-01 09:51:05,140 [INFO] src.cleaning: [ONGC.NS] non-critical missing fields: ['return_on_equity']
2026-10-01 09:51:05,140 [INFO] src.cleaning: [PAGEIND.NS] non-critical missing fields: ['return_on_equity']
2026-10-01 09:51:05,140 [INFO] src.cleaning: [PFC.NS] non-critical missing fields: ['ev_to_ebitda', 'return_on_equity']
2026-10-01 09:51:05,140 [INFO] src.cleaning: [PGHH.NS] non-critical missing fields: ['return_on_equity']
2026-10-01 09:51:05,140 [INFO] src.cleaning: [PHOENIXLTD.NS] non-critical missing fields: ['return_on_equity']
2026-10-01 09:51:05,140 [INFO] src.cleaning: [PIDILITIND.NS] non-critical missing fields: ['return_on_equity']
2026-10-01 09:51:05,140 [INFO] src.cleaning: [PIIND.NS] non-critical missing fields: ['return_on_equity']
2026-10-01 09:51:05,140 [INFO] src.cleaning: [PNB.NS] non-critical missing fields: ['ev_to_ebitda', 'debt_to_equity']
2026-10-01 09:51:05,140 [INFO] src.cleaning: [POONAWALLA.NS] non-critical missing fields: ['ev_to_ebitda', 'return_on_equity']
2026-10-01 09:51:05,140 [INFO] src.cleaning: [POWERGRID.NS] non-critical missing fields: ['return_on_equity']
2026-10-01 09:51:05,140 [INFO] src.cleaning: [PVRINOX.NS] non-critical missing fields: ['return_on_equity']
2026-10-01 09:51:05,140 [INFO] src.cleaning: [RAMCOCEM.NS] non-critical missing fields: ['return_on_equity']
2026-10-01 09:51:05,140 [INFO] src.cleaning: [RATNAMANI.NS] non-critical missing fields: ['return_on_equity']
2026-10-01 09:51:05,140 [INFO] src.cleaning: [RBLBANK.NS] non-critical missing fields: ['ev_to_ebitda', 'return_on_equity', 'debt_to_equity']
2026-10-01 09:51:05,140 [INFO] src.cleaning: [RECLTD.NS] non-critical missing fields: ['ev_to_ebitda', 'return_on_equity']
2026-10-01 09:51:05,140 [INFO] src.cleaning: [RELAXO.NS] non-critical missing fields: ['return_on_equity']
2026-10-01 09:51:05,140 [INFO] src.cleaning: [RELIANCE.NS] non-critical missing fields: ['return_on_equity']
2026-10-01 09:51:05,140 [INFO] src.cleaning: [RVNL.NS] non-critical missing fields: ['return_on_equity']
2026-10-01 09:51:05,141 [INFO] src.cleaning: [SAIL.NS] non-critical missing fields: ['return_on_equity']
2026-10-01 09:51:05,141 [INFO] src.cleaning: [SBICARD.NS] non-critical missing fields: ['ev_to_ebitda', 'return_on_equity']
2026-10-01 09:51:05,141 [INFO] src.cleaning: [SBILIFE.NS] non-critical missing fields: ['debt_to_equity']
2026-10-01 09:51:05,141 [INFO] src.cleaning: [SBIN.NS] non-critical missing fields: ['ev_to_ebitda', 'debt_to_equity']
2026-10-01 09:51:05,141 [INFO] src.cleaning: [SHREECEM.NS] non-critical missing fields: ['return_on_equity']
2026-10-01 09:51:05,141 [INFO] src.cleaning: [SHRIRAMFIN.NS] non-critical missing fields: ['ev_to_ebitda']
2026-10-01 09:51:05,141 [INFO] src.cleaning: [SIEMENS.NS] non-critical missing fields: ['return_on_equity']
2026-10-01 09:51:05,141 [INFO] src.cleaning: [SKFINDIA.NS] non-critical missing fields: ['return_on_equity']
2026-10-01 09:51:05,141 [INFO] src.cleaning: [SOBHA.NS] non-critical missing fields: ['return_on_equity']
2026-10-01 09:51:05,141 [INFO] src.cleaning: [SRF.NS] non-critical missing fields: ['return_on_equity']
2026-10-01 09:51:05,141 [INFO] src.cleaning: [SUNDRMFAST.NS] non-critical missing fields: ['return_on_equity']
2026-10-01 09:51:05,141 [INFO] src.cleaning: [SUNPHARMA.NS] non-critical missing fields: ['return_on_equity']
2026-10-01 09:51:05,141 [INFO] src.cleaning: [SUPREMEIND.NS] non-critical missing fields: ['return_on_equity']
2026-10-01 09:51:05,141 [INFO] src.cleaning: [TATACHEM.NS] non-critical missing fields: ['trailing_pe', 'return_on_equity']
2026-10-01 09:51:05,141 [INFO] src.cleaning: [TATACONSUM.NS] non-critical missing fields: ['return_on_equity']
2026-10-01 09:51:05,141 [INFO] src.cleaning: [TATAELXSI.NS] non-critical missing fields: ['return_on_equity']
2026-10-01 09:51:05,141 [INFO] src.cleaning: [TATAPOWER.NS] non-critical missing fields: ['return_on_equity']
2026-10-01 09:51:05,141 [INFO] src.cleaning: [TATASTEEL.NS] non-critical missing fields: ['return_on_equity']
2026-10-01 09:51:05,141 [INFO] src.cleaning: [TECHM.NS] non-critical missing fields: ['return_on_equity']
2026-10-01 09:51:05,141 [INFO] src.cleaning: [THERMAX.NS] non-critical missing fields: ['return_on_equity']
2026-10-01 09:51:05,141 [INFO] src.cleaning: [TIMKEN.NS] non-critical missing fields: ['return_on_equity']
2026-10-01 09:51:05,142 [INFO] src.cleaning: [TITAN.NS] non-critical missing fields: ['return_on_equity']
2026-10-01 09:51:05,142 [INFO] src.cleaning: [TMCV.NS] non-critical missing fields: ['return_on_equity']
2026-10-01 09:51:05,142 [INFO] src.cleaning: [TMPV.NS] non-critical missing fields: ['trailing_pe', 'return_on_equity']
2026-10-01 09:51:05,142 [INFO] src.cleaning: [TORNTPHARM.NS] non-critical missing fields: ['return_on_equity']
2026-10-01 09:51:05,142 [INFO] src.cleaning: [TORNTPOWER.NS] non-critical missing fields: ['return_on_equity']
2026-10-01 09:51:05,142 [INFO] src.cleaning: [TRENT.NS] non-critical missing fields: ['return_on_equity']
2026-10-01 09:51:05,142 [INFO] src.cleaning: [TVSMOTOR.NS] non-critical missing fields: ['return_on_equity']
2026-10-01 09:51:05,142 [INFO] src.cleaning: [UCOBANK.NS] non-critical missing fields: ['ev_to_ebitda', 'debt_to_equity']
2026-10-01 09:51:05,142 [INFO] src.cleaning: [ULTRACEMCO.NS] non-critical missing fields: ['return_on_equity']
2026-10-01 09:51:05,142 [INFO] src.cleaning: [UNIONBANK.NS] non-critical missing fields: ['ev_to_ebitda', 'debt_to_equity']
2026-10-01 09:51:05,142 [INFO] src.cleaning: [UNITDSPR.NS] non-critical missing fields: ['return_on_equity']
2026-10-01 09:51:05,142 [INFO] src.cleaning: [UNOMINDA.NS] non-critical missing fields: ['return_on_equity']
2026-10-01 09:51:05,142 [INFO] src.cleaning: [UPL.NS] non-critical missing fields: ['return_on_equity']
2026-10-01 09:51:05,142 [INFO] src.cleaning: [VEDL.NS] non-critical missing fields: ['return_on_equity']
2026-10-01 09:51:05,142 [INFO] src.cleaning: [VOLTAS.NS] non-critical missing fields: ['return_on_equity']
2026-10-01 09:51:05,142 [INFO] src.cleaning: [WELCORP.NS] non-critical missing fields: ['return_on_equity']
2026-10-01 09:51:05,142 [INFO] src.cleaning: [WHIRLPOOL.NS] non-critical missing fields: ['return_on_equity']
2026-10-01 09:51:05,142 [INFO] src.cleaning: [ZEEL.NS] non-critical missing fields: ['return_on_equity']
2026-10-01 09:51:05,153 [INFO] src.cleaning: Cleaned 200/201 tickers -> data/processed/cleaned_universe.csv
2026-10-01 09:51:05,153 [INFO] src.cleaning: Full flag audit trail -> data/processed/cleaning_flags.csv
2026-10-01 09:51:05,154 [INFO] __main__: Cleaning validation passed: 200/201 tickers retained (100%)
2026-10-01 09:51:05,154 [INFO] __main__: === Stage 3/8: Scoring ===
2026-10-01 09:51:05,213 [INFO] src.scoring: Scored 200 companies -> data/processed/scored_universe.csv
2026-10-01 09:51:05,213 [INFO] src.scoring: Top 10 shortlist -> data/processed/shortlist_top_n.csv
2026-10-01 09:51:05,214 [WARNING] src.scoring: 24 companies scored on fewer than all 4 buckets (reweighted, not zero-filled) — see 'buckets_used' column: ['IOB.NS', 'BANKINDIA.NS', 'UNIONBANK.NS', 'CANBK.NS', 'IDEA.NS', 'ICICIGI.NS', 'PNB.NS', 'GICRE.NS', 'UCOBANK.NS', 'FEDERALBNK.NS', 'BANKBARODA.NS', 'CENTRALBK.NS', 'AXISBANK.NS', 'KOTAKBANK.NS', 'ICICIBANK.NS', 'HDFCBANK.NS', 'SBIN.NS', 'SBILIFE.NS', 'AUBANK.NS', 'BANDHANBNK.NS', 'GMRAIRPORT.NS', 'IDFCFIRSTB.NS', 'RBLBANK.NS', 'INDUSINDBK.NS']
2026-10-01 09:51:05,216 [INFO] __main__: Scoring validation passed: 200 companies ranked, all scores in valid range
2026-10-01 09:51:05,216 [INFO] __main__: === Stage 4/8: Comps + DuPont ===
2026-10-01 09:51:05,227 [INFO] src.comps_dupont: Comps + DuPont report for top 10 -> data/processed/comps_dupont_report.csv
2026-10-01 09:51:05,228 [WARNING] src.comps_dupont: 1 companies have a DuPont-implied ROE that diverges >5pp from reported ROE (possible data inconsistency, worth a manual check): ['IOB.NS']
2026-10-01 09:51:05,228 [INFO] __main__: === Stage 5/8: Explainability ===
2026-10-01 09:51:05,263 [INFO] src.explainability: Explanations for top 10 companies -> data/processed/explanations.csv
2026-10-01 09:51:05,264 [INFO] __main__: === Stage 6/8: Baseline Comparison ===
2026-10-01 09:51:05,270 [INFO] src.baseline_comparison: Baseline comparison -> data/processed/baseline_comparison.csv
2026-10-01 09:51:05,271 [INFO] __main__: === Stage 7/8: Acquisition Likelihood ===
2026-10-01 09:51:05,274 [INFO] src.acquisition_likelihood: 2 companies excluded from acquisition-likelihood scoring (negative/zero equity — financial distress, not a value-target thesis): ['IDEA.NS', 'GMRAIRPORT.NS']
2026-10-01 09:51:05,284 [INFO] src.acquisition_likelihood: Acquisition likelihood scoring -> data/processed/acquisition_likelihood.csv
2026-10-01 09:51:05,285 [INFO] __main__: === Stage 8/8: Historical Snapshot ===
2026-10-01 09:51:05,292 [INFO] src.history_tracker: Recorded shortlist snapshot for 2026-10-01 (10 companies) -> data/history/shortlist_history.csv (5 distinct days tracked so far)
2026-10-01 09:51:05,298 [INFO] src.history_tracker: Recorded acquisition-likelihood snapshot for 2026-10-01 (10 companies) -> data/history/acquisition_likelihood_history.csv (5 distinct days tracked so far)
2026-10-01 09:51:05,298 [INFO] __main__: === Pipeline completed successfully ===
2026-10-01 09:51:05,298 [INFO] __main__:   ingestion: {'total': 201, 'ok': 200}
2026-10-01 09:51:05,298 [INFO] __main__:   cleaning: {'retained': 200, 'input': 201}
2026-10-01 09:51:05,298 [INFO] __main__:   scoring: {'ranked': 200}
2026-10-01 09:51:05,298 [INFO] __main__:   comps_dupont: {'companies': 10}
2026-10-01 09:51:05,298 [INFO] __main__:   explainability: {'companies': 10}
2026-10-01 09:51:05,298 [INFO] __main__:   baseline_comparison: {'correlation': np.float64(0.47980099045022623), 'overlap_pct': 0.0}
2026-10-01 09:51:05,298 [INFO] __main__:   acquisition_likelihood: {'companies': 10}
2026-10-01 09:51:05,298 [INFO] __main__:   history_tracker: {'recorded': True}
