2026-07-17 05:42:51,704 [INFO] __main__: Logging to file: logs/pipeline_run_2026-07-17T05-42-51Z.log
2026-07-17 05:42:51,704 [INFO] __main__: === Stage 1/8: Ingestion ===
2026-07-17 05:42:51,737 [INFO] src.ingestion: [ACC.NS] fetching fresh data
2026-07-17 05:42:52,848 [INFO] src.ingestion: [AMBUJACEM.NS] fetching fresh data
2026-07-17 05:42:53,766 [INFO] src.ingestion: [ULTRACEMCO.NS] fetching fresh data
2026-07-17 05:42:54,676 [INFO] src.ingestion: [SHREECEM.NS] fetching fresh data
2026-07-17 05:42:55,560 [INFO] src.ingestion: [JKCEMENT.NS] fetching fresh data
2026-07-17 05:42:56,449 [INFO] src.ingestion: [RAMCOCEM.NS] fetching fresh data
2026-07-17 05:42:57,373 [INFO] src.ingestion: [HEIDELBERG.NS] fetching fresh data
2026-07-17 05:42:58,420 [INFO] src.ingestion: [DALBHARAT.NS] fetching fresh data
2026-07-17 05:42:59,371 [INFO] src.ingestion: [INFY.NS] fetching fresh data
2026-07-17 05:43:00,286 [INFO] src.ingestion: [TCS.NS] fetching fresh data
2026-07-17 05:43:01,178 [INFO] src.ingestion: [WIPRO.NS] fetching fresh data
2026-07-17 05:43:02,075 [INFO] src.ingestion: [HCLTECH.NS] fetching fresh data
2026-07-17 05:43:03,038 [INFO] src.ingestion: [TECHM.NS] fetching fresh data
2026-07-17 05:43:04,000 [INFO] src.ingestion: [LTIM.NS] fetching fresh data
2026-07-17 05:43:04,132 [ERROR] yfinance: HTTP Error 404: {"quoteSummary":{"result":null,"error":{"code":"Not Found","description":"Quote not found for symbol: LTIM.NS"}}}
2026-07-17 05:43:04,255 [WARNING] src.ingestion: [LTIM.NS] attempt 1 failed: yfinance returned an empty info payload for LTIM.NS (no exception, but no usable data — likely a transient Yahoo-side issue or an invalid/delisted symbol)
2026-07-17 05:43:06,385 [ERROR] yfinance: HTTP Error 404: {"quoteSummary":{"result":null,"error":{"code":"Not Found","description":"Quote not found for symbol: LTIM.NS"}}}
2026-07-17 05:43:06,425 [WARNING] src.ingestion: [LTIM.NS] attempt 2 failed: yfinance returned an empty info payload for LTIM.NS (no exception, but no usable data — likely a transient Yahoo-side issue or an invalid/delisted symbol)
2026-07-17 05:43:10,558 [ERROR] yfinance: HTTP Error 404: {"quoteSummary":{"result":null,"error":{"code":"Not Found","description":"Quote not found for symbol: LTIM.NS"}}}
2026-07-17 05:43:10,599 [WARNING] src.ingestion: [LTIM.NS] attempt 3 failed: yfinance returned an empty info payload for LTIM.NS (no exception, but no usable data — likely a transient Yahoo-side issue or an invalid/delisted symbol)
2026-07-17 05:43:11,000 [INFO] src.ingestion: [PERSISTENT.NS] fetching fresh data
2026-07-17 05:43:11,956 [INFO] src.ingestion: [COFORGE.NS] fetching fresh data
2026-07-17 05:43:12,897 [INFO] src.ingestion: [MPHASIS.NS] fetching fresh data
2026-07-17 05:43:13,862 [INFO] src.ingestion: [LTTS.NS] fetching fresh data
2026-07-17 05:43:14,737 [INFO] src.ingestion: [TATAELXSI.NS] fetching fresh data
2026-07-17 05:43:15,686 [INFO] src.ingestion: [CYIENT.NS] fetching fresh data
2026-07-17 05:43:16,640 [INFO] src.ingestion: [KPITTECH.NS] fetching fresh data
2026-07-17 05:43:17,599 [INFO] src.ingestion: [HDFCBANK.NS] fetching fresh data
2026-07-17 05:43:18,539 [INFO] src.ingestion: [ICICIBANK.NS] fetching fresh data
2026-07-17 05:43:19,459 [INFO] src.ingestion: [SBIN.NS] fetching fresh data
2026-07-17 05:43:20,346 [INFO] src.ingestion: [AXISBANK.NS] fetching fresh data
2026-07-17 05:43:21,385 [INFO] src.ingestion: [KOTAKBANK.NS] fetching fresh data
2026-07-17 05:43:22,264 [INFO] src.ingestion: [INDUSINDBK.NS] fetching fresh data
2026-07-17 05:43:23,145 [INFO] src.ingestion: [FEDERALBNK.NS] fetching fresh data
2026-07-17 05:43:24,019 [INFO] src.ingestion: [BANDHANBNK.NS] fetching fresh data
2026-07-17 05:43:24,865 [INFO] src.ingestion: [IDFCFIRSTB.NS] fetching fresh data
2026-07-17 05:43:25,763 [INFO] src.ingestion: [PNB.NS] fetching fresh data
2026-07-17 05:43:26,626 [INFO] src.ingestion: [BANKBARODA.NS] fetching fresh data
2026-07-17 05:43:27,490 [INFO] src.ingestion: [CANBK.NS] fetching fresh data
2026-07-17 05:43:28,354 [INFO] src.ingestion: [UNIONBANK.NS] fetching fresh data
2026-07-17 05:43:29,255 [INFO] src.ingestion: [AUBANK.NS] fetching fresh data
2026-07-17 05:43:30,127 [INFO] src.ingestion: [RBLBANK.NS] fetching fresh data
2026-07-17 05:43:30,978 [INFO] src.ingestion: [BANKINDIA.NS] fetching fresh data
2026-07-17 05:43:31,856 [INFO] src.ingestion: [CENTRALBK.NS] fetching fresh data
2026-07-17 05:43:32,803 [INFO] src.ingestion: [IOB.NS] fetching fresh data
2026-07-17 05:43:33,601 [INFO] src.ingestion: [UCOBANK.NS] fetching fresh data
2026-07-17 05:43:34,539 [INFO] src.ingestion: [BAJFINANCE.NS] fetching fresh data
2026-07-17 05:43:35,427 [INFO] src.ingestion: [BAJAJFINSV.NS] fetching fresh data
2026-07-17 05:43:36,342 [INFO] src.ingestion: [CHOLAFIN.NS] fetching fresh data
2026-07-17 05:43:37,230 [INFO] src.ingestion: [MUTHOOTFIN.NS] fetching fresh data
2026-07-17 05:43:38,115 [INFO] src.ingestion: [LICHSGFIN.NS] fetching fresh data
2026-07-17 05:43:39,008 [INFO] src.ingestion: [SHRIRAMFIN.NS] fetching fresh data
2026-07-17 05:43:39,898 [INFO] src.ingestion: [PFC.NS] fetching fresh data
2026-07-17 05:43:40,825 [INFO] src.ingestion: [RECLTD.NS] fetching fresh data
2026-07-17 05:43:41,716 [INFO] src.ingestion: [IRFC.NS] fetching fresh data
2026-07-17 05:43:42,696 [INFO] src.ingestion: [HUDCO.NS] fetching fresh data
2026-07-17 05:43:43,570 [INFO] src.ingestion: [BAJAJHLDNG.NS] fetching fresh data
2026-07-17 05:43:44,443 [INFO] src.ingestion: [SBICARD.NS] fetching fresh data
2026-07-17 05:43:45,320 [INFO] src.ingestion: [MANAPPURAM.NS] fetching fresh data
2026-07-17 05:43:46,217 [INFO] src.ingestion: [POONAWALLA.NS] fetching fresh data
2026-07-17 05:43:47,226 [INFO] src.ingestion: [HDFCLIFE.NS] fetching fresh data
2026-07-17 05:43:48,137 [INFO] src.ingestion: [SBILIFE.NS] fetching fresh data
2026-07-17 05:43:49,068 [INFO] src.ingestion: [ICICIPRULI.NS] fetching fresh data
2026-07-17 05:43:50,007 [INFO] src.ingestion: [ICICIGI.NS] fetching fresh data
2026-07-17 05:43:50,934 [INFO] src.ingestion: [LICI.NS] fetching fresh data
2026-07-17 05:43:51,887 [INFO] src.ingestion: [GICRE.NS] fetching fresh data
2026-07-17 05:43:52,795 [INFO] src.ingestion: [MARUTI.NS] fetching fresh data
2026-07-17 05:43:53,698 [INFO] src.ingestion: [TMPV.NS] fetching fresh data
2026-07-17 05:43:54,668 [INFO] src.ingestion: [TMCV.NS] fetching fresh data
2026-07-17 05:43:55,705 [INFO] src.ingestion: [M&M.NS] fetching fresh data
2026-07-17 05:43:56,633 [INFO] src.ingestion: [EICHERMOT.NS] fetching fresh data
2026-07-17 05:43:57,527 [INFO] src.ingestion: [HEROMOTOCO.NS] fetching fresh data
2026-07-17 05:43:58,629 [INFO] src.ingestion: [BAJAJ-AUTO.NS] fetching fresh data
2026-07-17 05:43:59,619 [INFO] src.ingestion: [TVSMOTOR.NS] fetching fresh data
2026-07-17 05:44:00,523 [INFO] src.ingestion: [ASHOKLEY.NS] fetching fresh data
2026-07-17 05:44:01,398 [INFO] src.ingestion: [BHARATFORG.NS] fetching fresh data
2026-07-17 05:44:02,347 [INFO] src.ingestion: [MOTHERSON.NS] fetching fresh data
2026-07-17 05:44:03,275 [INFO] src.ingestion: [BOSCHLTD.NS] fetching fresh data
2026-07-17 05:44:04,183 [INFO] src.ingestion: [MRF.NS] fetching fresh data
2026-07-17 05:44:05,100 [INFO] src.ingestion: [ENDURANCE.NS] fetching fresh data
2026-07-17 05:44:06,022 [INFO] src.ingestion: [EXIDEIND.NS] fetching fresh data
2026-07-17 05:44:06,916 [INFO] src.ingestion: [ARE&M.NS] fetching fresh data
2026-07-17 05:44:07,823 [INFO] src.ingestion: [SUNDRMFAST.NS] fetching fresh data
2026-07-17 05:44:08,752 [INFO] src.ingestion: [UNOMINDA.NS] fetching fresh data
2026-07-17 05:44:09,710 [INFO] src.ingestion: [SUNPHARMA.NS] fetching fresh data
2026-07-17 05:44:10,591 [INFO] src.ingestion: [DRREDDY.NS] fetching fresh data
2026-07-17 05:44:11,531 [INFO] src.ingestion: [CIPLA.NS] fetching fresh data
2026-07-17 05:44:12,514 [INFO] src.ingestion: [DIVISLAB.NS] fetching fresh data
2026-07-17 05:44:13,433 [INFO] src.ingestion: [LUPIN.NS] fetching fresh data
2026-07-17 05:44:14,359 [INFO] src.ingestion: [AUROPHARMA.NS] fetching fresh data
2026-07-17 05:44:15,329 [INFO] src.ingestion: [BIOCON.NS] fetching fresh data
2026-07-17 05:44:16,276 [INFO] src.ingestion: [TORNTPHARM.NS] fetching fresh data
2026-07-17 05:44:17,272 [INFO] src.ingestion: [ALKEM.NS] fetching fresh data
2026-07-17 05:44:18,234 [INFO] src.ingestion: [ABBOTINDIA.NS] fetching fresh data
2026-07-17 05:44:19,101 [INFO] src.ingestion: [APOLLOHOSP.NS] fetching fresh data
2026-07-17 05:44:20,029 [INFO] src.ingestion: [FORTIS.NS] fetching fresh data
2026-07-17 05:44:20,953 [INFO] src.ingestion: [LALPATHLAB.NS] fetching fresh data
2026-07-17 05:44:21,884 [INFO] src.ingestion: [METROPOLIS.NS] fetching fresh data
2026-07-17 05:44:22,797 [INFO] src.ingestion: [GLAND.NS] fetching fresh data
2026-07-17 05:44:23,708 [INFO] src.ingestion: [LAURUSLABS.NS] fetching fresh data
2026-07-17 05:44:24,554 [INFO] src.ingestion: [GLENMARK.NS] fetching fresh data
2026-07-17 05:44:25,477 [INFO] src.ingestion: [IPCALAB.NS] fetching fresh data
2026-07-17 05:44:26,375 [INFO] src.ingestion: [HINDUNILVR.NS] fetching fresh data
2026-07-17 05:44:27,343 [INFO] src.ingestion: [ITC.NS] fetching fresh data
2026-07-17 05:44:28,281 [INFO] src.ingestion: [NESTLEIND.NS] fetching fresh data
2026-07-17 05:44:29,131 [INFO] src.ingestion: [BRITANNIA.NS] fetching fresh data
2026-07-17 05:44:30,085 [INFO] src.ingestion: [DABUR.NS] fetching fresh data
2026-07-17 05:44:31,002 [INFO] src.ingestion: [GODREJCP.NS] fetching fresh data
2026-07-17 05:44:31,928 [INFO] src.ingestion: [MARICO.NS] fetching fresh data
2026-07-17 05:44:33,885 [INFO] src.ingestion: [COLPAL.NS] fetching fresh data
2026-07-17 05:44:34,732 [INFO] src.ingestion: [TATACONSUM.NS] fetching fresh data
2026-07-17 05:44:35,627 [INFO] src.ingestion: [VBL.NS] fetching fresh data
2026-07-17 05:44:36,746 [INFO] src.ingestion: [UNITDSPR.NS] fetching fresh data
2026-07-17 05:44:37,718 [INFO] src.ingestion: [EMAMILTD.NS] fetching fresh data
2026-07-17 05:44:38,602 [INFO] src.ingestion: [TATASTEEL.NS] fetching fresh data
2026-07-17 05:44:39,568 [INFO] src.ingestion: [JSWSTEEL.NS] fetching fresh data
2026-07-17 05:44:40,485 [INFO] src.ingestion: [HINDALCO.NS] fetching fresh data
2026-07-17 05:44:41,396 [INFO] src.ingestion: [VEDL.NS] fetching fresh data
2026-07-17 05:44:42,388 [INFO] src.ingestion: [COALINDIA.NS] fetching fresh data
2026-07-17 05:44:43,316 [INFO] src.ingestion: [NMDC.NS] fetching fresh data
2026-07-17 05:44:44,264 [INFO] src.ingestion: [SAIL.NS] fetching fresh data
2026-07-17 05:44:45,184 [INFO] src.ingestion: [JINDALSTEL.NS] fetching fresh data
2026-07-17 05:44:46,114 [INFO] src.ingestion: [APLAPOLLO.NS] fetching fresh data
2026-07-17 05:44:47,006 [INFO] src.ingestion: [NATIONALUM.NS] fetching fresh data
2026-07-17 05:44:47,846 [INFO] src.ingestion: [HINDCOPPER.NS] fetching fresh data
2026-07-17 05:44:48,744 [INFO] src.ingestion: [RATNAMANI.NS] fetching fresh data
2026-07-17 05:44:49,634 [INFO] src.ingestion: [HINDZINC.NS] fetching fresh data
2026-07-17 05:44:50,558 [INFO] src.ingestion: [WELCORP.NS] fetching fresh data
2026-07-17 05:44:51,499 [INFO] src.ingestion: [JSL.NS] fetching fresh data
2026-07-17 05:44:52,403 [INFO] src.ingestion: [RELIANCE.NS] fetching fresh data
2026-07-17 05:44:53,358 [INFO] src.ingestion: [ONGC.NS] fetching fresh data
2026-07-17 05:44:54,326 [INFO] src.ingestion: [BPCL.NS] fetching fresh data
2026-07-17 05:44:55,330 [INFO] src.ingestion: [IOC.NS] fetching fresh data
2026-07-17 05:44:56,308 [INFO] src.ingestion: [GAIL.NS] fetching fresh data
2026-07-17 05:44:57,248 [INFO] src.ingestion: [NTPC.NS] fetching fresh data
2026-07-17 05:44:58,191 [INFO] src.ingestion: [POWERGRID.NS] fetching fresh data
2026-07-17 05:44:59,148 [INFO] src.ingestion: [TATAPOWER.NS] fetching fresh data
2026-07-17 05:45:00,176 [INFO] src.ingestion: [ADANIGREEN.NS] fetching fresh data
2026-07-17 05:45:01,080 [INFO] src.ingestion: [ADANIPOWER.NS] fetching fresh data
2026-07-17 05:45:01,978 [INFO] src.ingestion: [TORNTPOWER.NS] fetching fresh data
2026-07-17 05:45:02,905 [INFO] src.ingestion: [LT.NS] fetching fresh data
2026-07-17 05:45:03,835 [INFO] src.ingestion: [SIEMENS.NS] fetching fresh data
2026-07-17 05:45:04,725 [INFO] src.ingestion: [ABB.NS] fetching fresh data
2026-07-17 05:45:05,580 [INFO] src.ingestion: [HAL.NS] fetching fresh data
2026-07-17 05:45:06,467 [INFO] src.ingestion: [BEL.NS] fetching fresh data
2026-07-17 05:45:07,494 [INFO] src.ingestion: [BHEL.NS] fetching fresh data
2026-07-17 05:45:08,364 [INFO] src.ingestion: [CUMMINSIND.NS] fetching fresh data
2026-07-17 05:45:09,273 [INFO] src.ingestion: [THERMAX.NS] fetching fresh data
2026-07-17 05:45:10,370 [INFO] src.ingestion: [POLYCAB.NS] fetching fresh data
2026-07-17 05:45:11,382 [INFO] src.ingestion: [KEI.NS] fetching fresh data
2026-07-17 05:45:12,272 [INFO] src.ingestion: [HAVELLS.NS] fetching fresh data
2026-07-17 05:45:13,214 [INFO] src.ingestion: [CROMPTON.NS] fetching fresh data
2026-07-17 05:45:14,177 [INFO] src.ingestion: [SUPREMEIND.NS] fetching fresh data
2026-07-17 05:45:15,079 [INFO] src.ingestion: [ASTRAL.NS] fetching fresh data
2026-07-17 05:45:16,027 [INFO] src.ingestion: [GRINDWELL.NS] fetching fresh data
2026-07-17 05:45:16,932 [INFO] src.ingestion: [CARBORUNIV.NS] fetching fresh data
2026-07-17 05:45:17,862 [INFO] src.ingestion: [TIMKEN.NS] fetching fresh data
2026-07-17 05:45:18,777 [INFO] src.ingestion: [SKFINDIA.NS] fetching fresh data
2026-07-17 05:45:19,684 [INFO] src.ingestion: [SRF.NS] fetching fresh data
2026-07-17 05:45:20,611 [INFO] src.ingestion: [PIIND.NS] fetching fresh data
2026-07-17 05:45:21,519 [INFO] src.ingestion: [DEEPAKNTR.NS] fetching fresh data
2026-07-17 05:45:22,449 [INFO] src.ingestion: [AARTIIND.NS] fetching fresh data
2026-07-17 05:45:23,347 [INFO] src.ingestion: [NAVINFLUOR.NS] fetching fresh data
2026-07-17 05:45:24,301 [INFO] src.ingestion: [UPL.NS] fetching fresh data
2026-07-17 05:45:25,188 [INFO] src.ingestion: [COROMANDEL.NS] fetching fresh data
2026-07-17 05:45:26,233 [INFO] src.ingestion: [CHAMBLFERT.NS] fetching fresh data
2026-07-17 05:45:27,162 [INFO] src.ingestion: [GNFC.NS] fetching fresh data
2026-07-17 05:45:28,178 [INFO] src.ingestion: [PIDILITIND.NS] fetching fresh data
2026-07-17 05:45:29,146 [INFO] src.ingestion: [TATACHEM.NS] fetching fresh data
2026-07-17 05:45:29,997 [INFO] src.ingestion: [GHCL.NS] fetching fresh data
2026-07-17 05:45:30,905 [INFO] src.ingestion: [TITAN.NS] fetching fresh data
2026-07-17 05:45:31,780 [INFO] src.ingestion: [DMART.NS] fetching fresh data
2026-07-17 05:45:32,671 [INFO] src.ingestion: [TRENT.NS] fetching fresh data
2026-07-17 05:45:33,548 [INFO] src.ingestion: [BATAINDIA.NS] fetching fresh data
2026-07-17 05:45:34,575 [INFO] src.ingestion: [PAGEIND.NS] fetching fresh data
2026-07-17 05:45:35,538 [INFO] src.ingestion: [JUBLFOOD.NS] fetching fresh data
2026-07-17 05:45:36,451 [INFO] src.ingestion: [VOLTAS.NS] fetching fresh data
2026-07-17 05:45:37,347 [INFO] src.ingestion: [DIXON.NS] fetching fresh data
2026-07-17 05:45:38,278 [INFO] src.ingestion: [RELAXO.NS] fetching fresh data
2026-07-17 05:45:39,257 [INFO] src.ingestion: [KAJARIACER.NS] fetching fresh data
2026-07-17 05:45:40,132 [INFO] src.ingestion: [WHIRLPOOL.NS] fetching fresh data
2026-07-17 05:45:41,025 [INFO] src.ingestion: [BLUESTARCO.NS] fetching fresh data
2026-07-17 05:45:41,931 [INFO] src.ingestion: [PGHH.NS] fetching fresh data
2026-07-17 05:45:42,859 [INFO] src.ingestion: [GILLETTE.NS] fetching fresh data
2026-07-17 05:45:43,743 [INFO] src.ingestion: [BHARTIARTL.NS] fetching fresh data
2026-07-17 05:45:44,622 [INFO] src.ingestion: [IDEA.NS] fetching fresh data
2026-07-17 05:45:45,551 [INFO] src.ingestion: [INDUSTOWER.NS] fetching fresh data
2026-07-17 05:45:46,507 [INFO] src.ingestion: [PVRINOX.NS] fetching fresh data
2026-07-17 05:45:47,449 [INFO] src.ingestion: [ZEEL.NS] fetching fresh data
2026-07-17 05:45:48,420 [INFO] src.ingestion: [ADANIPORTS.NS] fetching fresh data
2026-07-17 05:45:49,332 [INFO] src.ingestion: [ADANIENT.NS] fetching fresh data
2026-07-17 05:45:50,270 [INFO] src.ingestion: [GMRAIRPORT.NS] fetching fresh data
2026-07-17 05:45:51,178 [INFO] src.ingestion: [CONCOR.NS] fetching fresh data
2026-07-17 05:45:52,135 [INFO] src.ingestion: [IRCTC.NS] fetching fresh data
2026-07-17 05:45:52,989 [INFO] src.ingestion: [INDIGO.NS] fetching fresh data
2026-07-17 05:45:53,900 [INFO] src.ingestion: [RVNL.NS] fetching fresh data
2026-07-17 05:45:54,814 [INFO] src.ingestion: [IRCON.NS] fetching fresh data
2026-07-17 05:45:55,755 [INFO] src.ingestion: [NBCC.NS] fetching fresh data
2026-07-17 05:45:56,652 [INFO] src.ingestion: [NCC.NS] fetching fresh data
2026-07-17 05:45:57,542 [INFO] src.ingestion: [MAZDOCK.NS] fetching fresh data
2026-07-17 05:45:58,462 [INFO] src.ingestion: [COCHINSHIP.NS] fetching fresh data
2026-07-17 05:45:59,430 [INFO] src.ingestion: [DLF.NS] fetching fresh data
2026-07-17 05:46:00,364 [INFO] src.ingestion: [GODREJPROP.NS] fetching fresh data
2026-07-17 05:46:01,264 [INFO] src.ingestion: [OBEROIRLTY.NS] fetching fresh data
2026-07-17 05:46:02,153 [INFO] src.ingestion: [PRESTIGE.NS] fetching fresh data
2026-07-17 05:46:03,070 [INFO] src.ingestion: [PHOENIXLTD.NS] fetching fresh data
2026-07-17 05:46:04,074 [INFO] src.ingestion: [SOBHA.NS] fetching fresh data
2026-07-17 05:46:05,137 [INFO] src.ingestion: Fetched 200/201 tickers successfully
2026-07-17 05:46:05,138 [WARNING] src.ingestion: Failed tickers (excluded from downstream, not silently zeroed): ['LTIM.NS']
2026-07-17 05:46:05,138 [INFO] __main__: Ingestion validation passed: 200/201 tickers (100%)
2026-07-17 05:46:05,138 [INFO] __main__: === Stage 2/8: Cleaning ===
2026-07-17 05:46:05,146 [WARNING] src.cleaning: [CROMPTON.NS] EXCLUDED: missing critical fields: ['trailing_pe']
2026-07-17 05:46:05,146 [WARNING] src.cleaning: [INDIGO.NS] EXCLUDED: missing critical fields: ['trailing_pe']
2026-07-17 05:46:05,146 [WARNING] src.cleaning: [LTIM.NS] EXCLUDED: ingestion failed: yfinance returned an empty info payload for LTIM.NS (no exception, but no usable data — likely a transient Yahoo-side issue or an invalid/delisted symbol)
2026-07-17 05:46:05,147 [WARNING] src.cleaning: [TATACHEM.NS] EXCLUDED: missing critical fields: ['trailing_pe']
2026-07-17 05:46:05,147 [WARNING] src.cleaning: [TMPV.NS] EXCLUDED: missing critical fields: ['trailing_pe']
2026-07-17 05:46:05,147 [INFO] src.cleaning: [ABB.NS] non-critical missing fields: ['return_on_equity']
2026-07-17 05:46:05,147 [INFO] src.cleaning: [AUBANK.NS] non-critical missing fields: ['ev_to_ebitda', 'return_on_equity', 'debt_to_equity']
2026-07-17 05:46:05,147 [INFO] src.cleaning: [AXISBANK.NS] non-critical missing fields: ['ev_to_ebitda', 'debt_to_equity']
2026-07-17 05:46:05,147 [WARNING] src.cleaning: [BAJAJHLDNG.NS] outlier values flagged: ['net_margin']
2026-07-17 05:46:05,147 [INFO] src.cleaning: [BAJFINANCE.NS] non-critical missing fields: ['ev_to_ebitda']
2026-07-17 05:46:05,147 [INFO] src.cleaning: [BANDHANBNK.NS] non-critical missing fields: ['ev_to_ebitda', 'debt_to_equity']
2026-07-17 05:46:05,147 [INFO] src.cleaning: [BANKBARODA.NS] non-critical missing fields: ['ev_to_ebitda', 'debt_to_equity']
2026-07-17 05:46:05,147 [INFO] src.cleaning: [BANKINDIA.NS] non-critical missing fields: ['ev_to_ebitda', 'debt_to_equity']
2026-07-17 05:46:05,147 [INFO] src.cleaning: [CANBK.NS] non-critical missing fields: ['ev_to_ebitda', 'debt_to_equity']
2026-07-17 05:46:05,147 [INFO] src.cleaning: [CENTRALBK.NS] non-critical missing fields: ['ev_to_ebitda', 'debt_to_equity']
2026-07-17 05:46:05,147 [INFO] src.cleaning: [CHOLAFIN.NS] non-critical missing fields: ['ev_to_ebitda']
2026-07-17 05:46:05,147 [INFO] src.cleaning: [DMART.NS] non-critical missing fields: ['return_on_equity']
2026-07-17 05:46:05,147 [INFO] src.cleaning: [FEDERALBNK.NS] non-critical missing fields: ['ev_to_ebitda', 'debt_to_equity']
2026-07-17 05:46:05,147 [INFO] src.cleaning: [GICRE.NS] non-critical missing fields: ['debt_to_equity']
2026-07-17 05:46:05,147 [WARNING] src.cleaning: [GMRAIRPORT.NS] outlier values flagged: ['trailing_pe']
2026-07-17 05:46:05,147 [WARNING] src.cleaning: [GMRAIRPORT.NS] negative/zero equity — DuPont ROE math will be invalid downstream
2026-07-17 05:46:05,148 [INFO] src.cleaning: [GMRAIRPORT.NS] non-critical missing fields: ['return_on_equity', 'debt_to_equity']
2026-07-17 05:46:05,148 [WARNING] src.cleaning: [HCLTECH.NS] outlier values flagged: ['ev_to_ebitda']
2026-07-17 05:46:05,148 [INFO] src.cleaning: [HDFCBANK.NS] non-critical missing fields: ['ev_to_ebitda', 'debt_to_equity']
2026-07-17 05:46:05,148 [INFO] src.cleaning: [HUDCO.NS] non-critical missing fields: ['ev_to_ebitda']
2026-07-17 05:46:05,148 [INFO] src.cleaning: [ICICIBANK.NS] non-critical missing fields: ['ev_to_ebitda', 'debt_to_equity']
2026-07-17 05:46:05,148 [INFO] src.cleaning: [ICICIGI.NS] non-critical missing fields: ['debt_to_equity']
2026-07-17 05:46:05,148 [WARNING] src.cleaning: [IDEA.NS] negative/zero equity — DuPont ROE math will be invalid downstream
2026-07-17 05:46:05,148 [INFO] src.cleaning: [IDEA.NS] non-critical missing fields: ['return_on_equity', 'debt_to_equity']
2026-07-17 05:46:05,148 [INFO] src.cleaning: [IDFCFIRSTB.NS] non-critical missing fields: ['ev_to_ebitda', 'return_on_equity', 'debt_to_equity', 'total_debt']
2026-07-17 05:46:05,148 [INFO] src.cleaning: [INDUSINDBK.NS] non-critical missing fields: ['ev_to_ebitda', 'debt_to_equity']
2026-07-17 05:46:05,148 [WARNING] src.cleaning: [INFY.NS] outlier values flagged: ['ev_to_ebitda']
2026-07-17 05:46:05,148 [INFO] src.cleaning: [IOB.NS] non-critical missing fields: ['ev_to_ebitda', 'debt_to_equity']
2026-07-17 05:46:05,148 [INFO] src.cleaning: [IRFC.NS] non-critical missing fields: ['ev_to_ebitda']
2026-07-17 05:46:05,148 [INFO] src.cleaning: [KOTAKBANK.NS] non-critical missing fields: ['ev_to_ebitda', 'debt_to_equity']
2026-07-17 05:46:05,148 [INFO] src.cleaning: [LICHSGFIN.NS] non-critical missing fields: ['ev_to_ebitda']
2026-07-17 05:46:05,148 [INFO] src.cleaning: [LICI.NS] non-critical missing fields: ['debt_to_equity']
2026-07-17 05:46:05,148 [INFO] src.cleaning: [LTTS.NS] non-critical missing fields: ['return_on_equity']
2026-07-17 05:46:05,148 [INFO] src.cleaning: [MANAPPURAM.NS] non-critical missing fields: ['ev_to_ebitda']
2026-07-17 05:46:05,148 [INFO] src.cleaning: [MUTHOOTFIN.NS] non-critical missing fields: ['ev_to_ebitda']
2026-07-17 05:46:05,148 [INFO] src.cleaning: [PFC.NS] non-critical missing fields: ['ev_to_ebitda']
2026-07-17 05:46:05,148 [INFO] src.cleaning: [PNB.NS] non-critical missing fields: ['ev_to_ebitda', 'debt_to_equity']
2026-07-17 05:46:05,148 [INFO] src.cleaning: [POONAWALLA.NS] non-critical missing fields: ['ev_to_ebitda']
2026-07-17 05:46:05,148 [INFO] src.cleaning: [RBLBANK.NS] non-critical missing fields: ['ev_to_ebitda', 'return_on_equity', 'debt_to_equity']
2026-07-17 05:46:05,148 [INFO] src.cleaning: [RECLTD.NS] non-critical missing fields: ['ev_to_ebitda']
2026-07-17 05:46:05,148 [INFO] src.cleaning: [SBICARD.NS] non-critical missing fields: ['ev_to_ebitda']
2026-07-17 05:46:05,148 [INFO] src.cleaning: [SBILIFE.NS] non-critical missing fields: ['debt_to_equity']
2026-07-17 05:46:05,148 [INFO] src.cleaning: [SBIN.NS] non-critical missing fields: ['ev_to_ebitda', 'debt_to_equity']
2026-07-17 05:46:05,148 [INFO] src.cleaning: [SHREECEM.NS] non-critical missing fields: ['return_on_equity']
2026-07-17 05:46:05,149 [INFO] src.cleaning: [SHRIRAMFIN.NS] non-critical missing fields: ['ev_to_ebitda']
2026-07-17 05:46:05,149 [INFO] src.cleaning: [SIEMENS.NS] non-critical missing fields: ['return_on_equity']
2026-07-17 05:46:05,149 [INFO] src.cleaning: [TATAELXSI.NS] non-critical missing fields: ['return_on_equity']
2026-07-17 05:46:05,149 [INFO] src.cleaning: [UCOBANK.NS] non-critical missing fields: ['ev_to_ebitda', 'debt_to_equity']
2026-07-17 05:46:05,149 [INFO] src.cleaning: [UNIONBANK.NS] non-critical missing fields: ['ev_to_ebitda', 'debt_to_equity', 'revenue_growth', 'total_debt']
2026-07-17 05:46:05,149 [INFO] src.cleaning: [VBL.NS] non-critical missing fields: ['return_on_equity']
2026-07-17 05:46:05,158 [INFO] src.cleaning: Cleaned 196/201 tickers -> data/processed/cleaned_universe.csv
2026-07-17 05:46:05,158 [INFO] src.cleaning: Full flag audit trail -> data/processed/cleaning_flags.csv
2026-07-17 05:46:05,158 [INFO] __main__: Cleaning validation passed: 196/201 tickers retained (98%)
2026-07-17 05:46:05,158 [INFO] __main__: === Stage 3/8: Scoring ===
2026-07-17 05:46:05,216 [INFO] src.scoring: Scored 196 companies -> data/processed/scored_universe.csv
2026-07-17 05:46:05,216 [INFO] src.scoring: Top 10 shortlist -> data/processed/shortlist_top_n.csv
2026-07-17 05:46:05,217 [WARNING] src.scoring: 25 companies scored on fewer than all 4 buckets (reweighted, not zero-filled) — see 'buckets_used' column: ['UNIONBANK.NS', 'LICI.NS', 'CANBK.NS', 'BANKINDIA.NS', 'PNB.NS', 'ICICIGI.NS', 'IDEA.NS', 'IOB.NS', 'GICRE.NS', 'ICICIBANK.NS', 'BANKBARODA.NS', 'SBIN.NS', 'AXISBANK.NS', 'FEDERALBNK.NS', 'CENTRALBK.NS', 'HDFCBANK.NS', 'IDFCFIRSTB.NS', 'GMRAIRPORT.NS', 'UCOBANK.NS', 'BANDHANBNK.NS', 'RBLBANK.NS', 'AUBANK.NS', 'KOTAKBANK.NS', 'INDUSINDBK.NS', 'SBILIFE.NS']
2026-07-17 05:46:05,219 [INFO] __main__: Scoring validation passed: 196 companies ranked, all scores in valid range
2026-07-17 05:46:05,219 [INFO] __main__: === Stage 4/8: Comps + DuPont ===
2026-07-17 05:46:05,230 [INFO] src.comps_dupont: Comps + DuPont report for top 10 -> data/processed/comps_dupont_report.csv
2026-07-17 05:46:05,231 [WARNING] src.comps_dupont: 1 companies have a DuPont-implied ROE that diverges >5pp from reported ROE (possible data inconsistency, worth a manual check): ['LICI.NS']
2026-07-17 05:46:05,231 [INFO] __main__: === Stage 5/8: Explainability ===
2026-07-17 05:46:05,267 [INFO] src.explainability: Explanations for top 10 companies -> data/processed/explanations.csv
2026-07-17 05:46:05,267 [INFO] __main__: === Stage 6/8: Baseline Comparison ===
2026-07-17 05:46:05,274 [INFO] src.baseline_comparison: Baseline comparison -> data/processed/baseline_comparison.csv
2026-07-17 05:46:05,274 [INFO] __main__: === Stage 7/8: Acquisition Likelihood ===
2026-07-17 05:46:05,278 [INFO] src.acquisition_likelihood: 2 companies excluded from acquisition-likelihood scoring (negative/zero equity — financial distress, not a value-target thesis): ['IDEA.NS', 'GMRAIRPORT.NS']
2026-07-17 05:46:05,289 [INFO] src.acquisition_likelihood: Acquisition likelihood scoring -> data/processed/acquisition_likelihood.csv
2026-07-17 05:46:05,290 [INFO] __main__: === Stage 8/8: Historical Snapshot ===
2026-07-17 05:46:05,295 [INFO] src.history_tracker: Recorded shortlist snapshot for 2026-07-17 (10 companies) -> data/history/shortlist_history.csv (1 distinct days tracked so far)
2026-07-17 05:46:05,298 [INFO] src.history_tracker: Recorded acquisition-likelihood snapshot for 2026-07-17 (10 companies) -> data/history/acquisition_likelihood_history.csv (1 distinct days tracked so far)
2026-07-17 05:46:05,298 [INFO] __main__: === Pipeline completed successfully ===
2026-07-17 05:46:05,298 [INFO] __main__:   ingestion: {'total': 201, 'ok': 200}
2026-07-17 05:46:05,298 [INFO] __main__:   cleaning: {'retained': 196, 'input': 201}
2026-07-17 05:46:05,299 [INFO] __main__:   scoring: {'ranked': 196}
2026-07-17 05:46:05,299 [INFO] __main__:   comps_dupont: {'companies': 10}
2026-07-17 05:46:05,299 [INFO] __main__:   explainability: {'companies': 10}
2026-07-17 05:46:05,299 [INFO] __main__:   baseline_comparison: {'correlation': np.float64(0.4607288288216498), 'overlap_pct': 0.1}
2026-07-17 05:46:05,299 [INFO] __main__:   acquisition_likelihood: {'companies': 10}
2026-07-17 05:46:05,299 [INFO] __main__:   history_tracker: {'recorded': True}
