2026-09-12 07:42:25,514 [INFO] __main__: Logging to file: logs/pipeline_run_2026-09-12T07-42-25Z.log
2026-09-12 07:42:25,514 [INFO] __main__: === Stage 1/8: Ingestion ===
2026-09-12 07:42:25,545 [INFO] src.ingestion: [ACC.NS] fetching fresh data
2026-09-12 07:42:26,564 [INFO] src.ingestion: [AMBUJACEM.NS] fetching fresh data
2026-09-12 07:42:27,398 [INFO] src.ingestion: [ULTRACEMCO.NS] fetching fresh data
2026-09-12 07:42:28,227 [INFO] src.ingestion: [SHREECEM.NS] fetching fresh data
2026-09-12 07:42:29,151 [INFO] src.ingestion: [JKCEMENT.NS] fetching fresh data
2026-09-12 07:42:29,985 [INFO] src.ingestion: [RAMCOCEM.NS] fetching fresh data
2026-09-12 07:42:30,968 [INFO] src.ingestion: [HEIDELBERG.NS] fetching fresh data
2026-09-12 07:42:32,078 [INFO] src.ingestion: [DALBHARAT.NS] fetching fresh data
2026-09-12 07:42:33,043 [INFO] src.ingestion: [INFY.NS] fetching fresh data
2026-09-12 07:42:33,864 [INFO] src.ingestion: [TCS.NS] fetching fresh data
2026-09-12 07:42:34,668 [INFO] src.ingestion: [WIPRO.NS] fetching fresh data
2026-09-12 07:42:35,726 [INFO] src.ingestion: [HCLTECH.NS] fetching fresh data
2026-09-12 07:42:36,588 [INFO] src.ingestion: [TECHM.NS] fetching fresh data
2026-09-12 07:42:37,548 [INFO] src.ingestion: [LTIM.NS] fetching fresh data
2026-09-12 07:42:37,680 [ERROR] yfinance: HTTP Error 404: {"quoteSummary":{"result":null,"error":{"code":"Not Found","description":"Quote not found for symbol: LTIM.NS"}}}
2026-09-12 07:42:37,772 [WARNING] src.ingestion: [LTIM.NS] attempt 1 failed: yfinance returned an empty info payload for LTIM.NS (no exception, but no usable data — likely a transient Yahoo-side issue or an invalid/delisted symbol)
2026-09-12 07:42:39,923 [ERROR] yfinance: HTTP Error 404: {"quoteSummary":{"result":null,"error":{"code":"Not Found","description":"Quote not found for symbol: LTIM.NS"}}}
2026-09-12 07:42:39,968 [WARNING] src.ingestion: [LTIM.NS] attempt 2 failed: yfinance returned an empty info payload for LTIM.NS (no exception, but no usable data — likely a transient Yahoo-side issue or an invalid/delisted symbol)
2026-09-12 07:42:44,129 [ERROR] yfinance: HTTP Error 404: {"quoteSummary":{"result":null,"error":{"code":"Not Found","description":"Quote not found for symbol: LTIM.NS"}}}
2026-09-12 07:42:44,174 [WARNING] src.ingestion: [LTIM.NS] attempt 3 failed: yfinance returned an empty info payload for LTIM.NS (no exception, but no usable data — likely a transient Yahoo-side issue or an invalid/delisted symbol)
2026-09-12 07:42:44,574 [INFO] src.ingestion: [PERSISTENT.NS] fetching fresh data
2026-09-12 07:42:45,483 [INFO] src.ingestion: [COFORGE.NS] fetching fresh data
2026-09-12 07:42:46,440 [INFO] src.ingestion: [MPHASIS.NS] fetching fresh data
2026-09-12 07:42:47,239 [INFO] src.ingestion: [LTTS.NS] fetching fresh data
2026-09-12 07:42:48,176 [INFO] src.ingestion: [TATAELXSI.NS] fetching fresh data
2026-09-12 07:42:49,184 [INFO] src.ingestion: [CYIENT.NS] fetching fresh data
2026-09-12 07:42:50,077 [INFO] src.ingestion: [KPITTECH.NS] fetching fresh data
2026-09-12 07:42:51,069 [INFO] src.ingestion: [HDFCBANK.NS] fetching fresh data
2026-09-12 07:42:52,050 [INFO] src.ingestion: [ICICIBANK.NS] fetching fresh data
2026-09-12 07:42:52,876 [INFO] src.ingestion: [SBIN.NS] fetching fresh data
2026-09-12 07:42:53,776 [INFO] src.ingestion: [AXISBANK.NS] fetching fresh data
2026-09-12 07:42:54,676 [INFO] src.ingestion: [KOTAKBANK.NS] fetching fresh data
2026-09-12 07:42:55,495 [INFO] src.ingestion: [INDUSINDBK.NS] fetching fresh data
2026-09-12 07:42:56,450 [INFO] src.ingestion: [FEDERALBNK.NS] fetching fresh data
2026-09-12 07:42:57,232 [INFO] src.ingestion: [BANDHANBNK.NS] fetching fresh data
2026-09-12 07:42:58,134 [INFO] src.ingestion: [IDFCFIRSTB.NS] fetching fresh data
2026-09-12 07:42:59,009 [INFO] src.ingestion: [PNB.NS] fetching fresh data
2026-09-12 07:42:59,778 [INFO] src.ingestion: [BANKBARODA.NS] fetching fresh data
2026-09-12 07:43:00,733 [INFO] src.ingestion: [CANBK.NS] fetching fresh data
2026-09-12 07:43:01,555 [INFO] src.ingestion: [UNIONBANK.NS] fetching fresh data
2026-09-12 07:43:02,347 [INFO] src.ingestion: [AUBANK.NS] fetching fresh data
2026-09-12 07:43:03,231 [INFO] src.ingestion: [RBLBANK.NS] fetching fresh data
2026-09-12 07:43:04,040 [INFO] src.ingestion: [BANKINDIA.NS] fetching fresh data
2026-09-12 07:43:04,972 [INFO] src.ingestion: [CENTRALBK.NS] fetching fresh data
2026-09-12 07:43:05,993 [INFO] src.ingestion: [IOB.NS] fetching fresh data
2026-09-12 07:43:06,894 [INFO] src.ingestion: [UCOBANK.NS] fetching fresh data
2026-09-12 07:43:07,837 [INFO] src.ingestion: [BAJFINANCE.NS] fetching fresh data
2026-09-12 07:43:08,810 [INFO] src.ingestion: [BAJAJFINSV.NS] fetching fresh data
2026-09-12 07:43:09,714 [INFO] src.ingestion: [CHOLAFIN.NS] fetching fresh data
2026-09-12 07:43:10,596 [INFO] src.ingestion: [MUTHOOTFIN.NS] fetching fresh data
2026-09-12 07:43:11,507 [INFO] src.ingestion: [LICHSGFIN.NS] fetching fresh data
2026-09-12 07:43:12,295 [INFO] src.ingestion: [SHRIRAMFIN.NS] fetching fresh data
2026-09-12 07:43:13,105 [INFO] src.ingestion: [PFC.NS] fetching fresh data
2026-09-12 07:43:13,908 [INFO] src.ingestion: [RECLTD.NS] fetching fresh data
2026-09-12 07:43:14,765 [INFO] src.ingestion: [IRFC.NS] fetching fresh data
2026-09-12 07:43:15,597 [INFO] src.ingestion: [HUDCO.NS] fetching fresh data
2026-09-12 07:43:16,590 [INFO] src.ingestion: [BAJAJHLDNG.NS] fetching fresh data
2026-09-12 07:43:17,530 [INFO] src.ingestion: [SBICARD.NS] fetching fresh data
2026-09-12 07:43:18,475 [INFO] src.ingestion: [MANAPPURAM.NS] fetching fresh data
2026-09-12 07:43:19,287 [INFO] src.ingestion: [POONAWALLA.NS] fetching fresh data
2026-09-12 07:43:20,241 [INFO] src.ingestion: [HDFCLIFE.NS] fetching fresh data
2026-09-12 07:43:21,370 [INFO] src.ingestion: [SBILIFE.NS] fetching fresh data
2026-09-12 07:43:22,240 [INFO] src.ingestion: [ICICIPRULI.NS] fetching fresh data
2026-09-12 07:43:23,185 [INFO] src.ingestion: [ICICIGI.NS] fetching fresh data
2026-09-12 07:43:24,019 [INFO] src.ingestion: [LICI.NS] fetching fresh data
2026-09-12 07:43:24,912 [INFO] src.ingestion: [GICRE.NS] fetching fresh data
2026-09-12 07:43:25,689 [INFO] src.ingestion: [MARUTI.NS] fetching fresh data
2026-09-12 07:43:26,621 [INFO] src.ingestion: [TMPV.NS] fetching fresh data
2026-09-12 07:43:27,663 [INFO] src.ingestion: [TMCV.NS] fetching fresh data
2026-09-12 07:43:28,542 [INFO] src.ingestion: [M&M.NS] fetching fresh data
2026-09-12 07:43:29,382 [INFO] src.ingestion: [EICHERMOT.NS] fetching fresh data
2026-09-12 07:43:30,358 [INFO] src.ingestion: [HEROMOTOCO.NS] fetching fresh data
2026-09-12 07:43:31,354 [INFO] src.ingestion: [BAJAJ-AUTO.NS] fetching fresh data
2026-09-12 07:43:32,336 [INFO] src.ingestion: [TVSMOTOR.NS] fetching fresh data
2026-09-12 07:43:33,285 [INFO] src.ingestion: [ASHOKLEY.NS] fetching fresh data
2026-09-12 07:43:34,344 [INFO] src.ingestion: [BHARATFORG.NS] fetching fresh data
2026-09-12 07:43:35,287 [INFO] src.ingestion: [MOTHERSON.NS] fetching fresh data
2026-09-12 07:43:36,211 [INFO] src.ingestion: [BOSCHLTD.NS] fetching fresh data
2026-09-12 07:43:37,211 [INFO] src.ingestion: [MRF.NS] fetching fresh data
2026-09-12 07:43:38,125 [INFO] src.ingestion: [ENDURANCE.NS] fetching fresh data
2026-09-12 07:43:39,109 [INFO] src.ingestion: [EXIDEIND.NS] fetching fresh data
2026-09-12 07:43:40,088 [INFO] src.ingestion: [ARE&M.NS] fetching fresh data
2026-09-12 07:43:40,984 [INFO] src.ingestion: [SUNDRMFAST.NS] fetching fresh data
2026-09-12 07:43:41,879 [INFO] src.ingestion: [UNOMINDA.NS] fetching fresh data
2026-09-12 07:43:42,833 [INFO] src.ingestion: [SUNPHARMA.NS] fetching fresh data
2026-09-12 07:43:43,616 [INFO] src.ingestion: [DRREDDY.NS] fetching fresh data
2026-09-12 07:43:44,501 [INFO] src.ingestion: [CIPLA.NS] fetching fresh data
2026-09-12 07:43:45,467 [INFO] src.ingestion: [DIVISLAB.NS] fetching fresh data
2026-09-12 07:43:46,426 [INFO] src.ingestion: [LUPIN.NS] fetching fresh data
2026-09-12 07:43:47,194 [INFO] src.ingestion: [AUROPHARMA.NS] fetching fresh data
2026-09-12 07:43:48,119 [INFO] src.ingestion: [BIOCON.NS] fetching fresh data
2026-09-12 07:43:49,096 [INFO] src.ingestion: [TORNTPHARM.NS] fetching fresh data
2026-09-12 07:43:49,966 [INFO] src.ingestion: [ALKEM.NS] fetching fresh data
2026-09-12 07:43:50,781 [INFO] src.ingestion: [ABBOTINDIA.NS] fetching fresh data
2026-09-12 07:43:51,556 [INFO] src.ingestion: [APOLLOHOSP.NS] fetching fresh data
2026-09-12 07:43:52,522 [INFO] src.ingestion: [FORTIS.NS] fetching fresh data
2026-09-12 07:43:53,572 [INFO] src.ingestion: [LALPATHLAB.NS] fetching fresh data
2026-09-12 07:43:54,386 [INFO] src.ingestion: [METROPOLIS.NS] fetching fresh data
2026-09-12 07:43:55,230 [INFO] src.ingestion: [GLAND.NS] fetching fresh data
2026-09-12 07:43:56,103 [INFO] src.ingestion: [LAURUSLABS.NS] fetching fresh data
2026-09-12 07:43:57,042 [INFO] src.ingestion: [GLENMARK.NS] fetching fresh data
2026-09-12 07:43:57,854 [INFO] src.ingestion: [IPCALAB.NS] fetching fresh data
2026-09-12 07:43:58,696 [INFO] src.ingestion: [HINDUNILVR.NS] fetching fresh data
2026-09-12 07:43:59,534 [INFO] src.ingestion: [ITC.NS] fetching fresh data
2026-09-12 07:44:00,521 [INFO] src.ingestion: [NESTLEIND.NS] fetching fresh data
2026-09-12 07:44:01,457 [INFO] src.ingestion: [BRITANNIA.NS] fetching fresh data
2026-09-12 07:44:02,410 [INFO] src.ingestion: [DABUR.NS] fetching fresh data
2026-09-12 07:44:03,351 [INFO] src.ingestion: [GODREJCP.NS] fetching fresh data
2026-09-12 07:44:04,328 [INFO] src.ingestion: [MARICO.NS] fetching fresh data
2026-09-12 07:44:05,159 [INFO] src.ingestion: [COLPAL.NS] fetching fresh data
2026-09-12 07:44:06,118 [INFO] src.ingestion: [TATACONSUM.NS] fetching fresh data
2026-09-12 07:44:07,114 [INFO] src.ingestion: [VBL.NS] fetching fresh data
2026-09-12 07:44:08,132 [INFO] src.ingestion: [UNITDSPR.NS] fetching fresh data
2026-09-12 07:44:08,940 [INFO] src.ingestion: [EMAMILTD.NS] fetching fresh data
2026-09-12 07:44:09,889 [INFO] src.ingestion: [TATASTEEL.NS] fetching fresh data
2026-09-12 07:44:10,859 [INFO] src.ingestion: [JSWSTEEL.NS] fetching fresh data
2026-09-12 07:44:11,782 [INFO] src.ingestion: [HINDALCO.NS] fetching fresh data
2026-09-12 07:44:12,693 [INFO] src.ingestion: [VEDL.NS] fetching fresh data
2026-09-12 07:44:13,761 [INFO] src.ingestion: [COALINDIA.NS] fetching fresh data
2026-09-12 07:44:14,676 [INFO] src.ingestion: [NMDC.NS] fetching fresh data
2026-09-12 07:44:15,688 [INFO] src.ingestion: [SAIL.NS] fetching fresh data
2026-09-12 07:44:16,768 [INFO] src.ingestion: [JINDALSTEL.NS] fetching fresh data
2026-09-12 07:44:17,630 [INFO] src.ingestion: [APLAPOLLO.NS] fetching fresh data
2026-09-12 07:44:18,604 [INFO] src.ingestion: [NATIONALUM.NS] fetching fresh data
2026-09-12 07:44:19,448 [INFO] src.ingestion: [HINDCOPPER.NS] fetching fresh data
2026-09-12 07:44:20,384 [INFO] src.ingestion: [RATNAMANI.NS] fetching fresh data
2026-09-12 07:44:21,306 [INFO] src.ingestion: [HINDZINC.NS] fetching fresh data
2026-09-12 07:44:22,300 [INFO] src.ingestion: [WELCORP.NS] fetching fresh data
2026-09-12 07:44:23,119 [INFO] src.ingestion: [JSL.NS] fetching fresh data
2026-09-12 07:44:24,070 [INFO] src.ingestion: [RELIANCE.NS] fetching fresh data
2026-09-12 07:44:24,841 [INFO] src.ingestion: [ONGC.NS] fetching fresh data
2026-09-12 07:44:25,816 [INFO] src.ingestion: [BPCL.NS] fetching fresh data
2026-09-12 07:44:26,728 [INFO] src.ingestion: [IOC.NS] fetching fresh data
2026-09-12 07:44:27,549 [INFO] src.ingestion: [GAIL.NS] fetching fresh data
2026-09-12 07:44:28,387 [INFO] src.ingestion: [NTPC.NS] fetching fresh data
2026-09-12 07:44:29,388 [INFO] src.ingestion: [POWERGRID.NS] fetching fresh data
2026-09-12 07:44:30,257 [INFO] src.ingestion: [TATAPOWER.NS] fetching fresh data
2026-09-12 07:44:31,158 [INFO] src.ingestion: [ADANIGREEN.NS] fetching fresh data
2026-09-12 07:44:31,957 [INFO] src.ingestion: [ADANIPOWER.NS] fetching fresh data
2026-09-12 07:44:32,923 [INFO] src.ingestion: [TORNTPOWER.NS] fetching fresh data
2026-09-12 07:44:33,815 [INFO] src.ingestion: [LT.NS] fetching fresh data
2026-09-12 07:44:34,740 [INFO] src.ingestion: [SIEMENS.NS] fetching fresh data
2026-09-12 07:44:35,753 [INFO] src.ingestion: [ABB.NS] fetching fresh data
2026-09-12 07:44:36,585 [INFO] src.ingestion: [HAL.NS] fetching fresh data
2026-09-12 07:44:37,512 [INFO] src.ingestion: [BEL.NS] fetching fresh data
2026-09-12 07:44:38,485 [INFO] src.ingestion: [BHEL.NS] fetching fresh data
2026-09-12 07:44:39,519 [INFO] src.ingestion: [CUMMINSIND.NS] fetching fresh data
2026-09-12 07:44:40,432 [INFO] src.ingestion: [THERMAX.NS] fetching fresh data
2026-09-12 07:44:41,411 [INFO] src.ingestion: [POLYCAB.NS] fetching fresh data
2026-09-12 07:44:42,359 [INFO] src.ingestion: [KEI.NS] fetching fresh data
2026-09-12 07:44:43,248 [INFO] src.ingestion: [HAVELLS.NS] fetching fresh data
2026-09-12 07:44:44,102 [INFO] src.ingestion: [CROMPTON.NS] fetching fresh data
2026-09-12 07:44:45,161 [INFO] src.ingestion: [SUPREMEIND.NS] fetching fresh data
2026-09-12 07:44:46,073 [INFO] src.ingestion: [ASTRAL.NS] fetching fresh data
2026-09-12 07:44:46,959 [INFO] src.ingestion: [GRINDWELL.NS] fetching fresh data
2026-09-12 07:44:47,799 [INFO] src.ingestion: [CARBORUNIV.NS] fetching fresh data
2026-09-12 07:44:48,689 [INFO] src.ingestion: [TIMKEN.NS] fetching fresh data
2026-09-12 07:44:49,571 [INFO] src.ingestion: [SKFINDIA.NS] fetching fresh data
2026-09-12 07:44:50,351 [INFO] src.ingestion: [SRF.NS] fetching fresh data
2026-09-12 07:44:51,335 [INFO] src.ingestion: [PIIND.NS] fetching fresh data
2026-09-12 07:44:52,161 [INFO] src.ingestion: [DEEPAKNTR.NS] fetching fresh data
2026-09-12 07:44:53,062 [INFO] src.ingestion: [AARTIIND.NS] fetching fresh data
2026-09-12 07:44:53,969 [INFO] src.ingestion: [NAVINFLUOR.NS] fetching fresh data
2026-09-12 07:44:54,882 [INFO] src.ingestion: [UPL.NS] fetching fresh data
2026-09-12 07:44:55,903 [INFO] src.ingestion: [COROMANDEL.NS] fetching fresh data
2026-09-12 07:44:56,797 [INFO] src.ingestion: [CHAMBLFERT.NS] fetching fresh data
2026-09-12 07:44:57,769 [INFO] src.ingestion: [GNFC.NS] fetching fresh data
2026-09-12 07:44:58,693 [INFO] src.ingestion: [PIDILITIND.NS] fetching fresh data
2026-09-12 07:44:59,539 [INFO] src.ingestion: [TATACHEM.NS] fetching fresh data
2026-09-12 07:45:00,398 [INFO] src.ingestion: [GHCL.NS] fetching fresh data
2026-09-12 07:45:01,270 [INFO] src.ingestion: [TITAN.NS] fetching fresh data
2026-09-12 07:45:02,102 [INFO] src.ingestion: [DMART.NS] fetching fresh data
2026-09-12 07:45:03,010 [INFO] src.ingestion: [TRENT.NS] fetching fresh data
2026-09-12 07:45:03,832 [INFO] src.ingestion: [BATAINDIA.NS] fetching fresh data
2026-09-12 07:45:04,649 [INFO] src.ingestion: [PAGEIND.NS] fetching fresh data
2026-09-12 07:45:05,552 [INFO] src.ingestion: [JUBLFOOD.NS] fetching fresh data
2026-09-12 07:45:06,380 [INFO] src.ingestion: [VOLTAS.NS] fetching fresh data
2026-09-12 07:45:07,349 [INFO] src.ingestion: [DIXON.NS] fetching fresh data
2026-09-12 07:45:08,287 [INFO] src.ingestion: [RELAXO.NS] fetching fresh data
2026-09-12 07:45:09,158 [INFO] src.ingestion: [KAJARIACER.NS] fetching fresh data
2026-09-12 07:45:10,145 [INFO] src.ingestion: [WHIRLPOOL.NS] fetching fresh data
2026-09-12 07:45:11,070 [INFO] src.ingestion: [BLUESTARCO.NS] fetching fresh data
2026-09-12 07:45:11,928 [INFO] src.ingestion: [PGHH.NS] fetching fresh data
2026-09-12 07:45:12,769 [INFO] src.ingestion: [GILLETTE.NS] fetching fresh data
2026-09-12 07:45:13,765 [INFO] src.ingestion: [BHARTIARTL.NS] fetching fresh data
2026-09-12 07:45:14,593 [INFO] src.ingestion: [IDEA.NS] fetching fresh data
2026-09-12 07:45:15,399 [INFO] src.ingestion: [INDUSTOWER.NS] fetching fresh data
2026-09-12 07:45:16,633 [INFO] src.ingestion: [PVRINOX.NS] fetching fresh data
2026-09-12 07:45:17,532 [INFO] src.ingestion: [ZEEL.NS] fetching fresh data
2026-09-12 07:45:18,414 [INFO] src.ingestion: [ADANIPORTS.NS] fetching fresh data
2026-09-12 07:45:19,354 [INFO] src.ingestion: [ADANIENT.NS] fetching fresh data
2026-09-12 07:45:20,247 [INFO] src.ingestion: [GMRAIRPORT.NS] fetching fresh data
2026-09-12 07:45:21,169 [INFO] src.ingestion: [CONCOR.NS] fetching fresh data
2026-09-12 07:45:21,969 [INFO] src.ingestion: [IRCTC.NS] fetching fresh data
2026-09-12 07:45:22,909 [INFO] src.ingestion: [INDIGO.NS] fetching fresh data
2026-09-12 07:45:23,868 [INFO] src.ingestion: [RVNL.NS] fetching fresh data
2026-09-12 07:45:24,767 [INFO] src.ingestion: [IRCON.NS] fetching fresh data
2026-09-12 07:45:25,700 [INFO] src.ingestion: [NBCC.NS] fetching fresh data
2026-09-12 07:45:26,679 [INFO] src.ingestion: [NCC.NS] fetching fresh data
2026-09-12 07:45:27,657 [INFO] src.ingestion: [MAZDOCK.NS] fetching fresh data
2026-09-12 07:45:28,499 [INFO] src.ingestion: [COCHINSHIP.NS] fetching fresh data
2026-09-12 07:45:29,442 [INFO] src.ingestion: [DLF.NS] fetching fresh data
2026-09-12 07:45:30,459 [INFO] src.ingestion: [GODREJPROP.NS] fetching fresh data
2026-09-12 07:45:31,292 [INFO] src.ingestion: [OBEROIRLTY.NS] fetching fresh data
2026-09-12 07:45:32,177 [INFO] src.ingestion: [PRESTIGE.NS] fetching fresh data
2026-09-12 07:45:33,022 [INFO] src.ingestion: [PHOENIXLTD.NS] fetching fresh data
2026-09-12 07:45:34,059 [INFO] src.ingestion: [SOBHA.NS] fetching fresh data
2026-09-12 07:45:35,043 [INFO] src.ingestion: Fetched 200/201 tickers successfully
2026-09-12 07:45:35,044 [WARNING] src.ingestion: Failed tickers (excluded from downstream, not silently zeroed): ['LTIM.NS']
2026-09-12 07:45:35,044 [INFO] __main__: Ingestion validation passed: 200/201 tickers (100%)
2026-09-12 07:45:35,044 [INFO] __main__: === Stage 2/8: Cleaning ===
2026-09-12 07:45:35,052 [WARNING] src.cleaning: [ASHOKLEY.NS] EXCLUDED: missing critical fields: ['market_cap']
2026-09-12 07:45:35,052 [WARNING] src.cleaning: [BIOCON.NS] EXCLUDED: missing critical fields: ['market_cap']
2026-09-12 07:45:35,052 [WARNING] src.cleaning: [BOSCHLTD.NS] EXCLUDED: missing critical fields: ['market_cap']
2026-09-12 07:45:35,052 [WARNING] src.cleaning: [IOC.NS] EXCLUDED: missing critical fields: ['market_cap']
2026-09-12 07:45:35,052 [WARNING] src.cleaning: [JUBLFOOD.NS] EXCLUDED: missing critical fields: ['market_cap']
2026-09-12 07:45:35,052 [WARNING] src.cleaning: [LTIM.NS] EXCLUDED: ingestion failed: yfinance returned an empty info payload for LTIM.NS (no exception, but no usable data — likely a transient Yahoo-side issue or an invalid/delisted symbol)
2026-09-12 07:45:35,052 [WARNING] src.cleaning: [RECLTD.NS] EXCLUDED: missing critical fields: ['market_cap']
2026-09-12 07:45:35,053 [WARNING] src.cleaning: [RELIANCE.NS] EXCLUDED: missing critical fields: ['market_cap']
2026-09-12 07:45:35,053 [WARNING] src.cleaning: [TCS.NS] EXCLUDED: missing critical fields: ['market_cap']
2026-09-12 07:45:35,053 [WARNING] src.cleaning: [TVSMOTOR.NS] EXCLUDED: missing critical fields: ['market_cap']
2026-09-12 07:45:35,053 [INFO] src.cleaning: [AARTIIND.NS] non-critical missing fields: ['return_on_equity']
2026-09-12 07:45:35,053 [INFO] src.cleaning: [ABBOTINDIA.NS] non-critical missing fields: ['return_on_equity']
2026-09-12 07:45:35,053 [INFO] src.cleaning: [ACC.NS] non-critical missing fields: ['return_on_equity']
2026-09-12 07:45:35,053 [INFO] src.cleaning: [ADANIENT.NS] non-critical missing fields: ['return_on_equity']
2026-09-12 07:45:35,053 [INFO] src.cleaning: [ADANIGREEN.NS] non-critical missing fields: ['return_on_equity']
2026-09-12 07:45:35,053 [INFO] src.cleaning: [ADANIPORTS.NS] non-critical missing fields: ['return_on_equity']
2026-09-12 07:45:35,053 [INFO] src.cleaning: [ADANIPOWER.NS] non-critical missing fields: ['return_on_equity']
2026-09-12 07:45:35,053 [INFO] src.cleaning: [ALKEM.NS] non-critical missing fields: ['return_on_equity']
2026-09-12 07:45:35,053 [INFO] src.cleaning: [AMBUJACEM.NS] non-critical missing fields: ['return_on_equity']
2026-09-12 07:45:35,053 [INFO] src.cleaning: [APLAPOLLO.NS] non-critical missing fields: ['return_on_equity']
2026-09-12 07:45:35,054 [INFO] src.cleaning: [APOLLOHOSP.NS] non-critical missing fields: ['return_on_equity']
2026-09-12 07:45:35,054 [INFO] src.cleaning: [ARE&M.NS] non-critical missing fields: ['return_on_equity']
2026-09-12 07:45:35,054 [INFO] src.cleaning: [ASTRAL.NS] non-critical missing fields: ['return_on_equity']
2026-09-12 07:45:35,054 [INFO] src.cleaning: [AUBANK.NS] non-critical missing fields: ['ev_to_ebitda', 'return_on_equity', 'debt_to_equity']
2026-09-12 07:45:35,054 [INFO] src.cleaning: [AUROPHARMA.NS] non-critical missing fields: ['return_on_equity']
2026-09-12 07:45:35,054 [INFO] src.cleaning: [AXISBANK.NS] non-critical missing fields: ['ev_to_ebitda', 'debt_to_equity']
2026-09-12 07:45:35,054 [INFO] src.cleaning: [BAJAJ-AUTO.NS] non-critical missing fields: ['return_on_equity']
2026-09-12 07:45:35,054 [INFO] src.cleaning: [BAJAJFINSV.NS] non-critical missing fields: ['return_on_equity']
2026-09-12 07:45:35,054 [WARNING] src.cleaning: [BAJAJHLDNG.NS] outlier values flagged: ['net_margin']
2026-09-12 07:45:35,054 [INFO] src.cleaning: [BAJFINANCE.NS] non-critical missing fields: ['ev_to_ebitda', 'return_on_equity']
2026-09-12 07:45:35,054 [INFO] src.cleaning: [BANDHANBNK.NS] non-critical missing fields: ['ev_to_ebitda', 'return_on_equity', 'debt_to_equity']
2026-09-12 07:45:35,054 [INFO] src.cleaning: [BANKBARODA.NS] non-critical missing fields: ['ev_to_ebitda', 'debt_to_equity']
2026-09-12 07:45:35,054 [INFO] src.cleaning: [BANKINDIA.NS] non-critical missing fields: ['ev_to_ebitda', 'debt_to_equity']
2026-09-12 07:45:35,054 [INFO] src.cleaning: [BATAINDIA.NS] non-critical missing fields: ['return_on_equity']
2026-09-12 07:45:35,054 [INFO] src.cleaning: [BEL.NS] non-critical missing fields: ['return_on_equity']
2026-09-12 07:45:35,054 [INFO] src.cleaning: [BHARATFORG.NS] non-critical missing fields: ['return_on_equity']
2026-09-12 07:45:35,054 [INFO] src.cleaning: [BHEL.NS] non-critical missing fields: ['return_on_equity']
2026-09-12 07:45:35,054 [INFO] src.cleaning: [BLUESTARCO.NS] non-critical missing fields: ['return_on_equity']
2026-09-12 07:45:35,054 [INFO] src.cleaning: [BPCL.NS] non-critical missing fields: ['return_on_equity']
2026-09-12 07:45:35,054 [INFO] src.cleaning: [BRITANNIA.NS] non-critical missing fields: ['return_on_equity']
2026-09-12 07:45:35,054 [INFO] src.cleaning: [CANBK.NS] non-critical missing fields: ['ev_to_ebitda', 'return_on_equity', 'debt_to_equity']
2026-09-12 07:45:35,054 [INFO] src.cleaning: [CARBORUNIV.NS] non-critical missing fields: ['return_on_equity']
2026-09-12 07:45:35,055 [INFO] src.cleaning: [CENTRALBK.NS] non-critical missing fields: ['ev_to_ebitda', 'debt_to_equity']
2026-09-12 07:45:35,055 [INFO] src.cleaning: [CHAMBLFERT.NS] non-critical missing fields: ['return_on_equity']
2026-09-12 07:45:35,055 [INFO] src.cleaning: [CHOLAFIN.NS] non-critical missing fields: ['ev_to_ebitda', 'return_on_equity']
2026-09-12 07:45:35,055 [INFO] src.cleaning: [CIPLA.NS] non-critical missing fields: ['return_on_equity']
2026-09-12 07:45:35,055 [INFO] src.cleaning: [COALINDIA.NS] non-critical missing fields: ['return_on_equity']
2026-09-12 07:45:35,055 [INFO] src.cleaning: [COCHINSHIP.NS] non-critical missing fields: ['return_on_equity']
2026-09-12 07:45:35,055 [INFO] src.cleaning: [COFORGE.NS] non-critical missing fields: ['return_on_equity']
2026-09-12 07:45:35,055 [INFO] src.cleaning: [COLPAL.NS] non-critical missing fields: ['return_on_equity']
2026-09-12 07:45:35,055 [INFO] src.cleaning: [CONCOR.NS] non-critical missing fields: ['return_on_equity']
2026-09-12 07:45:35,055 [INFO] src.cleaning: [COROMANDEL.NS] non-critical missing fields: ['return_on_equity']
2026-09-12 07:45:35,055 [INFO] src.cleaning: [CROMPTON.NS] non-critical missing fields: ['trailing_pe', 'return_on_equity']
2026-09-12 07:45:35,055 [INFO] src.cleaning: [CUMMINSIND.NS] non-critical missing fields: ['return_on_equity']
2026-09-12 07:45:35,055 [INFO] src.cleaning: [CYIENT.NS] non-critical missing fields: ['return_on_equity']
2026-09-12 07:45:35,055 [INFO] src.cleaning: [DABUR.NS] non-critical missing fields: ['return_on_equity']
2026-09-12 07:45:35,055 [INFO] src.cleaning: [DALBHARAT.NS] non-critical missing fields: ['return_on_equity']
2026-09-12 07:45:35,055 [INFO] src.cleaning: [DEEPAKNTR.NS] non-critical missing fields: ['return_on_equity']
2026-09-12 07:45:35,055 [INFO] src.cleaning: [DIVISLAB.NS] non-critical missing fields: ['return_on_equity']
2026-09-12 07:45:35,055 [INFO] src.cleaning: [DIXON.NS] non-critical missing fields: ['return_on_equity']
2026-09-12 07:45:35,055 [INFO] src.cleaning: [DMART.NS] non-critical missing fields: ['return_on_equity']
2026-09-12 07:45:35,056 [INFO] src.cleaning: [EICHERMOT.NS] non-critical missing fields: ['return_on_equity']
2026-09-12 07:45:35,056 [INFO] src.cleaning: [EMAMILTD.NS] non-critical missing fields: ['return_on_equity']
2026-09-12 07:45:35,056 [INFO] src.cleaning: [ENDURANCE.NS] non-critical missing fields: ['return_on_equity']
2026-09-12 07:45:35,056 [INFO] src.cleaning: [EXIDEIND.NS] non-critical missing fields: ['return_on_equity']
2026-09-12 07:45:35,056 [INFO] src.cleaning: [FEDERALBNK.NS] non-critical missing fields: ['ev_to_ebitda', 'return_on_equity', 'debt_to_equity']
2026-09-12 07:45:35,056 [INFO] src.cleaning: [FORTIS.NS] non-critical missing fields: ['return_on_equity']
2026-09-12 07:45:35,056 [INFO] src.cleaning: [GAIL.NS] non-critical missing fields: ['return_on_equity']
2026-09-12 07:45:35,056 [INFO] src.cleaning: [GHCL.NS] non-critical missing fields: ['return_on_equity']
2026-09-12 07:45:35,056 [INFO] src.cleaning: [GICRE.NS] non-critical missing fields: ['ev_to_ebitda', 'debt_to_equity']
2026-09-12 07:45:35,056 [INFO] src.cleaning: [GILLETTE.NS] non-critical missing fields: ['return_on_equity']
2026-09-12 07:45:35,056 [INFO] src.cleaning: [GLAND.NS] non-critical missing fields: ['return_on_equity']
2026-09-12 07:45:35,056 [INFO] src.cleaning: [GLENMARK.NS] non-critical missing fields: ['return_on_equity']
2026-09-12 07:45:35,056 [WARNING] src.cleaning: [GMRAIRPORT.NS] negative/zero equity — DuPont ROE math will be invalid downstream
2026-09-12 07:45:35,056 [INFO] src.cleaning: [GMRAIRPORT.NS] non-critical missing fields: ['return_on_equity', 'debt_to_equity']
2026-09-12 07:45:35,056 [INFO] src.cleaning: [GNFC.NS] non-critical missing fields: ['return_on_equity']
2026-09-12 07:45:35,056 [INFO] src.cleaning: [GODREJCP.NS] non-critical missing fields: ['return_on_equity']
2026-09-12 07:45:35,056 [INFO] src.cleaning: [GODREJPROP.NS] non-critical missing fields: ['return_on_equity']
2026-09-12 07:45:35,056 [INFO] src.cleaning: [GRINDWELL.NS] non-critical missing fields: ['return_on_equity']
2026-09-12 07:45:35,057 [INFO] src.cleaning: [HAL.NS] non-critical missing fields: ['return_on_equity']
2026-09-12 07:45:35,057 [INFO] src.cleaning: [HAVELLS.NS] non-critical missing fields: ['return_on_equity']
2026-09-12 07:45:35,057 [WARNING] src.cleaning: [HCLTECH.NS] outlier values flagged: ['ev_to_ebitda']
2026-09-12 07:45:35,057 [INFO] src.cleaning: [HDFCBANK.NS] non-critical missing fields: ['ev_to_ebitda', 'debt_to_equity']
2026-09-12 07:45:35,057 [INFO] src.cleaning: [HEIDELBERG.NS] non-critical missing fields: ['return_on_equity']
2026-09-12 07:45:35,057 [INFO] src.cleaning: [HEROMOTOCO.NS] non-critical missing fields: ['return_on_equity']
2026-09-12 07:45:35,057 [INFO] src.cleaning: [HINDALCO.NS] non-critical missing fields: ['return_on_equity']
2026-09-12 07:45:35,057 [INFO] src.cleaning: [HINDCOPPER.NS] non-critical missing fields: ['return_on_equity']
2026-09-12 07:45:35,057 [INFO] src.cleaning: [HINDUNILVR.NS] non-critical missing fields: ['return_on_equity']
2026-09-12 07:45:35,057 [INFO] src.cleaning: [HINDZINC.NS] non-critical missing fields: ['return_on_equity']
2026-09-12 07:45:35,057 [INFO] src.cleaning: [HUDCO.NS] non-critical missing fields: ['ev_to_ebitda', 'return_on_equity']
2026-09-12 07:45:35,057 [INFO] src.cleaning: [ICICIBANK.NS] non-critical missing fields: ['ev_to_ebitda', 'debt_to_equity']
2026-09-12 07:45:35,057 [INFO] src.cleaning: [ICICIGI.NS] non-critical missing fields: ['debt_to_equity']
2026-09-12 07:45:35,057 [WARNING] src.cleaning: [IDEA.NS] negative/zero equity — DuPont ROE math will be invalid downstream
2026-09-12 07:45:35,057 [INFO] src.cleaning: [IDEA.NS] non-critical missing fields: ['return_on_equity', 'debt_to_equity']
2026-09-12 07:45:35,057 [INFO] src.cleaning: [IDFCFIRSTB.NS] non-critical missing fields: ['ev_to_ebitda', 'return_on_equity', 'debt_to_equity', 'total_debt']
2026-09-12 07:45:35,057 [INFO] src.cleaning: [INDIGO.NS] non-critical missing fields: ['trailing_pe', 'return_on_equity']
2026-09-12 07:45:35,057 [INFO] src.cleaning: [INDUSINDBK.NS] non-critical missing fields: ['ev_to_ebitda', 'return_on_equity', 'debt_to_equity']
2026-09-12 07:45:35,057 [WARNING] src.cleaning: [INFY.NS] outlier values flagged: ['ev_to_ebitda']
2026-09-12 07:45:35,058 [INFO] src.cleaning: [IOB.NS] non-critical missing fields: ['ev_to_ebitda', 'debt_to_equity']
2026-09-12 07:45:35,058 [INFO] src.cleaning: [IPCALAB.NS] non-critical missing fields: ['return_on_equity']
2026-09-12 07:45:35,058 [INFO] src.cleaning: [IRCON.NS] non-critical missing fields: ['return_on_equity']
2026-09-12 07:45:35,058 [INFO] src.cleaning: [IRCTC.NS] non-critical missing fields: ['return_on_equity']
2026-09-12 07:45:35,058 [INFO] src.cleaning: [IRFC.NS] non-critical missing fields: ['ev_to_ebitda', 'return_on_equity']
2026-09-12 07:45:35,058 [INFO] src.cleaning: [ITC.NS] non-critical missing fields: ['return_on_equity']
2026-09-12 07:45:35,058 [INFO] src.cleaning: [JINDALSTEL.NS] non-critical missing fields: ['return_on_equity']
2026-09-12 07:45:35,058 [INFO] src.cleaning: [JKCEMENT.NS] non-critical missing fields: ['return_on_equity']
2026-09-12 07:45:35,058 [INFO] src.cleaning: [JSL.NS] non-critical missing fields: ['return_on_equity']
2026-09-12 07:45:35,058 [INFO] src.cleaning: [JSWSTEEL.NS] non-critical missing fields: ['return_on_equity']
2026-09-12 07:45:35,058 [INFO] src.cleaning: [KAJARIACER.NS] non-critical missing fields: ['return_on_equity']
2026-09-12 07:45:35,058 [INFO] src.cleaning: [KEI.NS] non-critical missing fields: ['return_on_equity']
2026-09-12 07:45:35,058 [INFO] src.cleaning: [KOTAKBANK.NS] non-critical missing fields: ['ev_to_ebitda', 'return_on_equity', 'debt_to_equity']
2026-09-12 07:45:35,058 [INFO] src.cleaning: [KPITTECH.NS] non-critical missing fields: ['return_on_equity']
2026-09-12 07:45:35,058 [INFO] src.cleaning: [LALPATHLAB.NS] non-critical missing fields: ['return_on_equity']
2026-09-12 07:45:35,058 [INFO] src.cleaning: [LAURUSLABS.NS] non-critical missing fields: ['return_on_equity']
2026-09-12 07:45:35,058 [INFO] src.cleaning: [LICHSGFIN.NS] non-critical missing fields: ['ev_to_ebitda', 'return_on_equity']
2026-09-12 07:45:35,058 [INFO] src.cleaning: [LICI.NS] non-critical missing fields: ['return_on_equity']
2026-09-12 07:45:35,058 [INFO] src.cleaning: [LTTS.NS] non-critical missing fields: ['return_on_equity']
2026-09-12 07:45:35,058 [INFO] src.cleaning: [LT.NS] non-critical missing fields: ['return_on_equity']
2026-09-12 07:45:35,058 [INFO] src.cleaning: [LUPIN.NS] non-critical missing fields: ['return_on_equity']
2026-09-12 07:45:35,058 [INFO] src.cleaning: [M&M.NS] non-critical missing fields: ['return_on_equity']
2026-09-12 07:45:35,059 [INFO] src.cleaning: [MANAPPURAM.NS] non-critical missing fields: ['ev_to_ebitda', 'return_on_equity']
2026-09-12 07:45:35,059 [INFO] src.cleaning: [MARICO.NS] non-critical missing fields: ['return_on_equity']
2026-09-12 07:45:35,059 [INFO] src.cleaning: [MARUTI.NS] non-critical missing fields: ['return_on_equity']
2026-09-12 07:45:35,059 [INFO] src.cleaning: [MAZDOCK.NS] non-critical missing fields: ['return_on_equity']
2026-09-12 07:45:35,059 [INFO] src.cleaning: [METROPOLIS.NS] non-critical missing fields: ['return_on_equity']
2026-09-12 07:45:35,059 [INFO] src.cleaning: [MOTHERSON.NS] non-critical missing fields: ['return_on_equity']
2026-09-12 07:45:35,059 [INFO] src.cleaning: [MRF.NS] non-critical missing fields: ['return_on_equity']
2026-09-12 07:45:35,059 [INFO] src.cleaning: [MUTHOOTFIN.NS] non-critical missing fields: ['ev_to_ebitda']
2026-09-12 07:45:35,059 [INFO] src.cleaning: [NATIONALUM.NS] non-critical missing fields: ['return_on_equity']
2026-09-12 07:45:35,059 [INFO] src.cleaning: [NAVINFLUOR.NS] non-critical missing fields: ['return_on_equity']
2026-09-12 07:45:35,059 [INFO] src.cleaning: [NBCC.NS] non-critical missing fields: ['return_on_equity']
2026-09-12 07:45:35,059 [INFO] src.cleaning: [NCC.NS] non-critical missing fields: ['return_on_equity']
2026-09-12 07:45:35,059 [INFO] src.cleaning: [NESTLEIND.NS] non-critical missing fields: ['return_on_equity']
2026-09-12 07:45:35,059 [INFO] src.cleaning: [NMDC.NS] non-critical missing fields: ['return_on_equity']
2026-09-12 07:45:35,059 [INFO] src.cleaning: [NTPC.NS] non-critical missing fields: ['return_on_equity']
2026-09-12 07:45:35,059 [INFO] src.cleaning: [OBEROIRLTY.NS] non-critical missing fields: ['return_on_equity']
2026-09-12 07:45:35,059 [INFO] src.cleaning: [ONGC.NS] non-critical missing fields: ['return_on_equity']
2026-09-12 07:45:35,059 [INFO] src.cleaning: [PAGEIND.NS] non-critical missing fields: ['return_on_equity']
2026-09-12 07:45:35,059 [INFO] src.cleaning: [PFC.NS] non-critical missing fields: ['ev_to_ebitda', 'return_on_equity']
2026-09-12 07:45:35,060 [INFO] src.cleaning: [PGHH.NS] non-critical missing fields: ['return_on_equity']
2026-09-12 07:45:35,060 [INFO] src.cleaning: [PHOENIXLTD.NS] non-critical missing fields: ['return_on_equity']
2026-09-12 07:45:35,060 [INFO] src.cleaning: [PIDILITIND.NS] non-critical missing fields: ['return_on_equity']
2026-09-12 07:45:35,060 [INFO] src.cleaning: [PIIND.NS] non-critical missing fields: ['return_on_equity']
2026-09-12 07:45:35,060 [INFO] src.cleaning: [PNB.NS] non-critical missing fields: ['ev_to_ebitda', 'debt_to_equity']
2026-09-12 07:45:35,060 [INFO] src.cleaning: [POONAWALLA.NS] non-critical missing fields: ['ev_to_ebitda', 'return_on_equity']
2026-09-12 07:45:35,060 [INFO] src.cleaning: [POWERGRID.NS] non-critical missing fields: ['return_on_equity']
2026-09-12 07:45:35,060 [INFO] src.cleaning: [PVRINOX.NS] non-critical missing fields: ['return_on_equity']
2026-09-12 07:45:35,060 [INFO] src.cleaning: [RAMCOCEM.NS] non-critical missing fields: ['return_on_equity']
2026-09-12 07:45:35,060 [INFO] src.cleaning: [RATNAMANI.NS] non-critical missing fields: ['return_on_equity']
2026-09-12 07:45:35,060 [INFO] src.cleaning: [RBLBANK.NS] non-critical missing fields: ['ev_to_ebitda', 'return_on_equity', 'debt_to_equity']
2026-09-12 07:45:35,060 [INFO] src.cleaning: [RELAXO.NS] non-critical missing fields: ['return_on_equity']
2026-09-12 07:45:35,060 [INFO] src.cleaning: [RVNL.NS] non-critical missing fields: ['return_on_equity']
2026-09-12 07:45:35,060 [INFO] src.cleaning: [SAIL.NS] non-critical missing fields: ['return_on_equity']
2026-09-12 07:45:35,060 [INFO] src.cleaning: [SBICARD.NS] non-critical missing fields: ['ev_to_ebitda', 'return_on_equity']
2026-09-12 07:45:35,060 [INFO] src.cleaning: [SBILIFE.NS] non-critical missing fields: ['debt_to_equity']
2026-09-12 07:45:35,060 [INFO] src.cleaning: [SBIN.NS] non-critical missing fields: ['ev_to_ebitda', 'debt_to_equity']
2026-09-12 07:45:35,060 [INFO] src.cleaning: [SHREECEM.NS] non-critical missing fields: ['return_on_equity']
2026-09-12 07:45:35,060 [INFO] src.cleaning: [SHRIRAMFIN.NS] non-critical missing fields: ['ev_to_ebitda']
2026-09-12 07:45:35,061 [INFO] src.cleaning: [SIEMENS.NS] non-critical missing fields: ['return_on_equity']
2026-09-12 07:45:35,061 [INFO] src.cleaning: [SKFINDIA.NS] non-critical missing fields: ['return_on_equity']
2026-09-12 07:45:35,061 [INFO] src.cleaning: [SOBHA.NS] non-critical missing fields: ['return_on_equity']
2026-09-12 07:45:35,061 [INFO] src.cleaning: [SRF.NS] non-critical missing fields: ['return_on_equity']
2026-09-12 07:45:35,061 [INFO] src.cleaning: [SUNDRMFAST.NS] non-critical missing fields: ['return_on_equity']
2026-09-12 07:45:35,061 [INFO] src.cleaning: [SUNPHARMA.NS] non-critical missing fields: ['return_on_equity']
2026-09-12 07:45:35,061 [INFO] src.cleaning: [SUPREMEIND.NS] non-critical missing fields: ['return_on_equity']
2026-09-12 07:45:35,061 [INFO] src.cleaning: [TATACHEM.NS] non-critical missing fields: ['trailing_pe', 'return_on_equity']
2026-09-12 07:45:35,061 [INFO] src.cleaning: [TATACONSUM.NS] non-critical missing fields: ['return_on_equity']
2026-09-12 07:45:35,061 [INFO] src.cleaning: [TATAELXSI.NS] non-critical missing fields: ['return_on_equity']
2026-09-12 07:45:35,061 [INFO] src.cleaning: [TATAPOWER.NS] non-critical missing fields: ['return_on_equity']
2026-09-12 07:45:35,061 [INFO] src.cleaning: [TATASTEEL.NS] non-critical missing fields: ['return_on_equity']
2026-09-12 07:45:35,061 [INFO] src.cleaning: [TECHM.NS] non-critical missing fields: ['return_on_equity']
2026-09-12 07:45:35,061 [INFO] src.cleaning: [THERMAX.NS] non-critical missing fields: ['return_on_equity']
2026-09-12 07:45:35,061 [INFO] src.cleaning: [TIMKEN.NS] non-critical missing fields: ['return_on_equity']
2026-09-12 07:45:35,061 [INFO] src.cleaning: [TITAN.NS] non-critical missing fields: ['return_on_equity']
2026-09-12 07:45:35,061 [INFO] src.cleaning: [TMCV.NS] non-critical missing fields: ['return_on_equity']
2026-09-12 07:45:35,061 [INFO] src.cleaning: [TMPV.NS] non-critical missing fields: ['trailing_pe', 'return_on_equity']
2026-09-12 07:45:35,061 [INFO] src.cleaning: [TORNTPHARM.NS] non-critical missing fields: ['return_on_equity']
2026-09-12 07:45:35,062 [INFO] src.cleaning: [TORNTPOWER.NS] non-critical missing fields: ['return_on_equity']
2026-09-12 07:45:35,062 [INFO] src.cleaning: [TRENT.NS] non-critical missing fields: ['return_on_equity']
2026-09-12 07:45:35,062 [INFO] src.cleaning: [UCOBANK.NS] non-critical missing fields: ['ev_to_ebitda', 'debt_to_equity']
2026-09-12 07:45:35,062 [INFO] src.cleaning: [ULTRACEMCO.NS] non-critical missing fields: ['return_on_equity']
2026-09-12 07:45:35,062 [INFO] src.cleaning: [UNIONBANK.NS] non-critical missing fields: ['ev_to_ebitda', 'debt_to_equity', 'revenue_growth', 'total_debt']
2026-09-12 07:45:35,062 [INFO] src.cleaning: [UNITDSPR.NS] non-critical missing fields: ['return_on_equity']
2026-09-12 07:45:35,062 [INFO] src.cleaning: [UNOMINDA.NS] non-critical missing fields: ['return_on_equity']
2026-09-12 07:45:35,062 [INFO] src.cleaning: [UPL.NS] non-critical missing fields: ['return_on_equity']
2026-09-12 07:45:35,062 [INFO] src.cleaning: [VEDL.NS] non-critical missing fields: ['return_on_equity']
2026-09-12 07:45:35,062 [INFO] src.cleaning: [VOLTAS.NS] non-critical missing fields: ['return_on_equity']
2026-09-12 07:45:35,062 [INFO] src.cleaning: [WELCORP.NS] non-critical missing fields: ['return_on_equity']
2026-09-12 07:45:35,062 [INFO] src.cleaning: [WHIRLPOOL.NS] non-critical missing fields: ['return_on_equity']
2026-09-12 07:45:35,062 [INFO] src.cleaning: [ZEEL.NS] non-critical missing fields: ['return_on_equity']
2026-09-12 07:45:35,069 [INFO] src.cleaning: Cleaned 191/201 tickers -> data/processed/cleaned_universe.csv
2026-09-12 07:45:35,069 [INFO] src.cleaning: Full flag audit trail -> data/processed/cleaning_flags.csv
2026-09-12 07:45:35,070 [INFO] __main__: Cleaning validation passed: 191/201 tickers retained (95%)
2026-09-12 07:45:35,070 [INFO] __main__: === Stage 3/8: Scoring ===
2026-09-12 07:45:35,127 [INFO] src.scoring: Scored 191 companies -> data/processed/scored_universe.csv
2026-09-12 07:45:35,127 [INFO] src.scoring: Top 10 shortlist -> data/processed/shortlist_top_n.csv
2026-09-12 07:45:35,128 [WARNING] src.scoring: 24 companies scored on fewer than all 4 buckets (reweighted, not zero-filled) — see 'buckets_used' column: ['UNIONBANK.NS', 'IOB.NS', 'BANKINDIA.NS', 'CANBK.NS', 'PNB.NS', 'ICICIGI.NS', 'IDEA.NS', 'GICRE.NS', 'UCOBANK.NS', 'FEDERALBNK.NS', 'BANKBARODA.NS', 'AXISBANK.NS', 'KOTAKBANK.NS', 'SBIN.NS', 'ICICIBANK.NS', 'CENTRALBK.NS', 'SBILIFE.NS', 'HDFCBANK.NS', 'AUBANK.NS', 'IDFCFIRSTB.NS', 'BANDHANBNK.NS', 'GMRAIRPORT.NS', 'RBLBANK.NS', 'INDUSINDBK.NS']
2026-09-12 07:45:35,129 [INFO] __main__: Scoring validation passed: 191 companies ranked, all scores in valid range
2026-09-12 07:45:35,130 [INFO] __main__: === Stage 4/8: Comps + DuPont ===
2026-09-12 07:45:35,141 [INFO] src.comps_dupont: Comps + DuPont report for top 10 -> data/processed/comps_dupont_report.csv
2026-09-12 07:45:35,142 [WARNING] src.comps_dupont: 1 companies have a DuPont-implied ROE that diverges >5pp from reported ROE (possible data inconsistency, worth a manual check): ['IOB.NS']
2026-09-12 07:45:35,142 [INFO] __main__: === Stage 5/8: Explainability ===
2026-09-12 07:45:35,178 [INFO] src.explainability: Explanations for top 10 companies -> data/processed/explanations.csv
2026-09-12 07:45:35,178 [INFO] __main__: === Stage 6/8: Baseline Comparison ===
2026-09-12 07:45:35,185 [INFO] src.baseline_comparison: Baseline comparison -> data/processed/baseline_comparison.csv
2026-09-12 07:45:35,185 [INFO] __main__: === Stage 7/8: Acquisition Likelihood ===
2026-09-12 07:45:35,188 [INFO] src.acquisition_likelihood: 2 companies excluded from acquisition-likelihood scoring (negative/zero equity — financial distress, not a value-target thesis): ['IDEA.NS', 'GMRAIRPORT.NS']
2026-09-12 07:45:35,198 [INFO] src.acquisition_likelihood: Acquisition likelihood scoring -> data/processed/acquisition_likelihood.csv
2026-09-12 07:45:35,198 [INFO] __main__: === Stage 8/8: Historical Snapshot ===
2026-09-12 07:45:35,205 [INFO] src.history_tracker: Recorded shortlist snapshot for 2026-09-12 (10 companies) -> data/history/shortlist_history.csv (5 distinct days tracked so far)
2026-09-12 07:45:35,210 [INFO] src.history_tracker: Recorded acquisition-likelihood snapshot for 2026-09-12 (10 companies) -> data/history/acquisition_likelihood_history.csv (5 distinct days tracked so far)
2026-09-12 07:45:35,210 [INFO] __main__: === Pipeline completed successfully ===
2026-09-12 07:45:35,211 [INFO] __main__:   ingestion: {'total': 201, 'ok': 200}
2026-09-12 07:45:35,211 [INFO] __main__:   cleaning: {'retained': 191, 'input': 201}
2026-09-12 07:45:35,211 [INFO] __main__:   scoring: {'ranked': 191}
2026-09-12 07:45:35,211 [INFO] __main__:   comps_dupont: {'companies': 10}
2026-09-12 07:45:35,211 [INFO] __main__:   explainability: {'companies': 10}
2026-09-12 07:45:35,211 [INFO] __main__:   baseline_comparison: {'correlation': np.float64(0.4894647092487906), 'overlap_pct': 0.1}
2026-09-12 07:45:35,211 [INFO] __main__:   acquisition_likelihood: {'companies': 10}
2026-09-12 07:45:35,211 [INFO] __main__:   history_tracker: {'recorded': True}
