2026-08-07 04:54:33,129 [INFO] __main__: Logging to file: logs/pipeline_run_2026-08-07T04-54-33Z.log
2026-08-07 04:54:33,129 [INFO] __main__: === Stage 1/8: Ingestion ===
2026-08-07 04:54:33,161 [INFO] src.ingestion: [ACC.NS] fetching fresh data
2026-08-07 04:54:34,234 [INFO] src.ingestion: [AMBUJACEM.NS] fetching fresh data
2026-08-07 04:54:35,072 [INFO] src.ingestion: [ULTRACEMCO.NS] fetching fresh data
2026-08-07 04:54:35,852 [INFO] src.ingestion: [SHREECEM.NS] fetching fresh data
2026-08-07 04:54:36,603 [INFO] src.ingestion: [JKCEMENT.NS] fetching fresh data
2026-08-07 04:54:37,415 [INFO] src.ingestion: [RAMCOCEM.NS] fetching fresh data
2026-08-07 04:54:38,343 [INFO] src.ingestion: [HEIDELBERG.NS] fetching fresh data
2026-08-07 04:54:39,111 [INFO] src.ingestion: [DALBHARAT.NS] fetching fresh data
2026-08-07 04:54:40,041 [INFO] src.ingestion: [INFY.NS] fetching fresh data
2026-08-07 04:54:40,836 [INFO] src.ingestion: [TCS.NS] fetching fresh data
2026-08-07 04:54:41,586 [INFO] src.ingestion: [WIPRO.NS] fetching fresh data
2026-08-07 04:54:42,443 [INFO] src.ingestion: [HCLTECH.NS] fetching fresh data
2026-08-07 04:54:43,185 [INFO] src.ingestion: [TECHM.NS] fetching fresh data
2026-08-07 04:54:43,978 [INFO] src.ingestion: [LTIM.NS] fetching fresh data
2026-08-07 04:54:44,076 [ERROR] yfinance: HTTP Error 404: {"quoteSummary":{"result":null,"error":{"code":"Not Found","description":"Quote not found for symbol: LTIM.NS"}}}
2026-08-07 04:54:44,131 [WARNING] src.ingestion: [LTIM.NS] attempt 1 failed: yfinance returned an empty info payload for LTIM.NS (no exception, but no usable data — likely a transient Yahoo-side issue or an invalid/delisted symbol)
2026-08-07 04:54:46,232 [ERROR] yfinance: HTTP Error 404: {"quoteSummary":{"result":null,"error":{"code":"Not Found","description":"Quote not found for symbol: LTIM.NS"}}}
2026-08-07 04:54:46,310 [WARNING] src.ingestion: [LTIM.NS] attempt 2 failed: yfinance returned an empty info payload for LTIM.NS (no exception, but no usable data — likely a transient Yahoo-side issue or an invalid/delisted symbol)
2026-08-07 04:54:50,408 [ERROR] yfinance: HTTP Error 404: {"quoteSummary":{"result":null,"error":{"code":"Not Found","description":"Quote not found for symbol: LTIM.NS"}}}
2026-08-07 04:54:50,432 [WARNING] src.ingestion: [LTIM.NS] attempt 3 failed: yfinance returned an empty info payload for LTIM.NS (no exception, but no usable data — likely a transient Yahoo-side issue or an invalid/delisted symbol)
2026-08-07 04:54:50,833 [INFO] src.ingestion: [PERSISTENT.NS] fetching fresh data
2026-08-07 04:54:51,605 [INFO] src.ingestion: [COFORGE.NS] fetching fresh data
2026-08-07 04:54:52,469 [INFO] src.ingestion: [MPHASIS.NS] fetching fresh data
2026-08-07 04:54:53,329 [INFO] src.ingestion: [LTTS.NS] fetching fresh data
2026-08-07 04:54:54,049 [INFO] src.ingestion: [TATAELXSI.NS] fetching fresh data
2026-08-07 04:54:54,921 [INFO] src.ingestion: [CYIENT.NS] fetching fresh data
2026-08-07 04:54:55,839 [INFO] src.ingestion: [KPITTECH.NS] fetching fresh data
2026-08-07 04:54:56,686 [INFO] src.ingestion: [HDFCBANK.NS] fetching fresh data
2026-08-07 04:54:57,576 [INFO] src.ingestion: [ICICIBANK.NS] fetching fresh data
2026-08-07 04:54:58,397 [INFO] src.ingestion: [SBIN.NS] fetching fresh data
2026-08-07 04:54:59,096 [INFO] src.ingestion: [AXISBANK.NS] fetching fresh data
2026-08-07 04:54:59,963 [INFO] src.ingestion: [KOTAKBANK.NS] fetching fresh data
2026-08-07 04:55:00,736 [INFO] src.ingestion: [INDUSINDBK.NS] fetching fresh data
2026-08-07 04:55:01,467 [INFO] src.ingestion: [FEDERALBNK.NS] fetching fresh data
2026-08-07 04:55:02,317 [INFO] src.ingestion: [BANDHANBNK.NS] fetching fresh data
2026-08-07 04:55:03,197 [INFO] src.ingestion: [IDFCFIRSTB.NS] fetching fresh data
2026-08-07 04:55:04,052 [INFO] src.ingestion: [PNB.NS] fetching fresh data
2026-08-07 04:55:04,868 [INFO] src.ingestion: [BANKBARODA.NS] fetching fresh data
2026-08-07 04:55:05,683 [INFO] src.ingestion: [CANBK.NS] fetching fresh data
2026-08-07 04:55:06,508 [INFO] src.ingestion: [UNIONBANK.NS] fetching fresh data
2026-08-07 04:55:07,290 [INFO] src.ingestion: [AUBANK.NS] fetching fresh data
2026-08-07 04:55:08,041 [INFO] src.ingestion: [RBLBANK.NS] fetching fresh data
2026-08-07 04:55:08,889 [INFO] src.ingestion: [BANKINDIA.NS] fetching fresh data
2026-08-07 04:55:09,731 [INFO] src.ingestion: [CENTRALBK.NS] fetching fresh data
2026-08-07 04:55:10,564 [INFO] src.ingestion: [IOB.NS] fetching fresh data
2026-08-07 04:55:11,348 [INFO] src.ingestion: [UCOBANK.NS] fetching fresh data
2026-08-07 04:55:12,158 [INFO] src.ingestion: [BAJFINANCE.NS] fetching fresh data
2026-08-07 04:55:12,909 [INFO] src.ingestion: [BAJAJFINSV.NS] fetching fresh data
2026-08-07 04:55:13,692 [INFO] src.ingestion: [CHOLAFIN.NS] fetching fresh data
2026-08-07 04:55:14,532 [INFO] src.ingestion: [MUTHOOTFIN.NS] fetching fresh data
2026-08-07 04:55:15,348 [INFO] src.ingestion: [LICHSGFIN.NS] fetching fresh data
2026-08-07 04:55:16,202 [INFO] src.ingestion: [SHRIRAMFIN.NS] fetching fresh data
2026-08-07 04:55:16,900 [INFO] src.ingestion: [PFC.NS] fetching fresh data
2026-08-07 04:55:17,822 [INFO] src.ingestion: [RECLTD.NS] fetching fresh data
2026-08-07 04:55:18,616 [INFO] src.ingestion: [IRFC.NS] fetching fresh data
2026-08-07 04:55:19,532 [INFO] src.ingestion: [HUDCO.NS] fetching fresh data
2026-08-07 04:55:20,290 [INFO] src.ingestion: [BAJAJHLDNG.NS] fetching fresh data
2026-08-07 04:55:21,177 [INFO] src.ingestion: [SBICARD.NS] fetching fresh data
2026-08-07 04:55:21,947 [INFO] src.ingestion: [MANAPPURAM.NS] fetching fresh data
2026-08-07 04:55:22,666 [INFO] src.ingestion: [POONAWALLA.NS] fetching fresh data
2026-08-07 04:55:23,537 [INFO] src.ingestion: [HDFCLIFE.NS] fetching fresh data
2026-08-07 04:55:24,315 [INFO] src.ingestion: [SBILIFE.NS] fetching fresh data
2026-08-07 04:55:25,066 [INFO] src.ingestion: [ICICIPRULI.NS] fetching fresh data
2026-08-07 04:55:25,892 [INFO] src.ingestion: [ICICIGI.NS] fetching fresh data
2026-08-07 04:55:26,718 [INFO] src.ingestion: [LICI.NS] fetching fresh data
2026-08-07 04:55:27,626 [INFO] src.ingestion: [GICRE.NS] fetching fresh data
2026-08-07 04:55:28,513 [INFO] src.ingestion: [MARUTI.NS] fetching fresh data
2026-08-07 04:55:29,321 [INFO] src.ingestion: [TMPV.NS] fetching fresh data
2026-08-07 04:55:30,175 [INFO] src.ingestion: [TMCV.NS] fetching fresh data
2026-08-07 04:55:30,993 [INFO] src.ingestion: [M&M.NS] fetching fresh data
2026-08-07 04:55:31,866 [INFO] src.ingestion: [EICHERMOT.NS] fetching fresh data
2026-08-07 04:55:32,658 [INFO] src.ingestion: [HEROMOTOCO.NS] fetching fresh data
2026-08-07 04:55:33,509 [INFO] src.ingestion: [BAJAJ-AUTO.NS] fetching fresh data
2026-08-07 04:55:34,276 [INFO] src.ingestion: [TVSMOTOR.NS] fetching fresh data
2026-08-07 04:55:35,123 [INFO] src.ingestion: [ASHOKLEY.NS] fetching fresh data
2026-08-07 04:55:35,953 [INFO] src.ingestion: [BHARATFORG.NS] fetching fresh data
2026-08-07 04:55:36,765 [INFO] src.ingestion: [MOTHERSON.NS] fetching fresh data
2026-08-07 04:55:37,606 [INFO] src.ingestion: [BOSCHLTD.NS] fetching fresh data
2026-08-07 04:55:38,489 [INFO] src.ingestion: [MRF.NS] fetching fresh data
2026-08-07 04:55:39,265 [INFO] src.ingestion: [ENDURANCE.NS] fetching fresh data
2026-08-07 04:55:40,103 [INFO] src.ingestion: [EXIDEIND.NS] fetching fresh data
2026-08-07 04:55:40,918 [INFO] src.ingestion: [ARE&M.NS] fetching fresh data
2026-08-07 04:55:41,778 [INFO] src.ingestion: [SUNDRMFAST.NS] fetching fresh data
2026-08-07 04:55:42,667 [INFO] src.ingestion: [UNOMINDA.NS] fetching fresh data
2026-08-07 04:55:43,421 [INFO] src.ingestion: [SUNPHARMA.NS] fetching fresh data
2026-08-07 04:55:44,277 [INFO] src.ingestion: [DRREDDY.NS] fetching fresh data
2026-08-07 04:55:45,038 [INFO] src.ingestion: [CIPLA.NS] fetching fresh data
2026-08-07 04:55:45,825 [INFO] src.ingestion: [DIVISLAB.NS] fetching fresh data
2026-08-07 04:55:46,625 [INFO] src.ingestion: [LUPIN.NS] fetching fresh data
2026-08-07 04:55:47,365 [INFO] src.ingestion: [AUROPHARMA.NS] fetching fresh data
2026-08-07 04:55:48,219 [INFO] src.ingestion: [BIOCON.NS] fetching fresh data
2026-08-07 04:55:49,061 [INFO] src.ingestion: [TORNTPHARM.NS] fetching fresh data
2026-08-07 04:55:49,827 [INFO] src.ingestion: [ALKEM.NS] fetching fresh data
2026-08-07 04:55:50,761 [INFO] src.ingestion: [ABBOTINDIA.NS] fetching fresh data
2026-08-07 04:55:51,569 [INFO] src.ingestion: [APOLLOHOSP.NS] fetching fresh data
2026-08-07 04:55:52,427 [INFO] src.ingestion: [FORTIS.NS] fetching fresh data
2026-08-07 04:55:53,302 [INFO] src.ingestion: [LALPATHLAB.NS] fetching fresh data
2026-08-07 04:55:54,162 [INFO] src.ingestion: [METROPOLIS.NS] fetching fresh data
2026-08-07 04:55:55,046 [INFO] src.ingestion: [GLAND.NS] fetching fresh data
2026-08-07 04:55:55,811 [INFO] src.ingestion: [LAURUSLABS.NS] fetching fresh data
2026-08-07 04:55:56,667 [INFO] src.ingestion: [GLENMARK.NS] fetching fresh data
2026-08-07 04:55:57,484 [INFO] src.ingestion: [IPCALAB.NS] fetching fresh data
2026-08-07 04:55:58,274 [INFO] src.ingestion: [HINDUNILVR.NS] fetching fresh data
2026-08-07 04:55:59,131 [INFO] src.ingestion: [ITC.NS] fetching fresh data
2026-08-07 04:55:59,990 [INFO] src.ingestion: [NESTLEIND.NS] fetching fresh data
2026-08-07 04:56:00,856 [INFO] src.ingestion: [BRITANNIA.NS] fetching fresh data
2026-08-07 04:56:01,714 [INFO] src.ingestion: [DABUR.NS] fetching fresh data
2026-08-07 04:56:02,567 [INFO] src.ingestion: [GODREJCP.NS] fetching fresh data
2026-08-07 04:56:03,459 [INFO] src.ingestion: [MARICO.NS] fetching fresh data
2026-08-07 04:56:04,338 [INFO] src.ingestion: [COLPAL.NS] fetching fresh data
2026-08-07 04:56:05,124 [INFO] src.ingestion: [TATACONSUM.NS] fetching fresh data
2026-08-07 04:56:06,023 [INFO] src.ingestion: [VBL.NS] fetching fresh data
2026-08-07 04:56:06,838 [INFO] src.ingestion: [UNITDSPR.NS] fetching fresh data
2026-08-07 04:56:07,655 [INFO] src.ingestion: [EMAMILTD.NS] fetching fresh data
2026-08-07 04:56:08,525 [INFO] src.ingestion: [TATASTEEL.NS] fetching fresh data
2026-08-07 04:56:09,380 [INFO] src.ingestion: [JSWSTEEL.NS] fetching fresh data
2026-08-07 04:56:10,251 [INFO] src.ingestion: [HINDALCO.NS] fetching fresh data
2026-08-07 04:56:11,063 [INFO] src.ingestion: [VEDL.NS] fetching fresh data
2026-08-07 04:56:11,888 [INFO] src.ingestion: [COALINDIA.NS] fetching fresh data
2026-08-07 04:56:12,700 [INFO] src.ingestion: [NMDC.NS] fetching fresh data
2026-08-07 04:56:13,468 [INFO] src.ingestion: [SAIL.NS] fetching fresh data
2026-08-07 04:56:14,278 [INFO] src.ingestion: [JINDALSTEL.NS] fetching fresh data
2026-08-07 04:56:15,066 [INFO] src.ingestion: [APLAPOLLO.NS] fetching fresh data
2026-08-07 04:56:15,920 [INFO] src.ingestion: [NATIONALUM.NS] fetching fresh data
2026-08-07 04:56:16,719 [INFO] src.ingestion: [HINDCOPPER.NS] fetching fresh data
2026-08-07 04:56:17,486 [INFO] src.ingestion: [RATNAMANI.NS] fetching fresh data
2026-08-07 04:56:18,241 [INFO] src.ingestion: [HINDZINC.NS] fetching fresh data
2026-08-07 04:56:19,071 [INFO] src.ingestion: [WELCORP.NS] fetching fresh data
2026-08-07 04:56:19,954 [INFO] src.ingestion: [JSL.NS] fetching fresh data
2026-08-07 04:56:20,755 [INFO] src.ingestion: [RELIANCE.NS] fetching fresh data
2026-08-07 04:56:21,634 [INFO] src.ingestion: [ONGC.NS] fetching fresh data
2026-08-07 04:56:22,455 [INFO] src.ingestion: [BPCL.NS] fetching fresh data
2026-08-07 04:56:23,263 [INFO] src.ingestion: [IOC.NS] fetching fresh data
2026-08-07 04:56:24,054 [INFO] src.ingestion: [GAIL.NS] fetching fresh data
2026-08-07 04:56:24,902 [INFO] src.ingestion: [NTPC.NS] fetching fresh data
2026-08-07 04:56:25,708 [INFO] src.ingestion: [POWERGRID.NS] fetching fresh data
2026-08-07 04:56:26,502 [INFO] src.ingestion: [TATAPOWER.NS] fetching fresh data
2026-08-07 04:56:27,370 [INFO] src.ingestion: [ADANIGREEN.NS] fetching fresh data
2026-08-07 04:56:28,197 [INFO] src.ingestion: [ADANIPOWER.NS] fetching fresh data
2026-08-07 04:56:28,967 [INFO] src.ingestion: [TORNTPOWER.NS] fetching fresh data
2026-08-07 04:56:29,731 [INFO] src.ingestion: [LT.NS] fetching fresh data
2026-08-07 04:56:30,543 [INFO] src.ingestion: [SIEMENS.NS] fetching fresh data
2026-08-07 04:56:31,360 [INFO] src.ingestion: [ABB.NS] fetching fresh data
2026-08-07 04:56:32,258 [INFO] src.ingestion: [HAL.NS] fetching fresh data
2026-08-07 04:56:33,114 [INFO] src.ingestion: [BEL.NS] fetching fresh data
2026-08-07 04:56:33,907 [INFO] src.ingestion: [BHEL.NS] fetching fresh data
2026-08-07 04:56:34,722 [INFO] src.ingestion: [CUMMINSIND.NS] fetching fresh data
2026-08-07 04:56:35,563 [INFO] src.ingestion: [THERMAX.NS] fetching fresh data
2026-08-07 04:56:36,462 [INFO] src.ingestion: [POLYCAB.NS] fetching fresh data
2026-08-07 04:56:37,261 [INFO] src.ingestion: [KEI.NS] fetching fresh data
2026-08-07 04:56:38,039 [INFO] src.ingestion: [HAVELLS.NS] fetching fresh data
2026-08-07 04:56:38,885 [INFO] src.ingestion: [CROMPTON.NS] fetching fresh data
2026-08-07 04:56:39,689 [INFO] src.ingestion: [SUPREMEIND.NS] fetching fresh data
2026-08-07 04:56:40,481 [INFO] src.ingestion: [ASTRAL.NS] fetching fresh data
2026-08-07 04:56:41,206 [INFO] src.ingestion: [GRINDWELL.NS] fetching fresh data
2026-08-07 04:56:41,971 [INFO] src.ingestion: [CARBORUNIV.NS] fetching fresh data
2026-08-07 04:56:42,818 [INFO] src.ingestion: [TIMKEN.NS] fetching fresh data
2026-08-07 04:56:43,619 [INFO] src.ingestion: [SKFINDIA.NS] fetching fresh data
2026-08-07 04:56:44,437 [INFO] src.ingestion: [SRF.NS] fetching fresh data
2026-08-07 04:56:45,314 [INFO] src.ingestion: [PIIND.NS] fetching fresh data
2026-08-07 04:56:46,138 [INFO] src.ingestion: [DEEPAKNTR.NS] fetching fresh data
2026-08-07 04:56:47,013 [INFO] src.ingestion: [AARTIIND.NS] fetching fresh data
2026-08-07 04:56:47,857 [INFO] src.ingestion: [NAVINFLUOR.NS] fetching fresh data
2026-08-07 04:56:48,668 [INFO] src.ingestion: [UPL.NS] fetching fresh data
2026-08-07 04:56:49,518 [INFO] src.ingestion: [COROMANDEL.NS] fetching fresh data
2026-08-07 04:56:50,253 [INFO] src.ingestion: [CHAMBLFERT.NS] fetching fresh data
2026-08-07 04:56:51,078 [INFO] src.ingestion: [GNFC.NS] fetching fresh data
2026-08-07 04:56:51,861 [INFO] src.ingestion: [PIDILITIND.NS] fetching fresh data
2026-08-07 04:56:52,671 [INFO] src.ingestion: [TATACHEM.NS] fetching fresh data
2026-08-07 04:56:53,491 [INFO] src.ingestion: [GHCL.NS] fetching fresh data
2026-08-07 04:56:54,276 [INFO] src.ingestion: [TITAN.NS] fetching fresh data
2026-08-07 04:56:55,096 [INFO] src.ingestion: [DMART.NS] fetching fresh data
2026-08-07 04:56:55,912 [INFO] src.ingestion: [TRENT.NS] fetching fresh data
2026-08-07 04:56:56,746 [INFO] src.ingestion: [BATAINDIA.NS] fetching fresh data
2026-08-07 04:56:57,540 [INFO] src.ingestion: [PAGEIND.NS] fetching fresh data
2026-08-07 04:56:58,349 [INFO] src.ingestion: [JUBLFOOD.NS] fetching fresh data
2026-08-07 04:56:59,123 [INFO] src.ingestion: [VOLTAS.NS] fetching fresh data
2026-08-07 04:56:59,853 [INFO] src.ingestion: [DIXON.NS] fetching fresh data
2026-08-07 04:57:00,749 [INFO] src.ingestion: [RELAXO.NS] fetching fresh data
2026-08-07 04:57:01,498 [INFO] src.ingestion: [KAJARIACER.NS] fetching fresh data
2026-08-07 04:57:02,341 [INFO] src.ingestion: [WHIRLPOOL.NS] fetching fresh data
2026-08-07 04:57:03,370 [INFO] src.ingestion: [BLUESTARCO.NS] fetching fresh data
2026-08-07 04:57:04,123 [INFO] src.ingestion: [PGHH.NS] fetching fresh data
2026-08-07 04:57:04,947 [INFO] src.ingestion: [GILLETTE.NS] fetching fresh data
2026-08-07 04:57:05,627 [INFO] src.ingestion: [BHARTIARTL.NS] fetching fresh data
2026-08-07 04:57:06,520 [INFO] src.ingestion: [IDEA.NS] fetching fresh data
2026-08-07 04:57:07,325 [INFO] src.ingestion: [INDUSTOWER.NS] fetching fresh data
2026-08-07 04:57:08,173 [INFO] src.ingestion: [PVRINOX.NS] fetching fresh data
2026-08-07 04:57:08,945 [INFO] src.ingestion: [ZEEL.NS] fetching fresh data
2026-08-07 04:57:09,813 [INFO] src.ingestion: [ADANIPORTS.NS] fetching fresh data
2026-08-07 04:57:10,723 [INFO] src.ingestion: [ADANIENT.NS] fetching fresh data
2026-08-07 04:57:11,565 [INFO] src.ingestion: [GMRAIRPORT.NS] fetching fresh data
2026-08-07 04:57:12,464 [INFO] src.ingestion: [CONCOR.NS] fetching fresh data
2026-08-07 04:57:13,329 [INFO] src.ingestion: [IRCTC.NS] fetching fresh data
2026-08-07 04:57:14,218 [INFO] src.ingestion: [INDIGO.NS] fetching fresh data
2026-08-07 04:57:15,104 [INFO] src.ingestion: [RVNL.NS] fetching fresh data
2026-08-07 04:57:16,012 [INFO] src.ingestion: [IRCON.NS] fetching fresh data
2026-08-07 04:57:16,903 [INFO] src.ingestion: [NBCC.NS] fetching fresh data
2026-08-07 04:57:17,779 [INFO] src.ingestion: [NCC.NS] fetching fresh data
2026-08-07 04:57:18,662 [INFO] src.ingestion: [MAZDOCK.NS] fetching fresh data
2026-08-07 04:57:19,515 [INFO] src.ingestion: [COCHINSHIP.NS] fetching fresh data
2026-08-07 04:57:20,392 [INFO] src.ingestion: [DLF.NS] fetching fresh data
2026-08-07 04:57:21,282 [INFO] src.ingestion: [GODREJPROP.NS] fetching fresh data
2026-08-07 04:57:22,105 [INFO] src.ingestion: [OBEROIRLTY.NS] fetching fresh data
2026-08-07 04:57:22,822 [INFO] src.ingestion: [PRESTIGE.NS] fetching fresh data
2026-08-07 04:57:23,687 [INFO] src.ingestion: [PHOENIXLTD.NS] fetching fresh data
2026-08-07 04:57:24,558 [INFO] src.ingestion: [SOBHA.NS] fetching fresh data
2026-08-07 04:57:25,393 [INFO] src.ingestion: Fetched 200/201 tickers successfully
2026-08-07 04:57:25,393 [WARNING] src.ingestion: Failed tickers (excluded from downstream, not silently zeroed): ['LTIM.NS']
2026-08-07 04:57:25,393 [INFO] __main__: Ingestion validation passed: 200/201 tickers (100%)
2026-08-07 04:57:25,393 [INFO] __main__: === Stage 2/8: Cleaning ===
2026-08-07 04:57:25,402 [WARNING] src.cleaning: [LTIM.NS] EXCLUDED: ingestion failed: yfinance returned an empty info payload for LTIM.NS (no exception, but no usable data — likely a transient Yahoo-side issue or an invalid/delisted symbol)
2026-08-07 04:57:25,402 [INFO] src.cleaning: [AARTIIND.NS] non-critical missing fields: ['return_on_equity']
2026-08-07 04:57:25,402 [INFO] src.cleaning: [ACC.NS] non-critical missing fields: ['return_on_equity']
2026-08-07 04:57:25,402 [INFO] src.cleaning: [ADANIENT.NS] non-critical missing fields: ['return_on_equity']
2026-08-07 04:57:25,402 [INFO] src.cleaning: [ADANIGREEN.NS] non-critical missing fields: ['return_on_equity']
2026-08-07 04:57:25,402 [INFO] src.cleaning: [ADANIPORTS.NS] non-critical missing fields: ['return_on_equity']
2026-08-07 04:57:25,403 [INFO] src.cleaning: [ADANIPOWER.NS] non-critical missing fields: ['return_on_equity']
2026-08-07 04:57:25,403 [INFO] src.cleaning: [AMBUJACEM.NS] non-critical missing fields: ['return_on_equity']
2026-08-07 04:57:25,403 [INFO] src.cleaning: [APLAPOLLO.NS] non-critical missing fields: ['return_on_equity']
2026-08-07 04:57:25,403 [INFO] src.cleaning: [AUBANK.NS] non-critical missing fields: ['ev_to_ebitda', 'return_on_equity', 'debt_to_equity']
2026-08-07 04:57:25,403 [INFO] src.cleaning: [AUROPHARMA.NS] non-critical missing fields: ['ev_to_ebitda', 'return_on_equity', 'total_debt']
2026-08-07 04:57:25,403 [INFO] src.cleaning: [AXISBANK.NS] non-critical missing fields: ['ev_to_ebitda', 'debt_to_equity']
2026-08-07 04:57:25,403 [INFO] src.cleaning: [BAJAJ-AUTO.NS] non-critical missing fields: ['return_on_equity']
2026-08-07 04:57:25,403 [INFO] src.cleaning: [BAJAJFINSV.NS] non-critical missing fields: ['return_on_equity']
2026-08-07 04:57:25,403 [WARNING] src.cleaning: [BAJAJHLDNG.NS] outlier values flagged: ['net_margin']
2026-08-07 04:57:25,403 [INFO] src.cleaning: [BAJFINANCE.NS] non-critical missing fields: ['ev_to_ebitda', 'return_on_equity']
2026-08-07 04:57:25,403 [INFO] src.cleaning: [BANDHANBNK.NS] non-critical missing fields: ['ev_to_ebitda', 'return_on_equity', 'debt_to_equity']
2026-08-07 04:57:25,403 [INFO] src.cleaning: [BANKBARODA.NS] non-critical missing fields: ['ev_to_ebitda', 'debt_to_equity']
2026-08-07 04:57:25,403 [INFO] src.cleaning: [BANKINDIA.NS] non-critical missing fields: ['ev_to_ebitda', 'debt_to_equity']
2026-08-07 04:57:25,403 [INFO] src.cleaning: [BEL.NS] non-critical missing fields: ['return_on_equity']
2026-08-07 04:57:25,403 [INFO] src.cleaning: [BHEL.NS] non-critical missing fields: ['return_on_equity']
2026-08-07 04:57:25,403 [INFO] src.cleaning: [BPCL.NS] non-critical missing fields: ['return_on_equity']
2026-08-07 04:57:25,403 [INFO] src.cleaning: [CANBK.NS] non-critical missing fields: ['ev_to_ebitda', 'return_on_equity', 'debt_to_equity']
2026-08-07 04:57:25,403 [INFO] src.cleaning: [CENTRALBK.NS] non-critical missing fields: ['ev_to_ebitda', 'debt_to_equity']
2026-08-07 04:57:25,403 [INFO] src.cleaning: [CHAMBLFERT.NS] non-critical missing fields: ['return_on_equity']
2026-08-07 04:57:25,403 [INFO] src.cleaning: [CHOLAFIN.NS] non-critical missing fields: ['ev_to_ebitda', 'return_on_equity']
2026-08-07 04:57:25,403 [INFO] src.cleaning: [CIPLA.NS] non-critical missing fields: ['return_on_equity']
2026-08-07 04:57:25,403 [INFO] src.cleaning: [COALINDIA.NS] non-critical missing fields: ['return_on_equity']
2026-08-07 04:57:25,403 [INFO] src.cleaning: [COFORGE.NS] non-critical missing fields: ['return_on_equity']
2026-08-07 04:57:25,403 [INFO] src.cleaning: [COLPAL.NS] non-critical missing fields: ['return_on_equity']
2026-08-07 04:57:25,404 [INFO] src.cleaning: [CONCOR.NS] non-critical missing fields: ['return_on_equity']
2026-08-07 04:57:25,404 [INFO] src.cleaning: [COROMANDEL.NS] non-critical missing fields: ['return_on_equity']
2026-08-07 04:57:25,404 [INFO] src.cleaning: [CROMPTON.NS] non-critical missing fields: ['trailing_pe']
2026-08-07 04:57:25,404 [INFO] src.cleaning: [CUMMINSIND.NS] non-critical missing fields: ['ev_to_ebitda', 'return_on_equity', 'total_debt']
2026-08-07 04:57:25,404 [INFO] src.cleaning: [CYIENT.NS] non-critical missing fields: ['return_on_equity']
2026-08-07 04:57:25,404 [INFO] src.cleaning: [DABUR.NS] non-critical missing fields: ['return_on_equity']
2026-08-07 04:57:25,404 [INFO] src.cleaning: [DALBHARAT.NS] non-critical missing fields: ['return_on_equity']
2026-08-07 04:57:25,404 [INFO] src.cleaning: [DIVISLAB.NS] non-critical missing fields: ['return_on_equity']
2026-08-07 04:57:25,404 [INFO] src.cleaning: [DIXON.NS] non-critical missing fields: ['return_on_equity']
2026-08-07 04:57:25,404 [INFO] src.cleaning: [DMART.NS] non-critical missing fields: ['return_on_equity']
2026-08-07 04:57:25,404 [INFO] src.cleaning: [EICHERMOT.NS] non-critical missing fields: ['return_on_equity']
2026-08-07 04:57:25,404 [INFO] src.cleaning: [EMAMILTD.NS] non-critical missing fields: ['return_on_equity']
2026-08-07 04:57:25,404 [INFO] src.cleaning: [EXIDEIND.NS] non-critical missing fields: ['return_on_equity']
2026-08-07 04:57:25,404 [INFO] src.cleaning: [FEDERALBNK.NS] non-critical missing fields: ['ev_to_ebitda', 'return_on_equity', 'debt_to_equity']
2026-08-07 04:57:25,404 [INFO] src.cleaning: [GAIL.NS] non-critical missing fields: ['return_on_equity']
2026-08-07 04:57:25,404 [INFO] src.cleaning: [GHCL.NS] non-critical missing fields: ['return_on_equity']
2026-08-07 04:57:25,404 [INFO] src.cleaning: [GICRE.NS] non-critical missing fields: ['debt_to_equity']
2026-08-07 04:57:25,404 [INFO] src.cleaning: [GILLETTE.NS] non-critical missing fields: ['return_on_equity']
2026-08-07 04:57:25,404 [INFO] src.cleaning: [GLENMARK.NS] non-critical missing fields: ['return_on_equity']
2026-08-07 04:57:25,404 [WARNING] src.cleaning: [GMRAIRPORT.NS] outlier values flagged: ['trailing_pe']
2026-08-07 04:57:25,404 [WARNING] src.cleaning: [GMRAIRPORT.NS] negative/zero equity — DuPont ROE math will be invalid downstream
2026-08-07 04:57:25,404 [INFO] src.cleaning: [GMRAIRPORT.NS] non-critical missing fields: ['return_on_equity', 'debt_to_equity']
2026-08-07 04:57:25,404 [INFO] src.cleaning: [GNFC.NS] non-critical missing fields: ['ev_to_ebitda', 'return_on_equity', 'total_debt']
2026-08-07 04:57:25,404 [INFO] src.cleaning: [GODREJPROP.NS] non-critical missing fields: ['return_on_equity']
2026-08-07 04:57:25,405 [INFO] src.cleaning: [GRINDWELL.NS] non-critical missing fields: ['return_on_equity']
2026-08-07 04:57:25,405 [INFO] src.cleaning: [HAVELLS.NS] non-critical missing fields: ['return_on_equity']
2026-08-07 04:57:25,405 [WARNING] src.cleaning: [HCLTECH.NS] outlier values flagged: ['ev_to_ebitda']
2026-08-07 04:57:25,405 [INFO] src.cleaning: [HDFCBANK.NS] non-critical missing fields: ['ev_to_ebitda', 'debt_to_equity']
2026-08-07 04:57:25,405 [INFO] src.cleaning: [HEIDELBERG.NS] non-critical missing fields: ['return_on_equity']
2026-08-07 04:57:25,405 [INFO] src.cleaning: [HINDUNILVR.NS] non-critical missing fields: ['return_on_equity']
2026-08-07 04:57:25,405 [INFO] src.cleaning: [HINDZINC.NS] non-critical missing fields: ['return_on_equity']
2026-08-07 04:57:25,405 [INFO] src.cleaning: [HUDCO.NS] non-critical missing fields: ['ev_to_ebitda', 'return_on_equity']
2026-08-07 04:57:25,405 [INFO] src.cleaning: [ICICIBANK.NS] non-critical missing fields: ['ev_to_ebitda', 'debt_to_equity']
2026-08-07 04:57:25,405 [INFO] src.cleaning: [ICICIGI.NS] non-critical missing fields: ['debt_to_equity']
2026-08-07 04:57:25,405 [WARNING] src.cleaning: [IDEA.NS] negative/zero equity — DuPont ROE math will be invalid downstream
2026-08-07 04:57:25,405 [INFO] src.cleaning: [IDEA.NS] non-critical missing fields: ['return_on_equity', 'debt_to_equity']
2026-08-07 04:57:25,405 [INFO] src.cleaning: [IDFCFIRSTB.NS] non-critical missing fields: ['ev_to_ebitda', 'return_on_equity', 'debt_to_equity', 'total_debt']
2026-08-07 04:57:25,405 [INFO] src.cleaning: [INDIGO.NS] non-critical missing fields: ['trailing_pe', 'return_on_equity']
2026-08-07 04:57:25,405 [INFO] src.cleaning: [INDUSINDBK.NS] non-critical missing fields: ['ev_to_ebitda', 'return_on_equity', 'debt_to_equity']
2026-08-07 04:57:25,405 [WARNING] src.cleaning: [INFY.NS] outlier values flagged: ['ev_to_ebitda']
2026-08-07 04:57:25,405 [INFO] src.cleaning: [IOB.NS] non-critical missing fields: ['ev_to_ebitda', 'debt_to_equity']
2026-08-07 04:57:25,405 [INFO] src.cleaning: [IOC.NS] non-critical missing fields: ['return_on_equity']
2026-08-07 04:57:25,405 [INFO] src.cleaning: [IRFC.NS] non-critical missing fields: ['ev_to_ebitda', 'return_on_equity']
2026-08-07 04:57:25,405 [INFO] src.cleaning: [ITC.NS] non-critical missing fields: ['return_on_equity']
2026-08-07 04:57:25,405 [INFO] src.cleaning: [JINDALSTEL.NS] non-critical missing fields: ['return_on_equity']
2026-08-07 04:57:25,405 [INFO] src.cleaning: [JKCEMENT.NS] non-critical missing fields: ['return_on_equity']
2026-08-07 04:57:25,405 [INFO] src.cleaning: [JSL.NS] non-critical missing fields: ['return_on_equity']
2026-08-07 04:57:25,405 [INFO] src.cleaning: [JSWSTEEL.NS] non-critical missing fields: ['return_on_equity']
2026-08-07 04:57:25,405 [INFO] src.cleaning: [KAJARIACER.NS] non-critical missing fields: ['return_on_equity']
2026-08-07 04:57:25,405 [INFO] src.cleaning: [KEI.NS] non-critical missing fields: ['return_on_equity']
2026-08-07 04:57:25,406 [INFO] src.cleaning: [KOTAKBANK.NS] non-critical missing fields: ['ev_to_ebitda', 'return_on_equity', 'debt_to_equity']
2026-08-07 04:57:25,406 [INFO] src.cleaning: [KPITTECH.NS] non-critical missing fields: ['return_on_equity']
2026-08-07 04:57:25,406 [INFO] src.cleaning: [LALPATHLAB.NS] non-critical missing fields: ['return_on_equity']
2026-08-07 04:57:25,406 [INFO] src.cleaning: [LAURUSLABS.NS] non-critical missing fields: ['return_on_equity']
2026-08-07 04:57:25,406 [INFO] src.cleaning: [LICHSGFIN.NS] non-critical missing fields: ['ev_to_ebitda', 'return_on_equity']
2026-08-07 04:57:25,406 [INFO] src.cleaning: [LTTS.NS] non-critical missing fields: ['return_on_equity']
2026-08-07 04:57:25,406 [INFO] src.cleaning: [LT.NS] non-critical missing fields: ['return_on_equity']
2026-08-07 04:57:25,406 [INFO] src.cleaning: [M&M.NS] non-critical missing fields: ['return_on_equity']
2026-08-07 04:57:25,406 [INFO] src.cleaning: [MANAPPURAM.NS] non-critical missing fields: ['ev_to_ebitda']
2026-08-07 04:57:25,406 [INFO] src.cleaning: [MARICO.NS] non-critical missing fields: ['return_on_equity']
2026-08-07 04:57:25,406 [INFO] src.cleaning: [MARUTI.NS] non-critical missing fields: ['return_on_equity']
2026-08-07 04:57:25,406 [INFO] src.cleaning: [MAZDOCK.NS] non-critical missing fields: ['return_on_equity']
2026-08-07 04:57:25,406 [INFO] src.cleaning: [MUTHOOTFIN.NS] non-critical missing fields: ['ev_to_ebitda']
2026-08-07 04:57:25,406 [INFO] src.cleaning: [NATIONALUM.NS] non-critical missing fields: ['return_on_equity']
2026-08-07 04:57:25,406 [INFO] src.cleaning: [NAVINFLUOR.NS] non-critical missing fields: ['ev_to_ebitda', 'return_on_equity', 'total_debt']
2026-08-07 04:57:25,406 [INFO] src.cleaning: [NESTLEIND.NS] non-critical missing fields: ['return_on_equity']
2026-08-07 04:57:25,406 [INFO] src.cleaning: [NTPC.NS] non-critical missing fields: ['return_on_equity']
2026-08-07 04:57:25,406 [INFO] src.cleaning: [OBEROIRLTY.NS] non-critical missing fields: ['return_on_equity']
2026-08-07 04:57:25,406 [INFO] src.cleaning: [ONGC.NS] non-critical missing fields: ['return_on_equity']
2026-08-07 04:57:25,406 [INFO] src.cleaning: [PERSISTENT.NS] non-critical missing fields: ['return_on_equity']
2026-08-07 04:57:25,406 [INFO] src.cleaning: [PFC.NS] non-critical missing fields: ['ev_to_ebitda']
2026-08-07 04:57:25,406 [INFO] src.cleaning: [PGHH.NS] non-critical missing fields: ['return_on_equity']
2026-08-07 04:57:25,406 [INFO] src.cleaning: [PHOENIXLTD.NS] non-critical missing fields: ['return_on_equity']
2026-08-07 04:57:25,406 [INFO] src.cleaning: [PIDILITIND.NS] non-critical missing fields: ['return_on_equity']
2026-08-07 04:57:25,406 [INFO] src.cleaning: [PNB.NS] non-critical missing fields: ['ev_to_ebitda', 'debt_to_equity']
2026-08-07 04:57:25,407 [INFO] src.cleaning: [POONAWALLA.NS] non-critical missing fields: ['ev_to_ebitda', 'return_on_equity']
2026-08-07 04:57:25,407 [INFO] src.cleaning: [PVRINOX.NS] non-critical missing fields: ['return_on_equity']
2026-08-07 04:57:25,407 [INFO] src.cleaning: [RBLBANK.NS] non-critical missing fields: ['ev_to_ebitda', 'return_on_equity', 'debt_to_equity']
2026-08-07 04:57:25,407 [INFO] src.cleaning: [RECLTD.NS] non-critical missing fields: ['ev_to_ebitda', 'return_on_equity']
2026-08-07 04:57:25,407 [INFO] src.cleaning: [RELIANCE.NS] non-critical missing fields: ['return_on_equity']
2026-08-07 04:57:25,407 [INFO] src.cleaning: [SAIL.NS] non-critical missing fields: ['return_on_equity']
2026-08-07 04:57:25,407 [INFO] src.cleaning: [SBICARD.NS] non-critical missing fields: ['ev_to_ebitda', 'return_on_equity']
2026-08-07 04:57:25,407 [INFO] src.cleaning: [SBILIFE.NS] non-critical missing fields: ['debt_to_equity']
2026-08-07 04:57:25,407 [INFO] src.cleaning: [SBIN.NS] non-critical missing fields: ['ev_to_ebitda', 'debt_to_equity']
2026-08-07 04:57:25,407 [INFO] src.cleaning: [SHREECEM.NS] non-critical missing fields: ['return_on_equity']
2026-08-07 04:57:25,407 [INFO] src.cleaning: [SHRIRAMFIN.NS] non-critical missing fields: ['ev_to_ebitda']
2026-08-07 04:57:25,407 [INFO] src.cleaning: [SIEMENS.NS] non-critical missing fields: ['return_on_equity']
2026-08-07 04:57:25,407 [INFO] src.cleaning: [SOBHA.NS] non-critical missing fields: ['return_on_equity']
2026-08-07 04:57:25,407 [INFO] src.cleaning: [SRF.NS] non-critical missing fields: ['return_on_equity']
2026-08-07 04:57:25,407 [INFO] src.cleaning: [SUNPHARMA.NS] non-critical missing fields: ['return_on_equity']
2026-08-07 04:57:25,407 [INFO] src.cleaning: [SUPREMEIND.NS] non-critical missing fields: ['return_on_equity']
2026-08-07 04:57:25,407 [INFO] src.cleaning: [TATACHEM.NS] non-critical missing fields: ['trailing_pe', 'return_on_equity']
2026-08-07 04:57:25,407 [INFO] src.cleaning: [TATACONSUM.NS] non-critical missing fields: ['return_on_equity']
2026-08-07 04:57:25,407 [INFO] src.cleaning: [TATAELXSI.NS] non-critical missing fields: ['return_on_equity']
2026-08-07 04:57:25,407 [INFO] src.cleaning: [TATAPOWER.NS] non-critical missing fields: ['return_on_equity']
2026-08-07 04:57:25,407 [INFO] src.cleaning: [TATASTEEL.NS] non-critical missing fields: ['return_on_equity']
2026-08-07 04:57:25,407 [INFO] src.cleaning: [TECHM.NS] non-critical missing fields: ['return_on_equity']
2026-08-07 04:57:25,407 [INFO] src.cleaning: [THERMAX.NS] non-critical missing fields: ['return_on_equity']
2026-08-07 04:57:25,407 [INFO] src.cleaning: [TIMKEN.NS] non-critical missing fields: ['ev_to_ebitda', 'return_on_equity', 'total_debt']
2026-08-07 04:57:25,407 [INFO] src.cleaning: [TMPV.NS] non-critical missing fields: ['trailing_pe']
2026-08-07 04:57:25,408 [INFO] src.cleaning: [TORNTPHARM.NS] non-critical missing fields: ['return_on_equity']
2026-08-07 04:57:25,408 [INFO] src.cleaning: [TORNTPOWER.NS] non-critical missing fields: ['return_on_equity']
2026-08-07 04:57:25,408 [INFO] src.cleaning: [TVSMOTOR.NS] non-critical missing fields: ['return_on_equity']
2026-08-07 04:57:25,408 [INFO] src.cleaning: [UCOBANK.NS] non-critical missing fields: ['ev_to_ebitda', 'debt_to_equity']
2026-08-07 04:57:25,408 [INFO] src.cleaning: [ULTRACEMCO.NS] non-critical missing fields: ['return_on_equity']
2026-08-07 04:57:25,408 [INFO] src.cleaning: [UNIONBANK.NS] non-critical missing fields: ['ev_to_ebitda', 'debt_to_equity', 'revenue_growth', 'total_debt']
2026-08-07 04:57:25,408 [INFO] src.cleaning: [UNITDSPR.NS] non-critical missing fields: ['return_on_equity']
2026-08-07 04:57:25,408 [INFO] src.cleaning: [UNOMINDA.NS] non-critical missing fields: ['return_on_equity']
2026-08-07 04:57:25,408 [INFO] src.cleaning: [UPL.NS] non-critical missing fields: ['return_on_equity']
2026-08-07 04:57:25,408 [INFO] src.cleaning: [VEDL.NS] non-critical missing fields: ['return_on_equity']
2026-08-07 04:57:25,408 [INFO] src.cleaning: [WELCORP.NS] non-critical missing fields: ['return_on_equity']
2026-08-07 04:57:25,408 [INFO] src.cleaning: [WHIRLPOOL.NS] non-critical missing fields: ['ev_to_ebitda', 'return_on_equity', 'total_debt']
2026-08-07 04:57:25,419 [INFO] src.cleaning: Cleaned 200/201 tickers -> data/processed/cleaned_universe.csv
2026-08-07 04:57:25,419 [INFO] src.cleaning: Full flag audit trail -> data/processed/cleaning_flags.csv
2026-08-07 04:57:25,419 [INFO] __main__: Cleaning validation passed: 200/201 tickers retained (100%)
2026-08-07 04:57:25,419 [INFO] __main__: === Stage 3/8: Scoring ===
2026-08-07 04:57:25,479 [INFO] src.scoring: Scored 200 companies -> data/processed/scored_universe.csv
2026-08-07 04:57:25,479 [INFO] src.scoring: Top 10 shortlist -> data/processed/shortlist_top_n.csv
2026-08-07 04:57:25,480 [WARNING] src.scoring: 24 companies scored on fewer than all 4 buckets (reweighted, not zero-filled) — see 'buckets_used' column: ['IOB.NS', 'UNIONBANK.NS', 'BANKINDIA.NS', 'CANBK.NS', 'PNB.NS', 'ICICIGI.NS', 'IDEA.NS', 'GICRE.NS', 'FEDERALBNK.NS', 'UCOBANK.NS', 'BANKBARODA.NS', 'AXISBANK.NS', 'KOTAKBANK.NS', 'SBIN.NS', 'ICICIBANK.NS', 'CENTRALBK.NS', 'HDFCBANK.NS', 'SBILIFE.NS', 'GMRAIRPORT.NS', 'AUBANK.NS', 'BANDHANBNK.NS', 'IDFCFIRSTB.NS', 'RBLBANK.NS', 'INDUSINDBK.NS']
2026-08-07 04:57:25,482 [INFO] __main__: Scoring validation passed: 200 companies ranked, all scores in valid range
2026-08-07 04:57:25,482 [INFO] __main__: === Stage 4/8: Comps + DuPont ===
2026-08-07 04:57:25,493 [INFO] src.comps_dupont: Comps + DuPont report for top 10 -> data/processed/comps_dupont_report.csv
2026-08-07 04:57:25,494 [WARNING] src.comps_dupont: 1 companies have a DuPont-implied ROE that diverges >5pp from reported ROE (possible data inconsistency, worth a manual check): ['IOB.NS']
2026-08-07 04:57:25,494 [INFO] __main__: === Stage 5/8: Explainability ===
2026-08-07 04:57:25,530 [INFO] src.explainability: Explanations for top 10 companies -> data/processed/explanations.csv
2026-08-07 04:57:25,530 [INFO] __main__: === Stage 6/8: Baseline Comparison ===
2026-08-07 04:57:25,537 [INFO] src.baseline_comparison: Baseline comparison -> data/processed/baseline_comparison.csv
2026-08-07 04:57:25,537 [INFO] __main__: === Stage 7/8: Acquisition Likelihood ===
2026-08-07 04:57:25,540 [INFO] src.acquisition_likelihood: 2 companies excluded from acquisition-likelihood scoring (negative/zero equity — financial distress, not a value-target thesis): ['IDEA.NS', 'GMRAIRPORT.NS']
2026-08-07 04:57:25,551 [INFO] src.acquisition_likelihood: Acquisition likelihood scoring -> data/processed/acquisition_likelihood.csv
2026-08-07 04:57:25,551 [INFO] __main__: === Stage 8/8: Historical Snapshot ===
2026-08-07 04:57:25,558 [INFO] src.history_tracker: Recorded shortlist snapshot for 2026-08-07 (10 companies) -> data/history/shortlist_history.csv (5 distinct days tracked so far)
2026-08-07 04:57:25,563 [INFO] src.history_tracker: Recorded acquisition-likelihood snapshot for 2026-08-07 (10 companies) -> data/history/acquisition_likelihood_history.csv (5 distinct days tracked so far)
2026-08-07 04:57:25,564 [INFO] __main__: === Pipeline completed successfully ===
2026-08-07 04:57:25,564 [INFO] __main__:   ingestion: {'total': 201, 'ok': 200}
2026-08-07 04:57:25,564 [INFO] __main__:   cleaning: {'retained': 200, 'input': 201}
2026-08-07 04:57:25,564 [INFO] __main__:   scoring: {'ranked': 200}
2026-08-07 04:57:25,564 [INFO] __main__:   comps_dupont: {'companies': 10}
2026-08-07 04:57:25,564 [INFO] __main__:   explainability: {'companies': 10}
2026-08-07 04:57:25,564 [INFO] __main__:   baseline_comparison: {'correlation': np.float64(0.46244958929815017), 'overlap_pct': 0.1}
2026-08-07 04:57:25,564 [INFO] __main__:   acquisition_likelihood: {'companies': 10}
2026-08-07 04:57:25,564 [INFO] __main__:   history_tracker: {'recorded': True}
