2026-09-17 08:25:21,755 [INFO] __main__: Logging to file: logs/pipeline_run_2026-09-17T08-25-21Z.log
2026-09-17 08:25:21,755 [INFO] __main__: === Stage 1/8: Ingestion ===
2026-09-17 08:25:21,788 [INFO] src.ingestion: [ACC.NS] fetching fresh data
2026-09-17 08:25:22,846 [INFO] src.ingestion: [AMBUJACEM.NS] fetching fresh data
2026-09-17 08:25:23,566 [INFO] src.ingestion: [ULTRACEMCO.NS] fetching fresh data
2026-09-17 08:25:24,362 [INFO] src.ingestion: [SHREECEM.NS] fetching fresh data
2026-09-17 08:25:25,214 [INFO] src.ingestion: [JKCEMENT.NS] fetching fresh data
2026-09-17 08:25:26,025 [INFO] src.ingestion: [RAMCOCEM.NS] fetching fresh data
2026-09-17 08:25:26,802 [INFO] src.ingestion: [HEIDELBERG.NS] fetching fresh data
2026-09-17 08:25:27,560 [INFO] src.ingestion: [DALBHARAT.NS] fetching fresh data
2026-09-17 08:25:28,350 [INFO] src.ingestion: [INFY.NS] fetching fresh data
2026-09-17 08:25:29,188 [INFO] src.ingestion: [TCS.NS] fetching fresh data
2026-09-17 08:25:29,995 [INFO] src.ingestion: [WIPRO.NS] fetching fresh data
2026-09-17 08:25:30,818 [INFO] src.ingestion: [HCLTECH.NS] fetching fresh data
2026-09-17 08:25:31,642 [INFO] src.ingestion: [TECHM.NS] fetching fresh data
2026-09-17 08:25:32,397 [INFO] src.ingestion: [LTIM.NS] fetching fresh data
2026-09-17 08:25:32,500 [ERROR] yfinance: HTTP Error 404: {"quoteSummary":{"result":null,"error":{"code":"Not Found","description":"Quote not found for symbol: LTIM.NS"}}}
2026-09-17 08:25:32,562 [WARNING] src.ingestion: [LTIM.NS] attempt 1 failed: yfinance returned an empty info payload for LTIM.NS (no exception, but no usable data — likely a transient Yahoo-side issue or an invalid/delisted symbol)
2026-09-17 08:25:34,667 [ERROR] yfinance: HTTP Error 404: {"quoteSummary":{"result":null,"error":{"code":"Not Found","description":"Quote not found for symbol: LTIM.NS"}}}
2026-09-17 08:25:34,700 [WARNING] src.ingestion: [LTIM.NS] attempt 2 failed: yfinance returned an empty info payload for LTIM.NS (no exception, but no usable data — likely a transient Yahoo-side issue or an invalid/delisted symbol)
2026-09-17 08:25:38,797 [ERROR] yfinance: HTTP Error 404: {"quoteSummary":{"result":null,"error":{"code":"Not Found","description":"Quote not found for symbol: LTIM.NS"}}}
2026-09-17 08:25:38,823 [WARNING] src.ingestion: [LTIM.NS] attempt 3 failed: yfinance returned an empty info payload for LTIM.NS (no exception, but no usable data — likely a transient Yahoo-side issue or an invalid/delisted symbol)
2026-09-17 08:25:39,224 [INFO] src.ingestion: [PERSISTENT.NS] fetching fresh data
2026-09-17 08:25:40,068 [INFO] src.ingestion: [COFORGE.NS] fetching fresh data
2026-09-17 08:25:40,827 [INFO] src.ingestion: [MPHASIS.NS] fetching fresh data
2026-09-17 08:25:41,574 [INFO] src.ingestion: [LTTS.NS] fetching fresh data
2026-09-17 08:25:42,484 [INFO] src.ingestion: [TATAELXSI.NS] fetching fresh data
2026-09-17 08:25:43,250 [INFO] src.ingestion: [CYIENT.NS] fetching fresh data
2026-09-17 08:25:44,129 [INFO] src.ingestion: [KPITTECH.NS] fetching fresh data
2026-09-17 08:25:45,049 [INFO] src.ingestion: [HDFCBANK.NS] fetching fresh data
2026-09-17 08:25:45,913 [INFO] src.ingestion: [ICICIBANK.NS] fetching fresh data
2026-09-17 08:25:46,682 [INFO] src.ingestion: [SBIN.NS] fetching fresh data
2026-09-17 08:25:47,558 [INFO] src.ingestion: [AXISBANK.NS] fetching fresh data
2026-09-17 08:25:48,411 [INFO] src.ingestion: [KOTAKBANK.NS] fetching fresh data
2026-09-17 08:25:49,092 [INFO] src.ingestion: [INDUSINDBK.NS] fetching fresh data
2026-09-17 08:25:49,912 [INFO] src.ingestion: [FEDERALBNK.NS] fetching fresh data
2026-09-17 08:25:50,787 [INFO] src.ingestion: [BANDHANBNK.NS] fetching fresh data
2026-09-17 08:25:51,528 [INFO] src.ingestion: [IDFCFIRSTB.NS] fetching fresh data
2026-09-17 08:25:52,301 [INFO] src.ingestion: [PNB.NS] fetching fresh data
2026-09-17 08:25:53,135 [INFO] src.ingestion: [BANKBARODA.NS] fetching fresh data
2026-09-17 08:25:53,905 [INFO] src.ingestion: [CANBK.NS] fetching fresh data
2026-09-17 08:25:54,663 [INFO] src.ingestion: [UNIONBANK.NS] fetching fresh data
2026-09-17 08:25:55,529 [INFO] src.ingestion: [AUBANK.NS] fetching fresh data
2026-09-17 08:25:56,361 [INFO] src.ingestion: [RBLBANK.NS] fetching fresh data
2026-09-17 08:25:57,122 [INFO] src.ingestion: [BANKINDIA.NS] fetching fresh data
2026-09-17 08:25:57,918 [INFO] src.ingestion: [CENTRALBK.NS] fetching fresh data
2026-09-17 08:25:58,641 [INFO] src.ingestion: [IOB.NS] fetching fresh data
2026-09-17 08:25:59,463 [INFO] src.ingestion: [UCOBANK.NS] fetching fresh data
2026-09-17 08:26:00,295 [INFO] src.ingestion: [BAJFINANCE.NS] fetching fresh data
2026-09-17 08:26:00,984 [INFO] src.ingestion: [BAJAJFINSV.NS] fetching fresh data
2026-09-17 08:26:01,733 [INFO] src.ingestion: [CHOLAFIN.NS] fetching fresh data
2026-09-17 08:26:02,599 [INFO] src.ingestion: [MUTHOOTFIN.NS] fetching fresh data
2026-09-17 08:26:03,318 [INFO] src.ingestion: [LICHSGFIN.NS] fetching fresh data
2026-09-17 08:26:04,160 [INFO] src.ingestion: [SHRIRAMFIN.NS] fetching fresh data
2026-09-17 08:26:04,928 [INFO] src.ingestion: [PFC.NS] fetching fresh data
2026-09-17 08:26:05,732 [INFO] src.ingestion: [RECLTD.NS] fetching fresh data
2026-09-17 08:26:06,423 [INFO] src.ingestion: [IRFC.NS] fetching fresh data
2026-09-17 08:26:07,272 [INFO] src.ingestion: [HUDCO.NS] fetching fresh data
2026-09-17 08:26:07,975 [INFO] src.ingestion: [BAJAJHLDNG.NS] fetching fresh data
2026-09-17 08:26:08,756 [INFO] src.ingestion: [SBICARD.NS] fetching fresh data
2026-09-17 08:26:09,549 [INFO] src.ingestion: [MANAPPURAM.NS] fetching fresh data
2026-09-17 08:26:10,294 [INFO] src.ingestion: [POONAWALLA.NS] fetching fresh data
2026-09-17 08:26:11,051 [INFO] src.ingestion: [HDFCLIFE.NS] fetching fresh data
2026-09-17 08:26:11,817 [INFO] src.ingestion: [SBILIFE.NS] fetching fresh data
2026-09-17 08:26:12,563 [INFO] src.ingestion: [ICICIPRULI.NS] fetching fresh data
2026-09-17 08:26:13,347 [INFO] src.ingestion: [ICICIGI.NS] fetching fresh data
2026-09-17 08:26:14,068 [INFO] src.ingestion: [LICI.NS] fetching fresh data
2026-09-17 08:26:14,835 [INFO] src.ingestion: [GICRE.NS] fetching fresh data
2026-09-17 08:26:15,638 [INFO] src.ingestion: [MARUTI.NS] fetching fresh data
2026-09-17 08:26:16,536 [INFO] src.ingestion: [TMPV.NS] fetching fresh data
2026-09-17 08:26:17,396 [INFO] src.ingestion: [TMCV.NS] fetching fresh data
2026-09-17 08:26:18,075 [INFO] src.ingestion: [M&M.NS] fetching fresh data
2026-09-17 08:26:18,863 [INFO] src.ingestion: [EICHERMOT.NS] fetching fresh data
2026-09-17 08:26:19,680 [INFO] src.ingestion: [HEROMOTOCO.NS] fetching fresh data
2026-09-17 08:26:20,517 [INFO] src.ingestion: [BAJAJ-AUTO.NS] fetching fresh data
2026-09-17 08:26:21,339 [INFO] src.ingestion: [TVSMOTOR.NS] fetching fresh data
2026-09-17 08:26:22,082 [INFO] src.ingestion: [ASHOKLEY.NS] fetching fresh data
2026-09-17 08:26:22,924 [INFO] src.ingestion: [BHARATFORG.NS] fetching fresh data
2026-09-17 08:26:23,719 [INFO] src.ingestion: [MOTHERSON.NS] fetching fresh data
2026-09-17 08:26:24,479 [INFO] src.ingestion: [BOSCHLTD.NS] fetching fresh data
2026-09-17 08:26:25,264 [INFO] src.ingestion: [MRF.NS] fetching fresh data
2026-09-17 08:26:26,020 [INFO] src.ingestion: [ENDURANCE.NS] fetching fresh data
2026-09-17 08:26:26,860 [INFO] src.ingestion: [EXIDEIND.NS] fetching fresh data
2026-09-17 08:26:27,679 [INFO] src.ingestion: [ARE&M.NS] fetching fresh data
2026-09-17 08:26:28,531 [INFO] src.ingestion: [SUNDRMFAST.NS] fetching fresh data
2026-09-17 08:26:29,346 [INFO] src.ingestion: [UNOMINDA.NS] fetching fresh data
2026-09-17 08:26:30,069 [INFO] src.ingestion: [SUNPHARMA.NS] fetching fresh data
2026-09-17 08:26:30,895 [INFO] src.ingestion: [DRREDDY.NS] fetching fresh data
2026-09-17 08:26:31,677 [INFO] src.ingestion: [CIPLA.NS] fetching fresh data
2026-09-17 08:26:32,481 [INFO] src.ingestion: [DIVISLAB.NS] fetching fresh data
2026-09-17 08:26:33,362 [INFO] src.ingestion: [LUPIN.NS] fetching fresh data
2026-09-17 08:26:34,139 [INFO] src.ingestion: [AUROPHARMA.NS] fetching fresh data
2026-09-17 08:26:34,916 [INFO] src.ingestion: [BIOCON.NS] fetching fresh data
2026-09-17 08:26:35,717 [INFO] src.ingestion: [TORNTPHARM.NS] fetching fresh data
2026-09-17 08:26:36,497 [INFO] src.ingestion: [ALKEM.NS] fetching fresh data
2026-09-17 08:26:37,320 [INFO] src.ingestion: [ABBOTINDIA.NS] fetching fresh data
2026-09-17 08:26:38,077 [INFO] src.ingestion: [APOLLOHOSP.NS] fetching fresh data
2026-09-17 08:26:38,981 [INFO] src.ingestion: [FORTIS.NS] fetching fresh data
2026-09-17 08:26:39,770 [INFO] src.ingestion: [LALPATHLAB.NS] fetching fresh data
2026-09-17 08:26:40,525 [INFO] src.ingestion: [METROPOLIS.NS] fetching fresh data
2026-09-17 08:26:41,472 [INFO] src.ingestion: [GLAND.NS] fetching fresh data
2026-09-17 08:26:42,209 [INFO] src.ingestion: [LAURUSLABS.NS] fetching fresh data
2026-09-17 08:26:43,172 [INFO] src.ingestion: [GLENMARK.NS] fetching fresh data
2026-09-17 08:26:44,009 [INFO] src.ingestion: [IPCALAB.NS] fetching fresh data
2026-09-17 08:26:44,867 [INFO] src.ingestion: [HINDUNILVR.NS] fetching fresh data
2026-09-17 08:26:45,610 [INFO] src.ingestion: [ITC.NS] fetching fresh data
2026-09-17 08:26:46,482 [INFO] src.ingestion: [NESTLEIND.NS] fetching fresh data
2026-09-17 08:26:47,231 [INFO] src.ingestion: [BRITANNIA.NS] fetching fresh data
2026-09-17 08:26:48,081 [INFO] src.ingestion: [DABUR.NS] fetching fresh data
2026-09-17 08:26:48,788 [INFO] src.ingestion: [GODREJCP.NS] fetching fresh data
2026-09-17 08:26:49,676 [INFO] src.ingestion: [MARICO.NS] fetching fresh data
2026-09-17 08:26:50,391 [INFO] src.ingestion: [COLPAL.NS] fetching fresh data
2026-09-17 08:26:51,236 [INFO] src.ingestion: [TATACONSUM.NS] fetching fresh data
2026-09-17 08:26:52,032 [INFO] src.ingestion: [VBL.NS] fetching fresh data
2026-09-17 08:26:52,927 [INFO] src.ingestion: [UNITDSPR.NS] fetching fresh data
2026-09-17 08:26:53,674 [INFO] src.ingestion: [EMAMILTD.NS] fetching fresh data
2026-09-17 08:26:54,454 [INFO] src.ingestion: [TATASTEEL.NS] fetching fresh data
2026-09-17 08:26:55,323 [INFO] src.ingestion: [JSWSTEEL.NS] fetching fresh data
2026-09-17 08:26:56,043 [INFO] src.ingestion: [HINDALCO.NS] fetching fresh data
2026-09-17 08:26:56,907 [INFO] src.ingestion: [VEDL.NS] fetching fresh data
2026-09-17 08:26:57,695 [INFO] src.ingestion: [COALINDIA.NS] fetching fresh data
2026-09-17 08:26:58,407 [INFO] src.ingestion: [NMDC.NS] fetching fresh data
2026-09-17 08:26:59,220 [INFO] src.ingestion: [SAIL.NS] fetching fresh data
2026-09-17 08:26:59,988 [INFO] src.ingestion: [JINDALSTEL.NS] fetching fresh data
2026-09-17 08:27:00,888 [INFO] src.ingestion: [APLAPOLLO.NS] fetching fresh data
2026-09-17 08:27:01,715 [INFO] src.ingestion: [NATIONALUM.NS] fetching fresh data
2026-09-17 08:27:02,532 [INFO] src.ingestion: [HINDCOPPER.NS] fetching fresh data
2026-09-17 08:27:03,330 [INFO] src.ingestion: [RATNAMANI.NS] fetching fresh data
2026-09-17 08:27:04,124 [INFO] src.ingestion: [HINDZINC.NS] fetching fresh data
2026-09-17 08:27:04,953 [INFO] src.ingestion: [WELCORP.NS] fetching fresh data
2026-09-17 08:27:05,751 [INFO] src.ingestion: [JSL.NS] fetching fresh data
2026-09-17 08:27:06,490 [INFO] src.ingestion: [RELIANCE.NS] fetching fresh data
2026-09-17 08:27:07,307 [INFO] src.ingestion: [ONGC.NS] fetching fresh data
2026-09-17 08:27:08,119 [INFO] src.ingestion: [BPCL.NS] fetching fresh data
2026-09-17 08:27:09,027 [INFO] src.ingestion: [IOC.NS] fetching fresh data
2026-09-17 08:27:09,831 [INFO] src.ingestion: [GAIL.NS] fetching fresh data
2026-09-17 08:27:10,639 [INFO] src.ingestion: [NTPC.NS] fetching fresh data
2026-09-17 08:27:11,582 [INFO] src.ingestion: [POWERGRID.NS] fetching fresh data
2026-09-17 08:27:12,498 [INFO] src.ingestion: [TATAPOWER.NS] fetching fresh data
2026-09-17 08:27:13,224 [INFO] src.ingestion: [ADANIGREEN.NS] fetching fresh data
2026-09-17 08:27:14,075 [INFO] src.ingestion: [ADANIPOWER.NS] fetching fresh data
2026-09-17 08:27:14,838 [INFO] src.ingestion: [TORNTPOWER.NS] fetching fresh data
2026-09-17 08:27:15,755 [INFO] src.ingestion: [LT.NS] fetching fresh data
2026-09-17 08:27:16,547 [INFO] src.ingestion: [SIEMENS.NS] fetching fresh data
2026-09-17 08:27:17,371 [INFO] src.ingestion: [ABB.NS] fetching fresh data
2026-09-17 08:27:18,232 [INFO] src.ingestion: [HAL.NS] fetching fresh data
2026-09-17 08:27:19,133 [INFO] src.ingestion: [BEL.NS] fetching fresh data
2026-09-17 08:27:19,886 [INFO] src.ingestion: [BHEL.NS] fetching fresh data
2026-09-17 08:27:20,710 [INFO] src.ingestion: [CUMMINSIND.NS] fetching fresh data
2026-09-17 08:27:21,453 [INFO] src.ingestion: [THERMAX.NS] fetching fresh data
2026-09-17 08:27:22,355 [INFO] src.ingestion: [POLYCAB.NS] fetching fresh data
2026-09-17 08:27:23,201 [INFO] src.ingestion: [KEI.NS] fetching fresh data
2026-09-17 08:27:24,026 [INFO] src.ingestion: [HAVELLS.NS] fetching fresh data
2026-09-17 08:27:24,803 [INFO] src.ingestion: [CROMPTON.NS] fetching fresh data
2026-09-17 08:27:25,570 [INFO] src.ingestion: [SUPREMEIND.NS] fetching fresh data
2026-09-17 08:27:26,329 [INFO] src.ingestion: [ASTRAL.NS] fetching fresh data
2026-09-17 08:27:27,175 [INFO] src.ingestion: [GRINDWELL.NS] fetching fresh data
2026-09-17 08:27:27,916 [INFO] src.ingestion: [CARBORUNIV.NS] fetching fresh data
2026-09-17 08:27:28,755 [INFO] src.ingestion: [TIMKEN.NS] fetching fresh data
2026-09-17 08:27:29,535 [INFO] src.ingestion: [SKFINDIA.NS] fetching fresh data
2026-09-17 08:27:30,231 [INFO] src.ingestion: [SRF.NS] fetching fresh data
2026-09-17 08:27:31,056 [INFO] src.ingestion: [PIIND.NS] fetching fresh data
2026-09-17 08:27:31,840 [INFO] src.ingestion: [DEEPAKNTR.NS] fetching fresh data
2026-09-17 08:27:32,631 [INFO] src.ingestion: [AARTIIND.NS] fetching fresh data
2026-09-17 08:27:33,406 [INFO] src.ingestion: [NAVINFLUOR.NS] fetching fresh data
2026-09-17 08:27:34,148 [INFO] src.ingestion: [UPL.NS] fetching fresh data
2026-09-17 08:27:34,916 [INFO] src.ingestion: [COROMANDEL.NS] fetching fresh data
2026-09-17 08:27:35,724 [INFO] src.ingestion: [CHAMBLFERT.NS] fetching fresh data
2026-09-17 08:27:36,427 [INFO] src.ingestion: [GNFC.NS] fetching fresh data
2026-09-17 08:27:37,255 [INFO] src.ingestion: [PIDILITIND.NS] fetching fresh data
2026-09-17 08:27:38,036 [INFO] src.ingestion: [TATACHEM.NS] fetching fresh data
2026-09-17 08:27:38,791 [INFO] src.ingestion: [GHCL.NS] fetching fresh data
2026-09-17 08:27:39,545 [INFO] src.ingestion: [TITAN.NS] fetching fresh data
2026-09-17 08:27:40,321 [INFO] src.ingestion: [DMART.NS] fetching fresh data
2026-09-17 08:27:41,089 [INFO] src.ingestion: [TRENT.NS] fetching fresh data
2026-09-17 08:27:41,926 [INFO] src.ingestion: [BATAINDIA.NS] fetching fresh data
2026-09-17 08:27:42,737 [INFO] src.ingestion: [PAGEIND.NS] fetching fresh data
2026-09-17 08:27:43,580 [INFO] src.ingestion: [JUBLFOOD.NS] fetching fresh data
2026-09-17 08:27:44,296 [INFO] src.ingestion: [VOLTAS.NS] fetching fresh data
2026-09-17 08:27:45,069 [INFO] src.ingestion: [DIXON.NS] fetching fresh data
2026-09-17 08:27:45,906 [INFO] src.ingestion: [RELAXO.NS] fetching fresh data
2026-09-17 08:27:46,695 [INFO] src.ingestion: [KAJARIACER.NS] fetching fresh data
2026-09-17 08:27:47,491 [INFO] src.ingestion: [WHIRLPOOL.NS] fetching fresh data
2026-09-17 08:27:48,298 [INFO] src.ingestion: [BLUESTARCO.NS] fetching fresh data
2026-09-17 08:27:49,045 [INFO] src.ingestion: [PGHH.NS] fetching fresh data
2026-09-17 08:27:49,858 [INFO] src.ingestion: [GILLETTE.NS] fetching fresh data
2026-09-17 08:27:50,548 [INFO] src.ingestion: [BHARTIARTL.NS] fetching fresh data
2026-09-17 08:27:51,311 [INFO] src.ingestion: [IDEA.NS] fetching fresh data
2026-09-17 08:27:52,418 [INFO] src.ingestion: [INDUSTOWER.NS] fetching fresh data
2026-09-17 08:27:53,303 [INFO] src.ingestion: [PVRINOX.NS] fetching fresh data
2026-09-17 08:27:54,070 [INFO] src.ingestion: [ZEEL.NS] fetching fresh data
2026-09-17 08:27:54,862 [INFO] src.ingestion: [ADANIPORTS.NS] fetching fresh data
2026-09-17 08:27:55,690 [INFO] src.ingestion: [ADANIENT.NS] fetching fresh data
2026-09-17 08:27:56,551 [INFO] src.ingestion: [GMRAIRPORT.NS] fetching fresh data
2026-09-17 08:27:57,278 [INFO] src.ingestion: [CONCOR.NS] fetching fresh data
2026-09-17 08:27:58,105 [INFO] src.ingestion: [IRCTC.NS] fetching fresh data
2026-09-17 08:27:58,926 [INFO] src.ingestion: [INDIGO.NS] fetching fresh data
2026-09-17 08:27:59,769 [INFO] src.ingestion: [RVNL.NS] fetching fresh data
2026-09-17 08:28:00,674 [INFO] src.ingestion: [IRCON.NS] fetching fresh data
2026-09-17 08:28:01,473 [INFO] src.ingestion: [NBCC.NS] fetching fresh data
2026-09-17 08:28:02,370 [INFO] src.ingestion: [NCC.NS] fetching fresh data
2026-09-17 08:28:03,160 [INFO] src.ingestion: [MAZDOCK.NS] fetching fresh data
2026-09-17 08:28:03,968 [INFO] src.ingestion: [COCHINSHIP.NS] fetching fresh data
2026-09-17 08:28:04,810 [INFO] src.ingestion: [DLF.NS] fetching fresh data
2026-09-17 08:28:05,627 [INFO] src.ingestion: [GODREJPROP.NS] fetching fresh data
2026-09-17 08:28:06,538 [INFO] src.ingestion: [OBEROIRLTY.NS] fetching fresh data
2026-09-17 08:28:07,298 [INFO] src.ingestion: [PRESTIGE.NS] fetching fresh data
2026-09-17 08:28:08,139 [INFO] src.ingestion: [PHOENIXLTD.NS] fetching fresh data
2026-09-17 08:28:08,945 [INFO] src.ingestion: [SOBHA.NS] fetching fresh data
2026-09-17 08:28:09,750 [INFO] src.ingestion: Fetched 200/201 tickers successfully
2026-09-17 08:28:09,750 [WARNING] src.ingestion: Failed tickers (excluded from downstream, not silently zeroed): ['LTIM.NS']
2026-09-17 08:28:09,750 [INFO] __main__: Ingestion validation passed: 200/201 tickers (100%)
2026-09-17 08:28:09,750 [INFO] __main__: === Stage 2/8: Cleaning ===
2026-09-17 08:28:09,759 [WARNING] src.cleaning: [LTIM.NS] EXCLUDED: ingestion failed: yfinance returned an empty info payload for LTIM.NS (no exception, but no usable data — likely a transient Yahoo-side issue or an invalid/delisted symbol)
2026-09-17 08:28:09,759 [INFO] src.cleaning: [AARTIIND.NS] non-critical missing fields: ['return_on_equity']
2026-09-17 08:28:09,759 [INFO] src.cleaning: [ABBOTINDIA.NS] non-critical missing fields: ['return_on_equity']
2026-09-17 08:28:09,760 [INFO] src.cleaning: [ACC.NS] non-critical missing fields: ['return_on_equity']
2026-09-17 08:28:09,760 [INFO] src.cleaning: [ADANIENT.NS] non-critical missing fields: ['return_on_equity']
2026-09-17 08:28:09,760 [INFO] src.cleaning: [ADANIGREEN.NS] non-critical missing fields: ['return_on_equity']
2026-09-17 08:28:09,760 [INFO] src.cleaning: [ADANIPORTS.NS] non-critical missing fields: ['return_on_equity']
2026-09-17 08:28:09,760 [INFO] src.cleaning: [ADANIPOWER.NS] non-critical missing fields: ['return_on_equity']
2026-09-17 08:28:09,760 [INFO] src.cleaning: [ALKEM.NS] non-critical missing fields: ['return_on_equity']
2026-09-17 08:28:09,760 [INFO] src.cleaning: [AMBUJACEM.NS] non-critical missing fields: ['return_on_equity']
2026-09-17 08:28:09,760 [INFO] src.cleaning: [APLAPOLLO.NS] non-critical missing fields: ['return_on_equity']
2026-09-17 08:28:09,760 [INFO] src.cleaning: [APOLLOHOSP.NS] non-critical missing fields: ['return_on_equity']
2026-09-17 08:28:09,760 [INFO] src.cleaning: [ARE&M.NS] non-critical missing fields: ['return_on_equity']
2026-09-17 08:28:09,760 [INFO] src.cleaning: [ASHOKLEY.NS] non-critical missing fields: ['return_on_equity']
2026-09-17 08:28:09,760 [INFO] src.cleaning: [ASTRAL.NS] non-critical missing fields: ['return_on_equity']
2026-09-17 08:28:09,760 [INFO] src.cleaning: [AUBANK.NS] non-critical missing fields: ['ev_to_ebitda', 'return_on_equity', 'debt_to_equity']
2026-09-17 08:28:09,760 [INFO] src.cleaning: [AUROPHARMA.NS] non-critical missing fields: ['return_on_equity']
2026-09-17 08:28:09,760 [INFO] src.cleaning: [AXISBANK.NS] non-critical missing fields: ['ev_to_ebitda', 'debt_to_equity']
2026-09-17 08:28:09,760 [INFO] src.cleaning: [BAJAJ-AUTO.NS] non-critical missing fields: ['return_on_equity']
2026-09-17 08:28:09,761 [INFO] src.cleaning: [BAJAJFINSV.NS] non-critical missing fields: ['return_on_equity']
2026-09-17 08:28:09,761 [WARNING] src.cleaning: [BAJAJHLDNG.NS] outlier values flagged: ['net_margin']
2026-09-17 08:28:09,761 [INFO] src.cleaning: [BAJFINANCE.NS] non-critical missing fields: ['ev_to_ebitda', 'return_on_equity']
2026-09-17 08:28:09,761 [INFO] src.cleaning: [BANDHANBNK.NS] non-critical missing fields: ['ev_to_ebitda', 'return_on_equity', 'debt_to_equity']
2026-09-17 08:28:09,761 [INFO] src.cleaning: [BANKBARODA.NS] non-critical missing fields: ['ev_to_ebitda', 'debt_to_equity']
2026-09-17 08:28:09,761 [INFO] src.cleaning: [BANKINDIA.NS] non-critical missing fields: ['ev_to_ebitda', 'debt_to_equity']
2026-09-17 08:28:09,761 [INFO] src.cleaning: [BATAINDIA.NS] non-critical missing fields: ['return_on_equity']
2026-09-17 08:28:09,761 [INFO] src.cleaning: [BEL.NS] non-critical missing fields: ['return_on_equity']
2026-09-17 08:28:09,761 [INFO] src.cleaning: [BHARATFORG.NS] non-critical missing fields: ['return_on_equity']
2026-09-17 08:28:09,761 [INFO] src.cleaning: [BHEL.NS] non-critical missing fields: ['return_on_equity']
2026-09-17 08:28:09,761 [INFO] src.cleaning: [BIOCON.NS] non-critical missing fields: ['return_on_equity']
2026-09-17 08:28:09,761 [INFO] src.cleaning: [BLUESTARCO.NS] non-critical missing fields: ['return_on_equity']
2026-09-17 08:28:09,761 [INFO] src.cleaning: [BOSCHLTD.NS] non-critical missing fields: ['return_on_equity']
2026-09-17 08:28:09,761 [INFO] src.cleaning: [BPCL.NS] non-critical missing fields: ['return_on_equity']
2026-09-17 08:28:09,761 [INFO] src.cleaning: [BRITANNIA.NS] non-critical missing fields: ['return_on_equity']
2026-09-17 08:28:09,761 [INFO] src.cleaning: [CANBK.NS] non-critical missing fields: ['ev_to_ebitda', 'return_on_equity', 'debt_to_equity']
2026-09-17 08:28:09,761 [INFO] src.cleaning: [CARBORUNIV.NS] non-critical missing fields: ['return_on_equity']
2026-09-17 08:28:09,761 [INFO] src.cleaning: [CENTRALBK.NS] non-critical missing fields: ['ev_to_ebitda', 'debt_to_equity']
2026-09-17 08:28:09,762 [INFO] src.cleaning: [CHAMBLFERT.NS] non-critical missing fields: ['return_on_equity']
2026-09-17 08:28:09,762 [INFO] src.cleaning: [CHOLAFIN.NS] non-critical missing fields: ['ev_to_ebitda', 'return_on_equity']
2026-09-17 08:28:09,762 [INFO] src.cleaning: [CIPLA.NS] non-critical missing fields: ['return_on_equity']
2026-09-17 08:28:09,762 [INFO] src.cleaning: [COALINDIA.NS] non-critical missing fields: ['return_on_equity']
2026-09-17 08:28:09,762 [INFO] src.cleaning: [COCHINSHIP.NS] non-critical missing fields: ['return_on_equity']
2026-09-17 08:28:09,762 [INFO] src.cleaning: [COFORGE.NS] non-critical missing fields: ['return_on_equity']
2026-09-17 08:28:09,762 [INFO] src.cleaning: [COLPAL.NS] non-critical missing fields: ['return_on_equity']
2026-09-17 08:28:09,762 [INFO] src.cleaning: [CONCOR.NS] non-critical missing fields: ['return_on_equity']
2026-09-17 08:28:09,762 [INFO] src.cleaning: [COROMANDEL.NS] non-critical missing fields: ['return_on_equity']
2026-09-17 08:28:09,762 [INFO] src.cleaning: [CROMPTON.NS] non-critical missing fields: ['trailing_pe', 'return_on_equity']
2026-09-17 08:28:09,762 [INFO] src.cleaning: [CUMMINSIND.NS] non-critical missing fields: ['return_on_equity']
2026-09-17 08:28:09,762 [INFO] src.cleaning: [CYIENT.NS] non-critical missing fields: ['return_on_equity']
2026-09-17 08:28:09,762 [INFO] src.cleaning: [DABUR.NS] non-critical missing fields: ['return_on_equity']
2026-09-17 08:28:09,762 [INFO] src.cleaning: [DALBHARAT.NS] non-critical missing fields: ['return_on_equity']
2026-09-17 08:28:09,762 [INFO] src.cleaning: [DEEPAKNTR.NS] non-critical missing fields: ['return_on_equity']
2026-09-17 08:28:09,762 [INFO] src.cleaning: [DIVISLAB.NS] non-critical missing fields: ['return_on_equity']
2026-09-17 08:28:09,762 [INFO] src.cleaning: [DIXON.NS] non-critical missing fields: ['return_on_equity']
2026-09-17 08:28:09,762 [INFO] src.cleaning: [DMART.NS] non-critical missing fields: ['return_on_equity']
2026-09-17 08:28:09,762 [INFO] src.cleaning: [EICHERMOT.NS] non-critical missing fields: ['return_on_equity']
2026-09-17 08:28:09,762 [INFO] src.cleaning: [EMAMILTD.NS] non-critical missing fields: ['return_on_equity']
2026-09-17 08:28:09,762 [INFO] src.cleaning: [ENDURANCE.NS] non-critical missing fields: ['return_on_equity']
2026-09-17 08:28:09,762 [INFO] src.cleaning: [EXIDEIND.NS] non-critical missing fields: ['return_on_equity']
2026-09-17 08:28:09,762 [INFO] src.cleaning: [FEDERALBNK.NS] non-critical missing fields: ['ev_to_ebitda', 'return_on_equity', 'debt_to_equity']
2026-09-17 08:28:09,763 [INFO] src.cleaning: [FORTIS.NS] non-critical missing fields: ['return_on_equity']
2026-09-17 08:28:09,763 [INFO] src.cleaning: [GAIL.NS] non-critical missing fields: ['return_on_equity']
2026-09-17 08:28:09,763 [INFO] src.cleaning: [GHCL.NS] non-critical missing fields: ['return_on_equity']
2026-09-17 08:28:09,763 [INFO] src.cleaning: [GICRE.NS] non-critical missing fields: ['ev_to_ebitda', 'debt_to_equity']
2026-09-17 08:28:09,763 [INFO] src.cleaning: [GILLETTE.NS] non-critical missing fields: ['return_on_equity']
2026-09-17 08:28:09,763 [INFO] src.cleaning: [GLAND.NS] non-critical missing fields: ['return_on_equity']
2026-09-17 08:28:09,763 [INFO] src.cleaning: [GLENMARK.NS] non-critical missing fields: ['return_on_equity']
2026-09-17 08:28:09,763 [WARNING] src.cleaning: [GMRAIRPORT.NS] negative/zero equity — DuPont ROE math will be invalid downstream
2026-09-17 08:28:09,763 [INFO] src.cleaning: [GMRAIRPORT.NS] non-critical missing fields: ['return_on_equity', 'debt_to_equity']
2026-09-17 08:28:09,763 [INFO] src.cleaning: [GNFC.NS] non-critical missing fields: ['return_on_equity']
2026-09-17 08:28:09,763 [INFO] src.cleaning: [GODREJCP.NS] non-critical missing fields: ['return_on_equity']
2026-09-17 08:28:09,763 [INFO] src.cleaning: [GODREJPROP.NS] non-critical missing fields: ['return_on_equity']
2026-09-17 08:28:09,763 [INFO] src.cleaning: [GRINDWELL.NS] non-critical missing fields: ['return_on_equity']
2026-09-17 08:28:09,763 [INFO] src.cleaning: [HAL.NS] non-critical missing fields: ['return_on_equity']
2026-09-17 08:28:09,763 [INFO] src.cleaning: [HAVELLS.NS] non-critical missing fields: ['return_on_equity']
2026-09-17 08:28:09,763 [WARNING] src.cleaning: [HCLTECH.NS] outlier values flagged: ['ev_to_ebitda']
2026-09-17 08:28:09,763 [INFO] src.cleaning: [HDFCBANK.NS] non-critical missing fields: ['ev_to_ebitda', 'debt_to_equity']
2026-09-17 08:28:09,763 [INFO] src.cleaning: [HEIDELBERG.NS] non-critical missing fields: ['return_on_equity']
2026-09-17 08:28:09,763 [INFO] src.cleaning: [HEROMOTOCO.NS] non-critical missing fields: ['return_on_equity']
2026-09-17 08:28:09,763 [INFO] src.cleaning: [HINDALCO.NS] non-critical missing fields: ['return_on_equity']
2026-09-17 08:28:09,763 [INFO] src.cleaning: [HINDCOPPER.NS] non-critical missing fields: ['return_on_equity']
2026-09-17 08:28:09,763 [INFO] src.cleaning: [HINDUNILVR.NS] non-critical missing fields: ['return_on_equity']
2026-09-17 08:28:09,763 [INFO] src.cleaning: [HINDZINC.NS] non-critical missing fields: ['return_on_equity']
2026-09-17 08:28:09,763 [INFO] src.cleaning: [HUDCO.NS] non-critical missing fields: ['ev_to_ebitda', 'return_on_equity']
2026-09-17 08:28:09,763 [INFO] src.cleaning: [ICICIBANK.NS] non-critical missing fields: ['ev_to_ebitda', 'debt_to_equity']
2026-09-17 08:28:09,763 [INFO] src.cleaning: [ICICIGI.NS] non-critical missing fields: ['debt_to_equity']
2026-09-17 08:28:09,763 [WARNING] src.cleaning: [IDEA.NS] negative/zero equity — DuPont ROE math will be invalid downstream
2026-09-17 08:28:09,763 [INFO] src.cleaning: [IDEA.NS] non-critical missing fields: ['return_on_equity', 'debt_to_equity']
2026-09-17 08:28:09,763 [INFO] src.cleaning: [IDFCFIRSTB.NS] non-critical missing fields: ['ev_to_ebitda', 'debt_to_equity']
2026-09-17 08:28:09,763 [WARNING] src.cleaning: [INDIGO.NS] outlier values flagged: ['debt_to_equity']
2026-09-17 08:28:09,764 [INFO] src.cleaning: [INDIGO.NS] non-critical missing fields: ['trailing_pe', 'return_on_equity']
2026-09-17 08:28:09,764 [INFO] src.cleaning: [INDUSINDBK.NS] non-critical missing fields: ['ev_to_ebitda', 'return_on_equity', 'debt_to_equity']
2026-09-17 08:28:09,764 [WARNING] src.cleaning: [INFY.NS] outlier values flagged: ['ev_to_ebitda']
2026-09-17 08:28:09,764 [INFO] src.cleaning: [IOB.NS] non-critical missing fields: ['ev_to_ebitda', 'debt_to_equity']
2026-09-17 08:28:09,764 [INFO] src.cleaning: [IOC.NS] non-critical missing fields: ['return_on_equity']
2026-09-17 08:28:09,764 [INFO] src.cleaning: [IPCALAB.NS] non-critical missing fields: ['return_on_equity']
2026-09-17 08:28:09,764 [INFO] src.cleaning: [IRCON.NS] non-critical missing fields: ['return_on_equity']
2026-09-17 08:28:09,764 [INFO] src.cleaning: [IRCTC.NS] non-critical missing fields: ['return_on_equity']
2026-09-17 08:28:09,764 [INFO] src.cleaning: [IRFC.NS] non-critical missing fields: ['ev_to_ebitda', 'return_on_equity']
2026-09-17 08:28:09,764 [INFO] src.cleaning: [ITC.NS] non-critical missing fields: ['return_on_equity']
2026-09-17 08:28:09,764 [INFO] src.cleaning: [JINDALSTEL.NS] non-critical missing fields: ['return_on_equity']
2026-09-17 08:28:09,764 [INFO] src.cleaning: [JKCEMENT.NS] non-critical missing fields: ['return_on_equity']
2026-09-17 08:28:09,764 [INFO] src.cleaning: [JSL.NS] non-critical missing fields: ['return_on_equity']
2026-09-17 08:28:09,764 [INFO] src.cleaning: [JSWSTEEL.NS] non-critical missing fields: ['return_on_equity']
2026-09-17 08:28:09,764 [INFO] src.cleaning: [JUBLFOOD.NS] non-critical missing fields: ['return_on_equity']
2026-09-17 08:28:09,764 [INFO] src.cleaning: [KAJARIACER.NS] non-critical missing fields: ['return_on_equity']
2026-09-17 08:28:09,764 [INFO] src.cleaning: [KEI.NS] non-critical missing fields: ['return_on_equity']
2026-09-17 08:28:09,765 [INFO] src.cleaning: [KOTAKBANK.NS] non-critical missing fields: ['ev_to_ebitda', 'return_on_equity', 'debt_to_equity']
2026-09-17 08:28:09,765 [INFO] src.cleaning: [KPITTECH.NS] non-critical missing fields: ['return_on_equity']
2026-09-17 08:28:09,765 [INFO] src.cleaning: [LALPATHLAB.NS] non-critical missing fields: ['return_on_equity']
2026-09-17 08:28:09,765 [INFO] src.cleaning: [LAURUSLABS.NS] non-critical missing fields: ['return_on_equity']
2026-09-17 08:28:09,765 [INFO] src.cleaning: [LICHSGFIN.NS] non-critical missing fields: ['ev_to_ebitda', 'return_on_equity']
2026-09-17 08:28:09,765 [INFO] src.cleaning: [LICI.NS] non-critical missing fields: ['return_on_equity']
2026-09-17 08:28:09,765 [INFO] src.cleaning: [LTTS.NS] non-critical missing fields: ['return_on_equity']
2026-09-17 08:28:09,765 [INFO] src.cleaning: [LT.NS] non-critical missing fields: ['return_on_equity']
2026-09-17 08:28:09,765 [INFO] src.cleaning: [LUPIN.NS] non-critical missing fields: ['return_on_equity']
2026-09-17 08:28:09,765 [INFO] src.cleaning: [M&M.NS] non-critical missing fields: ['return_on_equity']
2026-09-17 08:28:09,765 [INFO] src.cleaning: [MANAPPURAM.NS] non-critical missing fields: ['ev_to_ebitda', 'return_on_equity']
2026-09-17 08:28:09,765 [INFO] src.cleaning: [MARICO.NS] non-critical missing fields: ['return_on_equity']
2026-09-17 08:28:09,765 [INFO] src.cleaning: [MARUTI.NS] non-critical missing fields: ['return_on_equity']
2026-09-17 08:28:09,765 [INFO] src.cleaning: [MAZDOCK.NS] non-critical missing fields: ['return_on_equity']
2026-09-17 08:28:09,765 [INFO] src.cleaning: [METROPOLIS.NS] non-critical missing fields: ['return_on_equity']
2026-09-17 08:28:09,765 [INFO] src.cleaning: [MOTHERSON.NS] non-critical missing fields: ['return_on_equity']
2026-09-17 08:28:09,765 [INFO] src.cleaning: [MRF.NS] non-critical missing fields: ['return_on_equity']
2026-09-17 08:28:09,765 [INFO] src.cleaning: [MUTHOOTFIN.NS] non-critical missing fields: ['ev_to_ebitda']
2026-09-17 08:28:09,765 [INFO] src.cleaning: [NATIONALUM.NS] non-critical missing fields: ['return_on_equity']
2026-09-17 08:28:09,765 [INFO] src.cleaning: [NAVINFLUOR.NS] non-critical missing fields: ['return_on_equity']
2026-09-17 08:28:09,765 [INFO] src.cleaning: [NBCC.NS] non-critical missing fields: ['return_on_equity']
2026-09-17 08:28:09,765 [INFO] src.cleaning: [NCC.NS] non-critical missing fields: ['return_on_equity']
2026-09-17 08:28:09,765 [INFO] src.cleaning: [NESTLEIND.NS] non-critical missing fields: ['return_on_equity']
2026-09-17 08:28:09,766 [INFO] src.cleaning: [NMDC.NS] non-critical missing fields: ['return_on_equity']
2026-09-17 08:28:09,766 [INFO] src.cleaning: [NTPC.NS] non-critical missing fields: ['return_on_equity']
2026-09-17 08:28:09,766 [INFO] src.cleaning: [OBEROIRLTY.NS] non-critical missing fields: ['return_on_equity']
2026-09-17 08:28:09,766 [INFO] src.cleaning: [ONGC.NS] non-critical missing fields: ['return_on_equity']
2026-09-17 08:28:09,766 [INFO] src.cleaning: [PAGEIND.NS] non-critical missing fields: ['return_on_equity']
2026-09-17 08:28:09,766 [INFO] src.cleaning: [PFC.NS] non-critical missing fields: ['ev_to_ebitda', 'return_on_equity']
2026-09-17 08:28:09,766 [INFO] src.cleaning: [PGHH.NS] non-critical missing fields: ['return_on_equity']
2026-09-17 08:28:09,766 [INFO] src.cleaning: [PHOENIXLTD.NS] non-critical missing fields: ['return_on_equity']
2026-09-17 08:28:09,766 [INFO] src.cleaning: [PIDILITIND.NS] non-critical missing fields: ['return_on_equity']
2026-09-17 08:28:09,766 [INFO] src.cleaning: [PIIND.NS] non-critical missing fields: ['return_on_equity']
2026-09-17 08:28:09,766 [INFO] src.cleaning: [PNB.NS] non-critical missing fields: ['ev_to_ebitda', 'debt_to_equity']
2026-09-17 08:28:09,766 [INFO] src.cleaning: [POONAWALLA.NS] non-critical missing fields: ['ev_to_ebitda', 'return_on_equity']
2026-09-17 08:28:09,766 [INFO] src.cleaning: [POWERGRID.NS] non-critical missing fields: ['return_on_equity']
2026-09-17 08:28:09,766 [INFO] src.cleaning: [PVRINOX.NS] non-critical missing fields: ['return_on_equity']
2026-09-17 08:28:09,766 [INFO] src.cleaning: [RAMCOCEM.NS] non-critical missing fields: ['return_on_equity']
2026-09-17 08:28:09,766 [INFO] src.cleaning: [RATNAMANI.NS] non-critical missing fields: ['return_on_equity']
2026-09-17 08:28:09,766 [INFO] src.cleaning: [RBLBANK.NS] non-critical missing fields: ['ev_to_ebitda', 'return_on_equity', 'debt_to_equity']
2026-09-17 08:28:09,766 [INFO] src.cleaning: [RECLTD.NS] non-critical missing fields: ['ev_to_ebitda', 'return_on_equity']
2026-09-17 08:28:09,766 [INFO] src.cleaning: [RELAXO.NS] non-critical missing fields: ['return_on_equity']
2026-09-17 08:28:09,766 [INFO] src.cleaning: [RELIANCE.NS] non-critical missing fields: ['return_on_equity']
2026-09-17 08:28:09,766 [INFO] src.cleaning: [RVNL.NS] non-critical missing fields: ['return_on_equity']
2026-09-17 08:28:09,766 [INFO] src.cleaning: [SAIL.NS] non-critical missing fields: ['return_on_equity']
2026-09-17 08:28:09,766 [INFO] src.cleaning: [SBICARD.NS] non-critical missing fields: ['ev_to_ebitda', 'return_on_equity']
2026-09-17 08:28:09,766 [INFO] src.cleaning: [SBILIFE.NS] non-critical missing fields: ['debt_to_equity']
2026-09-17 08:28:09,766 [INFO] src.cleaning: [SBIN.NS] non-critical missing fields: ['ev_to_ebitda', 'debt_to_equity']
2026-09-17 08:28:09,766 [INFO] src.cleaning: [SHREECEM.NS] non-critical missing fields: ['return_on_equity']
2026-09-17 08:28:09,766 [INFO] src.cleaning: [SHRIRAMFIN.NS] non-critical missing fields: ['ev_to_ebitda']
2026-09-17 08:28:09,766 [INFO] src.cleaning: [SIEMENS.NS] non-critical missing fields: ['return_on_equity']
2026-09-17 08:28:09,766 [INFO] src.cleaning: [SKFINDIA.NS] non-critical missing fields: ['return_on_equity']
2026-09-17 08:28:09,766 [INFO] src.cleaning: [SOBHA.NS] non-critical missing fields: ['return_on_equity']
2026-09-17 08:28:09,766 [INFO] src.cleaning: [SRF.NS] non-critical missing fields: ['return_on_equity']
2026-09-17 08:28:09,766 [INFO] src.cleaning: [SUNDRMFAST.NS] non-critical missing fields: ['return_on_equity']
2026-09-17 08:28:09,767 [INFO] src.cleaning: [SUNPHARMA.NS] non-critical missing fields: ['return_on_equity']
2026-09-17 08:28:09,767 [INFO] src.cleaning: [SUPREMEIND.NS] non-critical missing fields: ['return_on_equity']
2026-09-17 08:28:09,767 [INFO] src.cleaning: [TATACHEM.NS] non-critical missing fields: ['trailing_pe', 'return_on_equity']
2026-09-17 08:28:09,767 [INFO] src.cleaning: [TATACONSUM.NS] non-critical missing fields: ['return_on_equity']
2026-09-17 08:28:09,767 [INFO] src.cleaning: [TATAELXSI.NS] non-critical missing fields: ['return_on_equity']
2026-09-17 08:28:09,767 [INFO] src.cleaning: [TATAPOWER.NS] non-critical missing fields: ['return_on_equity']
2026-09-17 08:28:09,767 [INFO] src.cleaning: [TATASTEEL.NS] non-critical missing fields: ['return_on_equity']
2026-09-17 08:28:09,767 [INFO] src.cleaning: [TECHM.NS] non-critical missing fields: ['return_on_equity']
2026-09-17 08:28:09,767 [INFO] src.cleaning: [THERMAX.NS] non-critical missing fields: ['return_on_equity']
2026-09-17 08:28:09,767 [INFO] src.cleaning: [TIMKEN.NS] non-critical missing fields: ['return_on_equity']
2026-09-17 08:28:09,767 [INFO] src.cleaning: [TITAN.NS] non-critical missing fields: ['return_on_equity']
2026-09-17 08:28:09,767 [INFO] src.cleaning: [TMCV.NS] non-critical missing fields: ['return_on_equity']
2026-09-17 08:28:09,767 [INFO] src.cleaning: [TMPV.NS] non-critical missing fields: ['trailing_pe', 'return_on_equity']
2026-09-17 08:28:09,767 [INFO] src.cleaning: [TORNTPHARM.NS] non-critical missing fields: ['return_on_equity']
2026-09-17 08:28:09,767 [INFO] src.cleaning: [TORNTPOWER.NS] non-critical missing fields: ['return_on_equity']
2026-09-17 08:28:09,767 [INFO] src.cleaning: [TRENT.NS] non-critical missing fields: ['return_on_equity']
2026-09-17 08:28:09,767 [INFO] src.cleaning: [TVSMOTOR.NS] non-critical missing fields: ['return_on_equity']
2026-09-17 08:28:09,767 [INFO] src.cleaning: [UCOBANK.NS] non-critical missing fields: ['ev_to_ebitda', 'debt_to_equity']
2026-09-17 08:28:09,767 [INFO] src.cleaning: [ULTRACEMCO.NS] non-critical missing fields: ['return_on_equity']
2026-09-17 08:28:09,767 [INFO] src.cleaning: [UNIONBANK.NS] non-critical missing fields: ['ev_to_ebitda', 'debt_to_equity']
2026-09-17 08:28:09,767 [INFO] src.cleaning: [UNITDSPR.NS] non-critical missing fields: ['return_on_equity']
2026-09-17 08:28:09,767 [INFO] src.cleaning: [UNOMINDA.NS] non-critical missing fields: ['return_on_equity']
2026-09-17 08:28:09,767 [INFO] src.cleaning: [UPL.NS] non-critical missing fields: ['return_on_equity']
2026-09-17 08:28:09,768 [INFO] src.cleaning: [VEDL.NS] non-critical missing fields: ['return_on_equity']
2026-09-17 08:28:09,768 [INFO] src.cleaning: [VOLTAS.NS] non-critical missing fields: ['return_on_equity']
2026-09-17 08:28:09,768 [INFO] src.cleaning: [WELCORP.NS] non-critical missing fields: ['return_on_equity']
2026-09-17 08:28:09,768 [INFO] src.cleaning: [WHIRLPOOL.NS] non-critical missing fields: ['return_on_equity']
2026-09-17 08:28:09,768 [INFO] src.cleaning: [ZEEL.NS] non-critical missing fields: ['return_on_equity']
2026-09-17 08:28:09,776 [INFO] src.cleaning: Cleaned 200/201 tickers -> data/processed/cleaned_universe.csv
2026-09-17 08:28:09,776 [INFO] src.cleaning: Full flag audit trail -> data/processed/cleaning_flags.csv
2026-09-17 08:28:09,776 [INFO] __main__: Cleaning validation passed: 200/201 tickers retained (100%)
2026-09-17 08:28:09,776 [INFO] __main__: === Stage 3/8: Scoring ===
2026-09-17 08:28:09,838 [INFO] src.scoring: Scored 200 companies -> data/processed/scored_universe.csv
2026-09-17 08:28:09,838 [INFO] src.scoring: Top 10 shortlist -> data/processed/shortlist_top_n.csv
2026-09-17 08:28:09,839 [WARNING] src.scoring: 24 companies scored on fewer than all 4 buckets (reweighted, not zero-filled) — see 'buckets_used' column: ['IOB.NS', 'BANKINDIA.NS', 'UNIONBANK.NS', 'CANBK.NS', 'ICICIGI.NS', 'IDEA.NS', 'PNB.NS', 'GICRE.NS', 'FEDERALBNK.NS', 'UCOBANK.NS', 'BANKBARODA.NS', 'CENTRALBK.NS', 'SBIN.NS', 'AXISBANK.NS', 'KOTAKBANK.NS', 'ICICIBANK.NS', 'HDFCBANK.NS', 'SBILIFE.NS', 'AUBANK.NS', 'BANDHANBNK.NS', 'GMRAIRPORT.NS', 'IDFCFIRSTB.NS', 'RBLBANK.NS', 'INDUSINDBK.NS']
2026-09-17 08:28:09,840 [INFO] __main__: Scoring validation passed: 200 companies ranked, all scores in valid range
2026-09-17 08:28:09,840 [INFO] __main__: === Stage 4/8: Comps + DuPont ===
2026-09-17 08:28:09,852 [INFO] src.comps_dupont: Comps + DuPont report for top 10 -> data/processed/comps_dupont_report.csv
2026-09-17 08:28:09,853 [WARNING] src.comps_dupont: 1 companies have a DuPont-implied ROE that diverges >5pp from reported ROE (possible data inconsistency, worth a manual check): ['IOB.NS']
2026-09-17 08:28:09,853 [INFO] __main__: === Stage 5/8: Explainability ===
2026-09-17 08:28:09,892 [INFO] src.explainability: Explanations for top 10 companies -> data/processed/explanations.csv
2026-09-17 08:28:09,892 [INFO] __main__: === Stage 6/8: Baseline Comparison ===
2026-09-17 08:28:09,900 [INFO] src.baseline_comparison: Baseline comparison -> data/processed/baseline_comparison.csv
2026-09-17 08:28:09,900 [INFO] __main__: === Stage 7/8: Acquisition Likelihood ===
2026-09-17 08:28:09,904 [INFO] src.acquisition_likelihood: 2 companies excluded from acquisition-likelihood scoring (negative/zero equity — financial distress, not a value-target thesis): ['IDEA.NS', 'GMRAIRPORT.NS']
2026-09-17 08:28:09,915 [INFO] src.acquisition_likelihood: Acquisition likelihood scoring -> data/processed/acquisition_likelihood.csv
2026-09-17 08:28:09,916 [INFO] __main__: === Stage 8/8: Historical Snapshot ===
2026-09-17 08:28:09,923 [INFO] src.history_tracker: Recorded shortlist snapshot for 2026-09-17 (10 companies) -> data/history/shortlist_history.csv (5 distinct days tracked so far)
2026-09-17 08:28:09,929 [INFO] src.history_tracker: Recorded acquisition-likelihood snapshot for 2026-09-17 (10 companies) -> data/history/acquisition_likelihood_history.csv (5 distinct days tracked so far)
2026-09-17 08:28:09,929 [INFO] __main__: === Pipeline completed successfully ===
2026-09-17 08:28:09,929 [INFO] __main__:   ingestion: {'total': 201, 'ok': 200}
2026-09-17 08:28:09,929 [INFO] __main__:   cleaning: {'retained': 200, 'input': 201}
2026-09-17 08:28:09,929 [INFO] __main__:   scoring: {'ranked': 200}
2026-09-17 08:28:09,929 [INFO] __main__:   comps_dupont: {'companies': 10}
2026-09-17 08:28:09,929 [INFO] __main__:   explainability: {'companies': 10}
2026-09-17 08:28:09,929 [INFO] __main__:   baseline_comparison: {'correlation': np.float64(0.4840032915231101), 'overlap_pct': 0.0}
2026-09-17 08:28:09,929 [INFO] __main__:   acquisition_likelihood: {'companies': 10}
2026-09-17 08:28:09,929 [INFO] __main__:   history_tracker: {'recorded': True}
