2026-08-11 04:19:30,061 [INFO] __main__: Logging to file: logs/pipeline_run_2026-08-11T04-19-30Z.log
2026-08-11 04:19:30,061 [INFO] __main__: === Stage 1/8: Ingestion ===
2026-08-11 04:19:30,095 [INFO] src.ingestion: [ACC.NS] fetching fresh data
2026-08-11 04:19:31,215 [INFO] src.ingestion: [AMBUJACEM.NS] fetching fresh data
2026-08-11 04:19:32,043 [INFO] src.ingestion: [ULTRACEMCO.NS] fetching fresh data
2026-08-11 04:19:33,012 [INFO] src.ingestion: [SHREECEM.NS] fetching fresh data
2026-08-11 04:19:33,896 [INFO] src.ingestion: [JKCEMENT.NS] fetching fresh data
2026-08-11 04:19:34,774 [INFO] src.ingestion: [RAMCOCEM.NS] fetching fresh data
2026-08-11 04:19:35,574 [INFO] src.ingestion: [HEIDELBERG.NS] fetching fresh data
2026-08-11 04:19:36,570 [INFO] src.ingestion: [DALBHARAT.NS] fetching fresh data
2026-08-11 04:19:37,437 [INFO] src.ingestion: [INFY.NS] fetching fresh data
2026-08-11 04:19:38,344 [INFO] src.ingestion: [TCS.NS] fetching fresh data
2026-08-11 04:19:39,176 [INFO] src.ingestion: [WIPRO.NS] fetching fresh data
2026-08-11 04:19:40,183 [INFO] src.ingestion: [HCLTECH.NS] fetching fresh data
2026-08-11 04:19:40,989 [INFO] src.ingestion: [TECHM.NS] fetching fresh data
2026-08-11 04:19:41,854 [INFO] src.ingestion: [LTIM.NS] fetching fresh data
2026-08-11 04:19:41,989 [ERROR] yfinance: HTTP Error 404: {"quoteSummary":{"result":null,"error":{"code":"Not Found","description":"Quote not found for symbol: LTIM.NS"}}}
2026-08-11 04:19:42,119 [WARNING] src.ingestion: [LTIM.NS] attempt 1 failed: yfinance returned an empty info payload for LTIM.NS (no exception, but no usable data — likely a transient Yahoo-side issue or an invalid/delisted symbol)
2026-08-11 04:19:44,292 [ERROR] yfinance: HTTP Error 404: {"quoteSummary":{"result":null,"error":{"code":"Not Found","description":"Quote not found for symbol: LTIM.NS"}}}
2026-08-11 04:19:44,337 [WARNING] src.ingestion: [LTIM.NS] attempt 2 failed: yfinance returned an empty info payload for LTIM.NS (no exception, but no usable data — likely a transient Yahoo-side issue or an invalid/delisted symbol)
2026-08-11 04:19:48,473 [ERROR] yfinance: HTTP Error 404: {"quoteSummary":{"result":null,"error":{"code":"Not Found","description":"Quote not found for symbol: LTIM.NS"}}}
2026-08-11 04:19:48,518 [WARNING] src.ingestion: [LTIM.NS] attempt 3 failed: yfinance returned an empty info payload for LTIM.NS (no exception, but no usable data — likely a transient Yahoo-side issue or an invalid/delisted symbol)
2026-08-11 04:19:48,919 [INFO] src.ingestion: [PERSISTENT.NS] fetching fresh data
2026-08-11 04:19:49,907 [INFO] src.ingestion: [COFORGE.NS] fetching fresh data
2026-08-11 04:19:50,829 [INFO] src.ingestion: [MPHASIS.NS] fetching fresh data
2026-08-11 04:19:51,722 [INFO] src.ingestion: [LTTS.NS] fetching fresh data
2026-08-11 04:19:52,762 [INFO] src.ingestion: [TATAELXSI.NS] fetching fresh data
2026-08-11 04:19:53,616 [INFO] src.ingestion: [CYIENT.NS] fetching fresh data
2026-08-11 04:19:54,616 [INFO] src.ingestion: [KPITTECH.NS] fetching fresh data
2026-08-11 04:19:55,558 [INFO] src.ingestion: [HDFCBANK.NS] fetching fresh data
2026-08-11 04:19:56,380 [INFO] src.ingestion: [ICICIBANK.NS] fetching fresh data
2026-08-11 04:19:57,350 [INFO] src.ingestion: [SBIN.NS] fetching fresh data
2026-08-11 04:19:58,189 [INFO] src.ingestion: [AXISBANK.NS] fetching fresh data
2026-08-11 04:19:58,953 [INFO] src.ingestion: [KOTAKBANK.NS] fetching fresh data
2026-08-11 04:19:59,855 [INFO] src.ingestion: [INDUSINDBK.NS] fetching fresh data
2026-08-11 04:20:00,720 [INFO] src.ingestion: [FEDERALBNK.NS] fetching fresh data
2026-08-11 04:20:01,564 [INFO] src.ingestion: [BANDHANBNK.NS] fetching fresh data
2026-08-11 04:20:02,754 [INFO] src.ingestion: [IDFCFIRSTB.NS] fetching fresh data
2026-08-11 04:20:03,736 [INFO] src.ingestion: [PNB.NS] fetching fresh data
2026-08-11 04:20:04,635 [INFO] src.ingestion: [BANKBARODA.NS] fetching fresh data
2026-08-11 04:20:05,401 [INFO] src.ingestion: [CANBK.NS] fetching fresh data
2026-08-11 04:20:06,671 [INFO] src.ingestion: [UNIONBANK.NS] fetching fresh data
2026-08-11 04:20:07,562 [INFO] src.ingestion: [AUBANK.NS] fetching fresh data
2026-08-11 04:20:08,454 [INFO] src.ingestion: [RBLBANK.NS] fetching fresh data
2026-08-11 04:20:09,375 [INFO] src.ingestion: [BANKINDIA.NS] fetching fresh data
2026-08-11 04:20:10,174 [INFO] src.ingestion: [CENTRALBK.NS] fetching fresh data
2026-08-11 04:20:11,093 [INFO] src.ingestion: [IOB.NS] fetching fresh data
2026-08-11 04:20:11,944 [INFO] src.ingestion: [UCOBANK.NS] fetching fresh data
2026-08-11 04:20:12,756 [INFO] src.ingestion: [BAJFINANCE.NS] fetching fresh data
2026-08-11 04:20:13,667 [INFO] src.ingestion: [BAJAJFINSV.NS] fetching fresh data
2026-08-11 04:20:14,589 [INFO] src.ingestion: [CHOLAFIN.NS] fetching fresh data
2026-08-11 04:20:15,568 [INFO] src.ingestion: [MUTHOOTFIN.NS] fetching fresh data
2026-08-11 04:20:16,521 [INFO] src.ingestion: [LICHSGFIN.NS] fetching fresh data
2026-08-11 04:20:17,422 [INFO] src.ingestion: [SHRIRAMFIN.NS] fetching fresh data
2026-08-11 04:20:18,392 [INFO] src.ingestion: [PFC.NS] fetching fresh data
2026-08-11 04:20:19,265 [INFO] src.ingestion: [RECLTD.NS] fetching fresh data
2026-08-11 04:20:20,186 [INFO] src.ingestion: [IRFC.NS] fetching fresh data
2026-08-11 04:20:21,081 [INFO] src.ingestion: [HUDCO.NS] fetching fresh data
2026-08-11 04:20:21,951 [INFO] src.ingestion: [BAJAJHLDNG.NS] fetching fresh data
2026-08-11 04:20:22,805 [INFO] src.ingestion: [SBICARD.NS] fetching fresh data
2026-08-11 04:20:23,601 [INFO] src.ingestion: [MANAPPURAM.NS] fetching fresh data
2026-08-11 04:20:24,389 [INFO] src.ingestion: [POONAWALLA.NS] fetching fresh data
2026-08-11 04:20:25,206 [INFO] src.ingestion: [HDFCLIFE.NS] fetching fresh data
2026-08-11 04:20:26,006 [INFO] src.ingestion: [SBILIFE.NS] fetching fresh data
2026-08-11 04:20:26,855 [INFO] src.ingestion: [ICICIPRULI.NS] fetching fresh data
2026-08-11 04:20:27,743 [INFO] src.ingestion: [ICICIGI.NS] fetching fresh data
2026-08-11 04:20:28,651 [INFO] src.ingestion: [LICI.NS] fetching fresh data
2026-08-11 04:20:29,430 [INFO] src.ingestion: [GICRE.NS] fetching fresh data
2026-08-11 04:20:30,392 [INFO] src.ingestion: [MARUTI.NS] fetching fresh data
2026-08-11 04:20:31,368 [INFO] src.ingestion: [TMPV.NS] fetching fresh data
2026-08-11 04:20:32,385 [INFO] src.ingestion: [TMCV.NS] fetching fresh data
2026-08-11 04:20:33,213 [INFO] src.ingestion: [M&M.NS] fetching fresh data
2026-08-11 04:20:34,034 [INFO] src.ingestion: [EICHERMOT.NS] fetching fresh data
2026-08-11 04:20:34,920 [INFO] src.ingestion: [HEROMOTOCO.NS] fetching fresh data
2026-08-11 04:20:35,813 [INFO] src.ingestion: [BAJAJ-AUTO.NS] fetching fresh data
2026-08-11 04:20:36,776 [INFO] src.ingestion: [TVSMOTOR.NS] fetching fresh data
2026-08-11 04:20:37,753 [INFO] src.ingestion: [ASHOKLEY.NS] fetching fresh data
2026-08-11 04:20:38,646 [INFO] src.ingestion: [BHARATFORG.NS] fetching fresh data
2026-08-11 04:20:39,686 [INFO] src.ingestion: [MOTHERSON.NS] fetching fresh data
2026-08-11 04:20:40,540 [INFO] src.ingestion: [BOSCHLTD.NS] fetching fresh data
2026-08-11 04:20:41,570 [INFO] src.ingestion: [MRF.NS] fetching fresh data
2026-08-11 04:20:42,488 [INFO] src.ingestion: [ENDURANCE.NS] fetching fresh data
2026-08-11 04:20:43,409 [INFO] src.ingestion: [EXIDEIND.NS] fetching fresh data
2026-08-11 04:20:44,360 [INFO] src.ingestion: [ARE&M.NS] fetching fresh data
2026-08-11 04:20:45,336 [INFO] src.ingestion: [SUNDRMFAST.NS] fetching fresh data
2026-08-11 04:20:46,184 [INFO] src.ingestion: [UNOMINDA.NS] fetching fresh data
2026-08-11 04:20:47,156 [INFO] src.ingestion: [SUNPHARMA.NS] fetching fresh data
2026-08-11 04:20:48,038 [INFO] src.ingestion: [DRREDDY.NS] fetching fresh data
2026-08-11 04:20:48,936 [INFO] src.ingestion: [CIPLA.NS] fetching fresh data
2026-08-11 04:20:49,848 [INFO] src.ingestion: [DIVISLAB.NS] fetching fresh data
2026-08-11 04:20:50,636 [INFO] src.ingestion: [LUPIN.NS] fetching fresh data
2026-08-11 04:20:51,552 [INFO] src.ingestion: [AUROPHARMA.NS] fetching fresh data
2026-08-11 04:20:52,448 [INFO] src.ingestion: [BIOCON.NS] fetching fresh data
2026-08-11 04:20:53,403 [INFO] src.ingestion: [TORNTPHARM.NS] fetching fresh data
2026-08-11 04:20:54,364 [INFO] src.ingestion: [ALKEM.NS] fetching fresh data
2026-08-11 04:20:55,355 [INFO] src.ingestion: [ABBOTINDIA.NS] fetching fresh data
2026-08-11 04:20:56,210 [INFO] src.ingestion: [APOLLOHOSP.NS] fetching fresh data
2026-08-11 04:20:57,068 [INFO] src.ingestion: [FORTIS.NS] fetching fresh data
2026-08-11 04:20:57,947 [INFO] src.ingestion: [LALPATHLAB.NS] fetching fresh data
2026-08-11 04:20:58,772 [INFO] src.ingestion: [METROPOLIS.NS] fetching fresh data
2026-08-11 04:20:59,631 [INFO] src.ingestion: [GLAND.NS] fetching fresh data
2026-08-11 04:21:00,639 [INFO] src.ingestion: [LAURUSLABS.NS] fetching fresh data
2026-08-11 04:21:01,675 [INFO] src.ingestion: [GLENMARK.NS] fetching fresh data
2026-08-11 04:21:02,497 [INFO] src.ingestion: [IPCALAB.NS] fetching fresh data
2026-08-11 04:21:03,364 [INFO] src.ingestion: [HINDUNILVR.NS] fetching fresh data
2026-08-11 04:21:04,271 [INFO] src.ingestion: [ITC.NS] fetching fresh data
2026-08-11 04:21:05,171 [INFO] src.ingestion: [NESTLEIND.NS] fetching fresh data
2026-08-11 04:21:06,248 [INFO] src.ingestion: [BRITANNIA.NS] fetching fresh data
2026-08-11 04:21:07,189 [INFO] src.ingestion: [DABUR.NS] fetching fresh data
2026-08-11 04:21:08,051 [INFO] src.ingestion: [GODREJCP.NS] fetching fresh data
2026-08-11 04:21:09,036 [INFO] src.ingestion: [MARICO.NS] fetching fresh data
2026-08-11 04:21:10,047 [INFO] src.ingestion: [COLPAL.NS] fetching fresh data
2026-08-11 04:21:10,828 [INFO] src.ingestion: [TATACONSUM.NS] fetching fresh data
2026-08-11 04:21:11,693 [INFO] src.ingestion: [VBL.NS] fetching fresh data
2026-08-11 04:21:12,676 [INFO] src.ingestion: [UNITDSPR.NS] fetching fresh data
2026-08-11 04:21:13,606 [INFO] src.ingestion: [EMAMILTD.NS] fetching fresh data
2026-08-11 04:21:14,809 [INFO] src.ingestion: [TATASTEEL.NS] fetching fresh data
2026-08-11 04:21:15,854 [INFO] src.ingestion: [JSWSTEEL.NS] fetching fresh data
2026-08-11 04:21:16,771 [INFO] src.ingestion: [HINDALCO.NS] fetching fresh data
2026-08-11 04:21:17,723 [INFO] src.ingestion: [VEDL.NS] fetching fresh data
2026-08-11 04:21:18,728 [INFO] src.ingestion: [COALINDIA.NS] fetching fresh data
2026-08-11 04:21:19,713 [INFO] src.ingestion: [NMDC.NS] fetching fresh data
2026-08-11 04:21:20,887 [INFO] src.ingestion: [SAIL.NS] fetching fresh data
2026-08-11 04:21:21,838 [INFO] src.ingestion: [JINDALSTEL.NS] fetching fresh data
2026-08-11 04:21:22,869 [INFO] src.ingestion: [APLAPOLLO.NS] fetching fresh data
2026-08-11 04:21:23,780 [INFO] src.ingestion: [NATIONALUM.NS] fetching fresh data
2026-08-11 04:21:24,585 [INFO] src.ingestion: [HINDCOPPER.NS] fetching fresh data
2026-08-11 04:21:25,521 [INFO] src.ingestion: [RATNAMANI.NS] fetching fresh data
2026-08-11 04:21:26,494 [INFO] src.ingestion: [HINDZINC.NS] fetching fresh data
2026-08-11 04:21:27,503 [INFO] src.ingestion: [WELCORP.NS] fetching fresh data
2026-08-11 04:21:28,417 [INFO] src.ingestion: [JSL.NS] fetching fresh data
2026-08-11 04:21:29,246 [INFO] src.ingestion: [RELIANCE.NS] fetching fresh data
2026-08-11 04:21:30,180 [INFO] src.ingestion: [ONGC.NS] fetching fresh data
2026-08-11 04:21:31,140 [INFO] src.ingestion: [BPCL.NS] fetching fresh data
2026-08-11 04:21:32,112 [INFO] src.ingestion: [IOC.NS] fetching fresh data
2026-08-11 04:21:32,971 [INFO] src.ingestion: [GAIL.NS] fetching fresh data
2026-08-11 04:21:33,884 [INFO] src.ingestion: [NTPC.NS] fetching fresh data
2026-08-11 04:21:34,809 [INFO] src.ingestion: [POWERGRID.NS] fetching fresh data
2026-08-11 04:21:35,819 [INFO] src.ingestion: [TATAPOWER.NS] fetching fresh data
2026-08-11 04:21:36,924 [INFO] src.ingestion: [ADANIGREEN.NS] fetching fresh data
2026-08-11 04:21:37,791 [INFO] src.ingestion: [ADANIPOWER.NS] fetching fresh data
2026-08-11 04:21:38,697 [INFO] src.ingestion: [TORNTPOWER.NS] fetching fresh data
2026-08-11 04:21:39,703 [INFO] src.ingestion: [LT.NS] fetching fresh data
2026-08-11 04:21:40,564 [INFO] src.ingestion: [SIEMENS.NS] fetching fresh data
2026-08-11 04:21:41,551 [INFO] src.ingestion: [ABB.NS] fetching fresh data
2026-08-11 04:21:42,478 [INFO] src.ingestion: [HAL.NS] fetching fresh data
2026-08-11 04:21:43,368 [INFO] src.ingestion: [BEL.NS] fetching fresh data
2026-08-11 04:21:44,240 [INFO] src.ingestion: [BHEL.NS] fetching fresh data
2026-08-11 04:21:45,134 [INFO] src.ingestion: [CUMMINSIND.NS] fetching fresh data
2026-08-11 04:21:46,112 [INFO] src.ingestion: [THERMAX.NS] fetching fresh data
2026-08-11 04:21:46,966 [INFO] src.ingestion: [POLYCAB.NS] fetching fresh data
2026-08-11 04:21:47,877 [INFO] src.ingestion: [KEI.NS] fetching fresh data
2026-08-11 04:21:48,801 [INFO] src.ingestion: [HAVELLS.NS] fetching fresh data
2026-08-11 04:21:49,744 [INFO] src.ingestion: [CROMPTON.NS] fetching fresh data
2026-08-11 04:21:50,645 [INFO] src.ingestion: [SUPREMEIND.NS] fetching fresh data
2026-08-11 04:21:51,424 [INFO] src.ingestion: [ASTRAL.NS] fetching fresh data
2026-08-11 04:21:52,374 [INFO] src.ingestion: [GRINDWELL.NS] fetching fresh data
2026-08-11 04:21:53,311 [INFO] src.ingestion: [CARBORUNIV.NS] fetching fresh data
2026-08-11 04:21:54,267 [INFO] src.ingestion: [TIMKEN.NS] fetching fresh data
2026-08-11 04:21:55,081 [INFO] src.ingestion: [SKFINDIA.NS] fetching fresh data
2026-08-11 04:21:55,999 [INFO] src.ingestion: [SRF.NS] fetching fresh data
2026-08-11 04:21:57,035 [INFO] src.ingestion: [PIIND.NS] fetching fresh data
2026-08-11 04:21:57,840 [INFO] src.ingestion: [DEEPAKNTR.NS] fetching fresh data
2026-08-11 04:21:58,714 [INFO] src.ingestion: [AARTIIND.NS] fetching fresh data
2026-08-11 04:21:59,695 [INFO] src.ingestion: [NAVINFLUOR.NS] fetching fresh data
2026-08-11 04:22:00,608 [INFO] src.ingestion: [UPL.NS] fetching fresh data
2026-08-11 04:22:01,569 [INFO] src.ingestion: [COROMANDEL.NS] fetching fresh data
2026-08-11 04:22:02,423 [INFO] src.ingestion: [CHAMBLFERT.NS] fetching fresh data
2026-08-11 04:22:03,326 [INFO] src.ingestion: [GNFC.NS] fetching fresh data
2026-08-11 04:22:04,293 [INFO] src.ingestion: [PIDILITIND.NS] fetching fresh data
2026-08-11 04:22:05,187 [INFO] src.ingestion: [TATACHEM.NS] fetching fresh data
2026-08-11 04:22:06,053 [INFO] src.ingestion: [GHCL.NS] fetching fresh data
2026-08-11 04:22:06,970 [INFO] src.ingestion: [TITAN.NS] fetching fresh data
2026-08-11 04:22:07,869 [INFO] src.ingestion: [DMART.NS] fetching fresh data
2026-08-11 04:22:08,715 [INFO] src.ingestion: [TRENT.NS] fetching fresh data
2026-08-11 04:22:09,576 [INFO] src.ingestion: [BATAINDIA.NS] fetching fresh data
2026-08-11 04:22:10,468 [INFO] src.ingestion: [PAGEIND.NS] fetching fresh data
2026-08-11 04:22:11,329 [INFO] src.ingestion: [JUBLFOOD.NS] fetching fresh data
2026-08-11 04:22:12,152 [INFO] src.ingestion: [VOLTAS.NS] fetching fresh data
2026-08-11 04:22:13,082 [INFO] src.ingestion: [DIXON.NS] fetching fresh data
2026-08-11 04:22:13,992 [INFO] src.ingestion: [RELAXO.NS] fetching fresh data
2026-08-11 04:22:14,867 [INFO] src.ingestion: [KAJARIACER.NS] fetching fresh data
2026-08-11 04:22:15,886 [INFO] src.ingestion: [WHIRLPOOL.NS] fetching fresh data
2026-08-11 04:22:16,802 [INFO] src.ingestion: [BLUESTARCO.NS] fetching fresh data
2026-08-11 04:22:18,293 [INFO] src.ingestion: [PGHH.NS] fetching fresh data
2026-08-11 04:22:19,161 [INFO] src.ingestion: [GILLETTE.NS] fetching fresh data
2026-08-11 04:22:19,992 [INFO] src.ingestion: [BHARTIARTL.NS] fetching fresh data
2026-08-11 04:22:20,818 [INFO] src.ingestion: [IDEA.NS] fetching fresh data
2026-08-11 04:22:21,774 [INFO] src.ingestion: [INDUSTOWER.NS] fetching fresh data
2026-08-11 04:22:22,715 [INFO] src.ingestion: [PVRINOX.NS] fetching fresh data
2026-08-11 04:22:23,549 [INFO] src.ingestion: [ZEEL.NS] fetching fresh data
2026-08-11 04:22:24,569 [INFO] src.ingestion: [ADANIPORTS.NS] fetching fresh data
2026-08-11 04:22:25,374 [INFO] src.ingestion: [ADANIENT.NS] fetching fresh data
2026-08-11 04:22:26,279 [INFO] src.ingestion: [GMRAIRPORT.NS] fetching fresh data
2026-08-11 04:22:27,145 [INFO] src.ingestion: [CONCOR.NS] fetching fresh data
2026-08-11 04:22:28,101 [INFO] src.ingestion: [IRCTC.NS] fetching fresh data
2026-08-11 04:22:28,961 [INFO] src.ingestion: [INDIGO.NS] fetching fresh data
2026-08-11 04:22:29,848 [INFO] src.ingestion: [RVNL.NS] fetching fresh data
2026-08-11 04:22:30,734 [INFO] src.ingestion: [IRCON.NS] fetching fresh data
2026-08-11 04:22:31,590 [INFO] src.ingestion: [NBCC.NS] fetching fresh data
2026-08-11 04:22:32,475 [INFO] src.ingestion: [NCC.NS] fetching fresh data
2026-08-11 04:22:33,298 [INFO] src.ingestion: [MAZDOCK.NS] fetching fresh data
2026-08-11 04:22:34,155 [INFO] src.ingestion: [COCHINSHIP.NS] fetching fresh data
2026-08-11 04:22:35,104 [INFO] src.ingestion: [DLF.NS] fetching fresh data
2026-08-11 04:22:35,901 [INFO] src.ingestion: [GODREJPROP.NS] fetching fresh data
2026-08-11 04:22:36,777 [INFO] src.ingestion: [OBEROIRLTY.NS] fetching fresh data
2026-08-11 04:22:37,664 [INFO] src.ingestion: [PRESTIGE.NS] fetching fresh data
2026-08-11 04:22:38,516 [INFO] src.ingestion: [PHOENIXLTD.NS] fetching fresh data
2026-08-11 04:22:39,466 [INFO] src.ingestion: [SOBHA.NS] fetching fresh data
2026-08-11 04:22:40,473 [INFO] src.ingestion: Fetched 200/201 tickers successfully
2026-08-11 04:22:40,473 [WARNING] src.ingestion: Failed tickers (excluded from downstream, not silently zeroed): ['LTIM.NS']
2026-08-11 04:22:40,473 [INFO] __main__: Ingestion validation passed: 200/201 tickers (100%)
2026-08-11 04:22:40,473 [INFO] __main__: === Stage 2/8: Cleaning ===
2026-08-11 04:22:40,481 [WARNING] src.cleaning: [ASHOKLEY.NS] EXCLUDED: missing critical fields: ['market_cap']
2026-08-11 04:22:40,481 [WARNING] src.cleaning: [BIOCON.NS] EXCLUDED: missing critical fields: ['market_cap']
2026-08-11 04:22:40,481 [WARNING] src.cleaning: [BOSCHLTD.NS] EXCLUDED: missing critical fields: ['market_cap']
2026-08-11 04:22:40,482 [WARNING] src.cleaning: [IOC.NS] EXCLUDED: missing critical fields: ['market_cap']
2026-08-11 04:22:40,482 [WARNING] src.cleaning: [JUBLFOOD.NS] EXCLUDED: missing critical fields: ['market_cap']
2026-08-11 04:22:40,482 [WARNING] src.cleaning: [LTIM.NS] EXCLUDED: ingestion failed: yfinance returned an empty info payload for LTIM.NS (no exception, but no usable data — likely a transient Yahoo-side issue or an invalid/delisted symbol)
2026-08-11 04:22:40,482 [WARNING] src.cleaning: [RECLTD.NS] EXCLUDED: missing critical fields: ['market_cap']
2026-08-11 04:22:40,483 [WARNING] src.cleaning: [RELIANCE.NS] EXCLUDED: missing critical fields: ['market_cap']
2026-08-11 04:22:40,483 [WARNING] src.cleaning: [TCS.NS] EXCLUDED: missing critical fields: ['market_cap']
2026-08-11 04:22:40,483 [WARNING] src.cleaning: [TVSMOTOR.NS] EXCLUDED: missing critical fields: ['market_cap']
2026-08-11 04:22:40,483 [INFO] src.cleaning: [AARTIIND.NS] non-critical missing fields: ['return_on_equity']
2026-08-11 04:22:40,483 [INFO] src.cleaning: [ACC.NS] non-critical missing fields: ['return_on_equity']
2026-08-11 04:22:40,483 [INFO] src.cleaning: [ADANIENT.NS] non-critical missing fields: ['return_on_equity']
2026-08-11 04:22:40,483 [INFO] src.cleaning: [ADANIGREEN.NS] non-critical missing fields: ['return_on_equity']
2026-08-11 04:22:40,483 [INFO] src.cleaning: [ADANIPORTS.NS] non-critical missing fields: ['return_on_equity']
2026-08-11 04:22:40,483 [INFO] src.cleaning: [ADANIPOWER.NS] non-critical missing fields: ['return_on_equity']
2026-08-11 04:22:40,483 [INFO] src.cleaning: [AMBUJACEM.NS] non-critical missing fields: ['return_on_equity']
2026-08-11 04:22:40,483 [INFO] src.cleaning: [APLAPOLLO.NS] non-critical missing fields: ['return_on_equity']
2026-08-11 04:22:40,483 [INFO] src.cleaning: [AUBANK.NS] non-critical missing fields: ['ev_to_ebitda', 'return_on_equity', 'debt_to_equity']
2026-08-11 04:22:40,483 [INFO] src.cleaning: [AUROPHARMA.NS] non-critical missing fields: ['return_on_equity']
2026-08-11 04:22:40,483 [INFO] src.cleaning: [AXISBANK.NS] non-critical missing fields: ['ev_to_ebitda', 'debt_to_equity']
2026-08-11 04:22:40,483 [INFO] src.cleaning: [BAJAJ-AUTO.NS] non-critical missing fields: ['return_on_equity']
2026-08-11 04:22:40,483 [INFO] src.cleaning: [BAJAJFINSV.NS] non-critical missing fields: ['return_on_equity']
2026-08-11 04:22:40,484 [WARNING] src.cleaning: [BAJAJHLDNG.NS] outlier values flagged: ['net_margin']
2026-08-11 04:22:40,484 [INFO] src.cleaning: [BAJFINANCE.NS] non-critical missing fields: ['ev_to_ebitda', 'return_on_equity']
2026-08-11 04:22:40,484 [INFO] src.cleaning: [BANDHANBNK.NS] non-critical missing fields: ['ev_to_ebitda', 'return_on_equity', 'debt_to_equity']
2026-08-11 04:22:40,484 [INFO] src.cleaning: [BANKBARODA.NS] non-critical missing fields: ['ev_to_ebitda', 'debt_to_equity']
2026-08-11 04:22:40,484 [INFO] src.cleaning: [BANKINDIA.NS] non-critical missing fields: ['ev_to_ebitda', 'debt_to_equity']
2026-08-11 04:22:40,484 [INFO] src.cleaning: [BEL.NS] non-critical missing fields: ['return_on_equity']
2026-08-11 04:22:40,484 [INFO] src.cleaning: [BHEL.NS] non-critical missing fields: ['return_on_equity']
2026-08-11 04:22:40,484 [INFO] src.cleaning: [BLUESTARCO.NS] non-critical missing fields: ['ev_to_ebitda', 'return_on_equity', 'total_debt']
2026-08-11 04:22:40,484 [INFO] src.cleaning: [BPCL.NS] non-critical missing fields: ['return_on_equity']
2026-08-11 04:22:40,484 [INFO] src.cleaning: [BRITANNIA.NS] non-critical missing fields: ['return_on_equity']
2026-08-11 04:22:40,484 [INFO] src.cleaning: [CANBK.NS] non-critical missing fields: ['ev_to_ebitda', 'return_on_equity', 'debt_to_equity']
2026-08-11 04:22:40,484 [INFO] src.cleaning: [CARBORUNIV.NS] non-critical missing fields: ['ev_to_ebitda', 'return_on_equity', 'total_debt']
2026-08-11 04:22:40,484 [INFO] src.cleaning: [CENTRALBK.NS] non-critical missing fields: ['ev_to_ebitda', 'debt_to_equity']
2026-08-11 04:22:40,484 [INFO] src.cleaning: [CHAMBLFERT.NS] non-critical missing fields: ['return_on_equity']
2026-08-11 04:22:40,484 [INFO] src.cleaning: [CHOLAFIN.NS] non-critical missing fields: ['ev_to_ebitda', 'return_on_equity']
2026-08-11 04:22:40,484 [INFO] src.cleaning: [CIPLA.NS] non-critical missing fields: ['return_on_equity']
2026-08-11 04:22:40,484 [INFO] src.cleaning: [COALINDIA.NS] non-critical missing fields: ['return_on_equity']
2026-08-11 04:22:40,484 [INFO] src.cleaning: [COFORGE.NS] non-critical missing fields: ['return_on_equity']
2026-08-11 04:22:40,484 [INFO] src.cleaning: [COLPAL.NS] non-critical missing fields: ['return_on_equity']
2026-08-11 04:22:40,484 [INFO] src.cleaning: [CONCOR.NS] non-critical missing fields: ['return_on_equity']
2026-08-11 04:22:40,484 [INFO] src.cleaning: [COROMANDEL.NS] non-critical missing fields: ['return_on_equity']
2026-08-11 04:22:40,484 [INFO] src.cleaning: [CROMPTON.NS] non-critical missing fields: ['trailing_pe', 'ev_to_ebitda', 'return_on_equity', 'total_debt']
2026-08-11 04:22:40,484 [INFO] src.cleaning: [CUMMINSIND.NS] non-critical missing fields: ['return_on_equity']
2026-08-11 04:22:40,484 [INFO] src.cleaning: [CYIENT.NS] non-critical missing fields: ['return_on_equity']
2026-08-11 04:22:40,484 [INFO] src.cleaning: [DABUR.NS] non-critical missing fields: ['return_on_equity']
2026-08-11 04:22:40,484 [INFO] src.cleaning: [DALBHARAT.NS] non-critical missing fields: ['return_on_equity']
2026-08-11 04:22:40,484 [INFO] src.cleaning: [DEEPAKNTR.NS] non-critical missing fields: ['return_on_equity']
2026-08-11 04:22:40,484 [INFO] src.cleaning: [DIVISLAB.NS] non-critical missing fields: ['return_on_equity']
2026-08-11 04:22:40,484 [INFO] src.cleaning: [DIXON.NS] non-critical missing fields: ['return_on_equity']
2026-08-11 04:22:40,484 [INFO] src.cleaning: [DMART.NS] non-critical missing fields: ['return_on_equity']
2026-08-11 04:22:40,484 [INFO] src.cleaning: [EICHERMOT.NS] non-critical missing fields: ['return_on_equity']
2026-08-11 04:22:40,484 [INFO] src.cleaning: [EMAMILTD.NS] non-critical missing fields: ['return_on_equity']
2026-08-11 04:22:40,484 [INFO] src.cleaning: [EXIDEIND.NS] non-critical missing fields: ['return_on_equity']
2026-08-11 04:22:40,484 [INFO] src.cleaning: [FEDERALBNK.NS] non-critical missing fields: ['ev_to_ebitda', 'return_on_equity', 'debt_to_equity']
2026-08-11 04:22:40,484 [INFO] src.cleaning: [FORTIS.NS] non-critical missing fields: ['return_on_equity']
2026-08-11 04:22:40,484 [INFO] src.cleaning: [GAIL.NS] non-critical missing fields: ['return_on_equity']
2026-08-11 04:22:40,484 [INFO] src.cleaning: [GHCL.NS] non-critical missing fields: ['return_on_equity']
2026-08-11 04:22:40,484 [INFO] src.cleaning: [GICRE.NS] non-critical missing fields: ['debt_to_equity']
2026-08-11 04:22:40,485 [INFO] src.cleaning: [GILLETTE.NS] non-critical missing fields: ['return_on_equity']
2026-08-11 04:22:40,485 [INFO] src.cleaning: [GLENMARK.NS] non-critical missing fields: ['return_on_equity']
2026-08-11 04:22:40,485 [WARNING] src.cleaning: [GMRAIRPORT.NS] outlier values flagged: ['trailing_pe']
2026-08-11 04:22:40,485 [WARNING] src.cleaning: [GMRAIRPORT.NS] negative/zero equity — DuPont ROE math will be invalid downstream
2026-08-11 04:22:40,485 [INFO] src.cleaning: [GMRAIRPORT.NS] non-critical missing fields: ['return_on_equity', 'debt_to_equity']
2026-08-11 04:22:40,485 [INFO] src.cleaning: [GNFC.NS] non-critical missing fields: ['return_on_equity']
2026-08-11 04:22:40,485 [INFO] src.cleaning: [GODREJCP.NS] non-critical missing fields: ['return_on_equity']
2026-08-11 04:22:40,485 [INFO] src.cleaning: [GODREJPROP.NS] non-critical missing fields: ['return_on_equity']
2026-08-11 04:22:40,485 [INFO] src.cleaning: [GRINDWELL.NS] non-critical missing fields: ['return_on_equity']
2026-08-11 04:22:40,485 [INFO] src.cleaning: [HAVELLS.NS] non-critical missing fields: ['return_on_equity']
2026-08-11 04:22:40,485 [WARNING] src.cleaning: [HCLTECH.NS] outlier values flagged: ['ev_to_ebitda']
2026-08-11 04:22:40,485 [INFO] src.cleaning: [HDFCBANK.NS] non-critical missing fields: ['ev_to_ebitda', 'debt_to_equity']
2026-08-11 04:22:40,485 [INFO] src.cleaning: [HEIDELBERG.NS] non-critical missing fields: ['return_on_equity']
2026-08-11 04:22:40,485 [INFO] src.cleaning: [HEROMOTOCO.NS] non-critical missing fields: ['return_on_equity']
2026-08-11 04:22:40,485 [INFO] src.cleaning: [HINDALCO.NS] non-critical missing fields: ['return_on_equity']
2026-08-11 04:22:40,485 [INFO] src.cleaning: [HINDUNILVR.NS] non-critical missing fields: ['return_on_equity']
2026-08-11 04:22:40,485 [INFO] src.cleaning: [HINDZINC.NS] non-critical missing fields: ['return_on_equity']
2026-08-11 04:22:40,485 [INFO] src.cleaning: [HUDCO.NS] non-critical missing fields: ['ev_to_ebitda', 'return_on_equity']
2026-08-11 04:22:40,485 [INFO] src.cleaning: [ICICIBANK.NS] non-critical missing fields: ['ev_to_ebitda', 'debt_to_equity']
2026-08-11 04:22:40,485 [INFO] src.cleaning: [ICICIGI.NS] non-critical missing fields: ['debt_to_equity']
2026-08-11 04:22:40,485 [WARNING] src.cleaning: [IDEA.NS] negative/zero equity — DuPont ROE math will be invalid downstream
2026-08-11 04:22:40,485 [INFO] src.cleaning: [IDEA.NS] non-critical missing fields: ['return_on_equity', 'debt_to_equity']
2026-08-11 04:22:40,485 [INFO] src.cleaning: [IDFCFIRSTB.NS] non-critical missing fields: ['ev_to_ebitda', 'return_on_equity', 'debt_to_equity', 'total_debt']
2026-08-11 04:22:40,485 [INFO] src.cleaning: [INDIGO.NS] non-critical missing fields: ['trailing_pe', 'return_on_equity']
2026-08-11 04:22:40,485 [INFO] src.cleaning: [INDUSINDBK.NS] non-critical missing fields: ['ev_to_ebitda', 'return_on_equity', 'debt_to_equity']
2026-08-11 04:22:40,485 [WARNING] src.cleaning: [INFY.NS] outlier values flagged: ['ev_to_ebitda']
2026-08-11 04:22:40,485 [INFO] src.cleaning: [IOB.NS] non-critical missing fields: ['ev_to_ebitda', 'debt_to_equity']
2026-08-11 04:22:40,485 [INFO] src.cleaning: [IRFC.NS] non-critical missing fields: ['ev_to_ebitda', 'return_on_equity']
2026-08-11 04:22:40,485 [INFO] src.cleaning: [ITC.NS] non-critical missing fields: ['return_on_equity']
2026-08-11 04:22:40,485 [INFO] src.cleaning: [JINDALSTEL.NS] non-critical missing fields: ['return_on_equity']
2026-08-11 04:22:40,485 [INFO] src.cleaning: [JKCEMENT.NS] non-critical missing fields: ['return_on_equity']
2026-08-11 04:22:40,485 [INFO] src.cleaning: [JSL.NS] non-critical missing fields: ['return_on_equity']
2026-08-11 04:22:40,485 [INFO] src.cleaning: [JSWSTEEL.NS] non-critical missing fields: ['return_on_equity']
2026-08-11 04:22:40,485 [INFO] src.cleaning: [KAJARIACER.NS] non-critical missing fields: ['return_on_equity']
2026-08-11 04:22:40,485 [INFO] src.cleaning: [KEI.NS] non-critical missing fields: ['return_on_equity']
2026-08-11 04:22:40,485 [INFO] src.cleaning: [KOTAKBANK.NS] non-critical missing fields: ['ev_to_ebitda', 'return_on_equity', 'debt_to_equity']
2026-08-11 04:22:40,485 [INFO] src.cleaning: [KPITTECH.NS] non-critical missing fields: ['return_on_equity']
2026-08-11 04:22:40,485 [INFO] src.cleaning: [LALPATHLAB.NS] non-critical missing fields: ['return_on_equity']
2026-08-11 04:22:40,485 [INFO] src.cleaning: [LAURUSLABS.NS] non-critical missing fields: ['return_on_equity']
2026-08-11 04:22:40,486 [INFO] src.cleaning: [LICHSGFIN.NS] non-critical missing fields: ['ev_to_ebitda', 'return_on_equity']
2026-08-11 04:22:40,486 [INFO] src.cleaning: [LICI.NS] non-critical missing fields: ['ev_to_ebitda', 'return_on_equity', 'total_debt']
2026-08-11 04:22:40,486 [INFO] src.cleaning: [LTTS.NS] non-critical missing fields: ['return_on_equity']
2026-08-11 04:22:40,486 [INFO] src.cleaning: [LT.NS] non-critical missing fields: ['return_on_equity']
2026-08-11 04:22:40,486 [INFO] src.cleaning: [LUPIN.NS] non-critical missing fields: ['return_on_equity']
2026-08-11 04:22:40,486 [INFO] src.cleaning: [M&M.NS] non-critical missing fields: ['return_on_equity']
2026-08-11 04:22:40,486 [INFO] src.cleaning: [MANAPPURAM.NS] non-critical missing fields: ['ev_to_ebitda']
2026-08-11 04:22:40,486 [INFO] src.cleaning: [MARICO.NS] non-critical missing fields: ['return_on_equity']
2026-08-11 04:22:40,486 [INFO] src.cleaning: [MARUTI.NS] non-critical missing fields: ['return_on_equity']
2026-08-11 04:22:40,486 [INFO] src.cleaning: [MAZDOCK.NS] non-critical missing fields: ['return_on_equity']
2026-08-11 04:22:40,486 [INFO] src.cleaning: [METROPOLIS.NS] non-critical missing fields: ['return_on_equity']
2026-08-11 04:22:40,486 [INFO] src.cleaning: [MOTHERSON.NS] non-critical missing fields: ['return_on_equity']
2026-08-11 04:22:40,486 [INFO] src.cleaning: [MUTHOOTFIN.NS] non-critical missing fields: ['ev_to_ebitda']
2026-08-11 04:22:40,486 [INFO] src.cleaning: [NATIONALUM.NS] non-critical missing fields: ['return_on_equity']
2026-08-11 04:22:40,486 [INFO] src.cleaning: [NAVINFLUOR.NS] non-critical missing fields: ['return_on_equity']
2026-08-11 04:22:40,486 [INFO] src.cleaning: [NESTLEIND.NS] non-critical missing fields: ['return_on_equity']
2026-08-11 04:22:40,486 [INFO] src.cleaning: [NTPC.NS] non-critical missing fields: ['return_on_equity']
2026-08-11 04:22:40,486 [INFO] src.cleaning: [OBEROIRLTY.NS] non-critical missing fields: ['return_on_equity']
2026-08-11 04:22:40,486 [INFO] src.cleaning: [ONGC.NS] non-critical missing fields: ['return_on_equity']
2026-08-11 04:22:40,486 [INFO] src.cleaning: [PERSISTENT.NS] non-critical missing fields: ['return_on_equity']
2026-08-11 04:22:40,486 [INFO] src.cleaning: [PFC.NS] non-critical missing fields: ['ev_to_ebitda', 'return_on_equity']
2026-08-11 04:22:40,486 [INFO] src.cleaning: [PGHH.NS] non-critical missing fields: ['return_on_equity']
2026-08-11 04:22:40,486 [INFO] src.cleaning: [PHOENIXLTD.NS] non-critical missing fields: ['return_on_equity']
2026-08-11 04:22:40,486 [INFO] src.cleaning: [PIDILITIND.NS] non-critical missing fields: ['return_on_equity']
2026-08-11 04:22:40,486 [INFO] src.cleaning: [PNB.NS] non-critical missing fields: ['ev_to_ebitda', 'debt_to_equity']
2026-08-11 04:22:40,486 [INFO] src.cleaning: [POONAWALLA.NS] non-critical missing fields: ['ev_to_ebitda', 'return_on_equity']
2026-08-11 04:22:40,486 [INFO] src.cleaning: [POWERGRID.NS] non-critical missing fields: ['return_on_equity']
2026-08-11 04:22:40,486 [INFO] src.cleaning: [PVRINOX.NS] non-critical missing fields: ['return_on_equity']
2026-08-11 04:22:40,486 [INFO] src.cleaning: [RAMCOCEM.NS] non-critical missing fields: ['ev_to_ebitda', 'return_on_equity', 'total_debt']
2026-08-11 04:22:40,486 [INFO] src.cleaning: [RATNAMANI.NS] non-critical missing fields: ['ev_to_ebitda', 'return_on_equity', 'total_debt']
2026-08-11 04:22:40,486 [INFO] src.cleaning: [RBLBANK.NS] non-critical missing fields: ['ev_to_ebitda', 'return_on_equity', 'debt_to_equity']
2026-08-11 04:22:40,486 [INFO] src.cleaning: [SAIL.NS] non-critical missing fields: ['return_on_equity']
2026-08-11 04:22:40,486 [INFO] src.cleaning: [SBICARD.NS] non-critical missing fields: ['ev_to_ebitda', 'return_on_equity']
2026-08-11 04:22:40,486 [INFO] src.cleaning: [SBILIFE.NS] non-critical missing fields: ['debt_to_equity']
2026-08-11 04:22:40,486 [INFO] src.cleaning: [SBIN.NS] non-critical missing fields: ['ev_to_ebitda', 'debt_to_equity']
2026-08-11 04:22:40,486 [INFO] src.cleaning: [SHREECEM.NS] non-critical missing fields: ['return_on_equity']
2026-08-11 04:22:40,486 [INFO] src.cleaning: [SHRIRAMFIN.NS] non-critical missing fields: ['ev_to_ebitda']
2026-08-11 04:22:40,486 [INFO] src.cleaning: [SIEMENS.NS] non-critical missing fields: ['return_on_equity']
2026-08-11 04:22:40,486 [INFO] src.cleaning: [SOBHA.NS] non-critical missing fields: ['return_on_equity']
2026-08-11 04:22:40,486 [INFO] src.cleaning: [SRF.NS] non-critical missing fields: ['return_on_equity']
2026-08-11 04:22:40,486 [INFO] src.cleaning: [SUNDRMFAST.NS] non-critical missing fields: ['return_on_equity']
2026-08-11 04:22:40,486 [INFO] src.cleaning: [SUNPHARMA.NS] non-critical missing fields: ['return_on_equity']
2026-08-11 04:22:40,487 [INFO] src.cleaning: [SUPREMEIND.NS] non-critical missing fields: ['return_on_equity']
2026-08-11 04:22:40,487 [INFO] src.cleaning: [TATACHEM.NS] non-critical missing fields: ['trailing_pe', 'return_on_equity']
2026-08-11 04:22:40,487 [INFO] src.cleaning: [TATACONSUM.NS] non-critical missing fields: ['return_on_equity']
2026-08-11 04:22:40,487 [INFO] src.cleaning: [TATAELXSI.NS] non-critical missing fields: ['return_on_equity']
2026-08-11 04:22:40,487 [INFO] src.cleaning: [TATAPOWER.NS] non-critical missing fields: ['return_on_equity']
2026-08-11 04:22:40,487 [INFO] src.cleaning: [TATASTEEL.NS] non-critical missing fields: ['return_on_equity']
2026-08-11 04:22:40,487 [INFO] src.cleaning: [TECHM.NS] non-critical missing fields: ['return_on_equity']
2026-08-11 04:22:40,487 [INFO] src.cleaning: [THERMAX.NS] non-critical missing fields: ['return_on_equity']
2026-08-11 04:22:40,487 [INFO] src.cleaning: [TIMKEN.NS] non-critical missing fields: ['return_on_equity']
2026-08-11 04:22:40,487 [INFO] src.cleaning: [TITAN.NS] non-critical missing fields: ['return_on_equity']
2026-08-11 04:22:40,487 [INFO] src.cleaning: [TMPV.NS] non-critical missing fields: ['trailing_pe']
2026-08-11 04:22:40,487 [INFO] src.cleaning: [TORNTPHARM.NS] non-critical missing fields: ['return_on_equity']
2026-08-11 04:22:40,487 [INFO] src.cleaning: [TORNTPOWER.NS] non-critical missing fields: ['return_on_equity']
2026-08-11 04:22:40,487 [INFO] src.cleaning: [TRENT.NS] non-critical missing fields: ['return_on_equity']
2026-08-11 04:22:40,487 [INFO] src.cleaning: [UCOBANK.NS] non-critical missing fields: ['ev_to_ebitda', 'debt_to_equity']
2026-08-11 04:22:40,487 [INFO] src.cleaning: [ULTRACEMCO.NS] non-critical missing fields: ['return_on_equity']
2026-08-11 04:22:40,487 [INFO] src.cleaning: [UNIONBANK.NS] non-critical missing fields: ['ev_to_ebitda', 'debt_to_equity', 'revenue_growth', 'total_debt']
2026-08-11 04:22:40,487 [INFO] src.cleaning: [UNITDSPR.NS] non-critical missing fields: ['return_on_equity']
2026-08-11 04:22:40,487 [INFO] src.cleaning: [UNOMINDA.NS] non-critical missing fields: ['return_on_equity']
2026-08-11 04:22:40,487 [INFO] src.cleaning: [UPL.NS] non-critical missing fields: ['return_on_equity']
2026-08-11 04:22:40,487 [INFO] src.cleaning: [VEDL.NS] non-critical missing fields: ['return_on_equity']
2026-08-11 04:22:40,487 [INFO] src.cleaning: [WELCORP.NS] non-critical missing fields: ['return_on_equity']
2026-08-11 04:22:40,487 [INFO] src.cleaning: [WHIRLPOOL.NS] non-critical missing fields: ['return_on_equity']
2026-08-11 04:22:40,495 [INFO] src.cleaning: Cleaned 191/201 tickers -> data/processed/cleaned_universe.csv
2026-08-11 04:22:40,495 [INFO] src.cleaning: Full flag audit trail -> data/processed/cleaning_flags.csv
2026-08-11 04:22:40,496 [INFO] __main__: Cleaning validation passed: 191/201 tickers retained (95%)
2026-08-11 04:22:40,496 [INFO] __main__: === Stage 3/8: Scoring ===
2026-08-11 04:22:40,556 [INFO] src.scoring: Scored 191 companies -> data/processed/scored_universe.csv
2026-08-11 04:22:40,556 [INFO] src.scoring: Top 10 shortlist -> data/processed/shortlist_top_n.csv
2026-08-11 04:22:40,557 [WARNING] src.scoring: 25 companies scored on fewer than all 4 buckets (reweighted, not zero-filled) — see 'buckets_used' column: ['IOB.NS', 'UNIONBANK.NS', 'PNB.NS', 'BANKINDIA.NS', 'ICICIGI.NS', 'CANBK.NS', 'IDEA.NS', 'GICRE.NS', 'FEDERALBNK.NS', 'UCOBANK.NS', 'BANKBARODA.NS', 'AXISBANK.NS', 'KOTAKBANK.NS', 'ICICIBANK.NS', 'CENTRALBK.NS', 'SBILIFE.NS', 'SBIN.NS', 'HDFCBANK.NS', 'GMRAIRPORT.NS', 'AUBANK.NS', 'BANDHANBNK.NS', 'IDFCFIRSTB.NS', 'RBLBANK.NS', 'CROMPTON.NS', 'INDUSINDBK.NS']
2026-08-11 04:22:40,558 [INFO] __main__: Scoring validation passed: 191 companies ranked, all scores in valid range
2026-08-11 04:22:40,559 [INFO] __main__: === Stage 4/8: Comps + DuPont ===
2026-08-11 04:22:40,570 [INFO] src.comps_dupont: Comps + DuPont report for top 10 -> data/processed/comps_dupont_report.csv
2026-08-11 04:22:40,571 [WARNING] src.comps_dupont: 1 companies have a DuPont-implied ROE that diverges >5pp from reported ROE (possible data inconsistency, worth a manual check): ['IOB.NS']
2026-08-11 04:22:40,571 [INFO] __main__: === Stage 5/8: Explainability ===
2026-08-11 04:22:40,609 [INFO] src.explainability: Explanations for top 10 companies -> data/processed/explanations.csv
2026-08-11 04:22:40,609 [INFO] __main__: === Stage 6/8: Baseline Comparison ===
2026-08-11 04:22:40,616 [INFO] src.baseline_comparison: Baseline comparison -> data/processed/baseline_comparison.csv
2026-08-11 04:22:40,616 [INFO] __main__: === Stage 7/8: Acquisition Likelihood ===
2026-08-11 04:22:40,620 [INFO] src.acquisition_likelihood: 2 companies excluded from acquisition-likelihood scoring (negative/zero equity — financial distress, not a value-target thesis): ['IDEA.NS', 'GMRAIRPORT.NS']
2026-08-11 04:22:40,631 [INFO] src.acquisition_likelihood: Acquisition likelihood scoring -> data/processed/acquisition_likelihood.csv
2026-08-11 04:22:40,631 [INFO] __main__: === Stage 8/8: Historical Snapshot ===
2026-08-11 04:22:40,639 [INFO] src.history_tracker: Recorded shortlist snapshot for 2026-08-11 (10 companies) -> data/history/shortlist_history.csv (5 distinct days tracked so far)
2026-08-11 04:22:40,644 [INFO] src.history_tracker: Recorded acquisition-likelihood snapshot for 2026-08-11 (10 companies) -> data/history/acquisition_likelihood_history.csv (5 distinct days tracked so far)
2026-08-11 04:22:40,644 [INFO] __main__: === Pipeline completed successfully ===
2026-08-11 04:22:40,645 [INFO] __main__:   ingestion: {'total': 201, 'ok': 200}
2026-08-11 04:22:40,645 [INFO] __main__:   cleaning: {'retained': 191, 'input': 201}
2026-08-11 04:22:40,645 [INFO] __main__:   scoring: {'ranked': 191}
2026-08-11 04:22:40,645 [INFO] __main__:   comps_dupont: {'companies': 10}
2026-08-11 04:22:40,645 [INFO] __main__:   explainability: {'companies': 10}
2026-08-11 04:22:40,645 [INFO] __main__:   baseline_comparison: {'correlation': np.float64(0.4623348756078985), 'overlap_pct': 0.1}
2026-08-11 04:22:40,645 [INFO] __main__:   acquisition_likelihood: {'companies': 10}
2026-08-11 04:22:40,645 [INFO] __main__:   history_tracker: {'recorded': True}
