2026-07-13 06:19:00,669 [INFO] __main__: Logging to file: logs/pipeline_run_2026-07-13T06-19-00Z.log
2026-07-13 06:19:00,669 [INFO] __main__: === Stage 1/8: Ingestion ===
2026-07-13 06:19:00,735 [INFO] src.ingestion: [ACC.NS] fetching fresh data
2026-07-13 06:19:01,868 [INFO] src.ingestion: [AMBUJACEM.NS] fetching fresh data
2026-07-13 06:19:02,795 [INFO] src.ingestion: [ULTRACEMCO.NS] fetching fresh data
2026-07-13 06:19:03,719 [INFO] src.ingestion: [SHREECEM.NS] fetching fresh data
2026-07-13 06:19:04,624 [INFO] src.ingestion: [JKCEMENT.NS] fetching fresh data
2026-07-13 06:19:05,530 [INFO] src.ingestion: [RAMCOCEM.NS] fetching fresh data
2026-07-13 06:19:06,552 [INFO] src.ingestion: [HEIDELBERG.NS] fetching fresh data
2026-07-13 06:19:07,491 [INFO] src.ingestion: [DALBHARAT.NS] fetching fresh data
2026-07-13 06:19:08,533 [INFO] src.ingestion: [INFY.NS] fetching fresh data
2026-07-13 06:19:09,553 [INFO] src.ingestion: [TCS.NS] fetching fresh data
2026-07-13 06:19:10,480 [INFO] src.ingestion: [WIPRO.NS] fetching fresh data
2026-07-13 06:19:11,431 [INFO] src.ingestion: [HCLTECH.NS] fetching fresh data
2026-07-13 06:19:11,617 [ERROR] yfinance: HTTP Error 500: {"finance":{"result":null,"error":{"code":"Internal Server Error","description":"Server caught an exception"}}}
2026-07-13 06:19:12,479 [INFO] src.ingestion: [TECHM.NS] fetching fresh data
2026-07-13 06:19:13,490 [INFO] src.ingestion: [LTIM.NS] fetching fresh data
2026-07-13 06:19:13,645 [ERROR] yfinance: HTTP Error 404: {"quoteSummary":{"result":null,"error":{"code":"Not Found","description":"Quote not found for symbol: LTIM.NS"}}}
2026-07-13 06:19:13,832 [WARNING] src.ingestion: [LTIM.NS] attempt 1 failed: yfinance returned an empty info payload for LTIM.NS (no exception, but no usable data — likely a transient Yahoo-side issue or an invalid/delisted symbol)
2026-07-13 06:19:15,960 [ERROR] yfinance: HTTP Error 404: {"quoteSummary":{"result":null,"error":{"code":"Not Found","description":"Quote not found for symbol: LTIM.NS"}}}
2026-07-13 06:19:16,017 [WARNING] src.ingestion: [LTIM.NS] attempt 2 failed: yfinance returned an empty info payload for LTIM.NS (no exception, but no usable data — likely a transient Yahoo-side issue or an invalid/delisted symbol)
2026-07-13 06:19:20,161 [ERROR] yfinance: HTTP Error 404: {"quoteSummary":{"result":null,"error":{"code":"Not Found","description":"Quote not found for symbol: LTIM.NS"}}}
2026-07-13 06:19:20,271 [WARNING] src.ingestion: [LTIM.NS] attempt 3 failed: yfinance returned an empty info payload for LTIM.NS (no exception, but no usable data — likely a transient Yahoo-side issue or an invalid/delisted symbol)
2026-07-13 06:19:20,671 [INFO] src.ingestion: [PERSISTENT.NS] fetching fresh data
2026-07-13 06:19:21,669 [INFO] src.ingestion: [COFORGE.NS] fetching fresh data
2026-07-13 06:19:22,688 [INFO] src.ingestion: [MPHASIS.NS] fetching fresh data
2026-07-13 06:19:23,619 [INFO] src.ingestion: [LTTS.NS] fetching fresh data
2026-07-13 06:19:24,521 [INFO] src.ingestion: [TATAELXSI.NS] fetching fresh data
2026-07-13 06:19:25,414 [INFO] src.ingestion: [CYIENT.NS] fetching fresh data
2026-07-13 06:19:26,488 [INFO] src.ingestion: [KPITTECH.NS] fetching fresh data
2026-07-13 06:19:27,371 [INFO] src.ingestion: [HDFCBANK.NS] fetching fresh data
2026-07-13 06:19:28,192 [INFO] src.ingestion: [ICICIBANK.NS] fetching fresh data
2026-07-13 06:19:29,089 [INFO] src.ingestion: [SBIN.NS] fetching fresh data
2026-07-13 06:19:29,888 [INFO] src.ingestion: [AXISBANK.NS] fetching fresh data
2026-07-13 06:19:30,769 [INFO] src.ingestion: [KOTAKBANK.NS] fetching fresh data
2026-07-13 06:19:31,746 [INFO] src.ingestion: [INDUSINDBK.NS] fetching fresh data
2026-07-13 06:19:32,711 [INFO] src.ingestion: [FEDERALBNK.NS] fetching fresh data
2026-07-13 06:20:12,916 [WARNING] src.ingestion: [FEDERALBNK.NS] attempt 1 failed: Failed to perform, curl: (28) Operation timed out after 30002 milliseconds with 0 bytes received. See https://curl.se/libcurl/c/libcurl-errors.html first for more details.
2026-07-13 06:20:15,828 [INFO] src.ingestion: [BANDHANBNK.NS] fetching fresh data
2026-07-13 06:20:16,841 [INFO] src.ingestion: [IDFCFIRSTB.NS] fetching fresh data
2026-07-13 06:20:17,765 [INFO] src.ingestion: [PNB.NS] fetching fresh data
2026-07-13 06:20:18,770 [INFO] src.ingestion: [BANKBARODA.NS] fetching fresh data
2026-07-13 06:20:19,725 [INFO] src.ingestion: [CANBK.NS] fetching fresh data
2026-07-13 06:20:20,656 [INFO] src.ingestion: [UNIONBANK.NS] fetching fresh data
2026-07-13 06:20:21,513 [INFO] src.ingestion: [AUBANK.NS] fetching fresh data
2026-07-13 06:20:22,459 [INFO] src.ingestion: [RBLBANK.NS] fetching fresh data
2026-07-13 06:20:23,326 [INFO] src.ingestion: [BANKINDIA.NS] fetching fresh data
2026-07-13 06:20:24,216 [INFO] src.ingestion: [CENTRALBK.NS] fetching fresh data
2026-07-13 06:20:25,146 [INFO] src.ingestion: [IOB.NS] fetching fresh data
2026-07-13 06:20:26,073 [INFO] src.ingestion: [UCOBANK.NS] fetching fresh data
2026-07-13 06:20:27,098 [INFO] src.ingestion: [BAJFINANCE.NS] fetching fresh data
2026-07-13 06:20:27,966 [INFO] src.ingestion: [BAJAJFINSV.NS] fetching fresh data
2026-07-13 06:20:28,879 [INFO] src.ingestion: [CHOLAFIN.NS] fetching fresh data
2026-07-13 06:20:29,805 [INFO] src.ingestion: [MUTHOOTFIN.NS] fetching fresh data
2026-07-13 06:20:30,739 [INFO] src.ingestion: [LICHSGFIN.NS] fetching fresh data
2026-07-13 06:20:31,705 [INFO] src.ingestion: [SHRIRAMFIN.NS] fetching fresh data
2026-07-13 06:20:32,853 [INFO] src.ingestion: [PFC.NS] fetching fresh data
2026-07-13 06:20:33,803 [INFO] src.ingestion: [RECLTD.NS] fetching fresh data
2026-07-13 06:20:34,668 [INFO] src.ingestion: [IRFC.NS] fetching fresh data
2026-07-13 06:20:35,575 [INFO] src.ingestion: [HUDCO.NS] fetching fresh data
2026-07-13 06:20:36,532 [INFO] src.ingestion: [BAJAJHLDNG.NS] fetching fresh data
2026-07-13 06:20:37,440 [INFO] src.ingestion: [SBICARD.NS] fetching fresh data
2026-07-13 06:20:38,353 [INFO] src.ingestion: [MANAPPURAM.NS] fetching fresh data
2026-07-13 06:20:39,323 [INFO] src.ingestion: [POONAWALLA.NS] fetching fresh data
2026-07-13 06:20:40,394 [INFO] src.ingestion: [HDFCLIFE.NS] fetching fresh data
2026-07-13 06:20:40,567 [ERROR] yfinance: HTTP Error 500: {"finance":{"result":null,"error":{"code":"Internal Server Error","description":"Server caught an exception"}}}
2026-07-13 06:20:41,384 [INFO] src.ingestion: [SBILIFE.NS] fetching fresh data
2026-07-13 06:20:42,268 [INFO] src.ingestion: [ICICIPRULI.NS] fetching fresh data
2026-07-13 06:20:43,202 [INFO] src.ingestion: [ICICIGI.NS] fetching fresh data
2026-07-13 06:20:44,120 [INFO] src.ingestion: [LICI.NS] fetching fresh data
2026-07-13 06:20:45,054 [INFO] src.ingestion: [GICRE.NS] fetching fresh data
2026-07-13 06:20:46,113 [INFO] src.ingestion: [MARUTI.NS] fetching fresh data
2026-07-13 06:20:47,295 [INFO] src.ingestion: [TMPV.NS] fetching fresh data
2026-07-13 06:20:48,321 [INFO] src.ingestion: [TMCV.NS] fetching fresh data
2026-07-13 06:20:49,148 [INFO] src.ingestion: [M&M.NS] fetching fresh data
2026-07-13 06:20:50,460 [INFO] src.ingestion: [EICHERMOT.NS] fetching fresh data
2026-07-13 06:20:51,365 [INFO] src.ingestion: [HEROMOTOCO.NS] fetching fresh data
2026-07-13 06:20:52,261 [INFO] src.ingestion: [BAJAJ-AUTO.NS] fetching fresh data
2026-07-13 06:20:53,241 [INFO] src.ingestion: [TVSMOTOR.NS] fetching fresh data
2026-07-13 06:20:54,180 [INFO] src.ingestion: [ASHOKLEY.NS] fetching fresh data
2026-07-13 06:20:55,059 [INFO] src.ingestion: [BHARATFORG.NS] fetching fresh data
2026-07-13 06:20:55,997 [INFO] src.ingestion: [MOTHERSON.NS] fetching fresh data
2026-07-13 06:20:56,901 [INFO] src.ingestion: [BOSCHLTD.NS] fetching fresh data
2026-07-13 06:20:57,798 [INFO] src.ingestion: [MRF.NS] fetching fresh data
2026-07-13 06:20:58,794 [INFO] src.ingestion: [ENDURANCE.NS] fetching fresh data
2026-07-13 06:20:59,795 [INFO] src.ingestion: [EXIDEIND.NS] fetching fresh data
2026-07-13 06:21:00,829 [INFO] src.ingestion: [ARE&M.NS] fetching fresh data
2026-07-13 06:21:01,877 [INFO] src.ingestion: [SUNDRMFAST.NS] fetching fresh data
2026-07-13 06:21:02,802 [INFO] src.ingestion: [UNOMINDA.NS] fetching fresh data
2026-07-13 06:21:03,828 [INFO] src.ingestion: [SUNPHARMA.NS] fetching fresh data
2026-07-13 06:21:05,083 [INFO] src.ingestion: [DRREDDY.NS] fetching fresh data
2026-07-13 06:21:06,019 [INFO] src.ingestion: [CIPLA.NS] fetching fresh data
2026-07-13 06:21:06,976 [INFO] src.ingestion: [DIVISLAB.NS] fetching fresh data
2026-07-13 06:21:36,980 [WARNING] src.ingestion: [DIVISLAB.NS] attempt 1 failed: Failed to perform, curl: (28) Operation timed out after 30002 milliseconds with 0 bytes received. See https://curl.se/libcurl/c/libcurl-errors.html first for more details.
2026-07-13 06:21:40,464 [INFO] src.ingestion: [LUPIN.NS] fetching fresh data
2026-07-13 06:21:41,406 [INFO] src.ingestion: [AUROPHARMA.NS] fetching fresh data
2026-07-13 06:21:42,354 [INFO] src.ingestion: [BIOCON.NS] fetching fresh data
2026-07-13 06:22:12,357 [WARNING] src.ingestion: [BIOCON.NS] attempt 1 failed: Failed to perform, curl: (28) Operation timed out after 30002 milliseconds with 0 bytes received. See https://curl.se/libcurl/c/libcurl-errors.html first for more details.
2026-07-13 06:22:16,086 [INFO] src.ingestion: [TORNTPHARM.NS] fetching fresh data
2026-07-13 06:22:17,150 [INFO] src.ingestion: [ALKEM.NS] fetching fresh data
2026-07-13 06:22:18,074 [INFO] src.ingestion: [ABBOTINDIA.NS] fetching fresh data
2026-07-13 06:22:18,962 [INFO] src.ingestion: [APOLLOHOSP.NS] fetching fresh data
2026-07-13 06:22:19,946 [INFO] src.ingestion: [FORTIS.NS] fetching fresh data
2026-07-13 06:22:20,945 [INFO] src.ingestion: [LALPATHLAB.NS] fetching fresh data
2026-07-13 06:22:21,985 [INFO] src.ingestion: [METROPOLIS.NS] fetching fresh data
2026-07-13 06:22:22,977 [INFO] src.ingestion: [GLAND.NS] fetching fresh data
2026-07-13 06:22:23,898 [INFO] src.ingestion: [LAURUSLABS.NS] fetching fresh data
2026-07-13 06:22:24,839 [INFO] src.ingestion: [GLENMARK.NS] fetching fresh data
2026-07-13 06:22:25,798 [INFO] src.ingestion: [IPCALAB.NS] fetching fresh data
2026-07-13 06:22:26,686 [INFO] src.ingestion: [HINDUNILVR.NS] fetching fresh data
2026-07-13 06:22:27,670 [INFO] src.ingestion: [ITC.NS] fetching fresh data
2026-07-13 06:22:28,711 [INFO] src.ingestion: [NESTLEIND.NS] fetching fresh data
2026-07-13 06:22:29,629 [INFO] src.ingestion: [BRITANNIA.NS] fetching fresh data
2026-07-13 06:22:30,627 [INFO] src.ingestion: [DABUR.NS] fetching fresh data
2026-07-13 06:22:31,552 [INFO] src.ingestion: [GODREJCP.NS] fetching fresh data
2026-07-13 06:22:32,761 [INFO] src.ingestion: [MARICO.NS] fetching fresh data
2026-07-13 06:22:33,761 [INFO] src.ingestion: [COLPAL.NS] fetching fresh data
2026-07-13 06:22:34,729 [INFO] src.ingestion: [TATACONSUM.NS] fetching fresh data
2026-07-13 06:22:35,802 [INFO] src.ingestion: [VBL.NS] fetching fresh data
2026-07-13 06:22:36,819 [INFO] src.ingestion: [UNITDSPR.NS] fetching fresh data
2026-07-13 06:22:37,701 [INFO] src.ingestion: [EMAMILTD.NS] fetching fresh data
2026-07-13 06:22:38,708 [INFO] src.ingestion: [TATASTEEL.NS] fetching fresh data
2026-07-13 06:22:39,680 [INFO] src.ingestion: [JSWSTEEL.NS] fetching fresh data
2026-07-13 06:22:40,685 [INFO] src.ingestion: [HINDALCO.NS] fetching fresh data
2026-07-13 06:22:41,720 [INFO] src.ingestion: [VEDL.NS] fetching fresh data
2026-07-13 06:22:42,660 [INFO] src.ingestion: [COALINDIA.NS] fetching fresh data
2026-07-13 06:22:43,531 [INFO] src.ingestion: [NMDC.NS] fetching fresh data
2026-07-13 06:22:44,458 [INFO] src.ingestion: [SAIL.NS] fetching fresh data
2026-07-13 06:22:45,497 [INFO] src.ingestion: [JINDALSTEL.NS] fetching fresh data
2026-07-13 06:22:46,459 [INFO] src.ingestion: [APLAPOLLO.NS] fetching fresh data
2026-07-13 06:22:47,476 [INFO] src.ingestion: [NATIONALUM.NS] fetching fresh data
2026-07-13 06:22:48,371 [INFO] src.ingestion: [HINDCOPPER.NS] fetching fresh data
2026-07-13 06:22:49,320 [INFO] src.ingestion: [RATNAMANI.NS] fetching fresh data
2026-07-13 06:22:50,303 [INFO] src.ingestion: [HINDZINC.NS] fetching fresh data
2026-07-13 06:22:51,315 [INFO] src.ingestion: [WELCORP.NS] fetching fresh data
2026-07-13 06:22:52,295 [INFO] src.ingestion: [JSL.NS] fetching fresh data
2026-07-13 06:22:53,230 [INFO] src.ingestion: [RELIANCE.NS] fetching fresh data
2026-07-13 06:22:54,935 [INFO] src.ingestion: [ONGC.NS] fetching fresh data
2026-07-13 06:22:56,072 [INFO] src.ingestion: [BPCL.NS] fetching fresh data
2026-07-13 06:22:57,237 [INFO] src.ingestion: [IOC.NS] fetching fresh data
2026-07-13 06:22:58,540 [INFO] src.ingestion: [GAIL.NS] fetching fresh data
2026-07-13 06:22:59,663 [INFO] src.ingestion: [NTPC.NS] fetching fresh data
2026-07-13 06:23:00,753 [INFO] src.ingestion: [POWERGRID.NS] fetching fresh data
2026-07-13 06:23:01,946 [INFO] src.ingestion: [TATAPOWER.NS] fetching fresh data
2026-07-13 06:23:03,133 [INFO] src.ingestion: [ADANIGREEN.NS] fetching fresh data
2026-07-13 06:23:04,374 [INFO] src.ingestion: [ADANIPOWER.NS] fetching fresh data
2026-07-13 06:23:05,616 [INFO] src.ingestion: [TORNTPOWER.NS] fetching fresh data
2026-07-13 06:23:06,829 [INFO] src.ingestion: [LT.NS] fetching fresh data
2026-07-13 06:23:07,908 [INFO] src.ingestion: [SIEMENS.NS] fetching fresh data
2026-07-13 06:23:09,168 [INFO] src.ingestion: [ABB.NS] fetching fresh data
2026-07-13 06:23:10,319 [INFO] src.ingestion: [HAL.NS] fetching fresh data
2026-07-13 06:23:11,451 [INFO] src.ingestion: [BEL.NS] fetching fresh data
2026-07-13 06:23:12,643 [INFO] src.ingestion: [BHEL.NS] fetching fresh data
2026-07-13 06:23:13,919 [INFO] src.ingestion: [CUMMINSIND.NS] fetching fresh data
2026-07-13 06:23:15,043 [INFO] src.ingestion: [THERMAX.NS] fetching fresh data
2026-07-13 06:23:16,218 [INFO] src.ingestion: [POLYCAB.NS] fetching fresh data
2026-07-13 06:23:17,307 [INFO] src.ingestion: [KEI.NS] fetching fresh data
2026-07-13 06:23:18,382 [INFO] src.ingestion: [HAVELLS.NS] fetching fresh data
2026-07-13 06:23:19,572 [INFO] src.ingestion: [CROMPTON.NS] fetching fresh data
2026-07-13 06:23:20,696 [INFO] src.ingestion: [SUPREMEIND.NS] fetching fresh data
2026-07-13 06:23:21,690 [INFO] src.ingestion: [ASTRAL.NS] fetching fresh data
2026-07-13 06:23:22,816 [INFO] src.ingestion: [GRINDWELL.NS] fetching fresh data
2026-07-13 06:23:23,937 [INFO] src.ingestion: [CARBORUNIV.NS] fetching fresh data
2026-07-13 06:23:25,000 [INFO] src.ingestion: [TIMKEN.NS] fetching fresh data
2026-07-13 06:23:26,021 [INFO] src.ingestion: [SKFINDIA.NS] fetching fresh data
2026-07-13 06:23:27,128 [INFO] src.ingestion: [SRF.NS] fetching fresh data
2026-07-13 06:23:28,223 [INFO] src.ingestion: [PIIND.NS] fetching fresh data
2026-07-13 06:23:29,268 [INFO] src.ingestion: [DEEPAKNTR.NS] fetching fresh data
2026-07-13 06:23:30,255 [INFO] src.ingestion: [AARTIIND.NS] fetching fresh data
2026-07-13 06:23:31,326 [INFO] src.ingestion: [NAVINFLUOR.NS] fetching fresh data
2026-07-13 06:23:32,478 [INFO] src.ingestion: [UPL.NS] fetching fresh data
2026-07-13 06:23:33,629 [INFO] src.ingestion: [COROMANDEL.NS] fetching fresh data
2026-07-13 06:23:34,604 [INFO] src.ingestion: [CHAMBLFERT.NS] fetching fresh data
2026-07-13 06:23:35,738 [INFO] src.ingestion: [GNFC.NS] fetching fresh data
2026-07-13 06:23:36,868 [INFO] src.ingestion: [PIDILITIND.NS] fetching fresh data
2026-07-13 06:23:37,932 [INFO] src.ingestion: [TATACHEM.NS] fetching fresh data
2026-07-13 06:23:39,028 [INFO] src.ingestion: [GHCL.NS] fetching fresh data
2026-07-13 06:23:40,120 [INFO] src.ingestion: [TITAN.NS] fetching fresh data
2026-07-13 06:23:41,198 [INFO] src.ingestion: [DMART.NS] fetching fresh data
2026-07-13 06:23:42,208 [INFO] src.ingestion: [TRENT.NS] fetching fresh data
2026-07-13 06:23:43,300 [INFO] src.ingestion: [BATAINDIA.NS] fetching fresh data
2026-07-13 06:23:44,403 [INFO] src.ingestion: [PAGEIND.NS] fetching fresh data
2026-07-13 06:23:45,536 [INFO] src.ingestion: [JUBLFOOD.NS] fetching fresh data
2026-07-13 06:23:47,095 [INFO] src.ingestion: [VOLTAS.NS] fetching fresh data
2026-07-13 06:23:48,145 [INFO] src.ingestion: [DIXON.NS] fetching fresh data
2026-07-13 06:23:49,319 [INFO] src.ingestion: [RELAXO.NS] fetching fresh data
2026-07-13 06:23:50,497 [INFO] src.ingestion: [KAJARIACER.NS] fetching fresh data
2026-07-13 06:23:51,612 [INFO] src.ingestion: [WHIRLPOOL.NS] fetching fresh data
2026-07-13 06:23:52,855 [INFO] src.ingestion: [BLUESTARCO.NS] fetching fresh data
2026-07-13 06:23:53,949 [INFO] src.ingestion: [PGHH.NS] fetching fresh data
2026-07-13 06:23:55,161 [INFO] src.ingestion: [GILLETTE.NS] fetching fresh data
2026-07-13 06:23:56,291 [INFO] src.ingestion: [BHARTIARTL.NS] fetching fresh data
2026-07-13 06:23:57,369 [INFO] src.ingestion: [IDEA.NS] fetching fresh data
2026-07-13 06:23:58,576 [INFO] src.ingestion: [INDUSTOWER.NS] fetching fresh data
2026-07-13 06:23:59,693 [INFO] src.ingestion: [PVRINOX.NS] fetching fresh data
2026-07-13 06:24:00,897 [INFO] src.ingestion: [ZEEL.NS] fetching fresh data
2026-07-13 06:24:02,096 [INFO] src.ingestion: [ADANIPORTS.NS] fetching fresh data
2026-07-13 06:24:03,213 [INFO] src.ingestion: [ADANIENT.NS] fetching fresh data
2026-07-13 06:24:04,345 [INFO] src.ingestion: [GMRAIRPORT.NS] fetching fresh data
2026-07-13 06:24:05,535 [INFO] src.ingestion: [CONCOR.NS] fetching fresh data
2026-07-13 06:24:06,889 [INFO] src.ingestion: [IRCTC.NS] fetching fresh data
2026-07-13 06:24:08,095 [INFO] src.ingestion: [INDIGO.NS] fetching fresh data
2026-07-13 06:24:09,271 [INFO] src.ingestion: [RVNL.NS] fetching fresh data
2026-07-13 06:24:10,409 [INFO] src.ingestion: [IRCON.NS] fetching fresh data
2026-07-13 06:24:11,591 [INFO] src.ingestion: [NBCC.NS] fetching fresh data
2026-07-13 06:24:12,746 [INFO] src.ingestion: [NCC.NS] fetching fresh data
2026-07-13 06:24:13,930 [INFO] src.ingestion: [MAZDOCK.NS] fetching fresh data
2026-07-13 06:24:15,086 [INFO] src.ingestion: [COCHINSHIP.NS] fetching fresh data
2026-07-13 06:24:16,264 [INFO] src.ingestion: [DLF.NS] fetching fresh data
2026-07-13 06:24:17,376 [INFO] src.ingestion: [GODREJPROP.NS] fetching fresh data
2026-07-13 06:24:18,428 [INFO] src.ingestion: [OBEROIRLTY.NS] fetching fresh data
2026-07-13 06:24:19,497 [INFO] src.ingestion: [PRESTIGE.NS] fetching fresh data
2026-07-13 06:24:20,574 [INFO] src.ingestion: [PHOENIXLTD.NS] fetching fresh data
2026-07-13 06:24:21,677 [INFO] src.ingestion: [SOBHA.NS] fetching fresh data
2026-07-13 06:24:22,745 [INFO] src.ingestion: Fetched 200/201 tickers successfully
2026-07-13 06:24:22,745 [WARNING] src.ingestion: Failed tickers (excluded from downstream, not silently zeroed): ['LTIM.NS']
2026-07-13 06:24:22,745 [INFO] __main__: Ingestion validation passed: 200/201 tickers (100%)
2026-07-13 06:24:22,745 [INFO] __main__: === Stage 2/8: Cleaning ===
2026-07-13 06:24:22,753 [WARNING] src.cleaning: [CROMPTON.NS] EXCLUDED: missing critical fields: ['trailing_pe']
2026-07-13 06:24:22,753 [WARNING] src.cleaning: [INDIGO.NS] EXCLUDED: missing critical fields: ['trailing_pe']
2026-07-13 06:24:22,753 [WARNING] src.cleaning: [LTIM.NS] EXCLUDED: ingestion failed: yfinance returned an empty info payload for LTIM.NS (no exception, but no usable data — likely a transient Yahoo-side issue or an invalid/delisted symbol)
2026-07-13 06:24:22,754 [WARNING] src.cleaning: [TATACHEM.NS] EXCLUDED: missing critical fields: ['trailing_pe']
2026-07-13 06:24:22,754 [WARNING] src.cleaning: [TMPV.NS] EXCLUDED: missing critical fields: ['trailing_pe']
2026-07-13 06:24:22,754 [INFO] src.cleaning: [ABB.NS] non-critical missing fields: ['return_on_equity']
2026-07-13 06:24:22,754 [INFO] src.cleaning: [AUBANK.NS] non-critical missing fields: ['ev_to_ebitda', 'return_on_equity', 'debt_to_equity']
2026-07-13 06:24:22,754 [INFO] src.cleaning: [AXISBANK.NS] non-critical missing fields: ['ev_to_ebitda', 'debt_to_equity']
2026-07-13 06:24:22,754 [WARNING] src.cleaning: [BAJAJHLDNG.NS] outlier values flagged: ['net_margin']
2026-07-13 06:24:22,754 [INFO] src.cleaning: [BAJFINANCE.NS] non-critical missing fields: ['ev_to_ebitda']
2026-07-13 06:24:22,754 [INFO] src.cleaning: [BANDHANBNK.NS] non-critical missing fields: ['ev_to_ebitda', 'debt_to_equity']
2026-07-13 06:24:22,754 [INFO] src.cleaning: [BANKBARODA.NS] non-critical missing fields: ['ev_to_ebitda', 'debt_to_equity']
2026-07-13 06:24:22,754 [INFO] src.cleaning: [BANKINDIA.NS] non-critical missing fields: ['ev_to_ebitda', 'debt_to_equity']
2026-07-13 06:24:22,754 [INFO] src.cleaning: [CANBK.NS] non-critical missing fields: ['ev_to_ebitda', 'debt_to_equity']
2026-07-13 06:24:22,755 [INFO] src.cleaning: [CENTRALBK.NS] non-critical missing fields: ['ev_to_ebitda', 'debt_to_equity']
2026-07-13 06:24:22,755 [INFO] src.cleaning: [CHOLAFIN.NS] non-critical missing fields: ['ev_to_ebitda']
2026-07-13 06:24:22,755 [INFO] src.cleaning: [DMART.NS] non-critical missing fields: ['return_on_equity']
2026-07-13 06:24:22,755 [INFO] src.cleaning: [FEDERALBNK.NS] non-critical missing fields: ['ev_to_ebitda', 'debt_to_equity']
2026-07-13 06:24:22,755 [INFO] src.cleaning: [GICRE.NS] non-critical missing fields: ['debt_to_equity']
2026-07-13 06:24:22,755 [WARNING] src.cleaning: [GMRAIRPORT.NS] outlier values flagged: ['trailing_pe']
2026-07-13 06:24:22,755 [WARNING] src.cleaning: [GMRAIRPORT.NS] negative/zero equity — DuPont ROE math will be invalid downstream
2026-07-13 06:24:22,755 [INFO] src.cleaning: [GMRAIRPORT.NS] non-critical missing fields: ['return_on_equity', 'debt_to_equity']
2026-07-13 06:24:22,755 [INFO] src.cleaning: [HCLTECH.NS] non-critical missing fields: ['ev_to_ebitda', 'return_on_equity', 'debt_to_equity', 'revenue_growth', 'net_margin', 'total_debt']
2026-07-13 06:24:22,755 [INFO] src.cleaning: [HDFCBANK.NS] non-critical missing fields: ['ev_to_ebitda', 'debt_to_equity']
2026-07-13 06:24:22,755 [INFO] src.cleaning: [HDFCLIFE.NS] non-critical missing fields: ['ev_to_ebitda', 'return_on_equity', 'debt_to_equity', 'revenue_growth', 'net_margin', 'total_debt']
2026-07-13 06:24:22,755 [INFO] src.cleaning: [HUDCO.NS] non-critical missing fields: ['ev_to_ebitda']
2026-07-13 06:24:22,755 [INFO] src.cleaning: [ICICIBANK.NS] non-critical missing fields: ['ev_to_ebitda', 'debt_to_equity']
2026-07-13 06:24:22,755 [WARNING] src.cleaning: [IDEA.NS] negative/zero equity — DuPont ROE math will be invalid downstream
2026-07-13 06:24:22,755 [INFO] src.cleaning: [IDEA.NS] non-critical missing fields: ['return_on_equity', 'debt_to_equity']
2026-07-13 06:24:22,755 [INFO] src.cleaning: [IDFCFIRSTB.NS] non-critical missing fields: ['ev_to_ebitda', 'return_on_equity', 'debt_to_equity', 'total_debt']
2026-07-13 06:24:22,755 [INFO] src.cleaning: [INDUSINDBK.NS] non-critical missing fields: ['ev_to_ebitda', 'debt_to_equity']
2026-07-13 06:24:22,755 [WARNING] src.cleaning: [INFY.NS] outlier values flagged: ['ev_to_ebitda']
2026-07-13 06:24:22,755 [INFO] src.cleaning: [IOB.NS] non-critical missing fields: ['ev_to_ebitda', 'debt_to_equity']
2026-07-13 06:24:22,756 [INFO] src.cleaning: [IRFC.NS] non-critical missing fields: ['ev_to_ebitda']
2026-07-13 06:24:22,756 [INFO] src.cleaning: [KOTAKBANK.NS] non-critical missing fields: ['ev_to_ebitda', 'debt_to_equity']
2026-07-13 06:24:22,757 [INFO] src.cleaning: [LICHSGFIN.NS] non-critical missing fields: ['ev_to_ebitda']
2026-07-13 06:24:22,757 [INFO] src.cleaning: [LICI.NS] non-critical missing fields: ['debt_to_equity']
2026-07-13 06:24:22,757 [INFO] src.cleaning: [LT.NS] non-critical missing fields: ['asset_turnover', 'total_equity']
2026-07-13 06:24:22,757 [INFO] src.cleaning: [MANAPPURAM.NS] non-critical missing fields: ['ev_to_ebitda']
2026-07-13 06:24:22,757 [INFO] src.cleaning: [MUTHOOTFIN.NS] non-critical missing fields: ['ev_to_ebitda']
2026-07-13 06:24:22,757 [INFO] src.cleaning: [PFC.NS] non-critical missing fields: ['ev_to_ebitda']
2026-07-13 06:24:22,757 [INFO] src.cleaning: [PNB.NS] non-critical missing fields: ['ev_to_ebitda', 'debt_to_equity']
2026-07-13 06:24:22,757 [INFO] src.cleaning: [POONAWALLA.NS] non-critical missing fields: ['ev_to_ebitda']
2026-07-13 06:24:22,757 [INFO] src.cleaning: [RBLBANK.NS] non-critical missing fields: ['ev_to_ebitda', 'return_on_equity', 'debt_to_equity']
2026-07-13 06:24:22,757 [INFO] src.cleaning: [RECLTD.NS] non-critical missing fields: ['ev_to_ebitda']
2026-07-13 06:24:22,757 [INFO] src.cleaning: [RELIANCE.NS] non-critical missing fields: ['asset_turnover']
2026-07-13 06:24:22,757 [INFO] src.cleaning: [SBICARD.NS] non-critical missing fields: ['ev_to_ebitda']
2026-07-13 06:24:22,757 [INFO] src.cleaning: [SBILIFE.NS] non-critical missing fields: ['debt_to_equity']
2026-07-13 06:24:22,757 [INFO] src.cleaning: [SBIN.NS] non-critical missing fields: ['ev_to_ebitda', 'debt_to_equity']
2026-07-13 06:24:22,757 [INFO] src.cleaning: [SHREECEM.NS] non-critical missing fields: ['return_on_equity']
2026-07-13 06:24:22,757 [INFO] src.cleaning: [SHRIRAMFIN.NS] non-critical missing fields: ['ev_to_ebitda']
2026-07-13 06:24:22,757 [INFO] src.cleaning: [SIEMENS.NS] non-critical missing fields: ['return_on_equity', 'asset_turnover', 'total_equity']
2026-07-13 06:24:22,757 [INFO] src.cleaning: [UCOBANK.NS] non-critical missing fields: ['ev_to_ebitda', 'debt_to_equity']
2026-07-13 06:24:22,757 [INFO] src.cleaning: [UNIONBANK.NS] non-critical missing fields: ['ev_to_ebitda', 'debt_to_equity', 'revenue_growth', 'total_debt']
2026-07-13 06:24:22,757 [INFO] src.cleaning: [VBL.NS] non-critical missing fields: ['return_on_equity']
2026-07-13 06:24:22,757 [INFO] src.cleaning: [ZEEL.NS] non-critical missing fields: ['asset_turnover', 'total_equity']
2026-07-13 06:24:22,766 [INFO] src.cleaning: Cleaned 196/201 tickers -> data/processed/cleaned_universe.csv
2026-07-13 06:24:22,766 [INFO] src.cleaning: Full flag audit trail -> data/processed/cleaning_flags.csv
2026-07-13 06:24:22,766 [INFO] __main__: Cleaning validation passed: 196/201 tickers retained (98%)
2026-07-13 06:24:22,766 [INFO] __main__: === Stage 3/8: Scoring ===
2026-07-13 06:24:22,824 [INFO] src.scoring: Scored 196 companies -> data/processed/scored_universe.csv
2026-07-13 06:24:22,824 [INFO] src.scoring: Top 10 shortlist -> data/processed/shortlist_top_n.csv
2026-07-13 06:24:22,826 [WARNING] src.scoring: 26 companies scored on fewer than all 4 buckets (reweighted, not zero-filled) — see 'buckets_used' column: ['UNIONBANK.NS', 'LICI.NS', 'CANBK.NS', 'BANKINDIA.NS', 'GICRE.NS', 'HCLTECH.NS', 'CENTRALBK.NS', 'IDEA.NS', 'PNB.NS', 'IOB.NS', 'ICICIBANK.NS', 'BANKBARODA.NS', 'SBIN.NS', 'AXISBANK.NS', 'HDFCBANK.NS', 'FEDERALBNK.NS', 'GMRAIRPORT.NS', 'IDFCFIRSTB.NS', 'BANDHANBNK.NS', 'UCOBANK.NS', 'RBLBANK.NS', 'AUBANK.NS', 'KOTAKBANK.NS', 'INDUSINDBK.NS', 'SBILIFE.NS', 'HDFCLIFE.NS']
2026-07-13 06:24:22,827 [INFO] __main__: Scoring validation passed: 196 companies ranked, all scores in valid range
2026-07-13 06:24:22,827 [INFO] __main__: === Stage 4/8: Comps + DuPont ===
2026-07-13 06:24:22,838 [INFO] src.comps_dupont: Comps + DuPont report for top 10 -> data/processed/comps_dupont_report.csv
2026-07-13 06:24:22,839 [WARNING] src.comps_dupont: 1 companies have a DuPont-implied ROE that diverges >5pp from reported ROE (possible data inconsistency, worth a manual check): ['LICI.NS']
2026-07-13 06:24:22,839 [INFO] __main__: === Stage 5/8: Explainability ===
2026-07-13 06:24:22,875 [INFO] src.explainability: Explanations for top 10 companies -> data/processed/explanations.csv
2026-07-13 06:24:22,875 [INFO] __main__: === Stage 6/8: Baseline Comparison ===
2026-07-13 06:24:22,882 [INFO] src.baseline_comparison: Baseline comparison -> data/processed/baseline_comparison.csv
2026-07-13 06:24:22,882 [INFO] __main__: === Stage 7/8: Acquisition Likelihood ===
2026-07-13 06:24:22,886 [INFO] src.acquisition_likelihood: 2 companies excluded from acquisition-likelihood scoring (negative/zero equity — financial distress, not a value-target thesis): ['IDEA.NS', 'GMRAIRPORT.NS']
2026-07-13 06:24:22,896 [INFO] src.acquisition_likelihood: Acquisition likelihood scoring -> data/processed/acquisition_likelihood.csv
2026-07-13 06:24:22,897 [INFO] __main__: === Stage 8/8: Historical Snapshot ===
2026-07-13 06:24:22,902 [INFO] src.history_tracker: Recorded shortlist snapshot for 2026-07-13 (10 companies) -> data/history/shortlist_history.csv (1 distinct days tracked so far)
2026-07-13 06:24:22,905 [INFO] src.history_tracker: Recorded acquisition-likelihood snapshot for 2026-07-13 (10 companies) -> data/history/acquisition_likelihood_history.csv (1 distinct days tracked so far)
2026-07-13 06:24:22,905 [INFO] __main__: === Pipeline completed successfully ===
2026-07-13 06:24:22,905 [INFO] __main__:   ingestion: {'total': 201, 'ok': 200}
2026-07-13 06:24:22,906 [INFO] __main__:   cleaning: {'retained': 196, 'input': 201}
2026-07-13 06:24:22,906 [INFO] __main__:   scoring: {'ranked': 196}
2026-07-13 06:24:22,906 [INFO] __main__:   comps_dupont: {'companies': 10}
2026-07-13 06:24:22,906 [INFO] __main__:   explainability: {'companies': 10}
2026-07-13 06:24:22,906 [INFO] __main__:   baseline_comparison: {'correlation': np.float64(0.47744264437520423), 'overlap_pct': 0.0}
2026-07-13 06:24:22,906 [INFO] __main__:   acquisition_likelihood: {'companies': 10}
2026-07-13 06:24:22,906 [INFO] __main__:   history_tracker: {'recorded': True}
