2026-08-03 06:23:26,590 [INFO] __main__: Logging to file: logs/pipeline_run_2026-08-03T06-23-26Z.log
2026-08-03 06:23:26,590 [INFO] __main__: === Stage 1/8: Ingestion ===
2026-08-03 06:23:26,612 [INFO] src.ingestion: [ACC.NS] fetching fresh data
2026-08-03 06:23:27,681 [INFO] src.ingestion: [AMBUJACEM.NS] fetching fresh data
2026-08-03 06:23:28,535 [INFO] src.ingestion: [ULTRACEMCO.NS] fetching fresh data
2026-08-03 06:23:29,456 [INFO] src.ingestion: [SHREECEM.NS] fetching fresh data
2026-08-03 06:23:30,347 [INFO] src.ingestion: [JKCEMENT.NS] fetching fresh data
2026-08-03 06:23:31,273 [INFO] src.ingestion: [RAMCOCEM.NS] fetching fresh data
2026-08-03 06:23:32,200 [INFO] src.ingestion: [HEIDELBERG.NS] fetching fresh data
2026-08-03 06:23:33,168 [INFO] src.ingestion: [DALBHARAT.NS] fetching fresh data
2026-08-03 06:23:34,049 [INFO] src.ingestion: [INFY.NS] fetching fresh data
2026-08-03 06:23:34,914 [INFO] src.ingestion: [TCS.NS] fetching fresh data
2026-08-03 06:23:35,825 [INFO] src.ingestion: [WIPRO.NS] fetching fresh data
2026-08-03 06:23:36,745 [INFO] src.ingestion: [HCLTECH.NS] fetching fresh data
2026-08-03 06:23:37,694 [INFO] src.ingestion: [TECHM.NS] fetching fresh data
2026-08-03 06:23:38,639 [INFO] src.ingestion: [LTIM.NS] fetching fresh data
2026-08-03 06:23:38,764 [ERROR] yfinance: HTTP Error 404: {"quoteSummary":{"result":null,"error":{"code":"Not Found","description":"Quote not found for symbol: LTIM.NS"}}}
2026-08-03 06:23:38,844 [WARNING] src.ingestion: [LTIM.NS] attempt 1 failed: yfinance returned an empty info payload for LTIM.NS (no exception, but no usable data — likely a transient Yahoo-side issue or an invalid/delisted symbol)
2026-08-03 06:23:40,975 [ERROR] yfinance: HTTP Error 404: {"quoteSummary":{"result":null,"error":{"code":"Not Found","description":"Quote not found for symbol: LTIM.NS"}}}
2026-08-03 06:23:41,014 [WARNING] src.ingestion: [LTIM.NS] attempt 2 failed: yfinance returned an empty info payload for LTIM.NS (no exception, but no usable data — likely a transient Yahoo-side issue or an invalid/delisted symbol)
2026-08-03 06:23:45,220 [ERROR] yfinance: HTTP Error 404: {"quoteSummary":{"result":null,"error":{"code":"Not Found","description":"Quote not found for symbol: LTIM.NS"}}}
2026-08-03 06:23:45,262 [WARNING] src.ingestion: [LTIM.NS] attempt 3 failed: yfinance returned an empty info payload for LTIM.NS (no exception, but no usable data — likely a transient Yahoo-side issue or an invalid/delisted symbol)
2026-08-03 06:23:45,663 [INFO] src.ingestion: [PERSISTENT.NS] fetching fresh data
2026-08-03 06:23:46,566 [INFO] src.ingestion: [COFORGE.NS] fetching fresh data
2026-08-03 06:23:47,512 [INFO] src.ingestion: [MPHASIS.NS] fetching fresh data
2026-08-03 06:23:48,392 [INFO] src.ingestion: [LTTS.NS] fetching fresh data
2026-08-03 06:23:49,306 [INFO] src.ingestion: [TATAELXSI.NS] fetching fresh data
2026-08-03 06:23:50,246 [INFO] src.ingestion: [CYIENT.NS] fetching fresh data
2026-08-03 06:23:51,193 [INFO] src.ingestion: [KPITTECH.NS] fetching fresh data
2026-08-03 06:23:52,092 [INFO] src.ingestion: [HDFCBANK.NS] fetching fresh data
2026-08-03 06:23:53,038 [INFO] src.ingestion: [ICICIBANK.NS] fetching fresh data
2026-08-03 06:23:53,834 [INFO] src.ingestion: [SBIN.NS] fetching fresh data
2026-08-03 06:23:54,683 [INFO] src.ingestion: [AXISBANK.NS] fetching fresh data
2026-08-03 06:23:55,559 [INFO] src.ingestion: [KOTAKBANK.NS] fetching fresh data
2026-08-03 06:23:56,408 [INFO] src.ingestion: [INDUSINDBK.NS] fetching fresh data
2026-08-03 06:23:57,225 [INFO] src.ingestion: [FEDERALBNK.NS] fetching fresh data
2026-08-03 06:23:58,131 [INFO] src.ingestion: [BANDHANBNK.NS] fetching fresh data
2026-08-03 06:23:59,078 [INFO] src.ingestion: [IDFCFIRSTB.NS] fetching fresh data
2026-08-03 06:23:59,919 [INFO] src.ingestion: [PNB.NS] fetching fresh data
2026-08-03 06:24:00,827 [INFO] src.ingestion: [BANKBARODA.NS] fetching fresh data
2026-08-03 06:24:01,679 [INFO] src.ingestion: [CANBK.NS] fetching fresh data
2026-08-03 06:24:02,554 [INFO] src.ingestion: [UNIONBANK.NS] fetching fresh data
2026-08-03 06:24:03,428 [INFO] src.ingestion: [AUBANK.NS] fetching fresh data
2026-08-03 06:24:04,294 [INFO] src.ingestion: [RBLBANK.NS] fetching fresh data
2026-08-03 06:24:05,193 [INFO] src.ingestion: [BANKINDIA.NS] fetching fresh data
2026-08-03 06:24:06,118 [INFO] src.ingestion: [CENTRALBK.NS] fetching fresh data
2026-08-03 06:24:06,997 [INFO] src.ingestion: [IOB.NS] fetching fresh data
2026-08-03 06:24:07,787 [INFO] src.ingestion: [UCOBANK.NS] fetching fresh data
2026-08-03 06:24:08,696 [INFO] src.ingestion: [BAJFINANCE.NS] fetching fresh data
2026-08-03 06:24:09,563 [INFO] src.ingestion: [BAJAJFINSV.NS] fetching fresh data
2026-08-03 06:24:10,502 [INFO] src.ingestion: [CHOLAFIN.NS] fetching fresh data
2026-08-03 06:24:11,403 [INFO] src.ingestion: [MUTHOOTFIN.NS] fetching fresh data
2026-08-03 06:24:12,251 [INFO] src.ingestion: [LICHSGFIN.NS] fetching fresh data
2026-08-03 06:24:13,154 [INFO] src.ingestion: [SHRIRAMFIN.NS] fetching fresh data
2026-08-03 06:24:14,006 [INFO] src.ingestion: [PFC.NS] fetching fresh data
2026-08-03 06:24:14,845 [INFO] src.ingestion: [RECLTD.NS] fetching fresh data
2026-08-03 06:24:15,717 [INFO] src.ingestion: [IRFC.NS] fetching fresh data
2026-08-03 06:24:16,621 [INFO] src.ingestion: [HUDCO.NS] fetching fresh data
2026-08-03 06:24:17,478 [INFO] src.ingestion: [BAJAJHLDNG.NS] fetching fresh data
2026-08-03 06:24:18,316 [INFO] src.ingestion: [SBICARD.NS] fetching fresh data
2026-08-03 06:24:19,189 [INFO] src.ingestion: [MANAPPURAM.NS] fetching fresh data
2026-08-03 06:24:20,068 [INFO] src.ingestion: [POONAWALLA.NS] fetching fresh data
2026-08-03 06:24:20,911 [INFO] src.ingestion: [HDFCLIFE.NS] fetching fresh data
2026-08-03 06:24:21,824 [INFO] src.ingestion: [SBILIFE.NS] fetching fresh data
2026-08-03 06:24:22,626 [INFO] src.ingestion: [ICICIPRULI.NS] fetching fresh data
2026-08-03 06:24:23,459 [INFO] src.ingestion: [ICICIGI.NS] fetching fresh data
2026-08-03 06:24:24,368 [INFO] src.ingestion: [LICI.NS] fetching fresh data
2026-08-03 06:24:25,270 [INFO] src.ingestion: [GICRE.NS] fetching fresh data
2026-08-03 06:24:26,181 [INFO] src.ingestion: [MARUTI.NS] fetching fresh data
2026-08-03 06:24:27,148 [INFO] src.ingestion: [TMPV.NS] fetching fresh data
2026-08-03 06:24:28,163 [INFO] src.ingestion: [TMCV.NS] fetching fresh data
2026-08-03 06:24:28,974 [INFO] src.ingestion: [M&M.NS] fetching fresh data
2026-08-03 06:24:29,846 [INFO] src.ingestion: [EICHERMOT.NS] fetching fresh data
2026-08-03 06:24:30,748 [INFO] src.ingestion: [HEROMOTOCO.NS] fetching fresh data
2026-08-03 06:24:31,620 [INFO] src.ingestion: [BAJAJ-AUTO.NS] fetching fresh data
2026-08-03 06:24:32,487 [INFO] src.ingestion: [TVSMOTOR.NS] fetching fresh data
2026-08-03 06:24:33,472 [INFO] src.ingestion: [ASHOKLEY.NS] fetching fresh data
2026-08-03 06:24:34,362 [INFO] src.ingestion: [BHARATFORG.NS] fetching fresh data
2026-08-03 06:24:35,247 [INFO] src.ingestion: [MOTHERSON.NS] fetching fresh data
2026-08-03 06:24:36,115 [INFO] src.ingestion: [BOSCHLTD.NS] fetching fresh data
2026-08-03 06:24:36,996 [INFO] src.ingestion: [MRF.NS] fetching fresh data
2026-08-03 06:24:37,961 [INFO] src.ingestion: [ENDURANCE.NS] fetching fresh data
2026-08-03 06:24:39,355 [INFO] src.ingestion: [EXIDEIND.NS] fetching fresh data
2026-08-03 06:24:40,277 [INFO] src.ingestion: [ARE&M.NS] fetching fresh data
2026-08-03 06:24:41,185 [INFO] src.ingestion: [SUNDRMFAST.NS] fetching fresh data
2026-08-03 06:24:42,153 [INFO] src.ingestion: [UNOMINDA.NS] fetching fresh data
2026-08-03 06:24:43,009 [INFO] src.ingestion: [SUNPHARMA.NS] fetching fresh data
2026-08-03 06:24:43,963 [INFO] src.ingestion: [DRREDDY.NS] fetching fresh data
2026-08-03 06:24:44,924 [INFO] src.ingestion: [CIPLA.NS] fetching fresh data
2026-08-03 06:24:45,752 [INFO] src.ingestion: [DIVISLAB.NS] fetching fresh data
2026-08-03 06:24:46,728 [INFO] src.ingestion: [LUPIN.NS] fetching fresh data
2026-08-03 06:24:47,564 [INFO] src.ingestion: [AUROPHARMA.NS] fetching fresh data
2026-08-03 06:24:48,491 [INFO] src.ingestion: [BIOCON.NS] fetching fresh data
2026-08-03 06:24:49,333 [INFO] src.ingestion: [TORNTPHARM.NS] fetching fresh data
2026-08-03 06:24:50,193 [INFO] src.ingestion: [ALKEM.NS] fetching fresh data
2026-08-03 06:24:51,116 [INFO] src.ingestion: [ABBOTINDIA.NS] fetching fresh data
2026-08-03 06:24:52,064 [INFO] src.ingestion: [APOLLOHOSP.NS] fetching fresh data
2026-08-03 06:24:52,910 [INFO] src.ingestion: [FORTIS.NS] fetching fresh data
2026-08-03 06:24:53,747 [INFO] src.ingestion: [LALPATHLAB.NS] fetching fresh data
2026-08-03 06:24:54,624 [INFO] src.ingestion: [METROPOLIS.NS] fetching fresh data
2026-08-03 06:24:55,544 [INFO] src.ingestion: [GLAND.NS] fetching fresh data
2026-08-03 06:24:56,428 [INFO] src.ingestion: [LAURUSLABS.NS] fetching fresh data
2026-08-03 06:24:57,300 [INFO] src.ingestion: [GLENMARK.NS] fetching fresh data
2026-08-03 06:24:58,171 [INFO] src.ingestion: [IPCALAB.NS] fetching fresh data
2026-08-03 06:24:59,093 [INFO] src.ingestion: [HINDUNILVR.NS] fetching fresh data
2026-08-03 06:25:00,003 [INFO] src.ingestion: [ITC.NS] fetching fresh data
2026-08-03 06:25:00,987 [INFO] src.ingestion: [NESTLEIND.NS] fetching fresh data
2026-08-03 06:25:01,883 [INFO] src.ingestion: [BRITANNIA.NS] fetching fresh data
2026-08-03 06:25:02,773 [INFO] src.ingestion: [DABUR.NS] fetching fresh data
2026-08-03 06:25:03,664 [INFO] src.ingestion: [GODREJCP.NS] fetching fresh data
2026-08-03 06:25:04,650 [INFO] src.ingestion: [MARICO.NS] fetching fresh data
2026-08-03 06:25:05,482 [INFO] src.ingestion: [COLPAL.NS] fetching fresh data
2026-08-03 06:25:06,368 [INFO] src.ingestion: [TATACONSUM.NS] fetching fresh data
2026-08-03 06:25:07,296 [INFO] src.ingestion: [VBL.NS] fetching fresh data
2026-08-03 06:25:08,334 [INFO] src.ingestion: [UNITDSPR.NS] fetching fresh data
2026-08-03 06:25:09,216 [INFO] src.ingestion: [EMAMILTD.NS] fetching fresh data
2026-08-03 06:25:10,106 [INFO] src.ingestion: [TATASTEEL.NS] fetching fresh data
2026-08-03 06:25:11,029 [INFO] src.ingestion: [JSWSTEEL.NS] fetching fresh data
2026-08-03 06:25:11,890 [INFO] src.ingestion: [HINDALCO.NS] fetching fresh data
2026-08-03 06:25:12,865 [INFO] src.ingestion: [VEDL.NS] fetching fresh data
2026-08-03 06:25:13,822 [INFO] src.ingestion: [COALINDIA.NS] fetching fresh data
2026-08-03 06:25:14,674 [INFO] src.ingestion: [NMDC.NS] fetching fresh data
2026-08-03 06:25:15,566 [INFO] src.ingestion: [SAIL.NS] fetching fresh data
2026-08-03 06:25:16,450 [INFO] src.ingestion: [JINDALSTEL.NS] fetching fresh data
2026-08-03 06:25:17,336 [INFO] src.ingestion: [APLAPOLLO.NS] fetching fresh data
2026-08-03 06:25:18,218 [INFO] src.ingestion: [NATIONALUM.NS] fetching fresh data
2026-08-03 06:25:19,133 [INFO] src.ingestion: [HINDCOPPER.NS] fetching fresh data
2026-08-03 06:25:20,089 [INFO] src.ingestion: [RATNAMANI.NS] fetching fresh data
2026-08-03 06:25:20,985 [INFO] src.ingestion: [HINDZINC.NS] fetching fresh data
2026-08-03 06:25:21,908 [INFO] src.ingestion: [WELCORP.NS] fetching fresh data
2026-08-03 06:25:22,834 [INFO] src.ingestion: [JSL.NS] fetching fresh data
2026-08-03 06:25:23,676 [INFO] src.ingestion: [RELIANCE.NS] fetching fresh data
2026-08-03 06:25:24,578 [INFO] src.ingestion: [ONGC.NS] fetching fresh data
2026-08-03 06:25:25,437 [INFO] src.ingestion: [BPCL.NS] fetching fresh data
2026-08-03 06:25:26,351 [INFO] src.ingestion: [IOC.NS] fetching fresh data
2026-08-03 06:25:27,233 [INFO] src.ingestion: [GAIL.NS] fetching fresh data
2026-08-03 06:25:28,075 [INFO] src.ingestion: [NTPC.NS] fetching fresh data
2026-08-03 06:25:28,968 [INFO] src.ingestion: [POWERGRID.NS] fetching fresh data
2026-08-03 06:25:29,918 [INFO] src.ingestion: [TATAPOWER.NS] fetching fresh data
2026-08-03 06:25:30,787 [INFO] src.ingestion: [ADANIGREEN.NS] fetching fresh data
2026-08-03 06:25:31,690 [INFO] src.ingestion: [ADANIPOWER.NS] fetching fresh data
2026-08-03 06:25:32,639 [INFO] src.ingestion: [TORNTPOWER.NS] fetching fresh data
2026-08-03 06:25:33,545 [INFO] src.ingestion: [LT.NS] fetching fresh data
2026-08-03 06:25:34,457 [INFO] src.ingestion: [SIEMENS.NS] fetching fresh data
2026-08-03 06:25:35,387 [INFO] src.ingestion: [ABB.NS] fetching fresh data
2026-08-03 06:25:36,273 [INFO] src.ingestion: [HAL.NS] fetching fresh data
2026-08-03 06:25:37,184 [INFO] src.ingestion: [BEL.NS] fetching fresh data
2026-08-03 06:25:38,102 [INFO] src.ingestion: [BHEL.NS] fetching fresh data
2026-08-03 06:25:39,045 [INFO] src.ingestion: [CUMMINSIND.NS] fetching fresh data
2026-08-03 06:25:39,880 [INFO] src.ingestion: [THERMAX.NS] fetching fresh data
2026-08-03 06:25:40,757 [INFO] src.ingestion: [POLYCAB.NS] fetching fresh data
2026-08-03 06:25:41,649 [INFO] src.ingestion: [KEI.NS] fetching fresh data
2026-08-03 06:25:42,526 [INFO] src.ingestion: [HAVELLS.NS] fetching fresh data
2026-08-03 06:25:43,322 [INFO] src.ingestion: [CROMPTON.NS] fetching fresh data
2026-08-03 06:25:44,216 [INFO] src.ingestion: [SUPREMEIND.NS] fetching fresh data
2026-08-03 06:25:45,125 [INFO] src.ingestion: [ASTRAL.NS] fetching fresh data
2026-08-03 06:25:46,036 [INFO] src.ingestion: [GRINDWELL.NS] fetching fresh data
2026-08-03 06:25:46,947 [INFO] src.ingestion: [CARBORUNIV.NS] fetching fresh data
2026-08-03 06:25:47,874 [INFO] src.ingestion: [TIMKEN.NS] fetching fresh data
2026-08-03 06:25:48,765 [INFO] src.ingestion: [SKFINDIA.NS] fetching fresh data
2026-08-03 06:25:49,639 [INFO] src.ingestion: [SRF.NS] fetching fresh data
2026-08-03 06:25:50,541 [INFO] src.ingestion: [PIIND.NS] fetching fresh data
2026-08-03 06:25:51,423 [INFO] src.ingestion: [DEEPAKNTR.NS] fetching fresh data
2026-08-03 06:25:52,397 [INFO] src.ingestion: [AARTIIND.NS] fetching fresh data
2026-08-03 06:25:53,229 [INFO] src.ingestion: [NAVINFLUOR.NS] fetching fresh data
2026-08-03 06:25:54,144 [INFO] src.ingestion: [UPL.NS] fetching fresh data
2026-08-03 06:25:55,014 [INFO] src.ingestion: [COROMANDEL.NS] fetching fresh data
2026-08-03 06:25:55,873 [INFO] src.ingestion: [CHAMBLFERT.NS] fetching fresh data
2026-08-03 06:25:56,757 [INFO] src.ingestion: [GNFC.NS] fetching fresh data
2026-08-03 06:25:57,642 [INFO] src.ingestion: [PIDILITIND.NS] fetching fresh data
2026-08-03 06:25:58,498 [INFO] src.ingestion: [TATACHEM.NS] fetching fresh data
2026-08-03 06:25:59,402 [INFO] src.ingestion: [GHCL.NS] fetching fresh data
2026-08-03 06:26:00,348 [INFO] src.ingestion: [TITAN.NS] fetching fresh data
2026-08-03 06:26:01,260 [INFO] src.ingestion: [DMART.NS] fetching fresh data
2026-08-03 06:26:02,154 [INFO] src.ingestion: [TRENT.NS] fetching fresh data
2026-08-03 06:26:03,138 [INFO] src.ingestion: [BATAINDIA.NS] fetching fresh data
2026-08-03 06:26:03,983 [INFO] src.ingestion: [PAGEIND.NS] fetching fresh data
2026-08-03 06:26:04,820 [INFO] src.ingestion: [JUBLFOOD.NS] fetching fresh data
2026-08-03 06:26:05,680 [INFO] src.ingestion: [VOLTAS.NS] fetching fresh data
2026-08-03 06:26:06,550 [INFO] src.ingestion: [DIXON.NS] fetching fresh data
2026-08-03 06:26:07,393 [INFO] src.ingestion: [RELAXO.NS] fetching fresh data
2026-08-03 06:26:08,222 [INFO] src.ingestion: [KAJARIACER.NS] fetching fresh data
2026-08-03 06:26:09,156 [INFO] src.ingestion: [WHIRLPOOL.NS] fetching fresh data
2026-08-03 06:26:10,029 [INFO] src.ingestion: [BLUESTARCO.NS] fetching fresh data
2026-08-03 06:26:10,889 [INFO] src.ingestion: [PGHH.NS] fetching fresh data
2026-08-03 06:26:11,760 [INFO] src.ingestion: [GILLETTE.NS] fetching fresh data
2026-08-03 06:26:12,577 [INFO] src.ingestion: [BHARTIARTL.NS] fetching fresh data
2026-08-03 06:26:13,466 [INFO] src.ingestion: [IDEA.NS] fetching fresh data
2026-08-03 06:26:14,307 [INFO] src.ingestion: [INDUSTOWER.NS] fetching fresh data
2026-08-03 06:26:15,275 [INFO] src.ingestion: [PVRINOX.NS] fetching fresh data
2026-08-03 06:26:16,193 [INFO] src.ingestion: [ZEEL.NS] fetching fresh data
2026-08-03 06:26:17,050 [INFO] src.ingestion: [ADANIPORTS.NS] fetching fresh data
2026-08-03 06:26:18,010 [INFO] src.ingestion: [ADANIENT.NS] fetching fresh data
2026-08-03 06:26:18,958 [INFO] src.ingestion: [GMRAIRPORT.NS] fetching fresh data
2026-08-03 06:26:19,992 [INFO] src.ingestion: [CONCOR.NS] fetching fresh data
2026-08-03 06:26:20,860 [INFO] src.ingestion: [IRCTC.NS] fetching fresh data
2026-08-03 06:26:21,871 [INFO] src.ingestion: [INDIGO.NS] fetching fresh data
2026-08-03 06:26:22,777 [INFO] src.ingestion: [RVNL.NS] fetching fresh data
2026-08-03 06:26:23,627 [INFO] src.ingestion: [IRCON.NS] fetching fresh data
2026-08-03 06:26:24,510 [INFO] src.ingestion: [NBCC.NS] fetching fresh data
2026-08-03 06:26:25,431 [INFO] src.ingestion: [NCC.NS] fetching fresh data
2026-08-03 06:26:26,271 [INFO] src.ingestion: [MAZDOCK.NS] fetching fresh data
2026-08-03 06:26:27,233 [INFO] src.ingestion: [COCHINSHIP.NS] fetching fresh data
2026-08-03 06:26:28,126 [INFO] src.ingestion: [DLF.NS] fetching fresh data
2026-08-03 06:26:29,114 [INFO] src.ingestion: [GODREJPROP.NS] fetching fresh data
2026-08-03 06:26:30,085 [INFO] src.ingestion: [OBEROIRLTY.NS] fetching fresh data
2026-08-03 06:26:30,971 [INFO] src.ingestion: [PRESTIGE.NS] fetching fresh data
2026-08-03 06:26:31,873 [INFO] src.ingestion: [PHOENIXLTD.NS] fetching fresh data
2026-08-03 06:26:32,785 [INFO] src.ingestion: [SOBHA.NS] fetching fresh data
2026-08-03 06:26:33,664 [INFO] src.ingestion: Fetched 200/201 tickers successfully
2026-08-03 06:26:33,664 [WARNING] src.ingestion: Failed tickers (excluded from downstream, not silently zeroed): ['LTIM.NS']
2026-08-03 06:26:33,664 [INFO] __main__: Ingestion validation passed: 200/201 tickers (100%)
2026-08-03 06:26:33,664 [INFO] __main__: === Stage 2/8: Cleaning ===
2026-08-03 06:26:33,670 [WARNING] src.cleaning: [CROMPTON.NS] EXCLUDED: missing critical fields: ['trailing_pe']
2026-08-03 06:26:33,670 [WARNING] src.cleaning: [INDIGO.NS] EXCLUDED: missing critical fields: ['trailing_pe']
2026-08-03 06:26:33,670 [WARNING] src.cleaning: [LTIM.NS] EXCLUDED: ingestion failed: yfinance returned an empty info payload for LTIM.NS (no exception, but no usable data — likely a transient Yahoo-side issue or an invalid/delisted symbol)
2026-08-03 06:26:33,671 [WARNING] src.cleaning: [TATACHEM.NS] EXCLUDED: missing critical fields: ['trailing_pe']
2026-08-03 06:26:33,671 [WARNING] src.cleaning: [TMPV.NS] EXCLUDED: missing critical fields: ['trailing_pe']
2026-08-03 06:26:33,671 [INFO] src.cleaning: [AARTIIND.NS] non-critical missing fields: ['return_on_equity']
2026-08-03 06:26:33,671 [INFO] src.cleaning: [ACC.NS] non-critical missing fields: ['return_on_equity']
2026-08-03 06:26:33,671 [INFO] src.cleaning: [ADANIENT.NS] non-critical missing fields: ['return_on_equity']
2026-08-03 06:26:33,671 [INFO] src.cleaning: [ADANIGREEN.NS] non-critical missing fields: ['return_on_equity']
2026-08-03 06:26:33,671 [INFO] src.cleaning: [ADANIPORTS.NS] non-critical missing fields: ['return_on_equity']
2026-08-03 06:26:33,671 [INFO] src.cleaning: [ADANIPOWER.NS] non-critical missing fields: ['return_on_equity']
2026-08-03 06:26:33,671 [INFO] src.cleaning: [AMBUJACEM.NS] non-critical missing fields: ['return_on_equity']
2026-08-03 06:26:33,671 [INFO] src.cleaning: [APLAPOLLO.NS] non-critical missing fields: ['return_on_equity']
2026-08-03 06:26:33,671 [INFO] src.cleaning: [AUBANK.NS] non-critical missing fields: ['ev_to_ebitda', 'return_on_equity', 'debt_to_equity']
2026-08-03 06:26:33,671 [INFO] src.cleaning: [AXISBANK.NS] non-critical missing fields: ['ev_to_ebitda', 'debt_to_equity']
2026-08-03 06:26:33,671 [INFO] src.cleaning: [BAJAJ-AUTO.NS] non-critical missing fields: ['return_on_equity']
2026-08-03 06:26:33,671 [INFO] src.cleaning: [BAJAJFINSV.NS] non-critical missing fields: ['return_on_equity']
2026-08-03 06:26:33,671 [WARNING] src.cleaning: [BAJAJHLDNG.NS] outlier values flagged: ['net_margin']
2026-08-03 06:26:33,671 [INFO] src.cleaning: [BAJFINANCE.NS] non-critical missing fields: ['ev_to_ebitda', 'return_on_equity']
2026-08-03 06:26:33,671 [INFO] src.cleaning: [BANDHANBNK.NS] non-critical missing fields: ['ev_to_ebitda', 'return_on_equity', 'debt_to_equity']
2026-08-03 06:26:33,671 [INFO] src.cleaning: [BANKBARODA.NS] non-critical missing fields: ['ev_to_ebitda', 'debt_to_equity']
2026-08-03 06:26:33,671 [INFO] src.cleaning: [BANKINDIA.NS] non-critical missing fields: ['ev_to_ebitda', 'debt_to_equity']
2026-08-03 06:26:33,671 [INFO] src.cleaning: [BEL.NS] non-critical missing fields: ['return_on_equity']
2026-08-03 06:26:33,671 [INFO] src.cleaning: [BHEL.NS] non-critical missing fields: ['return_on_equity']
2026-08-03 06:26:33,671 [INFO] src.cleaning: [BPCL.NS] non-critical missing fields: ['return_on_equity']
2026-08-03 06:26:33,671 [INFO] src.cleaning: [CANBK.NS] non-critical missing fields: ['ev_to_ebitda', 'return_on_equity', 'debt_to_equity']
2026-08-03 06:26:33,671 [INFO] src.cleaning: [CENTRALBK.NS] non-critical missing fields: ['ev_to_ebitda', 'debt_to_equity']
2026-08-03 06:26:33,671 [INFO] src.cleaning: [CHAMBLFERT.NS] non-critical missing fields: ['return_on_equity']
2026-08-03 06:26:33,672 [INFO] src.cleaning: [CHOLAFIN.NS] non-critical missing fields: ['ev_to_ebitda', 'return_on_equity']
2026-08-03 06:26:33,672 [INFO] src.cleaning: [CIPLA.NS] non-critical missing fields: ['return_on_equity']
2026-08-03 06:26:33,672 [INFO] src.cleaning: [COALINDIA.NS] non-critical missing fields: ['return_on_equity']
2026-08-03 06:26:33,672 [INFO] src.cleaning: [COFORGE.NS] non-critical missing fields: ['return_on_equity']
2026-08-03 06:26:33,672 [INFO] src.cleaning: [COLPAL.NS] non-critical missing fields: ['return_on_equity']
2026-08-03 06:26:33,672 [INFO] src.cleaning: [CONCOR.NS] non-critical missing fields: ['return_on_equity']
2026-08-03 06:26:33,672 [INFO] src.cleaning: [COROMANDEL.NS] non-critical missing fields: ['return_on_equity']
2026-08-03 06:26:33,672 [INFO] src.cleaning: [CYIENT.NS] non-critical missing fields: ['return_on_equity']
2026-08-03 06:26:33,672 [INFO] src.cleaning: [DABUR.NS] non-critical missing fields: ['return_on_equity']
2026-08-03 06:26:33,672 [INFO] src.cleaning: [DALBHARAT.NS] non-critical missing fields: ['return_on_equity']
2026-08-03 06:26:33,672 [INFO] src.cleaning: [DIVISLAB.NS] non-critical missing fields: ['return_on_equity']
2026-08-03 06:26:33,672 [INFO] src.cleaning: [DIXON.NS] non-critical missing fields: ['return_on_equity']
2026-08-03 06:26:33,672 [INFO] src.cleaning: [DMART.NS] non-critical missing fields: ['return_on_equity']
2026-08-03 06:26:33,672 [INFO] src.cleaning: [EICHERMOT.NS] non-critical missing fields: ['return_on_equity']
2026-08-03 06:26:33,672 [INFO] src.cleaning: [EXIDEIND.NS] non-critical missing fields: ['return_on_equity']
2026-08-03 06:26:33,672 [INFO] src.cleaning: [FEDERALBNK.NS] non-critical missing fields: ['ev_to_ebitda', 'return_on_equity', 'debt_to_equity']
2026-08-03 06:26:33,672 [INFO] src.cleaning: [GAIL.NS] non-critical missing fields: ['return_on_equity']
2026-08-03 06:26:33,672 [INFO] src.cleaning: [GHCL.NS] non-critical missing fields: ['return_on_equity']
2026-08-03 06:26:33,672 [INFO] src.cleaning: [GICRE.NS] non-critical missing fields: ['debt_to_equity']
2026-08-03 06:26:33,672 [INFO] src.cleaning: [GILLETTE.NS] non-critical missing fields: ['return_on_equity']
2026-08-03 06:26:33,672 [INFO] src.cleaning: [GLENMARK.NS] non-critical missing fields: ['return_on_equity']
2026-08-03 06:26:33,672 [WARNING] src.cleaning: [GMRAIRPORT.NS] outlier values flagged: ['trailing_pe']
2026-08-03 06:26:33,672 [WARNING] src.cleaning: [GMRAIRPORT.NS] negative/zero equity — DuPont ROE math will be invalid downstream
2026-08-03 06:26:33,672 [INFO] src.cleaning: [GMRAIRPORT.NS] non-critical missing fields: ['return_on_equity', 'debt_to_equity']
2026-08-03 06:26:33,672 [INFO] src.cleaning: [GRINDWELL.NS] non-critical missing fields: ['return_on_equity']
2026-08-03 06:26:33,672 [INFO] src.cleaning: [HAVELLS.NS] non-critical missing fields: ['return_on_equity']
2026-08-03 06:26:33,672 [WARNING] src.cleaning: [HCLTECH.NS] outlier values flagged: ['ev_to_ebitda']
2026-08-03 06:26:33,672 [INFO] src.cleaning: [HDFCBANK.NS] non-critical missing fields: ['ev_to_ebitda', 'debt_to_equity']
2026-08-03 06:26:33,672 [INFO] src.cleaning: [HEIDELBERG.NS] non-critical missing fields: ['return_on_equity']
2026-08-03 06:26:33,672 [INFO] src.cleaning: [HINDUNILVR.NS] non-critical missing fields: ['return_on_equity']
2026-08-03 06:26:33,672 [INFO] src.cleaning: [HINDZINC.NS] non-critical missing fields: ['return_on_equity']
2026-08-03 06:26:33,672 [INFO] src.cleaning: [HUDCO.NS] non-critical missing fields: ['ev_to_ebitda', 'return_on_equity']
2026-08-03 06:26:33,672 [INFO] src.cleaning: [ICICIBANK.NS] non-critical missing fields: ['ev_to_ebitda', 'debt_to_equity']
2026-08-03 06:26:33,672 [INFO] src.cleaning: [ICICIGI.NS] non-critical missing fields: ['debt_to_equity']
2026-08-03 06:26:33,672 [WARNING] src.cleaning: [IDEA.NS] negative/zero equity — DuPont ROE math will be invalid downstream
2026-08-03 06:26:33,672 [INFO] src.cleaning: [IDEA.NS] non-critical missing fields: ['return_on_equity', 'debt_to_equity']
2026-08-03 06:26:33,672 [INFO] src.cleaning: [IDFCFIRSTB.NS] non-critical missing fields: ['ev_to_ebitda', 'return_on_equity', 'debt_to_equity', 'total_debt']
2026-08-03 06:26:33,672 [INFO] src.cleaning: [INDUSINDBK.NS] non-critical missing fields: ['ev_to_ebitda', 'return_on_equity', 'debt_to_equity']
2026-08-03 06:26:33,672 [WARNING] src.cleaning: [INFY.NS] outlier values flagged: ['ev_to_ebitda']
2026-08-03 06:26:33,672 [INFO] src.cleaning: [IOB.NS] non-critical missing fields: ['ev_to_ebitda', 'debt_to_equity']
2026-08-03 06:26:33,672 [INFO] src.cleaning: [IOC.NS] non-critical missing fields: ['return_on_equity']
2026-08-03 06:26:33,672 [INFO] src.cleaning: [IRFC.NS] non-critical missing fields: ['ev_to_ebitda', 'return_on_equity']
2026-08-03 06:26:33,672 [INFO] src.cleaning: [ITC.NS] non-critical missing fields: ['return_on_equity']
2026-08-03 06:26:33,672 [INFO] src.cleaning: [JINDALSTEL.NS] non-critical missing fields: ['return_on_equity']
2026-08-03 06:26:33,672 [INFO] src.cleaning: [JKCEMENT.NS] non-critical missing fields: ['return_on_equity']
2026-08-03 06:26:33,672 [INFO] src.cleaning: [JSWSTEEL.NS] non-critical missing fields: ['return_on_equity']
2026-08-03 06:26:33,672 [INFO] src.cleaning: [KAJARIACER.NS] non-critical missing fields: ['return_on_equity']
2026-08-03 06:26:33,672 [INFO] src.cleaning: [KOTAKBANK.NS] non-critical missing fields: ['ev_to_ebitda', 'return_on_equity', 'debt_to_equity']
2026-08-03 06:26:33,672 [INFO] src.cleaning: [KPITTECH.NS] non-critical missing fields: ['return_on_equity']
2026-08-03 06:26:33,673 [INFO] src.cleaning: [LALPATHLAB.NS] non-critical missing fields: ['return_on_equity']
2026-08-03 06:26:33,673 [INFO] src.cleaning: [LAURUSLABS.NS] non-critical missing fields: ['return_on_equity']
2026-08-03 06:26:33,673 [INFO] src.cleaning: [LICHSGFIN.NS] non-critical missing fields: ['ev_to_ebitda', 'return_on_equity']
2026-08-03 06:26:33,673 [INFO] src.cleaning: [LTTS.NS] non-critical missing fields: ['return_on_equity']
2026-08-03 06:26:33,673 [INFO] src.cleaning: [LT.NS] non-critical missing fields: ['return_on_equity']
2026-08-03 06:26:33,673 [INFO] src.cleaning: [M&M.NS] non-critical missing fields: ['return_on_equity']
2026-08-03 06:26:33,673 [INFO] src.cleaning: [MANAPPURAM.NS] non-critical missing fields: ['ev_to_ebitda']
2026-08-03 06:26:33,673 [INFO] src.cleaning: [MARUTI.NS] non-critical missing fields: ['return_on_equity']
2026-08-03 06:26:33,673 [INFO] src.cleaning: [MAZDOCK.NS] non-critical missing fields: ['return_on_equity']
2026-08-03 06:26:33,673 [INFO] src.cleaning: [MUTHOOTFIN.NS] non-critical missing fields: ['ev_to_ebitda']
2026-08-03 06:26:33,673 [INFO] src.cleaning: [NATIONALUM.NS] non-critical missing fields: ['return_on_equity']
2026-08-03 06:26:33,673 [INFO] src.cleaning: [NESTLEIND.NS] non-critical missing fields: ['return_on_equity']
2026-08-03 06:26:33,673 [INFO] src.cleaning: [NTPC.NS] non-critical missing fields: ['return_on_equity']
2026-08-03 06:26:33,673 [INFO] src.cleaning: [OBEROIRLTY.NS] non-critical missing fields: ['return_on_equity']
2026-08-03 06:26:33,673 [INFO] src.cleaning: [PFC.NS] non-critical missing fields: ['ev_to_ebitda']
2026-08-03 06:26:33,673 [INFO] src.cleaning: [PGHH.NS] non-critical missing fields: ['return_on_equity']
2026-08-03 06:26:33,673 [INFO] src.cleaning: [PHOENIXLTD.NS] non-critical missing fields: ['return_on_equity']
2026-08-03 06:26:33,673 [INFO] src.cleaning: [PNB.NS] non-critical missing fields: ['ev_to_ebitda', 'debt_to_equity']
2026-08-03 06:26:33,673 [INFO] src.cleaning: [POONAWALLA.NS] non-critical missing fields: ['ev_to_ebitda', 'return_on_equity']
2026-08-03 06:26:33,673 [INFO] src.cleaning: [PVRINOX.NS] non-critical missing fields: ['return_on_equity']
2026-08-03 06:26:33,673 [INFO] src.cleaning: [RBLBANK.NS] non-critical missing fields: ['ev_to_ebitda', 'return_on_equity', 'debt_to_equity']
2026-08-03 06:26:33,673 [INFO] src.cleaning: [RECLTD.NS] non-critical missing fields: ['ev_to_ebitda', 'return_on_equity']
2026-08-03 06:26:33,673 [INFO] src.cleaning: [RELIANCE.NS] non-critical missing fields: ['return_on_equity']
2026-08-03 06:26:33,673 [INFO] src.cleaning: [SAIL.NS] non-critical missing fields: ['return_on_equity']
2026-08-03 06:26:33,673 [INFO] src.cleaning: [SBICARD.NS] non-critical missing fields: ['ev_to_ebitda', 'return_on_equity']
2026-08-03 06:26:33,673 [INFO] src.cleaning: [SBILIFE.NS] non-critical missing fields: ['debt_to_equity']
2026-08-03 06:26:33,673 [INFO] src.cleaning: [SBIN.NS] non-critical missing fields: ['ev_to_ebitda', 'debt_to_equity']
2026-08-03 06:26:33,673 [INFO] src.cleaning: [SHREECEM.NS] non-critical missing fields: ['return_on_equity']
2026-08-03 06:26:33,673 [INFO] src.cleaning: [SHRIRAMFIN.NS] non-critical missing fields: ['ev_to_ebitda']
2026-08-03 06:26:33,673 [INFO] src.cleaning: [SIEMENS.NS] non-critical missing fields: ['return_on_equity']
2026-08-03 06:26:33,673 [INFO] src.cleaning: [SOBHA.NS] non-critical missing fields: ['return_on_equity']
2026-08-03 06:26:33,673 [INFO] src.cleaning: [SRF.NS] non-critical missing fields: ['return_on_equity']
2026-08-03 06:26:33,673 [INFO] src.cleaning: [SUNPHARMA.NS] non-critical missing fields: ['return_on_equity']
2026-08-03 06:26:33,673 [INFO] src.cleaning: [SUPREMEIND.NS] non-critical missing fields: ['return_on_equity']
2026-08-03 06:26:33,673 [INFO] src.cleaning: [TATACONSUM.NS] non-critical missing fields: ['return_on_equity']
2026-08-03 06:26:33,673 [INFO] src.cleaning: [TATAELXSI.NS] non-critical missing fields: ['return_on_equity']
2026-08-03 06:26:33,673 [INFO] src.cleaning: [TATAPOWER.NS] non-critical missing fields: ['return_on_equity']
2026-08-03 06:26:33,673 [INFO] src.cleaning: [TATASTEEL.NS] non-critical missing fields: ['return_on_equity']
2026-08-03 06:26:33,673 [INFO] src.cleaning: [TECHM.NS] non-critical missing fields: ['return_on_equity']
2026-08-03 06:26:33,673 [INFO] src.cleaning: [THERMAX.NS] non-critical missing fields: ['return_on_equity']
2026-08-03 06:26:33,673 [INFO] src.cleaning: [TORNTPHARM.NS] non-critical missing fields: ['return_on_equity']
2026-08-03 06:26:33,673 [INFO] src.cleaning: [TVSMOTOR.NS] non-critical missing fields: ['return_on_equity']
2026-08-03 06:26:33,673 [INFO] src.cleaning: [UCOBANK.NS] non-critical missing fields: ['ev_to_ebitda', 'debt_to_equity']
2026-08-03 06:26:33,673 [INFO] src.cleaning: [ULTRACEMCO.NS] non-critical missing fields: ['return_on_equity']
2026-08-03 06:26:33,674 [INFO] src.cleaning: [UNIONBANK.NS] non-critical missing fields: ['ev_to_ebitda', 'debt_to_equity', 'revenue_growth', 'total_debt']
2026-08-03 06:26:33,674 [INFO] src.cleaning: [UNITDSPR.NS] non-critical missing fields: ['return_on_equity']
2026-08-03 06:26:33,674 [INFO] src.cleaning: [VEDL.NS] non-critical missing fields: ['return_on_equity']
2026-08-03 06:26:33,674 [INFO] src.cleaning: [WELCORP.NS] non-critical missing fields: ['return_on_equity']
2026-08-03 06:26:33,682 [INFO] src.cleaning: Cleaned 196/201 tickers -> data/processed/cleaned_universe.csv
2026-08-03 06:26:33,682 [INFO] src.cleaning: Full flag audit trail -> data/processed/cleaning_flags.csv
2026-08-03 06:26:33,682 [INFO] __main__: Cleaning validation passed: 196/201 tickers retained (98%)
2026-08-03 06:26:33,682 [INFO] __main__: === Stage 3/8: Scoring ===
2026-08-03 06:26:33,725 [INFO] src.scoring: Scored 196 companies -> data/processed/scored_universe.csv
2026-08-03 06:26:33,725 [INFO] src.scoring: Top 10 shortlist -> data/processed/shortlist_top_n.csv
2026-08-03 06:26:33,725 [WARNING] src.scoring: 24 companies scored on fewer than all 4 buckets (reweighted, not zero-filled) — see 'buckets_used' column: ['UNIONBANK.NS', 'IOB.NS', 'BANKINDIA.NS', 'CANBK.NS', 'PNB.NS', 'IDEA.NS', 'ICICIGI.NS', 'GICRE.NS', 'FEDERALBNK.NS', 'UCOBANK.NS', 'BANKBARODA.NS', 'SBIN.NS', 'AXISBANK.NS', 'KOTAKBANK.NS', 'ICICIBANK.NS', 'CENTRALBK.NS', 'HDFCBANK.NS', 'SBILIFE.NS', 'GMRAIRPORT.NS', 'AUBANK.NS', 'BANDHANBNK.NS', 'IDFCFIRSTB.NS', 'RBLBANK.NS', 'INDUSINDBK.NS']
2026-08-03 06:26:33,726 [INFO] __main__: Scoring validation passed: 196 companies ranked, all scores in valid range
2026-08-03 06:26:33,726 [INFO] __main__: === Stage 4/8: Comps + DuPont ===
2026-08-03 06:26:33,734 [INFO] src.comps_dupont: Comps + DuPont report for top 10 -> data/processed/comps_dupont_report.csv
2026-08-03 06:26:33,735 [WARNING] src.comps_dupont: 1 companies have a DuPont-implied ROE that diverges >5pp from reported ROE (possible data inconsistency, worth a manual check): ['IOB.NS']
2026-08-03 06:26:33,735 [INFO] __main__: === Stage 5/8: Explainability ===
2026-08-03 06:26:33,759 [INFO] src.explainability: Explanations for top 10 companies -> data/processed/explanations.csv
2026-08-03 06:26:33,759 [INFO] __main__: === Stage 6/8: Baseline Comparison ===
2026-08-03 06:26:33,764 [INFO] src.baseline_comparison: Baseline comparison -> data/processed/baseline_comparison.csv
2026-08-03 06:26:33,764 [INFO] __main__: === Stage 7/8: Acquisition Likelihood ===
2026-08-03 06:26:33,767 [INFO] src.acquisition_likelihood: 2 companies excluded from acquisition-likelihood scoring (negative/zero equity — financial distress, not a value-target thesis): ['IDEA.NS', 'GMRAIRPORT.NS']
2026-08-03 06:26:33,774 [INFO] src.acquisition_likelihood: Acquisition likelihood scoring -> data/processed/acquisition_likelihood.csv
2026-08-03 06:26:33,775 [INFO] __main__: === Stage 8/8: Historical Snapshot ===
2026-08-03 06:26:33,778 [INFO] src.history_tracker: Recorded shortlist snapshot for 2026-08-03 (10 companies) -> data/history/shortlist_history.csv (1 distinct days tracked so far)
2026-08-03 06:26:33,781 [INFO] src.history_tracker: Recorded acquisition-likelihood snapshot for 2026-08-03 (10 companies) -> data/history/acquisition_likelihood_history.csv (1 distinct days tracked so far)
2026-08-03 06:26:33,781 [INFO] __main__: === Pipeline completed successfully ===
2026-08-03 06:26:33,781 [INFO] __main__:   ingestion: {'total': 201, 'ok': 200}
2026-08-03 06:26:33,781 [INFO] __main__:   cleaning: {'retained': 196, 'input': 201}
2026-08-03 06:26:33,781 [INFO] __main__:   scoring: {'ranked': 196}
2026-08-03 06:26:33,781 [INFO] __main__:   comps_dupont: {'companies': 10}
2026-08-03 06:26:33,781 [INFO] __main__:   explainability: {'companies': 10}
2026-08-03 06:26:33,781 [INFO] __main__:   baseline_comparison: {'correlation': np.float64(0.4537178557483126), 'overlap_pct': 0.1}
2026-08-03 06:26:33,781 [INFO] __main__:   acquisition_likelihood: {'companies': 10}
2026-08-03 06:26:33,781 [INFO] __main__:   history_tracker: {'recorded': True}
