2026-07-15 05:31:36,992 [INFO] __main__: Logging to file: logs/pipeline_run_2026-07-15T05-31-36Z.log
2026-07-15 05:31:36,992 [INFO] __main__: === Stage 1/8: Ingestion ===
2026-07-15 05:31:37,020 [INFO] src.ingestion: [ACC.NS] fetching fresh data
2026-07-15 05:31:38,468 [INFO] src.ingestion: [AMBUJACEM.NS] fetching fresh data
2026-07-15 05:31:39,557 [INFO] src.ingestion: [ULTRACEMCO.NS] fetching fresh data
2026-07-15 05:31:40,532 [INFO] src.ingestion: [SHREECEM.NS] fetching fresh data
2026-07-15 05:31:41,613 [INFO] src.ingestion: [JKCEMENT.NS] fetching fresh data
2026-07-15 05:31:42,688 [INFO] src.ingestion: [RAMCOCEM.NS] fetching fresh data
2026-07-15 05:31:43,728 [INFO] src.ingestion: [HEIDELBERG.NS] fetching fresh data
2026-07-15 05:31:44,848 [INFO] src.ingestion: [DALBHARAT.NS] fetching fresh data
2026-07-15 05:31:45,881 [INFO] src.ingestion: [INFY.NS] fetching fresh data
2026-07-15 05:31:46,935 [INFO] src.ingestion: [TCS.NS] fetching fresh data
2026-07-15 05:31:47,975 [INFO] src.ingestion: [WIPRO.NS] fetching fresh data
2026-07-15 05:31:49,037 [INFO] src.ingestion: [HCLTECH.NS] fetching fresh data
2026-07-15 05:31:50,116 [INFO] src.ingestion: [TECHM.NS] fetching fresh data
2026-07-15 05:31:51,236 [INFO] src.ingestion: [LTIM.NS] fetching fresh data
2026-07-15 05:31:51,444 [ERROR] yfinance: HTTP Error 404: {"quoteSummary":{"result":null,"error":{"code":"Not Found","description":"Quote not found for symbol: LTIM.NS"}}}
2026-07-15 05:31:51,566 [WARNING] src.ingestion: [LTIM.NS] attempt 1 failed: yfinance returned an empty info payload for LTIM.NS (no exception, but no usable data — likely a transient Yahoo-side issue or an invalid/delisted symbol)
2026-07-15 05:31:53,768 [ERROR] yfinance: HTTP Error 404: {"quoteSummary":{"result":null,"error":{"code":"Not Found","description":"Quote not found for symbol: LTIM.NS"}}}
2026-07-15 05:31:53,830 [WARNING] src.ingestion: [LTIM.NS] attempt 2 failed: yfinance returned an empty info payload for LTIM.NS (no exception, but no usable data — likely a transient Yahoo-side issue or an invalid/delisted symbol)
2026-07-15 05:31:58,032 [ERROR] yfinance: HTTP Error 404: {"quoteSummary":{"result":null,"error":{"code":"Not Found","description":"Quote not found for symbol: LTIM.NS"}}}
2026-07-15 05:31:58,095 [WARNING] src.ingestion: [LTIM.NS] attempt 3 failed: yfinance returned an empty info payload for LTIM.NS (no exception, but no usable data — likely a transient Yahoo-side issue or an invalid/delisted symbol)
2026-07-15 05:31:58,496 [INFO] src.ingestion: [PERSISTENT.NS] fetching fresh data
2026-07-15 05:31:59,557 [INFO] src.ingestion: [COFORGE.NS] fetching fresh data
2026-07-15 05:32:00,564 [INFO] src.ingestion: [MPHASIS.NS] fetching fresh data
2026-07-15 05:32:01,631 [INFO] src.ingestion: [LTTS.NS] fetching fresh data
2026-07-15 05:32:02,635 [INFO] src.ingestion: [TATAELXSI.NS] fetching fresh data
2026-07-15 05:32:03,649 [INFO] src.ingestion: [CYIENT.NS] fetching fresh data
2026-07-15 05:32:04,788 [INFO] src.ingestion: [KPITTECH.NS] fetching fresh data
2026-07-15 05:32:05,912 [INFO] src.ingestion: [HDFCBANK.NS] fetching fresh data
2026-07-15 05:32:06,885 [INFO] src.ingestion: [ICICIBANK.NS] fetching fresh data
2026-07-15 05:32:07,943 [INFO] src.ingestion: [SBIN.NS] fetching fresh data
2026-07-15 05:32:08,930 [INFO] src.ingestion: [AXISBANK.NS] fetching fresh data
2026-07-15 05:32:09,981 [INFO] src.ingestion: [KOTAKBANK.NS] fetching fresh data
2026-07-15 05:32:10,974 [INFO] src.ingestion: [INDUSINDBK.NS] fetching fresh data
2026-07-15 05:32:12,051 [INFO] src.ingestion: [FEDERALBNK.NS] fetching fresh data
2026-07-15 05:32:13,005 [INFO] src.ingestion: [BANDHANBNK.NS] fetching fresh data
2026-07-15 05:32:13,993 [INFO] src.ingestion: [IDFCFIRSTB.NS] fetching fresh data
2026-07-15 05:32:14,940 [INFO] src.ingestion: [PNB.NS] fetching fresh data
2026-07-15 05:32:15,887 [INFO] src.ingestion: [BANKBARODA.NS] fetching fresh data
2026-07-15 05:32:16,925 [INFO] src.ingestion: [CANBK.NS] fetching fresh data
2026-07-15 05:32:17,866 [INFO] src.ingestion: [UNIONBANK.NS] fetching fresh data
2026-07-15 05:32:18,783 [INFO] src.ingestion: [AUBANK.NS] fetching fresh data
2026-07-15 05:32:19,749 [INFO] src.ingestion: [RBLBANK.NS] fetching fresh data
2026-07-15 05:32:20,773 [INFO] src.ingestion: [BANKINDIA.NS] fetching fresh data
2026-07-15 05:32:21,676 [INFO] src.ingestion: [CENTRALBK.NS] fetching fresh data
2026-07-15 05:32:22,748 [INFO] src.ingestion: [IOB.NS] fetching fresh data
2026-07-15 05:32:23,750 [INFO] src.ingestion: [UCOBANK.NS] fetching fresh data
2026-07-15 05:32:24,726 [INFO] src.ingestion: [BAJFINANCE.NS] fetching fresh data
2026-07-15 05:32:25,698 [INFO] src.ingestion: [BAJAJFINSV.NS] fetching fresh data
2026-07-15 05:32:26,716 [INFO] src.ingestion: [CHOLAFIN.NS] fetching fresh data
2026-07-15 05:32:27,705 [INFO] src.ingestion: [MUTHOOTFIN.NS] fetching fresh data
2026-07-15 05:32:28,841 [INFO] src.ingestion: [LICHSGFIN.NS] fetching fresh data
2026-07-15 05:32:29,805 [INFO] src.ingestion: [SHRIRAMFIN.NS] fetching fresh data
2026-07-15 05:32:30,776 [INFO] src.ingestion: [PFC.NS] fetching fresh data
2026-07-15 05:32:31,792 [INFO] src.ingestion: [RECLTD.NS] fetching fresh data
2026-07-15 05:32:32,816 [INFO] src.ingestion: [IRFC.NS] fetching fresh data
2026-07-15 05:32:33,809 [INFO] src.ingestion: [HUDCO.NS] fetching fresh data
2026-07-15 05:32:34,852 [INFO] src.ingestion: [BAJAJHLDNG.NS] fetching fresh data
2026-07-15 05:32:35,773 [INFO] src.ingestion: [SBICARD.NS] fetching fresh data
2026-07-15 05:32:36,713 [INFO] src.ingestion: [MANAPPURAM.NS] fetching fresh data
2026-07-15 05:32:37,693 [INFO] src.ingestion: [POONAWALLA.NS] fetching fresh data
2026-07-15 05:32:38,661 [INFO] src.ingestion: [HDFCLIFE.NS] fetching fresh data
2026-07-15 05:32:39,639 [INFO] src.ingestion: [SBILIFE.NS] fetching fresh data
2026-07-15 05:32:40,586 [INFO] src.ingestion: [ICICIPRULI.NS] fetching fresh data
2026-07-15 05:32:41,664 [INFO] src.ingestion: [ICICIGI.NS] fetching fresh data
2026-07-15 05:32:42,661 [INFO] src.ingestion: [LICI.NS] fetching fresh data
2026-07-15 05:32:43,688 [INFO] src.ingestion: [GICRE.NS] fetching fresh data
2026-07-15 05:32:44,770 [INFO] src.ingestion: [MARUTI.NS] fetching fresh data
2026-07-15 05:32:45,758 [INFO] src.ingestion: [TMPV.NS] fetching fresh data
2026-07-15 05:32:46,855 [INFO] src.ingestion: [TMCV.NS] fetching fresh data
2026-07-15 05:32:47,797 [INFO] src.ingestion: [M&M.NS] fetching fresh data
2026-07-15 05:32:48,812 [INFO] src.ingestion: [EICHERMOT.NS] fetching fresh data
2026-07-15 05:32:49,943 [INFO] src.ingestion: [HEROMOTOCO.NS] fetching fresh data
2026-07-15 05:32:50,985 [INFO] src.ingestion: [BAJAJ-AUTO.NS] fetching fresh data
2026-07-15 05:32:52,002 [INFO] src.ingestion: [TVSMOTOR.NS] fetching fresh data
2026-07-15 05:32:53,061 [INFO] src.ingestion: [ASHOKLEY.NS] fetching fresh data
2026-07-15 05:32:54,102 [INFO] src.ingestion: [BHARATFORG.NS] fetching fresh data
2026-07-15 05:32:55,132 [INFO] src.ingestion: [MOTHERSON.NS] fetching fresh data
2026-07-15 05:32:56,196 [INFO] src.ingestion: [BOSCHLTD.NS] fetching fresh data
2026-07-15 05:32:57,265 [INFO] src.ingestion: [MRF.NS] fetching fresh data
2026-07-15 05:32:58,276 [INFO] src.ingestion: [ENDURANCE.NS] fetching fresh data
2026-07-15 05:32:59,351 [INFO] src.ingestion: [EXIDEIND.NS] fetching fresh data
2026-07-15 05:33:00,315 [INFO] src.ingestion: [ARE&M.NS] fetching fresh data
2026-07-15 05:33:01,330 [INFO] src.ingestion: [SUNDRMFAST.NS] fetching fresh data
2026-07-15 05:33:02,350 [INFO] src.ingestion: [UNOMINDA.NS] fetching fresh data
2026-07-15 05:33:03,404 [INFO] src.ingestion: [SUNPHARMA.NS] fetching fresh data
2026-07-15 05:33:04,589 [INFO] src.ingestion: [DRREDDY.NS] fetching fresh data
2026-07-15 05:33:05,580 [INFO] src.ingestion: [CIPLA.NS] fetching fresh data
2026-07-15 05:33:06,671 [INFO] src.ingestion: [DIVISLAB.NS] fetching fresh data
2026-07-15 05:33:07,670 [INFO] src.ingestion: [LUPIN.NS] fetching fresh data
2026-07-15 05:33:08,706 [INFO] src.ingestion: [AUROPHARMA.NS] fetching fresh data
2026-07-15 05:33:09,730 [INFO] src.ingestion: [BIOCON.NS] fetching fresh data
2026-07-15 05:33:10,726 [INFO] src.ingestion: [TORNTPHARM.NS] fetching fresh data
2026-07-15 05:33:11,699 [INFO] src.ingestion: [ALKEM.NS] fetching fresh data
2026-07-15 05:33:12,710 [INFO] src.ingestion: [ABBOTINDIA.NS] fetching fresh data
2026-07-15 05:33:13,673 [INFO] src.ingestion: [APOLLOHOSP.NS] fetching fresh data
2026-07-15 05:33:14,715 [INFO] src.ingestion: [FORTIS.NS] fetching fresh data
2026-07-15 05:33:15,737 [INFO] src.ingestion: [LALPATHLAB.NS] fetching fresh data
2026-07-15 05:33:16,812 [INFO] src.ingestion: [METROPOLIS.NS] fetching fresh data
2026-07-15 05:33:17,839 [INFO] src.ingestion: [GLAND.NS] fetching fresh data
2026-07-15 05:33:18,801 [INFO] src.ingestion: [LAURUSLABS.NS] fetching fresh data
2026-07-15 05:33:19,871 [INFO] src.ingestion: [GLENMARK.NS] fetching fresh data
2026-07-15 05:33:20,926 [INFO] src.ingestion: [IPCALAB.NS] fetching fresh data
2026-07-15 05:33:21,979 [INFO] src.ingestion: [HINDUNILVR.NS] fetching fresh data
2026-07-15 05:33:23,023 [INFO] src.ingestion: [ITC.NS] fetching fresh data
2026-07-15 05:33:24,034 [INFO] src.ingestion: [NESTLEIND.NS] fetching fresh data
2026-07-15 05:33:25,164 [INFO] src.ingestion: [BRITANNIA.NS] fetching fresh data
2026-07-15 05:33:26,238 [INFO] src.ingestion: [DABUR.NS] fetching fresh data
2026-07-15 05:33:27,310 [INFO] src.ingestion: [GODREJCP.NS] fetching fresh data
2026-07-15 05:33:28,404 [INFO] src.ingestion: [MARICO.NS] fetching fresh data
2026-07-15 05:33:29,479 [INFO] src.ingestion: [COLPAL.NS] fetching fresh data
2026-07-15 05:33:30,489 [INFO] src.ingestion: [TATACONSUM.NS] fetching fresh data
2026-07-15 05:33:31,505 [INFO] src.ingestion: [VBL.NS] fetching fresh data
2026-07-15 05:33:32,535 [INFO] src.ingestion: [UNITDSPR.NS] fetching fresh data
2026-07-15 05:33:33,530 [INFO] src.ingestion: [EMAMILTD.NS] fetching fresh data
2026-07-15 05:33:34,560 [INFO] src.ingestion: [TATASTEEL.NS] fetching fresh data
2026-07-15 05:33:35,617 [INFO] src.ingestion: [JSWSTEEL.NS] fetching fresh data
2026-07-15 05:33:36,665 [INFO] src.ingestion: [HINDALCO.NS] fetching fresh data
2026-07-15 05:33:37,685 [INFO] src.ingestion: [VEDL.NS] fetching fresh data
2026-07-15 05:33:38,689 [INFO] src.ingestion: [COALINDIA.NS] fetching fresh data
2026-07-15 05:33:39,715 [INFO] src.ingestion: [NMDC.NS] fetching fresh data
2026-07-15 05:33:40,878 [INFO] src.ingestion: [SAIL.NS] fetching fresh data
2026-07-15 05:33:41,909 [INFO] src.ingestion: [JINDALSTEL.NS] fetching fresh data
2026-07-15 05:33:42,925 [INFO] src.ingestion: [APLAPOLLO.NS] fetching fresh data
2026-07-15 05:33:43,922 [INFO] src.ingestion: [NATIONALUM.NS] fetching fresh data
2026-07-15 05:33:44,875 [INFO] src.ingestion: [HINDCOPPER.NS] fetching fresh data
2026-07-15 05:33:45,852 [INFO] src.ingestion: [RATNAMANI.NS] fetching fresh data
2026-07-15 05:33:46,822 [INFO] src.ingestion: [HINDZINC.NS] fetching fresh data
2026-07-15 05:33:47,777 [INFO] src.ingestion: [WELCORP.NS] fetching fresh data
2026-07-15 05:33:48,816 [INFO] src.ingestion: [JSL.NS] fetching fresh data
2026-07-15 05:33:49,790 [INFO] src.ingestion: [RELIANCE.NS] fetching fresh data
2026-07-15 05:33:50,728 [INFO] src.ingestion: [ONGC.NS] fetching fresh data
2026-07-15 05:33:51,732 [INFO] src.ingestion: [BPCL.NS] fetching fresh data
2026-07-15 05:33:52,793 [INFO] src.ingestion: [IOC.NS] fetching fresh data
2026-07-15 05:33:53,826 [INFO] src.ingestion: [GAIL.NS] fetching fresh data
2026-07-15 05:33:54,832 [INFO] src.ingestion: [NTPC.NS] fetching fresh data
2026-07-15 05:33:55,981 [INFO] src.ingestion: [POWERGRID.NS] fetching fresh data
2026-07-15 05:33:56,993 [INFO] src.ingestion: [TATAPOWER.NS] fetching fresh data
2026-07-15 05:33:58,050 [INFO] src.ingestion: [ADANIGREEN.NS] fetching fresh data
2026-07-15 05:33:59,087 [INFO] src.ingestion: [ADANIPOWER.NS] fetching fresh data
2026-07-15 05:34:00,257 [INFO] src.ingestion: [TORNTPOWER.NS] fetching fresh data
2026-07-15 05:34:01,252 [INFO] src.ingestion: [LT.NS] fetching fresh data
2026-07-15 05:34:02,289 [INFO] src.ingestion: [SIEMENS.NS] fetching fresh data
2026-07-15 05:34:03,330 [INFO] src.ingestion: [ABB.NS] fetching fresh data
2026-07-15 05:34:04,304 [INFO] src.ingestion: [HAL.NS] fetching fresh data
2026-07-15 05:34:05,336 [INFO] src.ingestion: [BEL.NS] fetching fresh data
2026-07-15 05:34:06,466 [INFO] src.ingestion: [BHEL.NS] fetching fresh data
2026-07-15 05:34:07,551 [INFO] src.ingestion: [CUMMINSIND.NS] fetching fresh data
2026-07-15 05:34:08,540 [INFO] src.ingestion: [THERMAX.NS] fetching fresh data
2026-07-15 05:34:09,642 [INFO] src.ingestion: [POLYCAB.NS] fetching fresh data
2026-07-15 05:34:10,640 [INFO] src.ingestion: [KEI.NS] fetching fresh data
2026-07-15 05:34:11,611 [INFO] src.ingestion: [HAVELLS.NS] fetching fresh data
2026-07-15 05:34:12,589 [INFO] src.ingestion: [CROMPTON.NS] fetching fresh data
2026-07-15 05:34:13,611 [INFO] src.ingestion: [SUPREMEIND.NS] fetching fresh data
2026-07-15 05:34:14,636 [INFO] src.ingestion: [ASTRAL.NS] fetching fresh data
2026-07-15 05:34:15,681 [INFO] src.ingestion: [GRINDWELL.NS] fetching fresh data
2026-07-15 05:34:16,623 [INFO] src.ingestion: [CARBORUNIV.NS] fetching fresh data
2026-07-15 05:34:17,716 [INFO] src.ingestion: [TIMKEN.NS] fetching fresh data
2026-07-15 05:34:18,728 [INFO] src.ingestion: [SKFINDIA.NS] fetching fresh data
2026-07-15 05:34:19,837 [INFO] src.ingestion: [SRF.NS] fetching fresh data
2026-07-15 05:34:20,847 [INFO] src.ingestion: [PIIND.NS] fetching fresh data
2026-07-15 05:34:21,803 [INFO] src.ingestion: [DEEPAKNTR.NS] fetching fresh data
2026-07-15 05:34:22,841 [INFO] src.ingestion: [AARTIIND.NS] fetching fresh data
2026-07-15 05:34:23,806 [INFO] src.ingestion: [NAVINFLUOR.NS] fetching fresh data
2026-07-15 05:34:24,853 [INFO] src.ingestion: [UPL.NS] fetching fresh data
2026-07-15 05:34:25,978 [INFO] src.ingestion: [COROMANDEL.NS] fetching fresh data
2026-07-15 05:34:26,936 [INFO] src.ingestion: [CHAMBLFERT.NS] fetching fresh data
2026-07-15 05:34:27,973 [INFO] src.ingestion: [GNFC.NS] fetching fresh data
2026-07-15 05:34:29,054 [INFO] src.ingestion: [PIDILITIND.NS] fetching fresh data
2026-07-15 05:34:30,096 [INFO] src.ingestion: [TATACHEM.NS] fetching fresh data
2026-07-15 05:34:31,135 [INFO] src.ingestion: [GHCL.NS] fetching fresh data
2026-07-15 05:34:32,120 [INFO] src.ingestion: [TITAN.NS] fetching fresh data
2026-07-15 05:34:33,200 [INFO] src.ingestion: [DMART.NS] fetching fresh data
2026-07-15 05:34:34,246 [INFO] src.ingestion: [TRENT.NS] fetching fresh data
2026-07-15 05:34:35,387 [INFO] src.ingestion: [BATAINDIA.NS] fetching fresh data
2026-07-15 05:34:36,365 [INFO] src.ingestion: [PAGEIND.NS] fetching fresh data
2026-07-15 05:34:37,388 [INFO] src.ingestion: [JUBLFOOD.NS] fetching fresh data
2026-07-15 05:34:38,435 [INFO] src.ingestion: [VOLTAS.NS] fetching fresh data
2026-07-15 05:34:39,382 [INFO] src.ingestion: [DIXON.NS] fetching fresh data
2026-07-15 05:34:40,387 [INFO] src.ingestion: [RELAXO.NS] fetching fresh data
2026-07-15 05:34:41,356 [INFO] src.ingestion: [KAJARIACER.NS] fetching fresh data
2026-07-15 05:34:42,365 [INFO] src.ingestion: [WHIRLPOOL.NS] fetching fresh data
2026-07-15 05:34:43,315 [INFO] src.ingestion: [BLUESTARCO.NS] fetching fresh data
2026-07-15 05:34:44,371 [INFO] src.ingestion: [PGHH.NS] fetching fresh data
2026-07-15 05:34:45,352 [INFO] src.ingestion: [GILLETTE.NS] fetching fresh data
2026-07-15 05:34:46,297 [INFO] src.ingestion: [BHARTIARTL.NS] fetching fresh data
2026-07-15 05:34:47,344 [INFO] src.ingestion: [IDEA.NS] fetching fresh data
2026-07-15 05:34:48,408 [INFO] src.ingestion: [INDUSTOWER.NS] fetching fresh data
2026-07-15 05:34:49,429 [INFO] src.ingestion: [PVRINOX.NS] fetching fresh data
2026-07-15 05:34:50,470 [INFO] src.ingestion: [ZEEL.NS] fetching fresh data
2026-07-15 05:34:51,496 [INFO] src.ingestion: [ADANIPORTS.NS] fetching fresh data
2026-07-15 05:34:52,623 [INFO] src.ingestion: [ADANIENT.NS] fetching fresh data
2026-07-15 05:34:53,612 [INFO] src.ingestion: [GMRAIRPORT.NS] fetching fresh data
2026-07-15 05:34:54,718 [INFO] src.ingestion: [CONCOR.NS] fetching fresh data
2026-07-15 05:34:55,692 [INFO] src.ingestion: [IRCTC.NS] fetching fresh data
2026-07-15 05:34:56,678 [INFO] src.ingestion: [INDIGO.NS] fetching fresh data
2026-07-15 05:34:57,668 [INFO] src.ingestion: [RVNL.NS] fetching fresh data
2026-07-15 05:34:58,611 [INFO] src.ingestion: [IRCON.NS] fetching fresh data
2026-07-15 05:34:59,671 [INFO] src.ingestion: [NBCC.NS] fetching fresh data
2026-07-15 05:35:00,679 [INFO] src.ingestion: [NCC.NS] fetching fresh data
2026-07-15 05:35:01,761 [INFO] src.ingestion: [MAZDOCK.NS] fetching fresh data
2026-07-15 05:35:02,778 [INFO] src.ingestion: [COCHINSHIP.NS] fetching fresh data
2026-07-15 05:35:03,997 [INFO] src.ingestion: [DLF.NS] fetching fresh data
2026-07-15 05:35:05,023 [INFO] src.ingestion: [GODREJPROP.NS] fetching fresh data
2026-07-15 05:35:06,052 [INFO] src.ingestion: [OBEROIRLTY.NS] fetching fresh data
2026-07-15 05:35:07,150 [INFO] src.ingestion: [PRESTIGE.NS] fetching fresh data
2026-07-15 05:35:08,181 [INFO] src.ingestion: [PHOENIXLTD.NS] fetching fresh data
2026-07-15 05:35:09,285 [INFO] src.ingestion: [SOBHA.NS] fetching fresh data
2026-07-15 05:35:10,362 [INFO] src.ingestion: Fetched 200/201 tickers successfully
2026-07-15 05:35:10,362 [WARNING] src.ingestion: Failed tickers (excluded from downstream, not silently zeroed): ['LTIM.NS']
2026-07-15 05:35:10,362 [INFO] __main__: Ingestion validation passed: 200/201 tickers (100%)
2026-07-15 05:35:10,362 [INFO] __main__: === Stage 2/8: Cleaning ===
2026-07-15 05:35:10,367 [WARNING] src.cleaning: [CROMPTON.NS] EXCLUDED: missing critical fields: ['trailing_pe']
2026-07-15 05:35:10,368 [WARNING] src.cleaning: [INDIGO.NS] EXCLUDED: missing critical fields: ['trailing_pe']
2026-07-15 05:35:10,368 [WARNING] src.cleaning: [LTIM.NS] EXCLUDED: ingestion failed: yfinance returned an empty info payload for LTIM.NS (no exception, but no usable data — likely a transient Yahoo-side issue or an invalid/delisted symbol)
2026-07-15 05:35:10,368 [WARNING] src.cleaning: [TATACHEM.NS] EXCLUDED: missing critical fields: ['trailing_pe']
2026-07-15 05:35:10,368 [WARNING] src.cleaning: [TMPV.NS] EXCLUDED: missing critical fields: ['trailing_pe']
2026-07-15 05:35:10,369 [INFO] src.cleaning: [ABB.NS] non-critical missing fields: ['return_on_equity']
2026-07-15 05:35:10,369 [INFO] src.cleaning: [AUBANK.NS] non-critical missing fields: ['ev_to_ebitda', 'return_on_equity', 'debt_to_equity']
2026-07-15 05:35:10,369 [INFO] src.cleaning: [AXISBANK.NS] non-critical missing fields: ['ev_to_ebitda', 'debt_to_equity']
2026-07-15 05:35:10,369 [WARNING] src.cleaning: [BAJAJHLDNG.NS] outlier values flagged: ['net_margin']
2026-07-15 05:35:10,369 [INFO] src.cleaning: [BAJFINANCE.NS] non-critical missing fields: ['ev_to_ebitda']
2026-07-15 05:35:10,369 [INFO] src.cleaning: [BANDHANBNK.NS] non-critical missing fields: ['ev_to_ebitda', 'debt_to_equity']
2026-07-15 05:35:10,369 [INFO] src.cleaning: [BANKBARODA.NS] non-critical missing fields: ['ev_to_ebitda', 'debt_to_equity']
2026-07-15 05:35:10,369 [INFO] src.cleaning: [BANKINDIA.NS] non-critical missing fields: ['ev_to_ebitda', 'debt_to_equity']
2026-07-15 05:35:10,369 [INFO] src.cleaning: [CANBK.NS] non-critical missing fields: ['ev_to_ebitda', 'debt_to_equity']
2026-07-15 05:35:10,369 [INFO] src.cleaning: [CENTRALBK.NS] non-critical missing fields: ['ev_to_ebitda', 'debt_to_equity']
2026-07-15 05:35:10,369 [INFO] src.cleaning: [CHOLAFIN.NS] non-critical missing fields: ['ev_to_ebitda']
2026-07-15 05:35:10,369 [INFO] src.cleaning: [DMART.NS] non-critical missing fields: ['return_on_equity']
2026-07-15 05:35:10,369 [INFO] src.cleaning: [FEDERALBNK.NS] non-critical missing fields: ['ev_to_ebitda', 'debt_to_equity']
2026-07-15 05:35:10,369 [INFO] src.cleaning: [GICRE.NS] non-critical missing fields: ['debt_to_equity']
2026-07-15 05:35:10,369 [WARNING] src.cleaning: [GMRAIRPORT.NS] outlier values flagged: ['trailing_pe']
2026-07-15 05:35:10,369 [WARNING] src.cleaning: [GMRAIRPORT.NS] negative/zero equity — DuPont ROE math will be invalid downstream
2026-07-15 05:35:10,369 [INFO] src.cleaning: [GMRAIRPORT.NS] non-critical missing fields: ['return_on_equity', 'debt_to_equity']
2026-07-15 05:35:10,369 [WARNING] src.cleaning: [HCLTECH.NS] outlier values flagged: ['ev_to_ebitda']
2026-07-15 05:35:10,369 [INFO] src.cleaning: [HDFCBANK.NS] non-critical missing fields: ['ev_to_ebitda', 'debt_to_equity']
2026-07-15 05:35:10,369 [INFO] src.cleaning: [HUDCO.NS] non-critical missing fields: ['ev_to_ebitda']
2026-07-15 05:35:10,369 [INFO] src.cleaning: [ICICIBANK.NS] non-critical missing fields: ['ev_to_ebitda', 'debt_to_equity']
2026-07-15 05:35:10,369 [WARNING] src.cleaning: [IDEA.NS] negative/zero equity — DuPont ROE math will be invalid downstream
2026-07-15 05:35:10,369 [INFO] src.cleaning: [IDEA.NS] non-critical missing fields: ['return_on_equity', 'debt_to_equity']
2026-07-15 05:35:10,369 [INFO] src.cleaning: [IDFCFIRSTB.NS] non-critical missing fields: ['ev_to_ebitda', 'return_on_equity', 'debt_to_equity', 'total_debt']
2026-07-15 05:35:10,369 [INFO] src.cleaning: [INDUSINDBK.NS] non-critical missing fields: ['ev_to_ebitda', 'debt_to_equity']
2026-07-15 05:35:10,369 [WARNING] src.cleaning: [INFY.NS] outlier values flagged: ['ev_to_ebitda']
2026-07-15 05:35:10,369 [INFO] src.cleaning: [IOB.NS] non-critical missing fields: ['ev_to_ebitda', 'debt_to_equity']
2026-07-15 05:35:10,369 [INFO] src.cleaning: [IRFC.NS] non-critical missing fields: ['ev_to_ebitda']
2026-07-15 05:35:10,369 [INFO] src.cleaning: [KOTAKBANK.NS] non-critical missing fields: ['ev_to_ebitda', 'debt_to_equity']
2026-07-15 05:35:10,369 [INFO] src.cleaning: [LICHSGFIN.NS] non-critical missing fields: ['ev_to_ebitda']
2026-07-15 05:35:10,369 [INFO] src.cleaning: [LICI.NS] non-critical missing fields: ['debt_to_equity']
2026-07-15 05:35:10,369 [INFO] src.cleaning: [MANAPPURAM.NS] non-critical missing fields: ['ev_to_ebitda']
2026-07-15 05:35:10,369 [INFO] src.cleaning: [MUTHOOTFIN.NS] non-critical missing fields: ['ev_to_ebitda']
2026-07-15 05:35:10,369 [INFO] src.cleaning: [PFC.NS] non-critical missing fields: ['ev_to_ebitda']
2026-07-15 05:35:10,369 [INFO] src.cleaning: [PNB.NS] non-critical missing fields: ['ev_to_ebitda', 'debt_to_equity']
2026-07-15 05:35:10,369 [INFO] src.cleaning: [POONAWALLA.NS] non-critical missing fields: ['ev_to_ebitda']
2026-07-15 05:35:10,369 [INFO] src.cleaning: [RBLBANK.NS] non-critical missing fields: ['ev_to_ebitda', 'return_on_equity', 'debt_to_equity']
2026-07-15 05:35:10,369 [INFO] src.cleaning: [RECLTD.NS] non-critical missing fields: ['ev_to_ebitda']
2026-07-15 05:35:10,370 [INFO] src.cleaning: [SBICARD.NS] non-critical missing fields: ['ev_to_ebitda']
2026-07-15 05:35:10,370 [INFO] src.cleaning: [SBILIFE.NS] non-critical missing fields: ['debt_to_equity']
2026-07-15 05:35:10,370 [INFO] src.cleaning: [SBIN.NS] non-critical missing fields: ['ev_to_ebitda', 'debt_to_equity']
2026-07-15 05:35:10,370 [INFO] src.cleaning: [SHREECEM.NS] non-critical missing fields: ['return_on_equity']
2026-07-15 05:35:10,370 [INFO] src.cleaning: [SHRIRAMFIN.NS] non-critical missing fields: ['ev_to_ebitda']
2026-07-15 05:35:10,370 [INFO] src.cleaning: [SIEMENS.NS] non-critical missing fields: ['return_on_equity']
2026-07-15 05:35:10,370 [INFO] src.cleaning: [UCOBANK.NS] non-critical missing fields: ['ev_to_ebitda', 'debt_to_equity']
2026-07-15 05:35:10,370 [INFO] src.cleaning: [UNIONBANK.NS] non-critical missing fields: ['ev_to_ebitda', 'debt_to_equity', 'revenue_growth', 'total_debt']
2026-07-15 05:35:10,370 [INFO] src.cleaning: [VBL.NS] non-critical missing fields: ['return_on_equity']
2026-07-15 05:35:10,379 [INFO] src.cleaning: Cleaned 196/201 tickers -> data/processed/cleaned_universe.csv
2026-07-15 05:35:10,379 [INFO] src.cleaning: Full flag audit trail -> data/processed/cleaning_flags.csv
2026-07-15 05:35:10,379 [INFO] __main__: Cleaning validation passed: 196/201 tickers retained (98%)
2026-07-15 05:35:10,379 [INFO] __main__: === Stage 3/8: Scoring ===
2026-07-15 05:35:10,431 [INFO] src.scoring: Scored 196 companies -> data/processed/scored_universe.csv
2026-07-15 05:35:10,431 [INFO] src.scoring: Top 10 shortlist -> data/processed/shortlist_top_n.csv
2026-07-15 05:35:10,432 [WARNING] src.scoring: 24 companies scored on fewer than all 4 buckets (reweighted, not zero-filled) — see 'buckets_used' column: ['LICI.NS', 'UNIONBANK.NS', 'CANBK.NS', 'BANKINDIA.NS', 'GICRE.NS', 'PNB.NS', 'IDEA.NS', 'IOB.NS', 'ICICIBANK.NS', 'BANKBARODA.NS', 'SBIN.NS', 'AXISBANK.NS', 'CENTRALBK.NS', 'FEDERALBNK.NS', 'HDFCBANK.NS', 'IDFCFIRSTB.NS', 'GMRAIRPORT.NS', 'UCOBANK.NS', 'BANDHANBNK.NS', 'RBLBANK.NS', 'AUBANK.NS', 'KOTAKBANK.NS', 'INDUSINDBK.NS', 'SBILIFE.NS']
2026-07-15 05:35:10,433 [INFO] __main__: Scoring validation passed: 196 companies ranked, all scores in valid range
2026-07-15 05:35:10,433 [INFO] __main__: === Stage 4/8: Comps + DuPont ===
2026-07-15 05:35:10,443 [INFO] src.comps_dupont: Comps + DuPont report for top 10 -> data/processed/comps_dupont_report.csv
2026-07-15 05:35:10,444 [WARNING] src.comps_dupont: 1 companies have a DuPont-implied ROE that diverges >5pp from reported ROE (possible data inconsistency, worth a manual check): ['LICI.NS']
2026-07-15 05:35:10,444 [INFO] __main__: === Stage 5/8: Explainability ===
2026-07-15 05:35:10,473 [INFO] src.explainability: Explanations for top 10 companies -> data/processed/explanations.csv
2026-07-15 05:35:10,473 [INFO] __main__: === Stage 6/8: Baseline Comparison ===
2026-07-15 05:35:10,480 [INFO] src.baseline_comparison: Baseline comparison -> data/processed/baseline_comparison.csv
2026-07-15 05:35:10,480 [INFO] __main__: === Stage 7/8: Acquisition Likelihood ===
2026-07-15 05:35:10,483 [INFO] src.acquisition_likelihood: 2 companies excluded from acquisition-likelihood scoring (negative/zero equity — financial distress, not a value-target thesis): ['IDEA.NS', 'GMRAIRPORT.NS']
2026-07-15 05:35:10,493 [INFO] src.acquisition_likelihood: Acquisition likelihood scoring -> data/processed/acquisition_likelihood.csv
2026-07-15 05:35:10,493 [INFO] __main__: === Stage 8/8: Historical Snapshot ===
2026-07-15 05:35:10,497 [INFO] src.history_tracker: Recorded shortlist snapshot for 2026-07-15 (10 companies) -> data/history/shortlist_history.csv (1 distinct days tracked so far)
2026-07-15 05:35:10,501 [INFO] src.history_tracker: Recorded acquisition-likelihood snapshot for 2026-07-15 (10 companies) -> data/history/acquisition_likelihood_history.csv (1 distinct days tracked so far)
2026-07-15 05:35:10,501 [INFO] __main__: === Pipeline completed successfully ===
2026-07-15 05:35:10,501 [INFO] __main__:   ingestion: {'total': 201, 'ok': 200}
2026-07-15 05:35:10,501 [INFO] __main__:   cleaning: {'retained': 196, 'input': 201}
2026-07-15 05:35:10,501 [INFO] __main__:   scoring: {'ranked': 196}
2026-07-15 05:35:10,501 [INFO] __main__:   comps_dupont: {'companies': 10}
2026-07-15 05:35:10,501 [INFO] __main__:   explainability: {'companies': 10}
2026-07-15 05:35:10,501 [INFO] __main__:   baseline_comparison: {'correlation': np.float64(0.481728278972659), 'overlap_pct': 0.0}
2026-07-15 05:35:10,501 [INFO] __main__:   acquisition_likelihood: {'companies': 10}
2026-07-15 05:35:10,501 [INFO] __main__:   history_tracker: {'recorded': True}
