2026-07-16 05:40:53,784 [INFO] __main__: Logging to file: logs/pipeline_run_2026-07-16T05-40-53Z.log
2026-07-16 05:40:53,785 [INFO] __main__: === Stage 1/8: Ingestion ===
2026-07-16 05:40:53,813 [INFO] src.ingestion: [ACC.NS] fetching fresh data
2026-07-16 05:40:55,356 [INFO] src.ingestion: [AMBUJACEM.NS] fetching fresh data
2026-07-16 05:40:56,391 [INFO] src.ingestion: [ULTRACEMCO.NS] fetching fresh data
2026-07-16 05:40:57,486 [INFO] src.ingestion: [SHREECEM.NS] fetching fresh data
2026-07-16 05:40:58,503 [INFO] src.ingestion: [JKCEMENT.NS] fetching fresh data
2026-07-16 05:40:59,595 [INFO] src.ingestion: [RAMCOCEM.NS] fetching fresh data
2026-07-16 05:41:00,919 [INFO] src.ingestion: [HEIDELBERG.NS] fetching fresh data
2026-07-16 05:41:02,010 [INFO] src.ingestion: [DALBHARAT.NS] fetching fresh data
2026-07-16 05:41:03,108 [INFO] src.ingestion: [INFY.NS] fetching fresh data
2026-07-16 05:41:04,243 [INFO] src.ingestion: [TCS.NS] fetching fresh data
2026-07-16 05:41:05,349 [INFO] src.ingestion: [WIPRO.NS] fetching fresh data
2026-07-16 05:41:06,538 [INFO] src.ingestion: [HCLTECH.NS] fetching fresh data
2026-07-16 05:41:07,849 [INFO] src.ingestion: [TECHM.NS] fetching fresh data
2026-07-16 05:41:08,876 [INFO] src.ingestion: [LTIM.NS] fetching fresh data
2026-07-16 05:41:09,159 [ERROR] yfinance: HTTP Error 404: {"quoteSummary":{"result":null,"error":{"code":"Not Found","description":"Quote not found for symbol: LTIM.NS"}}}
2026-07-16 05:41:09,242 [WARNING] src.ingestion: [LTIM.NS] attempt 1 failed: yfinance returned an empty info payload for LTIM.NS (no exception, but no usable data — likely a transient Yahoo-side issue or an invalid/delisted symbol)
2026-07-16 05:41:11,403 [ERROR] yfinance: HTTP Error 404: {"quoteSummary":{"result":null,"error":{"code":"Not Found","description":"Quote not found for symbol: LTIM.NS"}}}
2026-07-16 05:41:11,504 [WARNING] src.ingestion: [LTIM.NS] attempt 2 failed: yfinance returned an empty info payload for LTIM.NS (no exception, but no usable data — likely a transient Yahoo-side issue or an invalid/delisted symbol)
2026-07-16 05:41:15,753 [ERROR] yfinance: HTTP Error 404: {"quoteSummary":{"result":null,"error":{"code":"Not Found","description":"Quote not found for symbol: LTIM.NS"}}}
2026-07-16 05:41:15,796 [WARNING] src.ingestion: [LTIM.NS] attempt 3 failed: yfinance returned an empty info payload for LTIM.NS (no exception, but no usable data — likely a transient Yahoo-side issue or an invalid/delisted symbol)
2026-07-16 05:41:16,197 [INFO] src.ingestion: [PERSISTENT.NS] fetching fresh data
2026-07-16 05:41:17,221 [INFO] src.ingestion: [COFORGE.NS] fetching fresh data
2026-07-16 05:41:18,371 [INFO] src.ingestion: [MPHASIS.NS] fetching fresh data
2026-07-16 05:41:19,416 [INFO] src.ingestion: [LTTS.NS] fetching fresh data
2026-07-16 05:41:20,661 [INFO] src.ingestion: [TATAELXSI.NS] fetching fresh data
2026-07-16 05:41:21,799 [INFO] src.ingestion: [CYIENT.NS] fetching fresh data
2026-07-16 05:41:22,879 [INFO] src.ingestion: [KPITTECH.NS] fetching fresh data
2026-07-16 05:41:24,177 [INFO] src.ingestion: [HDFCBANK.NS] fetching fresh data
2026-07-16 05:41:25,441 [INFO] src.ingestion: [ICICIBANK.NS] fetching fresh data
2026-07-16 05:41:26,678 [INFO] src.ingestion: [SBIN.NS] fetching fresh data
2026-07-16 05:41:27,859 [INFO] src.ingestion: [AXISBANK.NS] fetching fresh data
2026-07-16 05:41:28,949 [INFO] src.ingestion: [KOTAKBANK.NS] fetching fresh data
2026-07-16 05:41:30,027 [INFO] src.ingestion: [INDUSINDBK.NS] fetching fresh data
2026-07-16 05:41:31,099 [INFO] src.ingestion: [FEDERALBNK.NS] fetching fresh data
2026-07-16 05:41:32,291 [INFO] src.ingestion: [BANDHANBNK.NS] fetching fresh data
2026-07-16 05:41:33,358 [INFO] src.ingestion: [IDFCFIRSTB.NS] fetching fresh data
2026-07-16 05:41:34,399 [INFO] src.ingestion: [PNB.NS] fetching fresh data
2026-07-16 05:41:35,453 [INFO] src.ingestion: [BANKBARODA.NS] fetching fresh data
2026-07-16 05:41:36,439 [INFO] src.ingestion: [CANBK.NS] fetching fresh data
2026-07-16 05:41:37,511 [INFO] src.ingestion: [UNIONBANK.NS] fetching fresh data
2026-07-16 05:41:38,727 [INFO] src.ingestion: [AUBANK.NS] fetching fresh data
2026-07-16 05:41:39,983 [INFO] src.ingestion: [RBLBANK.NS] fetching fresh data
2026-07-16 05:41:41,022 [INFO] src.ingestion: [BANKINDIA.NS] fetching fresh data
2026-07-16 05:41:42,085 [INFO] src.ingestion: [CENTRALBK.NS] fetching fresh data
2026-07-16 05:41:43,110 [INFO] src.ingestion: [IOB.NS] fetching fresh data
2026-07-16 05:41:44,455 [INFO] src.ingestion: [UCOBANK.NS] fetching fresh data
2026-07-16 05:41:45,494 [INFO] src.ingestion: [BAJFINANCE.NS] fetching fresh data
2026-07-16 05:41:46,624 [INFO] src.ingestion: [BAJAJFINSV.NS] fetching fresh data
2026-07-16 05:41:47,785 [INFO] src.ingestion: [CHOLAFIN.NS] fetching fresh data
2026-07-16 05:41:48,947 [INFO] src.ingestion: [MUTHOOTFIN.NS] fetching fresh data
2026-07-16 05:41:50,050 [INFO] src.ingestion: [LICHSGFIN.NS] fetching fresh data
2026-07-16 05:41:51,157 [INFO] src.ingestion: [SHRIRAMFIN.NS] fetching fresh data
2026-07-16 05:41:52,347 [INFO] src.ingestion: [PFC.NS] fetching fresh data
2026-07-16 05:41:53,657 [INFO] src.ingestion: [RECLTD.NS] fetching fresh data
2026-07-16 05:41:54,757 [INFO] src.ingestion: [IRFC.NS] fetching fresh data
2026-07-16 05:41:55,888 [INFO] src.ingestion: [HUDCO.NS] fetching fresh data
2026-07-16 05:41:57,037 [INFO] src.ingestion: [BAJAJHLDNG.NS] fetching fresh data
2026-07-16 05:41:58,199 [INFO] src.ingestion: [SBICARD.NS] fetching fresh data
2026-07-16 05:41:59,401 [INFO] src.ingestion: [MANAPPURAM.NS] fetching fresh data
2026-07-16 05:42:00,690 [INFO] src.ingestion: [POONAWALLA.NS] fetching fresh data
2026-07-16 05:42:01,999 [INFO] src.ingestion: [HDFCLIFE.NS] fetching fresh data
2026-07-16 05:42:03,153 [INFO] src.ingestion: [SBILIFE.NS] fetching fresh data
2026-07-16 05:42:04,238 [INFO] src.ingestion: [ICICIPRULI.NS] fetching fresh data
2026-07-16 05:42:05,347 [INFO] src.ingestion: [ICICIGI.NS] fetching fresh data
2026-07-16 05:42:06,567 [INFO] src.ingestion: [LICI.NS] fetching fresh data
2026-07-16 05:42:07,650 [INFO] src.ingestion: [GICRE.NS] fetching fresh data
2026-07-16 05:42:08,718 [INFO] src.ingestion: [MARUTI.NS] fetching fresh data
2026-07-16 05:42:09,793 [INFO] src.ingestion: [TMPV.NS] fetching fresh data
2026-07-16 05:42:10,955 [INFO] src.ingestion: [TMCV.NS] fetching fresh data
2026-07-16 05:42:12,277 [INFO] src.ingestion: [M&M.NS] fetching fresh data
2026-07-16 05:42:13,419 [INFO] src.ingestion: [EICHERMOT.NS] fetching fresh data
2026-07-16 05:42:14,501 [INFO] src.ingestion: [HEROMOTOCO.NS] fetching fresh data
2026-07-16 05:42:15,708 [INFO] src.ingestion: [BAJAJ-AUTO.NS] fetching fresh data
2026-07-16 05:42:16,956 [INFO] src.ingestion: [TVSMOTOR.NS] fetching fresh data
2026-07-16 05:42:18,074 [INFO] src.ingestion: [ASHOKLEY.NS] fetching fresh data
2026-07-16 05:42:19,255 [INFO] src.ingestion: [BHARATFORG.NS] fetching fresh data
2026-07-16 05:42:20,593 [INFO] src.ingestion: [MOTHERSON.NS] fetching fresh data
2026-07-16 05:42:21,787 [INFO] src.ingestion: [BOSCHLTD.NS] fetching fresh data
2026-07-16 05:42:23,172 [INFO] src.ingestion: [MRF.NS] fetching fresh data
2026-07-16 05:42:24,462 [INFO] src.ingestion: [ENDURANCE.NS] fetching fresh data
2026-07-16 05:42:25,647 [INFO] src.ingestion: [EXIDEIND.NS] fetching fresh data
2026-07-16 05:42:26,713 [INFO] src.ingestion: [ARE&M.NS] fetching fresh data
2026-07-16 05:42:27,829 [INFO] src.ingestion: [SUNDRMFAST.NS] fetching fresh data
2026-07-16 05:42:28,957 [INFO] src.ingestion: [UNOMINDA.NS] fetching fresh data
2026-07-16 05:42:30,076 [INFO] src.ingestion: [SUNPHARMA.NS] fetching fresh data
2026-07-16 05:42:31,207 [INFO] src.ingestion: [DRREDDY.NS] fetching fresh data
2026-07-16 05:42:32,291 [INFO] src.ingestion: [CIPLA.NS] fetching fresh data
2026-07-16 05:42:33,332 [INFO] src.ingestion: [DIVISLAB.NS] fetching fresh data
2026-07-16 05:42:34,504 [INFO] src.ingestion: [LUPIN.NS] fetching fresh data
2026-07-16 05:42:35,546 [INFO] src.ingestion: [AUROPHARMA.NS] fetching fresh data
2026-07-16 05:42:36,640 [INFO] src.ingestion: [BIOCON.NS] fetching fresh data
2026-07-16 05:42:37,820 [INFO] src.ingestion: [TORNTPHARM.NS] fetching fresh data
2026-07-16 05:42:39,052 [INFO] src.ingestion: [ALKEM.NS] fetching fresh data
2026-07-16 05:42:40,089 [INFO] src.ingestion: [ABBOTINDIA.NS] fetching fresh data
2026-07-16 05:42:41,295 [INFO] src.ingestion: [APOLLOHOSP.NS] fetching fresh data
2026-07-16 05:42:42,369 [INFO] src.ingestion: [FORTIS.NS] fetching fresh data
2026-07-16 05:42:43,530 [INFO] src.ingestion: [LALPATHLAB.NS] fetching fresh data
2026-07-16 05:42:44,657 [INFO] src.ingestion: [METROPOLIS.NS] fetching fresh data
2026-07-16 05:42:45,887 [INFO] src.ingestion: [GLAND.NS] fetching fresh data
2026-07-16 05:42:47,029 [INFO] src.ingestion: [LAURUSLABS.NS] fetching fresh data
2026-07-16 05:42:48,192 [INFO] src.ingestion: [GLENMARK.NS] fetching fresh data
2026-07-16 05:42:49,404 [INFO] src.ingestion: [IPCALAB.NS] fetching fresh data
2026-07-16 05:42:50,696 [INFO] src.ingestion: [HINDUNILVR.NS] fetching fresh data
2026-07-16 05:42:51,740 [INFO] src.ingestion: [ITC.NS] fetching fresh data
2026-07-16 05:42:52,915 [INFO] src.ingestion: [NESTLEIND.NS] fetching fresh data
2026-07-16 05:42:54,077 [INFO] src.ingestion: [BRITANNIA.NS] fetching fresh data
2026-07-16 05:42:55,350 [INFO] src.ingestion: [DABUR.NS] fetching fresh data
2026-07-16 05:42:56,438 [INFO] src.ingestion: [GODREJCP.NS] fetching fresh data
2026-07-16 05:42:57,547 [INFO] src.ingestion: [MARICO.NS] fetching fresh data
2026-07-16 05:42:58,681 [INFO] src.ingestion: [COLPAL.NS] fetching fresh data
2026-07-16 05:42:59,756 [INFO] src.ingestion: [TATACONSUM.NS] fetching fresh data
2026-07-16 05:43:00,887 [INFO] src.ingestion: [VBL.NS] fetching fresh data
2026-07-16 05:43:01,950 [INFO] src.ingestion: [UNITDSPR.NS] fetching fresh data
2026-07-16 05:43:03,081 [INFO] src.ingestion: [EMAMILTD.NS] fetching fresh data
2026-07-16 05:43:04,132 [INFO] src.ingestion: [TATASTEEL.NS] fetching fresh data
2026-07-16 05:43:05,399 [INFO] src.ingestion: [JSWSTEEL.NS] fetching fresh data
2026-07-16 05:43:06,396 [INFO] src.ingestion: [HINDALCO.NS] fetching fresh data
2026-07-16 05:43:07,640 [INFO] src.ingestion: [VEDL.NS] fetching fresh data
2026-07-16 05:43:08,691 [INFO] src.ingestion: [COALINDIA.NS] fetching fresh data
2026-07-16 05:43:09,833 [INFO] src.ingestion: [NMDC.NS] fetching fresh data
2026-07-16 05:43:10,946 [INFO] src.ingestion: [SAIL.NS] fetching fresh data
2026-07-16 05:43:12,062 [INFO] src.ingestion: [JINDALSTEL.NS] fetching fresh data
2026-07-16 05:43:13,290 [INFO] src.ingestion: [APLAPOLLO.NS] fetching fresh data
2026-07-16 05:43:14,567 [INFO] src.ingestion: [NATIONALUM.NS] fetching fresh data
2026-07-16 05:43:15,623 [INFO] src.ingestion: [HINDCOPPER.NS] fetching fresh data
2026-07-16 05:43:16,800 [INFO] src.ingestion: [RATNAMANI.NS] fetching fresh data
2026-07-16 05:43:17,934 [INFO] src.ingestion: [HINDZINC.NS] fetching fresh data
2026-07-16 05:43:19,063 [INFO] src.ingestion: [WELCORP.NS] fetching fresh data
2026-07-16 05:43:20,135 [INFO] src.ingestion: [JSL.NS] fetching fresh data
2026-07-16 05:43:21,334 [INFO] src.ingestion: [RELIANCE.NS] fetching fresh data
2026-07-16 05:43:22,484 [INFO] src.ingestion: [ONGC.NS] fetching fresh data
2026-07-16 05:43:23,520 [INFO] src.ingestion: [BPCL.NS] fetching fresh data
2026-07-16 05:43:24,532 [INFO] src.ingestion: [IOC.NS] fetching fresh data
2026-07-16 05:43:25,601 [INFO] src.ingestion: [GAIL.NS] fetching fresh data
2026-07-16 05:43:26,686 [INFO] src.ingestion: [NTPC.NS] fetching fresh data
2026-07-16 05:43:27,802 [INFO] src.ingestion: [POWERGRID.NS] fetching fresh data
2026-07-16 05:43:28,977 [INFO] src.ingestion: [TATAPOWER.NS] fetching fresh data
2026-07-16 05:43:29,987 [INFO] src.ingestion: [ADANIGREEN.NS] fetching fresh data
2026-07-16 05:43:31,117 [INFO] src.ingestion: [ADANIPOWER.NS] fetching fresh data
2026-07-16 05:43:32,120 [INFO] src.ingestion: [TORNTPOWER.NS] fetching fresh data
2026-07-16 05:43:33,228 [INFO] src.ingestion: [LT.NS] fetching fresh data
2026-07-16 05:43:34,592 [INFO] src.ingestion: [SIEMENS.NS] fetching fresh data
2026-07-16 05:43:35,877 [INFO] src.ingestion: [ABB.NS] fetching fresh data
2026-07-16 05:43:37,022 [INFO] src.ingestion: [HAL.NS] fetching fresh data
2026-07-16 05:43:38,110 [INFO] src.ingestion: [BEL.NS] fetching fresh data
2026-07-16 05:43:39,299 [INFO] src.ingestion: [BHEL.NS] fetching fresh data
2026-07-16 05:43:40,434 [INFO] src.ingestion: [CUMMINSIND.NS] fetching fresh data
2026-07-16 05:43:41,678 [INFO] src.ingestion: [THERMAX.NS] fetching fresh data
2026-07-16 05:43:42,791 [INFO] src.ingestion: [POLYCAB.NS] fetching fresh data
2026-07-16 05:43:43,939 [INFO] src.ingestion: [KEI.NS] fetching fresh data
2026-07-16 05:43:44,950 [INFO] src.ingestion: [HAVELLS.NS] fetching fresh data
2026-07-16 05:43:46,112 [INFO] src.ingestion: [CROMPTON.NS] fetching fresh data
2026-07-16 05:43:47,166 [INFO] src.ingestion: [SUPREMEIND.NS] fetching fresh data
2026-07-16 05:43:48,135 [INFO] src.ingestion: [ASTRAL.NS] fetching fresh data
2026-07-16 05:43:49,112 [INFO] src.ingestion: [GRINDWELL.NS] fetching fresh data
2026-07-16 05:43:50,314 [INFO] src.ingestion: [CARBORUNIV.NS] fetching fresh data
2026-07-16 05:43:51,539 [INFO] src.ingestion: [TIMKEN.NS] fetching fresh data
2026-07-16 05:43:52,546 [INFO] src.ingestion: [SKFINDIA.NS] fetching fresh data
2026-07-16 05:43:53,749 [INFO] src.ingestion: [SRF.NS] fetching fresh data
2026-07-16 05:43:54,826 [INFO] src.ingestion: [PIIND.NS] fetching fresh data
2026-07-16 05:43:55,859 [INFO] src.ingestion: [DEEPAKNTR.NS] fetching fresh data
2026-07-16 05:43:57,040 [INFO] src.ingestion: [AARTIIND.NS] fetching fresh data
2026-07-16 05:43:58,128 [INFO] src.ingestion: [NAVINFLUOR.NS] fetching fresh data
2026-07-16 05:43:59,262 [INFO] src.ingestion: [UPL.NS] fetching fresh data
2026-07-16 05:44:00,350 [INFO] src.ingestion: [COROMANDEL.NS] fetching fresh data
2026-07-16 05:44:01,470 [INFO] src.ingestion: [CHAMBLFERT.NS] fetching fresh data
2026-07-16 05:44:02,581 [INFO] src.ingestion: [GNFC.NS] fetching fresh data
2026-07-16 05:44:03,697 [INFO] src.ingestion: [PIDILITIND.NS] fetching fresh data
2026-07-16 05:44:04,919 [INFO] src.ingestion: [TATACHEM.NS] fetching fresh data
2026-07-16 05:44:05,969 [INFO] src.ingestion: [GHCL.NS] fetching fresh data
2026-07-16 05:44:07,094 [INFO] src.ingestion: [TITAN.NS] fetching fresh data
2026-07-16 05:44:08,292 [INFO] src.ingestion: [DMART.NS] fetching fresh data
2026-07-16 05:44:09,461 [INFO] src.ingestion: [TRENT.NS] fetching fresh data
2026-07-16 05:44:10,674 [INFO] src.ingestion: [BATAINDIA.NS] fetching fresh data
2026-07-16 05:44:11,800 [INFO] src.ingestion: [PAGEIND.NS] fetching fresh data
2026-07-16 05:44:12,895 [INFO] src.ingestion: [JUBLFOOD.NS] fetching fresh data
2026-07-16 05:44:14,107 [INFO] src.ingestion: [VOLTAS.NS] fetching fresh data
2026-07-16 05:44:15,090 [INFO] src.ingestion: [DIXON.NS] fetching fresh data
2026-07-16 05:44:16,243 [INFO] src.ingestion: [RELAXO.NS] fetching fresh data
2026-07-16 05:44:17,517 [INFO] src.ingestion: [KAJARIACER.NS] fetching fresh data
2026-07-16 05:44:18,737 [INFO] src.ingestion: [WHIRLPOOL.NS] fetching fresh data
2026-07-16 05:44:19,913 [INFO] src.ingestion: [BLUESTARCO.NS] fetching fresh data
2026-07-16 05:44:21,125 [INFO] src.ingestion: [PGHH.NS] fetching fresh data
2026-07-16 05:44:22,167 [INFO] src.ingestion: [GILLETTE.NS] fetching fresh data
2026-07-16 05:44:23,289 [INFO] src.ingestion: [BHARTIARTL.NS] fetching fresh data
2026-07-16 05:44:24,418 [INFO] src.ingestion: [IDEA.NS] fetching fresh data
2026-07-16 05:44:25,491 [INFO] src.ingestion: [INDUSTOWER.NS] fetching fresh data
2026-07-16 05:44:26,669 [INFO] src.ingestion: [PVRINOX.NS] fetching fresh data
2026-07-16 05:44:27,729 [INFO] src.ingestion: [ZEEL.NS] fetching fresh data
2026-07-16 05:44:28,797 [INFO] src.ingestion: [ADANIPORTS.NS] fetching fresh data
2026-07-16 05:44:29,949 [INFO] src.ingestion: [ADANIENT.NS] fetching fresh data
2026-07-16 05:44:30,938 [INFO] src.ingestion: [GMRAIRPORT.NS] fetching fresh data
2026-07-16 05:44:31,999 [INFO] src.ingestion: [CONCOR.NS] fetching fresh data
2026-07-16 05:44:33,155 [INFO] src.ingestion: [IRCTC.NS] fetching fresh data
2026-07-16 05:44:34,203 [INFO] src.ingestion: [INDIGO.NS] fetching fresh data
2026-07-16 05:44:35,308 [INFO] src.ingestion: [RVNL.NS] fetching fresh data
2026-07-16 05:44:36,418 [INFO] src.ingestion: [IRCON.NS] fetching fresh data
2026-07-16 05:44:37,494 [INFO] src.ingestion: [NBCC.NS] fetching fresh data
2026-07-16 05:44:38,615 [INFO] src.ingestion: [NCC.NS] fetching fresh data
2026-07-16 05:44:39,779 [INFO] src.ingestion: [MAZDOCK.NS] fetching fresh data
2026-07-16 05:44:40,896 [INFO] src.ingestion: [COCHINSHIP.NS] fetching fresh data
2026-07-16 05:44:42,073 [INFO] src.ingestion: [DLF.NS] fetching fresh data
2026-07-16 05:44:43,196 [INFO] src.ingestion: [GODREJPROP.NS] fetching fresh data
2026-07-16 05:44:44,199 [INFO] src.ingestion: [OBEROIRLTY.NS] fetching fresh data
2026-07-16 05:44:45,236 [INFO] src.ingestion: [PRESTIGE.NS] fetching fresh data
2026-07-16 05:44:46,368 [INFO] src.ingestion: [PHOENIXLTD.NS] fetching fresh data
2026-07-16 05:44:47,598 [INFO] src.ingestion: [SOBHA.NS] fetching fresh data
2026-07-16 05:44:48,732 [INFO] src.ingestion: Fetched 200/201 tickers successfully
2026-07-16 05:44:48,732 [WARNING] src.ingestion: Failed tickers (excluded from downstream, not silently zeroed): ['LTIM.NS']
2026-07-16 05:44:48,732 [INFO] __main__: Ingestion validation passed: 200/201 tickers (100%)
2026-07-16 05:44:48,732 [INFO] __main__: === Stage 2/8: Cleaning ===
2026-07-16 05:44:48,740 [WARNING] src.cleaning: [CROMPTON.NS] EXCLUDED: missing critical fields: ['trailing_pe']
2026-07-16 05:44:48,740 [WARNING] src.cleaning: [INDIGO.NS] EXCLUDED: missing critical fields: ['trailing_pe']
2026-07-16 05:44:48,740 [WARNING] src.cleaning: [LTIM.NS] EXCLUDED: ingestion failed: yfinance returned an empty info payload for LTIM.NS (no exception, but no usable data — likely a transient Yahoo-side issue or an invalid/delisted symbol)
2026-07-16 05:44:48,740 [WARNING] src.cleaning: [TATACHEM.NS] EXCLUDED: missing critical fields: ['trailing_pe']
2026-07-16 05:44:48,740 [WARNING] src.cleaning: [TMPV.NS] EXCLUDED: missing critical fields: ['trailing_pe']
2026-07-16 05:44:48,740 [INFO] src.cleaning: [ABB.NS] non-critical missing fields: ['return_on_equity']
2026-07-16 05:44:48,741 [INFO] src.cleaning: [AUBANK.NS] non-critical missing fields: ['ev_to_ebitda', 'return_on_equity', 'debt_to_equity']
2026-07-16 05:44:48,741 [INFO] src.cleaning: [AXISBANK.NS] non-critical missing fields: ['ev_to_ebitda', 'debt_to_equity']
2026-07-16 05:44:48,741 [WARNING] src.cleaning: [BAJAJHLDNG.NS] outlier values flagged: ['net_margin']
2026-07-16 05:44:48,741 [INFO] src.cleaning: [BAJFINANCE.NS] non-critical missing fields: ['ev_to_ebitda']
2026-07-16 05:44:48,741 [INFO] src.cleaning: [BANDHANBNK.NS] non-critical missing fields: ['ev_to_ebitda', 'debt_to_equity']
2026-07-16 05:44:48,741 [INFO] src.cleaning: [BANKBARODA.NS] non-critical missing fields: ['ev_to_ebitda', 'debt_to_equity']
2026-07-16 05:44:48,741 [INFO] src.cleaning: [BANKINDIA.NS] non-critical missing fields: ['ev_to_ebitda', 'debt_to_equity']
2026-07-16 05:44:48,741 [INFO] src.cleaning: [CANBK.NS] non-critical missing fields: ['ev_to_ebitda', 'debt_to_equity']
2026-07-16 05:44:48,741 [INFO] src.cleaning: [CENTRALBK.NS] non-critical missing fields: ['ev_to_ebitda', 'debt_to_equity']
2026-07-16 05:44:48,741 [INFO] src.cleaning: [CHOLAFIN.NS] non-critical missing fields: ['ev_to_ebitda']
2026-07-16 05:44:48,741 [INFO] src.cleaning: [DMART.NS] non-critical missing fields: ['return_on_equity']
2026-07-16 05:44:48,741 [INFO] src.cleaning: [FEDERALBNK.NS] non-critical missing fields: ['ev_to_ebitda', 'debt_to_equity']
2026-07-16 05:44:48,741 [INFO] src.cleaning: [GICRE.NS] non-critical missing fields: ['debt_to_equity']
2026-07-16 05:44:48,741 [WARNING] src.cleaning: [GMRAIRPORT.NS] outlier values flagged: ['trailing_pe']
2026-07-16 05:44:48,741 [WARNING] src.cleaning: [GMRAIRPORT.NS] negative/zero equity — DuPont ROE math will be invalid downstream
2026-07-16 05:44:48,741 [INFO] src.cleaning: [GMRAIRPORT.NS] non-critical missing fields: ['return_on_equity', 'debt_to_equity']
2026-07-16 05:44:48,741 [WARNING] src.cleaning: [HCLTECH.NS] outlier values flagged: ['ev_to_ebitda']
2026-07-16 05:44:48,741 [INFO] src.cleaning: [HDFCBANK.NS] non-critical missing fields: ['ev_to_ebitda', 'debt_to_equity']
2026-07-16 05:44:48,741 [INFO] src.cleaning: [HUDCO.NS] non-critical missing fields: ['ev_to_ebitda']
2026-07-16 05:44:48,741 [INFO] src.cleaning: [ICICIBANK.NS] non-critical missing fields: ['ev_to_ebitda', 'debt_to_equity']
2026-07-16 05:44:48,741 [WARNING] src.cleaning: [IDEA.NS] negative/zero equity — DuPont ROE math will be invalid downstream
2026-07-16 05:44:48,741 [INFO] src.cleaning: [IDEA.NS] non-critical missing fields: ['return_on_equity', 'debt_to_equity']
2026-07-16 05:44:48,741 [INFO] src.cleaning: [IDFCFIRSTB.NS] non-critical missing fields: ['ev_to_ebitda', 'return_on_equity', 'debt_to_equity', 'total_debt']
2026-07-16 05:44:48,741 [INFO] src.cleaning: [INDUSINDBK.NS] non-critical missing fields: ['ev_to_ebitda', 'debt_to_equity']
2026-07-16 05:44:48,741 [WARNING] src.cleaning: [INFY.NS] outlier values flagged: ['ev_to_ebitda']
2026-07-16 05:44:48,741 [INFO] src.cleaning: [IOB.NS] non-critical missing fields: ['ev_to_ebitda', 'debt_to_equity']
2026-07-16 05:44:48,741 [INFO] src.cleaning: [IRFC.NS] non-critical missing fields: ['ev_to_ebitda']
2026-07-16 05:44:48,741 [INFO] src.cleaning: [KOTAKBANK.NS] non-critical missing fields: ['ev_to_ebitda', 'debt_to_equity']
2026-07-16 05:44:48,741 [INFO] src.cleaning: [LICHSGFIN.NS] non-critical missing fields: ['ev_to_ebitda']
2026-07-16 05:44:48,741 [INFO] src.cleaning: [LICI.NS] non-critical missing fields: ['debt_to_equity']
2026-07-16 05:44:48,741 [INFO] src.cleaning: [MANAPPURAM.NS] non-critical missing fields: ['ev_to_ebitda']
2026-07-16 05:44:48,741 [INFO] src.cleaning: [MUTHOOTFIN.NS] non-critical missing fields: ['ev_to_ebitda']
2026-07-16 05:44:48,741 [INFO] src.cleaning: [PFC.NS] non-critical missing fields: ['ev_to_ebitda']
2026-07-16 05:44:48,741 [INFO] src.cleaning: [PNB.NS] non-critical missing fields: ['ev_to_ebitda', 'debt_to_equity']
2026-07-16 05:44:48,741 [INFO] src.cleaning: [POONAWALLA.NS] non-critical missing fields: ['ev_to_ebitda']
2026-07-16 05:44:48,741 [INFO] src.cleaning: [RBLBANK.NS] non-critical missing fields: ['ev_to_ebitda', 'return_on_equity', 'debt_to_equity']
2026-07-16 05:44:48,742 [INFO] src.cleaning: [RECLTD.NS] non-critical missing fields: ['ev_to_ebitda']
2026-07-16 05:44:48,742 [INFO] src.cleaning: [SBICARD.NS] non-critical missing fields: ['ev_to_ebitda']
2026-07-16 05:44:48,742 [INFO] src.cleaning: [SBILIFE.NS] non-critical missing fields: ['debt_to_equity']
2026-07-16 05:44:48,742 [INFO] src.cleaning: [SBIN.NS] non-critical missing fields: ['ev_to_ebitda', 'debt_to_equity']
2026-07-16 05:44:48,742 [INFO] src.cleaning: [SHREECEM.NS] non-critical missing fields: ['return_on_equity']
2026-07-16 05:44:48,742 [INFO] src.cleaning: [SHRIRAMFIN.NS] non-critical missing fields: ['ev_to_ebitda']
2026-07-16 05:44:48,742 [INFO] src.cleaning: [SIEMENS.NS] non-critical missing fields: ['return_on_equity']
2026-07-16 05:44:48,742 [INFO] src.cleaning: [UCOBANK.NS] non-critical missing fields: ['ev_to_ebitda', 'debt_to_equity']
2026-07-16 05:44:48,742 [INFO] src.cleaning: [UNIONBANK.NS] non-critical missing fields: ['ev_to_ebitda', 'debt_to_equity', 'revenue_growth', 'total_debt']
2026-07-16 05:44:48,742 [INFO] src.cleaning: [VBL.NS] non-critical missing fields: ['return_on_equity']
2026-07-16 05:44:48,750 [INFO] src.cleaning: Cleaned 196/201 tickers -> data/processed/cleaned_universe.csv
2026-07-16 05:44:48,751 [INFO] src.cleaning: Full flag audit trail -> data/processed/cleaning_flags.csv
2026-07-16 05:44:48,751 [INFO] __main__: Cleaning validation passed: 196/201 tickers retained (98%)
2026-07-16 05:44:48,751 [INFO] __main__: === Stage 3/8: Scoring ===
2026-07-16 05:44:48,804 [INFO] src.scoring: Scored 196 companies -> data/processed/scored_universe.csv
2026-07-16 05:44:48,804 [INFO] src.scoring: Top 10 shortlist -> data/processed/shortlist_top_n.csv
2026-07-16 05:44:48,805 [WARNING] src.scoring: 24 companies scored on fewer than all 4 buckets (reweighted, not zero-filled) — see 'buckets_used' column: ['LICI.NS', 'UNIONBANK.NS', 'CANBK.NS', 'PNB.NS', 'BANKINDIA.NS', 'GICRE.NS', 'IDEA.NS', 'IOB.NS', 'BANKBARODA.NS', 'ICICIBANK.NS', 'SBIN.NS', 'AXISBANK.NS', 'FEDERALBNK.NS', 'CENTRALBK.NS', 'HDFCBANK.NS', 'IDFCFIRSTB.NS', 'GMRAIRPORT.NS', 'UCOBANK.NS', 'BANDHANBNK.NS', 'RBLBANK.NS', 'AUBANK.NS', 'KOTAKBANK.NS', 'INDUSINDBK.NS', 'SBILIFE.NS']
2026-07-16 05:44:48,806 [INFO] __main__: Scoring validation passed: 196 companies ranked, all scores in valid range
2026-07-16 05:44:48,806 [INFO] __main__: === Stage 4/8: Comps + DuPont ===
2026-07-16 05:44:48,817 [INFO] src.comps_dupont: Comps + DuPont report for top 10 -> data/processed/comps_dupont_report.csv
2026-07-16 05:44:48,817 [WARNING] src.comps_dupont: 1 companies have a DuPont-implied ROE that diverges >5pp from reported ROE (possible data inconsistency, worth a manual check): ['LICI.NS']
2026-07-16 05:44:48,818 [INFO] __main__: === Stage 5/8: Explainability ===
2026-07-16 05:44:48,849 [INFO] src.explainability: Explanations for top 10 companies -> data/processed/explanations.csv
2026-07-16 05:44:48,849 [INFO] __main__: === Stage 6/8: Baseline Comparison ===
2026-07-16 05:44:48,856 [INFO] src.baseline_comparison: Baseline comparison -> data/processed/baseline_comparison.csv
2026-07-16 05:44:48,857 [INFO] __main__: === Stage 7/8: Acquisition Likelihood ===
2026-07-16 05:44:48,860 [INFO] src.acquisition_likelihood: 2 companies excluded from acquisition-likelihood scoring (negative/zero equity — financial distress, not a value-target thesis): ['IDEA.NS', 'GMRAIRPORT.NS']
2026-07-16 05:44:48,870 [INFO] src.acquisition_likelihood: Acquisition likelihood scoring -> data/processed/acquisition_likelihood.csv
2026-07-16 05:44:48,871 [INFO] __main__: === Stage 8/8: Historical Snapshot ===
2026-07-16 05:44:48,875 [INFO] src.history_tracker: Recorded shortlist snapshot for 2026-07-16 (10 companies) -> data/history/shortlist_history.csv (1 distinct days tracked so far)
2026-07-16 05:44:48,879 [INFO] src.history_tracker: Recorded acquisition-likelihood snapshot for 2026-07-16 (10 companies) -> data/history/acquisition_likelihood_history.csv (1 distinct days tracked so far)
2026-07-16 05:44:48,879 [INFO] __main__: === Pipeline completed successfully ===
2026-07-16 05:44:48,879 [INFO] __main__:   ingestion: {'total': 201, 'ok': 200}
2026-07-16 05:44:48,879 [INFO] __main__:   cleaning: {'retained': 196, 'input': 201}
2026-07-16 05:44:48,879 [INFO] __main__:   scoring: {'ranked': 196}
2026-07-16 05:44:48,879 [INFO] __main__:   comps_dupont: {'companies': 10}
2026-07-16 05:44:48,879 [INFO] __main__:   explainability: {'companies': 10}
2026-07-16 05:44:48,879 [INFO] __main__:   baseline_comparison: {'correlation': np.float64(0.47593175497453966), 'overlap_pct': 0.0}
2026-07-16 05:44:48,879 [INFO] __main__:   acquisition_likelihood: {'companies': 10}
2026-07-16 05:44:48,879 [INFO] __main__:   history_tracker: {'recorded': True}
