2026-07-31 06:14:08,888 [INFO] __main__: Logging to file: logs/pipeline_run_2026-07-31T06-14-08Z.log
2026-07-31 06:14:08,888 [INFO] __main__: === Stage 1/8: Ingestion ===
2026-07-31 06:14:08,920 [INFO] src.ingestion: [ACC.NS] fetching fresh data
2026-07-31 06:14:10,019 [INFO] src.ingestion: [AMBUJACEM.NS] fetching fresh data
2026-07-31 06:14:11,012 [INFO] src.ingestion: [ULTRACEMCO.NS] fetching fresh data
2026-07-31 06:14:11,867 [INFO] src.ingestion: [SHREECEM.NS] fetching fresh data
2026-07-31 06:14:12,823 [INFO] src.ingestion: [JKCEMENT.NS] fetching fresh data
2026-07-31 06:14:13,665 [INFO] src.ingestion: [RAMCOCEM.NS] fetching fresh data
2026-07-31 06:14:14,586 [INFO] src.ingestion: [HEIDELBERG.NS] fetching fresh data
2026-07-31 06:14:15,394 [INFO] src.ingestion: [DALBHARAT.NS] fetching fresh data
2026-07-31 06:14:16,307 [INFO] src.ingestion: [INFY.NS] fetching fresh data
2026-07-31 06:14:17,123 [INFO] src.ingestion: [TCS.NS] fetching fresh data
2026-07-31 06:14:18,041 [INFO] src.ingestion: [WIPRO.NS] fetching fresh data
2026-07-31 06:14:19,037 [INFO] src.ingestion: [HCLTECH.NS] fetching fresh data
2026-07-31 06:14:19,928 [INFO] src.ingestion: [TECHM.NS] fetching fresh data
2026-07-31 06:14:20,826 [INFO] src.ingestion: [LTIM.NS] fetching fresh data
2026-07-31 06:14:21,007 [ERROR] yfinance: HTTP Error 404: {"quoteSummary":{"result":null,"error":{"code":"Not Found","description":"Quote not found for symbol: LTIM.NS"}}}
2026-07-31 06:14:21,106 [WARNING] src.ingestion: [LTIM.NS] attempt 1 failed: yfinance returned an empty info payload for LTIM.NS (no exception, but no usable data — likely a transient Yahoo-side issue or an invalid/delisted symbol)
2026-07-31 06:14:23,249 [ERROR] yfinance: HTTP Error 404: {"quoteSummary":{"result":null,"error":{"code":"Not Found","description":"Quote not found for symbol: LTIM.NS"}}}
2026-07-31 06:14:23,299 [WARNING] src.ingestion: [LTIM.NS] attempt 2 failed: yfinance returned an empty info payload for LTIM.NS (no exception, but no usable data — likely a transient Yahoo-side issue or an invalid/delisted symbol)
2026-07-31 06:14:27,444 [ERROR] yfinance: HTTP Error 404: {"quoteSummary":{"result":null,"error":{"code":"Not Found","description":"Quote not found for symbol: LTIM.NS"}}}
2026-07-31 06:14:27,494 [WARNING] src.ingestion: [LTIM.NS] attempt 3 failed: yfinance returned an empty info payload for LTIM.NS (no exception, but no usable data — likely a transient Yahoo-side issue or an invalid/delisted symbol)
2026-07-31 06:14:27,895 [INFO] src.ingestion: [PERSISTENT.NS] fetching fresh data
2026-07-31 06:14:28,797 [INFO] src.ingestion: [COFORGE.NS] fetching fresh data
2026-07-31 06:14:29,617 [INFO] src.ingestion: [MPHASIS.NS] fetching fresh data
2026-07-31 06:14:30,538 [INFO] src.ingestion: [LTTS.NS] fetching fresh data
2026-07-31 06:14:31,340 [INFO] src.ingestion: [TATAELXSI.NS] fetching fresh data
2026-07-31 06:14:32,215 [INFO] src.ingestion: [CYIENT.NS] fetching fresh data
2026-07-31 06:14:33,147 [INFO] src.ingestion: [KPITTECH.NS] fetching fresh data
2026-07-31 06:14:34,103 [INFO] src.ingestion: [HDFCBANK.NS] fetching fresh data
2026-07-31 06:14:34,896 [INFO] src.ingestion: [ICICIBANK.NS] fetching fresh data
2026-07-31 06:14:35,824 [INFO] src.ingestion: [SBIN.NS] fetching fresh data
2026-07-31 06:14:36,687 [INFO] src.ingestion: [AXISBANK.NS] fetching fresh data
2026-07-31 06:14:37,506 [INFO] src.ingestion: [KOTAKBANK.NS] fetching fresh data
2026-07-31 06:14:38,425 [INFO] src.ingestion: [INDUSINDBK.NS] fetching fresh data
2026-07-31 06:14:39,280 [INFO] src.ingestion: [FEDERALBNK.NS] fetching fresh data
2026-07-31 06:14:40,220 [INFO] src.ingestion: [BANDHANBNK.NS] fetching fresh data
2026-07-31 06:14:41,020 [INFO] src.ingestion: [IDFCFIRSTB.NS] fetching fresh data
2026-07-31 06:14:41,830 [INFO] src.ingestion: [PNB.NS] fetching fresh data
2026-07-31 06:14:42,847 [INFO] src.ingestion: [BANKBARODA.NS] fetching fresh data
2026-07-31 06:14:43,696 [INFO] src.ingestion: [CANBK.NS] fetching fresh data
2026-07-31 06:14:44,626 [INFO] src.ingestion: [UNIONBANK.NS] fetching fresh data
2026-07-31 06:14:45,503 [INFO] src.ingestion: [AUBANK.NS] fetching fresh data
2026-07-31 06:14:46,394 [INFO] src.ingestion: [RBLBANK.NS] fetching fresh data
2026-07-31 06:14:47,325 [INFO] src.ingestion: [BANKINDIA.NS] fetching fresh data
2026-07-31 06:14:48,136 [INFO] src.ingestion: [CENTRALBK.NS] fetching fresh data
2026-07-31 06:14:49,079 [INFO] src.ingestion: [IOB.NS] fetching fresh data
2026-07-31 06:14:50,022 [INFO] src.ingestion: [UCOBANK.NS] fetching fresh data
2026-07-31 06:14:50,860 [INFO] src.ingestion: [BAJFINANCE.NS] fetching fresh data
2026-07-31 06:14:51,858 [INFO] src.ingestion: [BAJAJFINSV.NS] fetching fresh data
2026-07-31 06:14:52,646 [INFO] src.ingestion: [CHOLAFIN.NS] fetching fresh data
2026-07-31 06:14:53,441 [INFO] src.ingestion: [MUTHOOTFIN.NS] fetching fresh data
2026-07-31 06:14:54,321 [INFO] src.ingestion: [LICHSGFIN.NS] fetching fresh data
2026-07-31 06:14:55,181 [INFO] src.ingestion: [SHRIRAMFIN.NS] fetching fresh data
2026-07-31 06:14:56,038 [INFO] src.ingestion: [PFC.NS] fetching fresh data
2026-07-31 06:14:56,915 [INFO] src.ingestion: [RECLTD.NS] fetching fresh data
2026-07-31 06:14:57,806 [INFO] src.ingestion: [IRFC.NS] fetching fresh data
2026-07-31 06:14:58,689 [INFO] src.ingestion: [HUDCO.NS] fetching fresh data
2026-07-31 06:14:59,551 [INFO] src.ingestion: [BAJAJHLDNG.NS] fetching fresh data
2026-07-31 06:15:00,517 [INFO] src.ingestion: [SBICARD.NS] fetching fresh data
2026-07-31 06:15:01,582 [INFO] src.ingestion: [MANAPPURAM.NS] fetching fresh data
2026-07-31 06:15:02,444 [INFO] src.ingestion: [POONAWALLA.NS] fetching fresh data
2026-07-31 06:15:03,271 [INFO] src.ingestion: [HDFCLIFE.NS] fetching fresh data
2026-07-31 06:15:04,213 [INFO] src.ingestion: [SBILIFE.NS] fetching fresh data
2026-07-31 06:15:05,068 [INFO] src.ingestion: [ICICIPRULI.NS] fetching fresh data
2026-07-31 06:15:05,906 [INFO] src.ingestion: [ICICIGI.NS] fetching fresh data
2026-07-31 06:15:06,780 [INFO] src.ingestion: [LICI.NS] fetching fresh data
2026-07-31 06:15:07,738 [INFO] src.ingestion: [GICRE.NS] fetching fresh data
2026-07-31 06:15:08,627 [INFO] src.ingestion: [MARUTI.NS] fetching fresh data
2026-07-31 06:15:09,493 [INFO] src.ingestion: [TMPV.NS] fetching fresh data
2026-07-31 06:15:10,434 [INFO] src.ingestion: [TMCV.NS] fetching fresh data
2026-07-31 06:15:11,349 [INFO] src.ingestion: [M&M.NS] fetching fresh data
2026-07-31 06:15:12,315 [INFO] src.ingestion: [EICHERMOT.NS] fetching fresh data
2026-07-31 06:15:13,349 [INFO] src.ingestion: [HEROMOTOCO.NS] fetching fresh data
2026-07-31 06:15:14,357 [INFO] src.ingestion: [BAJAJ-AUTO.NS] fetching fresh data
2026-07-31 06:15:15,180 [INFO] src.ingestion: [TVSMOTOR.NS] fetching fresh data
2026-07-31 06:15:16,208 [INFO] src.ingestion: [ASHOKLEY.NS] fetching fresh data
2026-07-31 06:15:17,202 [INFO] src.ingestion: [BHARATFORG.NS] fetching fresh data
2026-07-31 06:15:18,119 [INFO] src.ingestion: [MOTHERSON.NS] fetching fresh data
2026-07-31 06:15:19,027 [INFO] src.ingestion: [BOSCHLTD.NS] fetching fresh data
2026-07-31 06:15:20,032 [INFO] src.ingestion: [MRF.NS] fetching fresh data
2026-07-31 06:15:20,916 [INFO] src.ingestion: [ENDURANCE.NS] fetching fresh data
2026-07-31 06:15:21,949 [INFO] src.ingestion: [EXIDEIND.NS] fetching fresh data
2026-07-31 06:15:22,925 [INFO] src.ingestion: [ARE&M.NS] fetching fresh data
2026-07-31 06:15:23,835 [INFO] src.ingestion: [SUNDRMFAST.NS] fetching fresh data
2026-07-31 06:15:24,873 [INFO] src.ingestion: [UNOMINDA.NS] fetching fresh data
2026-07-31 06:15:25,906 [INFO] src.ingestion: [SUNPHARMA.NS] fetching fresh data
2026-07-31 06:15:26,800 [INFO] src.ingestion: [DRREDDY.NS] fetching fresh data
2026-07-31 06:15:27,639 [INFO] src.ingestion: [CIPLA.NS] fetching fresh data
2026-07-31 06:15:28,604 [INFO] src.ingestion: [DIVISLAB.NS] fetching fresh data
2026-07-31 06:15:29,412 [INFO] src.ingestion: [LUPIN.NS] fetching fresh data
2026-07-31 06:15:30,252 [INFO] src.ingestion: [AUROPHARMA.NS] fetching fresh data
2026-07-31 06:15:31,135 [INFO] src.ingestion: [BIOCON.NS] fetching fresh data
2026-07-31 06:15:31,937 [INFO] src.ingestion: [TORNTPHARM.NS] fetching fresh data
2026-07-31 06:15:32,924 [INFO] src.ingestion: [ALKEM.NS] fetching fresh data
2026-07-31 06:15:33,867 [INFO] src.ingestion: [ABBOTINDIA.NS] fetching fresh data
2026-07-31 06:15:34,840 [INFO] src.ingestion: [APOLLOHOSP.NS] fetching fresh data
2026-07-31 06:15:35,700 [INFO] src.ingestion: [FORTIS.NS] fetching fresh data
2026-07-31 06:15:36,634 [INFO] src.ingestion: [LALPATHLAB.NS] fetching fresh data
2026-07-31 06:15:37,616 [INFO] src.ingestion: [METROPOLIS.NS] fetching fresh data
2026-07-31 06:15:38,533 [INFO] src.ingestion: [GLAND.NS] fetching fresh data
2026-07-31 06:15:39,494 [INFO] src.ingestion: [LAURUSLABS.NS] fetching fresh data
2026-07-31 06:15:40,370 [INFO] src.ingestion: [GLENMARK.NS] fetching fresh data
2026-07-31 06:15:41,347 [INFO] src.ingestion: [IPCALAB.NS] fetching fresh data
2026-07-31 06:15:42,270 [INFO] src.ingestion: [HINDUNILVR.NS] fetching fresh data
2026-07-31 06:15:43,157 [INFO] src.ingestion: [ITC.NS] fetching fresh data
2026-07-31 06:15:44,061 [INFO] src.ingestion: [NESTLEIND.NS] fetching fresh data
2026-07-31 06:15:44,983 [INFO] src.ingestion: [BRITANNIA.NS] fetching fresh data
2026-07-31 06:15:45,967 [INFO] src.ingestion: [DABUR.NS] fetching fresh data
2026-07-31 06:15:46,982 [INFO] src.ingestion: [GODREJCP.NS] fetching fresh data
2026-07-31 06:15:47,969 [INFO] src.ingestion: [MARICO.NS] fetching fresh data
2026-07-31 06:15:48,996 [INFO] src.ingestion: [COLPAL.NS] fetching fresh data
2026-07-31 06:15:49,927 [INFO] src.ingestion: [TATACONSUM.NS] fetching fresh data
2026-07-31 06:15:50,749 [INFO] src.ingestion: [VBL.NS] fetching fresh data
2026-07-31 06:15:51,670 [INFO] src.ingestion: [UNITDSPR.NS] fetching fresh data
2026-07-31 06:15:52,671 [INFO] src.ingestion: [EMAMILTD.NS] fetching fresh data
2026-07-31 06:15:53,655 [INFO] src.ingestion: [TATASTEEL.NS] fetching fresh data
2026-07-31 06:15:54,731 [INFO] src.ingestion: [JSWSTEEL.NS] fetching fresh data
2026-07-31 06:15:55,732 [INFO] src.ingestion: [HINDALCO.NS] fetching fresh data
2026-07-31 06:15:56,527 [INFO] src.ingestion: [VEDL.NS] fetching fresh data
2026-07-31 06:15:57,503 [INFO] src.ingestion: [COALINDIA.NS] fetching fresh data
2026-07-31 06:15:58,494 [INFO] src.ingestion: [NMDC.NS] fetching fresh data
2026-07-31 06:15:59,400 [INFO] src.ingestion: [SAIL.NS] fetching fresh data
2026-07-31 06:16:00,215 [INFO] src.ingestion: [JINDALSTEL.NS] fetching fresh data
2026-07-31 06:16:01,232 [INFO] src.ingestion: [APLAPOLLO.NS] fetching fresh data
2026-07-31 06:16:02,111 [INFO] src.ingestion: [NATIONALUM.NS] fetching fresh data
2026-07-31 06:16:02,974 [INFO] src.ingestion: [HINDCOPPER.NS] fetching fresh data
2026-07-31 06:16:03,883 [INFO] src.ingestion: [RATNAMANI.NS] fetching fresh data
2026-07-31 06:16:04,854 [INFO] src.ingestion: [HINDZINC.NS] fetching fresh data
2026-07-31 06:16:05,655 [INFO] src.ingestion: [WELCORP.NS] fetching fresh data
2026-07-31 06:16:06,570 [INFO] src.ingestion: [JSL.NS] fetching fresh data
2026-07-31 06:16:07,467 [INFO] src.ingestion: [RELIANCE.NS] fetching fresh data
2026-07-31 06:16:08,277 [INFO] src.ingestion: [ONGC.NS] fetching fresh data
2026-07-31 06:16:09,268 [INFO] src.ingestion: [BPCL.NS] fetching fresh data
2026-07-31 06:16:10,255 [INFO] src.ingestion: [IOC.NS] fetching fresh data
2026-07-31 06:16:11,145 [INFO] src.ingestion: [GAIL.NS] fetching fresh data
2026-07-31 06:16:12,178 [INFO] src.ingestion: [NTPC.NS] fetching fresh data
2026-07-31 06:16:13,077 [INFO] src.ingestion: [POWERGRID.NS] fetching fresh data
2026-07-31 06:16:13,954 [INFO] src.ingestion: [TATAPOWER.NS] fetching fresh data
2026-07-31 06:16:14,791 [INFO] src.ingestion: [ADANIGREEN.NS] fetching fresh data
2026-07-31 06:16:15,682 [INFO] src.ingestion: [ADANIPOWER.NS] fetching fresh data
2026-07-31 06:16:16,695 [INFO] src.ingestion: [TORNTPOWER.NS] fetching fresh data
2026-07-31 06:16:17,592 [INFO] src.ingestion: [LT.NS] fetching fresh data
2026-07-31 06:16:18,565 [INFO] src.ingestion: [SIEMENS.NS] fetching fresh data
2026-07-31 06:16:19,462 [INFO] src.ingestion: [ABB.NS] fetching fresh data
2026-07-31 06:16:20,392 [INFO] src.ingestion: [HAL.NS] fetching fresh data
2026-07-31 06:16:21,244 [INFO] src.ingestion: [BEL.NS] fetching fresh data
2026-07-31 06:16:22,056 [INFO] src.ingestion: [BHEL.NS] fetching fresh data
2026-07-31 06:16:22,928 [INFO] src.ingestion: [CUMMINSIND.NS] fetching fresh data
2026-07-31 06:16:23,846 [INFO] src.ingestion: [THERMAX.NS] fetching fresh data
2026-07-31 06:16:24,767 [INFO] src.ingestion: [POLYCAB.NS] fetching fresh data
2026-07-31 06:16:25,604 [INFO] src.ingestion: [KEI.NS] fetching fresh data
2026-07-31 06:16:26,523 [INFO] src.ingestion: [HAVELLS.NS] fetching fresh data
2026-07-31 06:16:27,462 [INFO] src.ingestion: [CROMPTON.NS] fetching fresh data
2026-07-31 06:16:28,368 [INFO] src.ingestion: [SUPREMEIND.NS] fetching fresh data
2026-07-31 06:16:29,180 [INFO] src.ingestion: [ASTRAL.NS] fetching fresh data
2026-07-31 06:16:30,149 [INFO] src.ingestion: [GRINDWELL.NS] fetching fresh data
2026-07-31 06:16:30,969 [INFO] src.ingestion: [CARBORUNIV.NS] fetching fresh data
2026-07-31 06:16:31,881 [INFO] src.ingestion: [TIMKEN.NS] fetching fresh data
2026-07-31 06:16:32,785 [INFO] src.ingestion: [SKFINDIA.NS] fetching fresh data
2026-07-31 06:16:33,676 [INFO] src.ingestion: [SRF.NS] fetching fresh data
2026-07-31 06:16:34,480 [INFO] src.ingestion: [PIIND.NS] fetching fresh data
2026-07-31 06:16:35,425 [INFO] src.ingestion: [DEEPAKNTR.NS] fetching fresh data
2026-07-31 06:16:36,468 [INFO] src.ingestion: [AARTIIND.NS] fetching fresh data
2026-07-31 06:16:37,338 [INFO] src.ingestion: [NAVINFLUOR.NS] fetching fresh data
2026-07-31 06:16:38,223 [INFO] src.ingestion: [UPL.NS] fetching fresh data
2026-07-31 06:16:39,122 [INFO] src.ingestion: [COROMANDEL.NS] fetching fresh data
2026-07-31 06:16:40,095 [INFO] src.ingestion: [CHAMBLFERT.NS] fetching fresh data
2026-07-31 06:16:40,984 [INFO] src.ingestion: [GNFC.NS] fetching fresh data
2026-07-31 06:16:41,897 [INFO] src.ingestion: [PIDILITIND.NS] fetching fresh data
2026-07-31 06:16:42,736 [INFO] src.ingestion: [TATACHEM.NS] fetching fresh data
2026-07-31 06:16:43,540 [INFO] src.ingestion: [GHCL.NS] fetching fresh data
2026-07-31 06:16:44,426 [INFO] src.ingestion: [TITAN.NS] fetching fresh data
2026-07-31 06:16:45,373 [INFO] src.ingestion: [DMART.NS] fetching fresh data
2026-07-31 06:16:46,183 [INFO] src.ingestion: [TRENT.NS] fetching fresh data
2026-07-31 06:16:47,187 [INFO] src.ingestion: [BATAINDIA.NS] fetching fresh data
2026-07-31 06:16:48,012 [INFO] src.ingestion: [PAGEIND.NS] fetching fresh data
2026-07-31 06:16:48,843 [INFO] src.ingestion: [JUBLFOOD.NS] fetching fresh data
2026-07-31 06:16:49,859 [INFO] src.ingestion: [VOLTAS.NS] fetching fresh data
2026-07-31 06:16:50,688 [INFO] src.ingestion: [DIXON.NS] fetching fresh data
2026-07-31 06:16:51,571 [INFO] src.ingestion: [RELAXO.NS] fetching fresh data
2026-07-31 06:16:52,543 [INFO] src.ingestion: [KAJARIACER.NS] fetching fresh data
2026-07-31 06:16:53,472 [INFO] src.ingestion: [WHIRLPOOL.NS] fetching fresh data
2026-07-31 06:16:54,470 [INFO] src.ingestion: [BLUESTARCO.NS] fetching fresh data
2026-07-31 06:16:55,479 [INFO] src.ingestion: [PGHH.NS] fetching fresh data
2026-07-31 06:16:56,406 [INFO] src.ingestion: [GILLETTE.NS] fetching fresh data
2026-07-31 06:16:57,208 [INFO] src.ingestion: [BHARTIARTL.NS] fetching fresh data
2026-07-31 06:16:58,131 [INFO] src.ingestion: [IDEA.NS] fetching fresh data
2026-07-31 06:16:59,123 [INFO] src.ingestion: [INDUSTOWER.NS] fetching fresh data
2026-07-31 06:17:00,102 [INFO] src.ingestion: [PVRINOX.NS] fetching fresh data
2026-07-31 06:17:00,920 [INFO] src.ingestion: [ZEEL.NS] fetching fresh data
2026-07-31 06:17:01,791 [INFO] src.ingestion: [ADANIPORTS.NS] fetching fresh data
2026-07-31 06:17:02,629 [INFO] src.ingestion: [ADANIENT.NS] fetching fresh data
2026-07-31 06:17:03,575 [INFO] src.ingestion: [GMRAIRPORT.NS] fetching fresh data
2026-07-31 06:17:04,502 [INFO] src.ingestion: [CONCOR.NS] fetching fresh data
2026-07-31 06:17:05,329 [INFO] src.ingestion: [IRCTC.NS] fetching fresh data
2026-07-31 06:17:06,154 [INFO] src.ingestion: [INDIGO.NS] fetching fresh data
2026-07-31 06:17:06,964 [INFO] src.ingestion: [RVNL.NS] fetching fresh data
2026-07-31 06:17:07,898 [INFO] src.ingestion: [IRCON.NS] fetching fresh data
2026-07-31 06:17:08,775 [INFO] src.ingestion: [NBCC.NS] fetching fresh data
2026-07-31 06:17:09,676 [INFO] src.ingestion: [NCC.NS] fetching fresh data
2026-07-31 06:17:10,553 [INFO] src.ingestion: [MAZDOCK.NS] fetching fresh data
2026-07-31 06:17:11,372 [INFO] src.ingestion: [COCHINSHIP.NS] fetching fresh data
2026-07-31 06:17:12,251 [INFO] src.ingestion: [DLF.NS] fetching fresh data
2026-07-31 06:17:13,236 [INFO] src.ingestion: [GODREJPROP.NS] fetching fresh data
2026-07-31 06:17:14,125 [INFO] src.ingestion: [OBEROIRLTY.NS] fetching fresh data
2026-07-31 06:17:15,021 [INFO] src.ingestion: [PRESTIGE.NS] fetching fresh data
2026-07-31 06:17:15,939 [INFO] src.ingestion: [PHOENIXLTD.NS] fetching fresh data
2026-07-31 06:17:16,918 [INFO] src.ingestion: [SOBHA.NS] fetching fresh data
2026-07-31 06:17:17,769 [INFO] src.ingestion: Fetched 200/201 tickers successfully
2026-07-31 06:17:17,769 [WARNING] src.ingestion: Failed tickers (excluded from downstream, not silently zeroed): ['LTIM.NS']
2026-07-31 06:17:17,769 [INFO] __main__: Ingestion validation passed: 200/201 tickers (100%)
2026-07-31 06:17:17,769 [INFO] __main__: === Stage 2/8: Cleaning ===
2026-07-31 06:17:17,776 [WARNING] src.cleaning: [ASHOKLEY.NS] EXCLUDED: missing critical fields: ['market_cap']
2026-07-31 06:17:17,777 [WARNING] src.cleaning: [BIOCON.NS] EXCLUDED: missing critical fields: ['market_cap']
2026-07-31 06:17:17,777 [WARNING] src.cleaning: [BOSCHLTD.NS] EXCLUDED: missing critical fields: ['market_cap']
2026-07-31 06:17:17,777 [WARNING] src.cleaning: [CROMPTON.NS] EXCLUDED: missing critical fields: ['trailing_pe']
2026-07-31 06:17:17,777 [WARNING] src.cleaning: [INDIGO.NS] EXCLUDED: missing critical fields: ['trailing_pe']
2026-07-31 06:17:17,777 [WARNING] src.cleaning: [IOC.NS] EXCLUDED: missing critical fields: ['market_cap']
2026-07-31 06:17:17,777 [WARNING] src.cleaning: [JUBLFOOD.NS] EXCLUDED: missing critical fields: ['market_cap']
2026-07-31 06:17:17,777 [WARNING] src.cleaning: [LTIM.NS] EXCLUDED: ingestion failed: yfinance returned an empty info payload for LTIM.NS (no exception, but no usable data — likely a transient Yahoo-side issue or an invalid/delisted symbol)
2026-07-31 06:17:17,778 [WARNING] src.cleaning: [RECLTD.NS] EXCLUDED: missing critical fields: ['market_cap']
2026-07-31 06:17:17,778 [WARNING] src.cleaning: [RELIANCE.NS] EXCLUDED: missing critical fields: ['market_cap']
2026-07-31 06:17:17,778 [WARNING] src.cleaning: [TATACHEM.NS] EXCLUDED: missing critical fields: ['trailing_pe']
2026-07-31 06:17:17,778 [WARNING] src.cleaning: [TCS.NS] EXCLUDED: missing critical fields: ['market_cap']
2026-07-31 06:17:17,778 [WARNING] src.cleaning: [TMPV.NS] EXCLUDED: missing critical fields: ['trailing_pe']
2026-07-31 06:17:17,778 [WARNING] src.cleaning: [TVSMOTOR.NS] EXCLUDED: missing critical fields: ['market_cap']
2026-07-31 06:17:17,778 [INFO] src.cleaning: [ABB.NS] non-critical missing fields: ['return_on_equity']
2026-07-31 06:17:17,778 [INFO] src.cleaning: [ACC.NS] non-critical missing fields: ['return_on_equity']
2026-07-31 06:17:17,778 [INFO] src.cleaning: [ADANIENT.NS] non-critical missing fields: ['return_on_equity']
2026-07-31 06:17:17,778 [INFO] src.cleaning: [ADANIGREEN.NS] non-critical missing fields: ['return_on_equity']
2026-07-31 06:17:17,778 [INFO] src.cleaning: [ADANIPORTS.NS] non-critical missing fields: ['ev_to_ebitda', 'return_on_equity', 'total_debt']
2026-07-31 06:17:17,778 [INFO] src.cleaning: [ADANIPOWER.NS] non-critical missing fields: ['return_on_equity']
2026-07-31 06:17:17,778 [INFO] src.cleaning: [AMBUJACEM.NS] non-critical missing fields: ['return_on_equity']
2026-07-31 06:17:17,778 [INFO] src.cleaning: [AUBANK.NS] non-critical missing fields: ['ev_to_ebitda', 'return_on_equity', 'debt_to_equity']
2026-07-31 06:17:17,778 [INFO] src.cleaning: [AXISBANK.NS] non-critical missing fields: ['ev_to_ebitda', 'debt_to_equity']
2026-07-31 06:17:17,778 [INFO] src.cleaning: [BAJAJ-AUTO.NS] non-critical missing fields: ['return_on_equity']
2026-07-31 06:17:17,778 [WARNING] src.cleaning: [BAJAJHLDNG.NS] outlier values flagged: ['net_margin']
2026-07-31 06:17:17,778 [INFO] src.cleaning: [BAJFINANCE.NS] non-critical missing fields: ['ev_to_ebitda']
2026-07-31 06:17:17,778 [INFO] src.cleaning: [BANDHANBNK.NS] non-critical missing fields: ['ev_to_ebitda', 'return_on_equity', 'debt_to_equity']
2026-07-31 06:17:17,779 [INFO] src.cleaning: [BANKBARODA.NS] non-critical missing fields: ['ev_to_ebitda', 'debt_to_equity']
2026-07-31 06:17:17,779 [INFO] src.cleaning: [BANKINDIA.NS] non-critical missing fields: ['ev_to_ebitda', 'debt_to_equity']
2026-07-31 06:17:17,779 [INFO] src.cleaning: [BEL.NS] non-critical missing fields: ['return_on_equity']
2026-07-31 06:17:17,779 [INFO] src.cleaning: [BHEL.NS] non-critical missing fields: ['return_on_equity']
2026-07-31 06:17:17,779 [INFO] src.cleaning: [BPCL.NS] non-critical missing fields: ['return_on_equity']
2026-07-31 06:17:17,779 [INFO] src.cleaning: [CANBK.NS] non-critical missing fields: ['ev_to_ebitda', 'return_on_equity', 'debt_to_equity']
2026-07-31 06:17:17,779 [INFO] src.cleaning: [CENTRALBK.NS] non-critical missing fields: ['ev_to_ebitda', 'debt_to_equity']
2026-07-31 06:17:17,779 [INFO] src.cleaning: [CHOLAFIN.NS] non-critical missing fields: ['ev_to_ebitda', 'return_on_equity']
2026-07-31 06:17:17,779 [INFO] src.cleaning: [CIPLA.NS] non-critical missing fields: ['return_on_equity']
2026-07-31 06:17:17,779 [INFO] src.cleaning: [COALINDIA.NS] non-critical missing fields: ['return_on_equity']
2026-07-31 06:17:17,779 [INFO] src.cleaning: [COFORGE.NS] non-critical missing fields: ['return_on_equity']
2026-07-31 06:17:17,779 [INFO] src.cleaning: [COLPAL.NS] non-critical missing fields: ['return_on_equity']
2026-07-31 06:17:17,779 [INFO] src.cleaning: [CONCOR.NS] non-critical missing fields: ['return_on_equity']
2026-07-31 06:17:17,779 [INFO] src.cleaning: [COROMANDEL.NS] non-critical missing fields: ['return_on_equity']
2026-07-31 06:17:17,779 [INFO] src.cleaning: [CYIENT.NS] non-critical missing fields: ['return_on_equity']
2026-07-31 06:17:17,779 [INFO] src.cleaning: [DABUR.NS] non-critical missing fields: ['return_on_equity']
2026-07-31 06:17:17,779 [INFO] src.cleaning: [DALBHARAT.NS] non-critical missing fields: ['return_on_equity']
2026-07-31 06:17:17,779 [INFO] src.cleaning: [DMART.NS] non-critical missing fields: ['return_on_equity']
2026-07-31 06:17:17,779 [INFO] src.cleaning: [EICHERMOT.NS] non-critical missing fields: ['ev_to_ebitda', 'return_on_equity', 'total_debt']
2026-07-31 06:17:17,779 [INFO] src.cleaning: [FEDERALBNK.NS] non-critical missing fields: ['ev_to_ebitda', 'return_on_equity', 'debt_to_equity']
2026-07-31 06:17:17,779 [INFO] src.cleaning: [GICRE.NS] non-critical missing fields: ['debt_to_equity']
2026-07-31 06:17:17,779 [WARNING] src.cleaning: [GMRAIRPORT.NS] outlier values flagged: ['trailing_pe']
2026-07-31 06:17:17,779 [WARNING] src.cleaning: [GMRAIRPORT.NS] negative/zero equity — DuPont ROE math will be invalid downstream
2026-07-31 06:17:17,779 [INFO] src.cleaning: [GMRAIRPORT.NS] non-critical missing fields: ['return_on_equity', 'debt_to_equity']
2026-07-31 06:17:17,779 [INFO] src.cleaning: [GRINDWELL.NS] non-critical missing fields: ['return_on_equity']
2026-07-31 06:17:17,779 [INFO] src.cleaning: [HAVELLS.NS] non-critical missing fields: ['return_on_equity']
2026-07-31 06:17:17,779 [WARNING] src.cleaning: [HCLTECH.NS] outlier values flagged: ['ev_to_ebitda']
2026-07-31 06:17:17,779 [INFO] src.cleaning: [HDFCBANK.NS] non-critical missing fields: ['ev_to_ebitda', 'debt_to_equity']
2026-07-31 06:17:17,779 [INFO] src.cleaning: [HEIDELBERG.NS] non-critical missing fields: ['return_on_equity']
2026-07-31 06:17:17,779 [INFO] src.cleaning: [HINDUNILVR.NS] non-critical missing fields: ['return_on_equity']
2026-07-31 06:17:17,779 [INFO] src.cleaning: [HINDZINC.NS] non-critical missing fields: ['return_on_equity']
2026-07-31 06:17:17,779 [INFO] src.cleaning: [HUDCO.NS] non-critical missing fields: ['ev_to_ebitda', 'return_on_equity']
2026-07-31 06:17:17,779 [INFO] src.cleaning: [ICICIBANK.NS] non-critical missing fields: ['ev_to_ebitda', 'debt_to_equity']
2026-07-31 06:17:17,780 [INFO] src.cleaning: [ICICIGI.NS] non-critical missing fields: ['debt_to_equity']
2026-07-31 06:17:17,780 [WARNING] src.cleaning: [IDEA.NS] negative/zero equity — DuPont ROE math will be invalid downstream
2026-07-31 06:17:17,780 [INFO] src.cleaning: [IDEA.NS] non-critical missing fields: ['return_on_equity', 'debt_to_equity']
2026-07-31 06:17:17,780 [INFO] src.cleaning: [IDFCFIRSTB.NS] non-critical missing fields: ['ev_to_ebitda', 'return_on_equity', 'debt_to_equity', 'total_debt']
2026-07-31 06:17:17,780 [INFO] src.cleaning: [INDUSINDBK.NS] non-critical missing fields: ['ev_to_ebitda', 'return_on_equity', 'debt_to_equity']
2026-07-31 06:17:17,780 [WARNING] src.cleaning: [INFY.NS] outlier values flagged: ['ev_to_ebitda']
2026-07-31 06:17:17,780 [INFO] src.cleaning: [IOB.NS] non-critical missing fields: ['ev_to_ebitda', 'debt_to_equity']
2026-07-31 06:17:17,780 [INFO] src.cleaning: [IRFC.NS] non-critical missing fields: ['ev_to_ebitda']
2026-07-31 06:17:17,780 [INFO] src.cleaning: [JINDALSTEL.NS] non-critical missing fields: ['return_on_equity']
2026-07-31 06:17:17,780 [INFO] src.cleaning: [JKCEMENT.NS] non-critical missing fields: ['return_on_equity']
2026-07-31 06:17:17,780 [INFO] src.cleaning: [JSWSTEEL.NS] non-critical missing fields: ['return_on_equity']
2026-07-31 06:17:17,780 [INFO] src.cleaning: [KOTAKBANK.NS] non-critical missing fields: ['ev_to_ebitda', 'return_on_equity', 'debt_to_equity']
2026-07-31 06:17:17,780 [INFO] src.cleaning: [KPITTECH.NS] non-critical missing fields: ['return_on_equity']
2026-07-31 06:17:17,780 [INFO] src.cleaning: [LALPATHLAB.NS] non-critical missing fields: ['return_on_equity']
2026-07-31 06:17:17,780 [INFO] src.cleaning: [LAURUSLABS.NS] non-critical missing fields: ['return_on_equity']
2026-07-31 06:17:17,780 [INFO] src.cleaning: [LICHSGFIN.NS] non-critical missing fields: ['ev_to_ebitda']
2026-07-31 06:17:17,780 [INFO] src.cleaning: [LTTS.NS] non-critical missing fields: ['return_on_equity']
2026-07-31 06:17:17,780 [INFO] src.cleaning: [LT.NS] non-critical missing fields: ['return_on_equity']
2026-07-31 06:17:17,780 [INFO] src.cleaning: [MANAPPURAM.NS] non-critical missing fields: ['ev_to_ebitda']
2026-07-31 06:17:17,780 [INFO] src.cleaning: [MUTHOOTFIN.NS] non-critical missing fields: ['ev_to_ebitda']
2026-07-31 06:17:17,780 [INFO] src.cleaning: [NESTLEIND.NS] non-critical missing fields: ['return_on_equity']
2026-07-31 06:17:17,780 [INFO] src.cleaning: [NTPC.NS] non-critical missing fields: ['return_on_equity']
2026-07-31 06:17:17,780 [INFO] src.cleaning: [OBEROIRLTY.NS] non-critical missing fields: ['return_on_equity']
2026-07-31 06:17:17,780 [INFO] src.cleaning: [PFC.NS] non-critical missing fields: ['ev_to_ebitda']
2026-07-31 06:17:17,780 [INFO] src.cleaning: [PGHH.NS] non-critical missing fields: ['return_on_equity']
2026-07-31 06:17:17,780 [INFO] src.cleaning: [PHOENIXLTD.NS] non-critical missing fields: ['return_on_equity']
2026-07-31 06:17:17,780 [INFO] src.cleaning: [PNB.NS] non-critical missing fields: ['ev_to_ebitda', 'debt_to_equity']
2026-07-31 06:17:17,780 [INFO] src.cleaning: [POONAWALLA.NS] non-critical missing fields: ['ev_to_ebitda', 'return_on_equity']
2026-07-31 06:17:17,780 [INFO] src.cleaning: [PVRINOX.NS] non-critical missing fields: ['return_on_equity']
2026-07-31 06:17:17,780 [INFO] src.cleaning: [RBLBANK.NS] non-critical missing fields: ['ev_to_ebitda', 'return_on_equity', 'debt_to_equity']
2026-07-31 06:17:17,780 [INFO] src.cleaning: [SAIL.NS] non-critical missing fields: ['return_on_equity']
2026-07-31 06:17:17,780 [INFO] src.cleaning: [SBICARD.NS] non-critical missing fields: ['ev_to_ebitda', 'return_on_equity']
2026-07-31 06:17:17,780 [INFO] src.cleaning: [SBILIFE.NS] non-critical missing fields: ['debt_to_equity']
2026-07-31 06:17:17,781 [INFO] src.cleaning: [SBIN.NS] non-critical missing fields: ['ev_to_ebitda', 'debt_to_equity']
2026-07-31 06:17:17,781 [INFO] src.cleaning: [SHREECEM.NS] non-critical missing fields: ['return_on_equity']
2026-07-31 06:17:17,781 [INFO] src.cleaning: [SHRIRAMFIN.NS] non-critical missing fields: ['ev_to_ebitda']
2026-07-31 06:17:17,781 [INFO] src.cleaning: [SIEMENS.NS] non-critical missing fields: ['return_on_equity']
2026-07-31 06:17:17,781 [INFO] src.cleaning: [SOBHA.NS] non-critical missing fields: ['return_on_equity']
2026-07-31 06:17:17,781 [INFO] src.cleaning: [SRF.NS] non-critical missing fields: ['return_on_equity']
2026-07-31 06:17:17,781 [INFO] src.cleaning: [SUPREMEIND.NS] non-critical missing fields: ['return_on_equity']
2026-07-31 06:17:17,781 [INFO] src.cleaning: [TATACONSUM.NS] non-critical missing fields: ['return_on_equity']
2026-07-31 06:17:17,781 [INFO] src.cleaning: [TATAELXSI.NS] non-critical missing fields: ['return_on_equity']
2026-07-31 06:17:17,781 [INFO] src.cleaning: [TATAPOWER.NS] non-critical missing fields: ['return_on_equity']
2026-07-31 06:17:17,781 [INFO] src.cleaning: [TECHM.NS] non-critical missing fields: ['return_on_equity']
2026-07-31 06:17:17,781 [INFO] src.cleaning: [UCOBANK.NS] non-critical missing fields: ['ev_to_ebitda', 'debt_to_equity']
2026-07-31 06:17:17,781 [INFO] src.cleaning: [ULTRACEMCO.NS] non-critical missing fields: ['return_on_equity']
2026-07-31 06:17:17,781 [INFO] src.cleaning: [UNIONBANK.NS] non-critical missing fields: ['ev_to_ebitda', 'debt_to_equity', 'revenue_growth', 'total_debt']
2026-07-31 06:17:17,781 [INFO] src.cleaning: [UNITDSPR.NS] non-critical missing fields: ['return_on_equity']
2026-07-31 06:17:17,781 [INFO] src.cleaning: [WELCORP.NS] non-critical missing fields: ['return_on_equity']
2026-07-31 06:17:17,791 [INFO] src.cleaning: Cleaned 187/201 tickers -> data/processed/cleaned_universe.csv
2026-07-31 06:17:17,792 [INFO] src.cleaning: Full flag audit trail -> data/processed/cleaning_flags.csv
2026-07-31 06:17:17,792 [INFO] __main__: Cleaning validation passed: 187/201 tickers retained (93%)
2026-07-31 06:17:17,792 [INFO] __main__: === Stage 3/8: Scoring ===
2026-07-31 06:17:17,848 [INFO] src.scoring: Scored 187 companies -> data/processed/scored_universe.csv
2026-07-31 06:17:17,848 [INFO] src.scoring: Top 10 shortlist -> data/processed/shortlist_top_n.csv
2026-07-31 06:17:17,849 [WARNING] src.scoring: 24 companies scored on fewer than all 4 buckets (reweighted, not zero-filled) — see 'buckets_used' column: ['UNIONBANK.NS', 'IOB.NS', 'BANKINDIA.NS', 'CANBK.NS', 'PNB.NS', 'IDEA.NS', 'ICICIGI.NS', 'GICRE.NS', 'FEDERALBNK.NS', 'UCOBANK.NS', 'BANKBARODA.NS', 'SBIN.NS', 'AXISBANK.NS', 'KOTAKBANK.NS', 'ICICIBANK.NS', 'CENTRALBK.NS', 'HDFCBANK.NS', 'SBILIFE.NS', 'GMRAIRPORT.NS', 'AUBANK.NS', 'BANDHANBNK.NS', 'IDFCFIRSTB.NS', 'RBLBANK.NS', 'INDUSINDBK.NS']
2026-07-31 06:17:17,850 [INFO] __main__: Scoring validation passed: 187 companies ranked, all scores in valid range
2026-07-31 06:17:17,850 [INFO] __main__: === Stage 4/8: Comps + DuPont ===
2026-07-31 06:17:17,861 [INFO] src.comps_dupont: Comps + DuPont report for top 10 -> data/processed/comps_dupont_report.csv
2026-07-31 06:17:17,862 [WARNING] src.comps_dupont: 2 companies have a DuPont-implied ROE that diverges >5pp from reported ROE (possible data inconsistency, worth a manual check): ['IOB.NS', 'GILLETTE.NS']
2026-07-31 06:17:17,862 [INFO] __main__: === Stage 5/8: Explainability ===
2026-07-31 06:17:17,896 [INFO] src.explainability: Explanations for top 10 companies -> data/processed/explanations.csv
2026-07-31 06:17:17,896 [INFO] __main__: === Stage 6/8: Baseline Comparison ===
2026-07-31 06:17:17,903 [INFO] src.baseline_comparison: Baseline comparison -> data/processed/baseline_comparison.csv
2026-07-31 06:17:17,903 [INFO] __main__: === Stage 7/8: Acquisition Likelihood ===
2026-07-31 06:17:17,907 [INFO] src.acquisition_likelihood: 2 companies excluded from acquisition-likelihood scoring (negative/zero equity — financial distress, not a value-target thesis): ['IDEA.NS', 'GMRAIRPORT.NS']
2026-07-31 06:17:17,917 [INFO] src.acquisition_likelihood: Acquisition likelihood scoring -> data/processed/acquisition_likelihood.csv
2026-07-31 06:17:17,917 [INFO] __main__: === Stage 8/8: Historical Snapshot ===
2026-07-31 06:17:17,922 [INFO] src.history_tracker: Recorded shortlist snapshot for 2026-07-31 (10 companies) -> data/history/shortlist_history.csv (1 distinct days tracked so far)
2026-07-31 06:17:17,925 [INFO] src.history_tracker: Recorded acquisition-likelihood snapshot for 2026-07-31 (10 companies) -> data/history/acquisition_likelihood_history.csv (1 distinct days tracked so far)
2026-07-31 06:17:17,926 [INFO] __main__: === Pipeline completed successfully ===
2026-07-31 06:17:17,926 [INFO] __main__:   ingestion: {'total': 201, 'ok': 200}
2026-07-31 06:17:17,926 [INFO] __main__:   cleaning: {'retained': 187, 'input': 201}
2026-07-31 06:17:17,926 [INFO] __main__:   scoring: {'ranked': 187}
2026-07-31 06:17:17,926 [INFO] __main__:   comps_dupont: {'companies': 10}
2026-07-31 06:17:17,926 [INFO] __main__:   explainability: {'companies': 10}
2026-07-31 06:17:17,926 [INFO] __main__:   baseline_comparison: {'correlation': np.float64(0.44108654880183806), 'overlap_pct': 0.1}
2026-07-31 06:17:17,926 [INFO] __main__:   acquisition_likelihood: {'companies': 10}
2026-07-31 06:17:17,926 [INFO] __main__:   history_tracker: {'recorded': True}
