2026-07-12 05:58:35,485 [INFO] __main__: Logging to file: logs/pipeline_run_2026-07-12T05-58-35Z.log
2026-07-12 05:58:35,485 [INFO] __main__: === Stage 1/8: Ingestion ===
2026-07-12 05:58:35,518 [INFO] src.ingestion: [ACC.NS] fetching fresh data
2026-07-12 05:58:36,679 [INFO] src.ingestion: [AMBUJACEM.NS] fetching fresh data
2026-07-12 05:58:37,544 [INFO] src.ingestion: [ULTRACEMCO.NS] fetching fresh data
2026-07-12 05:58:38,421 [INFO] src.ingestion: [SHREECEM.NS] fetching fresh data
2026-07-12 05:58:39,267 [INFO] src.ingestion: [JKCEMENT.NS] fetching fresh data
2026-07-12 05:58:40,159 [INFO] src.ingestion: [RAMCOCEM.NS] fetching fresh data
2026-07-12 05:58:41,076 [INFO] src.ingestion: [HEIDELBERG.NS] fetching fresh data
2026-07-12 05:58:42,006 [INFO] src.ingestion: [DALBHARAT.NS] fetching fresh data
2026-07-12 05:58:42,885 [INFO] src.ingestion: [INFY.NS] fetching fresh data
2026-07-12 05:58:43,769 [INFO] src.ingestion: [TCS.NS] fetching fresh data
2026-07-12 05:58:44,698 [INFO] src.ingestion: [WIPRO.NS] fetching fresh data
2026-07-12 05:58:45,569 [INFO] src.ingestion: [HCLTECH.NS] fetching fresh data
2026-07-12 05:58:46,500 [INFO] src.ingestion: [TECHM.NS] fetching fresh data
2026-07-12 05:58:47,411 [INFO] src.ingestion: [LTIM.NS] fetching fresh data
2026-07-12 05:58:47,541 [ERROR] yfinance: HTTP Error 404: {"quoteSummary":{"result":null,"error":{"code":"Not Found","description":"Quote not found for symbol: LTIM.NS"}}}
2026-07-12 05:58:47,619 [WARNING] src.ingestion: [LTIM.NS] attempt 1 failed: yfinance returned an empty info payload for LTIM.NS (no exception, but no usable data — likely a transient Yahoo-side issue or an invalid/delisted symbol)
2026-07-12 05:58:49,778 [ERROR] yfinance: HTTP Error 404: {"quoteSummary":{"result":null,"error":{"code":"Not Found","description":"Quote not found for symbol: LTIM.NS"}}}
2026-07-12 05:58:49,807 [WARNING] src.ingestion: [LTIM.NS] attempt 2 failed: yfinance returned an empty info payload for LTIM.NS (no exception, but no usable data — likely a transient Yahoo-side issue or an invalid/delisted symbol)
2026-07-12 05:58:53,940 [ERROR] yfinance: HTTP Error 404: {"quoteSummary":{"result":null,"error":{"code":"Not Found","description":"Quote not found for symbol: LTIM.NS"}}}
2026-07-12 05:58:53,969 [WARNING] src.ingestion: [LTIM.NS] attempt 3 failed: yfinance returned an empty info payload for LTIM.NS (no exception, but no usable data — likely a transient Yahoo-side issue or an invalid/delisted symbol)
2026-07-12 05:58:54,369 [INFO] src.ingestion: [PERSISTENT.NS] fetching fresh data
2026-07-12 05:58:55,284 [INFO] src.ingestion: [COFORGE.NS] fetching fresh data
2026-07-12 05:58:56,180 [INFO] src.ingestion: [MPHASIS.NS] fetching fresh data
2026-07-12 05:58:57,046 [INFO] src.ingestion: [LTTS.NS] fetching fresh data
2026-07-12 05:58:57,903 [INFO] src.ingestion: [TATAELXSI.NS] fetching fresh data
2026-07-12 05:58:58,775 [INFO] src.ingestion: [CYIENT.NS] fetching fresh data
2026-07-12 05:58:59,718 [INFO] src.ingestion: [KPITTECH.NS] fetching fresh data
2026-07-12 05:59:00,668 [INFO] src.ingestion: [HDFCBANK.NS] fetching fresh data
2026-07-12 05:59:01,525 [INFO] src.ingestion: [ICICIBANK.NS] fetching fresh data
2026-07-12 05:59:02,416 [INFO] src.ingestion: [SBIN.NS] fetching fresh data
2026-07-12 05:59:03,225 [INFO] src.ingestion: [AXISBANK.NS] fetching fresh data
2026-07-12 05:59:04,072 [INFO] src.ingestion: [KOTAKBANK.NS] fetching fresh data
2026-07-12 05:59:04,906 [INFO] src.ingestion: [INDUSINDBK.NS] fetching fresh data
2026-07-12 05:59:05,813 [INFO] src.ingestion: [FEDERALBNK.NS] fetching fresh data
2026-07-12 05:59:06,672 [INFO] src.ingestion: [BANDHANBNK.NS] fetching fresh data
2026-07-12 05:59:07,491 [INFO] src.ingestion: [IDFCFIRSTB.NS] fetching fresh data
2026-07-12 05:59:08,354 [INFO] src.ingestion: [PNB.NS] fetching fresh data
2026-07-12 05:59:09,233 [INFO] src.ingestion: [BANKBARODA.NS] fetching fresh data
2026-07-12 05:59:10,074 [INFO] src.ingestion: [CANBK.NS] fetching fresh data
2026-07-12 05:59:10,899 [INFO] src.ingestion: [UNIONBANK.NS] fetching fresh data
2026-07-12 05:59:11,730 [INFO] src.ingestion: [AUBANK.NS] fetching fresh data
2026-07-12 05:59:12,592 [INFO] src.ingestion: [RBLBANK.NS] fetching fresh data
2026-07-12 05:59:13,512 [INFO] src.ingestion: [BANKINDIA.NS] fetching fresh data
2026-07-12 05:59:14,334 [INFO] src.ingestion: [CENTRALBK.NS] fetching fresh data
2026-07-12 05:59:15,162 [INFO] src.ingestion: [IOB.NS] fetching fresh data
2026-07-12 05:59:15,967 [INFO] src.ingestion: [UCOBANK.NS] fetching fresh data
2026-07-12 05:59:16,779 [INFO] src.ingestion: [BAJFINANCE.NS] fetching fresh data
2026-07-12 05:59:17,632 [INFO] src.ingestion: [BAJAJFINSV.NS] fetching fresh data
2026-07-12 05:59:18,525 [INFO] src.ingestion: [CHOLAFIN.NS] fetching fresh data
2026-07-12 05:59:19,371 [INFO] src.ingestion: [MUTHOOTFIN.NS] fetching fresh data
2026-07-12 05:59:20,315 [INFO] src.ingestion: [LICHSGFIN.NS] fetching fresh data
2026-07-12 05:59:21,158 [INFO] src.ingestion: [SHRIRAMFIN.NS] fetching fresh data
2026-07-12 05:59:21,997 [INFO] src.ingestion: [PFC.NS] fetching fresh data
2026-07-12 05:59:22,898 [INFO] src.ingestion: [RECLTD.NS] fetching fresh data
2026-07-12 05:59:23,736 [INFO] src.ingestion: [IRFC.NS] fetching fresh data
2026-07-12 05:59:24,633 [INFO] src.ingestion: [HUDCO.NS] fetching fresh data
2026-07-12 05:59:25,543 [INFO] src.ingestion: [BAJAJHLDNG.NS] fetching fresh data
2026-07-12 05:59:26,426 [INFO] src.ingestion: [SBICARD.NS] fetching fresh data
2026-07-12 05:59:27,282 [INFO] src.ingestion: [MANAPPURAM.NS] fetching fresh data
2026-07-12 05:59:28,110 [INFO] src.ingestion: [POONAWALLA.NS] fetching fresh data
2026-07-12 05:59:29,018 [INFO] src.ingestion: [HDFCLIFE.NS] fetching fresh data
2026-07-12 05:59:29,867 [INFO] src.ingestion: [SBILIFE.NS] fetching fresh data
2026-07-12 05:59:30,698 [INFO] src.ingestion: [ICICIPRULI.NS] fetching fresh data
2026-07-12 05:59:31,571 [INFO] src.ingestion: [ICICIGI.NS] fetching fresh data
2026-07-12 05:59:32,414 [INFO] src.ingestion: [LICI.NS] fetching fresh data
2026-07-12 05:59:33,385 [INFO] src.ingestion: [GICRE.NS] fetching fresh data
2026-07-12 05:59:34,337 [INFO] src.ingestion: [MARUTI.NS] fetching fresh data
2026-07-12 05:59:35,234 [INFO] src.ingestion: [TMPV.NS] fetching fresh data
2026-07-12 05:59:36,155 [INFO] src.ingestion: [TMCV.NS] fetching fresh data
2026-07-12 05:59:37,014 [INFO] src.ingestion: [M&M.NS] fetching fresh data
2026-07-12 05:59:38,031 [INFO] src.ingestion: [EICHERMOT.NS] fetching fresh data
2026-07-12 05:59:38,924 [INFO] src.ingestion: [HEROMOTOCO.NS] fetching fresh data
2026-07-12 05:59:39,879 [INFO] src.ingestion: [BAJAJ-AUTO.NS] fetching fresh data
2026-07-12 05:59:40,739 [INFO] src.ingestion: [TVSMOTOR.NS] fetching fresh data
2026-07-12 05:59:41,655 [INFO] src.ingestion: [ASHOKLEY.NS] fetching fresh data
2026-07-12 05:59:42,588 [INFO] src.ingestion: [BHARATFORG.NS] fetching fresh data
2026-07-12 05:59:43,503 [INFO] src.ingestion: [MOTHERSON.NS] fetching fresh data
2026-07-12 05:59:44,371 [INFO] src.ingestion: [BOSCHLTD.NS] fetching fresh data
2026-07-12 05:59:45,377 [INFO] src.ingestion: [MRF.NS] fetching fresh data
2026-07-12 05:59:46,300 [INFO] src.ingestion: [ENDURANCE.NS] fetching fresh data
2026-07-12 05:59:47,181 [INFO] src.ingestion: [EXIDEIND.NS] fetching fresh data
2026-07-12 05:59:48,060 [INFO] src.ingestion: [ARE&M.NS] fetching fresh data
2026-07-12 05:59:48,938 [INFO] src.ingestion: [SUNDRMFAST.NS] fetching fresh data
2026-07-12 05:59:49,855 [INFO] src.ingestion: [UNOMINDA.NS] fetching fresh data
2026-07-12 05:59:50,781 [INFO] src.ingestion: [SUNPHARMA.NS] fetching fresh data
2026-07-12 05:59:51,639 [INFO] src.ingestion: [DRREDDY.NS] fetching fresh data
2026-07-12 05:59:52,528 [INFO] src.ingestion: [CIPLA.NS] fetching fresh data
2026-07-12 05:59:53,408 [INFO] src.ingestion: [DIVISLAB.NS] fetching fresh data
2026-07-12 05:59:54,294 [INFO] src.ingestion: [LUPIN.NS] fetching fresh data
2026-07-12 05:59:55,211 [INFO] src.ingestion: [AUROPHARMA.NS] fetching fresh data
2026-07-12 05:59:56,128 [INFO] src.ingestion: [BIOCON.NS] fetching fresh data
2026-07-12 05:59:57,024 [INFO] src.ingestion: [TORNTPHARM.NS] fetching fresh data
2026-07-12 05:59:57,913 [INFO] src.ingestion: [ALKEM.NS] fetching fresh data
2026-07-12 05:59:58,774 [INFO] src.ingestion: [ABBOTINDIA.NS] fetching fresh data
2026-07-12 05:59:59,695 [INFO] src.ingestion: [APOLLOHOSP.NS] fetching fresh data
2026-07-12 06:00:00,736 [INFO] src.ingestion: [FORTIS.NS] fetching fresh data
2026-07-12 06:00:01,691 [INFO] src.ingestion: [LALPATHLAB.NS] fetching fresh data
2026-07-12 06:00:02,596 [INFO] src.ingestion: [METROPOLIS.NS] fetching fresh data
2026-07-12 06:00:03,588 [INFO] src.ingestion: [GLAND.NS] fetching fresh data
2026-07-12 06:00:04,476 [INFO] src.ingestion: [LAURUSLABS.NS] fetching fresh data
2026-07-12 06:00:05,506 [INFO] src.ingestion: [GLENMARK.NS] fetching fresh data
2026-07-12 06:00:06,378 [INFO] src.ingestion: [IPCALAB.NS] fetching fresh data
2026-07-12 06:00:07,258 [INFO] src.ingestion: [HINDUNILVR.NS] fetching fresh data
2026-07-12 06:00:08,183 [INFO] src.ingestion: [ITC.NS] fetching fresh data
2026-07-12 06:00:09,180 [INFO] src.ingestion: [NESTLEIND.NS] fetching fresh data
2026-07-12 06:00:10,054 [INFO] src.ingestion: [BRITANNIA.NS] fetching fresh data
2026-07-12 06:00:10,916 [INFO] src.ingestion: [DABUR.NS] fetching fresh data
2026-07-12 06:00:11,824 [INFO] src.ingestion: [GODREJCP.NS] fetching fresh data
2026-07-12 06:00:12,720 [INFO] src.ingestion: [MARICO.NS] fetching fresh data
2026-07-12 06:00:13,684 [INFO] src.ingestion: [COLPAL.NS] fetching fresh data
2026-07-12 06:00:14,610 [INFO] src.ingestion: [TATACONSUM.NS] fetching fresh data
2026-07-12 06:00:15,487 [INFO] src.ingestion: [VBL.NS] fetching fresh data
2026-07-12 06:00:16,391 [INFO] src.ingestion: [UNITDSPR.NS] fetching fresh data
2026-07-12 06:00:17,300 [INFO] src.ingestion: [EMAMILTD.NS] fetching fresh data
2026-07-12 06:00:18,179 [INFO] src.ingestion: [TATASTEEL.NS] fetching fresh data
2026-07-12 06:00:19,094 [INFO] src.ingestion: [JSWSTEEL.NS] fetching fresh data
2026-07-12 06:00:19,975 [INFO] src.ingestion: [HINDALCO.NS] fetching fresh data
2026-07-12 06:00:20,922 [INFO] src.ingestion: [VEDL.NS] fetching fresh data
2026-07-12 06:00:21,899 [INFO] src.ingestion: [COALINDIA.NS] fetching fresh data
2026-07-12 06:00:22,797 [INFO] src.ingestion: [NMDC.NS] fetching fresh data
2026-07-12 06:00:23,731 [INFO] src.ingestion: [SAIL.NS] fetching fresh data
2026-07-12 06:00:24,631 [INFO] src.ingestion: [JINDALSTEL.NS] fetching fresh data
2026-07-12 06:00:25,548 [INFO] src.ingestion: [APLAPOLLO.NS] fetching fresh data
2026-07-12 06:00:26,507 [INFO] src.ingestion: [NATIONALUM.NS] fetching fresh data
2026-07-12 06:00:27,334 [INFO] src.ingestion: [HINDCOPPER.NS] fetching fresh data
2026-07-12 06:00:28,284 [INFO] src.ingestion: [RATNAMANI.NS] fetching fresh data
2026-07-12 06:00:29,226 [INFO] src.ingestion: [HINDZINC.NS] fetching fresh data
2026-07-12 06:00:30,140 [INFO] src.ingestion: [WELCORP.NS] fetching fresh data
2026-07-12 06:00:31,039 [INFO] src.ingestion: [JSL.NS] fetching fresh data
2026-07-12 06:00:31,979 [INFO] src.ingestion: [RELIANCE.NS] fetching fresh data
2026-07-12 06:00:32,891 [INFO] src.ingestion: [ONGC.NS] fetching fresh data
2026-07-12 06:00:33,785 [INFO] src.ingestion: [BPCL.NS] fetching fresh data
2026-07-12 06:00:34,715 [INFO] src.ingestion: [IOC.NS] fetching fresh data
2026-07-12 06:00:35,656 [INFO] src.ingestion: [GAIL.NS] fetching fresh data
2026-07-12 06:00:36,586 [INFO] src.ingestion: [NTPC.NS] fetching fresh data
2026-07-12 06:00:37,504 [INFO] src.ingestion: [POWERGRID.NS] fetching fresh data
2026-07-12 06:00:38,391 [INFO] src.ingestion: [TATAPOWER.NS] fetching fresh data
2026-07-12 06:00:39,359 [INFO] src.ingestion: [ADANIGREEN.NS] fetching fresh data
2026-07-12 06:00:40,220 [INFO] src.ingestion: [ADANIPOWER.NS] fetching fresh data
2026-07-12 06:00:41,122 [INFO] src.ingestion: [TORNTPOWER.NS] fetching fresh data
2026-07-12 06:00:42,029 [INFO] src.ingestion: [LT.NS] fetching fresh data
2026-07-12 06:00:42,912 [INFO] src.ingestion: [SIEMENS.NS] fetching fresh data
2026-07-12 06:00:43,821 [INFO] src.ingestion: [ABB.NS] fetching fresh data
2026-07-12 06:00:44,770 [INFO] src.ingestion: [HAL.NS] fetching fresh data
2026-07-12 06:00:45,767 [INFO] src.ingestion: [BEL.NS] fetching fresh data
2026-07-12 06:00:46,656 [INFO] src.ingestion: [BHEL.NS] fetching fresh data
2026-07-12 06:00:47,582 [INFO] src.ingestion: [CUMMINSIND.NS] fetching fresh data
2026-07-12 06:00:48,482 [INFO] src.ingestion: [THERMAX.NS] fetching fresh data
2026-07-12 06:00:49,408 [INFO] src.ingestion: [POLYCAB.NS] fetching fresh data
2026-07-12 06:00:50,321 [INFO] src.ingestion: [KEI.NS] fetching fresh data
2026-07-12 06:00:51,197 [INFO] src.ingestion: [HAVELLS.NS] fetching fresh data
2026-07-12 06:00:52,059 [INFO] src.ingestion: [CROMPTON.NS] fetching fresh data
2026-07-12 06:00:52,918 [INFO] src.ingestion: [SUPREMEIND.NS] fetching fresh data
2026-07-12 06:00:53,820 [INFO] src.ingestion: [ASTRAL.NS] fetching fresh data
2026-07-12 06:00:54,716 [INFO] src.ingestion: [GRINDWELL.NS] fetching fresh data
2026-07-12 06:00:55,601 [INFO] src.ingestion: [CARBORUNIV.NS] fetching fresh data
2026-07-12 06:00:56,497 [INFO] src.ingestion: [TIMKEN.NS] fetching fresh data
2026-07-12 06:00:57,372 [INFO] src.ingestion: [SKFINDIA.NS] fetching fresh data
2026-07-12 06:00:58,226 [INFO] src.ingestion: [SRF.NS] fetching fresh data
2026-07-12 06:00:59,102 [INFO] src.ingestion: [PIIND.NS] fetching fresh data
2026-07-12 06:01:00,001 [INFO] src.ingestion: [DEEPAKNTR.NS] fetching fresh data
2026-07-12 06:01:00,895 [INFO] src.ingestion: [AARTIIND.NS] fetching fresh data
2026-07-12 06:01:01,943 [INFO] src.ingestion: [NAVINFLUOR.NS] fetching fresh data
2026-07-12 06:01:02,825 [INFO] src.ingestion: [UPL.NS] fetching fresh data
2026-07-12 06:01:03,719 [INFO] src.ingestion: [COROMANDEL.NS] fetching fresh data
2026-07-12 06:01:04,625 [INFO] src.ingestion: [CHAMBLFERT.NS] fetching fresh data
2026-07-12 06:01:05,542 [INFO] src.ingestion: [GNFC.NS] fetching fresh data
2026-07-12 06:01:06,441 [INFO] src.ingestion: [PIDILITIND.NS] fetching fresh data
2026-07-12 06:01:07,332 [INFO] src.ingestion: [TATACHEM.NS] fetching fresh data
2026-07-12 06:01:08,177 [INFO] src.ingestion: [GHCL.NS] fetching fresh data
2026-07-12 06:01:09,050 [INFO] src.ingestion: [TITAN.NS] fetching fresh data
2026-07-12 06:01:09,920 [INFO] src.ingestion: [DMART.NS] fetching fresh data
2026-07-12 06:01:10,833 [INFO] src.ingestion: [TRENT.NS] fetching fresh data
2026-07-12 06:01:11,809 [INFO] src.ingestion: [BATAINDIA.NS] fetching fresh data
2026-07-12 06:01:12,856 [INFO] src.ingestion: [PAGEIND.NS] fetching fresh data
2026-07-12 06:01:13,741 [INFO] src.ingestion: [JUBLFOOD.NS] fetching fresh data
2026-07-12 06:01:14,702 [INFO] src.ingestion: [VOLTAS.NS] fetching fresh data
2026-07-12 06:01:15,626 [INFO] src.ingestion: [DIXON.NS] fetching fresh data
2026-07-12 06:01:16,589 [INFO] src.ingestion: [RELAXO.NS] fetching fresh data
2026-07-12 06:01:17,504 [INFO] src.ingestion: [KAJARIACER.NS] fetching fresh data
2026-07-12 06:01:18,641 [INFO] src.ingestion: [WHIRLPOOL.NS] fetching fresh data
2026-07-12 06:01:19,726 [INFO] src.ingestion: [BLUESTARCO.NS] fetching fresh data
2026-07-12 06:01:20,661 [INFO] src.ingestion: [PGHH.NS] fetching fresh data
2026-07-12 06:01:21,493 [INFO] src.ingestion: [GILLETTE.NS] fetching fresh data
2026-07-12 06:01:22,295 [INFO] src.ingestion: [BHARTIARTL.NS] fetching fresh data
2026-07-12 06:01:22,511 [ERROR] yfinance: HTTP Error 503: upstream connect error or disconnect/reset before headers. retried and the latest reset reason: remote connection failure, transport failure reason: delayed connect error: Connection refused
2026-07-12 06:01:23,378 [INFO] src.ingestion: [IDEA.NS] fetching fresh data
2026-07-12 06:01:24,358 [INFO] src.ingestion: [INDUSTOWER.NS] fetching fresh data
2026-07-12 06:01:25,287 [INFO] src.ingestion: [PVRINOX.NS] fetching fresh data
2026-07-12 06:01:26,277 [INFO] src.ingestion: [ZEEL.NS] fetching fresh data
2026-07-12 06:01:27,196 [INFO] src.ingestion: [ADANIPORTS.NS] fetching fresh data
2026-07-12 06:01:28,089 [INFO] src.ingestion: [ADANIENT.NS] fetching fresh data
2026-07-12 06:01:28,956 [INFO] src.ingestion: [GMRAIRPORT.NS] fetching fresh data
2026-07-12 06:01:29,879 [INFO] src.ingestion: [CONCOR.NS] fetching fresh data
2026-07-12 06:01:30,744 [INFO] src.ingestion: [IRCTC.NS] fetching fresh data
2026-07-12 06:01:31,628 [INFO] src.ingestion: [INDIGO.NS] fetching fresh data
2026-07-12 06:01:32,509 [INFO] src.ingestion: [RVNL.NS] fetching fresh data
2026-07-12 06:01:33,421 [INFO] src.ingestion: [IRCON.NS] fetching fresh data
2026-07-12 06:01:34,424 [INFO] src.ingestion: [NBCC.NS] fetching fresh data
2026-07-12 06:01:35,367 [INFO] src.ingestion: [NCC.NS] fetching fresh data
2026-07-12 06:01:36,235 [INFO] src.ingestion: [MAZDOCK.NS] fetching fresh data
2026-07-12 06:01:37,128 [INFO] src.ingestion: [COCHINSHIP.NS] fetching fresh data
2026-07-12 06:01:38,341 [INFO] src.ingestion: [DLF.NS] fetching fresh data
2026-07-12 06:01:39,257 [INFO] src.ingestion: [GODREJPROP.NS] fetching fresh data
2026-07-12 06:01:40,186 [INFO] src.ingestion: [OBEROIRLTY.NS] fetching fresh data
2026-07-12 06:01:41,086 [INFO] src.ingestion: [PRESTIGE.NS] fetching fresh data
2026-07-12 06:01:42,003 [INFO] src.ingestion: [PHOENIXLTD.NS] fetching fresh data
2026-07-12 06:01:42,905 [INFO] src.ingestion: [SOBHA.NS] fetching fresh data
2026-07-12 06:01:43,747 [INFO] src.ingestion: Fetched 200/201 tickers successfully
2026-07-12 06:01:43,747 [WARNING] src.ingestion: Failed tickers (excluded from downstream, not silently zeroed): ['LTIM.NS']
2026-07-12 06:01:43,747 [INFO] __main__: Ingestion validation passed: 200/201 tickers (100%)
2026-07-12 06:01:43,747 [INFO] __main__: === Stage 2/8: Cleaning ===
2026-07-12 06:01:43,755 [WARNING] src.cleaning: [CROMPTON.NS] EXCLUDED: missing critical fields: ['trailing_pe']
2026-07-12 06:01:43,755 [WARNING] src.cleaning: [INDIGO.NS] EXCLUDED: missing critical fields: ['trailing_pe']
2026-07-12 06:01:43,756 [WARNING] src.cleaning: [LTIM.NS] EXCLUDED: ingestion failed: yfinance returned an empty info payload for LTIM.NS (no exception, but no usable data — likely a transient Yahoo-side issue or an invalid/delisted symbol)
2026-07-12 06:01:43,756 [WARNING] src.cleaning: [TATACHEM.NS] EXCLUDED: missing critical fields: ['trailing_pe']
2026-07-12 06:01:43,756 [WARNING] src.cleaning: [TMPV.NS] EXCLUDED: missing critical fields: ['trailing_pe']
2026-07-12 06:01:43,756 [INFO] src.cleaning: [ABB.NS] non-critical missing fields: ['return_on_equity']
2026-07-12 06:01:43,756 [INFO] src.cleaning: [AUBANK.NS] non-critical missing fields: ['ev_to_ebitda', 'return_on_equity', 'debt_to_equity']
2026-07-12 06:01:43,757 [INFO] src.cleaning: [AXISBANK.NS] non-critical missing fields: ['ev_to_ebitda', 'debt_to_equity']
2026-07-12 06:01:43,757 [WARNING] src.cleaning: [BAJAJHLDNG.NS] outlier values flagged: ['net_margin']
2026-07-12 06:01:43,757 [INFO] src.cleaning: [BAJFINANCE.NS] non-critical missing fields: ['ev_to_ebitda']
2026-07-12 06:01:43,757 [INFO] src.cleaning: [BANDHANBNK.NS] non-critical missing fields: ['ev_to_ebitda', 'debt_to_equity']
2026-07-12 06:01:43,757 [INFO] src.cleaning: [BANKBARODA.NS] non-critical missing fields: ['ev_to_ebitda', 'debt_to_equity']
2026-07-12 06:01:43,757 [INFO] src.cleaning: [BANKINDIA.NS] non-critical missing fields: ['ev_to_ebitda', 'debt_to_equity']
2026-07-12 06:01:43,757 [INFO] src.cleaning: [BHARTIARTL.NS] non-critical missing fields: ['ev_to_ebitda', 'return_on_equity', 'debt_to_equity', 'revenue_growth', 'net_margin', 'total_debt']
2026-07-12 06:01:43,757 [INFO] src.cleaning: [CANBK.NS] non-critical missing fields: ['ev_to_ebitda', 'debt_to_equity']
2026-07-12 06:01:43,757 [INFO] src.cleaning: [CENTRALBK.NS] non-critical missing fields: ['ev_to_ebitda', 'debt_to_equity']
2026-07-12 06:01:43,757 [INFO] src.cleaning: [CHOLAFIN.NS] non-critical missing fields: ['ev_to_ebitda']
2026-07-12 06:01:43,757 [INFO] src.cleaning: [FEDERALBNK.NS] non-critical missing fields: ['ev_to_ebitda', 'debt_to_equity']
2026-07-12 06:01:43,757 [INFO] src.cleaning: [GICRE.NS] non-critical missing fields: ['debt_to_equity']
2026-07-12 06:01:43,757 [WARNING] src.cleaning: [GMRAIRPORT.NS] outlier values flagged: ['trailing_pe']
2026-07-12 06:01:43,757 [WARNING] src.cleaning: [GMRAIRPORT.NS] negative/zero equity — DuPont ROE math will be invalid downstream
2026-07-12 06:01:43,757 [INFO] src.cleaning: [GMRAIRPORT.NS] non-critical missing fields: ['return_on_equity', 'debt_to_equity']
2026-07-12 06:01:43,757 [WARNING] src.cleaning: [HCLTECH.NS] outlier values flagged: ['ev_to_ebitda']
2026-07-12 06:01:43,757 [INFO] src.cleaning: [HDFCBANK.NS] non-critical missing fields: ['ev_to_ebitda', 'debt_to_equity']
2026-07-12 06:01:43,757 [INFO] src.cleaning: [HUDCO.NS] non-critical missing fields: ['ev_to_ebitda']
2026-07-12 06:01:43,757 [INFO] src.cleaning: [ICICIBANK.NS] non-critical missing fields: ['ev_to_ebitda', 'debt_to_equity']
2026-07-12 06:01:43,757 [WARNING] src.cleaning: [IDEA.NS] negative/zero equity — DuPont ROE math will be invalid downstream
2026-07-12 06:01:43,757 [INFO] src.cleaning: [IDEA.NS] non-critical missing fields: ['return_on_equity', 'debt_to_equity']
2026-07-12 06:01:43,757 [INFO] src.cleaning: [IDFCFIRSTB.NS] non-critical missing fields: ['ev_to_ebitda', 'return_on_equity', 'debt_to_equity', 'total_debt']
2026-07-12 06:01:43,757 [INFO] src.cleaning: [INDUSINDBK.NS] non-critical missing fields: ['ev_to_ebitda', 'debt_to_equity']
2026-07-12 06:01:43,757 [WARNING] src.cleaning: [INFY.NS] outlier values flagged: ['ev_to_ebitda']
2026-07-12 06:01:43,758 [INFO] src.cleaning: [IOB.NS] non-critical missing fields: ['ev_to_ebitda', 'debt_to_equity']
2026-07-12 06:01:43,758 [INFO] src.cleaning: [IRFC.NS] non-critical missing fields: ['ev_to_ebitda']
2026-07-12 06:01:43,758 [INFO] src.cleaning: [KOTAKBANK.NS] non-critical missing fields: ['ev_to_ebitda', 'debt_to_equity']
2026-07-12 06:01:43,758 [INFO] src.cleaning: [LICHSGFIN.NS] non-critical missing fields: ['ev_to_ebitda']
2026-07-12 06:01:43,758 [INFO] src.cleaning: [LICI.NS] non-critical missing fields: ['debt_to_equity']
2026-07-12 06:01:43,758 [INFO] src.cleaning: [MANAPPURAM.NS] non-critical missing fields: ['ev_to_ebitda']
2026-07-12 06:01:43,758 [INFO] src.cleaning: [MUTHOOTFIN.NS] non-critical missing fields: ['ev_to_ebitda']
2026-07-12 06:01:43,758 [INFO] src.cleaning: [PFC.NS] non-critical missing fields: ['ev_to_ebitda']
2026-07-12 06:01:43,758 [INFO] src.cleaning: [PNB.NS] non-critical missing fields: ['ev_to_ebitda', 'debt_to_equity']
2026-07-12 06:01:43,758 [INFO] src.cleaning: [POONAWALLA.NS] non-critical missing fields: ['ev_to_ebitda']
2026-07-12 06:01:43,758 [INFO] src.cleaning: [RBLBANK.NS] non-critical missing fields: ['ev_to_ebitda', 'return_on_equity', 'debt_to_equity']
2026-07-12 06:01:43,758 [INFO] src.cleaning: [RECLTD.NS] non-critical missing fields: ['ev_to_ebitda']
2026-07-12 06:01:43,758 [INFO] src.cleaning: [SBICARD.NS] non-critical missing fields: ['ev_to_ebitda']
2026-07-12 06:01:43,758 [INFO] src.cleaning: [SBILIFE.NS] non-critical missing fields: ['debt_to_equity']
2026-07-12 06:01:43,758 [INFO] src.cleaning: [SBIN.NS] non-critical missing fields: ['ev_to_ebitda', 'debt_to_equity']
2026-07-12 06:01:43,758 [INFO] src.cleaning: [SHREECEM.NS] non-critical missing fields: ['return_on_equity']
2026-07-12 06:01:43,758 [INFO] src.cleaning: [SHRIRAMFIN.NS] non-critical missing fields: ['ev_to_ebitda']
2026-07-12 06:01:43,758 [INFO] src.cleaning: [SIEMENS.NS] non-critical missing fields: ['return_on_equity']
2026-07-12 06:01:43,758 [INFO] src.cleaning: [TCS.NS] non-critical missing fields: ['ev_to_ebitda', 'return_on_equity', 'total_debt']
2026-07-12 06:01:43,758 [INFO] src.cleaning: [UCOBANK.NS] non-critical missing fields: ['ev_to_ebitda', 'debt_to_equity']
2026-07-12 06:01:43,758 [INFO] src.cleaning: [UNIONBANK.NS] non-critical missing fields: ['ev_to_ebitda', 'debt_to_equity', 'revenue_growth', 'total_debt']
2026-07-12 06:01:43,758 [INFO] src.cleaning: [VBL.NS] non-critical missing fields: ['return_on_equity']
2026-07-12 06:01:43,767 [INFO] src.cleaning: Cleaned 196/201 tickers -> data/processed/cleaned_universe.csv
2026-07-12 06:01:43,767 [INFO] src.cleaning: Full flag audit trail -> data/processed/cleaning_flags.csv
2026-07-12 06:01:43,768 [INFO] __main__: Cleaning validation passed: 196/201 tickers retained (98%)
2026-07-12 06:01:43,768 [INFO] __main__: === Stage 3/8: Scoring ===
2026-07-12 06:01:43,828 [INFO] src.scoring: Scored 196 companies -> data/processed/scored_universe.csv
2026-07-12 06:01:43,828 [INFO] src.scoring: Top 10 shortlist -> data/processed/shortlist_top_n.csv
2026-07-12 06:01:43,829 [WARNING] src.scoring: 25 companies scored on fewer than all 4 buckets (reweighted, not zero-filled) — see 'buckets_used' column: ['UNIONBANK.NS', 'LICI.NS', 'CANBK.NS', 'GICRE.NS', 'IDEA.NS', 'BANKINDIA.NS', 'PNB.NS', 'CENTRALBK.NS', 'IOB.NS', 'ICICIBANK.NS', 'BANKBARODA.NS', 'SBIN.NS', 'AXISBANK.NS', 'HDFCBANK.NS', 'FEDERALBNK.NS', 'GMRAIRPORT.NS', 'IDFCFIRSTB.NS', 'BANDHANBNK.NS', 'UCOBANK.NS', 'RBLBANK.NS', 'AUBANK.NS', 'KOTAKBANK.NS', 'INDUSINDBK.NS', 'SBILIFE.NS', 'BHARTIARTL.NS']
2026-07-12 06:01:43,831 [INFO] __main__: Scoring validation passed: 196 companies ranked, all scores in valid range
2026-07-12 06:01:43,831 [INFO] __main__: === Stage 4/8: Comps + DuPont ===
2026-07-12 06:01:43,843 [INFO] src.comps_dupont: Comps + DuPont report for top 10 -> data/processed/comps_dupont_report.csv
2026-07-12 06:01:43,844 [WARNING] src.comps_dupont: 1 companies have a DuPont-implied ROE that diverges >5pp from reported ROE (possible data inconsistency, worth a manual check): ['LICI.NS']
2026-07-12 06:01:43,844 [INFO] __main__: === Stage 5/8: Explainability ===
2026-07-12 06:01:43,881 [INFO] src.explainability: Explanations for top 10 companies -> data/processed/explanations.csv
2026-07-12 06:01:43,882 [INFO] __main__: === Stage 6/8: Baseline Comparison ===
2026-07-12 06:01:43,889 [INFO] src.baseline_comparison: Baseline comparison -> data/processed/baseline_comparison.csv
2026-07-12 06:01:43,890 [INFO] __main__: === Stage 7/8: Acquisition Likelihood ===
2026-07-12 06:01:43,894 [INFO] src.acquisition_likelihood: 2 companies excluded from acquisition-likelihood scoring (negative/zero equity — financial distress, not a value-target thesis): ['IDEA.NS', 'GMRAIRPORT.NS']
2026-07-12 06:01:43,905 [INFO] src.acquisition_likelihood: Acquisition likelihood scoring -> data/processed/acquisition_likelihood.csv
2026-07-12 06:01:43,906 [INFO] __main__: === Stage 8/8: Historical Snapshot ===
2026-07-12 06:01:43,911 [INFO] src.history_tracker: Recorded shortlist snapshot for 2026-07-12 (10 companies) -> data/history/shortlist_history.csv (1 distinct days tracked so far)
2026-07-12 06:01:43,915 [INFO] src.history_tracker: Recorded acquisition-likelihood snapshot for 2026-07-12 (10 companies) -> data/history/acquisition_likelihood_history.csv (1 distinct days tracked so far)
2026-07-12 06:01:43,915 [INFO] __main__: === Pipeline completed successfully ===
2026-07-12 06:01:43,915 [INFO] __main__:   ingestion: {'total': 201, 'ok': 200}
2026-07-12 06:01:43,915 [INFO] __main__:   cleaning: {'retained': 196, 'input': 201}
2026-07-12 06:01:43,915 [INFO] __main__:   scoring: {'ranked': 196}
2026-07-12 06:01:43,915 [INFO] __main__:   comps_dupont: {'companies': 10}
2026-07-12 06:01:43,915 [INFO] __main__:   explainability: {'companies': 10}
2026-07-12 06:01:43,915 [INFO] __main__:   baseline_comparison: {'correlation': np.float64(0.4770744846161815), 'overlap_pct': 0.1}
2026-07-12 06:01:43,915 [INFO] __main__:   acquisition_likelihood: {'companies': 10}
2026-07-12 06:01:43,915 [INFO] __main__:   history_tracker: {'recorded': True}
