2026-08-19 03:45:28,408 [INFO] __main__: Logging to file: logs/pipeline_run_2026-08-19T03-45-28Z.log
2026-08-19 03:45:28,408 [INFO] __main__: === Stage 1/8: Ingestion ===
2026-08-19 03:45:28,439 [INFO] src.ingestion: [ACC.NS] fetching fresh data
2026-08-19 03:45:29,881 [INFO] src.ingestion: [AMBUJACEM.NS] fetching fresh data
2026-08-19 03:45:30,945 [INFO] src.ingestion: [ULTRACEMCO.NS] fetching fresh data
2026-08-19 03:45:32,103 [INFO] src.ingestion: [SHREECEM.NS] fetching fresh data
2026-08-19 03:45:33,130 [INFO] src.ingestion: [JKCEMENT.NS] fetching fresh data
2026-08-19 03:45:34,274 [INFO] src.ingestion: [RAMCOCEM.NS] fetching fresh data
2026-08-19 03:45:35,429 [INFO] src.ingestion: [HEIDELBERG.NS] fetching fresh data
2026-08-19 03:45:36,650 [INFO] src.ingestion: [DALBHARAT.NS] fetching fresh data
2026-08-19 03:45:37,764 [INFO] src.ingestion: [INFY.NS] fetching fresh data
2026-08-19 03:45:38,893 [INFO] src.ingestion: [TCS.NS] fetching fresh data
2026-08-19 03:45:39,931 [INFO] src.ingestion: [WIPRO.NS] fetching fresh data
2026-08-19 03:45:41,137 [INFO] src.ingestion: [HCLTECH.NS] fetching fresh data
2026-08-19 03:45:42,231 [INFO] src.ingestion: [TECHM.NS] fetching fresh data
2026-08-19 03:45:43,251 [INFO] src.ingestion: [LTIM.NS] fetching fresh data
2026-08-19 03:45:43,491 [ERROR] yfinance: HTTP Error 404: {"quoteSummary":{"result":null,"error":{"code":"Not Found","description":"Quote not found for symbol: LTIM.NS"}}}
2026-08-19 03:45:43,649 [WARNING] src.ingestion: [LTIM.NS] attempt 1 failed: yfinance returned an empty info payload for LTIM.NS (no exception, but no usable data — likely a transient Yahoo-side issue or an invalid/delisted symbol)
2026-08-19 03:45:45,887 [ERROR] yfinance: HTTP Error 404: {"quoteSummary":{"result":null,"error":{"code":"Not Found","description":"Quote not found for symbol: LTIM.NS"}}}
2026-08-19 03:45:45,969 [WARNING] src.ingestion: [LTIM.NS] attempt 2 failed: yfinance returned an empty info payload for LTIM.NS (no exception, but no usable data — likely a transient Yahoo-side issue or an invalid/delisted symbol)
2026-08-19 03:45:50,208 [ERROR] yfinance: HTTP Error 404: {"quoteSummary":{"result":null,"error":{"code":"Not Found","description":"Quote not found for symbol: LTIM.NS"}}}
2026-08-19 03:45:50,292 [WARNING] src.ingestion: [LTIM.NS] attempt 3 failed: yfinance returned an empty info payload for LTIM.NS (no exception, but no usable data — likely a transient Yahoo-side issue or an invalid/delisted symbol)
2026-08-19 03:45:50,693 [INFO] src.ingestion: [PERSISTENT.NS] fetching fresh data
2026-08-19 03:45:51,805 [INFO] src.ingestion: [COFORGE.NS] fetching fresh data
2026-08-19 03:45:52,946 [INFO] src.ingestion: [MPHASIS.NS] fetching fresh data
2026-08-19 03:45:53,977 [INFO] src.ingestion: [LTTS.NS] fetching fresh data
2026-08-19 03:45:55,098 [INFO] src.ingestion: [TATAELXSI.NS] fetching fresh data
2026-08-19 03:45:56,497 [INFO] src.ingestion: [CYIENT.NS] fetching fresh data
2026-08-19 03:45:57,599 [INFO] src.ingestion: [KPITTECH.NS] fetching fresh data
2026-08-19 03:45:58,750 [INFO] src.ingestion: [HDFCBANK.NS] fetching fresh data
2026-08-19 03:45:59,717 [INFO] src.ingestion: [ICICIBANK.NS] fetching fresh data
2026-08-19 03:46:00,885 [INFO] src.ingestion: [SBIN.NS] fetching fresh data
2026-08-19 03:46:01,959 [INFO] src.ingestion: [AXISBANK.NS] fetching fresh data
2026-08-19 03:46:03,021 [INFO] src.ingestion: [KOTAKBANK.NS] fetching fresh data
2026-08-19 03:46:04,090 [INFO] src.ingestion: [INDUSINDBK.NS] fetching fresh data
2026-08-19 03:46:05,215 [INFO] src.ingestion: [FEDERALBNK.NS] fetching fresh data
2026-08-19 03:46:06,325 [INFO] src.ingestion: [BANDHANBNK.NS] fetching fresh data
2026-08-19 03:46:07,275 [INFO] src.ingestion: [IDFCFIRSTB.NS] fetching fresh data
2026-08-19 03:46:08,312 [INFO] src.ingestion: [PNB.NS] fetching fresh data
2026-08-19 03:46:09,286 [INFO] src.ingestion: [BANKBARODA.NS] fetching fresh data
2026-08-19 03:46:10,328 [INFO] src.ingestion: [CANBK.NS] fetching fresh data
2026-08-19 03:46:11,281 [INFO] src.ingestion: [UNIONBANK.NS] fetching fresh data
2026-08-19 03:46:12,322 [INFO] src.ingestion: [AUBANK.NS] fetching fresh data
2026-08-19 03:46:13,456 [INFO] src.ingestion: [RBLBANK.NS] fetching fresh data
2026-08-19 03:46:14,410 [INFO] src.ingestion: [BANKINDIA.NS] fetching fresh data
2026-08-19 03:46:15,368 [INFO] src.ingestion: [CENTRALBK.NS] fetching fresh data
2026-08-19 03:46:16,513 [INFO] src.ingestion: [IOB.NS] fetching fresh data
2026-08-19 03:46:17,511 [INFO] src.ingestion: [UCOBANK.NS] fetching fresh data
2026-08-19 03:46:18,526 [INFO] src.ingestion: [BAJFINANCE.NS] fetching fresh data
2026-08-19 03:46:19,619 [INFO] src.ingestion: [BAJAJFINSV.NS] fetching fresh data
2026-08-19 03:46:20,733 [INFO] src.ingestion: [CHOLAFIN.NS] fetching fresh data
2026-08-19 03:46:21,775 [INFO] src.ingestion: [MUTHOOTFIN.NS] fetching fresh data
2026-08-19 03:46:22,957 [INFO] src.ingestion: [LICHSGFIN.NS] fetching fresh data
2026-08-19 03:46:23,934 [INFO] src.ingestion: [SHRIRAMFIN.NS] fetching fresh data
2026-08-19 03:46:25,053 [INFO] src.ingestion: [PFC.NS] fetching fresh data
2026-08-19 03:46:26,034 [INFO] src.ingestion: [RECLTD.NS] fetching fresh data
2026-08-19 03:46:27,046 [INFO] src.ingestion: [IRFC.NS] fetching fresh data
2026-08-19 03:46:28,080 [INFO] src.ingestion: [HUDCO.NS] fetching fresh data
2026-08-19 03:46:29,137 [INFO] src.ingestion: [BAJAJHLDNG.NS] fetching fresh data
2026-08-19 03:46:30,192 [INFO] src.ingestion: [SBICARD.NS] fetching fresh data
2026-08-19 03:46:31,136 [INFO] src.ingestion: [MANAPPURAM.NS] fetching fresh data
2026-08-19 03:46:32,188 [INFO] src.ingestion: [POONAWALLA.NS] fetching fresh data
2026-08-19 03:46:33,377 [INFO] src.ingestion: [HDFCLIFE.NS] fetching fresh data
2026-08-19 03:46:34,360 [INFO] src.ingestion: [SBILIFE.NS] fetching fresh data
2026-08-19 03:46:35,529 [INFO] src.ingestion: [ICICIPRULI.NS] fetching fresh data
2026-08-19 03:46:36,570 [INFO] src.ingestion: [ICICIGI.NS] fetching fresh data
2026-08-19 03:46:37,603 [INFO] src.ingestion: [LICI.NS] fetching fresh data
2026-08-19 03:46:38,652 [INFO] src.ingestion: [GICRE.NS] fetching fresh data
2026-08-19 03:46:39,739 [INFO] src.ingestion: [MARUTI.NS] fetching fresh data
2026-08-19 03:46:40,779 [INFO] src.ingestion: [TMPV.NS] fetching fresh data
2026-08-19 03:46:42,003 [INFO] src.ingestion: [TMCV.NS] fetching fresh data
2026-08-19 03:46:43,085 [INFO] src.ingestion: [M&M.NS] fetching fresh data
2026-08-19 03:46:44,126 [INFO] src.ingestion: [EICHERMOT.NS] fetching fresh data
2026-08-19 03:46:45,165 [INFO] src.ingestion: [HEROMOTOCO.NS] fetching fresh data
2026-08-19 03:46:46,213 [INFO] src.ingestion: [BAJAJ-AUTO.NS] fetching fresh data
2026-08-19 03:46:47,376 [INFO] src.ingestion: [TVSMOTOR.NS] fetching fresh data
2026-08-19 03:46:48,397 [INFO] src.ingestion: [ASHOKLEY.NS] fetching fresh data
2026-08-19 03:46:49,587 [INFO] src.ingestion: [BHARATFORG.NS] fetching fresh data
2026-08-19 03:46:50,588 [INFO] src.ingestion: [MOTHERSON.NS] fetching fresh data
2026-08-19 03:46:51,610 [INFO] src.ingestion: [BOSCHLTD.NS] fetching fresh data
2026-08-19 03:46:52,805 [INFO] src.ingestion: [MRF.NS] fetching fresh data
2026-08-19 03:46:53,900 [INFO] src.ingestion: [ENDURANCE.NS] fetching fresh data
2026-08-19 03:46:55,031 [INFO] src.ingestion: [EXIDEIND.NS] fetching fresh data
2026-08-19 03:46:56,186 [INFO] src.ingestion: [ARE&M.NS] fetching fresh data
2026-08-19 03:46:57,311 [INFO] src.ingestion: [SUNDRMFAST.NS] fetching fresh data
2026-08-19 03:46:58,461 [INFO] src.ingestion: [UNOMINDA.NS] fetching fresh data
2026-08-19 03:46:59,555 [INFO] src.ingestion: [SUNPHARMA.NS] fetching fresh data
2026-08-19 03:47:00,640 [INFO] src.ingestion: [DRREDDY.NS] fetching fresh data
2026-08-19 03:47:01,801 [INFO] src.ingestion: [CIPLA.NS] fetching fresh data
2026-08-19 03:47:02,898 [INFO] src.ingestion: [DIVISLAB.NS] fetching fresh data
2026-08-19 03:47:04,046 [INFO] src.ingestion: [LUPIN.NS] fetching fresh data
2026-08-19 03:47:05,175 [INFO] src.ingestion: [AUROPHARMA.NS] fetching fresh data
2026-08-19 03:47:06,339 [INFO] src.ingestion: [BIOCON.NS] fetching fresh data
2026-08-19 03:47:07,467 [INFO] src.ingestion: [TORNTPHARM.NS] fetching fresh data
2026-08-19 03:47:08,499 [INFO] src.ingestion: [ALKEM.NS] fetching fresh data
2026-08-19 03:47:09,601 [INFO] src.ingestion: [ABBOTINDIA.NS] fetching fresh data
2026-08-19 03:47:10,668 [INFO] src.ingestion: [APOLLOHOSP.NS] fetching fresh data
2026-08-19 03:47:11,757 [INFO] src.ingestion: [FORTIS.NS] fetching fresh data
2026-08-19 03:47:12,889 [INFO] src.ingestion: [LALPATHLAB.NS] fetching fresh data
2026-08-19 03:47:13,904 [INFO] src.ingestion: [METROPOLIS.NS] fetching fresh data
2026-08-19 03:47:14,968 [INFO] src.ingestion: [GLAND.NS] fetching fresh data
2026-08-19 03:47:15,951 [INFO] src.ingestion: [LAURUSLABS.NS] fetching fresh data
2026-08-19 03:47:17,029 [INFO] src.ingestion: [GLENMARK.NS] fetching fresh data
2026-08-19 03:47:18,110 [INFO] src.ingestion: [IPCALAB.NS] fetching fresh data
2026-08-19 03:47:19,197 [INFO] src.ingestion: [HINDUNILVR.NS] fetching fresh data
2026-08-19 03:47:20,332 [INFO] src.ingestion: [ITC.NS] fetching fresh data
2026-08-19 03:47:21,323 [INFO] src.ingestion: [NESTLEIND.NS] fetching fresh data
2026-08-19 03:47:22,422 [INFO] src.ingestion: [BRITANNIA.NS] fetching fresh data
2026-08-19 03:47:23,467 [INFO] src.ingestion: [DABUR.NS] fetching fresh data
2026-08-19 03:47:24,536 [INFO] src.ingestion: [GODREJCP.NS] fetching fresh data
2026-08-19 03:47:25,636 [INFO] src.ingestion: [MARICO.NS] fetching fresh data
2026-08-19 03:47:26,828 [INFO] src.ingestion: [COLPAL.NS] fetching fresh data
2026-08-19 03:47:27,968 [INFO] src.ingestion: [TATACONSUM.NS] fetching fresh data
2026-08-19 03:47:29,189 [INFO] src.ingestion: [VBL.NS] fetching fresh data
2026-08-19 03:47:30,375 [INFO] src.ingestion: [UNITDSPR.NS] fetching fresh data
2026-08-19 03:47:31,594 [INFO] src.ingestion: [EMAMILTD.NS] fetching fresh data
2026-08-19 03:47:32,750 [INFO] src.ingestion: [TATASTEEL.NS] fetching fresh data
2026-08-19 03:47:33,876 [INFO] src.ingestion: [JSWSTEEL.NS] fetching fresh data
2026-08-19 03:47:35,052 [INFO] src.ingestion: [HINDALCO.NS] fetching fresh data
2026-08-19 03:47:36,196 [INFO] src.ingestion: [VEDL.NS] fetching fresh data
2026-08-19 03:47:37,390 [INFO] src.ingestion: [COALINDIA.NS] fetching fresh data
2026-08-19 03:47:38,459 [INFO] src.ingestion: [NMDC.NS] fetching fresh data
2026-08-19 03:47:39,558 [INFO] src.ingestion: [SAIL.NS] fetching fresh data
2026-08-19 03:47:40,559 [INFO] src.ingestion: [JINDALSTEL.NS] fetching fresh data
2026-08-19 03:47:41,573 [INFO] src.ingestion: [APLAPOLLO.NS] fetching fresh data
2026-08-19 03:47:42,587 [INFO] src.ingestion: [NATIONALUM.NS] fetching fresh data
2026-08-19 03:47:43,638 [INFO] src.ingestion: [HINDCOPPER.NS] fetching fresh data
2026-08-19 03:47:44,732 [INFO] src.ingestion: [RATNAMANI.NS] fetching fresh data
2026-08-19 03:47:45,840 [INFO] src.ingestion: [HINDZINC.NS] fetching fresh data
2026-08-19 03:47:46,924 [INFO] src.ingestion: [WELCORP.NS] fetching fresh data
2026-08-19 03:47:47,917 [INFO] src.ingestion: [JSL.NS] fetching fresh data
2026-08-19 03:47:48,921 [INFO] src.ingestion: [RELIANCE.NS] fetching fresh data
2026-08-19 03:47:50,074 [INFO] src.ingestion: [ONGC.NS] fetching fresh data
2026-08-19 03:47:51,057 [INFO] src.ingestion: [BPCL.NS] fetching fresh data
2026-08-19 03:47:52,093 [INFO] src.ingestion: [IOC.NS] fetching fresh data
2026-08-19 03:47:53,268 [INFO] src.ingestion: [GAIL.NS] fetching fresh data
2026-08-19 03:47:54,430 [INFO] src.ingestion: [NTPC.NS] fetching fresh data
2026-08-19 03:47:55,506 [INFO] src.ingestion: [POWERGRID.NS] fetching fresh data
2026-08-19 03:47:56,518 [INFO] src.ingestion: [TATAPOWER.NS] fetching fresh data
2026-08-19 03:47:57,578 [INFO] src.ingestion: [ADANIGREEN.NS] fetching fresh data
2026-08-19 03:47:58,590 [INFO] src.ingestion: [ADANIPOWER.NS] fetching fresh data
2026-08-19 03:47:59,706 [INFO] src.ingestion: [TORNTPOWER.NS] fetching fresh data
2026-08-19 03:48:00,746 [INFO] src.ingestion: [LT.NS] fetching fresh data
2026-08-19 03:48:01,874 [INFO] src.ingestion: [SIEMENS.NS] fetching fresh data
2026-08-19 03:48:02,964 [INFO] src.ingestion: [ABB.NS] fetching fresh data
2026-08-19 03:48:04,110 [INFO] src.ingestion: [HAL.NS] fetching fresh data
2026-08-19 03:48:05,189 [INFO] src.ingestion: [BEL.NS] fetching fresh data
2026-08-19 03:48:06,184 [INFO] src.ingestion: [BHEL.NS] fetching fresh data
2026-08-19 03:48:07,422 [INFO] src.ingestion: [CUMMINSIND.NS] fetching fresh data
2026-08-19 03:48:08,454 [INFO] src.ingestion: [THERMAX.NS] fetching fresh data
2026-08-19 03:48:09,431 [INFO] src.ingestion: [POLYCAB.NS] fetching fresh data
2026-08-19 03:48:10,480 [INFO] src.ingestion: [KEI.NS] fetching fresh data
2026-08-19 03:48:11,612 [INFO] src.ingestion: [HAVELLS.NS] fetching fresh data
2026-08-19 03:48:12,676 [INFO] src.ingestion: [CROMPTON.NS] fetching fresh data
2026-08-19 03:48:13,711 [INFO] src.ingestion: [SUPREMEIND.NS] fetching fresh data
2026-08-19 03:48:14,850 [INFO] src.ingestion: [ASTRAL.NS] fetching fresh data
2026-08-19 03:48:16,002 [INFO] src.ingestion: [GRINDWELL.NS] fetching fresh data
2026-08-19 03:48:17,173 [INFO] src.ingestion: [CARBORUNIV.NS] fetching fresh data
2026-08-19 03:48:18,287 [INFO] src.ingestion: [TIMKEN.NS] fetching fresh data
2026-08-19 03:48:19,338 [INFO] src.ingestion: [SKFINDIA.NS] fetching fresh data
2026-08-19 03:48:20,479 [INFO] src.ingestion: [SRF.NS] fetching fresh data
2026-08-19 03:48:21,651 [INFO] src.ingestion: [PIIND.NS] fetching fresh data
2026-08-19 03:48:22,730 [INFO] src.ingestion: [DEEPAKNTR.NS] fetching fresh data
2026-08-19 03:48:23,820 [INFO] src.ingestion: [AARTIIND.NS] fetching fresh data
2026-08-19 03:48:24,829 [INFO] src.ingestion: [NAVINFLUOR.NS] fetching fresh data
2026-08-19 03:48:25,966 [INFO] src.ingestion: [UPL.NS] fetching fresh data
2026-08-19 03:48:27,140 [INFO] src.ingestion: [COROMANDEL.NS] fetching fresh data
2026-08-19 03:48:28,255 [INFO] src.ingestion: [CHAMBLFERT.NS] fetching fresh data
2026-08-19 03:48:29,439 [INFO] src.ingestion: [GNFC.NS] fetching fresh data
2026-08-19 03:48:30,535 [INFO] src.ingestion: [PIDILITIND.NS] fetching fresh data
2026-08-19 03:48:31,704 [INFO] src.ingestion: [TATACHEM.NS] fetching fresh data
2026-08-19 03:48:32,711 [INFO] src.ingestion: [GHCL.NS] fetching fresh data
2026-08-19 03:48:33,796 [INFO] src.ingestion: [TITAN.NS] fetching fresh data
2026-08-19 03:48:34,904 [INFO] src.ingestion: [DMART.NS] fetching fresh data
2026-08-19 03:48:36,037 [INFO] src.ingestion: [TRENT.NS] fetching fresh data
2026-08-19 03:48:37,199 [INFO] src.ingestion: [BATAINDIA.NS] fetching fresh data
2026-08-19 03:48:38,294 [INFO] src.ingestion: [PAGEIND.NS] fetching fresh data
2026-08-19 03:48:39,454 [INFO] src.ingestion: [JUBLFOOD.NS] fetching fresh data
2026-08-19 03:48:40,550 [INFO] src.ingestion: [VOLTAS.NS] fetching fresh data
2026-08-19 03:48:41,646 [INFO] src.ingestion: [DIXON.NS] fetching fresh data
2026-08-19 03:48:42,821 [INFO] src.ingestion: [RELAXO.NS] fetching fresh data
2026-08-19 03:48:43,871 [INFO] src.ingestion: [KAJARIACER.NS] fetching fresh data
2026-08-19 03:48:44,912 [INFO] src.ingestion: [WHIRLPOOL.NS] fetching fresh data
2026-08-19 03:48:45,925 [INFO] src.ingestion: [BLUESTARCO.NS] fetching fresh data
2026-08-19 03:48:47,009 [INFO] src.ingestion: [PGHH.NS] fetching fresh data
2026-08-19 03:48:48,034 [INFO] src.ingestion: [GILLETTE.NS] fetching fresh data
2026-08-19 03:48:49,000 [INFO] src.ingestion: [BHARTIARTL.NS] fetching fresh data
2026-08-19 03:48:50,121 [INFO] src.ingestion: [IDEA.NS] fetching fresh data
2026-08-19 03:48:51,188 [INFO] src.ingestion: [INDUSTOWER.NS] fetching fresh data
2026-08-19 03:48:52,222 [INFO] src.ingestion: [PVRINOX.NS] fetching fresh data
2026-08-19 03:48:53,320 [INFO] src.ingestion: [ZEEL.NS] fetching fresh data
2026-08-19 03:48:54,371 [INFO] src.ingestion: [ADANIPORTS.NS] fetching fresh data
2026-08-19 03:48:55,538 [INFO] src.ingestion: [ADANIENT.NS] fetching fresh data
2026-08-19 03:48:56,682 [INFO] src.ingestion: [GMRAIRPORT.NS] fetching fresh data
2026-08-19 03:48:57,754 [INFO] src.ingestion: [CONCOR.NS] fetching fresh data
2026-08-19 03:48:58,905 [INFO] src.ingestion: [IRCTC.NS] fetching fresh data
2026-08-19 03:49:00,041 [INFO] src.ingestion: [INDIGO.NS] fetching fresh data
2026-08-19 03:49:01,182 [INFO] src.ingestion: [RVNL.NS] fetching fresh data
2026-08-19 03:49:02,261 [INFO] src.ingestion: [IRCON.NS] fetching fresh data
2026-08-19 03:49:03,385 [INFO] src.ingestion: [NBCC.NS] fetching fresh data
2026-08-19 03:49:04,508 [INFO] src.ingestion: [NCC.NS] fetching fresh data
2026-08-19 03:49:05,829 [INFO] src.ingestion: [MAZDOCK.NS] fetching fresh data
2026-08-19 03:49:06,905 [INFO] src.ingestion: [COCHINSHIP.NS] fetching fresh data
2026-08-19 03:49:07,946 [INFO] src.ingestion: [DLF.NS] fetching fresh data
2026-08-19 03:49:09,114 [INFO] src.ingestion: [GODREJPROP.NS] fetching fresh data
2026-08-19 03:49:10,190 [INFO] src.ingestion: [OBEROIRLTY.NS] fetching fresh data
2026-08-19 03:49:11,348 [INFO] src.ingestion: [PRESTIGE.NS] fetching fresh data
2026-08-19 03:49:12,330 [INFO] src.ingestion: [PHOENIXLTD.NS] fetching fresh data
2026-08-19 03:49:13,342 [INFO] src.ingestion: [SOBHA.NS] fetching fresh data
2026-08-19 03:49:14,469 [INFO] src.ingestion: Fetched 200/201 tickers successfully
2026-08-19 03:49:14,469 [WARNING] src.ingestion: Failed tickers (excluded from downstream, not silently zeroed): ['LTIM.NS']
2026-08-19 03:49:14,469 [INFO] __main__: Ingestion validation passed: 200/201 tickers (100%)
2026-08-19 03:49:14,469 [INFO] __main__: === Stage 2/8: Cleaning ===
2026-08-19 03:49:14,477 [WARNING] src.cleaning: [ASHOKLEY.NS] EXCLUDED: missing critical fields: ['market_cap']
2026-08-19 03:49:14,478 [WARNING] src.cleaning: [BIOCON.NS] EXCLUDED: missing critical fields: ['market_cap']
2026-08-19 03:49:14,478 [WARNING] src.cleaning: [BOSCHLTD.NS] EXCLUDED: missing critical fields: ['market_cap']
2026-08-19 03:49:14,478 [WARNING] src.cleaning: [IOC.NS] EXCLUDED: missing critical fields: ['market_cap']
2026-08-19 03:49:14,478 [WARNING] src.cleaning: [JUBLFOOD.NS] EXCLUDED: missing critical fields: ['market_cap']
2026-08-19 03:49:14,478 [WARNING] src.cleaning: [LTIM.NS] EXCLUDED: ingestion failed: yfinance returned an empty info payload for LTIM.NS (no exception, but no usable data — likely a transient Yahoo-side issue or an invalid/delisted symbol)
2026-08-19 03:49:14,479 [WARNING] src.cleaning: [RECLTD.NS] EXCLUDED: missing critical fields: ['market_cap']
2026-08-19 03:49:14,479 [WARNING] src.cleaning: [RELIANCE.NS] EXCLUDED: missing critical fields: ['market_cap']
2026-08-19 03:49:14,479 [WARNING] src.cleaning: [TCS.NS] EXCLUDED: missing critical fields: ['market_cap']
2026-08-19 03:49:14,479 [WARNING] src.cleaning: [TVSMOTOR.NS] EXCLUDED: missing critical fields: ['market_cap']
2026-08-19 03:49:14,479 [INFO] src.cleaning: [AARTIIND.NS] non-critical missing fields: ['return_on_equity']
2026-08-19 03:49:14,479 [INFO] src.cleaning: [ABBOTINDIA.NS] non-critical missing fields: ['ev_to_ebitda', 'return_on_equity', 'total_debt']
2026-08-19 03:49:14,479 [INFO] src.cleaning: [ACC.NS] non-critical missing fields: ['return_on_equity']
2026-08-19 03:49:14,479 [INFO] src.cleaning: [ADANIENT.NS] non-critical missing fields: ['return_on_equity']
2026-08-19 03:49:14,479 [INFO] src.cleaning: [ADANIGREEN.NS] non-critical missing fields: ['return_on_equity']
2026-08-19 03:49:14,479 [INFO] src.cleaning: [ADANIPORTS.NS] non-critical missing fields: ['return_on_equity']
2026-08-19 03:49:14,480 [INFO] src.cleaning: [ADANIPOWER.NS] non-critical missing fields: ['return_on_equity']
2026-08-19 03:49:14,480 [INFO] src.cleaning: [ALKEM.NS] non-critical missing fields: ['return_on_equity']
2026-08-19 03:49:14,480 [INFO] src.cleaning: [AMBUJACEM.NS] non-critical missing fields: ['return_on_equity']
2026-08-19 03:49:14,480 [INFO] src.cleaning: [APLAPOLLO.NS] non-critical missing fields: ['return_on_equity']
2026-08-19 03:49:14,480 [INFO] src.cleaning: [APOLLOHOSP.NS] non-critical missing fields: ['return_on_equity']
2026-08-19 03:49:14,480 [INFO] src.cleaning: [ARE&M.NS] non-critical missing fields: ['return_on_equity']
2026-08-19 03:49:14,480 [INFO] src.cleaning: [ASTRAL.NS] non-critical missing fields: ['return_on_equity']
2026-08-19 03:49:14,480 [INFO] src.cleaning: [AUBANK.NS] non-critical missing fields: ['ev_to_ebitda', 'return_on_equity', 'debt_to_equity']
2026-08-19 03:49:14,480 [INFO] src.cleaning: [AUROPHARMA.NS] non-critical missing fields: ['return_on_equity']
2026-08-19 03:49:14,480 [INFO] src.cleaning: [AXISBANK.NS] non-critical missing fields: ['ev_to_ebitda', 'debt_to_equity']
2026-08-19 03:49:14,480 [INFO] src.cleaning: [BAJAJ-AUTO.NS] non-critical missing fields: ['return_on_equity']
2026-08-19 03:49:14,480 [INFO] src.cleaning: [BAJAJFINSV.NS] non-critical missing fields: ['return_on_equity']
2026-08-19 03:49:14,480 [WARNING] src.cleaning: [BAJAJHLDNG.NS] outlier values flagged: ['net_margin']
2026-08-19 03:49:14,480 [INFO] src.cleaning: [BAJFINANCE.NS] non-critical missing fields: ['ev_to_ebitda', 'return_on_equity']
2026-08-19 03:49:14,480 [INFO] src.cleaning: [BANDHANBNK.NS] non-critical missing fields: ['ev_to_ebitda', 'return_on_equity', 'debt_to_equity']
2026-08-19 03:49:14,480 [INFO] src.cleaning: [BANKBARODA.NS] non-critical missing fields: ['ev_to_ebitda', 'debt_to_equity']
2026-08-19 03:49:14,481 [INFO] src.cleaning: [BANKINDIA.NS] non-critical missing fields: ['ev_to_ebitda', 'debt_to_equity']
2026-08-19 03:49:14,481 [INFO] src.cleaning: [BATAINDIA.NS] non-critical missing fields: ['return_on_equity']
2026-08-19 03:49:14,481 [INFO] src.cleaning: [BEL.NS] non-critical missing fields: ['return_on_equity']
2026-08-19 03:49:14,481 [INFO] src.cleaning: [BHARATFORG.NS] non-critical missing fields: ['return_on_equity']
2026-08-19 03:49:14,481 [INFO] src.cleaning: [BHEL.NS] non-critical missing fields: ['return_on_equity']
2026-08-19 03:49:14,481 [INFO] src.cleaning: [BLUESTARCO.NS] non-critical missing fields: ['return_on_equity']
2026-08-19 03:49:14,481 [INFO] src.cleaning: [BPCL.NS] non-critical missing fields: ['return_on_equity']
2026-08-19 03:49:14,481 [INFO] src.cleaning: [BRITANNIA.NS] non-critical missing fields: ['return_on_equity']
2026-08-19 03:49:14,481 [INFO] src.cleaning: [CANBK.NS] non-critical missing fields: ['ev_to_ebitda', 'return_on_equity', 'debt_to_equity']
2026-08-19 03:49:14,481 [INFO] src.cleaning: [CARBORUNIV.NS] non-critical missing fields: ['return_on_equity']
2026-08-19 03:49:14,481 [INFO] src.cleaning: [CENTRALBK.NS] non-critical missing fields: ['ev_to_ebitda', 'debt_to_equity']
2026-08-19 03:49:14,481 [INFO] src.cleaning: [CHAMBLFERT.NS] non-critical missing fields: ['return_on_equity']
2026-08-19 03:49:14,481 [INFO] src.cleaning: [CHOLAFIN.NS] non-critical missing fields: ['ev_to_ebitda', 'return_on_equity']
2026-08-19 03:49:14,481 [INFO] src.cleaning: [CIPLA.NS] non-critical missing fields: ['return_on_equity']
2026-08-19 03:49:14,481 [INFO] src.cleaning: [COALINDIA.NS] non-critical missing fields: ['return_on_equity']
2026-08-19 03:49:14,481 [INFO] src.cleaning: [COFORGE.NS] non-critical missing fields: ['return_on_equity']
2026-08-19 03:49:14,481 [INFO] src.cleaning: [COLPAL.NS] non-critical missing fields: ['return_on_equity']
2026-08-19 03:49:14,481 [INFO] src.cleaning: [CONCOR.NS] non-critical missing fields: ['return_on_equity']
2026-08-19 03:49:14,481 [INFO] src.cleaning: [COROMANDEL.NS] non-critical missing fields: ['return_on_equity']
2026-08-19 03:49:14,481 [INFO] src.cleaning: [CROMPTON.NS] non-critical missing fields: ['trailing_pe', 'return_on_equity']
2026-08-19 03:49:14,481 [INFO] src.cleaning: [CUMMINSIND.NS] non-critical missing fields: ['return_on_equity']
2026-08-19 03:49:14,481 [INFO] src.cleaning: [CYIENT.NS] non-critical missing fields: ['return_on_equity']
2026-08-19 03:49:14,481 [INFO] src.cleaning: [DABUR.NS] non-critical missing fields: ['return_on_equity']
2026-08-19 03:49:14,481 [INFO] src.cleaning: [DALBHARAT.NS] non-critical missing fields: ['return_on_equity']
2026-08-19 03:49:14,481 [INFO] src.cleaning: [DEEPAKNTR.NS] non-critical missing fields: ['return_on_equity']
2026-08-19 03:49:14,481 [INFO] src.cleaning: [DIVISLAB.NS] non-critical missing fields: ['return_on_equity']
2026-08-19 03:49:14,481 [INFO] src.cleaning: [DIXON.NS] non-critical missing fields: ['return_on_equity']
2026-08-19 03:49:14,481 [INFO] src.cleaning: [DMART.NS] non-critical missing fields: ['return_on_equity']
2026-08-19 03:49:14,481 [INFO] src.cleaning: [EICHERMOT.NS] non-critical missing fields: ['return_on_equity']
2026-08-19 03:49:14,481 [INFO] src.cleaning: [EMAMILTD.NS] non-critical missing fields: ['return_on_equity']
2026-08-19 03:49:14,481 [INFO] src.cleaning: [ENDURANCE.NS] non-critical missing fields: ['return_on_equity']
2026-08-19 03:49:14,481 [INFO] src.cleaning: [EXIDEIND.NS] non-critical missing fields: ['return_on_equity']
2026-08-19 03:49:14,481 [INFO] src.cleaning: [FEDERALBNK.NS] non-critical missing fields: ['ev_to_ebitda', 'return_on_equity', 'debt_to_equity']
2026-08-19 03:49:14,481 [INFO] src.cleaning: [FORTIS.NS] non-critical missing fields: ['return_on_equity']
2026-08-19 03:49:14,481 [INFO] src.cleaning: [GAIL.NS] non-critical missing fields: ['return_on_equity']
2026-08-19 03:49:14,481 [INFO] src.cleaning: [GHCL.NS] non-critical missing fields: ['return_on_equity']
2026-08-19 03:49:14,482 [INFO] src.cleaning: [GICRE.NS] non-critical missing fields: ['ev_to_ebitda', 'debt_to_equity']
2026-08-19 03:49:14,482 [INFO] src.cleaning: [GILLETTE.NS] non-critical missing fields: ['return_on_equity']
2026-08-19 03:49:14,482 [INFO] src.cleaning: [GLAND.NS] non-critical missing fields: ['return_on_equity']
2026-08-19 03:49:14,482 [INFO] src.cleaning: [GLENMARK.NS] non-critical missing fields: ['return_on_equity']
2026-08-19 03:49:14,482 [WARNING] src.cleaning: [GMRAIRPORT.NS] negative/zero equity — DuPont ROE math will be invalid downstream
2026-08-19 03:49:14,482 [INFO] src.cleaning: [GMRAIRPORT.NS] non-critical missing fields: ['return_on_equity', 'debt_to_equity']
2026-08-19 03:49:14,482 [INFO] src.cleaning: [GNFC.NS] non-critical missing fields: ['return_on_equity']
2026-08-19 03:49:14,482 [INFO] src.cleaning: [GODREJCP.NS] non-critical missing fields: ['return_on_equity']
2026-08-19 03:49:14,482 [INFO] src.cleaning: [GODREJPROP.NS] non-critical missing fields: ['return_on_equity']
2026-08-19 03:49:14,482 [INFO] src.cleaning: [GRINDWELL.NS] non-critical missing fields: ['return_on_equity']
2026-08-19 03:49:14,482 [INFO] src.cleaning: [HAL.NS] non-critical missing fields: ['return_on_equity']
2026-08-19 03:49:14,482 [INFO] src.cleaning: [HAVELLS.NS] non-critical missing fields: ['return_on_equity']
2026-08-19 03:49:14,482 [WARNING] src.cleaning: [HCLTECH.NS] outlier values flagged: ['ev_to_ebitda']
2026-08-19 03:49:14,482 [INFO] src.cleaning: [HDFCBANK.NS] non-critical missing fields: ['ev_to_ebitda', 'debt_to_equity']
2026-08-19 03:49:14,482 [INFO] src.cleaning: [HEIDELBERG.NS] non-critical missing fields: ['return_on_equity']
2026-08-19 03:49:14,482 [INFO] src.cleaning: [HEROMOTOCO.NS] non-critical missing fields: ['return_on_equity']
2026-08-19 03:49:14,482 [INFO] src.cleaning: [HINDALCO.NS] non-critical missing fields: ['return_on_equity']
2026-08-19 03:49:14,482 [INFO] src.cleaning: [HINDCOPPER.NS] non-critical missing fields: ['return_on_equity']
2026-08-19 03:49:14,482 [INFO] src.cleaning: [HINDUNILVR.NS] non-critical missing fields: ['return_on_equity']
2026-08-19 03:49:14,482 [INFO] src.cleaning: [HINDZINC.NS] non-critical missing fields: ['return_on_equity']
2026-08-19 03:49:14,482 [INFO] src.cleaning: [HUDCO.NS] non-critical missing fields: ['ev_to_ebitda', 'return_on_equity']
2026-08-19 03:49:14,482 [INFO] src.cleaning: [ICICIBANK.NS] non-critical missing fields: ['ev_to_ebitda', 'debt_to_equity']
2026-08-19 03:49:14,482 [INFO] src.cleaning: [ICICIGI.NS] non-critical missing fields: ['debt_to_equity']
2026-08-19 03:49:14,482 [WARNING] src.cleaning: [IDEA.NS] negative/zero equity — DuPont ROE math will be invalid downstream
2026-08-19 03:49:14,482 [INFO] src.cleaning: [IDEA.NS] non-critical missing fields: ['return_on_equity', 'debt_to_equity']
2026-08-19 03:49:14,482 [INFO] src.cleaning: [IDFCFIRSTB.NS] non-critical missing fields: ['ev_to_ebitda', 'return_on_equity', 'debt_to_equity', 'total_debt']
2026-08-19 03:49:14,482 [INFO] src.cleaning: [INDIGO.NS] non-critical missing fields: ['trailing_pe', 'return_on_equity']
2026-08-19 03:49:14,482 [INFO] src.cleaning: [INDUSINDBK.NS] non-critical missing fields: ['ev_to_ebitda', 'return_on_equity', 'debt_to_equity']
2026-08-19 03:49:14,482 [WARNING] src.cleaning: [INFY.NS] outlier values flagged: ['ev_to_ebitda']
2026-08-19 03:49:14,482 [INFO] src.cleaning: [IOB.NS] non-critical missing fields: ['ev_to_ebitda', 'debt_to_equity']
2026-08-19 03:49:14,482 [INFO] src.cleaning: [IPCALAB.NS] non-critical missing fields: ['return_on_equity']
2026-08-19 03:49:14,482 [INFO] src.cleaning: [IRCON.NS] non-critical missing fields: ['return_on_equity']
2026-08-19 03:49:14,482 [INFO] src.cleaning: [IRCTC.NS] non-critical missing fields: ['return_on_equity']
2026-08-19 03:49:14,482 [INFO] src.cleaning: [IRFC.NS] non-critical missing fields: ['ev_to_ebitda', 'return_on_equity']
2026-08-19 03:49:14,482 [INFO] src.cleaning: [ITC.NS] non-critical missing fields: ['return_on_equity']
2026-08-19 03:49:14,482 [INFO] src.cleaning: [JINDALSTEL.NS] non-critical missing fields: ['return_on_equity']
2026-08-19 03:49:14,482 [INFO] src.cleaning: [JKCEMENT.NS] non-critical missing fields: ['return_on_equity']
2026-08-19 03:49:14,482 [INFO] src.cleaning: [JSL.NS] non-critical missing fields: ['return_on_equity']
2026-08-19 03:49:14,482 [INFO] src.cleaning: [JSWSTEEL.NS] non-critical missing fields: ['return_on_equity']
2026-08-19 03:49:14,483 [INFO] src.cleaning: [KAJARIACER.NS] non-critical missing fields: ['return_on_equity']
2026-08-19 03:49:14,483 [INFO] src.cleaning: [KEI.NS] non-critical missing fields: ['return_on_equity']
2026-08-19 03:49:14,483 [INFO] src.cleaning: [KOTAKBANK.NS] non-critical missing fields: ['ev_to_ebitda', 'return_on_equity', 'debt_to_equity']
2026-08-19 03:49:14,483 [INFO] src.cleaning: [KPITTECH.NS] non-critical missing fields: ['return_on_equity']
2026-08-19 03:49:14,483 [INFO] src.cleaning: [LALPATHLAB.NS] non-critical missing fields: ['return_on_equity']
2026-08-19 03:49:14,483 [INFO] src.cleaning: [LAURUSLABS.NS] non-critical missing fields: ['return_on_equity']
2026-08-19 03:49:14,483 [INFO] src.cleaning: [LICHSGFIN.NS] non-critical missing fields: ['ev_to_ebitda', 'return_on_equity']
2026-08-19 03:49:14,483 [INFO] src.cleaning: [LICI.NS] non-critical missing fields: ['return_on_equity']
2026-08-19 03:49:14,483 [INFO] src.cleaning: [LTTS.NS] non-critical missing fields: ['return_on_equity']
2026-08-19 03:49:14,483 [INFO] src.cleaning: [LT.NS] non-critical missing fields: ['return_on_equity']
2026-08-19 03:49:14,483 [INFO] src.cleaning: [LUPIN.NS] non-critical missing fields: ['return_on_equity']
2026-08-19 03:49:14,483 [INFO] src.cleaning: [M&M.NS] non-critical missing fields: ['return_on_equity']
2026-08-19 03:49:14,483 [INFO] src.cleaning: [MANAPPURAM.NS] non-critical missing fields: ['ev_to_ebitda', 'return_on_equity']
2026-08-19 03:49:14,483 [INFO] src.cleaning: [MARICO.NS] non-critical missing fields: ['return_on_equity']
2026-08-19 03:49:14,483 [INFO] src.cleaning: [MARUTI.NS] non-critical missing fields: ['return_on_equity']
2026-08-19 03:49:14,483 [INFO] src.cleaning: [MAZDOCK.NS] non-critical missing fields: ['return_on_equity']
2026-08-19 03:49:14,483 [INFO] src.cleaning: [METROPOLIS.NS] non-critical missing fields: ['return_on_equity']
2026-08-19 03:49:14,483 [INFO] src.cleaning: [MOTHERSON.NS] non-critical missing fields: ['return_on_equity']
2026-08-19 03:49:14,483 [INFO] src.cleaning: [MRF.NS] non-critical missing fields: ['return_on_equity']
2026-08-19 03:49:14,483 [INFO] src.cleaning: [MUTHOOTFIN.NS] non-critical missing fields: ['ev_to_ebitda']
2026-08-19 03:49:14,483 [INFO] src.cleaning: [NATIONALUM.NS] non-critical missing fields: ['return_on_equity']
2026-08-19 03:49:14,483 [INFO] src.cleaning: [NAVINFLUOR.NS] non-critical missing fields: ['return_on_equity']
2026-08-19 03:49:14,484 [INFO] src.cleaning: [NBCC.NS] non-critical missing fields: ['return_on_equity']
2026-08-19 03:49:14,484 [INFO] src.cleaning: [NCC.NS] non-critical missing fields: ['return_on_equity']
2026-08-19 03:49:14,484 [INFO] src.cleaning: [NESTLEIND.NS] non-critical missing fields: ['return_on_equity']
2026-08-19 03:49:14,484 [INFO] src.cleaning: [NMDC.NS] non-critical missing fields: ['return_on_equity']
2026-08-19 03:49:14,484 [INFO] src.cleaning: [NTPC.NS] non-critical missing fields: ['return_on_equity']
2026-08-19 03:49:14,484 [INFO] src.cleaning: [OBEROIRLTY.NS] non-critical missing fields: ['return_on_equity']
2026-08-19 03:49:14,484 [INFO] src.cleaning: [ONGC.NS] non-critical missing fields: ['return_on_equity']
2026-08-19 03:49:14,484 [INFO] src.cleaning: [PAGEIND.NS] non-critical missing fields: ['return_on_equity']
2026-08-19 03:49:14,484 [INFO] src.cleaning: [PERSISTENT.NS] non-critical missing fields: ['return_on_equity']
2026-08-19 03:49:14,484 [INFO] src.cleaning: [PFC.NS] non-critical missing fields: ['ev_to_ebitda', 'return_on_equity']
2026-08-19 03:49:14,484 [INFO] src.cleaning: [PGHH.NS] non-critical missing fields: ['return_on_equity']
2026-08-19 03:49:14,484 [INFO] src.cleaning: [PHOENIXLTD.NS] non-critical missing fields: ['return_on_equity']
2026-08-19 03:49:14,484 [INFO] src.cleaning: [PIDILITIND.NS] non-critical missing fields: ['return_on_equity']
2026-08-19 03:49:14,484 [INFO] src.cleaning: [PIIND.NS] non-critical missing fields: ['return_on_equity']
2026-08-19 03:49:14,484 [INFO] src.cleaning: [PNB.NS] non-critical missing fields: ['ev_to_ebitda', 'debt_to_equity']
2026-08-19 03:49:14,484 [INFO] src.cleaning: [POONAWALLA.NS] non-critical missing fields: ['ev_to_ebitda', 'return_on_equity']
2026-08-19 03:49:14,484 [INFO] src.cleaning: [POWERGRID.NS] non-critical missing fields: ['return_on_equity']
2026-08-19 03:49:14,485 [INFO] src.cleaning: [PVRINOX.NS] non-critical missing fields: ['return_on_equity']
2026-08-19 03:49:14,485 [INFO] src.cleaning: [RAMCOCEM.NS] non-critical missing fields: ['return_on_equity']
2026-08-19 03:49:14,485 [INFO] src.cleaning: [RATNAMANI.NS] non-critical missing fields: ['return_on_equity']
2026-08-19 03:49:14,485 [INFO] src.cleaning: [RBLBANK.NS] non-critical missing fields: ['ev_to_ebitda', 'return_on_equity', 'debt_to_equity']
2026-08-19 03:49:14,485 [INFO] src.cleaning: [RELAXO.NS] non-critical missing fields: ['ev_to_ebitda', 'return_on_equity', 'total_debt']
2026-08-19 03:49:14,485 [INFO] src.cleaning: [RVNL.NS] non-critical missing fields: ['return_on_equity']
2026-08-19 03:49:14,485 [INFO] src.cleaning: [SAIL.NS] non-critical missing fields: ['return_on_equity']
2026-08-19 03:49:14,485 [INFO] src.cleaning: [SBICARD.NS] non-critical missing fields: ['ev_to_ebitda', 'return_on_equity']
2026-08-19 03:49:14,485 [INFO] src.cleaning: [SBILIFE.NS] non-critical missing fields: ['debt_to_equity']
2026-08-19 03:49:14,485 [INFO] src.cleaning: [SBIN.NS] non-critical missing fields: ['ev_to_ebitda', 'debt_to_equity']
2026-08-19 03:49:14,485 [INFO] src.cleaning: [SHREECEM.NS] non-critical missing fields: ['return_on_equity']
2026-08-19 03:49:14,485 [INFO] src.cleaning: [SHRIRAMFIN.NS] non-critical missing fields: ['ev_to_ebitda']
2026-08-19 03:49:14,485 [INFO] src.cleaning: [SIEMENS.NS] non-critical missing fields: ['return_on_equity']
2026-08-19 03:49:14,485 [INFO] src.cleaning: [SKFINDIA.NS] non-critical missing fields: ['return_on_equity']
2026-08-19 03:49:14,485 [INFO] src.cleaning: [SOBHA.NS] non-critical missing fields: ['return_on_equity']
2026-08-19 03:49:14,485 [INFO] src.cleaning: [SRF.NS] non-critical missing fields: ['return_on_equity']
2026-08-19 03:49:14,486 [INFO] src.cleaning: [SUNDRMFAST.NS] non-critical missing fields: ['return_on_equity']
2026-08-19 03:49:14,486 [INFO] src.cleaning: [SUNPHARMA.NS] non-critical missing fields: ['return_on_equity']
2026-08-19 03:49:14,486 [INFO] src.cleaning: [SUPREMEIND.NS] non-critical missing fields: ['return_on_equity']
2026-08-19 03:49:14,486 [INFO] src.cleaning: [TATACHEM.NS] non-critical missing fields: ['trailing_pe', 'return_on_equity']
2026-08-19 03:49:14,486 [INFO] src.cleaning: [TATACONSUM.NS] non-critical missing fields: ['return_on_equity']
2026-08-19 03:49:14,486 [INFO] src.cleaning: [TATAELXSI.NS] non-critical missing fields: ['return_on_equity']
2026-08-19 03:49:14,486 [INFO] src.cleaning: [TATAPOWER.NS] non-critical missing fields: ['return_on_equity']
2026-08-19 03:49:14,486 [INFO] src.cleaning: [TATASTEEL.NS] non-critical missing fields: ['return_on_equity']
2026-08-19 03:49:14,486 [INFO] src.cleaning: [TECHM.NS] non-critical missing fields: ['return_on_equity']
2026-08-19 03:49:14,486 [INFO] src.cleaning: [THERMAX.NS] non-critical missing fields: ['return_on_equity']
2026-08-19 03:49:14,486 [INFO] src.cleaning: [TIMKEN.NS] non-critical missing fields: ['return_on_equity']
2026-08-19 03:49:14,486 [INFO] src.cleaning: [TITAN.NS] non-critical missing fields: ['return_on_equity']
2026-08-19 03:49:14,486 [INFO] src.cleaning: [TMCV.NS] non-critical missing fields: ['return_on_equity']
2026-08-19 03:49:14,486 [INFO] src.cleaning: [TMPV.NS] non-critical missing fields: ['trailing_pe', 'return_on_equity']
2026-08-19 03:49:14,486 [INFO] src.cleaning: [TORNTPHARM.NS] non-critical missing fields: ['return_on_equity']
2026-08-19 03:49:14,486 [INFO] src.cleaning: [TORNTPOWER.NS] non-critical missing fields: ['return_on_equity']
2026-08-19 03:49:14,486 [INFO] src.cleaning: [TRENT.NS] non-critical missing fields: ['return_on_equity']
2026-08-19 03:49:14,486 [INFO] src.cleaning: [UCOBANK.NS] non-critical missing fields: ['ev_to_ebitda', 'debt_to_equity']
2026-08-19 03:49:14,486 [INFO] src.cleaning: [ULTRACEMCO.NS] non-critical missing fields: ['return_on_equity']
2026-08-19 03:49:14,486 [INFO] src.cleaning: [UNIONBANK.NS] non-critical missing fields: ['ev_to_ebitda', 'debt_to_equity', 'revenue_growth', 'total_debt']
2026-08-19 03:49:14,486 [INFO] src.cleaning: [UNITDSPR.NS] non-critical missing fields: ['return_on_equity']
2026-08-19 03:49:14,486 [INFO] src.cleaning: [UNOMINDA.NS] non-critical missing fields: ['return_on_equity']
2026-08-19 03:49:14,487 [INFO] src.cleaning: [UPL.NS] non-critical missing fields: ['return_on_equity']
2026-08-19 03:49:14,487 [INFO] src.cleaning: [VEDL.NS] non-critical missing fields: ['return_on_equity']
2026-08-19 03:49:14,487 [INFO] src.cleaning: [VOLTAS.NS] non-critical missing fields: ['return_on_equity']
2026-08-19 03:49:14,487 [INFO] src.cleaning: [WELCORP.NS] non-critical missing fields: ['return_on_equity']
2026-08-19 03:49:14,487 [INFO] src.cleaning: [WHIRLPOOL.NS] non-critical missing fields: ['return_on_equity']
2026-08-19 03:49:14,487 [INFO] src.cleaning: [ZEEL.NS] non-critical missing fields: ['return_on_equity']
2026-08-19 03:49:14,495 [INFO] src.cleaning: Cleaned 191/201 tickers -> data/processed/cleaned_universe.csv
2026-08-19 03:49:14,495 [INFO] src.cleaning: Full flag audit trail -> data/processed/cleaning_flags.csv
2026-08-19 03:49:14,495 [INFO] __main__: Cleaning validation passed: 191/201 tickers retained (95%)
2026-08-19 03:49:14,496 [INFO] __main__: === Stage 3/8: Scoring ===
2026-08-19 03:49:14,558 [INFO] src.scoring: Scored 191 companies -> data/processed/scored_universe.csv
2026-08-19 03:49:14,558 [INFO] src.scoring: Top 10 shortlist -> data/processed/shortlist_top_n.csv
2026-08-19 03:49:14,559 [WARNING] src.scoring: 24 companies scored on fewer than all 4 buckets (reweighted, not zero-filled) — see 'buckets_used' column: ['UNIONBANK.NS', 'IOB.NS', 'BANKINDIA.NS', 'CANBK.NS', 'ICICIGI.NS', 'PNB.NS', 'IDEA.NS', 'GICRE.NS', 'FEDERALBNK.NS', 'UCOBANK.NS', 'BANKBARODA.NS', 'SBIN.NS', 'AXISBANK.NS', 'KOTAKBANK.NS', 'ICICIBANK.NS', 'CENTRALBK.NS', 'SBILIFE.NS', 'HDFCBANK.NS', 'AUBANK.NS', 'BANDHANBNK.NS', 'GMRAIRPORT.NS', 'IDFCFIRSTB.NS', 'RBLBANK.NS', 'INDUSINDBK.NS']
2026-08-19 03:49:14,560 [INFO] __main__: Scoring validation passed: 191 companies ranked, all scores in valid range
2026-08-19 03:49:14,561 [INFO] __main__: === Stage 4/8: Comps + DuPont ===
2026-08-19 03:49:14,573 [INFO] src.comps_dupont: Comps + DuPont report for top 10 -> data/processed/comps_dupont_report.csv
2026-08-19 03:49:14,574 [WARNING] src.comps_dupont: 1 companies have a DuPont-implied ROE that diverges >5pp from reported ROE (possible data inconsistency, worth a manual check): ['IOB.NS']
2026-08-19 03:49:14,574 [INFO] __main__: === Stage 5/8: Explainability ===
2026-08-19 03:49:14,611 [INFO] src.explainability: Explanations for top 10 companies -> data/processed/explanations.csv
2026-08-19 03:49:14,612 [INFO] __main__: === Stage 6/8: Baseline Comparison ===
2026-08-19 03:49:14,619 [INFO] src.baseline_comparison: Baseline comparison -> data/processed/baseline_comparison.csv
2026-08-19 03:49:14,619 [INFO] __main__: === Stage 7/8: Acquisition Likelihood ===
2026-08-19 03:49:14,623 [INFO] src.acquisition_likelihood: 2 companies excluded from acquisition-likelihood scoring (negative/zero equity — financial distress, not a value-target thesis): ['IDEA.NS', 'GMRAIRPORT.NS']
2026-08-19 03:49:14,634 [INFO] src.acquisition_likelihood: Acquisition likelihood scoring -> data/processed/acquisition_likelihood.csv
2026-08-19 03:49:14,635 [INFO] __main__: === Stage 8/8: Historical Snapshot ===
2026-08-19 03:49:14,642 [INFO] src.history_tracker: Recorded shortlist snapshot for 2026-08-19 (10 companies) -> data/history/shortlist_history.csv (5 distinct days tracked so far)
2026-08-19 03:49:14,648 [INFO] src.history_tracker: Recorded acquisition-likelihood snapshot for 2026-08-19 (10 companies) -> data/history/acquisition_likelihood_history.csv (5 distinct days tracked so far)
2026-08-19 03:49:14,648 [INFO] __main__: === Pipeline completed successfully ===
2026-08-19 03:49:14,648 [INFO] __main__:   ingestion: {'total': 201, 'ok': 200}
2026-08-19 03:49:14,648 [INFO] __main__:   cleaning: {'retained': 191, 'input': 201}
2026-08-19 03:49:14,648 [INFO] __main__:   scoring: {'ranked': 191}
2026-08-19 03:49:14,648 [INFO] __main__:   comps_dupont: {'companies': 10}
2026-08-19 03:49:14,648 [INFO] __main__:   explainability: {'companies': 10}
2026-08-19 03:49:14,648 [INFO] __main__:   baseline_comparison: {'correlation': np.float64(0.476775094152128), 'overlap_pct': 0.1}
2026-08-19 03:49:14,648 [INFO] __main__:   acquisition_likelihood: {'companies': 10}
2026-08-19 03:49:14,649 [INFO] __main__:   history_tracker: {'recorded': True}
