2026-08-22 03:41:16,084 [INFO] __main__: Logging to file: logs/pipeline_run_2026-08-22T03-41-16Z.log
2026-08-22 03:41:16,084 [INFO] __main__: === Stage 1/8: Ingestion ===
2026-08-22 03:41:16,115 [INFO] src.ingestion: [ACC.NS] fetching fresh data
2026-08-22 03:41:17,649 [INFO] src.ingestion: [AMBUJACEM.NS] fetching fresh data
2026-08-22 03:41:18,657 [INFO] src.ingestion: [ULTRACEMCO.NS] fetching fresh data
2026-08-22 03:41:19,729 [INFO] src.ingestion: [SHREECEM.NS] fetching fresh data
2026-08-22 03:41:20,815 [INFO] src.ingestion: [JKCEMENT.NS] fetching fresh data
2026-08-22 03:41:21,842 [INFO] src.ingestion: [RAMCOCEM.NS] fetching fresh data
2026-08-22 03:41:22,852 [INFO] src.ingestion: [HEIDELBERG.NS] fetching fresh data
2026-08-22 03:41:23,970 [INFO] src.ingestion: [DALBHARAT.NS] fetching fresh data
2026-08-22 03:41:25,038 [INFO] src.ingestion: [INFY.NS] fetching fresh data
2026-08-22 03:41:26,078 [INFO] src.ingestion: [TCS.NS] fetching fresh data
2026-08-22 03:41:27,187 [INFO] src.ingestion: [WIPRO.NS] fetching fresh data
2026-08-22 03:41:28,309 [INFO] src.ingestion: [HCLTECH.NS] fetching fresh data
2026-08-22 03:41:29,330 [INFO] src.ingestion: [TECHM.NS] fetching fresh data
2026-08-22 03:41:30,287 [INFO] src.ingestion: [LTIM.NS] fetching fresh data
2026-08-22 03:41:30,527 [ERROR] yfinance: HTTP Error 404: {"quoteSummary":{"result":null,"error":{"code":"Not Found","description":"Quote not found for symbol: LTIM.NS"}}}
2026-08-22 03:41:30,688 [WARNING] src.ingestion: [LTIM.NS] attempt 1 failed: yfinance returned an empty info payload for LTIM.NS (no exception, but no usable data — likely a transient Yahoo-side issue or an invalid/delisted symbol)
2026-08-22 03:41:32,927 [ERROR] yfinance: HTTP Error 404: {"quoteSummary":{"result":null,"error":{"code":"Not Found","description":"Quote not found for symbol: LTIM.NS"}}}
2026-08-22 03:41:33,009 [WARNING] src.ingestion: [LTIM.NS] attempt 2 failed: yfinance returned an empty info payload for LTIM.NS (no exception, but no usable data — likely a transient Yahoo-side issue or an invalid/delisted symbol)
2026-08-22 03:41:37,247 [ERROR] yfinance: HTTP Error 404: {"quoteSummary":{"result":null,"error":{"code":"Not Found","description":"Quote not found for symbol: LTIM.NS"}}}
2026-08-22 03:41:37,330 [WARNING] src.ingestion: [LTIM.NS] attempt 3 failed: yfinance returned an empty info payload for LTIM.NS (no exception, but no usable data — likely a transient Yahoo-side issue or an invalid/delisted symbol)
2026-08-22 03:41:37,731 [INFO] src.ingestion: [PERSISTENT.NS] fetching fresh data
2026-08-22 03:41:38,796 [INFO] src.ingestion: [COFORGE.NS] fetching fresh data
2026-08-22 03:41:39,823 [INFO] src.ingestion: [MPHASIS.NS] fetching fresh data
2026-08-22 03:41:40,837 [INFO] src.ingestion: [LTTS.NS] fetching fresh data
2026-08-22 03:41:42,108 [INFO] src.ingestion: [TATAELXSI.NS] fetching fresh data
2026-08-22 03:41:43,229 [INFO] src.ingestion: [CYIENT.NS] fetching fresh data
2026-08-22 03:41:44,294 [INFO] src.ingestion: [KPITTECH.NS] fetching fresh data
2026-08-22 03:41:45,500 [INFO] src.ingestion: [HDFCBANK.NS] fetching fresh data
2026-08-22 03:41:46,425 [INFO] src.ingestion: [ICICIBANK.NS] fetching fresh data
2026-08-22 03:41:47,392 [INFO] src.ingestion: [SBIN.NS] fetching fresh data
2026-08-22 03:41:48,586 [INFO] src.ingestion: [AXISBANK.NS] fetching fresh data
2026-08-22 03:41:49,578 [INFO] src.ingestion: [KOTAKBANK.NS] fetching fresh data
2026-08-22 03:41:50,603 [INFO] src.ingestion: [INDUSINDBK.NS] fetching fresh data
2026-08-22 03:41:51,602 [INFO] src.ingestion: [FEDERALBNK.NS] fetching fresh data
2026-08-22 03:41:52,702 [INFO] src.ingestion: [BANDHANBNK.NS] fetching fresh data
2026-08-22 03:41:53,704 [INFO] src.ingestion: [IDFCFIRSTB.NS] fetching fresh data
2026-08-22 03:41:54,715 [INFO] src.ingestion: [PNB.NS] fetching fresh data
2026-08-22 03:41:55,722 [INFO] src.ingestion: [BANKBARODA.NS] fetching fresh data
2026-08-22 03:41:56,868 [INFO] src.ingestion: [CANBK.NS] fetching fresh data
2026-08-22 03:41:57,900 [INFO] src.ingestion: [UNIONBANK.NS] fetching fresh data
2026-08-22 03:41:59,100 [INFO] src.ingestion: [AUBANK.NS] fetching fresh data
2026-08-22 03:42:00,053 [INFO] src.ingestion: [RBLBANK.NS] fetching fresh data
2026-08-22 03:42:01,155 [INFO] src.ingestion: [BANKINDIA.NS] fetching fresh data
2026-08-22 03:42:02,275 [INFO] src.ingestion: [CENTRALBK.NS] fetching fresh data
2026-08-22 03:42:03,377 [INFO] src.ingestion: [IOB.NS] fetching fresh data
2026-08-22 03:42:04,476 [INFO] src.ingestion: [UCOBANK.NS] fetching fresh data
2026-08-22 03:42:05,525 [INFO] src.ingestion: [BAJFINANCE.NS] fetching fresh data
2026-08-22 03:42:06,582 [INFO] src.ingestion: [BAJAJFINSV.NS] fetching fresh data
2026-08-22 03:42:07,825 [INFO] src.ingestion: [CHOLAFIN.NS] fetching fresh data
2026-08-22 03:42:08,888 [INFO] src.ingestion: [MUTHOOTFIN.NS] fetching fresh data
2026-08-22 03:42:09,851 [INFO] src.ingestion: [LICHSGFIN.NS] fetching fresh data
2026-08-22 03:42:11,001 [INFO] src.ingestion: [SHRIRAMFIN.NS] fetching fresh data
2026-08-22 03:42:12,003 [INFO] src.ingestion: [PFC.NS] fetching fresh data
2026-08-22 03:42:12,999 [INFO] src.ingestion: [RECLTD.NS] fetching fresh data
2026-08-22 03:42:14,220 [INFO] src.ingestion: [IRFC.NS] fetching fresh data
2026-08-22 03:42:15,242 [INFO] src.ingestion: [HUDCO.NS] fetching fresh data
2026-08-22 03:42:16,314 [INFO] src.ingestion: [BAJAJHLDNG.NS] fetching fresh data
2026-08-22 03:42:17,261 [INFO] src.ingestion: [SBICARD.NS] fetching fresh data
2026-08-22 03:42:18,336 [INFO] src.ingestion: [MANAPPURAM.NS] fetching fresh data
2026-08-22 03:42:19,543 [INFO] src.ingestion: [POONAWALLA.NS] fetching fresh data
2026-08-22 03:42:20,737 [INFO] src.ingestion: [HDFCLIFE.NS] fetching fresh data
2026-08-22 03:42:22,026 [INFO] src.ingestion: [SBILIFE.NS] fetching fresh data
2026-08-22 03:42:23,078 [INFO] src.ingestion: [ICICIPRULI.NS] fetching fresh data
2026-08-22 03:42:24,393 [INFO] src.ingestion: [ICICIGI.NS] fetching fresh data
2026-08-22 03:42:25,373 [INFO] src.ingestion: [LICI.NS] fetching fresh data
2026-08-22 03:42:26,355 [INFO] src.ingestion: [GICRE.NS] fetching fresh data
2026-08-22 03:42:27,356 [INFO] src.ingestion: [MARUTI.NS] fetching fresh data
2026-08-22 03:42:28,359 [INFO] src.ingestion: [TMPV.NS] fetching fresh data
2026-08-22 03:42:29,379 [INFO] src.ingestion: [TMCV.NS] fetching fresh data
2026-08-22 03:42:30,370 [INFO] src.ingestion: [M&M.NS] fetching fresh data
2026-08-22 03:42:31,551 [INFO] src.ingestion: [EICHERMOT.NS] fetching fresh data
2026-08-22 03:42:32,755 [INFO] src.ingestion: [HEROMOTOCO.NS] fetching fresh data
2026-08-22 03:42:33,870 [INFO] src.ingestion: [BAJAJ-AUTO.NS] fetching fresh data
2026-08-22 03:42:34,971 [INFO] src.ingestion: [TVSMOTOR.NS] fetching fresh data
2026-08-22 03:42:35,980 [INFO] src.ingestion: [ASHOKLEY.NS] fetching fresh data
2026-08-22 03:42:37,013 [INFO] src.ingestion: [BHARATFORG.NS] fetching fresh data
2026-08-22 03:42:38,128 [INFO] src.ingestion: [MOTHERSON.NS] fetching fresh data
2026-08-22 03:42:39,256 [INFO] src.ingestion: [BOSCHLTD.NS] fetching fresh data
2026-08-22 03:42:40,443 [INFO] src.ingestion: [MRF.NS] fetching fresh data
2026-08-22 03:42:41,436 [INFO] src.ingestion: [ENDURANCE.NS] fetching fresh data
2026-08-22 03:42:42,473 [INFO] src.ingestion: [EXIDEIND.NS] fetching fresh data
2026-08-22 03:42:43,611 [INFO] src.ingestion: [ARE&M.NS] fetching fresh data
2026-08-22 03:42:44,624 [INFO] src.ingestion: [SUNDRMFAST.NS] fetching fresh data
2026-08-22 03:42:45,700 [INFO] src.ingestion: [UNOMINDA.NS] fetching fresh data
2026-08-22 03:42:46,747 [INFO] src.ingestion: [SUNPHARMA.NS] fetching fresh data
2026-08-22 03:42:47,863 [INFO] src.ingestion: [DRREDDY.NS] fetching fresh data
2026-08-22 03:42:49,107 [INFO] src.ingestion: [CIPLA.NS] fetching fresh data
2026-08-22 03:42:50,293 [INFO] src.ingestion: [DIVISLAB.NS] fetching fresh data
2026-08-22 03:42:51,260 [INFO] src.ingestion: [LUPIN.NS] fetching fresh data
2026-08-22 03:42:52,318 [INFO] src.ingestion: [AUROPHARMA.NS] fetching fresh data
2026-08-22 03:42:53,414 [INFO] src.ingestion: [BIOCON.NS] fetching fresh data
2026-08-22 03:42:54,389 [INFO] src.ingestion: [TORNTPHARM.NS] fetching fresh data
2026-08-22 03:42:55,339 [INFO] src.ingestion: [ALKEM.NS] fetching fresh data
2026-08-22 03:42:56,335 [INFO] src.ingestion: [ABBOTINDIA.NS] fetching fresh data
2026-08-22 03:42:57,303 [INFO] src.ingestion: [APOLLOHOSP.NS] fetching fresh data
2026-08-22 03:42:58,435 [INFO] src.ingestion: [FORTIS.NS] fetching fresh data
2026-08-22 03:42:59,489 [INFO] src.ingestion: [LALPATHLAB.NS] fetching fresh data
2026-08-22 03:43:00,576 [INFO] src.ingestion: [METROPOLIS.NS] fetching fresh data
2026-08-22 03:43:01,765 [INFO] src.ingestion: [GLAND.NS] fetching fresh data
2026-08-22 03:43:02,930 [INFO] src.ingestion: [LAURUSLABS.NS] fetching fresh data
2026-08-22 03:43:04,143 [INFO] src.ingestion: [GLENMARK.NS] fetching fresh data
2026-08-22 03:43:05,193 [INFO] src.ingestion: [IPCALAB.NS] fetching fresh data
2026-08-22 03:43:06,179 [INFO] src.ingestion: [HINDUNILVR.NS] fetching fresh data
2026-08-22 03:43:07,460 [INFO] src.ingestion: [ITC.NS] fetching fresh data
2026-08-22 03:43:08,551 [INFO] src.ingestion: [NESTLEIND.NS] fetching fresh data
2026-08-22 03:43:09,642 [INFO] src.ingestion: [BRITANNIA.NS] fetching fresh data
2026-08-22 03:43:10,817 [INFO] src.ingestion: [DABUR.NS] fetching fresh data
2026-08-22 03:43:11,803 [INFO] src.ingestion: [GODREJCP.NS] fetching fresh data
2026-08-22 03:43:12,832 [INFO] src.ingestion: [MARICO.NS] fetching fresh data
2026-08-22 03:43:13,875 [INFO] src.ingestion: [COLPAL.NS] fetching fresh data
2026-08-22 03:43:14,942 [INFO] src.ingestion: [TATACONSUM.NS] fetching fresh data
2026-08-22 03:43:15,960 [INFO] src.ingestion: [VBL.NS] fetching fresh data
2026-08-22 03:43:17,171 [INFO] src.ingestion: [UNITDSPR.NS] fetching fresh data
2026-08-22 03:43:18,332 [INFO] src.ingestion: [EMAMILTD.NS] fetching fresh data
2026-08-22 03:43:19,431 [INFO] src.ingestion: [TATASTEEL.NS] fetching fresh data
2026-08-22 03:43:20,692 [INFO] src.ingestion: [JSWSTEEL.NS] fetching fresh data
2026-08-22 03:43:21,868 [INFO] src.ingestion: [HINDALCO.NS] fetching fresh data
2026-08-22 03:43:22,954 [INFO] src.ingestion: [VEDL.NS] fetching fresh data
2026-08-22 03:43:24,072 [INFO] src.ingestion: [COALINDIA.NS] fetching fresh data
2026-08-22 03:43:25,282 [INFO] src.ingestion: [NMDC.NS] fetching fresh data
2026-08-22 03:43:26,503 [INFO] src.ingestion: [SAIL.NS] fetching fresh data
2026-08-22 03:43:27,579 [INFO] src.ingestion: [JINDALSTEL.NS] fetching fresh data
2026-08-22 03:43:28,725 [INFO] src.ingestion: [APLAPOLLO.NS] fetching fresh data
2026-08-22 03:43:29,746 [INFO] src.ingestion: [NATIONALUM.NS] fetching fresh data
2026-08-22 03:43:30,746 [INFO] src.ingestion: [HINDCOPPER.NS] fetching fresh data
2026-08-22 03:43:31,756 [INFO] src.ingestion: [RATNAMANI.NS] fetching fresh data
2026-08-22 03:43:32,989 [INFO] src.ingestion: [HINDZINC.NS] fetching fresh data
2026-08-22 03:43:33,964 [INFO] src.ingestion: [WELCORP.NS] fetching fresh data
2026-08-22 03:43:34,941 [INFO] src.ingestion: [JSL.NS] fetching fresh data
2026-08-22 03:43:36,063 [INFO] src.ingestion: [RELIANCE.NS] fetching fresh data
2026-08-22 03:43:37,213 [INFO] src.ingestion: [ONGC.NS] fetching fresh data
2026-08-22 03:43:38,340 [INFO] src.ingestion: [BPCL.NS] fetching fresh data
2026-08-22 03:43:39,356 [INFO] src.ingestion: [IOC.NS] fetching fresh data
2026-08-22 03:43:40,545 [INFO] src.ingestion: [GAIL.NS] fetching fresh data
2026-08-22 03:43:41,512 [INFO] src.ingestion: [NTPC.NS] fetching fresh data
2026-08-22 03:43:42,662 [INFO] src.ingestion: [POWERGRID.NS] fetching fresh data
2026-08-22 03:43:43,636 [INFO] src.ingestion: [TATAPOWER.NS] fetching fresh data
2026-08-22 03:43:44,668 [INFO] src.ingestion: [ADANIGREEN.NS] fetching fresh data
2026-08-22 03:43:45,872 [INFO] src.ingestion: [ADANIPOWER.NS] fetching fresh data
2026-08-22 03:43:47,030 [INFO] src.ingestion: [TORNTPOWER.NS] fetching fresh data
2026-08-22 03:43:48,230 [INFO] src.ingestion: [LT.NS] fetching fresh data
2026-08-22 03:43:49,347 [INFO] src.ingestion: [SIEMENS.NS] fetching fresh data
2026-08-22 03:43:50,478 [INFO] src.ingestion: [ABB.NS] fetching fresh data
2026-08-22 03:43:51,642 [INFO] src.ingestion: [HAL.NS] fetching fresh data
2026-08-22 03:43:52,717 [INFO] src.ingestion: [BEL.NS] fetching fresh data
2026-08-22 03:43:53,706 [INFO] src.ingestion: [BHEL.NS] fetching fresh data
2026-08-22 03:43:54,798 [INFO] src.ingestion: [CUMMINSIND.NS] fetching fresh data
2026-08-22 03:43:55,866 [INFO] src.ingestion: [THERMAX.NS] fetching fresh data
2026-08-22 03:43:56,891 [INFO] src.ingestion: [POLYCAB.NS] fetching fresh data
2026-08-22 03:43:57,893 [INFO] src.ingestion: [KEI.NS] fetching fresh data
2026-08-22 03:43:58,963 [INFO] src.ingestion: [HAVELLS.NS] fetching fresh data
2026-08-22 03:43:59,947 [INFO] src.ingestion: [CROMPTON.NS] fetching fresh data
2026-08-22 03:44:01,215 [INFO] src.ingestion: [SUPREMEIND.NS] fetching fresh data
2026-08-22 03:44:02,275 [INFO] src.ingestion: [ASTRAL.NS] fetching fresh data
2026-08-22 03:44:03,363 [INFO] src.ingestion: [GRINDWELL.NS] fetching fresh data
2026-08-22 03:44:04,496 [INFO] src.ingestion: [CARBORUNIV.NS] fetching fresh data
2026-08-22 03:44:05,557 [INFO] src.ingestion: [TIMKEN.NS] fetching fresh data
2026-08-22 03:44:06,604 [INFO] src.ingestion: [SKFINDIA.NS] fetching fresh data
2026-08-22 03:44:07,631 [INFO] src.ingestion: [SRF.NS] fetching fresh data
2026-08-22 03:44:08,673 [INFO] src.ingestion: [PIIND.NS] fetching fresh data
2026-08-22 03:44:09,658 [INFO] src.ingestion: [DEEPAKNTR.NS] fetching fresh data
2026-08-22 03:44:10,653 [INFO] src.ingestion: [AARTIIND.NS] fetching fresh data
2026-08-22 03:44:12,005 [INFO] src.ingestion: [NAVINFLUOR.NS] fetching fresh data
2026-08-22 03:44:13,223 [INFO] src.ingestion: [UPL.NS] fetching fresh data
2026-08-22 03:44:14,404 [INFO] src.ingestion: [COROMANDEL.NS] fetching fresh data
2026-08-22 03:44:15,423 [INFO] src.ingestion: [CHAMBLFERT.NS] fetching fresh data
2026-08-22 03:44:16,506 [INFO] src.ingestion: [GNFC.NS] fetching fresh data
2026-08-22 03:44:17,612 [INFO] src.ingestion: [PIDILITIND.NS] fetching fresh data
2026-08-22 03:44:18,744 [INFO] src.ingestion: [TATACHEM.NS] fetching fresh data
2026-08-22 03:44:19,815 [INFO] src.ingestion: [GHCL.NS] fetching fresh data
2026-08-22 03:44:20,824 [INFO] src.ingestion: [TITAN.NS] fetching fresh data
2026-08-22 03:44:22,099 [INFO] src.ingestion: [DMART.NS] fetching fresh data
2026-08-22 03:44:23,168 [INFO] src.ingestion: [TRENT.NS] fetching fresh data
2026-08-22 03:44:24,333 [INFO] src.ingestion: [BATAINDIA.NS] fetching fresh data
2026-08-22 03:44:25,517 [INFO] src.ingestion: [PAGEIND.NS] fetching fresh data
2026-08-22 03:44:26,624 [INFO] src.ingestion: [JUBLFOOD.NS] fetching fresh data
2026-08-22 03:44:27,596 [INFO] src.ingestion: [VOLTAS.NS] fetching fresh data
2026-08-22 03:44:28,874 [INFO] src.ingestion: [DIXON.NS] fetching fresh data
2026-08-22 03:44:30,144 [INFO] src.ingestion: [RELAXO.NS] fetching fresh data
2026-08-22 03:44:31,176 [INFO] src.ingestion: [KAJARIACER.NS] fetching fresh data
2026-08-22 03:44:32,309 [INFO] src.ingestion: [WHIRLPOOL.NS] fetching fresh data
2026-08-22 03:44:33,490 [INFO] src.ingestion: [BLUESTARCO.NS] fetching fresh data
2026-08-22 03:44:34,519 [INFO] src.ingestion: [PGHH.NS] fetching fresh data
2026-08-22 03:44:35,528 [INFO] src.ingestion: [GILLETTE.NS] fetching fresh data
2026-08-22 03:44:36,471 [INFO] src.ingestion: [BHARTIARTL.NS] fetching fresh data
2026-08-22 03:44:37,473 [INFO] src.ingestion: [IDEA.NS] fetching fresh data
2026-08-22 03:44:38,559 [INFO] src.ingestion: [INDUSTOWER.NS] fetching fresh data
2026-08-22 03:44:39,694 [INFO] src.ingestion: [PVRINOX.NS] fetching fresh data
2026-08-22 03:44:40,783 [INFO] src.ingestion: [ZEEL.NS] fetching fresh data
2026-08-22 03:44:42,397 [INFO] src.ingestion: [ADANIPORTS.NS] fetching fresh data
2026-08-22 03:44:43,393 [INFO] src.ingestion: [ADANIENT.NS] fetching fresh data
2026-08-22 03:44:44,465 [INFO] src.ingestion: [GMRAIRPORT.NS] fetching fresh data
2026-08-22 03:44:45,706 [INFO] src.ingestion: [CONCOR.NS] fetching fresh data
2026-08-22 03:44:47,058 [INFO] src.ingestion: [IRCTC.NS] fetching fresh data
2026-08-22 03:44:48,224 [INFO] src.ingestion: [INDIGO.NS] fetching fresh data
2026-08-22 03:44:49,316 [INFO] src.ingestion: [RVNL.NS] fetching fresh data
2026-08-22 03:44:50,296 [INFO] src.ingestion: [IRCON.NS] fetching fresh data
2026-08-22 03:44:51,406 [INFO] src.ingestion: [NBCC.NS] fetching fresh data
2026-08-22 03:44:52,516 [INFO] src.ingestion: [NCC.NS] fetching fresh data
2026-08-22 03:44:53,506 [INFO] src.ingestion: [MAZDOCK.NS] fetching fresh data
2026-08-22 03:44:54,463 [INFO] src.ingestion: [COCHINSHIP.NS] fetching fresh data
2026-08-22 03:44:55,544 [INFO] src.ingestion: [DLF.NS] fetching fresh data
2026-08-22 03:44:56,558 [INFO] src.ingestion: [GODREJPROP.NS] fetching fresh data
2026-08-22 03:44:57,669 [INFO] src.ingestion: [OBEROIRLTY.NS] fetching fresh data
2026-08-22 03:44:58,697 [INFO] src.ingestion: [PRESTIGE.NS] fetching fresh data
2026-08-22 03:44:59,869 [INFO] src.ingestion: [PHOENIXLTD.NS] fetching fresh data
2026-08-22 03:45:01,235 [INFO] src.ingestion: [SOBHA.NS] fetching fresh data
2026-08-22 03:45:02,272 [INFO] src.ingestion: Fetched 200/201 tickers successfully
2026-08-22 03:45:02,272 [WARNING] src.ingestion: Failed tickers (excluded from downstream, not silently zeroed): ['LTIM.NS']
2026-08-22 03:45:02,272 [INFO] __main__: Ingestion validation passed: 200/201 tickers (100%)
2026-08-22 03:45:02,272 [INFO] __main__: === Stage 2/8: Cleaning ===
2026-08-22 03:45:02,280 [WARNING] src.cleaning: [ASHOKLEY.NS] EXCLUDED: missing critical fields: ['market_cap']
2026-08-22 03:45:02,280 [WARNING] src.cleaning: [BIOCON.NS] EXCLUDED: missing critical fields: ['market_cap']
2026-08-22 03:45:02,280 [WARNING] src.cleaning: [BOSCHLTD.NS] EXCLUDED: missing critical fields: ['market_cap']
2026-08-22 03:45:02,280 [WARNING] src.cleaning: [IOC.NS] EXCLUDED: missing critical fields: ['market_cap']
2026-08-22 03:45:02,280 [WARNING] src.cleaning: [JUBLFOOD.NS] EXCLUDED: missing critical fields: ['market_cap']
2026-08-22 03:45:02,280 [WARNING] src.cleaning: [LTIM.NS] EXCLUDED: ingestion failed: yfinance returned an empty info payload for LTIM.NS (no exception, but no usable data — likely a transient Yahoo-side issue or an invalid/delisted symbol)
2026-08-22 03:45:02,281 [WARNING] src.cleaning: [RECLTD.NS] EXCLUDED: missing critical fields: ['market_cap']
2026-08-22 03:45:02,281 [WARNING] src.cleaning: [RELIANCE.NS] EXCLUDED: missing critical fields: ['market_cap']
2026-08-22 03:45:02,281 [WARNING] src.cleaning: [TCS.NS] EXCLUDED: missing critical fields: ['market_cap']
2026-08-22 03:45:02,281 [WARNING] src.cleaning: [TVSMOTOR.NS] EXCLUDED: missing critical fields: ['market_cap']
2026-08-22 03:45:02,281 [INFO] src.cleaning: [AARTIIND.NS] non-critical missing fields: ['return_on_equity']
2026-08-22 03:45:02,281 [INFO] src.cleaning: [ABBOTINDIA.NS] non-critical missing fields: ['return_on_equity']
2026-08-22 03:45:02,281 [INFO] src.cleaning: [ACC.NS] non-critical missing fields: ['return_on_equity']
2026-08-22 03:45:02,281 [INFO] src.cleaning: [ADANIENT.NS] non-critical missing fields: ['return_on_equity']
2026-08-22 03:45:02,281 [INFO] src.cleaning: [ADANIGREEN.NS] non-critical missing fields: ['return_on_equity']
2026-08-22 03:45:02,281 [INFO] src.cleaning: [ADANIPORTS.NS] non-critical missing fields: ['return_on_equity']
2026-08-22 03:45:02,281 [INFO] src.cleaning: [ADANIPOWER.NS] non-critical missing fields: ['return_on_equity']
2026-08-22 03:45:02,281 [INFO] src.cleaning: [ALKEM.NS] non-critical missing fields: ['return_on_equity']
2026-08-22 03:45:02,282 [INFO] src.cleaning: [AMBUJACEM.NS] non-critical missing fields: ['return_on_equity']
2026-08-22 03:45:02,282 [INFO] src.cleaning: [APLAPOLLO.NS] non-critical missing fields: ['return_on_equity']
2026-08-22 03:45:02,282 [INFO] src.cleaning: [APOLLOHOSP.NS] non-critical missing fields: ['return_on_equity']
2026-08-22 03:45:02,282 [INFO] src.cleaning: [ARE&M.NS] non-critical missing fields: ['return_on_equity']
2026-08-22 03:45:02,282 [INFO] src.cleaning: [ASTRAL.NS] non-critical missing fields: ['return_on_equity']
2026-08-22 03:45:02,282 [INFO] src.cleaning: [AUBANK.NS] non-critical missing fields: ['ev_to_ebitda', 'return_on_equity', 'debt_to_equity']
2026-08-22 03:45:02,282 [INFO] src.cleaning: [AUROPHARMA.NS] non-critical missing fields: ['return_on_equity']
2026-08-22 03:45:02,282 [INFO] src.cleaning: [AXISBANK.NS] non-critical missing fields: ['ev_to_ebitda', 'debt_to_equity']
2026-08-22 03:45:02,282 [INFO] src.cleaning: [BAJAJ-AUTO.NS] non-critical missing fields: ['return_on_equity']
2026-08-22 03:45:02,282 [INFO] src.cleaning: [BAJAJFINSV.NS] non-critical missing fields: ['return_on_equity']
2026-08-22 03:45:02,282 [WARNING] src.cleaning: [BAJAJHLDNG.NS] outlier values flagged: ['net_margin']
2026-08-22 03:45:02,282 [INFO] src.cleaning: [BAJFINANCE.NS] non-critical missing fields: ['ev_to_ebitda', 'return_on_equity']
2026-08-22 03:45:02,282 [INFO] src.cleaning: [BANDHANBNK.NS] non-critical missing fields: ['ev_to_ebitda', 'return_on_equity', 'debt_to_equity']
2026-08-22 03:45:02,282 [INFO] src.cleaning: [BANKBARODA.NS] non-critical missing fields: ['ev_to_ebitda', 'debt_to_equity']
2026-08-22 03:45:02,282 [INFO] src.cleaning: [BANKINDIA.NS] non-critical missing fields: ['ev_to_ebitda', 'debt_to_equity']
2026-08-22 03:45:02,282 [INFO] src.cleaning: [BATAINDIA.NS] non-critical missing fields: ['return_on_equity']
2026-08-22 03:45:02,282 [INFO] src.cleaning: [BEL.NS] non-critical missing fields: ['return_on_equity']
2026-08-22 03:45:02,282 [INFO] src.cleaning: [BHARATFORG.NS] non-critical missing fields: ['return_on_equity']
2026-08-22 03:45:02,282 [INFO] src.cleaning: [BHEL.NS] non-critical missing fields: ['return_on_equity']
2026-08-22 03:45:02,282 [INFO] src.cleaning: [BLUESTARCO.NS] non-critical missing fields: ['return_on_equity']
2026-08-22 03:45:02,282 [INFO] src.cleaning: [BPCL.NS] non-critical missing fields: ['return_on_equity']
2026-08-22 03:45:02,282 [INFO] src.cleaning: [BRITANNIA.NS] non-critical missing fields: ['return_on_equity']
2026-08-22 03:45:02,282 [INFO] src.cleaning: [CANBK.NS] non-critical missing fields: ['ev_to_ebitda', 'return_on_equity', 'debt_to_equity']
2026-08-22 03:45:02,282 [INFO] src.cleaning: [CARBORUNIV.NS] non-critical missing fields: ['return_on_equity']
2026-08-22 03:45:02,283 [INFO] src.cleaning: [CENTRALBK.NS] non-critical missing fields: ['ev_to_ebitda', 'debt_to_equity']
2026-08-22 03:45:02,283 [INFO] src.cleaning: [CHAMBLFERT.NS] non-critical missing fields: ['return_on_equity']
2026-08-22 03:45:02,283 [INFO] src.cleaning: [CHOLAFIN.NS] non-critical missing fields: ['ev_to_ebitda', 'return_on_equity']
2026-08-22 03:45:02,283 [INFO] src.cleaning: [CIPLA.NS] non-critical missing fields: ['return_on_equity']
2026-08-22 03:45:02,283 [INFO] src.cleaning: [COALINDIA.NS] non-critical missing fields: ['return_on_equity']
2026-08-22 03:45:02,283 [INFO] src.cleaning: [COFORGE.NS] non-critical missing fields: ['return_on_equity']
2026-08-22 03:45:02,283 [INFO] src.cleaning: [COLPAL.NS] non-critical missing fields: ['return_on_equity']
2026-08-22 03:45:02,283 [INFO] src.cleaning: [CONCOR.NS] non-critical missing fields: ['return_on_equity']
2026-08-22 03:45:02,283 [INFO] src.cleaning: [COROMANDEL.NS] non-critical missing fields: ['return_on_equity']
2026-08-22 03:45:02,283 [INFO] src.cleaning: [CROMPTON.NS] non-critical missing fields: ['trailing_pe', 'return_on_equity']
2026-08-22 03:45:02,283 [INFO] src.cleaning: [CUMMINSIND.NS] non-critical missing fields: ['return_on_equity']
2026-08-22 03:45:02,283 [INFO] src.cleaning: [CYIENT.NS] non-critical missing fields: ['return_on_equity']
2026-08-22 03:45:02,283 [INFO] src.cleaning: [DABUR.NS] non-critical missing fields: ['return_on_equity']
2026-08-22 03:45:02,283 [INFO] src.cleaning: [DALBHARAT.NS] non-critical missing fields: ['return_on_equity']
2026-08-22 03:45:02,283 [INFO] src.cleaning: [DEEPAKNTR.NS] non-critical missing fields: ['return_on_equity']
2026-08-22 03:45:02,283 [INFO] src.cleaning: [DIVISLAB.NS] non-critical missing fields: ['return_on_equity']
2026-08-22 03:45:02,283 [INFO] src.cleaning: [DIXON.NS] non-critical missing fields: ['return_on_equity']
2026-08-22 03:45:02,283 [INFO] src.cleaning: [DMART.NS] non-critical missing fields: ['return_on_equity']
2026-08-22 03:45:02,283 [INFO] src.cleaning: [EICHERMOT.NS] non-critical missing fields: ['return_on_equity']
2026-08-22 03:45:02,283 [INFO] src.cleaning: [EMAMILTD.NS] non-critical missing fields: ['return_on_equity']
2026-08-22 03:45:02,283 [INFO] src.cleaning: [ENDURANCE.NS] non-critical missing fields: ['return_on_equity']
2026-08-22 03:45:02,283 [INFO] src.cleaning: [EXIDEIND.NS] non-critical missing fields: ['return_on_equity']
2026-08-22 03:45:02,283 [INFO] src.cleaning: [FEDERALBNK.NS] non-critical missing fields: ['ev_to_ebitda', 'return_on_equity', 'debt_to_equity']
2026-08-22 03:45:02,283 [INFO] src.cleaning: [FORTIS.NS] non-critical missing fields: ['return_on_equity']
2026-08-22 03:45:02,283 [INFO] src.cleaning: [GAIL.NS] non-critical missing fields: ['return_on_equity']
2026-08-22 03:45:02,283 [INFO] src.cleaning: [GHCL.NS] non-critical missing fields: ['return_on_equity']
2026-08-22 03:45:02,283 [INFO] src.cleaning: [GICRE.NS] non-critical missing fields: ['ev_to_ebitda', 'debt_to_equity']
2026-08-22 03:45:02,283 [INFO] src.cleaning: [GILLETTE.NS] non-critical missing fields: ['return_on_equity']
2026-08-22 03:45:02,283 [INFO] src.cleaning: [GLAND.NS] non-critical missing fields: ['return_on_equity']
2026-08-22 03:45:02,283 [INFO] src.cleaning: [GLENMARK.NS] non-critical missing fields: ['return_on_equity']
2026-08-22 03:45:02,283 [WARNING] src.cleaning: [GMRAIRPORT.NS] negative/zero equity — DuPont ROE math will be invalid downstream
2026-08-22 03:45:02,284 [INFO] src.cleaning: [GMRAIRPORT.NS] non-critical missing fields: ['return_on_equity', 'debt_to_equity']
2026-08-22 03:45:02,284 [INFO] src.cleaning: [GNFC.NS] non-critical missing fields: ['return_on_equity']
2026-08-22 03:45:02,284 [INFO] src.cleaning: [GODREJCP.NS] non-critical missing fields: ['return_on_equity']
2026-08-22 03:45:02,284 [INFO] src.cleaning: [GODREJPROP.NS] non-critical missing fields: ['return_on_equity']
2026-08-22 03:45:02,284 [INFO] src.cleaning: [GRINDWELL.NS] non-critical missing fields: ['return_on_equity']
2026-08-22 03:45:02,284 [INFO] src.cleaning: [HAL.NS] non-critical missing fields: ['return_on_equity']
2026-08-22 03:45:02,284 [INFO] src.cleaning: [HAVELLS.NS] non-critical missing fields: ['return_on_equity']
2026-08-22 03:45:02,284 [WARNING] src.cleaning: [HCLTECH.NS] outlier values flagged: ['ev_to_ebitda']
2026-08-22 03:45:02,284 [INFO] src.cleaning: [HDFCBANK.NS] non-critical missing fields: ['ev_to_ebitda', 'debt_to_equity']
2026-08-22 03:45:02,284 [INFO] src.cleaning: [HEIDELBERG.NS] non-critical missing fields: ['return_on_equity']
2026-08-22 03:45:02,284 [INFO] src.cleaning: [HEROMOTOCO.NS] non-critical missing fields: ['return_on_equity']
2026-08-22 03:45:02,284 [INFO] src.cleaning: [HINDALCO.NS] non-critical missing fields: ['return_on_equity']
2026-08-22 03:45:02,284 [INFO] src.cleaning: [HINDCOPPER.NS] non-critical missing fields: ['return_on_equity']
2026-08-22 03:45:02,284 [INFO] src.cleaning: [HINDUNILVR.NS] non-critical missing fields: ['return_on_equity']
2026-08-22 03:45:02,284 [INFO] src.cleaning: [HINDZINC.NS] non-critical missing fields: ['return_on_equity']
2026-08-22 03:45:02,284 [INFO] src.cleaning: [HUDCO.NS] non-critical missing fields: ['ev_to_ebitda', 'return_on_equity']
2026-08-22 03:45:02,284 [INFO] src.cleaning: [ICICIBANK.NS] non-critical missing fields: ['ev_to_ebitda', 'debt_to_equity']
2026-08-22 03:45:02,284 [INFO] src.cleaning: [ICICIGI.NS] non-critical missing fields: ['debt_to_equity']
2026-08-22 03:45:02,284 [WARNING] src.cleaning: [IDEA.NS] negative/zero equity — DuPont ROE math will be invalid downstream
2026-08-22 03:45:02,284 [INFO] src.cleaning: [IDEA.NS] non-critical missing fields: ['return_on_equity', 'debt_to_equity']
2026-08-22 03:45:02,284 [INFO] src.cleaning: [IDFCFIRSTB.NS] non-critical missing fields: ['ev_to_ebitda', 'return_on_equity', 'debt_to_equity', 'total_debt']
2026-08-22 03:45:02,284 [INFO] src.cleaning: [INDIGO.NS] non-critical missing fields: ['trailing_pe', 'return_on_equity']
2026-08-22 03:45:02,284 [INFO] src.cleaning: [INDUSINDBK.NS] non-critical missing fields: ['ev_to_ebitda', 'return_on_equity', 'debt_to_equity']
2026-08-22 03:45:02,284 [WARNING] src.cleaning: [INFY.NS] outlier values flagged: ['ev_to_ebitda']
2026-08-22 03:45:02,284 [INFO] src.cleaning: [IOB.NS] non-critical missing fields: ['ev_to_ebitda', 'debt_to_equity']
2026-08-22 03:45:02,284 [INFO] src.cleaning: [IPCALAB.NS] non-critical missing fields: ['return_on_equity']
2026-08-22 03:45:02,284 [INFO] src.cleaning: [IRCON.NS] non-critical missing fields: ['return_on_equity']
2026-08-22 03:45:02,284 [INFO] src.cleaning: [IRCTC.NS] non-critical missing fields: ['return_on_equity']
2026-08-22 03:45:02,284 [INFO] src.cleaning: [IRFC.NS] non-critical missing fields: ['ev_to_ebitda', 'return_on_equity']
2026-08-22 03:45:02,284 [INFO] src.cleaning: [ITC.NS] non-critical missing fields: ['return_on_equity']
2026-08-22 03:45:02,284 [INFO] src.cleaning: [JINDALSTEL.NS] non-critical missing fields: ['return_on_equity']
2026-08-22 03:45:02,284 [INFO] src.cleaning: [JKCEMENT.NS] non-critical missing fields: ['return_on_equity']
2026-08-22 03:45:02,284 [INFO] src.cleaning: [JSL.NS] non-critical missing fields: ['return_on_equity']
2026-08-22 03:45:02,284 [INFO] src.cleaning: [JSWSTEEL.NS] non-critical missing fields: ['return_on_equity']
2026-08-22 03:45:02,284 [INFO] src.cleaning: [KAJARIACER.NS] non-critical missing fields: ['return_on_equity']
2026-08-22 03:45:02,284 [INFO] src.cleaning: [KEI.NS] non-critical missing fields: ['return_on_equity']
2026-08-22 03:45:02,284 [INFO] src.cleaning: [KOTAKBANK.NS] non-critical missing fields: ['ev_to_ebitda', 'return_on_equity', 'debt_to_equity']
2026-08-22 03:45:02,284 [INFO] src.cleaning: [KPITTECH.NS] non-critical missing fields: ['return_on_equity']
2026-08-22 03:45:02,284 [INFO] src.cleaning: [LALPATHLAB.NS] non-critical missing fields: ['return_on_equity']
2026-08-22 03:45:02,285 [INFO] src.cleaning: [LAURUSLABS.NS] non-critical missing fields: ['return_on_equity']
2026-08-22 03:45:02,285 [INFO] src.cleaning: [LICHSGFIN.NS] non-critical missing fields: ['ev_to_ebitda', 'return_on_equity']
2026-08-22 03:45:02,285 [INFO] src.cleaning: [LICI.NS] non-critical missing fields: ['return_on_equity']
2026-08-22 03:45:02,285 [INFO] src.cleaning: [LTTS.NS] non-critical missing fields: ['return_on_equity']
2026-08-22 03:45:02,285 [INFO] src.cleaning: [LT.NS] non-critical missing fields: ['return_on_equity']
2026-08-22 03:45:02,285 [INFO] src.cleaning: [LUPIN.NS] non-critical missing fields: ['return_on_equity']
2026-08-22 03:45:02,285 [INFO] src.cleaning: [M&M.NS] non-critical missing fields: ['return_on_equity']
2026-08-22 03:45:02,285 [INFO] src.cleaning: [MANAPPURAM.NS] non-critical missing fields: ['ev_to_ebitda', 'return_on_equity']
2026-08-22 03:45:02,285 [INFO] src.cleaning: [MARICO.NS] non-critical missing fields: ['return_on_equity']
2026-08-22 03:45:02,285 [INFO] src.cleaning: [MARUTI.NS] non-critical missing fields: ['return_on_equity']
2026-08-22 03:45:02,285 [INFO] src.cleaning: [MAZDOCK.NS] non-critical missing fields: ['return_on_equity']
2026-08-22 03:45:02,285 [INFO] src.cleaning: [METROPOLIS.NS] non-critical missing fields: ['return_on_equity']
2026-08-22 03:45:02,285 [INFO] src.cleaning: [MOTHERSON.NS] non-critical missing fields: ['return_on_equity']
2026-08-22 03:45:02,285 [INFO] src.cleaning: [MRF.NS] non-critical missing fields: ['return_on_equity']
2026-08-22 03:45:02,285 [INFO] src.cleaning: [MUTHOOTFIN.NS] non-critical missing fields: ['ev_to_ebitda']
2026-08-22 03:45:02,285 [INFO] src.cleaning: [NATIONALUM.NS] non-critical missing fields: ['return_on_equity']
2026-08-22 03:45:02,285 [INFO] src.cleaning: [NAVINFLUOR.NS] non-critical missing fields: ['return_on_equity']
2026-08-22 03:45:02,285 [INFO] src.cleaning: [NBCC.NS] non-critical missing fields: ['return_on_equity']
2026-08-22 03:45:02,285 [INFO] src.cleaning: [NCC.NS] non-critical missing fields: ['return_on_equity']
2026-08-22 03:45:02,285 [INFO] src.cleaning: [NESTLEIND.NS] non-critical missing fields: ['return_on_equity']
2026-08-22 03:45:02,285 [INFO] src.cleaning: [NMDC.NS] non-critical missing fields: ['return_on_equity']
2026-08-22 03:45:02,285 [INFO] src.cleaning: [NTPC.NS] non-critical missing fields: ['return_on_equity']
2026-08-22 03:45:02,285 [INFO] src.cleaning: [OBEROIRLTY.NS] non-critical missing fields: ['return_on_equity']
2026-08-22 03:45:02,285 [INFO] src.cleaning: [ONGC.NS] non-critical missing fields: ['return_on_equity']
2026-08-22 03:45:02,286 [INFO] src.cleaning: [PAGEIND.NS] non-critical missing fields: ['return_on_equity']
2026-08-22 03:45:02,286 [INFO] src.cleaning: [PFC.NS] non-critical missing fields: ['ev_to_ebitda', 'return_on_equity']
2026-08-22 03:45:02,286 [INFO] src.cleaning: [PGHH.NS] non-critical missing fields: ['return_on_equity']
2026-08-22 03:45:02,286 [INFO] src.cleaning: [PHOENIXLTD.NS] non-critical missing fields: ['return_on_equity']
2026-08-22 03:45:02,286 [INFO] src.cleaning: [PIDILITIND.NS] non-critical missing fields: ['return_on_equity']
2026-08-22 03:45:02,286 [INFO] src.cleaning: [PIIND.NS] non-critical missing fields: ['return_on_equity']
2026-08-22 03:45:02,286 [INFO] src.cleaning: [PNB.NS] non-critical missing fields: ['ev_to_ebitda', 'debt_to_equity']
2026-08-22 03:45:02,286 [INFO] src.cleaning: [POONAWALLA.NS] non-critical missing fields: ['ev_to_ebitda', 'return_on_equity']
2026-08-22 03:45:02,286 [INFO] src.cleaning: [POWERGRID.NS] non-critical missing fields: ['return_on_equity']
2026-08-22 03:45:02,286 [INFO] src.cleaning: [PVRINOX.NS] non-critical missing fields: ['return_on_equity']
2026-08-22 03:45:02,286 [INFO] src.cleaning: [RAMCOCEM.NS] non-critical missing fields: ['return_on_equity']
2026-08-22 03:45:02,286 [INFO] src.cleaning: [RATNAMANI.NS] non-critical missing fields: ['return_on_equity']
2026-08-22 03:45:02,286 [INFO] src.cleaning: [RBLBANK.NS] non-critical missing fields: ['ev_to_ebitda', 'return_on_equity', 'debt_to_equity']
2026-08-22 03:45:02,286 [INFO] src.cleaning: [RELAXO.NS] non-critical missing fields: ['return_on_equity']
2026-08-22 03:45:02,286 [INFO] src.cleaning: [RVNL.NS] non-critical missing fields: ['return_on_equity']
2026-08-22 03:45:02,286 [INFO] src.cleaning: [SAIL.NS] non-critical missing fields: ['return_on_equity']
2026-08-22 03:45:02,286 [INFO] src.cleaning: [SBICARD.NS] non-critical missing fields: ['ev_to_ebitda', 'return_on_equity']
2026-08-22 03:45:02,286 [INFO] src.cleaning: [SBILIFE.NS] non-critical missing fields: ['debt_to_equity']
2026-08-22 03:45:02,286 [INFO] src.cleaning: [SBIN.NS] non-critical missing fields: ['ev_to_ebitda', 'debt_to_equity']
2026-08-22 03:45:02,286 [INFO] src.cleaning: [SHREECEM.NS] non-critical missing fields: ['return_on_equity']
2026-08-22 03:45:02,287 [INFO] src.cleaning: [SHRIRAMFIN.NS] non-critical missing fields: ['ev_to_ebitda']
2026-08-22 03:45:02,287 [INFO] src.cleaning: [SIEMENS.NS] non-critical missing fields: ['return_on_equity']
2026-08-22 03:45:02,287 [INFO] src.cleaning: [SKFINDIA.NS] non-critical missing fields: ['return_on_equity']
2026-08-22 03:45:02,287 [INFO] src.cleaning: [SOBHA.NS] non-critical missing fields: ['return_on_equity']
2026-08-22 03:45:02,287 [INFO] src.cleaning: [SRF.NS] non-critical missing fields: ['return_on_equity']
2026-08-22 03:45:02,287 [INFO] src.cleaning: [SUNDRMFAST.NS] non-critical missing fields: ['return_on_equity']
2026-08-22 03:45:02,287 [INFO] src.cleaning: [SUNPHARMA.NS] non-critical missing fields: ['return_on_equity']
2026-08-22 03:45:02,287 [INFO] src.cleaning: [SUPREMEIND.NS] non-critical missing fields: ['return_on_equity']
2026-08-22 03:45:02,287 [INFO] src.cleaning: [TATACHEM.NS] non-critical missing fields: ['trailing_pe', 'return_on_equity']
2026-08-22 03:45:02,287 [INFO] src.cleaning: [TATACONSUM.NS] non-critical missing fields: ['return_on_equity']
2026-08-22 03:45:02,287 [INFO] src.cleaning: [TATAELXSI.NS] non-critical missing fields: ['return_on_equity']
2026-08-22 03:45:02,287 [INFO] src.cleaning: [TATAPOWER.NS] non-critical missing fields: ['return_on_equity']
2026-08-22 03:45:02,287 [INFO] src.cleaning: [TATASTEEL.NS] non-critical missing fields: ['return_on_equity']
2026-08-22 03:45:02,287 [INFO] src.cleaning: [TECHM.NS] non-critical missing fields: ['return_on_equity']
2026-08-22 03:45:02,287 [INFO] src.cleaning: [THERMAX.NS] non-critical missing fields: ['return_on_equity']
2026-08-22 03:45:02,287 [INFO] src.cleaning: [TIMKEN.NS] non-critical missing fields: ['return_on_equity']
2026-08-22 03:45:02,287 [INFO] src.cleaning: [TITAN.NS] non-critical missing fields: ['return_on_equity']
2026-08-22 03:45:02,287 [INFO] src.cleaning: [TMCV.NS] non-critical missing fields: ['return_on_equity']
2026-08-22 03:45:02,288 [INFO] src.cleaning: [TMPV.NS] non-critical missing fields: ['trailing_pe', 'return_on_equity']
2026-08-22 03:45:02,288 [INFO] src.cleaning: [TORNTPHARM.NS] non-critical missing fields: ['return_on_equity']
2026-08-22 03:45:02,288 [INFO] src.cleaning: [TORNTPOWER.NS] non-critical missing fields: ['return_on_equity']
2026-08-22 03:45:02,288 [INFO] src.cleaning: [TRENT.NS] non-critical missing fields: ['return_on_equity']
2026-08-22 03:45:02,288 [INFO] src.cleaning: [UCOBANK.NS] non-critical missing fields: ['ev_to_ebitda', 'debt_to_equity']
2026-08-22 03:45:02,288 [INFO] src.cleaning: [ULTRACEMCO.NS] non-critical missing fields: ['return_on_equity']
2026-08-22 03:45:02,288 [INFO] src.cleaning: [UNIONBANK.NS] non-critical missing fields: ['ev_to_ebitda', 'debt_to_equity', 'revenue_growth', 'total_debt']
2026-08-22 03:45:02,288 [INFO] src.cleaning: [UNITDSPR.NS] non-critical missing fields: ['return_on_equity']
2026-08-22 03:45:02,288 [INFO] src.cleaning: [UNOMINDA.NS] non-critical missing fields: ['return_on_equity']
2026-08-22 03:45:02,288 [INFO] src.cleaning: [UPL.NS] non-critical missing fields: ['return_on_equity']
2026-08-22 03:45:02,288 [INFO] src.cleaning: [VEDL.NS] non-critical missing fields: ['return_on_equity']
2026-08-22 03:45:02,288 [INFO] src.cleaning: [VOLTAS.NS] non-critical missing fields: ['return_on_equity']
2026-08-22 03:45:02,288 [INFO] src.cleaning: [WELCORP.NS] non-critical missing fields: ['return_on_equity']
2026-08-22 03:45:02,288 [INFO] src.cleaning: [WHIRLPOOL.NS] non-critical missing fields: ['return_on_equity']
2026-08-22 03:45:02,288 [INFO] src.cleaning: [ZEEL.NS] non-critical missing fields: ['return_on_equity']
2026-08-22 03:45:02,295 [INFO] src.cleaning: Cleaned 191/201 tickers -> data/processed/cleaned_universe.csv
2026-08-22 03:45:02,295 [INFO] src.cleaning: Full flag audit trail -> data/processed/cleaning_flags.csv
2026-08-22 03:45:02,296 [INFO] __main__: Cleaning validation passed: 191/201 tickers retained (95%)
2026-08-22 03:45:02,296 [INFO] __main__: === Stage 3/8: Scoring ===
2026-08-22 03:45:02,354 [INFO] src.scoring: Scored 191 companies -> data/processed/scored_universe.csv
2026-08-22 03:45:02,354 [INFO] src.scoring: Top 10 shortlist -> data/processed/shortlist_top_n.csv
2026-08-22 03:45:02,355 [WARNING] src.scoring: 24 companies scored on fewer than all 4 buckets (reweighted, not zero-filled) — see 'buckets_used' column: ['IOB.NS', 'UNIONBANK.NS', 'BANKINDIA.NS', 'CANBK.NS', 'ICICIGI.NS', 'PNB.NS', 'IDEA.NS', 'GICRE.NS', 'FEDERALBNK.NS', 'UCOBANK.NS', 'BANKBARODA.NS', 'AXISBANK.NS', 'KOTAKBANK.NS', 'SBIN.NS', 'ICICIBANK.NS', 'CENTRALBK.NS', 'SBILIFE.NS', 'HDFCBANK.NS', 'AUBANK.NS', 'BANDHANBNK.NS', 'GMRAIRPORT.NS', 'IDFCFIRSTB.NS', 'RBLBANK.NS', 'INDUSINDBK.NS']
2026-08-22 03:45:02,356 [INFO] __main__: Scoring validation passed: 191 companies ranked, all scores in valid range
2026-08-22 03:45:02,356 [INFO] __main__: === Stage 4/8: Comps + DuPont ===
2026-08-22 03:45:02,367 [INFO] src.comps_dupont: Comps + DuPont report for top 10 -> data/processed/comps_dupont_report.csv
2026-08-22 03:45:02,368 [WARNING] src.comps_dupont: 1 companies have a DuPont-implied ROE that diverges >5pp from reported ROE (possible data inconsistency, worth a manual check): ['IOB.NS']
2026-08-22 03:45:02,368 [INFO] __main__: === Stage 5/8: Explainability ===
2026-08-22 03:45:02,403 [INFO] src.explainability: Explanations for top 10 companies -> data/processed/explanations.csv
2026-08-22 03:45:02,403 [INFO] __main__: === Stage 6/8: Baseline Comparison ===
2026-08-22 03:45:02,410 [INFO] src.baseline_comparison: Baseline comparison -> data/processed/baseline_comparison.csv
2026-08-22 03:45:02,410 [INFO] __main__: === Stage 7/8: Acquisition Likelihood ===
2026-08-22 03:45:02,413 [INFO] src.acquisition_likelihood: 2 companies excluded from acquisition-likelihood scoring (negative/zero equity — financial distress, not a value-target thesis): ['IDEA.NS', 'GMRAIRPORT.NS']
2026-08-22 03:45:02,423 [INFO] src.acquisition_likelihood: Acquisition likelihood scoring -> data/processed/acquisition_likelihood.csv
2026-08-22 03:45:02,424 [INFO] __main__: === Stage 8/8: Historical Snapshot ===
2026-08-22 03:45:02,430 [INFO] src.history_tracker: Recorded shortlist snapshot for 2026-08-22 (10 companies) -> data/history/shortlist_history.csv (5 distinct days tracked so far)
2026-08-22 03:45:02,436 [INFO] src.history_tracker: Recorded acquisition-likelihood snapshot for 2026-08-22 (10 companies) -> data/history/acquisition_likelihood_history.csv (5 distinct days tracked so far)
2026-08-22 03:45:02,436 [INFO] __main__: === Pipeline completed successfully ===
2026-08-22 03:45:02,436 [INFO] __main__:   ingestion: {'total': 201, 'ok': 200}
2026-08-22 03:45:02,436 [INFO] __main__:   cleaning: {'retained': 191, 'input': 201}
2026-08-22 03:45:02,436 [INFO] __main__:   scoring: {'ranked': 191}
2026-08-22 03:45:02,436 [INFO] __main__:   comps_dupont: {'companies': 10}
2026-08-22 03:45:02,436 [INFO] __main__:   explainability: {'companies': 10}
2026-08-22 03:45:02,436 [INFO] __main__:   baseline_comparison: {'correlation': np.float64(0.475361497578393), 'overlap_pct': 0.1}
2026-08-22 03:45:02,436 [INFO] __main__:   acquisition_likelihood: {'companies': 10}
2026-08-22 03:45:02,436 [INFO] __main__:   history_tracker: {'recorded': True}
