2026-07-10 17:50:30,854 [INFO] __main__: Logging to file: logs/pipeline_run_2026-07-10T17-50-30Z.log
2026-07-10 17:50:30,854 [INFO] __main__: === Stage 1/8: Ingestion ===
2026-07-10 17:50:30,887 [INFO] src.ingestion: [ACC.NS] fetching fresh data
2026-07-10 17:50:32,422 [INFO] src.ingestion: [AMBUJACEM.NS] fetching fresh data
2026-07-10 17:50:34,324 [INFO] src.ingestion: [ULTRACEMCO.NS] fetching fresh data
2026-07-10 17:50:35,767 [INFO] src.ingestion: [SHREECEM.NS] fetching fresh data
2026-07-10 17:50:37,796 [INFO] src.ingestion: [JKCEMENT.NS] fetching fresh data
2026-07-10 17:50:41,118 [INFO] src.ingestion: [RAMCOCEM.NS] fetching fresh data
2026-07-10 17:50:42,257 [INFO] src.ingestion: [HEIDELBERG.NS] fetching fresh data
2026-07-10 17:50:43,708 [INFO] src.ingestion: [DALBHARAT.NS] fetching fresh data
2026-07-10 17:50:44,914 [INFO] src.ingestion: [INFY.NS] fetching fresh data
2026-07-10 17:50:46,824 [INFO] src.ingestion: [TCS.NS] fetching fresh data
2026-07-10 17:50:47,945 [INFO] src.ingestion: [WIPRO.NS] fetching fresh data
2026-07-10 17:50:50,246 [INFO] src.ingestion: [HCLTECH.NS] fetching fresh data
2026-07-10 17:50:51,426 [INFO] src.ingestion: [TECHM.NS] fetching fresh data
2026-07-10 17:50:52,456 [INFO] src.ingestion: [LTIM.NS] fetching fresh data
2026-07-10 17:50:52,565 [ERROR] yfinance: HTTP Error 404: {"quoteSummary":{"result":null,"error":{"code":"Not Found","description":"Quote not found for symbol: LTIM.NS"}}}
2026-07-10 17:50:52,634 [WARNING] src.ingestion: [LTIM.NS] attempt 1 failed: yfinance returned an empty info payload for LTIM.NS (no exception, but no usable data — likely a transient Yahoo-side issue or an invalid/delisted symbol)
2026-07-10 17:50:54,749 [ERROR] yfinance: HTTP Error 404: {"quoteSummary":{"result":null,"error":{"code":"Not Found","description":"Quote not found for symbol: LTIM.NS"}}}
2026-07-10 17:50:54,781 [WARNING] src.ingestion: [LTIM.NS] attempt 2 failed: yfinance returned an empty info payload for LTIM.NS (no exception, but no usable data — likely a transient Yahoo-side issue or an invalid/delisted symbol)
2026-07-10 17:50:58,954 [ERROR] yfinance: HTTP Error 404: {"quoteSummary":{"result":null,"error":{"code":"Not Found","description":"Quote not found for symbol: LTIM.NS"}}}
2026-07-10 17:50:58,992 [WARNING] src.ingestion: [LTIM.NS] attempt 3 failed: yfinance returned an empty info payload for LTIM.NS (no exception, but no usable data — likely a transient Yahoo-side issue or an invalid/delisted symbol)
2026-07-10 17:50:59,393 [INFO] src.ingestion: [PERSISTENT.NS] fetching fresh data
2026-07-10 17:51:00,860 [INFO] src.ingestion: [COFORGE.NS] fetching fresh data
2026-07-10 17:51:07,931 [INFO] src.ingestion: [MPHASIS.NS] fetching fresh data
2026-07-10 17:51:09,785 [INFO] src.ingestion: [LTTS.NS] fetching fresh data
2026-07-10 17:51:10,851 [INFO] src.ingestion: [TATAELXSI.NS] fetching fresh data
2026-07-10 17:51:12,899 [INFO] src.ingestion: [CYIENT.NS] fetching fresh data
2026-07-10 17:51:14,197 [INFO] src.ingestion: [KPITTECH.NS] fetching fresh data
2026-07-10 17:51:15,500 [INFO] src.ingestion: [HDFCBANK.NS] fetching fresh data
2026-07-10 17:51:16,704 [INFO] src.ingestion: [ICICIBANK.NS] fetching fresh data
2026-07-10 17:51:18,093 [INFO] src.ingestion: [SBIN.NS] fetching fresh data
2026-07-10 17:51:19,411 [INFO] src.ingestion: [AXISBANK.NS] fetching fresh data
2026-07-10 17:51:20,409 [INFO] src.ingestion: [KOTAKBANK.NS] fetching fresh data
2026-07-10 17:51:22,014 [INFO] src.ingestion: [INDUSINDBK.NS] fetching fresh data
2026-07-10 17:51:24,127 [INFO] src.ingestion: [FEDERALBNK.NS] fetching fresh data
2026-07-10 17:51:26,322 [INFO] src.ingestion: [BANDHANBNK.NS] fetching fresh data
2026-07-10 17:51:27,504 [INFO] src.ingestion: [IDFCFIRSTB.NS] fetching fresh data
2026-07-10 17:51:29,366 [INFO] src.ingestion: [PNB.NS] fetching fresh data
2026-07-10 17:51:30,358 [INFO] src.ingestion: [BANKBARODA.NS] fetching fresh data
2026-07-10 17:51:31,448 [INFO] src.ingestion: [CANBK.NS] fetching fresh data
2026-07-10 17:51:32,972 [INFO] src.ingestion: [UNIONBANK.NS] fetching fresh data
2026-07-10 17:51:34,200 [INFO] src.ingestion: [AUBANK.NS] fetching fresh data
2026-07-10 17:51:36,252 [INFO] src.ingestion: [RBLBANK.NS] fetching fresh data
2026-07-10 17:51:38,879 [INFO] src.ingestion: [BANKINDIA.NS] fetching fresh data
2026-07-10 17:51:40,111 [INFO] src.ingestion: [CENTRALBK.NS] fetching fresh data
2026-07-10 17:51:41,145 [INFO] src.ingestion: [IOB.NS] fetching fresh data
2026-07-10 17:51:42,666 [INFO] src.ingestion: [UCOBANK.NS] fetching fresh data
2026-07-10 17:51:44,022 [INFO] src.ingestion: [BAJFINANCE.NS] fetching fresh data
2026-07-10 17:51:46,270 [INFO] src.ingestion: [BAJAJFINSV.NS] fetching fresh data
2026-07-10 17:51:47,543 [INFO] src.ingestion: [CHOLAFIN.NS] fetching fresh data
2026-07-10 17:51:48,762 [INFO] src.ingestion: [MUTHOOTFIN.NS] fetching fresh data
2026-07-10 17:51:50,255 [INFO] src.ingestion: [LICHSGFIN.NS] fetching fresh data
2026-07-10 17:51:51,525 [INFO] src.ingestion: [SHRIRAMFIN.NS] fetching fresh data
2026-07-10 17:51:52,937 [INFO] src.ingestion: [PFC.NS] fetching fresh data
2026-07-10 17:51:54,112 [INFO] src.ingestion: [RECLTD.NS] fetching fresh data
2026-07-10 17:51:55,442 [INFO] src.ingestion: [IRFC.NS] fetching fresh data
2026-07-10 17:51:56,558 [INFO] src.ingestion: [HUDCO.NS] fetching fresh data
2026-07-10 17:51:57,616 [INFO] src.ingestion: [BAJAJHLDNG.NS] fetching fresh data
2026-07-10 17:51:59,899 [INFO] src.ingestion: [SBICARD.NS] fetching fresh data
2026-07-10 17:52:01,199 [INFO] src.ingestion: [MANAPPURAM.NS] fetching fresh data
2026-07-10 17:52:03,978 [INFO] src.ingestion: [POONAWALLA.NS] fetching fresh data
2026-07-10 17:52:06,046 [INFO] src.ingestion: [HDFCLIFE.NS] fetching fresh data
2026-07-10 17:52:08,219 [INFO] src.ingestion: [SBILIFE.NS] fetching fresh data
2026-07-10 17:52:09,638 [INFO] src.ingestion: [ICICIPRULI.NS] fetching fresh data
2026-07-10 17:52:12,680 [INFO] src.ingestion: [ICICIGI.NS] fetching fresh data
2026-07-10 17:52:14,232 [INFO] src.ingestion: [LICI.NS] fetching fresh data
2026-07-10 17:52:15,377 [INFO] src.ingestion: [GICRE.NS] fetching fresh data
2026-07-10 17:52:16,332 [INFO] src.ingestion: [MARUTI.NS] fetching fresh data
2026-07-10 17:52:17,854 [INFO] src.ingestion: [TMPV.NS] fetching fresh data
2026-07-10 17:52:19,121 [INFO] src.ingestion: [TMCV.NS] fetching fresh data
2026-07-10 17:52:20,862 [INFO] src.ingestion: [M&M.NS] fetching fresh data
2026-07-10 17:52:22,679 [INFO] src.ingestion: [EICHERMOT.NS] fetching fresh data
2026-07-10 17:52:23,767 [INFO] src.ingestion: [HEROMOTOCO.NS] fetching fresh data
2026-07-10 17:52:24,975 [INFO] src.ingestion: [BAJAJ-AUTO.NS] fetching fresh data
2026-07-10 17:52:26,106 [INFO] src.ingestion: [TVSMOTOR.NS] fetching fresh data
2026-07-10 17:52:28,851 [INFO] src.ingestion: [ASHOKLEY.NS] fetching fresh data
2026-07-10 17:52:30,296 [INFO] src.ingestion: [BHARATFORG.NS] fetching fresh data
2026-07-10 17:52:32,018 [INFO] src.ingestion: [MOTHERSON.NS] fetching fresh data
2026-07-10 17:52:33,643 [INFO] src.ingestion: [BOSCHLTD.NS] fetching fresh data
2026-07-10 17:52:34,658 [INFO] src.ingestion: [MRF.NS] fetching fresh data
2026-07-10 17:52:36,179 [INFO] src.ingestion: [ENDURANCE.NS] fetching fresh data
2026-07-10 17:52:37,544 [INFO] src.ingestion: [EXIDEIND.NS] fetching fresh data
2026-07-10 17:52:40,038 [INFO] src.ingestion: [ARE&M.NS] fetching fresh data
2026-07-10 17:52:41,151 [INFO] src.ingestion: [SUNDRMFAST.NS] fetching fresh data
2026-07-10 17:52:42,327 [INFO] src.ingestion: [UNOMINDA.NS] fetching fresh data
2026-07-10 17:52:44,259 [INFO] src.ingestion: [SUNPHARMA.NS] fetching fresh data
2026-07-10 17:52:47,774 [INFO] src.ingestion: [DRREDDY.NS] fetching fresh data
2026-07-10 17:52:49,407 [INFO] src.ingestion: [CIPLA.NS] fetching fresh data
2026-07-10 17:52:50,704 [INFO] src.ingestion: [DIVISLAB.NS] fetching fresh data
2026-07-10 17:52:52,128 [INFO] src.ingestion: [LUPIN.NS] fetching fresh data
2026-07-10 17:52:53,682 [INFO] src.ingestion: [AUROPHARMA.NS] fetching fresh data
2026-07-10 17:52:54,815 [INFO] src.ingestion: [BIOCON.NS] fetching fresh data
2026-07-10 17:52:56,683 [INFO] src.ingestion: [TORNTPHARM.NS] fetching fresh data
2026-07-10 17:52:57,852 [INFO] src.ingestion: [ALKEM.NS] fetching fresh data
2026-07-10 17:52:59,569 [INFO] src.ingestion: [ABBOTINDIA.NS] fetching fresh data
2026-07-10 17:53:00,770 [INFO] src.ingestion: [APOLLOHOSP.NS] fetching fresh data
2026-07-10 17:53:02,632 [INFO] src.ingestion: [FORTIS.NS] fetching fresh data
2026-07-10 17:53:04,438 [INFO] src.ingestion: [LALPATHLAB.NS] fetching fresh data
2026-07-10 17:53:06,229 [INFO] src.ingestion: [METROPOLIS.NS] fetching fresh data
2026-07-10 17:53:07,508 [INFO] src.ingestion: [GLAND.NS] fetching fresh data
2026-07-10 17:53:09,569 [INFO] src.ingestion: [LAURUSLABS.NS] fetching fresh data
2026-07-10 17:53:11,276 [INFO] src.ingestion: [GLENMARK.NS] fetching fresh data
2026-07-10 17:53:13,434 [INFO] src.ingestion: [IPCALAB.NS] fetching fresh data
2026-07-10 17:53:14,564 [INFO] src.ingestion: [HINDUNILVR.NS] fetching fresh data
2026-07-10 17:53:15,869 [INFO] src.ingestion: [ITC.NS] fetching fresh data
2026-07-10 17:53:17,498 [INFO] src.ingestion: [NESTLEIND.NS] fetching fresh data
2026-07-10 17:53:18,851 [INFO] src.ingestion: [BRITANNIA.NS] fetching fresh data
2026-07-10 17:53:20,239 [INFO] src.ingestion: [DABUR.NS] fetching fresh data
2026-07-10 17:53:22,268 [INFO] src.ingestion: [GODREJCP.NS] fetching fresh data
2026-07-10 17:53:23,498 [INFO] src.ingestion: [MARICO.NS] fetching fresh data
2026-07-10 17:53:24,652 [INFO] src.ingestion: [COLPAL.NS] fetching fresh data
2026-07-10 17:53:26,093 [INFO] src.ingestion: [TATACONSUM.NS] fetching fresh data
2026-07-10 17:53:27,383 [INFO] src.ingestion: [VBL.NS] fetching fresh data
2026-07-10 17:53:28,674 [INFO] src.ingestion: [UNITDSPR.NS] fetching fresh data
2026-07-10 17:53:29,808 [INFO] src.ingestion: [EMAMILTD.NS] fetching fresh data
2026-07-10 17:53:31,159 [INFO] src.ingestion: [TATASTEEL.NS] fetching fresh data
2026-07-10 17:53:32,299 [INFO] src.ingestion: [JSWSTEEL.NS] fetching fresh data
2026-07-10 17:53:33,477 [INFO] src.ingestion: [HINDALCO.NS] fetching fresh data
2026-07-10 17:53:34,645 [INFO] src.ingestion: [VEDL.NS] fetching fresh data
2026-07-10 17:53:36,392 [INFO] src.ingestion: [COALINDIA.NS] fetching fresh data
2026-07-10 17:53:39,351 [INFO] src.ingestion: [NMDC.NS] fetching fresh data
2026-07-10 17:53:40,579 [INFO] src.ingestion: [SAIL.NS] fetching fresh data
2026-07-10 17:53:42,145 [INFO] src.ingestion: [JINDALSTEL.NS] fetching fresh data
2026-07-10 17:53:43,276 [INFO] src.ingestion: [APLAPOLLO.NS] fetching fresh data
2026-07-10 17:53:44,662 [INFO] src.ingestion: [NATIONALUM.NS] fetching fresh data
2026-07-10 17:53:45,633 [INFO] src.ingestion: [HINDCOPPER.NS] fetching fresh data
2026-07-10 17:53:47,593 [INFO] src.ingestion: [RATNAMANI.NS] fetching fresh data
2026-07-10 17:53:49,031 [INFO] src.ingestion: [HINDZINC.NS] fetching fresh data
2026-07-10 17:53:49,954 [INFO] src.ingestion: [WELCORP.NS] fetching fresh data
2026-07-10 17:53:51,473 [INFO] src.ingestion: [JSL.NS] fetching fresh data
2026-07-10 17:53:52,874 [INFO] src.ingestion: [RELIANCE.NS] fetching fresh data
2026-07-10 17:53:54,101 [INFO] src.ingestion: [ONGC.NS] fetching fresh data
2026-07-10 17:53:55,355 [INFO] src.ingestion: [BPCL.NS] fetching fresh data
2026-07-10 17:53:56,585 [INFO] src.ingestion: [IOC.NS] fetching fresh data
2026-07-10 17:53:57,896 [INFO] src.ingestion: [GAIL.NS] fetching fresh data
2026-07-10 17:54:04,788 [INFO] src.ingestion: [NTPC.NS] fetching fresh data
2026-07-10 17:54:06,187 [INFO] src.ingestion: [POWERGRID.NS] fetching fresh data
2026-07-10 17:54:07,987 [INFO] src.ingestion: [TATAPOWER.NS] fetching fresh data
2026-07-10 17:54:10,373 [INFO] src.ingestion: [ADANIGREEN.NS] fetching fresh data
2026-07-10 17:54:11,917 [INFO] src.ingestion: [ADANIPOWER.NS] fetching fresh data
2026-07-10 17:54:12,965 [INFO] src.ingestion: [TORNTPOWER.NS] fetching fresh data
2026-07-10 17:54:14,133 [INFO] src.ingestion: [LT.NS] fetching fresh data
2026-07-10 17:54:15,167 [INFO] src.ingestion: [SIEMENS.NS] fetching fresh data
2026-07-10 17:54:16,593 [INFO] src.ingestion: [ABB.NS] fetching fresh data
2026-07-10 17:54:18,445 [INFO] src.ingestion: [HAL.NS] fetching fresh data
2026-07-10 17:54:19,960 [INFO] src.ingestion: [BEL.NS] fetching fresh data
2026-07-10 17:54:21,210 [INFO] src.ingestion: [BHEL.NS] fetching fresh data
2026-07-10 17:54:22,487 [INFO] src.ingestion: [CUMMINSIND.NS] fetching fresh data
2026-07-10 17:54:23,686 [INFO] src.ingestion: [THERMAX.NS] fetching fresh data
2026-07-10 17:54:25,132 [INFO] src.ingestion: [POLYCAB.NS] fetching fresh data
2026-07-10 17:54:26,854 [INFO] src.ingestion: [KEI.NS] fetching fresh data
2026-07-10 17:54:27,915 [INFO] src.ingestion: [HAVELLS.NS] fetching fresh data
2026-07-10 17:54:29,288 [INFO] src.ingestion: [CROMPTON.NS] fetching fresh data
2026-07-10 17:54:31,167 [INFO] src.ingestion: [SUPREMEIND.NS] fetching fresh data
2026-07-10 17:54:32,638 [INFO] src.ingestion: [ASTRAL.NS] fetching fresh data
2026-07-10 17:54:40,540 [INFO] src.ingestion: [GRINDWELL.NS] fetching fresh data
2026-07-10 17:54:41,619 [INFO] src.ingestion: [CARBORUNIV.NS] fetching fresh data
2026-07-10 17:54:43,402 [INFO] src.ingestion: [TIMKEN.NS] fetching fresh data
2026-07-10 17:54:44,750 [INFO] src.ingestion: [SKFINDIA.NS] fetching fresh data
2026-07-10 17:54:46,477 [INFO] src.ingestion: [SRF.NS] fetching fresh data
2026-07-10 17:54:47,958 [INFO] src.ingestion: [PIIND.NS] fetching fresh data
2026-07-10 17:54:49,943 [INFO] src.ingestion: [DEEPAKNTR.NS] fetching fresh data
2026-07-10 17:54:52,279 [INFO] src.ingestion: [AARTIIND.NS] fetching fresh data
2026-07-10 17:54:53,413 [INFO] src.ingestion: [NAVINFLUOR.NS] fetching fresh data
2026-07-10 17:54:54,911 [INFO] src.ingestion: [UPL.NS] fetching fresh data
2026-07-10 17:54:56,287 [INFO] src.ingestion: [COROMANDEL.NS] fetching fresh data
2026-07-10 17:54:58,584 [INFO] src.ingestion: [CHAMBLFERT.NS] fetching fresh data
2026-07-10 17:55:00,374 [INFO] src.ingestion: [GNFC.NS] fetching fresh data
2026-07-10 17:55:02,912 [INFO] src.ingestion: [PIDILITIND.NS] fetching fresh data
2026-07-10 17:55:04,070 [INFO] src.ingestion: [TATACHEM.NS] fetching fresh data
2026-07-10 17:55:05,545 [INFO] src.ingestion: [GHCL.NS] fetching fresh data
2026-07-10 17:55:06,849 [INFO] src.ingestion: [TITAN.NS] fetching fresh data
2026-07-10 17:55:08,851 [INFO] src.ingestion: [DMART.NS] fetching fresh data
2026-07-10 17:55:10,738 [INFO] src.ingestion: [TRENT.NS] fetching fresh data
2026-07-10 17:55:12,057 [INFO] src.ingestion: [BATAINDIA.NS] fetching fresh data
2026-07-10 17:55:13,555 [INFO] src.ingestion: [PAGEIND.NS] fetching fresh data
2026-07-10 17:55:14,638 [INFO] src.ingestion: [JUBLFOOD.NS] fetching fresh data
2026-07-10 17:55:16,912 [INFO] src.ingestion: [VOLTAS.NS] fetching fresh data
2026-07-10 17:55:18,098 [INFO] src.ingestion: [DIXON.NS] fetching fresh data
2026-07-10 17:55:19,381 [INFO] src.ingestion: [RELAXO.NS] fetching fresh data
2026-07-10 17:55:20,956 [INFO] src.ingestion: [KAJARIACER.NS] fetching fresh data
2026-07-10 17:55:22,398 [INFO] src.ingestion: [WHIRLPOOL.NS] fetching fresh data
2026-07-10 17:55:24,325 [INFO] src.ingestion: [BLUESTARCO.NS] fetching fresh data
2026-07-10 17:55:26,615 [INFO] src.ingestion: [PGHH.NS] fetching fresh data
2026-07-10 17:55:28,745 [INFO] src.ingestion: [GILLETTE.NS] fetching fresh data
2026-07-10 17:55:38,860 [INFO] src.ingestion: [BHARTIARTL.NS] fetching fresh data
2026-07-10 17:55:40,261 [INFO] src.ingestion: [IDEA.NS] fetching fresh data
2026-07-10 17:55:41,301 [INFO] src.ingestion: [INDUSTOWER.NS] fetching fresh data
2026-07-10 17:55:42,374 [INFO] src.ingestion: [PVRINOX.NS] fetching fresh data
2026-07-10 17:55:43,918 [INFO] src.ingestion: [ZEEL.NS] fetching fresh data
2026-07-10 17:55:46,246 [INFO] src.ingestion: [ADANIPORTS.NS] fetching fresh data
2026-07-10 17:55:48,197 [INFO] src.ingestion: [ADANIENT.NS] fetching fresh data
2026-07-10 17:55:49,279 [INFO] src.ingestion: [GMRAIRPORT.NS] fetching fresh data
2026-07-10 17:55:51,037 [INFO] src.ingestion: [CONCOR.NS] fetching fresh data
2026-07-10 17:55:53,223 [INFO] src.ingestion: [IRCTC.NS] fetching fresh data
2026-07-10 17:55:54,300 [INFO] src.ingestion: [INDIGO.NS] fetching fresh data
2026-07-10 17:55:55,543 [INFO] src.ingestion: [RVNL.NS] fetching fresh data
2026-07-10 17:55:56,713 [INFO] src.ingestion: [IRCON.NS] fetching fresh data
2026-07-10 17:55:58,195 [INFO] src.ingestion: [NBCC.NS] fetching fresh data
2026-07-10 17:55:59,523 [INFO] src.ingestion: [NCC.NS] fetching fresh data
2026-07-10 17:56:00,617 [INFO] src.ingestion: [MAZDOCK.NS] fetching fresh data
2026-07-10 17:56:02,294 [INFO] src.ingestion: [COCHINSHIP.NS] fetching fresh data
2026-07-10 17:56:03,543 [INFO] src.ingestion: [DLF.NS] fetching fresh data
2026-07-10 17:56:04,945 [INFO] src.ingestion: [GODREJPROP.NS] fetching fresh data
2026-07-10 17:56:06,149 [INFO] src.ingestion: [OBEROIRLTY.NS] fetching fresh data
2026-07-10 17:56:07,913 [INFO] src.ingestion: [PRESTIGE.NS] fetching fresh data
2026-07-10 17:56:09,598 [INFO] src.ingestion: [PHOENIXLTD.NS] fetching fresh data
2026-07-10 17:56:11,330 [INFO] src.ingestion: [SOBHA.NS] fetching fresh data
2026-07-10 17:56:12,788 [INFO] src.ingestion: Fetched 200/201 tickers successfully
2026-07-10 17:56:12,788 [WARNING] src.ingestion: Failed tickers (excluded from downstream, not silently zeroed): ['LTIM.NS']
2026-07-10 17:56:12,788 [INFO] __main__: Ingestion validation passed: 200/201 tickers (100%)
2026-07-10 17:56:12,788 [INFO] __main__: === Stage 2/8: Cleaning ===
2026-07-10 17:56:12,796 [WARNING] src.cleaning: [CROMPTON.NS] EXCLUDED: missing critical fields: ['trailing_pe']
2026-07-10 17:56:12,796 [WARNING] src.cleaning: [INDIGO.NS] EXCLUDED: missing critical fields: ['trailing_pe']
2026-07-10 17:56:12,796 [WARNING] src.cleaning: [LTIM.NS] EXCLUDED: ingestion failed: yfinance returned an empty info payload for LTIM.NS (no exception, but no usable data — likely a transient Yahoo-side issue or an invalid/delisted symbol)
2026-07-10 17:56:12,797 [WARNING] src.cleaning: [TATACHEM.NS] EXCLUDED: missing critical fields: ['trailing_pe']
2026-07-10 17:56:12,797 [WARNING] src.cleaning: [TMPV.NS] EXCLUDED: missing critical fields: ['trailing_pe']
2026-07-10 17:56:12,797 [INFO] src.cleaning: [ABB.NS] non-critical missing fields: ['return_on_equity']
2026-07-10 17:56:12,797 [INFO] src.cleaning: [AUBANK.NS] non-critical missing fields: ['ev_to_ebitda', 'return_on_equity', 'debt_to_equity']
2026-07-10 17:56:12,797 [INFO] src.cleaning: [AXISBANK.NS] non-critical missing fields: ['ev_to_ebitda', 'debt_to_equity']
2026-07-10 17:56:12,797 [WARNING] src.cleaning: [BAJAJHLDNG.NS] outlier values flagged: ['net_margin']
2026-07-10 17:56:12,798 [INFO] src.cleaning: [BAJFINANCE.NS] non-critical missing fields: ['ev_to_ebitda']
2026-07-10 17:56:12,798 [INFO] src.cleaning: [BANDHANBNK.NS] non-critical missing fields: ['ev_to_ebitda', 'debt_to_equity']
2026-07-10 17:56:12,798 [INFO] src.cleaning: [BANKBARODA.NS] non-critical missing fields: ['ev_to_ebitda', 'debt_to_equity']
2026-07-10 17:56:12,798 [INFO] src.cleaning: [BANKINDIA.NS] non-critical missing fields: ['ev_to_ebitda', 'debt_to_equity']
2026-07-10 17:56:12,798 [INFO] src.cleaning: [CANBK.NS] non-critical missing fields: ['ev_to_ebitda', 'debt_to_equity']
2026-07-10 17:56:12,798 [INFO] src.cleaning: [CENTRALBK.NS] non-critical missing fields: ['ev_to_ebitda', 'debt_to_equity']
2026-07-10 17:56:12,798 [INFO] src.cleaning: [CHOLAFIN.NS] non-critical missing fields: ['ev_to_ebitda']
2026-07-10 17:56:12,798 [INFO] src.cleaning: [FEDERALBNK.NS] non-critical missing fields: ['ev_to_ebitda', 'debt_to_equity']
2026-07-10 17:56:12,798 [INFO] src.cleaning: [GICRE.NS] non-critical missing fields: ['debt_to_equity']
2026-07-10 17:56:12,798 [WARNING] src.cleaning: [GMRAIRPORT.NS] outlier values flagged: ['trailing_pe']
2026-07-10 17:56:12,798 [WARNING] src.cleaning: [GMRAIRPORT.NS] negative/zero equity — DuPont ROE math will be invalid downstream
2026-07-10 17:56:12,798 [INFO] src.cleaning: [GMRAIRPORT.NS] non-critical missing fields: ['return_on_equity', 'debt_to_equity']
2026-07-10 17:56:12,798 [WARNING] src.cleaning: [HCLTECH.NS] outlier values flagged: ['ev_to_ebitda']
2026-07-10 17:56:12,798 [INFO] src.cleaning: [HDFCBANK.NS] non-critical missing fields: ['ev_to_ebitda', 'debt_to_equity']
2026-07-10 17:56:12,798 [INFO] src.cleaning: [HUDCO.NS] non-critical missing fields: ['ev_to_ebitda']
2026-07-10 17:56:12,798 [INFO] src.cleaning: [ICICIBANK.NS] non-critical missing fields: ['ev_to_ebitda', 'debt_to_equity']
2026-07-10 17:56:12,798 [WARNING] src.cleaning: [IDEA.NS] negative/zero equity — DuPont ROE math will be invalid downstream
2026-07-10 17:56:12,798 [INFO] src.cleaning: [IDEA.NS] non-critical missing fields: ['return_on_equity', 'debt_to_equity']
2026-07-10 17:56:12,798 [INFO] src.cleaning: [IDFCFIRSTB.NS] non-critical missing fields: ['ev_to_ebitda', 'return_on_equity', 'debt_to_equity', 'total_debt']
2026-07-10 17:56:12,798 [INFO] src.cleaning: [INDUSINDBK.NS] non-critical missing fields: ['ev_to_ebitda', 'debt_to_equity']
2026-07-10 17:56:12,798 [WARNING] src.cleaning: [INFY.NS] outlier values flagged: ['ev_to_ebitda']
2026-07-10 17:56:12,798 [INFO] src.cleaning: [IOB.NS] non-critical missing fields: ['ev_to_ebitda', 'debt_to_equity']
2026-07-10 17:56:12,798 [INFO] src.cleaning: [IRFC.NS] non-critical missing fields: ['ev_to_ebitda']
2026-07-10 17:56:12,798 [INFO] src.cleaning: [KOTAKBANK.NS] non-critical missing fields: ['ev_to_ebitda', 'debt_to_equity']
2026-07-10 17:56:12,798 [INFO] src.cleaning: [LICHSGFIN.NS] non-critical missing fields: ['ev_to_ebitda']
2026-07-10 17:56:12,798 [INFO] src.cleaning: [LICI.NS] non-critical missing fields: ['debt_to_equity']
2026-07-10 17:56:12,798 [INFO] src.cleaning: [MANAPPURAM.NS] non-critical missing fields: ['ev_to_ebitda']
2026-07-10 17:56:12,798 [INFO] src.cleaning: [MUTHOOTFIN.NS] non-critical missing fields: ['ev_to_ebitda']
2026-07-10 17:56:12,798 [INFO] src.cleaning: [PFC.NS] non-critical missing fields: ['ev_to_ebitda']
2026-07-10 17:56:12,798 [INFO] src.cleaning: [PNB.NS] non-critical missing fields: ['ev_to_ebitda', 'debt_to_equity']
2026-07-10 17:56:12,798 [INFO] src.cleaning: [POONAWALLA.NS] non-critical missing fields: ['ev_to_ebitda']
2026-07-10 17:56:12,798 [INFO] src.cleaning: [RBLBANK.NS] non-critical missing fields: ['ev_to_ebitda', 'return_on_equity', 'debt_to_equity']
2026-07-10 17:56:12,798 [INFO] src.cleaning: [RECLTD.NS] non-critical missing fields: ['ev_to_ebitda']
2026-07-10 17:56:12,799 [INFO] src.cleaning: [SBICARD.NS] non-critical missing fields: ['ev_to_ebitda']
2026-07-10 17:56:12,799 [INFO] src.cleaning: [SBILIFE.NS] non-critical missing fields: ['debt_to_equity']
2026-07-10 17:56:12,799 [INFO] src.cleaning: [SBIN.NS] non-critical missing fields: ['ev_to_ebitda', 'debt_to_equity']
2026-07-10 17:56:12,799 [INFO] src.cleaning: [SHREECEM.NS] non-critical missing fields: ['return_on_equity']
2026-07-10 17:56:12,799 [INFO] src.cleaning: [SHRIRAMFIN.NS] non-critical missing fields: ['ev_to_ebitda']
2026-07-10 17:56:12,799 [INFO] src.cleaning: [SIEMENS.NS] non-critical missing fields: ['return_on_equity']
2026-07-10 17:56:12,799 [INFO] src.cleaning: [TCS.NS] non-critical missing fields: ['ev_to_ebitda', 'return_on_equity', 'total_debt']
2026-07-10 17:56:12,799 [INFO] src.cleaning: [UCOBANK.NS] non-critical missing fields: ['ev_to_ebitda', 'debt_to_equity']
2026-07-10 17:56:12,799 [INFO] src.cleaning: [UNIONBANK.NS] non-critical missing fields: ['ev_to_ebitda', 'debt_to_equity', 'revenue_growth', 'total_debt']
2026-07-10 17:56:12,799 [INFO] src.cleaning: [VBL.NS] non-critical missing fields: ['return_on_equity']
2026-07-10 17:56:12,809 [INFO] src.cleaning: Cleaned 196/201 tickers -> data/processed/cleaned_universe.csv
2026-07-10 17:56:12,809 [INFO] src.cleaning: Full flag audit trail -> data/processed/cleaning_flags.csv
2026-07-10 17:56:12,809 [INFO] __main__: Cleaning validation passed: 196/201 tickers retained (98%)
2026-07-10 17:56:12,809 [INFO] __main__: === Stage 3/8: Scoring ===
2026-07-10 17:56:12,870 [INFO] src.scoring: Scored 196 companies -> data/processed/scored_universe.csv
2026-07-10 17:56:12,870 [INFO] src.scoring: Top 10 shortlist -> data/processed/shortlist_top_n.csv
2026-07-10 17:56:12,871 [WARNING] src.scoring: 24 companies scored on fewer than all 4 buckets (reweighted, not zero-filled) — see 'buckets_used' column: ['UNIONBANK.NS', 'LICI.NS', 'CANBK.NS', 'GICRE.NS', 'BANKINDIA.NS', 'IDEA.NS', 'PNB.NS', 'CENTRALBK.NS', 'IOB.NS', 'ICICIBANK.NS', 'BANKBARODA.NS', 'SBIN.NS', 'AXISBANK.NS', 'HDFCBANK.NS', 'FEDERALBNK.NS', 'GMRAIRPORT.NS', 'IDFCFIRSTB.NS', 'BANDHANBNK.NS', 'UCOBANK.NS', 'RBLBANK.NS', 'AUBANK.NS', 'KOTAKBANK.NS', 'INDUSINDBK.NS', 'SBILIFE.NS']
2026-07-10 17:56:12,872 [INFO] __main__: Scoring validation passed: 196 companies ranked, all scores in valid range
2026-07-10 17:56:12,873 [INFO] __main__: === Stage 4/8: Comps + DuPont ===
2026-07-10 17:56:12,885 [INFO] src.comps_dupont: Comps + DuPont report for top 10 -> data/processed/comps_dupont_report.csv
2026-07-10 17:56:12,886 [WARNING] src.comps_dupont: 1 companies have a DuPont-implied ROE that diverges >5pp from reported ROE (possible data inconsistency, worth a manual check): ['LICI.NS']
2026-07-10 17:56:12,886 [INFO] __main__: === Stage 5/8: Explainability ===
2026-07-10 17:56:12,923 [INFO] src.explainability: Explanations for top 10 companies -> data/processed/explanations.csv
2026-07-10 17:56:12,923 [INFO] __main__: === Stage 6/8: Baseline Comparison ===
2026-07-10 17:56:12,930 [INFO] src.baseline_comparison: Baseline comparison -> data/processed/baseline_comparison.csv
2026-07-10 17:56:12,930 [INFO] __main__: === Stage 7/8: Acquisition Likelihood ===
2026-07-10 17:56:12,934 [INFO] src.acquisition_likelihood: 2 companies excluded from acquisition-likelihood scoring (negative/zero equity — financial distress, not a value-target thesis): ['IDEA.NS', 'GMRAIRPORT.NS']
2026-07-10 17:56:12,945 [INFO] src.acquisition_likelihood: Acquisition likelihood scoring -> data/processed/acquisition_likelihood.csv
2026-07-10 17:56:12,945 [INFO] __main__: === Stage 8/8: Historical Snapshot ===
2026-07-10 17:56:12,951 [INFO] src.history_tracker: Recorded shortlist snapshot for 2026-07-10 (10 companies) -> data/history/shortlist_history.csv (1 distinct days tracked so far)
2026-07-10 17:56:12,955 [INFO] src.history_tracker: Recorded acquisition-likelihood snapshot for 2026-07-10 (10 companies) -> data/history/acquisition_likelihood_history.csv (1 distinct days tracked so far)
2026-07-10 17:56:12,955 [INFO] __main__: === Pipeline completed successfully ===
2026-07-10 17:56:12,955 [INFO] __main__:   ingestion: {'total': 201, 'ok': 200}
2026-07-10 17:56:12,955 [INFO] __main__:   cleaning: {'retained': 196, 'input': 201}
2026-07-10 17:56:12,955 [INFO] __main__:   scoring: {'ranked': 196}
2026-07-10 17:56:12,955 [INFO] __main__:   comps_dupont: {'companies': 10}
2026-07-10 17:56:12,955 [INFO] __main__:   explainability: {'companies': 10}
2026-07-10 17:56:12,955 [INFO] __main__:   baseline_comparison: {'correlation': np.float64(0.47234578329574706), 'overlap_pct': 0.1}
2026-07-10 17:56:12,955 [INFO] __main__:   acquisition_likelihood: {'companies': 10}
2026-07-10 17:56:12,955 [INFO] __main__:   history_tracker: {'recorded': True}
